[    0.000000] Booting Linux on physical CPU 0x0000000000 [0x411fd050]
[    0.000000] Linux version 6.6.119-09283-g9c138e0af8c3 (cros-kernel@chromium.org) (Chromium OS 21.0_pre574158 clang version 21.0.0git (/mnt/host/source/src/third_party/llvm-project/clang f24d0f84ba353653736f13b7123ef2053d99f3cf), LLD 21.0.0 (/mnt/host/source/src/third_party/llvm-project/llvm f24d0f84ba353653736f13b7123ef2053d99f3cf)) #1 SMP PREEMPT Sat, 30 May 2026 01:16:16 -0700
[    0.000000] KASLR enabled
[    0.000000] random: crng init done
[    0.000000] Machine model: linux,dummy-virt
[    0.000000] earlycon: uart8250 at MMIO 0x00000000000003f8 (options '')
[    0.000000] printk: bootconsole [uart8250] enabled
[    0.000000] Zone ranges:
[    0.000000]   DMA      [mem 0x0000000080000000-0x00000000ffffffff]
[    0.000000]   DMA32    empty
[    0.000000]   Normal   [mem 0x0000000100000000-0x00000001360fffff]
[    0.000000] Movable zone start for each node
[    0.000000] Early memory node ranges
[    0.000000]   node   0: [mem 0x0000000080000000-0x00000001360fffff]
[    0.000000] Initmem setup node 0 [mem 0x0000000080000000-0x00000001360fffff]
[    0.000000] On node 0, zone Normal: 7936 pages in unavailable ranges
[    0.000000] psci: probing for conduit method from DT.
[    0.000000] psci: PSCIv1.0 detected in firmware.
[    0.000000] psci: Using standard PSCI v0.2 function IDs
[    0.000000] psci: Trusted OS migration not required
[    0.000000] psci: SMC Calling Convention v1.1
[    0.000000] smccc: KVM: hypervisor services detected (0x00000000 0x0000000e 0x00000000 0x00000003)
[    0.000000] percpu: Embedded 27 pages/cpu s80296 r0 d30296 u110592
[    0.000000] pcpu-alloc: s80296 r0 d30296 u110592 alloc=27*4096
[    0.000000] pcpu-alloc: [0] 0 [0] 1 [0] 2 [0] 3 [0] 4 [0] 5 [0] 6 [0] 7 
[    0.000000] Detected VIPT I-cache on CPU0
[    0.000000] CPU features: detected: GIC system register CPU interface
[    0.000000] CPU features: kernel page table isolation forced ON by KASLR
[    0.000000] CPU features: detected: Kernel page table isolation (KPTI)
[    0.000000] CPU features: detected: Qualcomm erratum 1009, or ARM erratum 1286807, 2441009
[    0.000000] CPU features: detected: ARM errata 1165522, 1319367, or 1530923
[    0.000000] alternatives: applying boot alternatives
[    0.000000] Kernel command line: panic=-1 console=hvc0 earlycon=uart8250,mmio,0x3f8 printk.devkmsg=on root=/dev/vda ro
[    0.000000] Dentry cache hash table entries: 524288 (order: 10, 4194304 bytes, linear)
[    0.000000] Inode-cache hash table entries: 262144 (order: 9, 2097152 bytes, linear)
[    0.000000] Built 1 zonelists, mobility grouping on.  Total pages: 734076
[    0.000000] mem auto-init: stack:all(zero), heap alloc:off, heap free:off
[    0.000000] software IO TLB: area num 8.
[    0.000000] software IO TLB: mapped [mem 0x00000000fbfff000-0x00000000fffff000] (64MB)
[    0.000000] Memory: 2831288K/2982912K available (13056K kernel code, 2410K rwdata, 7964K rodata, 832K init, 878K bss, 151624K reserved, 0K cma-reserved)
[    0.000000] SLUB: HWalign=64, Order=0-3, MinObjects=0, CPUs=8, Nodes=1
[    0.000000] rcu: Preemptible hierarchical RCU implementation.
[    0.000000] rcu: 	RCU event tracing is enabled.
[    0.000000] 	Trampoline variant of Tasks RCU enabled.
[    0.000000] 	Tracing variant of Tasks RCU enabled.
[    0.000000] rcu: RCU calculated value of scheduler-enlistment delay is 100 jiffies.
[    0.000000] NR_IRQS: 64, nr_irqs: 64, preallocated irqs: 0
[    0.000000] GICv3: 32 SPIs implemented
[    0.000000] GICv3: 0 Extended SPIs implemented
[    0.000000] Root IRQ handler: gic_handle_irq
[    0.000000] GICv3: GICv3 features: 16 PPIs
[    0.000000] GICv3: CPU0: found redistributor 0 region 0:0x000000003fef0000
[    0.000000] rcu: srcu_init: Setting srcu_struct sizes based on contention.
[    0.000000] arch_timer: cp15 timer(s) running at 13.00MHz (virt).
[    0.000000] clocksource: arch_sys_counter: mask: 0xffffffffffffff max_cycles: 0x2ff89eacb, max_idle_ns: 440795202429 ns
[    0.000002] sched_clock: 56 bits at 13MHz, resolution 76ns, wraps every 4398046511101ns
[    0.007169] arm-pv: using stolen time PV
[    0.010902] Console: colour dummy device 80x25
[    0.014767] Calibrating delay loop (skipped), value calculated using timer frequency.. 26.00 BogoMIPS (lpj=13000)
[    0.023781] pid_max: default: 32768 minimum: 301
[    0.027870] LSM: initializing lsm=capability,landlock,yama,selinux,integrity
[    0.033879] landlock: Up and running.
[    0.037018] Yama: becoming mindful.
[    0.040104] SELinux:  Initializing.
[    0.043859] Mount-cache hash table entries: 8192 (order: 4, 65536 bytes, linear)
[    0.050451] Mountpoint-cache hash table entries: 8192 (order: 4, 65536 bytes, linear)
[    0.059711] cacheinfo: Unable to detect cache hierarchy for CPU 0
[    0.065822] RCU Tasks: Setting shift to 3 and lim to 1 rcu_task_cb_adjust=1 rcu_task_cpu_ids=8.
[    0.073422] RCU Tasks Trace: Setting shift to 3 and lim to 1 rcu_task_cb_adjust=1 rcu_task_cpu_ids=8.
[    0.081501] rcu: Hierarchical SRCU implementation.
[    0.085442] rcu: 	Max phase no-delay instances is 400.
[    0.090971] smp: Bringing up secondary CPUs ...
[    0.105179] Detected VIPT I-cache on CPU1
[    0.105250] GICv3: CPU1: found redistributor 1 region 0:0x000000003ff10000
[    0.105368] CPU1: Booted secondary processor 0x0000000001 [0x411fd050]
[    0.116469] Detected VIPT I-cache on CPU2
[    0.116554] GICv3: CPU2: found redistributor 2 region 0:0x000000003ff30000
[    0.116679] CPU2: Booted secondary processor 0x0000000002 [0x411fd050]
[    0.127572] Detected VIPT I-cache on CPU3
[    0.127666] GICv3: CPU3: found redistributor 3 region 0:0x000000003ff50000
[    0.127802] CPU3: Booted secondary processor 0x0000000003 [0x411fd050]
[    0.138821] Detected VIPT I-cache on CPU4
[    0.138907] GICv3: CPU4: found redistributor 4 region 0:0x000000003ff70000
[    0.139040] CPU4: Booted secondary processor 0x0000000004 [0x411fd050]
[    0.150140] Detected VIPT I-cache on CPU5
[    0.150243] GICv3: CPU5: found redistributor 5 region 0:0x000000003ff90000
[    0.150366] CPU5: Booted secondary processor 0x0000000005 [0x411fd050]
[    0.156819] CPU features: detected: Spectre-v4
[    0.156872] CPU features: detected: Spectre-BHB
[    0.156875] CPU features: detected: ARM erratum 1418040
[    0.156877] CPU features: detected: SSBS not fully self-synchronizing
[    0.156909] Detected PIPT I-cache on CPU6
[    0.156965] GICv3: CPU6: found redistributor 6 region 0:0x000000003ffb0000
[    0.157017] arch_timer: Enabling local workaround for ARM erratum 1418040
[    0.157041] CPU6: Booted secondary processor 0x0000000006 [0x413fd0b0]
[    0.163804] Detected PIPT I-cache on CPU7
[    0.163868] GICv3: CPU7: found redistributor 7 region 0:0x000000003ffd0000
[    0.163956] arch_timer: Enabling local workaround for ARM erratum 1418040
[    0.163980] CPU7: Booted secondary processor 0x0000000007 [0x413fd0b0]
[    0.164183] smp: Brought up 1 node, 8 CPUs
[    0.305801] SMP: Total of 8 processors activated.
[    0.309186] CPU features: detected: 32-bit EL0 Support
[    0.312904] CPU features: detected: Data cache clean to the PoU not required for I/D coherence
[    0.319155] CPU features: detected: Common not Private translations
[    0.323794] CPU features: detected: CRC32 instructions
[    0.328221] CPU features: detected: RCpc load-acquire (LDAPR)
[    0.332940] CPU features: detected: LSE atomic instructions
[    0.337502] CPU features: detected: Privileged Access Never
[    0.342215] CPU features: detected: RAS Extension Support
[    0.346823] CPU features: detected: Speculative Store Bypassing Safe (SSBS)
[    0.359858] CPU: All CPU(s) started at EL1
[    0.363354] alternatives: applying system-wide alternatives
[    0.378612] devtmpfs: initialized
[    0.381583] clocksource: jiffies: mask: 0xffffffff max_cycles: 0xffffffff, max_idle_ns: 1911260446275000 ns
[    0.386080] futex hash table entries: 2048 (order: 5, 131072 bytes, linear)
[    0.390633] NET: Registered PF_NETLINK/PF_ROUTE protocol family
[    0.395471] DMA: preallocated 512 KiB GFP_KERNEL pool for atomic allocations
[    0.400563] DMA: preallocated 512 KiB GFP_KERNEL|GFP_DMA pool for atomic allocations
[    0.406115] DMA: preallocated 512 KiB GFP_KERNEL|GFP_DMA32 pool for atomic allocations
[    0.411374] audit: initializing netlink subsys (disabled)
[    0.415269] audit: type=2000 audit(0.165:1): state=initialized audit_enabled=0 res=1
[    0.423746] cpuidle: using governor ladder
[    0.426448] cpuidle: using governor menu
[    0.429222] hw-breakpoint: found 6 breakpoint and 4 watchpoint registers.
[    0.434077] ASID allocator initialised with 32768 entries
[    0.437704] Serial: AMBA PL011 UART driver
[    0.441869] HugeTLB: registered 1.00 GiB page size, pre-allocated 0 pages
[    0.446275] HugeTLB: 0 KiB vmemmap can be freed for a 1.00 GiB page
[    0.450242] HugeTLB: registered 32.0 MiB page size, pre-allocated 0 pages
[    0.454596] HugeTLB: 0 KiB vmemmap can be freed for a 32.0 MiB page
[    0.457862] HugeTLB: registered 2.00 MiB page size, pre-allocated 0 pages
[    0.461795] HugeTLB: 0 KiB vmemmap can be freed for a 2.00 MiB page
[    0.465047] HugeTLB: registered 64.0 KiB page size, pre-allocated 0 pages
[    0.469003] HugeTLB: 0 KiB vmemmap can be freed for a 64.0 KiB page
[    0.473313] raid6: skipped pq benchmark and selected neonx8
[    0.476030] raid6: using neon recovery algorithm
[    0.478778] iommu: Default domain type: Translated
[    0.481278] iommu: DMA domain TLB invalidation policy: strict mode
[    0.484516] SCSI subsystem initialized
[    0.486831] libata version 3.00 loaded.
[    0.486887] usbcore: registered new interface driver usbfs
[    0.489854] usbcore: registered new interface driver hub
[    0.492667] usbcore: registered new device driver usb
[    0.495360] pps_core: LinuxPPS API ver. 1 registered
[    0.497972] pps_core: Software ver. 5.3.6 - Copyright 2005-2007 Rodolfo Giometti <giometti@linux.it>
[    0.502708] PTP clock support registered
[    0.504833] Advanced Linux Sound Architecture Driver Initialized.
[    0.510148] vgaarb: loaded
[    0.526683] clocksource: Switched to clocksource arch_sys_counter
[    0.530531] FS-Cache: Loaded
[    0.536425] NET: Registered PF_INET protocol family
[    0.539636] IP idents hash table entries: 65536 (order: 7, 524288 bytes, linear)
[    0.544792] tcp_listen_portaddr_hash hash table entries: 2048 (order: 3, 32768 bytes, linear)
[    0.549208] Table-perturb hash table entries: 65536 (order: 6, 262144 bytes, linear)
[    0.553231] TCP established hash table entries: 32768 (order: 6, 262144 bytes, linear)
[    0.557604] TCP bind hash table entries: 32768 (order: 8, 1048576 bytes, linear)
[    0.562891] TCP: Hash tables configured (established 32768 bind 32768)
[    0.566459] UDP hash table entries: 2048 (order: 4, 65536 bytes, linear)
[    0.570010] UDP-Lite hash table entries: 2048 (order: 4, 65536 bytes, linear)
[    0.573856] NET: Registered PF_UNIX/PF_LOCAL protocol family
[    0.577774] RPC: Registered named UNIX socket transport module.
[    0.580840] RPC: Registered udp transport module.
[    0.583261] RPC: Registered tcp transport module.
[    0.585701] RPC: Registered tcp-with-tls transport module.
[    0.588484] RPC: Registered tcp NFSv4.1 backchannel transport module.
[    0.591777] PCI: CLS 0 bytes, default 64
[    0.595669] workingset: timestamp_bits=46 max_order=20 bucket_order=0
[    0.600108] squashfs: version 4.0 (2009/01/31) Phillip Lougher
[    0.604725] fuse: init (API version 7.39)
[    0.608142] 9p: Installing v9fs 9p2000 file system support
[    0.618853] xor: measuring software checksum speed
[    0.622247]    8regs           : 13798 MB/sec
[    0.625351]    32regs          : 15902 MB/sec
[    0.628441]    arm64_neon      : 17624 MB/sec
[    0.631329] xor: using function: arm64_neon (17624 MB/sec)
[    0.635050] Block layer SCSI generic (bsg) driver version 0.4 loaded (major 246)
[    0.640951] io scheduler mq-deadline registered
[    0.644940] io scheduler kyber registered
[    0.648181] pci-host-generic 10000.pci: host bridge /pci ranges:
[    0.650169] pci-host-generic 10000.pci:      MEM 0x0002000000..0x0003ffffff -> 0x0002000000
[    0.654267] pci-host-generic 10000.pci:      MEM 0x0176100000..0xffffffffff -> 0x0176100000
[    0.658531] PCI: OF: PROBE_ONLY enabled
[    0.660521] pci-host-generic 10000.pci: ECAM at [mem 0x00010000-0x0100ffff] for [bus 00]
[    0.664752] pci-host-generic 10000.pci: PCI host bridge to bus 0000:00
[    0.668775] pci_bus 0000:00: root bus resource [bus 00]
[    0.672191] pci_bus 0000:00: root bus resource [mem 0x02000000-0x03ffffff]
[    0.676693] pci_bus 0000:00: root bus resource [mem 0x176100000-0xffffffffff pref]
[    0.681780] pci 0000:00:00.0: [8086:1237] type 00 class 0x060000
[    0.686111] pci 0000:00:01.0: [1af4:107f] type 00 class 0x038000
[    0.695991] pci 0000:00:01.0: reg 0x10: [mem 0x02000000-0x02007fff]
[    0.700710] pci 0000:00:01.0: reg 0x18: [mem 0x200000000-0x2ffffffff 64bit pref]
[    0.706244] pci 0000:00:02.0: [1af4:1043] type 00 class 0x078000
[    0.710674] pci 0000:00:02.0: reg 0x10: [mem 0x02008000-0x0200ffff]
[    0.716175] pci 0000:00:03.0: [1af4:1042] type 00 class 0x018000
[    0.720651] pci 0000:00:03.0: reg 0x10: [mem 0x02010000-0x02017fff]
[    0.723885] pci 0000:00:04.0: [1af4:1042] type 00 class 0x018000
[    0.726320] pci 0000:00:04.0: reg 0x10: [mem 0x02018000-0x0201ffff]
[    0.729508] pci 0000:00:05.0: [1af4:1042] type 00 class 0x018000
[    0.731988] pci 0000:00:05.0: reg 0x10: [mem 0x02020000-0x02027fff]
[    0.735074] pci 0000:00:06.0: [1af4:1044] type 00 class 0x088000
[    0.737590] pci 0000:00:06.0: reg 0x10: [mem 0x02028000-0x0202ffff]
[    0.740718] pci 0000:00:07.0: [1af4:1045] type 00 class 0x088000
[    0.743094] pci 0000:00:07.0: reg 0x10: [mem 0x02030000-0x02037fff]
[    0.746198] pci 0000:00:08.0: [1af4:1041] type 00 class 0x028000
[    0.748393] pci 0000:00:08.0: reg 0x10: [mem 0x02038000-0x0203ffff]
[    0.751082] pci 0000:00:09.0: [1af4:1059] type 00 class 0x040100
[    0.753431] pci 0000:00:09.0: reg 0x10: [mem 0x02040000-0x02047fff]
[    0.756645] pci 0000:00:0a.0: [1af4:1053] type 00 class 0x028000
[    0.759046] pci 0000:00:0a.0: reg 0x10: [mem 0x02048000-0x0204ffff]
[    0.762016] pci 0000:00:0b.0: [1af4:105a] type 00 class 0x018000
[    0.764365] pci 0000:00:0b.0: reg 0x10: [mem 0x02050000-0x02057fff]
[    0.767415] pci 0000:00:0c.0: [1b73:1400] type 00 class 0x0c0330
[    0.769743] pci 0000:00:0c.0: reg 0x10: [mem 0x02060000-0x0206ffff]
[    0.772818] pci 0000:00:0d.0: [1b36:0011] type 00 class 0xffff00
[    0.774756] pci 0000:00:0d.0: reg 0x10: [mem 0x02058000-0x0205800f]
[    0.777089] pci 0000:00:00.0: Limiting direct PCI/PCI transfers
[    0.779562] pci 0000:00:01.0: attach allowed to drvr virtio-pci [internal device]
[    0.782312] pci 0000:00:02.0: attach allowed to drvr virtio-pci [internal device]
[    0.785001] pci 0000:00:03.0: attach allowed to drvr virtio-pci [internal device]
[    0.787974] pci 0000:00:04.0: attach allowed to drvr virtio-pci [internal device]
[    0.790796] pci 0000:00:05.0: attach allowed to drvr virtio-pci [internal device]
[    0.793573] pci 0000:00:06.0: attach allowed to drvr virtio-pci [internal device]
[    0.796624] pci 0000:00:07.0: attach allowed to drvr virtio-pci [internal device]
[    0.799589] pci 0000:00:08.0: attach allowed to drvr virtio-pci [internal device]
[    0.802296] pci 0000:00:09.0: attach allowed to drvr virtio-pci [internal device]
[    0.805212] pci 0000:00:0a.0: attach allowed to drvr virtio-pci [internal device]
[    0.808110] pci 0000:00:0b.0: attach allowed to drvr virtio-pci [internal device]
[    0.883161] Serial: 8250/16550 driver, 4 ports, IRQ sharing disabled
[    0.889401] 3f8.U6_16550A: ttyS0 at MMIO 0x3f8 (irq = 24, base_baud = 115200) is a 16550A
[    0.895325] 2f8.U6_16550A: ttyS1 at MMIO 0x2f8 (irq = 25, base_baud = 115200) is a 16550A
[    0.901218] 3e8.U6_16550A: ttyS2 at MMIO 0x3e8 (irq = 24, base_baud = 115200) is a 16550A
[    0.907121] 2e8.U6_16550A: ttyS3 at MMIO 0x2e8 (irq = 25, base_baud = 115200) is a 16550A
[    0.943247] printk: console [hvc0] enabled
[    0.946271] printk: bootconsole [uart8250] disabled
[    1.006851] loop: module loaded
[    1.007900] virtio_blk virtio2: 8/0/0 default/read/poll queues
[    1.012048] virtio_blk virtio2: [vda] 973192 512-byte logical blocks (498 MB/475 MiB)
[    1.039899] virtio_blk virtio3: 8/0/0 default/read/poll queues
[    1.043258] virtio_blk virtio3: [vdb] 146816 512-byte logical blocks (75.2 MB/71.7 MiB)
[    1.116315] virtio_blk virtio4: 8/0/0 default/read/poll queues
[    1.120333] virtio_blk virtio4: [vdc] 20971520 512-byte logical blocks (10.7 GB/10.0 GiB)
[    1.154250] pci 0000:00:0d.0: attach allowed to drvr pvpanic-pci [internal device]
[    1.155291] tun: Universal TUN/TAP device driver, 1.6
[    1.156568] virtio_net virtio7: Assigned random MAC address ca:cb:f4:d2:8f:a7
[    1.191128] pci 0000:00:0c.0: attach allowed to drvr xhci_hcd [internal device]
[    1.191854] xhci_hcd 0000:00:0c.0: xHCI Host Controller
[    1.192155] xhci_hcd 0000:00:0c.0: new USB bus registered, assigned bus number 1
[    1.194614] xhci_hcd 0000:00:0c.0: hcc params 0x30003501 hci version 0x110 quirks 0x0000000000000050
[    1.196529] xhci_hcd 0000:00:0c.0: xHCI Host Controller
[    1.196853] xhci_hcd 0000:00:0c.0: new USB bus registered, assigned bus number 2
[    1.197033] xhci_hcd 0000:00:0c.0: Host supports USB 3.0 SuperSpeed
[    1.206308] hub 1-0:1.0: USB hub found
[    1.207520] hub 1-0:1.0: 8 ports detected
[    1.210266] usb usb2: We don't know the algorithms for LPM for this host, disabling LPM.
[    1.211093] hub 2-0:1.0: USB hub found
[    1.211811] hub 2-0:1.0: 8 ports detected
[    1.214353] usbcore: registered new interface driver cdc_acm
[    1.214717] cdc_acm: USB Abstract Control Model driver for USB modems and ISDN adapters
[    1.215470] usbcore: registered new interface driver usb-storage
[    1.215668] usbcore: registered new interface driver usbserial_generic
[    1.215833] usbserial: USB Serial support registered for generic
[    1.215953] usbcore: registered new interface driver ch341
[    1.216071] usbserial: USB Serial support registered for ch341-uart
[    1.216194] usbcore: registered new interface driver cp210x
[    1.216296] usbserial: USB Serial support registered for cp210x
[    1.216414] usbcore: registered new interface driver ftdi_sio
[    1.216529] usbserial: USB Serial support registered for FTDI USB Serial Device
[    1.216673] usbcore: registered new interface driver keyspan
[    1.216825] usbserial: USB Serial support registered for Keyspan - (without firmware)
[    1.216940] usbserial: USB Serial support registered for Keyspan 1 port adapter
[    1.217053] usbserial: USB Serial support registered for Keyspan 2 port adapter
[    1.217176] usbserial: USB Serial support registered for Keyspan 4 port adapter
[    1.217292] usbcore: registered new interface driver pl2303
[    1.217395] usbserial: USB Serial support registered for pl2303
[    1.217507] usbcore: registered new interface driver usb_serial_simple
[    1.217636] usbserial: USB Serial support registered for carelink
[    1.217761] usbserial: USB Serial support registered for flashloader
[    1.217871] usbserial: USB Serial support registered for funsoft
[    1.217979] usbserial: USB Serial support registered for google
[    1.218095] usbserial: USB Serial support registered for hp4x
[    1.218203] usbserial: USB Serial support registered for kaufmann
[    1.218311] usbserial: USB Serial support registered for libtransistor
[    1.218419] usbserial: USB Serial support registered for moto_modem
[    1.218529] usbserial: USB Serial support registered for motorola_tetra
[    1.218649] usbserial: USB Serial support registered for nokia
[    1.218773] usbserial: USB Serial support registered for novatel_gps
[    1.218878] usbserial: USB Serial support registered for owon
[    1.218990] usbserial: USB Serial support registered for siemens_mpi
[    1.219099] usbserial: USB Serial support registered for suunto
[    1.220105] usbserial: USB Serial support registered for vivopay
[    1.220232] usbserial: USB Serial support registered for zio
[    1.220841] rtc-pl030 2000.rtc: registered as rtc0
[    1.221028] rtc-pl030 2000.rtc: setting system clock to 2026-07-24T20:57:45 UTC (1784926665)
[    1.221237] IR JVC protocol handler initialized
[    1.221485] IR MCE Keyboard/mouse protocol handler initialized
[    1.221617] IR NEC protocol handler initialized
[    1.221733] IR RC5(x/sz) protocol handler initialized
[    1.221837] IR RC6 protocol handler initialized
[    1.221940] IR SANYO protocol handler initialized
[    1.222036] IR Sharp protocol handler initialized
[    1.222145] IR Sony protocol handler initialized
[    1.222241] IR XMP protocol handler initialized
[    1.223237] device-mapper: ioctl: 4.48.0-ioctl (2023-03-01) initialised: dm-devel@redhat.com
[    1.223776] device-mapper: verity-chromeos: dm-verity-chromeos registered
[    1.224063] hid: raw HID events driver (C) Jiri Kosina
[    1.224427] usbcore: registered new interface driver usbhid
[    1.224563] usbhid: USB HID core driver
[    1.226133] hw perfevents: enabled with armv8_pmuv3 PMU driver, 7 counters available
[    1.227096] usbcore: registered new interface driver snd-usb-audio
[    1.261138] GACT probability NOT on
[    1.311245] xt_time: kernel timezone is -0000
[    1.311461] IPVS: Registered protocols (TCP, UDP)
[    1.311564] IPVS: Connection hash table configured (size=4096, memory=32Kbytes)
[    1.311646] IPVS: Each connection entry needs 288 bytes at least
[    1.311748] IPVS: ipvs loaded.
[    1.311791] IPVS: [rr] scheduler registered.
[    1.311937] Initializing XFRM netlink socket
[    1.312022] NET: Registered PF_INET6 protocol family
[    1.335045] Segment Routing with IPv6
[    1.335309] In-situ OAM (IOAM) with IPv6
[    1.335661] NET: Registered PF_PACKET protocol family
[    1.335921] 8021q: 802.1Q VLAN Support v1.8
[    1.336057] 9pnet: Installing 9P2000 support
[    1.336557] NET: Registered PF_VSOCK protocol family
[    1.364062] Btrfs loaded, zoned=no, fsverity=no
[    1.365170] clk: Disabling unused clocks
[    1.365368] ALSA device list:
[    1.365470]   #0: VirtIO SoundCard at pci/0000:00:09.0/virtio8
[    1.375894] EXT4-fs (vda): mounted filesystem 0b5257fc-4598-47e5-89d8-d827221d4427 ro without journal. Quota mode: disabled.
[    1.376299] VFS: Mounted root (ext4 filesystem) readonly on device 254:0.
[    1.378708] devtmpfs: mounted
[    1.379127] Freeing unused kernel memory: 832K
[    1.379348] Run /sbin/init as init process
[    1.379426]   with arguments:
[    1.379428]     /sbin/init
[    1.379431]   with environment:
[    1.379434]     HOME=/
[    1.379436]     TERM=linux
[    1.994902] maitred: Starting system log collector
[    2.010812] maitred: system log collector started
[    2.010964] maitred: Starting vsock remote shell daemon
[    2.021336] maitred: vsock remote shell daemon started
[    2.035223] vshd: vshd started
[    2.037886] maitred: Successfully launched job: 00-chrony.textproto
[    2.046958] vm_syslog: Bound socket fd 8 at /dev/log
[    2.174024] EXT4-fs (vdb): mounted filesystem 9d77f766-7cc4-49aa-b610-5e0fc491d0df ro without journal. Quota mode: disabled.
[    2.175290] maitred: chronyd (105) exited with status 0
[    2.175432] maitred: <unknown process> (122) exited with status 0
[    2.176505] maitred: Job 10-mount-vm-tools.textproto exited with status 0
[    2.234423] maitred: Job 11-mount-external.textproto exited with status 0
[    2.240749] fuse: mount: init connection, mounts: 0:46 (virtiofs)
[    2.241794] maitred: Job 50-mount-fonts.textproto exited with status 0
[    2.248859] maitred: Server listening on port 8888
[    2.249076] maitred: Using startup listener port: 7777
[    2.270133] maitred: Received network configuration request
[    2.270551] maitred: Set IPv4 address for interface eth0 to 100.115.92.26
[    2.270799] maitred: Set IPv4 netmask for interface eth0 to 255.255.255.252
[    2.271135] maitred: Set interface eth0 up and running
[    2.271400] maitred: Set default IPv4 gateway for interface eth0 to 100.115.92.25
[    2.273277] maitred: Received request to update VM resolv.conf
[    2.275301] maitred: Setting timezone to America/Chicago
[    2.282717] maitred: Received request to mount 9P file system
[    2.286453] maitred: Mounted 9P file system on /mnt/shared
[    2.288796] maitred: Received request to get kernel version information.
[    2.290887] maitred: Received StartTermina request
[    2.345788] BTRFS: device fsid f31f0f6e-dd67-4a84-ac59-f0ec8fd99409 devid 1 transid 113 /dev/vdc scanned by grpcpp_sync_ser (135)
[    2.347515] BTRFS info (device vdc): first mount of filesystem f31f0f6e-dd67-4a84-ac59-f0ec8fd99409
[    2.347713] BTRFS info (device vdc): using crc32c (crc32c-generic) checksum algorithm
[    2.347831] BTRFS info (device vdc): turning on sync discard
[    2.347970] BTRFS info (device vdc): using free space tree
[    2.612707] fuse: lxcfs: init connection, mounts: 0:52 (fuse.lxcfs)
[    5.445622] lxd[197]: memfd_create() called without MFD_EXEC or MFD_NOEXEC_SEAL set
[    6.664152] lxdbr0: port 1(veth1f0cd1a9) entered blocking state
[    6.664305] lxdbr0: port 1(veth1f0cd1a9) entered disabled state
[    6.664536] veth1f0cd1a9: entered allmulticast mode
[    6.664795] veth1f0cd1a9: entered promiscuous mode
[    6.916345] physBVeIAk: renamed from veth834a3817
[    6.918471] eth0: renamed from physBVeIAk
[    6.919577] lxdbr0: port 1(veth1f0cd1a9) entered blocking state
[    6.938846] lxdbr0: port 1(veth1f0cd1a9) entered forwarding state
[    7.467409] new mount options do not match the existing superblock, will be ignored
[    7.992114] systemd-journald[61]: Received client request to flush runtime journal.
[    7.996421] systemd-journald[61]: File /var/log/journal/85c08f8d5ae04d39978afd7a47310fa4/system.journal corrupted or uncleanly shut down, renaming and replacing.
[    8.994216] systemd-journald[61]: File /var/log/journal/85c08f8d5ae04d39978afd7a47310fa4/user-1000.journal corrupted or uncleanly shut down, renaming and replacing.
[   13.466866] vshd: vshd started
[  629.547094] hrtimer: interrupt took 4870770 ns
[ 5354.050175] maitred: Received request to prepare to suspend.
[ 8004.658899] maitred: Recieved request to set time to 1784934668s, 628749us
[ 8004.661274] maitred: Successfully set time.
[ 8004.693227] maitred: Received request to update VM resolv.conf
[ 8004.754422] maitred: Received request to update VM resolv.conf
[ 8004.754796] maitred: Host sent empty nameservers list; using default
[ 8006.685762] systemd-journald[4202]: File /var/log/journal/85c08f8d5ae04d39978afd7a47310fa4/system.journal corrupted or uncleanly shut down, renaming and replacing.
[ 8007.539364] maitred: Received request to update VM resolv.conf
[ 8007.695871] maitred: Received OnHostNetworkChanged request
[11248.108045] vshd: Failed to read from stdio: Input/output error (5)
[11895.475495] maitred: Received request to prepare to suspend.
[14438.196235] rcu: INFO: rcu_preempt self-detected stall on CPU
[14438.208772] rcu: 	2-...!: (1 ticks this GP) idle=6e24/1/0x4000000000000002 softirq=66657/66657 fqs=0
[14438.225376] maitred: Recieved request to set time to 1784949898s, 270837us
[14438.229678] rcu: 	(t=11338798 jiffies g=339937 q=215 ncpus=8)
[14438.229694] rcu: rcu_preempt kthread timer wakeup didn't happen for 11338795 jiffies! g339937 f0x0 RCU_GP_WAIT_FQS(5) ->state=0x402
[14438.253547] rcu: 	Possible timer handling issue on cpu=2 timer-softirq=23805
[14438.253755] maitred: Successfully set time.
[14438.257643] rcu: rcu_preempt kthread starved for 11338826 jiffies! g339937 f0x0 RCU_GP_WAIT_FQS(5) ->state=0x402 ->cpu=2
[14438.258514] rcu: 	Unless rcu_preempt kthread gets sufficient CPU time, OOM is now expected behavior.
[14438.258833] rcu: RCU grace-period kthread stack dump:
[14438.259749] task:rcu_preempt     state:I stack:0     pid:16    ppid:2      flags:0x00000008
[14438.259988] Call trace:
[14438.262940] maitred: Received request to update VM resolv.conf
[14438.260716]  __switch_to+0xfc/0x1f4
[14438.316924]  schedule+0x4e4/0xdbc
[14438.317380]  schedule_timeout+0x218/0x744
[14438.317457]  rcu_gp_fqs_loop+0x1f8/0x89c
[14438.341463]  rcu_gp_kthread+0x124/0x234
[14438.357015] maitred: Received request to update VM resolv.conf
[14438.342699]  kthread+0xf8/0x188
[14438.363691] maitred: Host sent empty nameservers list; using default
[14438.366973]  ret_from_fork+0x10/0x20
[14438.370961] rcu: Stack dump where RCU GP kthread last ran:
[14438.373567] CPU: 2 PID: 0 Comm: swapper/2 Not tainted 6.6.119-09283-g9c138e0af8c3 #1
[14438.392465] Hardware name: linux,dummy-virt (DT)
[14438.401848] pstate: 80400005 (Nzcv daif +PAN -UAO -TCO -DIT -SSBS BTYPE=--)
[14438.402721] pc : arch_local_irq_enable+0x4/0x8
[14438.408714] lr : default_idle_call+0x50/0x60
[14438.429489] sp : ffffffc0800ebe00
[14438.432048] x29: ffffffc0800ebe00 x28: ffffffd4a738a000 x27: ffffffd4a7370ef8
[14438.444358] x26: ffffffd4a738a000 x25: 0000000000000004 x24: 0000000000000001
[14438.453532] x23: 0000000000000000 x22: ffffff8080241d00 x21: 0000000000000000
[14438.477633] x20: 0000000000000000 x19: ffffffd4a7360008 x18: 0000000000000001
[14438.478767] x17: 0000000000000004 x16: 0000000000000001 x15: 0000000000000010
[14438.479750] x14: 0000000000000010 x13: 00000000002ee486 x12: 0000000000000018
[14438.481813] x11: 000000004cec4ec5 x10: ffffffd4a738a4a8 x9 : ffffffd4a7373100
[14438.570581] x8 : 0000000000000000 x7 : ffffffd4a6d4497f x6 : 0000000000000007
[14438.571923] x5 : 00000000000000ff x4 : 0000000000000014 x3 : 0000000000776e24
[14438.576541] x2 : 0000000000000001 x1 : 0000000000000002 x0 : 00000000ffffffff
[14438.579345] Call trace:
[14438.580307]  arch_local_irq_enable+0x4/0x8
[14438.580672]  cpu_startup_entry+0x188/0x204
[14438.580880]  secondary_start_kernel+0x11c/0x140
[14438.582756]  __secondary_switched+0xb8/0xbc
[14438.613375] CPU: 2 PID: 0 Comm: swapper/2 Not tainted 6.6.119-09283-g9c138e0af8c3 #1
[14438.621175] Hardware name: linux,dummy-virt (DT)
[14438.626847] pstate: 80400005 (Nzcv daif +PAN -UAO -TCO -DIT -SSBS BTYPE=--)
[14438.641440] pc : arch_local_irq_enable+0x4/0x8
[14438.641676] lr : default_idle_call+0x50/0x60
[14438.641974] sp : ffffffc0800ebe00
[14438.642113] x29: ffffffc0800ebe00 x28: ffffffd4a738a000 x27: ffffffd4a7370ef8
[14438.642518] x26: ffffffd4a738a000 x25: 0000000000000004 x24: 0000000000000001
[14438.653379] x23: 0000000000000000 x22: ffffff8080241d00 x21: 0000000000000000
[14438.670213] x20: 0000000000000000 x19: ffffffd4a7360008 x18: 0000000000000001
[14438.670964] x17: 0000000000000004 x16: 0000000000000001 x15: 0000000000000010
[14438.671181] x14: 0000000000000010 x13: 00000000002ee486 x12: 0000000000000018
[14438.672097] x11: 000000004cec4ec5 x10: ffffffd4a738a4a8 x9 : ffffffd4a7373100
[14438.674262] x8 : 0000000000000000 x7 : ffffffd4a6d4497f x6 : 0000000000000007
[14438.676057] x5 : 00000000000000ff x4 : 0000000000000014 x3 : 0000000000776e24
[14438.676404] x2 : 0000000000000001 x1 : 0000000000000002 x0 : 00000000ffffffff
[14438.676670] Call trace:
[14438.676756]  arch_local_irq_enable+0x4/0x8
[14438.676853]  cpu_startup_entry+0x188/0x204
[14438.676939]  secondary_start_kernel+0x11c/0x140
[14438.678373]  __secondary_switched+0xb8/0xbc
[14440.413564] systemd-journald[8005]: File /var/log/journal/85c08f8d5ae04d39978afd7a47310fa4/system.journal corrupted or uncleanly shut down, renaming and replacing.
[14440.898920] maitred: Received request to update VM resolv.conf
[14441.126700] maitred: Received OnHostNetworkChanged request
[14471.675547] maitred: Received request to update VM resolv.conf
[14471.680501] maitred: Host sent empty nameservers list; using default
[14476.559292] maitred: Received OnHostNetworkChanged request
[14476.595254] maitred: Received request to update VM resolv.conf
[16529.707256] maitred: Received request to prepare to suspend.
[16951.092775] maitred: Recieved request to set time to 1784952411s, 125929us
[16951.106953] maitred: Successfully set time.
[16951.116591] maitred: Received request to update VM resolv.conf
[16951.228213] maitred: Received request to update VM resolv.conf
[16951.230570] maitred: Host sent empty nameservers list; using default
[16952.094044] systemd-journald[8130]: File /var/log/journal/85c08f8d5ae04d39978afd7a47310fa4/system.journal corrupted or uncleanly shut down, renaming and replacing.
[16953.860026] maitred: Received request to update VM resolv.conf
[16954.023781] maitred: Received OnHostNetworkChanged request
[23886.937374] maitred: Received request to prepare to suspend.
[27589.527592] rcu: INFO: rcu_preempt self-detected stall on CPU
[27589.527959]   rq: tag=85 hctx=7 op=WRITE sector=325696 len=16384 bios=1 age=3702531 ms pid=8852 comm=systemd-journal state=D
[27589.535293] rcu: 	1-...!: (1 GPs behind) idle=f914/1/0x4000000000000002 softirq=76135/76136 fqs=0
[27589.535320] rcu: 	(t=3702536 jiffies g=361457 q=67 ncpus=8)
[27589.535324] rcu: rcu_preempt kthread starved for 3702536 jiffies! g361457 f0x0 RCU_GP_WAIT_FQS(5) ->state=0x0 ->cpu=4
[27589.535329] rcu: 	Unless rcu_preempt kthread gets sufficient CPU time, OOM is now expected behavior.
[27589.535370] rcu: RCU grace-period kthread stack dump:
[27589.535373] task:rcu_preempt     state:R  running task     stack:0     pid:16    ppid:2      flags:0x00000008
[27589.535426] Call trace:
[27589.540235] maitred: Recieved request to set time to 1784963049s, 602314us
[27589.540605] maitred: Successfully set time.
[27589.551792] maitred: Received request to update VM resolv.conf
[27589.535504]  __switch_to+0xfc/0x1f4
[27589.591732] blk: queue stall on vdc: 1 inflight, 1 stalled (threshold 30000 ms)
[27589.628627]  schedule+0x4e4/0xdbc
[27589.628678]  schedule_timeout+0x218/0x744
[27589.628762]  rcu_gp_fqs_loop+0x1f8/0x89c
[27589.635196]  rcu_gp_kthread+0x124/0x234
[27589.635240]  kthread+0xf8/0x188
[27589.649094]  ret_from_fork+0x10/0x20
[27589.657145] rcu: Stack dump where RCU GP kthread last ran:
[27589.663775] Sending NMI from CPU 1 to CPUs 4:
[27589.663969] NMI backtrace for cpu 4
[27589.666354] CPU: 4 PID: 135 Comm: grpcpp_sync_ser Not tainted 6.6.119-09283-g9c138e0af8c3 #1
[27589.680215] Hardware name: linux,dummy-virt (DT)
[27589.691814] pstate: a0001000 (NzCv daif -PAN -UAO -TCO -DIT +SSBS BTYPE=--)
[27589.692432] pc : 0000007fb8732b40
[27589.692669] lr : 0000007fb8731e08
[27589.695440] sp : 0000007f8efdc8e0
[27589.696128] x29: 0000007f8efdc920 x28: 0000007f7400691a x27: 0000007fb88f5f40
[27589.697034] x26: 0000007f74006905 x25: 0000007f740068de x24: 0000007f6c002a50
[27589.697184] x23: 0000007f74003b68 x22: 0000007f740032b8 x21: 0000000000000007
[27589.698950] x20: 0000007f8efdcaa0 x19: 0000007f8efdc958 x18: 0000007f6c0008e0
[27589.699349] x17: 0000007fb8a59830 x16: 000000000000003d x15: 0000000000000000
[27589.700964] x14: 000000000000ff00 x13: 0000000000400000 x12: 0000000000000000
[27589.701364] x11: 0000000000000007 x10: 0000000000000000 x9 : 0000007f6c003170
[27589.702075] x8 : 0000000000000007 x7 : 0000000000000218 x6 : 000000000000003d
[27589.702281] x5 : 0000000000000000 x4 : 0000000000000000 x3 : 0000007fb8732a48
[27589.703034] x2 : 0000007f8efdc9b8 x1 : 0000000000000007 x0 : 0000007f8efdc9b8
[27589.704014] CPU: 1 PID: 0 Comm: swapper/1 Not tainted 6.6.119-09283-g9c138e0af8c3 #1
[27589.704218] maitred: Received request to update VM resolv.conf
[27589.705070] Hardware name: linux,dummy-virt (DT)
[27589.705078] pstate: 80400005 (Nzcv daif +PAN -UAO -TCO -DIT -SSBS BTYPE=--)
[27589.705623] maitred: Host sent empty nameservers list; using default
[27589.705085] pc : arch_local_irq_enable+0x4/0x8
[27589.733767] lr : default_idle_call+0x50/0x60
[27589.735973] sp : ffffffc0800e3e00
[27589.737583] x29: ffffffc0800e3e00 x28: ffffffd4a738a000 x27: ffffffd4a7370ef8
[27589.738253] x26: ffffffd4a738a000 x25: 0000000000000002 x24: 0000000000000001
[27589.739735] x23: 0000000000000000 x22: ffffff8080240e80 x21: 0000000000000000
[27589.740677] x20: 0000000000000000 x19: ffffffd4a7360008 x18: 0000000000000001
[27589.740939] x17: 0000000000000004 x16: 0000000000000001 x15: ffffffd4a73721c0
[27589.741198] x14: ffffffd4a738ac20 x13: 00000000003a4782 x12: 00000000003ef100
[27589.741333] x11: 00000000003ef100 x10: ffffffd4a7386000 x9 : ffffffd4a7373100
[27589.741583] x8 : 0000000000000000 x7 : 0000000000000000 x6 : 0000000000000000
[27589.741764] x5 : 0000000000000000 x4 : 0000000000000014 x3 : 00000000008af914
[27589.741914] x2 : 0000000000000001 x1 : 0000000000000001 x0 : 00000000ffffffff
[27589.742431] Call trace:
[27589.742472]  arch_local_irq_enable+0x4/0x8
[27589.742693]  cpu_startup_entry+0x188/0x204
[27589.742742]  secondary_start_kernel+0x11c/0x140
[27589.743090]  __secondary_switched+0xb8/0xbc
[27591.000948] systemd-journald[8502]: File /var/log/journal/85c08f8d5ae04d39978afd7a47310fa4/system.journal corrupted or uncleanly shut down, renaming and replacing.
[27596.959731] maitred: Received OnHostNetworkChanged request
[27597.103985] maitred: Received request to update VM resolv.conf
[27606.631826] maitred: Received request to update VM resolv.conf
[27606.632058] maitred: Host sent empty nameservers list; using default
[27632.092058] maitred: Received OnHostNetworkChanged request
[27632.134946] maitred: Received request to update VM resolv.conf
[31526.694539] maitred: Received request to prepare to suspend.
[32135.180612]   rq: tag=76 hctx=7 op=WRITE sector=6698168 len=4096 bios=1 age=608378 ms pid=9389 comm=systemd-journal state=D
[32135.280505] maitred: Recieved request to set time to 1784967597s, 366848us
[32135.293639] blk: queue stall on vdc: 1 inflight, 1 stalled (threshold 30000 ms)
[32135.307957] maitred: Successfully set time.
[32135.324490] maitred: Received request to update VM resolv.conf
[32135.342903] maitred: Received request to update VM resolv.conf
[32135.345579] maitred: Host sent empty nameservers list; using default
[32136.423089] systemd-journald[8713]: File /var/log/journal/85c08f8d5ae04d39978afd7a47310fa4/system.journal corrupted or uncleanly shut down, renaming and replacing.
[32138.472479] maitred: Received OnHostNetworkChanged request
[32138.617871] maitred: Received request to update VM resolv.conf
[32150.265308] maitred: Received request to update VM resolv.conf
[32150.276514] maitred: Host sent empty nameservers list; using default
[32168.106780] maitred: Received OnHostNetworkChanged request
[32168.166606] maitred: Received request to update VM resolv.conf
[35023.156223] maitred: Received request to prepare to suspend.
[35385.208608] maitred: Recieved request to set time to 1784970847s, 307951us
[35385.212783] maitred: Successfully set time.
[35385.222858] maitred: Received request to update VM resolv.conf
[35385.298980] maitred: Received request to update VM resolv.conf
[35385.299661] maitred: Host sent empty nameservers list; using default
[35385.617691] systemd-journald[8840]: File /var/log/journal/85c08f8d5ae04d39978afd7a47310fa4/system.journal corrupted or uncleanly shut down, renaming and replacing.
[35387.854459] maitred: Received request to update VM resolv.conf
[35388.054258] maitred: Received OnHostNetworkChanged request
[38029.796041] maitred: Received request to prepare to suspend.
[38625.678117] maitred: Recieved request to set time to 1784974087s, 847729us
[38625.693212] maitred: Successfully set time.
[38625.701942] maitred: Received request to update VM resolv.conf
[38625.704063] maitred: Host sent empty nameservers list; using default
[38626.511147] systemd-journald[8948]: File /var/log/journal/85c08f8d5ae04d39978afd7a47310fa4/system.journal corrupted or uncleanly shut down, renaming and replacing.
[38628.188919] maitred: Received request to update VM resolv.conf
[38628.295753] maitred: Received OnHostNetworkChanged request
[40415.683646] maitred: Received request to prepare to suspend.
[41249.053025] rcu: INFO: rcu_preempt self-detected stall on CPU
[41249.053255]   rq: tag=76 hctx=7 op=WRITE sector=394528 len=0 bios=0 age=833350 ms pid=10112 comm=systemd-journal state=D
[41249.058655] rcu: 	7-...!: (1 ticks this GP) idle=c2e4/1/0x4000000000000002 softirq=142584/142584 fqs=1
[41249.058682] rcu: 	(t=833354 jiffies g=386965 q=9 ncpus=8)
[41249.058686] Sending NMI from CPU 7 to CPUs 6:
[41249.058777] NMI backtrace for cpu 6
[41249.058842] CPU: 6 PID: 129 Comm: kworker/6:1H Not tainted 6.6.119-09283-g9c138e0af8c3 #1
[41249.058847] Hardware name: linux,dummy-virt (DT)
[41249.058868] Workqueue: kblockd blk_stall_watchdog
[41249.107760] pstate: 80400005 (Nzcv daif +PAN -UAO -TCO -DIT -SSBS BTYPE=--)
[41249.107782] pc : __do_softirq+0x7c/0x318
[41249.108851] lr : ____do_softirq+0x10/0x1c
[41249.108896] sp : ffffffc080033f80
[41249.108897] x29: ffffffc080033f90 x28: ffffff808093e580 x27: 0000000000000200
[41249.108902] x26: ffffffd4a7386000 x25: 0000000000000000 x24: 00000000ffffffff
[41249.108905] x23: 0000000020400005 x22: ffffff808093e580 x21: ffffffc08077baa0
[41249.108908] x20: ffffffc08077b950 x19: ffffff808093e580 x18: ffffffd4a6adc870
[41249.108911] x17: ffffffac0e79b000 x16: ffffffc080030000 x15: 0000000000000010
[41249.108914] x14: 0000000000000010 x13: 00000000004733be x12: 000000000000000a
[41249.108917] x11: ffffffd4a73850c0 x10: ffffffd4a7371b00 x9 : 00000000000000c0
[41249.108920] x8 : ffffffac0e79b000 x7 : 7463682036373d67 x6 : 6174203a71722020
[41249.108922] x5 : ffffffd4a75edf4c x4 : 30313d6469702073 x3 : ffffff80b5aff638
[41249.108925] x2 : 0000000000000000 x1 : ffffffd4a5e4eb1c x0 : 0000000000000000
[41249.108928] Call trace:
[41249.108946]  __do_softirq+0x7c/0x318
[41249.108949]  ____do_softirq+0x10/0x1c
[41249.108952]  call_on_irq_stack+0x30/0x64
[41249.108967]  do_softirq_own_stack+0x1c/0x28
[41249.108982]  irq_exit_rcu+0x94/0xb4
[41249.108986]  el1_interrupt+0x38/0x54
[41249.129759]  el1h_64_irq_handler+0x18/0x24
[41249.129763]  el1h_64_irq+0x64/0x68
[41249.129766]  vprintk_emit+0x148/0x218
[41249.133851]  vprintk_default+0x44/0x6c
[41249.133854]  vprintk+0xd8/0x118
[41249.141813]  _printk+0x54/0x7c
[41249.141843]  blk_stall_check_rq+0x16c/0x174
[41249.141862]  bt_for_each+0x148/0x1bc
[41249.141865]  blk_mq_queue_tag_busy_iter+0x108/0x208
[41249.141868]  blk_stall_watchdog+0xd0/0x1c4
[41249.141870]  worker_thread+0x2b0/0x8e4
[41249.141875]  kthread+0xf8/0x188
[41249.149964]  ret_from_fork+0x10/0x20
[41249.150227] CPU: 7 PID: 0 Comm: swapper/7 Not tainted 6.6.119-09283-g9c138e0af8c3 #1
[41249.150233] Hardware name: linux,dummy-virt (DT)
[41249.150235] pstate: 80400005 (Nzcv daif +PAN -UAO -TCO -DIT -SSBS BTYPE=--)
[41249.150239] pc : arch_local_irq_enable+0x4/0x8
[41249.150246] lr : default_idle_call+0x50/0x60
[41249.150278] sp : ffffffc080223e00
[41249.150280] x29: ffffffc080223e00 x28: ffffffd4a738a000 x27: ffffffd4a7370ef8
[41249.150284] x26: ffffffd4a738a000 x25: 0000000000000080 x24: 0000000000000001
[41249.150288] x23: 0000000000000000 x22: ffffff8080246580 x21: 0000000000000000
[41249.150290] x20: 0000000000000000 x19: ffffffd4a7360008 x18: 0000000000000001
[41249.150293] x17: 0000000000000004 x16: 0000000000000001 x15: ffffffd4a73721c0
[41249.150296] x14: ffffffd4a738ac20 x13: 00000000004733b0 x12: 00000000004c81b4
[41249.150299] x11: 00000000004c81b4 x10: ffffffd4a7386000 x9 : ffffffd4a7373100
[41249.150301] x8 : 0000000000000000 x7 : 0000000000000000 x6 : 0000000000000000
[41249.150304] x5 : 0000000000000000 x4 : 0000000000000014 x3 : 0000000000c3c2e4
[41249.150307] x2 : 0000000000000001 x1 : 0000000000000007 x0 : 00000000ffffffff
[41249.150310] Call trace:
[41249.150312]  arch_local_irq_enable+0x4/0x8
[41249.150315]  cpu_startup_entry+0x188/0x204
[41249.150318]  secondary_start_kernel+0x11c/0x140
[41249.150349]  __secondary_switched+0xb8/0xbc
[41249.164184] maitred: Recieved request to set time to 1784976711s, 243922us
[41249.164469] maitred: Successfully set time.
[41249.209526] maitred: Received request to update VM resolv.conf
[41249.212273] blk: queue stall on vdc: 1 inflight, 1 stalled (threshold 30000 ms)
[41249.232887] maitred: Received request to update VM resolv.conf
[41249.286714] maitred: Host sent empty nameservers list; using default
[41249.869386] systemd-journald[9026]: File /var/log/journal/85c08f8d5ae04d39978afd7a47310fa4/system.journal corrupted or uncleanly shut down, renaming and replacing.
[41256.313392] maitred: Received OnHostNetworkChanged request
[41256.549125] maitred: Received request to update VM resolv.conf
[41284.919435] maitred: Received request to update VM resolv.conf
[41284.989246] maitred: Host sent empty nameservers list; using default
[41288.063111] maitred: Received OnHostNetworkChanged request
[41288.188779] maitred: Received request to update VM resolv.conf
[44101.223469] maitred: Received request to prepare to suspend.
[45383.604259] maitred: Recieved request to set time to 1784980845s, 771723us
[45383.605665] maitred: Successfully set time.
[45383.637992] maitred: Received request to update VM resolv.conf
[45383.661127] maitred: Received request to update VM resolv.conf
[45383.667490] maitred: Host sent empty nameservers list; using default
[45386.540596] maitred: Received OnHostNetworkChanged request
[45386.691646] maitred: Received request to update VM resolv.conf
[45398.567160] maitred: Received request to update VM resolv.conf
[45398.658331] maitred: Host sent empty nameservers list; using default
[45435.428614] maitred: Received OnHostNetworkChanged request
[45435.534877] maitred: Received request to update VM resolv.conf
[46544.200230] maitred: Received request to update VM resolv.conf
[46544.206549] maitred: Host sent empty nameservers list; using default
[46556.247902] maitred: Received request to prepare to suspend.
[47237.723552] rcu: INFO: rcu_preempt self-detected stall on CPU
[47237.727148] rcu: 	4-...!: (5 GPs behind) idle=b5dc/1/0x4000000000000002 softirq=77124/77124 fqs=1
[47237.733543] rcu: 	(t=9477515 jiffies g=398265 q=108 ncpus=8)
[47237.734819] CPU: 4 PID: 0 Comm: swapper/4 Not tainted 6.6.119-09283-g9c138e0af8c3 #1
[47237.735046] Hardware name: linux,dummy-virt (DT)
[47237.736683] pstate: 80400005 (Nzcv daif +PAN -UAO -TCO -DIT -SSBS BTYPE=--)
[47237.741670] maitred: Recieved request to set time to 1784991496s, 4096us
[47237.736879] pc : arch_local_irq_enable+0x4/0x8
[47237.818299] lr : default_idle_call+0x50/0x60
[47237.890821] sp : ffffffc08020be00
[47237.898678] x29: ffffffc08020be00 x28: ffffffd4a738a000 x27: ffffffd4a7370ef8
[47237.905151] x26: ffffffd4a738a000 x25: 0000000000000010 x24: 0000000000000001
[47237.912945] x23: 0000000000000000 x22: ffffff8080243a00 x21: 0000000000000000
[47237.920255] x20: 0000000000000000 x19: ffffffd4a7360008 x18: 0000000000000001
[47237.920913] x17: 0000000000000004 x16: 0000000000000000 x15: 0000000000000008
[47237.921216] x14: 0000000000000010 x13: 00000000004b8336 x12: 0000000000000018
[47237.921292] x11: 000000004cec4ec5 x10: ffffffd4a738a4a8 x9 : ffffffd4a7373100
[47237.921360] x8 : 0000000000000000 x7 : 0000000000000000 x6 : 0000000000000000
[47237.923594] x5 : ffffffc080f23d00 x4 : 0000000000000014 x3 : 000000000092b5dc
[47237.927641] x2 : 0000000000000001 x1 : 0000000000000004 x0 : 00000000ffffffff
[47237.934870] Call trace:
[47237.935008]  arch_local_irq_enable+0x4/0x8
[47237.935187]  cpu_startup_entry+0x188/0x204
[47237.935317]  secondary_start_kernel+0x11c/0x140
[47237.974149]  __secondary_switched+0xb8/0xbc
[47237.975780] maitred: Successfully set time.
[47237.984193] maitred: Received request to update VM resolv.conf
[47237.991554] maitred: Host sent empty nameservers list; using default
[47258.987240] vshd: vshd started
[47581.020847] vshd: vshd started
[47596.559159] vshd: vshd started
[47736.936313] maitred: Received OnHostNetworkChanged request
[47736.990822] maitred: Received request to update VM resolv.conf
[47737.002349] maitred: Received request to update VM resolv.conf
[47975.551260] vshd: Failed to read from stdio: Input/output error (5)
[47982.248343] vshd: Failed to read from stdio: Input/output error (5)
[48249.460404] vshd: vshd started
[48293.443378] vshd: Failed to read from stdio: Input/output error (5)
[48339.055778] maitred: <unknown process> (11066) exited with status 127
[48339.062671] maitred: <unknown process> (11067) exited with status 127
[48344.002010] maitred: <unknown process> (11070) exited with status 127
[48349.002357] maitred: <unknown process> (11072) exited with status 127
[48349.009170] maitred: <unknown process> (11073) exited with status 127
[48353.999608] maitred: <unknown process> (11075) exited with status 127
[48354.014414] maitred: <unknown process> (11076) exited with status 127
[48554.070040] vshd: vshd started
[49379.988472] vshd: vshd started
[49580.619693] vshd: Failed to read from stdio: Input/output error (5)
[49583.959649] vshd: Failed to read from stdio: Input/output error (5)
[49586.935096] vshd: Failed to read from stdio: Input/output error (5)
[49764.514527] vshd: vshd started
[50301.266336] vshd: vshd started
[50448.772212] vshd: vshd started
[50631.193835] vshd: vshd started
[50777.640546] vshd: Failed to read message from socket
[50777.641451] vshd: Failed to receive message from client: Success (0)
[51333.608480] vshd: Failed to read from stdio: Input/output error (5)
[51556.190176] vshd: Failed to read from stdio: Input/output error (5)
[52110.397170] systemd-journald[9026]: Received SIGTERM from PID 1 (systemd).
[52186.045059] systemd-journald[10939]: /var/log/journal/85c08f8d5ae04d39978afd7a47310fa4/user-1000.journal: Journal file has been deleted, rotating.
[52186.046353] systemd-journald[10939]: Failed to write entry to /var/log/journal/85c08f8d5ae04d39978afd7a47310fa4/user-1000.journal (28 items, 2208 bytes), rotating before retrying: Identifier removed
[52339.344069] systemd-journald[10939]: /var/log/journal/85c08f8d5ae04d39978afd7a47310fa4/user-1000.journal: Journal file has been deleted, rotating.
[52339.344340] systemd-journald[10939]: Failed to write entry to /var/log/journal/85c08f8d5ae04d39978afd7a47310fa4/user-1000.journal (29 items, 1135 bytes), rotating before retrying: Identifier removed
[52339.380806] vshd: vshd started
[52374.265108] vshd: Failed to read from stdio: Input/output error (5)
[52750.495744] vshd: vshd started
[52872.636625] vshd: Failed to read from stdio: Input/output error (5)
[53045.717521] vshd: vshd started
[53161.502275] vshd: vshd started
[53185.126335] vshd: Failed to read message from socket
[53185.126628] vshd: Failed to receive message from client: Success (0)
[53299.989430] vshd: vshd started
[54077.231672] vshd: Failed to read from stdio: Input/output error (5)
[54121.632526] vshd: vshd started
[54717.021987] vshd: Failed to read from stdio: Input/output error (5)
[54734.300194] vshd: vshd started
[54745.496044] vshd: Failed to read from stdio: Input/output error (5)
[54798.859017] vshd: vshd started
[54841.898714] vshd: Failed to read from stdio: Input/output error (5)
[55057.125177] maitred: Received request to update VM resolv.conf
[55057.148445] maitred: Host sent empty nameservers list; using default
[55285.349677] vshd: vshd started
[55481.395233] vshd: Failed to read from stdio: Input/output error (5)
[55496.678254] vshd: vshd started
[55785.830433] vshd: vshd started
[55968.884384] vshd: Failed to read from stdio: Input/output error (5)
[56038.737922] maitred: Received request to update VM resolv.conf
[56038.743143] maitred: Received request to update VM resolv.conf
[56038.882257] maitred: Received OnHostNetworkChanged request
[56151.672973] maitred: Received request to update VM resolv.conf
[56151.699153] maitred: Host sent empty nameservers list; using default
[56190.250577] maitred: Received request to update VM resolv.conf
[56190.253530] maitred: Received request to update VM resolv.conf
[56190.399416] maitred: Received OnHostNetworkChanged request
[56193.566280] maitred: Received request to update VM resolv.conf
[56193.576892] maitred: Host sent empty nameservers list; using default
[56369.707416] vshd: Failed to read from stdio: Input/output error (5)
[56398.277635] vshd: vshd started
[56445.823836] maitred: Received request to update VM resolv.conf
[56445.830711] maitred: Received request to update VM resolv.conf
[56446.005560] maitred: Received OnHostNetworkChanged request
[56450.427174] maitred: Received request to update VM resolv.conf
[56450.443449] maitred: Host sent empty nameservers list; using default
[56523.600038] maitred: Received request to update VM resolv.conf
[56523.603456] maitred: Received request to update VM resolv.conf
[56523.738952] maitred: Received OnHostNetworkChanged request
[56526.359917] maitred: Received request to update VM resolv.conf
[56526.363829] maitred: Host sent empty nameservers list; using default
[56538.624190] maitred: Received request to update VM resolv.conf
[56538.829799] maitred: Received OnHostNetworkChanged request
[56539.073738] maitred: Received request to update VM resolv.conf
[56539.075529] maitred: Host sent empty nameservers list; using default
[56886.557981] vshd: Failed to read message from socket
[56886.571031] vshd: Failed to receive message from client: Success (0)
[56888.085496] vshd: vshd started
[57046.843564] vshd: vshd started
[57280.888833] vshd: Failed to read from stdio: Input/output error (5)
[58090.599802] vshd: vshd started
[58571.160067] vshd: vshd started
[58705.771633] vshd: Failed to read from stdio: Input/output error (5)
[59001.236079] vshd: Failed to read from stdio: Input/output error (5)
[60366.368925] maitred: Received request to update VM resolv.conf
[60366.374754] maitred: Received request to update VM resolv.conf
[60366.519725] maitred: Received OnHostNetworkChanged request
[62844.205404] maitred: Received request to update VM resolv.conf
[62844.275057] maitred: Host sent empty nameservers list; using default
[62915.063875] vshd: vshd started
