/usr/share/fonts/chromeos/croscore:
total 5.9M
drwxr-xr-x.  2 nobody nogroup 4.0K Jul 27 23:42 .
drwxr-xr-x. 14 nobody nogroup 4.0K Jul 27 23:41 ..
-rw-r--r--.  1 nobody nogroup 574K Jul 27 20:13 Arimo-BoldItalic.ttf
-rw-r--r--.  1 nobody nogroup 572K Jul 27 20:13 Arimo-Bold.ttf
-rw-r--r--.  1 nobody nogroup 578K Jul 27 20:13 Arimo-Italic.ttf
-rw-r--r--.  1 nobody nogroup 570K Jul 27 20:13 Arimo-Regular.ttf
-rw-r--r--.  1 nobody nogroup 267K Jul 27 20:13 Cousine-BoldItalic.ttf
-rw-r--r--.  1 nobody nogroup 290K Jul 27 20:13 Cousine-Bold.ttf
-rw-r--r--.  1 nobody nogroup 264K Jul 27 20:13 Cousine-Italic.ttf
-rw-r--r--.  1 nobody nogroup 302K Jul 27 20:13 Cousine-Regular.ttf
-rw-r--r--.  1 nobody nogroup 603K Jul 27 20:13 Tinos-BoldItalic.ttf
-rw-r--r--.  1 nobody nogroup 606K Jul 27 20:13 Tinos-Bold.ttf
-rw-r--r--.  1 nobody nogroup 617K Jul 27 20:13 Tinos-Italic.ttf
-rw-r--r--.  1 nobody nogroup 645K Jul 27 20:13 Tinos-Regular.ttf
-rw-r--r--.  1 nobody nogroup   37 Jul 27 21:05 .uuid

/usr/share/fonts/chromeos/crosextra:
total 3.0M
drwxr-xr-x.  2 nobody nogroup 4.0K Jul 27 23:42 .
drwxr-xr-x. 14 nobody nogroup 4.0K Jul 27 23:41 ..
-rw-r--r--.  1 nobody nogroup  61K Jul 27 20:13 Caladea-BoldItalic.ttf
-rw-r--r--.  1 nobody nogroup  58K Jul 27 20:13 Caladea-Bold.ttf
-rw-r--r--.  1 nobody nogroup  61K Jul 27 20:13 Caladea-Italic.ttf
-rw-r--r--.  1 nobody nogroup  58K Jul 27 20:13 Caladea-Regular.ttf
-rw-r--r--.  1 nobody nogroup 798K Jul 27 20:13 Carlito-BoldItalic.ttf
-rw-r--r--.  1 nobody nogroup 675K Jul 27 20:13 Carlito-Bold.ttf
-rw-r--r--.  1 nobody nogroup 609K Jul 27 20:13 Carlito-Italic.ttf
-rw-r--r--.  1 nobody nogroup 622K Jul 27 20:13 Carlito-Regular.ttf
-rw-r--r--.  1 nobody nogroup   37 Jul 27 21:05 .uuid

/usr/share/fonts/chromeos/google-sans:
total 16K
drwxr-xr-x.  3 nobody nogroup 4.0K Jul 27 23:42 .
drwxr-xr-x. 14 nobody nogroup 4.0K Jul 27 23:41 ..
-rw-r--r--.  1 nobody nogroup   37 Jul 27 21:05 .uuid
drwxr-xr-x.  2 nobody nogroup 4.0K Jul 27 23:42 variable

/usr/share/fonts/chromeos/google-sans/variable:
total 1.3M
drwxr-xr-x. 2 nobody nogroup 4.0K Jul 27 23:42 .
drwxr-xr-x. 3 nobody nogroup 4.0K Jul 27 23:42 ..
-rw-r--r--. 1 nobody nogroup 637K Jul 27 20:12 GoogleSans-Italic[opsz,wght]-v3.003.ttf
-rw-r--r--. 1 nobody nogroup 604K Jul 27 20:12 GoogleSans[opsz,wght]-v3.003.ttf
-rw-r--r--. 1 nobody nogroup   37 Jul 27 21:05 .uuid

/usr/share/fonts/chromeos/ipa-jp:
total 7.5M
drwxr-xr-x.  2 nobody nogroup 4.0K Jul 27 23:42 .
drwxr-xr-x. 14 nobody nogroup 4.0K Jul 27 23:41 ..
-rw-r--r--.  1 nobody nogroup 7.5M Jul 27 20:13 ipaexm.ttf
-rw-r--r--.  1 nobody nogroup   37 Jul 27 21:05 .uuid

/usr/share/fonts/chromeos/ko-nanum:
total 8.3M
drwxr-xr-x.  2 nobody nogroup 4.0K Jul 27 23:42 .
drwxr-xr-x. 14 nobody nogroup 4.0K Jul 27 23:41 ..
-rw-r--r--.  1 nobody nogroup 4.1M Jul 27 20:13 NanumGothicBold.ttf
-rw-r--r--.  1 nobody nogroup 4.2M Jul 27 20:13 NanumGothic.ttf
-rw-r--r--.  1 nobody nogroup   37 Jul 27 21:05 .uuid

/usr/share/fonts/chromeos/lohit-cros:
total 136K
drwxr-xr-x.  2 nobody nogroup 4.0K Jul 27 23:42 .
drwxr-xr-x. 14 nobody nogroup 4.0K Jul 27 23:41 ..
-rw-r--r--.  1 nobody nogroup  96K Jul 27 20:13 Lohit-Odia.ttf
-rw-r--r--.  1 nobody nogroup  24K Jul 27 20:13 Lohit-Punjabi.ttf
-rw-r--r--.  1 nobody nogroup   37 Jul 27 21:05 .uuid

/usr/share/fonts/chromeos/monotype:
total 4.9M
drwxr-xr-x.  2 nobody nogroup 4.0K Jul 27 23:42 .
drwxr-xr-x. 14 nobody nogroup 4.0K Jul 27 23:41 ..
-rw-r--r--.  1 nobody nogroup 134K Jul 27 20:12 arialnbi.ttf
-rw-r--r--.  1 nobody nogroup 135K Jul 27 20:12 arialnb.ttf
-rw-r--r--.  1 nobody nogroup 136K Jul 27 20:12 arialni.ttf
-rw-r--r--.  1 nobody nogroup 132K Jul 27 20:12 arialn.ttf
-rw-r--r--.  1 nobody nogroup  90K Jul 27 20:12 ariblkit.ttf
-rw-r--r--.  1 nobody nogroup 116K Jul 27 20:12 ariblk.ttf
-rw-r--r--.  1 nobody nogroup 115K Jul 27 20:12 comicbd.ttf
-rw-r--r--.  1 nobody nogroup 130K Jul 27 20:12 comic.ttf
-rw-r--r--.  1 nobody nogroup 163K Jul 27 20:12 garamond-bolditalic.ttf
-rw-r--r--.  1 nobody nogroup 183K Jul 27 20:12 garamond-bold.ttf
-rw-r--r--.  1 nobody nogroup 181K Jul 27 20:12 garamond-italic.ttf
-rw-r--r--.  1 nobody nogroup 184K Jul 27 20:12 garamond.ttf
-rw-r--r--.  1 nobody nogroup 143K Jul 27 20:12 georgiab.ttf
-rw-r--r--.  1 nobody nogroup 159K Jul 27 20:12 georgiai.ttf
-rw-r--r--.  1 nobody nogroup 154K Jul 27 20:12 georgia.ttf
-rw-r--r--.  1 nobody nogroup 161K Jul 27 20:12 georgiaz.ttf
-rw-r--r--.  1 nobody nogroup 448K Jul 27 20:12 tahomabd.ttf
-rw-r--r--.  1 nobody nogroup 489K Jul 27 20:12 tahoma.ttf
-rw-r--r--.  1 nobody nogroup 123K Jul 27 20:12 trebucbd.ttf
-rw-r--r--.  1 nobody nogroup 130K Jul 27 20:12 trebucbi.ttf
-rw-r--r--.  1 nobody nogroup 139K Jul 27 20:12 trebucit.ttf
-rw-r--r--.  1 nobody nogroup 132K Jul 27 20:12 trebuc.ttf
-rw-r--r--.  1 nobody nogroup   37 Jul 27 21:05 .uuid
-rw-r--r--.  1 nobody nogroup 153K Jul 27 20:12 verdanab.ttf
-rw-r--r--.  1 nobody nogroup 174K Jul 27 20:12 verdanai.ttf
-rw-r--r--.  1 nobody nogroup 185K Jul 27 20:12 verdana.ttf
-rw-r--r--.  1 nobody nogroup 172K Jul 27 20:12 verdanaz.ttf
-rw-r--r--.  1 nobody nogroup 119K Jul 27 20:12 webdings.ttf
-rw-r--r--.  1 nobody nogroup  82K Jul 27 20:12 wingding.ttf
-rw-r--r--.  1 nobody nogroup  69K Jul 27 20:12 wingdng2.ttf
-rw-r--r--.  1 nobody nogroup  39K Jul 27 20:12 wingdng3.ttf

/usr/share/fonts/chromeos/morisawa:
total 11M
drwxr-xr-x.  2 nobody nogroup 4.0K Jul 27 23:42 .
drwxr-xr-x. 14 nobody nogroup 4.0K Jul 27 23:41 ..
-rw-r--r--.  1 nobody nogroup 4.5M Jul 27 20:13 BIZUDPGothic-Regular.ttf
-rw-r--r--.  1 nobody nogroup 5.9M Jul 27 20:13 BIZUDPMincho-Regular.ttf
-rw-r--r--.  1 nobody nogroup   37 Jul 27 21:05 .uuid

/usr/share/fonts/chromeos/noto:
total 43M
drwxr-xr-x.  2 nobody nogroup  12K Jul 27 23:42 .
drwxr-xr-x. 14 nobody nogroup 4.0K Jul 27 23:41 ..
-rw-r--r--.  1 nobody nogroup  11M Jul 27 20:13 NotoColorEmoji.ttf
-rw-r--r--.  1 nobody nogroup 409K Jul 27 20:13 NotoEmoji-Regular.ttf
-rw-r--r--.  1 nobody nogroup 271K Jul 27 20:13 NotoNaskhArabic-Bold.ttf
-rw-r--r--.  1 nobody nogroup 240K Jul 27 20:13 NotoNaskhArabic-Regular.ttf
-rw-r--r--.  1 nobody nogroup 213K Jul 27 20:13 NotoNaskhArabicUI-Bold.ttf
-rw-r--r--.  1 nobody nogroup 206K Jul 27 20:13 NotoNaskhArabicUI-Regular.ttf
-rw-r--r--.  1 nobody nogroup 248K Jul 27 20:13 NotoNastaliqUrdu-Regular.ttf
-rw-r--r--.  1 nobody nogroup  92K Jul 27 20:13 NotoSansAdlam-Regular.ttf
-rw-r--r--.  1 nobody nogroup 223K Jul 27 20:13 NotoSansAnatolianHieroglyphs-Regular.ttf
-rw-r--r--.  1 nobody nogroup 273K Jul 27 20:13 NotoSansArabic-Bold.ttf
-rw-r--r--.  1 nobody nogroup 242K Jul 27 20:13 NotoSansArabic-Regular.ttf
-rw-r--r--.  1 nobody nogroup 282K Jul 27 20:13 NotoSansArabicUI-Bold.ttf
-rw-r--r--.  1 nobody nogroup 269K Jul 27 20:13 NotoSansArabicUI-Regular.ttf
-rw-r--r--.  1 nobody nogroup  31K Jul 27 20:13 NotoSansArmenian-Bold.ttf
-rw-r--r--.  1 nobody nogroup  31K Jul 27 20:13 NotoSansArmenian-Regular.ttf
-rw-r--r--.  1 nobody nogroup  23K Jul 27 20:13 NotoSansAvestan-Regular.ttf
-rw-r--r--.  1 nobody nogroup  91K Jul 27 20:13 NotoSansBalinese-Regular.ttf
-rw-r--r--.  1 nobody nogroup 225K Jul 27 20:13 NotoSansBamum-Regular.ttf
-rw-r--r--.  1 nobody nogroup  22K Jul 27 20:13 NotoSansBatak-Regular.ttf
-rw-r--r--.  1 nobody nogroup 208K Jul 27 20:13 NotoSansBengali-Bold.ttf
-rw-r--r--.  1 nobody nogroup 199K Jul 27 20:13 NotoSansBengali-Regular.ttf
-rw-r--r--.  1 nobody nogroup 208K Jul 27 20:13 NotoSansBengaliUI-Bold.ttf
-rw-r--r--.  1 nobody nogroup 199K Jul 27 20:13 NotoSansBengaliUI-Regular.ttf
-rw-r--r--.  1 nobody nogroup 631K Jul 27 20:13 NotoSans-BoldItalic.ttf
-rw-r--r--.  1 nobody nogroup 617K Jul 27 20:13 NotoSans-Bold.ttf
-rw-r--r--.  1 nobody nogroup  46K Jul 27 20:13 NotoSansBrahmi-Regular.ttf
-rw-r--r--.  1 nobody nogroup 7.1K Jul 27 20:13 NotoSansBuginese-Regular.ttf
-rw-r--r--.  1 nobody nogroup 5.2K Jul 27 20:13 NotoSansBuhid-Regular.ttf
-rw-r--r--.  1 nobody nogroup 173K Jul 27 20:13 NotoSansCanadianAboriginal-Regular.ttf
-rw-r--r--.  1 nobody nogroup  13K Jul 27 20:13 NotoSansCarian-Regular.ttf
-rw-r--r--.  1 nobody nogroup  81K Jul 27 20:13 NotoSansChakma-Regular.ttf
-rw-r--r--.  1 nobody nogroup  32K Jul 27 20:13 NotoSansCham-Bold.ttf
-rw-r--r--.  1 nobody nogroup  32K Jul 27 20:13 NotoSansCham-Regular.ttf
-rw-r--r--.  1 nobody nogroup 107K Jul 27 20:13 NotoSansCherokee-Bold.ttf
-rw-r--r--.  1 nobody nogroup  93K Jul 27 20:13 NotoSansCherokee-Regular.ttf
-rw-r--r--.  1 nobody nogroup  48K Jul 27 20:13 NotoSansCoptic-Regular.ttf
-rw-r--r--.  1 nobody nogroup 801K Jul 27 20:13 NotoSansCuneiform-Regular.ttf
-rw-r--r--.  1 nobody nogroup  15K Jul 27 20:13 NotoSansCypriot-Regular.ttf
-rw-r--r--.  1 nobody nogroup  20K Jul 27 20:13 NotoSansDeseret-Regular.ttf
-rw-r--r--.  1 nobody nogroup 246K Jul 27 20:13 NotoSansDevanagari-Bold.ttf
-rw-r--r--.  1 nobody nogroup 239K Jul 27 20:13 NotoSansDevanagari-Regular.ttf
-rw-r--r--.  1 nobody nogroup 236K Jul 27 20:13 NotoSansDevanagariUI-Bold.ttf
-rw-r--r--.  1 nobody nogroup 230K Jul 27 20:13 NotoSansDevanagariUI-Regular.ttf
-rw-r--r--.  1 nobody nogroup 573K Jul 27 20:13 NotoSansEgyptianHieroglyphs-Regular.ttf
-rw-r--r--.  1 nobody nogroup 367K Jul 27 20:13 NotoSansEthiopic-Bold.ttf
-rw-r--r--.  1 nobody nogroup 368K Jul 27 20:13 NotoSansEthiopic-Regular.ttf
-rw-r--r--.  1 nobody nogroup  54K Jul 27 20:13 NotoSansGeorgian-Bold.ttf
-rw-r--r--.  1 nobody nogroup  52K Jul 27 20:13 NotoSansGeorgian-Regular.ttf
-rw-r--r--.  1 nobody nogroup  40K Jul 27 20:13 NotoSansGlagolitic-Regular.ttf
-rw-r--r--.  1 nobody nogroup  12K Jul 27 20:13 NotoSansGothic-Regular.ttf
-rw-r--r--.  1 nobody nogroup 197K Jul 27 20:13 NotoSansGujarati-Bold.ttf
-rw-r--r--.  1 nobody nogroup 196K Jul 27 20:13 NotoSansGujarati-Regular.ttf
-rw-r--r--.  1 nobody nogroup 197K Jul 27 20:13 NotoSansGujaratiUI-Bold.ttf
-rw-r--r--.  1 nobody nogroup 197K Jul 27 20:13 NotoSansGujaratiUI-Regular.ttf
-rw-r--r--.  1 nobody nogroup  54K Jul 27 20:13 NotoSansGurmukhi-Bold.ttf
-rw-r--r--.  1 nobody nogroup  54K Jul 27 20:13 NotoSansGurmukhi-Regular.ttf
-rw-r--r--.  1 nobody nogroup  54K Jul 27 20:13 NotoSansGurmukhiUI-Bold.ttf
-rw-r--r--.  1 nobody nogroup  54K Jul 27 20:13 NotoSansGurmukhiUI-Regular.ttf
-rw-r--r--.  1 nobody nogroup 7.5K Jul 27 20:13 NotoSansHanunoo-Regular.ttf
-rw-r--r--.  1 nobody nogroup  27K Jul 27 20:13 NotoSansHebrew-Bold.ttf
-rw-r--r--.  1 nobody nogroup  27K Jul 27 20:13 NotoSansHebrew-Regular.ttf
-rw-r--r--.  1 nobody nogroup 6.1K Jul 27 20:13 NotoSansImperialAramaic-Regular.ttf
-rw-r--r--.  1 nobody nogroup 5.6K Jul 27 20:13 NotoSansInscriptionalPahlavi-Regular.ttf
-rw-r--r--.  1 nobody nogroup 7.4K Jul 27 20:13 NotoSansInscriptionalParthian-Regular.ttf
-rw-r--r--.  1 nobody nogroup 625K Jul 27 20:13 NotoSans-Italic.ttf
-rw-r--r--.  1 nobody nogroup 118K Jul 27 20:13 NotoSansJavanese-Regular.ttf
-rw-r--r--.  1 nobody nogroup  69K Jul 27 20:13 NotoSansKaithi-Regular.ttf
-rw-r--r--.  1 nobody nogroup 183K Jul 27 20:13 NotoSansKannada-Bold.ttf
-rw-r--r--.  1 nobody nogroup 179K Jul 27 20:13 NotoSansKannada-Regular.ttf
-rw-r--r--.  1 nobody nogroup 184K Jul 27 20:13 NotoSansKannadaUI-Bold.ttf
-rw-r--r--.  1 nobody nogroup 179K Jul 27 20:13 NotoSansKannadaUI-Regular.ttf
-rw-r--r--.  1 nobody nogroup  18K Jul 27 20:13 NotoSansKayahLi-Regular.ttf
-rw-r--r--.  1 nobody nogroup  34K Jul 27 20:13 NotoSansKharoshthi-Regular.ttf
-rw-r--r--.  1 nobody nogroup 112K Jul 27 20:13 NotoSansKhmer-Bold.ttf
-rw-r--r--.  1 nobody nogroup 112K Jul 27 20:13 NotoSansKhmer-Regular.ttf
-rw-r--r--.  1 nobody nogroup  76K Jul 27 20:13 NotoSansKhmerUI-Bold.ttf
-rw-r--r--.  1 nobody nogroup  74K Jul 27 20:13 NotoSansKhmerUI-Regular.ttf
-rw-r--r--.  1 nobody nogroup  37K Jul 27 20:13 NotoSansLao-Bold.ttf
-rw-r--r--.  1 nobody nogroup  36K Jul 27 20:13 NotoSansLao-Regular.ttf
-rw-r--r--.  1 nobody nogroup  33K Jul 27 20:13 NotoSansLaoUI-Bold.ttf
-rw-r--r--.  1 nobody nogroup  32K Jul 27 20:13 NotoSansLaoUI-Regular.ttf
-rw-r--r--.  1 nobody nogroup  26K Jul 27 20:13 NotoSansLepcha-Regular.ttf
-rw-r--r--.  1 nobody nogroup  13K Jul 27 20:13 NotoSansLimbu-Regular.ttf
-rw-r--r--.  1 nobody nogroup  62K Jul 27 20:13 NotoSansLinearB-Regular.ttf
-rw-r--r--.  1 nobody nogroup  13K Jul 27 20:13 NotoSansLisu-Regular.ttf
-rw-r--r--.  1 nobody nogroup 4.2K Jul 27 20:13 NotoSansLycian-Regular.ttf
-rw-r--r--.  1 nobody nogroup 4.6K Jul 27 20:13 NotoSansLydian-Regular.ttf
-rw-r--r--.  1 nobody nogroup 116K Jul 27 20:13 NotoSansMalayalam-Bold.ttf
-rw-r--r--.  1 nobody nogroup 111K Jul 27 20:13 NotoSansMalayalam-Regular.ttf
-rw-r--r--.  1 nobody nogroup 116K Jul 27 20:13 NotoSansMalayalamUI-Bold.ttf
-rw-r--r--.  1 nobody nogroup 111K Jul 27 20:13 NotoSansMalayalamUI-Regular.ttf
-rw-r--r--.  1 nobody nogroup  29K Jul 27 20:13 NotoSansMandaic-Regular.ttf
-rw-r--r--.  1 nobody nogroup 968K Jul 27 20:13 NotoSansMath-Regular.ttf
-rw-r--r--.  1 nobody nogroup  17K Jul 27 20:13 NotoSansMeeteiMayek-Regular.ttf
-rw-r--r--.  1 nobody nogroup 337K Jul 27 20:13 NotoSansMongolian-Regular.ttf
-rw-r--r--.  1 nobody nogroup 597K Jul 27 20:13 NotoSansMono-Bold.ttf
-rw-r--r--.  1 nobody nogroup 583K Jul 27 20:13 NotoSansMono-Regular.ttf
-rw-r--r--.  1 nobody nogroup 204K Jul 27 20:13 NotoSansMyanmar-Bold.ttf
-rw-r--r--.  1 nobody nogroup 191K Jul 27 20:13 NotoSansMyanmar-Regular.ttf
-rw-r--r--.  1 nobody nogroup 198K Jul 27 20:13 NotoSansMyanmarUI-Bold.ttf
-rw-r--r--.  1 nobody nogroup 187K Jul 27 20:13 NotoSansMyanmarUI-Regular.ttf
-rw-r--r--.  1 nobody nogroup  20K Jul 27 20:13 NotoSansNewTaiLue-Regular.ttf
-rw-r--r--.  1 nobody nogroup  39K Jul 27 20:13 NotoSansNKo-Regular.ttf
-rw-r--r--.  1 nobody nogroup 4.3K Jul 27 20:13 NotoSansOgham-Regular.ttf
-rw-r--r--.  1 nobody nogroup  16K Jul 27 20:13 NotoSansOlChiki-Regular.ttf
-rw-r--r--.  1 nobody nogroup 7.1K Jul 27 20:13 NotoSansOldItalic-Regular.ttf
-rw-r--r--.  1 nobody nogroup  13K Jul 27 20:13 NotoSansOldPersian-Regular.ttf
-rw-r--r--.  1 nobody nogroup 4.9K Jul 27 20:13 NotoSansOldSouthArabian-Regular.ttf
-rw-r--r--.  1 nobody nogroup  15K Jul 27 20:13 NotoSansOldTurkic-Regular.ttf
-rw-r--r--.  1 nobody nogroup 111K Jul 27 20:13 NotoSansOriya-Bold.ttf
-rw-r--r--.  1 nobody nogroup 113K Jul 27 20:13 NotoSansOriya-Regular.ttf
-rw-r--r--.  1 nobody nogroup 146K Jul 27 20:13 NotoSansOriyaUI-Bold.ttf
-rw-r--r--.  1 nobody nogroup 151K Jul 27 20:13 NotoSansOriyaUI-Regular.ttf
-rw-r--r--.  1 nobody nogroup  21K Jul 27 20:13 NotoSansOsage-Regular.ttf
-rw-r--r--.  1 nobody nogroup  17K Jul 27 20:13 NotoSansOsmanya-Regular.ttf
-rw-r--r--.  1 nobody nogroup  39K Jul 27 20:13 NotoSansPhagsPa-Regular.ttf
-rw-r--r--.  1 nobody nogroup 5.8K Jul 27 20:13 NotoSansPhoenician-Regular.ttf
-rw-r--r--.  1 nobody nogroup 608K Jul 27 20:13 NotoSans-Regular.ttf
-rw-r--r--.  1 nobody nogroup 7.4K Jul 27 20:13 NotoSansRejang-Regular.ttf
-rw-r--r--.  1 nobody nogroup 9.7K Jul 27 20:13 NotoSansRunic-Regular.ttf
-rw-r--r--.  1 nobody nogroup  11K Jul 27 20:13 NotoSansSamaritan-Regular.ttf
-rw-r--r--.  1 nobody nogroup  35K Jul 27 20:13 NotoSansSaurashtra-Regular.ttf
-rw-r--r--.  1 nobody nogroup  13K Jul 27 20:13 NotoSansShavian-Regular.ttf
-rw-r--r--.  1 nobody nogroup 334K Jul 27 20:13 NotoSansSinhala-Bold.ttf
-rw-r--r--.  1 nobody nogroup 302K Jul 27 20:13 NotoSansSinhala-Regular.ttf
-rw-r--r--.  1 nobody nogroup 334K Jul 27 20:13 NotoSansSinhalaUI-Bold.ttf
-rw-r--r--.  1 nobody nogroup 302K Jul 27 20:13 NotoSansSinhalaUI-Regular.ttf
-rw-r--r--.  1 nobody nogroup  23K Jul 27 20:13 NotoSansSundanese-Regular.ttf
-rw-r--r--.  1 nobody nogroup  17K Jul 27 20:13 NotoSansSylotiNagri-Regular.ttf
-rw-r--r--.  1 nobody nogroup 656K Jul 27 20:13 NotoSansSymbols2-Regular.ttf
-rw-r--r--.  1 nobody nogroup 223K Jul 27 20:13 NotoSansSymbols-Bold.ttf
-rw-r--r--.  1 nobody nogroup 222K Jul 27 20:13 NotoSansSymbols-Regular.ttf
-rw-r--r--.  1 nobody nogroup  60K Jul 27 20:13 NotoSansSyriacEastern-Regular.ttf
-rw-r--r--.  1 nobody nogroup  46K Jul 27 20:13 NotoSansSyriacEstrangela-Regular.ttf
-rw-r--r--.  1 nobody nogroup  74K Jul 27 20:13 NotoSansSyriacWestern-Regular.ttf
-rw-r--r--.  1 nobody nogroup 6.9K Jul 27 20:13 NotoSansTagalog-Regular.ttf
-rw-r--r--.  1 nobody nogroup 5.9K Jul 27 20:13 NotoSansTagbanwa-Regular.ttf
-rw-r--r--.  1 nobody nogroup  20K Jul 27 20:13 NotoSansTaiLe-Regular.ttf
-rw-r--r--.  1 nobody nogroup 115K Jul 27 20:13 NotoSansTaiTham-Regular.ttf
-rw-r--r--.  1 nobody nogroup  30K Jul 27 20:13 NotoSansTaiViet-Regular.ttf
-rw-r--r--.  1 nobody nogroup  76K Jul 27 20:13 NotoSansTamil-Bold.ttf
-rw-r--r--.  1 nobody nogroup  73K Jul 27 20:13 NotoSansTamil-Regular.ttf
-rw-r--r--.  1 nobody nogroup  76K Jul 27 20:13 NotoSansTamilUI-Bold.ttf
-rw-r--r--.  1 nobody nogroup  73K Jul 27 20:13 NotoSansTamilUI-Regular.ttf
-rw-r--r--.  1 nobody nogroup 238K Jul 27 20:13 NotoSansTelugu-Bold.ttf
-rw-r--r--.  1 nobody nogroup 230K Jul 27 20:13 NotoSansTelugu-Regular.ttf
-rw-r--r--.  1 nobody nogroup 239K Jul 27 20:13 NotoSansTeluguUI-Bold.ttf
-rw-r--r--.  1 nobody nogroup 231K Jul 27 20:13 NotoSansTeluguUI-Regular.ttf
-rw-r--r--.  1 nobody nogroup  27K Jul 27 20:13 NotoSansThaana-Bold.ttf
-rw-r--r--.  1 nobody nogroup  27K Jul 27 20:13 NotoSansThaana-Regular.ttf
-rw-r--r--.  1 nobody nogroup  37K Jul 27 20:13 NotoSansThai-Bold.ttf
-rw-r--r--.  1 nobody nogroup  37K Jul 27 20:13 NotoSansThai-Regular.ttf
-rw-r--r--.  1 nobody nogroup  40K Jul 27 20:13 NotoSansThaiUI-Bold.ttf
-rw-r--r--.  1 nobody nogroup  39K Jul 27 20:13 NotoSansThaiUI-Regular.ttf
-rw-r--r--.  1 nobody nogroup 653K Jul 27 20:13 NotoSansTibetan-Bold.ttf
-rw-r--r--.  1 nobody nogroup 693K Jul 27 20:13 NotoSansTibetan-Regular.ttf
-rw-r--r--.  1 nobody nogroup  78K Jul 27 20:13 NotoSansTifinagh-Regular.ttf
-rw-r--r--.  1 nobody nogroup 6.9K Jul 27 20:13 NotoSansUgaritic-Regular.ttf
-rw-r--r--.  1 nobody nogroup  90K Jul 27 20:13 NotoSansVai-Regular.ttf
-rw-r--r--.  1 nobody nogroup 179K Jul 27 20:13 NotoSansYi-Regular.ttf
-rw-r--r--.  1 nobody nogroup  30K Jul 27 20:13 NotoSerifArmenian-Bold.ttf
-rw-r--r--.  1 nobody nogroup  31K Jul 27 20:13 NotoSerifArmenian-Regular.ttf
-rw-r--r--.  1 nobody nogroup 253K Jul 27 20:13 NotoSerifBengali-Bold.ttf
-rw-r--r--.  1 nobody nogroup 258K Jul 27 20:13 NotoSerifBengali-Regular.ttf
-rw-r--r--.  1 nobody nogroup 761K Jul 27 20:13 NotoSerif-BoldItalic.ttf
-rw-r--r--.  1 nobody nogroup 730K Jul 27 20:13 NotoSerif-Bold.ttf
-rw-r--r--.  1 nobody nogroup 292K Jul 27 20:13 NotoSerifDevanagari-Bold.ttf
-rw-r--r--.  1 nobody nogroup 274K Jul 27 20:13 NotoSerifDevanagari-Regular.ttf
-rw-r--r--.  1 nobody nogroup 301K Jul 27 20:13 NotoSerifEthiopic-Bold.ttf
-rw-r--r--.  1 nobody nogroup 303K Jul 27 20:13 NotoSerifEthiopic-Regular.ttf
-rw-r--r--.  1 nobody nogroup  63K Jul 27 20:13 NotoSerifGeorgian-Bold.ttf
-rw-r--r--.  1 nobody nogroup  61K Jul 27 20:13 NotoSerifGeorgian-Regular.ttf
-rw-r--r--.  1 nobody nogroup 146K Jul 27 20:13 NotoSerifGujarati-Bold.ttf
-rw-r--r--.  1 nobody nogroup 143K Jul 27 20:13 NotoSerifGujarati-Regular.ttf
-rw-r--r--.  1 nobody nogroup  31K Jul 27 20:13 NotoSerifHebrew-Bold.ttf
-rw-r--r--.  1 nobody nogroup  30K Jul 27 20:13 NotoSerifHebrew-Regular.ttf
-rw-r--r--.  1 nobody nogroup 740K Jul 27 20:13 NotoSerif-Italic.ttf
-rw-r--r--.  1 nobody nogroup 177K Jul 27 20:13 NotoSerifKannada-Bold.ttf
-rw-r--r--.  1 nobody nogroup 190K Jul 27 20:13 NotoSerifKannada-Regular.ttf
-rw-r--r--.  1 nobody nogroup 149K Jul 27 20:13 NotoSerifKhmer-Bold.ttf
-rw-r--r--.  1 nobody nogroup 151K Jul 27 20:13 NotoSerifKhmer-Regular.ttf
-rw-r--r--.  1 nobody nogroup  45K Jul 27 20:13 NotoSerifLao-Bold.ttf
-rw-r--r--.  1 nobody nogroup  42K Jul 27 20:13 NotoSerifLao-Regular.ttf
-rw-r--r--.  1 nobody nogroup 111K Jul 27 20:13 NotoSerifMalayalam-Bold.ttf
-rw-r--r--.  1 nobody nogroup 110K Jul 27 20:13 NotoSerifMalayalam-Regular.ttf
-rw-r--r--.  1 nobody nogroup 277K Jul 27 20:13 NotoSerifMyanmar-Bold.ttf
-rw-r--r--.  1 nobody nogroup 271K Jul 27 20:13 NotoSerifMyanmar-Regular.ttf
-rw-r--r--.  1 nobody nogroup 696K Jul 27 20:13 NotoSerif-Regular.ttf
-rw-r--r--.  1 nobody nogroup 330K Jul 27 20:13 NotoSerifSinhala-Bold.ttf
-rw-r--r--.  1 nobody nogroup 319K Jul 27 20:13 NotoSerifSinhala-Regular.ttf
-rw-r--r--.  1 nobody nogroup  77K Jul 27 20:13 NotoSerifTamil-Bold.ttf
-rw-r--r--.  1 nobody nogroup  78K Jul 27 20:13 NotoSerifTamil-Regular.ttf
-rw-r--r--.  1 nobody nogroup 325K Jul 27 20:13 NotoSerifTelugu-Bold.ttf
-rw-r--r--.  1 nobody nogroup 305K Jul 27 20:13 NotoSerifTelugu-Regular.ttf
-rw-r--r--.  1 nobody nogroup  46K Jul 27 20:13 NotoSerifThai-Bold.ttf
-rw-r--r--.  1 nobody nogroup  45K Jul 27 20:13 NotoSerifThai-Regular.ttf
-rw-r--r--.  1 nobody nogroup   37 Jul 27 21:05 .uuid

/usr/share/fonts/chromeos/notocjk:
total 128M
drwxr-xr-x.  2 nobody nogroup 4.0K Jul 27 23:42 .
drwxr-xr-x. 14 nobody nogroup 4.0K Jul 27 23:41 ..
-rw-r--r--.  1 nobody nogroup  20M Jul 27 20:13 NotoSansCJK-Bold.ttc
-rw-r--r--.  1 nobody nogroup  18M Jul 27 20:13 NotoSansCJK-Light.ttc
-rw-r--r--.  1 nobody nogroup  19M Jul 27 20:13 NotoSansCJK-Regular.ttc
-rw-r--r--.  1 nobody nogroup  25M Jul 27 20:13 NotoSerifCJK-Bold.ttc
-rw-r--r--.  1 nobody nogroup  24M Jul 27 20:13 NotoSerifCJK-Light.ttc
-rw-r--r--.  1 nobody nogroup  24M Jul 27 20:13 NotoSerifCJK-Regular.ttc
-rw-r--r--.  1 nobody nogroup   37 Jul 27 21:05 .uuid

/usr/share/fonts/chromeos/roboto:
total 5.9M
drwxr-xr-x.  2 nobody nogroup 4.0K Jul 27 23:42 .
drwxr-xr-x. 14 nobody nogroup 4.0K Jul 27 23:41 ..
-rw-r--r--.  1 nobody nogroup 494K Jul 27 20:13 Roboto-BlackItalic.ttf
-rw-r--r--.  1 nobody nogroup 477K Jul 27 20:13 Roboto-Black.ttf
-rw-r--r--.  1 nobody nogroup 501K Jul 27 20:13 Roboto-BoldItalic.ttf
-rw-r--r--.  1 nobody nogroup 483K Jul 27 20:13 Roboto-Bold.ttf
-rw-r--r--.  1 nobody nogroup 501K Jul 27 20:13 Roboto-Italic.ttf
-rw-r--r--.  1 nobody nogroup 507K Jul 27 20:13 Roboto-LightItalic.ttf
-rw-r--r--.  1 nobody nogroup 487K Jul 27 20:13 Roboto-Light.ttf
-rw-r--r--.  1 nobody nogroup 502K Jul 27 20:13 Roboto-MediumItalic.ttf
-rw-r--r--.  1 nobody nogroup 481K Jul 27 20:13 Roboto-Medium.ttf
-rw-r--r--.  1 nobody nogroup 484K Jul 27 20:13 Roboto-Regular.ttf
-rw-r--r--.  1 nobody nogroup 502K Jul 27 20:13 Roboto-ThinItalic.ttf
-rw-r--r--.  1 nobody nogroup 486K Jul 27 20:13 Roboto-Thin.ttf
-rw-r--r--.  1 nobody nogroup   37 Jul 27 21:05 .uuid

/usr/share/fonts/chromeos/tibt-jomolhari:
total 2.2M
drwxr-xr-x.  2 nobody nogroup 4.0K Jul 27 23:42 .
drwxr-xr-x. 14 nobody nogroup 4.0K Jul 27 23:41 ..
-rw-r--r--.  1 nobody nogroup 2.2M Jul 27 20:13 Jomolhari-alpha3c-0605331.ttf
-rw-r--r--.  1 nobody nogroup   37 Jul 27 21:05 .uuid
