2025-04-08 08:12:06+0000 logd[51]: libtrace_kic=0
2025-04-08 08:12:06+0000 logd[51]: _read_kernel_uuid calling _logd_uuiddb_harvest_kernel for FAD66064-42E1-3834-A041-64EB64CDD8CD
2025-04-08 08:12:06+0000 logd[51]: _logd_read_kernel_info calling _logd_uuiddb_harvest_kernel for FAD66064-42E1-3834-A041-64EB64CDD8CD
2025-04-08 08:12:06+0000 logd[51]: Invalid syslog socket fd: -1
2025-04-08 08:12:07+0000 logd_helper[80]: Harvesting: 9FDABF3B-207B-32F8-9568-A0EB0343F7E0
2025-04-08 08:12:09+0000 logd_helper[80]: Harvest Complete for 9FDABF3B-207B-32F8-9568-A0EB0343F7E0: 0
2025-04-08 08:12:43+0000 logd[51]: Error connecting to logd_helper: Connection invalid
2025-04-08 08:12:43+0000 logd[51]: Error connecting to logd_helper: Connection invalid
2025-04-08 08:12:43+0000 logd[51]: Error connecting to logd_helper: Connection invalid
2025-04-08 08:12:43+0000 logd[51]: Error connecting to logd_helper: Connection invalid
2025-04-08 08:12:43+0000 logd[51]: Error connecting to logd_helper: Connection invalid
2025-04-08 08:12:43+0000 logd[51]: Error connecting to logd_helper: Connection invalid
2025-04-08 08:12:43+0000 logd[51]: Error connecting to logd_helper: Connection invalid
2025-04-08 08:12:43+0000 logd[51]: Error connecting to logd_helper: Connection invalid
2025-04-08 08:12:43+0000 logd[51]: Error connecting to logd_helper: Connection invalid
2025-04-08 08:12:43+0000 logd[51]: Error connecting to logd_helper: Connection invalid
2025-04-08 08:12:43+0000 logd[51]: Error connecting to logd_helper: Connection invalid
2025-04-08 08:12:43+0000 logd[51]: Error connecting to logd_helper: Connection invalid
2025-04-08 08:12:43+0000 logd[51]: Error connecting to logd_helper: Connection invalid
2025-04-08 08:12:43+0000 logd[51]: Error connecting to logd_helper: Connection invalid
2025-04-08 08:12:43+0000 logd[51]: No userlevel firehose clients left
2025-06-13 19:56:26+0000 logd[51]: libtrace_kic=0
2025-06-13 19:56:26+0000 logd[51]: _read_kernel_uuid calling _logd_uuiddb_harvest_kernel for AAF3C70C-3331-335A-96FB-D338CFE178F0
2025-06-13 19:56:26+0000 logd[51]: _logd_read_kernel_info calling _logd_uuiddb_harvest_kernel for AAF3C70C-3331-335A-96FB-D338CFE178F0
2025-06-13 19:56:26+0000 logd[51]: Invalid syslog socket fd: -1
2025-06-13 19:56:26+0000 logd_helper[80]: Harvesting: 8127C69A-966F-3C91-8C4C-42E95B6B6BC4
2025-06-13 19:56:29+0000 logd_helper[80]: Harvest Complete for 8127C69A-966F-3C91-8C4C-42E95B6B6BC4: 0
2025-06-13 19:58:48+0000 logd[51]: Error connecting to logd_helper: Connection invalid
2025-06-13 19:58:48+0000 logd[51]: Error connecting to logd_helper: Connection invalid
2025-06-13 19:58:48+0000 logd[51]: Error connecting to logd_helper: Connection invalid
2025-06-13 19:58:48+0000 logd[51]: Error connecting to logd_helper: Connection invalid
2025-06-13 19:58:48+0000 logd[51]: Error connecting to logd_helper: Connection invalid
2025-06-13 19:58:48+0000 logd[51]: Error connecting to logd_helper: Connection invalid
2025-06-13 19:58:48+0000 logd[51]: Error connecting to logd_helper: Connection invalid
2025-06-13 19:58:48+0000 logd[51]: Error connecting to logd_helper: Connection invalid
2025-06-13 19:58:48+0000 logd[51]: Error connecting to logd_helper: Connection invalid
2025-06-13 19:58:48+0000 logd[51]: Error connecting to logd_helper: Connection invalid
2025-06-13 19:58:48+0000 logd[51]: Error connecting to logd_helper: Connection invalid
2025-06-13 19:58:48+0000 logd[51]: Error connecting to logd_helper: Connection invalid
2025-06-13 19:58:48+0000 logd[51]: Error connecting to logd_helper: Connection invalid
2025-06-13 19:58:48+0000 logd[51]: Error connecting to logd_helper: Connection invalid
2025-06-13 19:58:48+0000 logd[51]: Error connecting to logd_helper: Connection invalid
2025-06-13 19:58:48+0000 logd[51]: Error connecting to logd_helper: Connection invalid
2025-06-13 19:58:49+0000 logd[51]: No userlevel firehose clients left
