Instances: 9
2    0694FF12-E36D-45FC-8BA7-2772EE2597FD
     Port[ 0] kernel_task.0          (fd -1)	
2    0694FF12-E36D-45FC-8BA7-2772EE2597FD
     Port[ 1] kernel_task.0          (fd -1)	
5    631AB7DA-EA52-4B39-94D7-99572ECD01C3
     Port[ 0] identityservice.408    (fd 21)	
6    81F017CE-63E0-4CAA-8719-3939BDABCFD2
     Port[ 2] apsd.121               (fd 10)	 flags=18<USER_PACKET_POOL,DEFUNCT_OK>
6    81F017CE-63E0-4CAA-8719-3939BDABCFD2
     Port[ 3] StocksWidget.36123     (fd 13)	 flags=80000018<USER_PACKET_POOL,DEFUNCT_OK,DEFUNCT>
6    81F017CE-63E0-4CAA-8719-3939BDABCFD2
     Port[ 4] WeatherWidget.36121    (fd 10)	 flags=80000018<USER_PACKET_POOL,DEFUNCT_OK,DEFUNCT>
6    81F017CE-63E0-4CAA-8719-3939BDABCFD2
     Port[ 5] syspolicyd.33234       (fd 19)	 flags=18<USER_PACKET_POOL,DEFUNCT_OK>
9    C3EA916D-6A40-46F3-994F-2E702D2E249D
     Port[ 0] kernel_task.0          (fd -1)	
9    C3EA916D-6A40-46F3-994F-2E702D2E249D
     Port[ 1] kernel_task.0          (fd -1)	

net-if com.apple.netif.en0 9455EEC3-BAAF-4B8C-9A91-5B34EC657943
	instance C3EA916D-6A40-46F3-994F-2E702D2E249D
flow-switch com.apple.flowswitch.en0 0F4CDEE5-F5D8-4DEE-9A0E-C1A5B7E506EB
	instance 81F017CE-63E0-4CAA-8719-3939BDABCFD2
net-if com.apple.netif.en1 6DEE6760-AD6B-421C-9CF9-E190F93D4192
	instance 97EC1FF1-31C1-4D75-A085-C7970DA97929
net-if com.apple.netif.en2 FD444589-4453-4D10-9843-076BE65A1805
	instance 59364FB3-869A-4783-B1CB-60D0EA45EED6
net-if com.apple.netif.p2p0 C3F89DB8-F7C8-41F3-9FBD-B39A358AC06C
	instance E888067C-ACF7-4C58-BE98-06D8D90D16D6
net-if com.apple.netif.awdl0 8593F845-E966-4F73-8C4C-3CBB87B3070A
	instance 0694FF12-E36D-45FC-8BA7-2772EE2597FD
net-if AirPort_Brcm43xxLLSkywalkInterface.llw0 C359A9B0-1DCC-4F0B-BF02-DAF34D20774B [anon]
	instance A43A6795-16D1-4AA9-A76C-6A2B33C8CC85
flow-switch com.apple.flowswitch.awdl0 61583A91-2AC3-45A9-BC82-3069001F809D
	instance 1D964B86-2583-4D60-AFC2-297714E68466
kernel-pipe com.apple.nexus.utun.kpipe 87169F2E-488A-45E7-A478-9C58651C40E9
	instance 631AB7DA-EA52-4B39-94D7-99572ECD01C3
user-pipe IDSClientChannelNexus 1719071C-6DC8-42A3-B4B9-FCC42AC02E74
user-pipe IDSClientChannelNexusOS 51D33176-0DE9-4677-908C-494061CE0F9F
user-pipe IDSLocalMultiplexerNexus CB5ED56C-0508-49C7-8DAE-D67997EE1E3C
user-pipe IDSMultiplexNexusOS ABF25C95-0DB2-4E89-AEEC-16A7FE18B183
user-pipe com.apple.bluetooth.Pipe 3147484E-A9DE-448B-9300-93AF876D29BE
{
"uuid":"00000000-0000-0000-0000-000000000000",
"type":"root",
"children": [
   {
   "uuid":"9455EEC3-BAAF-4B8C-9A91-5B34EC657943",
   "type":"nexus_provider",
   "name":"com.apple.netif.en0",
   "provider_type":"net-if",
   "flags":2,
   "anonymous":false,
   "format":0,
   "tx_rings":1,
   "rx_rings":1,
   "tx_slots":128,
   "rx_slots":128,
   "buf_size":128,
   "meta_size":256,
   "pipes":0,
   "mhints":0,
   "ifindex":4,
   "children": [
      {
      "uuid":"C3EA916D-6A40-46F3-994F-2E702D2E249D",
      "type":"nexus",
      "children": [
         {
         "uuid":"05C2313D-3BA2-4629-B3E4-347C463F6626",
         "type":"channel",
         "flags":0,
         "pid":0,
         "proc_name":"kernel_task",
         "fd":-1,
         "port":0,
         "n_tx_rings":0,
         "n_rx_rings":1,
         "children": []
         },
         {
         "uuid":"8F4BC195-69C8-46AD-8D1C-F9C8ED899BFA",
         "type":"channel",
         "flags":0,
         "pid":0,
         "proc_name":"kernel_task",
         "fd":-1,
         "port":1,
         "n_tx_rings":1,
         "n_rx_rings":0,
         "children": []
         } 
      ]
      } 
   ]
   },
   {
   "uuid":"0F4CDEE5-F5D8-4DEE-9A0E-C1A5B7E506EB",
   "type":"nexus_provider",
   "name":"com.apple.flowswitch.en0",
   "provider_type":"flow-switch",
   "flags":2,
   "anonymous":false,
   "format":0,
   "tx_rings":1,
   "rx_rings":1,
   "tx_slots":256,
   "rx_slots":1024,
   "buf_size":2048,
   "meta_size":256,
   "pipes":0,
   "mhints":0,
   "ifindex":4,
   "children": [
      {
      "uuid":"81F017CE-63E0-4CAA-8719-3939BDABCFD2",
      "type":"nexus",
      "children": [
         {
         "uuid":"DCADB6FA-6A19-4657-A6B6-443307BD5A36",
         "type":"channel",
         "flags":24,
         "pid":121,
         "proc_name":"apsd",
         "fd":10,
         "port":2,
         "n_tx_rings":1,
         "n_rx_rings":1,
         "children": [
            {
            "uuid":"00000000-0000-0000-0000-000000000000",
            "type":"flow",
            "local_addr":"172.16.0.217",
            "local_port":60782,
            "remote_addr":"17.57.144.245",
            "remote_port":5223,
            "protocol":"tcp",
            "in_bytes":12589,
            "out_bytes":26675,
            "in_packets":119,
            "out_packets":142,
            "interface":"en0",
            "flags":"tc-q-we------- ",
            "local_state":"ESTABLISHED",
            "remote_state":"ESTABLISHED",
            "process":"apsd",
            "pid":121,
            "eprocess":"",
            "epid":-1,
            "children": []
            } 
         ]
         },
         {
         "uuid":"FAEE3ADE-B2A3-41DA-B6B8-36FEB220FD4B",
         "type":"channel",
         "flags":-2147483624,
         "pid":36342,
         "proc_name":"NewsToday2",
         "fd":12,
         "port":3,
         "n_tx_rings":1,
         "n_rx_rings":1,
         "children": []
         },
         {
         "uuid":"0BF28051-F412-4C79-89AC-AF4B018F2F37",
         "type":"channel",
         "flags":24,
         "pid":33234,
         "proc_name":"syspolicyd",
         "fd":19,
         "port":5,
         "n_tx_rings":1,
         "n_rx_rings":1,
         "children": []
         },
         {
         "uuid":"52F5B5B5-70F6-4A54-B54C-9686FE9FA9B1",
         "type":"channel",
         "flags":24,
         "pid":36042,
         "proc_name":"com.apple.geod",
         "fd":14,
         "port":6,
         "n_tx_rings":1,
         "n_rx_rings":1,
         "children": [
            {
            "uuid":"00000000-0000-0000-0000-000000000000",
            "type":"flow",
            "local_addr":"172.16.0.217",
            "local_port":61551,
            "remote_addr":"17.253.7.200",
            "remote_port":443,
            "protocol":"tcp",
            "in_bytes":4536,
            "out_bytes":1576,
            "in_packets":8,
            "out_packets":11,
            "interface":"en0",
            "flags":"tc-q-we------- ",
            "local_state":"ESTABLISHED",
            "remote_state":"ESTABLISHED",
            "process":"com.apple.geod",
            "pid":36042,
            "eprocess":"",
            "epid":-1,
            "children": []
            } 
         ]
         } 
      ]
      } 
   ]
   },
   {
   "uuid":"6DEE6760-AD6B-421C-9CF9-E190F93D4192",
   "type":"nexus_provider",
   "name":"com.apple.netif.en1",
   "provider_type":"net-if",
   "flags":2,
   "anonymous":false,
   "format":0,
   "tx_rings":1,
   "rx_rings":1,
   "tx_slots":512,
   "rx_slots":1024,
   "buf_size":128,
   "meta_size":256,
   "pipes":0,
   "mhints":0,
   "ifindex":5,
   "children": [
      {
      "uuid":"97EC1FF1-31C1-4D75-A085-C7970DA97929",
      "type":"nexus",
      "children": []
      } 
   ]
   },
   {
   "uuid":"FD444589-4453-4D10-9843-076BE65A1805",
   "type":"nexus_provider",
   "name":"com.apple.netif.en2",
   "provider_type":"net-if",
   "flags":2,
   "anonymous":false,
   "format":0,
   "tx_rings":1,
   "rx_rings":1,
   "tx_slots":512,
   "rx_slots":1024,
   "buf_size":128,
   "meta_size":256,
   "pipes":0,
   "mhints":0,
   "ifindex":6,
   "children": [
      {
      "uuid":"59364FB3-869A-4783-B1CB-60D0EA45EED6",
      "type":"nexus",
      "children": []
      } 
   ]
   },
   {
   "uuid":"C3F89DB8-F7C8-41F3-9FBD-B39A358AC06C",
   "type":"nexus_provider",
   "name":"com.apple.netif.p2p0",
   "provider_type":"net-if",
   "flags":2,
   "anonymous":false,
   "format":0,
   "tx_rings":1,
   "rx_rings":1,
   "tx_slots":128,
   "rx_slots":128,
   "buf_size":128,
   "meta_size":256,
   "pipes":0,
   "mhints":0,
   "ifindex":8,
   "children": [
      {
      "uuid":"E888067C-ACF7-4C58-BE98-06D8D90D16D6",
      "type":"nexus",
      "children": []
      } 
   ]
   },
   {
   "uuid":"8593F845-E966-4F73-8C4C-3CBB87B3070A",
   "type":"nexus_provider",
   "name":"com.apple.netif.awdl0",
   "provider_type":"net-if",
   "flags":2,
   "anonymous":false,
   "format":0,
   "tx_rings":1,
   "rx_rings":1,
   "tx_slots":128,
   "rx_slots":128,
   "buf_size":128,
   "meta_size":256,
   "pipes":0,
   "mhints":0,
   "ifindex":9,
   "children": [
      {
      "uuid":"0694FF12-E36D-45FC-8BA7-2772EE2597FD",
      "type":"nexus",
      "children": [
         {
         "uuid":"7E318F7D-4412-4DD2-BAB4-D39DB53C883F",
         "type":"channel",
         "flags":0,
         "pid":0,
         "proc_name":"kernel_task",
         "fd":-1,
         "port":0,
         "n_tx_rings":0,
         "n_rx_rings":1,
         "children": []
         },
         {
         "uuid":"02F1BEE5-1104-4080-832C-423A17261001",
         "type":"channel",
         "flags":0,
         "pid":0,
         "proc_name":"kernel_task",
         "fd":-1,
         "port":1,
         "n_tx_rings":1,
         "n_rx_rings":0,
         "children": []
         } 
      ]
      } 
   ]
   },
   {
   "uuid":"C359A9B0-1DCC-4F0B-BF02-DAF34D20774B",
   "type":"nexus_provider",
   "name":"AirPort_Brcm43xxLLSkywalkInterface.llw0",
   "provider_type":"net-if",
   "flags":3,
   "anonymous":true,
   "format":0,
   "tx_rings":1,
   "rx_rings":1,
   "tx_slots":512,
   "rx_slots":8,
   "buf_size":2048,
   "meta_size":256,
   "pipes":0,
   "mhints":0,
   "ifindex":0,
   "children": [
      {
      "uuid":"A43A6795-16D1-4AA9-A76C-6A2B33C8CC85",
      "type":"nexus",
      "children": []
      } 
   ]
   },
   {
   "uuid":"61583A91-2AC3-45A9-BC82-3069001F809D",
   "type":"nexus_provider",
   "name":"com.apple.flowswitch.awdl0",
   "provider_type":"flow-switch",
   "flags":2,
   "anonymous":false,
   "format":0,
   "tx_rings":1,
   "rx_rings":1,
   "tx_slots":256,
   "rx_slots":1024,
   "buf_size":2048,
   "meta_size":256,
   "pipes":0,
   "mhints":0,
   "ifindex":9,
   "children": [
      {
      "uuid":"1D964B86-2583-4D60-AFC2-297714E68466",
      "type":"nexus",
      "children": []
      } 
   ]
   },
   {
   "uuid":"87169F2E-488A-45E7-A478-9C58651C40E9",
   "type":"nexus_provider",
   "name":"com.apple.nexus.utun.kpipe",
   "provider_type":"kernel-pipe",
   "flags":2,
   "anonymous":false,
   "format":0,
   "tx_rings":1,
   "rx_rings":1,
   "tx_slots":64,
   "rx_slots":64,
   "buf_size":2048,
   "meta_size":128,
   "pipes":0,
   "mhints":0,
   "ifindex":0,
   "children": [
      {
      "uuid":"631AB7DA-EA52-4B39-94D7-99572ECD01C3",
      "type":"nexus",
      "children": [
         {
         "uuid":"E4924DCB-A725-4C87-81E0-E3C3ED8EDA0A",
         "type":"channel",
         "flags":0,
         "pid":408,
         "proc_name":"identityservice",
         "fd":21,
         "port":0,
         "n_tx_rings":1,
         "n_rx_rings":1,
         "children": []
         } 
      ]
      } 
   ]
   },
   {
   "uuid":"1719071C-6DC8-42A3-B4B9-FCC42AC02E74",
   "type":"nexus_provider",
   "name":"IDSClientChannelNexus",
   "provider_type":"user-pipe",
   "flags":2,
   "anonymous":false,
   "format":0,
   "tx_rings":1,
   "rx_rings":1,
   "tx_slots":128,
   "rx_slots":128,
   "buf_size":2048,
   "meta_size":128,
   "pipes":0,
   "mhints":0,
   "ifindex":0,
   "children": []
   },
   {
   "uuid":"51D33176-0DE9-4677-908C-494061CE0F9F",
   "type":"nexus_provider",
   "name":"IDSClientChannelNexusOS",
   "provider_type":"user-pipe",
   "flags":2,
   "anonymous":false,
   "format":0,
   "tx_rings":1,
   "rx_rings":1,
   "tx_slots":256,
   "rx_slots":256,
   "buf_size":2048,
   "meta_size":128,
   "pipes":0,
   "mhints":0,
   "ifindex":0,
   "children": []
   },
   {
   "uuid":"CB5ED56C-0508-49C7-8DAE-D67997EE1E3C",
   "type":"nexus_provider",
   "name":"IDSLocalMultiplexerNexus",
   "provider_type":"user-pipe",
   "flags":2,
   "anonymous":false,
   "format":0,
   "tx_rings":1,
   "rx_rings":1,
   "tx_slots":128,
   "rx_slots":128,
   "buf_size":2048,
   "meta_size":128,
   "pipes":0,
   "mhints":0,
   "ifindex":0,
   "children": []
   },
   {
   "uuid":"ABF25C95-0DB2-4E89-AEEC-16A7FE18B183",
   "type":"nexus_provider",
   "name":"IDSMultiplexNexusOS",
   "provider_type":"user-pipe",
   "flags":2,
   "anonymous":false,
   "format":0,
   "tx_rings":1,
   "rx_rings":1,
   "tx_slots":128,
   "rx_slots":128,
   "buf_size":2048,
   "meta_size":128,
   "pipes":0,
   "mhints":0,
   "ifindex":0,
   "children": []
   },
   {
   "uuid":"3147484E-A9DE-448B-9300-93AF876D29BE",
   "type":"nexus_provider",
   "name":"com.apple.bluetooth.Pipe",
   "provider_type":"user-pipe",
   "flags":2,
   "anonymous":false,
   "format":0,
   "tx_rings":1,
   "rx_rings":1,
   "tx_slots":32,
   "rx_slots":32,
   "buf_size":2048,
   "meta_size":128,
   "pipes":0,
   "mhints":0,
   "ifindex":0,
   "children": []
   } 
]
}
flow-switch 81F017CE-63E0-4CAA-8719-3939BDABCFD2 com.apple.flowswitch.en0
	Port[ 2] apsd.121              
		 172.16.0.217.60782 <-> 17.57.144.245.5223
	Port[ 3] NewsToday2.36342      defunct
	Port[ 6] com.apple.geod.36042  
		 172.16.0.217.61551 <-> 17.253.7.200.443
flow-switch 1D964B86-2583-4D60-AFC2-297714E68466 com.apple.flowswitch.awdl0
net-if com.apple.netif.en0 9455EEC3-BAAF-4B8C-9A91-5B34EC657943
	instance C3EA916D-6A40-46F3-994F-2E702D2E249D
flow-switch com.apple.flowswitch.en0 0F4CDEE5-F5D8-4DEE-9A0E-C1A5B7E506EB
	instance 81F017CE-63E0-4CAA-8719-3939BDABCFD2
net-if com.apple.netif.en1 6DEE6760-AD6B-421C-9CF9-E190F93D4192
	instance 97EC1FF1-31C1-4D75-A085-C7970DA97929
net-if com.apple.netif.en2 FD444589-4453-4D10-9843-076BE65A1805
	instance 59364FB3-869A-4783-B1CB-60D0EA45EED6
net-if com.apple.netif.p2p0 C3F89DB8-F7C8-41F3-9FBD-B39A358AC06C
	instance E888067C-ACF7-4C58-BE98-06D8D90D16D6
net-if com.apple.netif.awdl0 8593F845-E966-4F73-8C4C-3CBB87B3070A
	instance 0694FF12-E36D-45FC-8BA7-2772EE2597FD
net-if AirPort_Brcm43xxLLSkywalkInterface.llw0 C359A9B0-1DCC-4F0B-BF02-DAF34D20774B [anon]
	instance A43A6795-16D1-4AA9-A76C-6A2B33C8CC85
flow-switch com.apple.flowswitch.awdl0 61583A91-2AC3-45A9-BC82-3069001F809D
	instance 1D964B86-2583-4D60-AFC2-297714E68466
kernel-pipe com.apple.nexus.utun.kpipe 87169F2E-488A-45E7-A478-9C58651C40E9
	instance 631AB7DA-EA52-4B39-94D7-99572ECD01C3
user-pipe IDSClientChannelNexus 1719071C-6DC8-42A3-B4B9-FCC42AC02E74
user-pipe IDSClientChannelNexusOS 51D33176-0DE9-4677-908C-494061CE0F9F
user-pipe IDSLocalMultiplexerNexus CB5ED56C-0508-49C7-8DAE-D67997EE1E3C
user-pipe IDSMultiplexNexusOS ABF25C95-0DB2-4E89-AEEC-16A7FE18B183
user-pipe com.apple.bluetooth.Pipe 3147484E-A9DE-448B-9300-93AF876D29BE
Proto Local Address                                 Remote Address                                InBytes      OutBytes     InPkts/InSPkts     OutPkts/OutSPkts   SvC NetIf    Port Adv Flags          Local State  Remote State Local RTT  Remote RTT Process.PID
 tcp4 172.16.0.217.61710                            151.101.1.91.https                            3749         0            14/11              0/0                BE  en0      1    -   -c-q----------  CLOSED       CLOSED                             kernel_task.0(firefox.381)
 tcp4 172.16.0.217.61689                            93.243.107.34.bc.googleuserconten.https       1909         0            10/10              0/0                BE  en0      1    -   -c-q----------  CLOSED       CLOSED                             kernel_task.0(firefox.381)
 tcp4 172.16.0.217.61704                            atl26s29-in-f14.1e100.net.https               7897         0            47/34              0/0                BE  en0      1    -   -c-q----------  CLOSED       CLOSED                             kernel_task.0(firefox.381)
 tcp4 172.16.0.217.61682                            ncorda-ak-in-f14.1e100.net.https              49875        0            304/230            0/0                BE  en0      1    -   -c-q----------  CLOSED       CLOSED                             kernel_task.0(firefox.381)
 tcp4 172.16.0.217.61577                            pnorda-an-in-f10.1e100.net.https              44552        0            453/341            0/0                BE  en0      1    -   -c-q----------  CLOSED       CLOSED                             kernel_task.0(firefox.381)
 tcp4 172.16.0.217.61576                            pnorda-an-in-f10.1e100.net.https              179265       0            1200/1052          0/0                BE  en0      1    -   -c-q----------  CLOSED       CLOSED                             kernel_task.0(firefox.381)
 tcp4 172.16.0.217.61698                            pnorda-ao-in-f10.1e100.net.https              12513        0            61/42              0/0                BE  en0      1    -   -c-q----------  CLOSED       CLOSED                             kernel_task.0(firefox.381)
 tcp4 172.16.0.217.61709                            151.101.193.91.https                          2391         0            11/11              0/0                BE  en0      1    -   -c-q----------  CLOSED       CLOSED                             kernel_task.0(firefox.381)
 tcp4 172.16.0.217.61712                            151.101.1.91.https                            2484         0            10/8               0/0                BE  en0      1    -   -c-q----------  CLOSED       CLOSED                             kernel_task.0(firefox.381)
 tcp4 172.16.0.217.61702                            ncorda-al-in-f10.1e100.net.https              3754         0            17/13              0/0                BE  en0      1    -   -c-q----------  CLOSED       CLOSED                             kernel_task.0(firefox.381)
 tcp4 172.16.0.217.61014                            104.18.41.41.https                            13294957     0            31880/28698        0/0                BE  en0      1    -   -c-q----------  CLOSED       CLOSED                             kernel_task.0(firefox.381)
 tcp4 172.16.0.217.61693                            lb-140-82-114-26-iad.github.com.https         5349         0            20/19              0/0                BE  en0      1    -   -c-q----------  CLOSED       CLOSED                             kernel_task.0(firefox.381)
 tcp4 172.16.0.217.61707                            pnorda-ao-in-f10.1e100.net.https              3579         0            16/14              0/0                BE  en0      1    -   -c-q----------  CLOSED       CLOSED                             kernel_task.0(firefox.381)
 tcp4 172.16.0.217.61701                            ncorda-al-in-f10.1e100.net.https              6825         0            27/21              0/0                BE  en0      1    -   -c-q----------  CLOSED       CLOSED                             kernel_task.0(firefox.381)
 tcp4 172.16.0.217.61703                            pnorda-am-in-f9.1e100.net.https               5131         0            22/18              0/0                BE  en0      1    -   -c-q----------  CLOSED       CLOSED                             kernel_task.0(firefox.381)
 tcp4 172.16.0.217.60619                            162.159.61.4.https                            1625458      0            5242/3821          0/0                BE  en0      1    -   -c-q----------  CLOSED       CLOSED                             kernel_task.0(firefox.381)
 tcp4 172.16.0.217.61711                            151.101.1.91.https                            15546        0            26/16              0/0                BE  en0      1    -   -c-q----------  CLOSED       CLOSED                             kernel_task.0(firefox.381)
 tcp4 172.16.0.217.60782                            17.57.144.245.5223                            12665        26813        120/119            144/0              RD  en0      2    1   tc-q-we-------  ESTABLISHED  ESTABLISHED   15.44 ms    57.76 ms apsd.121
Proto RefCnt Pid   ePid 
0     3      0     0    
1     2      0     0    
2     1      0     0    
4     2      0     0    
6     2      0     0    
17    2      0     0    
41    3      0     0    
43    1      0     0    
44    1      0     0    
47    1      0     0    
50    2      0     0    
51    2      0     0    
58    2      0     0    
60    1      0     0    
255   2      0     0    
tcp port reservations for global namespace
    PORT(S)    SKYWALK        BSD   LISTENER
         88          0          1          0
      60619          0          1          0
      60782          1          0          0
      61014          0          1          0
      61576          0          1          0
      61577          0          1          0
      61682          0          1          0
      61689          0          1          0
      61693          0          1          0
      61698          0          1          0
      61703          0          1          0
      61704          0          1          0
      61707          0          1          0
      61709          0          1          0
      61710          0          1          0
      61711          0          1          0
      61712          0          1          0
      61714          0          1          0
      61715          0          1          0
--------------------------------------------
udp port reservations for global namespace
    PORT(S)    SKYWALK        BSD   LISTENER
      58008          0          1          0
--------------------------------------------
tcp port reservations for global namespace
    PORT(S)    SKYWALK        BSD   LISTENER
--------------------------------------------
udp port reservations for global namespace
    PORT(S)    SKYWALK        BSD   LISTENER
--------------------------------------------
tcp port reservations for 0.0.0.0
    PORT(S)    SKYWALK        BSD   LISTENER
       5900          0          1          0
--------------------------------------------
tcp port reservations for 127.0.0.1
    PORT(S)    SKYWALK        BSD   LISTENER
         88          0          1          0
--------------------------------------------
tcp port reservations for 172.16.0.217
    PORT(S)    SKYWALK        BSD   LISTENER
      60619          0          1          0
      60782          1          0          0
      61014          0          1          0
      61576          0          1          0
      61577          0          1          0
      61682          0          1          0
      61689          0          1          0
      61693          0          1          0
      61698          0          1          0
      61703          0          1          0
      61704          0          1          0
      61707          0          1          0
      61709          0          1          0
      61710          0          1          0
      61711          0          1          0
      61712          0          1          0
      61714          0          1          0
      61715          0          1          0
--------------------------------------------
udp port reservations for 0.0.0.0
    PORT(S)    SKYWALK        BSD   LISTENER
         88          0          1          0
        137          0          1          0
        138          0          1          0
       5353          0          1          0
      54410          0          1          0
      55473          0          1          0
      62735          0          1          0
--------------------------------------------
udp port reservations for 127.0.0.1
    PORT(S)    SKYWALK        BSD   LISTENER
      58008          0          1          0
--------------------------------------------
tcp port reservations for ::
    PORT(S)    SKYWALK        BSD   LISTENER
         88          0          1          0
       5900          0          1          0
--------------------------------------------
udp port reservations for ::
    PORT(S)    SKYWALK        BSD   LISTENER
         88          0          1          0
       5353          0          1          0
--------------------------------------------
netif:
awdl0
0694FF12-E36D-45FC-8BA7-2772EE2597FD
	RxPackets               : 39
	RxIRQ                   : 39
	RxIRQMIT                : 12
	RxCopyAttach            : 39
	RxSYNC                  : 12
en0
C3EA916D-6A40-46F3-994F-2E702D2E249D
	RxPackets               : 30983347
	RxIRQ                   : 30983347
	RxIRQMIT                : 6769827
	RxCopyAttach            : 30983347
	RxSYNC                  : 6769827
en1
97EC1FF1-31C1-4D75-A085-C7970DA97929
en2
59364FB3-869A-4783-B1CB-60D0EA45EED6
llw0
A43A6795-16D1-4AA9-A76C-6A2B33C8CC85
	LLinkAdd                : 1
p2p0
E888067C-ACF7-4C58-BE98-06D8D90D16D6
Proto Local Address                                 Remote Address                                InBytes      OutBytes     InPkts/InSPkts     OutPkts/OutSPkts   SvC NetIf    Port Adv Flags          Local State  Remote State Local RTT  Remote RTT Process.PID
 tcp4 172.16.0.217.61722                            191.144.160.34.bc.googleuserconte.https       4496         0            13/12              0/0                BE  en0      1    -   -c-q----------  CLOSED       CLOSED                             kernel_task.0(firefox.381)
 tcp4 172.16.0.217.61716                            ncorda-ao-in-f10.1e100.net.https              20715        0            56/41              0/0                BE  en0      1    -   -c-q----------  CLOSED       CLOSED                             kernel_task.0(firefox.381)
 tcp4 172.16.0.217.60619                            162.159.61.4.https                            1659262      0            5349/3896          0/0                BE  en0      1    -   -c-q----------  CLOSED       CLOSED                             kernel_task.0(firefox.381)
 tcp4 172.16.0.217.61717                            qro02s28-in-f14.1e100.net.https               15063        0            91/81              0/0                BE  en0      1    -   -c-q----------  CLOSED       CLOSED                             kernel_task.0(firefox.381)
 tcp4 172.16.0.217.61689                            93.243.107.34.bc.googleuserconten.https       2095         0            11/11              0/0                BE  en0      1    -   -c-q----------  CLOSED       CLOSED                             kernel_task.0(firefox.381)
 tcp4 172.16.0.217.61704                            atl26s29-in-f14.1e100.net.https               49856        0            103/60             0/0                BE  en0      1    -   -c-q----------  CLOSED       CLOSED                             kernel_task.0(firefox.381)
 tcp4 172.16.0.217.61577                            pnorda-an-in-f10.1e100.net.https              49425        0            505/377            0/0                BE  en0      1    -   -c-q----------  CLOSED       CLOSED                             kernel_task.0(firefox.381)
 tcp4 172.16.0.217.61576                            pnorda-an-in-f10.1e100.net.https              197941       0            1326/1165          0/0                BE  en0      1    -   -c-q----------  CLOSED       CLOSED                             kernel_task.0(firefox.381)
 tcp4 172.16.0.217.61721                            151.101.193.91.https                          258481       0            212/50             0/0                BE  en0      1    -   -c-q----------  CLOSED       CLOSED                             kernel_task.0(firefox.381)
 tcp4 172.16.0.217.61014                            104.18.41.41.https                            13492315     0            32318/29083        0/0                BE  en0      1    -   -c-q----------  CLOSED       CLOSED                             kernel_task.0(firefox.381)
 tcp4 172.16.0.217.61693                            lb-140-82-114-26-iad.github.com.https         5977         0            28/27              0/0                BE  en0      1    -   -c-q----------  CLOSED       CLOSED                             kernel_task.0(firefox.381)
 tcp4 172.16.0.217.61718                            ncorda-as-in-f10.1e100.net.https              3696         0            17/14              0/0                BE  en0      1    -   -c-q----------  CLOSED       CLOSED                             kernel_task.0(firefox.381)
 tcp4 172.16.0.217.60782                            17.57.144.245.5223                            12665        26813        120/119            144/0              RD  en0      2    1   tc-q-we-------  ESTABLISHED  ESTABLISHED   15.44 ms    57.76 ms apsd.121
 tcp4 172.16.0.217.61554                            usmes2-vip-bx-002.aaplimg.com.https           5385         1508         9/8                10/0               BE  en0      5    0   tc-q-we-------  ESTABLISHED  ESTABLISHED    8.43 ms    16.28 ms nsurlsessiond.223
 tcp4 172.16.0.217.61553                            a23-213-53-138.deploy.static.akam.https       4795         1386         9/8                10/0               BE  en0      4    1   tc-q-we-------  ESTABLISHED  ESTABLISHED    0.59 ms     6.79 ms com.apple.geod.36460
 tcp4 172.16.0.217.61552                            usmes2-vip-bx-002.aaplimg.com.https           5488         1586         10/9               12/0               BE  en0      4    0   tc-q-we-------  CLOSING      FIN_WAIT_2     0.42 ms    15.69 ms com.apple.geod.36460
Local Address                            Remote Address                           Gateway Address                          MAC Address          NetIf   Refs Expire  bidx ibidx  Flags
172.16.0.217                             a23-213-53-138.deploy.static.akamaitechnologies.com 172.16.0.1                               54:f0:b1:c9:db:84      en0      0    575     4     1  -gri---
172.16.0.217                             151.101.3.6                              172.16.0.1                               54:f0:b1:c9:db:84      en0      0    218    15    11  -gri---
172.16.0.217                             17.248.210.64                            172.16.0.1                               54:f0:b1:c9:db:84      en0      0    523    15     5  -gri---
172.16.0.217                             17.248.207.25                            172.16.0.1                               54:f0:b1:c9:db:84      en0      0    190    22     4  -gri---
172.16.0.217                             17.248.207.17                            172.16.0.1                               54:f0:b1:c9:db:84      en0      0    221    26    12  -gri---
172.16.0.217                             usatl4-vip-get-003.b.aaplimg.com         172.16.0.1                               54:f0:b1:c9:db:84      en0      0    302    59     8  -gri---
172.16.0.217                             one.one.one.one                          172.16.0.1                               54:f0:b1:c9:db:84      en0      1      0    64     7  -gri---
172.16.0.217                             17.57.144.245                            172.16.0.1                               54:f0:b1:c9:db:84      en0      1      0    65     9  -gri---
172.16.0.217                             usmes2-vip-bx-002.aaplimg.com            172.16.0.1                               54:f0:b1:c9:db:84      en0      0    574    90     1  -gri---
172.16.0.217                             usmes2-vip-bx-001.aaplimg.com            172.16.0.1                               54:f0:b1:c9:db:84      en0      1      0   105     2  -gri---
172.16.0.217                             a23-213-53-154.deploy.static.akamaitechnologies.com 172.16.0.1                               54:f0:b1:c9:db:84      en0      1      0   115     8  -gri---
flowswitch:
awdl0
1D964B86-2583-4D60-AFC2-297714E68466
	RxPackets               : 39
	RxFlowNotFound          : 39
en0
81F017CE-63E0-4CAA-8719-3939BDABCFD2
	RxPackets               : 30983918
	RxDemuxUnspec           : 5249
	RxFlowNotFound          : 4598916
	RxFlowTrackErr          : 362
	RxFlowTornDown          : 131
	RxCopyPktToPkt          : 3307
	RxCopyMbufToPkt         : 38160
	RxCopySum               : 41467
	RxAggMbufToPkt          : 74771
	RxAggMbufToMbuf         : 8553249
	RxAggHitAggLimit        : 252972
	RxAggNoTTLIP            : 22
	RxAggNoTOSIP            : 23851
	RxAggMergeFastpathIP    : 11863160
	RxAggMergeSlowpathIP    : 5846613
	RxAggMergeFastpathTCP   : 12100391
	RxAggMergeSlowpathTCP   : 5601829
	RxAggFastpathTCP        : 11863160
	RxAggSlowpathTCP        : 5846613
	RxAggNoShortTCP         : 405
	RxAggNoMaskTCP          : 5791960
	RxAggNoHdrLenTCP        : 464
	RxAggNoULenTCP          : 234758
	RxAggNoSeqNTCP          : 7159
	RxAggNoAckWinTCP        : 166248
	RxAggNoFlagsTCP         : 76
	RxAggNoExtraOptionTCP   : 85
	TxFlowNotFound          : 577
	TxFlowNonviable         : 4
	TxFlowTornDown          : 26
	TxResolvePending        : 11
	TxResolveFail           : 5
	TxCopyPktToMbuf         : 95149
	Drop                    : 581
	FlowsAborted            : 401
NetIf     Port   Property              Bkt  Process
en0       1                            0    kernel_task(0)
en0       7      PID-Bound             8    com.apple.geod(36464)
en0       6      PID-Bound             9    mDNSResponder(195)
en0       2      PID-Bound             28   apsd(121)
apsd.121
	Nexus UUID: 81F017CE-63E0-4CAA-8719-3939BDABCFD2
	Netif     : en0
	FlowAdvIdx               Flow UUID                 Flags
	    [  0] : 7332BCFE-22A2-4124-9749-BDD0B3C62B81 flags=1<VALID>
com.apple.geod.36464
	Nexus UUID: 81F017CE-63E0-4CAA-8719-3939BDABCFD2
	Netif     : en0
	FlowAdvIdx               Flow UUID                 Flags
Proto Local Address                                 Remote Address                                InBytes      OutBytes     InPkts/InSPkts     OutPkts/OutSPkts   SvC NetIf    Port Adv Flags          Local State  Remote State Local RTT  Remote RTT Process.PID
 tcp4 172.16.0.217.61717                            qro02s28-in-f14.1e100.net.https               18628        0            114/99             0/0                BE  en0      1    -   -c-q----------  CLOSED       CLOSED                             kernel_task.0(firefox.381)
 tcp4 172.16.0.217.61727                            lb-140-82-112-22-iad.github.com.https         15345        0            57/51              0/0                BE  en0      1    -   -c-q----------  CLOSED       CLOSED                             kernel_task.0(firefox.381)
 tcp4 172.16.0.217.61732                            246.73.36.34.bc.googleusercontent.https       5607         0            16/15              0/0                BE  en0      1    -   -c-q----------  CLOSED       CLOSED                             kernel_task.0(firefox.381)
 tcp4 172.16.0.217.61689                            93.243.107.34.bc.googleuserconten.https       2095         0            11/11              0/0                BE  en0      1    -   -c-q----------  CLOSED       CLOSED                             kernel_task.0(firefox.381)
 tcp4 172.16.0.217.61704                            atl26s29-in-f14.1e100.net.https               53887        0            132/82             0/0                BE  en0      1    -   -c-q----------  CLOSED       CLOSED                             kernel_task.0(firefox.381)
 tcp4 172.16.0.217.61577                            pnorda-an-in-f10.1e100.net.https              52413        0            537/400            0/0                BE  en0      1    -   -c-q----------  CLOSED       CLOSED                             kernel_task.0(firefox.381)
 tcp4 172.16.0.217.61576                            pnorda-an-in-f10.1e100.net.https              215696       0            1437/1266          0/0                BE  en0      1    -   -c-q----------  CLOSED       CLOSED                             kernel_task.0(firefox.381)
 tcp4 172.16.0.217.61733                            yyz10s20-in-f10.1e100.net.https               6319         0            19/13              0/0                BE  en0      1    -   -c-q----------  CLOSED       CLOSED                             kernel_task.0(firefox.381)
 tcp4 172.16.0.217.61731                            207.241.237.3.https                           11458        0            21/16              0/0                BE  en0      1    -   -c-q----------  CLOSED       CLOSED                             kernel_task.0(firefox.381)
 tcp4 172.16.0.217.61728                            pnorda-an-in-f10.1e100.net.https              5166         0            22/18              0/0                BE  en0      1    -   -c-q----------  CLOSED       CLOSED                             kernel_task.0(firefox.381)
 tcp4 172.16.0.217.61014                            104.18.41.41.https                            13629620     0            32661/29392        0/0                BE  en0      1    -   -c-q----------  CLOSED       CLOSED                             kernel_task.0(firefox.381)
 tcp4 172.16.0.217.61693                            lb-140-82-114-26-iad.github.com.https         6293         0            32/31              0/0                BE  en0      1    -   -c-q----------  CLOSED       CLOSED                             kernel_task.0(firefox.381)
 tcp4 172.16.0.217.60619                            162.159.61.4.https                            1686021      0            5436/3960          0/0                BE  en0      1    -   -c-q----------  CLOSED       CLOSED                             kernel_task.0(firefox.381)
 tcp4 172.16.0.217.61730                            pnorda-ap-in-f14.1e100.net.https              5846         0            27/22              0/0                BE  en0      1    -   -c-q----------  CLOSED       CLOSED                             kernel_task.0(firefox.381)
 tcp4 172.16.0.217.61734                            yyz10s20-in-f10.1e100.net.https               3691         0            18/15              0/0                BE  en0      1    -   -c-q----------  CLOSED       CLOSED                             kernel_task.0(firefox.381)
 tcp4 172.16.0.217.60782                            17.57.144.245.5223                            12665        26813        120/119            144/0              RD  en0      2    1   tc-q-we-------  ESTABLISHED  ESTABLISHED   15.44 ms    57.76 ms apsd.121
Instances: 9
2    0694FF12-E36D-45FC-8BA7-2772EE2597FD
     Port[ 0] kernel_task.0          (fd -1)	
2    0694FF12-E36D-45FC-8BA7-2772EE2597FD
     Port[ 1] kernel_task.0          (fd -1)	
5    631AB7DA-EA52-4B39-94D7-99572ECD01C3
     Port[ 0] identityservice.408    (fd 21)	
6    81F017CE-63E0-4CAA-8719-3939BDABCFD2
     Port[ 2] apsd.121               (fd 10)	 flags=18<USER_PACKET_POOL,DEFUNCT_OK>
9    C3EA916D-6A40-46F3-994F-2E702D2E249D
     Port[ 0] kernel_task.0          (fd -1)	
9    C3EA916D-6A40-46F3-994F-2E702D2E249D
     Port[ 1] kernel_task.0          (fd -1)	

