FdSymbolA-Book FdSymbolA-Book <FdSymbolA-Book.pfb
FdSymbolA-Demi FdSymbolA-Demi <FdSymbolA-Demi.pfb
FdSymbolA-Medium FdSymbolA-Medium <FdSymbolA-Medium.pfb
FdSymbolA-Bold FdSymbolA-Bold <FdSymbolA-Bold.pfb
FdSymbolB-Book FdSymbolB-Book <FdSymbolB-Book.pfb
FdSymbolB-Demi FdSymbolB-Demi <FdSymbolB-Demi.pfb
FdSymbolB-Medium FdSymbolB-Medium <FdSymbolB-Medium.pfb
FdSymbolB-Bold FdSymbolB-Bold <FdSymbolB-Bold.pfb
FdSymbolC-Book FdSymbolC-Book <FdSymbolC-Book.pfb
FdSymbolC-Demi FdSymbolC-Demi <FdSymbolC-Demi.pfb
FdSymbolC-Medium FdSymbolC-Medium <FdSymbolC-Medium.pfb
FdSymbolC-Bold FdSymbolC-Bold <FdSymbolC-Bold.pfb
FdSymbolD-Book FdSymbolD-Book <FdSymbolD-Book.pfb
FdSymbolD-Demi FdSymbolD-Demi <FdSymbolD-Demi.pfb
FdSymbolD-Medium FdSymbolD-Medium <FdSymbolD-Medium.pfb
FdSymbolD-Bold FdSymbolD-Bold <FdSymbolD-Bold.pfb
FdSymbolE-Book FdSymbolE-Book <FdSymbolE-Book.pfb
FdSymbolE-Demi FdSymbolE-Demi <FdSymbolE-Demi.pfb
FdSymbolE-Medium FdSymbolE-Medium <FdSymbolE-Medium.pfb
FdSymbolE-Bold FdSymbolE-Bold <FdSymbolE-Bold.pfb
FdSymbolF-Book FdSymbolF-Book <FdSymbolF-Book.pfb
FdSymbolF-Demi FdSymbolF-Demi <FdSymbolF-Demi.pfb
FdSymbolF-Medium FdSymbolF-Medium <FdSymbolF-Medium.pfb
FdSymbolF-Bold FdSymbolF-Bold <FdSymbolF-Bold.pfb
