find ../../../ -iname '*pack-cd29213d227543218b52395549816f3b2bd200ca*'
../../../psycho-boy-nonfiction-book_sparse/.git/objects/pack/pack-cd29213d227543218b52395549816f3b2bd200ca.idx
../../../psycho-boy-nonfiction-book_sparse/.git/objects/pack/pack-cd29213d227543218b52395549816f3b2bd200ca.rev
../../../psycho-boy-nonfiction-book_sparse/arpanet_restore_from_last/git-restart-logs/pbnfb-older-clones/_dot_git-pre_911_25th_new_github_2GiB_note_fileSizeSpelling_push_limits_how_convenient/objects/pack/pack-cd29213d227543218b52395549816f3b2bd200ca.idx
../../../psycho-boy-nonfiction-book_sparse/arpanet_restore_from_last/git-restart-logs/pbnfb-older-clones/_dot_git-pre_911_25th_new_github_2GiB_note_fileSizeSpelling_push_limits_how_convenient/objects/pack/pack-cd29213d227543218b52395549816f3b2bd200ca.pack.shasum_1_01.1.out
../../../psycho-boy-nonfiction-book_sparse/arpanet_restore_from_last/git-restart-logs/pbnfb-older-clones/_dot_git-pre_911_25th_new_github_2GiB_note_fileSizeSpelling_push_limits_how_convenient/objects/pack/pack-cd29213d227543218b52395549816f3b2bd200ca.pack.shasum_1_01_bsdtag.2.out
../../../psycho-boy-nonfiction-book_sparse/arpanet_restore_from_last/git-restart-logs/pbnfb-older-clones/_dot_git-pre_911_25th_new_github_2GiB_note_fileSizeSpelling_push_limits_how_convenient/objects/pack/pack-cd29213d227543218b52395549816f3b2bd200ca.pack.shasum_1_binary.1.out
../../../psycho-boy-nonfiction-book_sparse/arpanet_restore_from_last/git-restart-logs/pbnfb-older-clones/_dot_git-pre_911_25th_new_github_2GiB_note_fileSizeSpelling_push_limits_how_convenient/objects/pack/pack-cd29213d227543218b52395549816f3b2bd200ca.pack.shasum_1_binary_bsdtag.2.out
../../../psycho-boy-nonfiction-book_sparse/arpanet_restore_from_last/git-restart-logs/pbnfb-older-clones/_dot_git-pre_911_25th_new_github_2GiB_note_fileSizeSpelling_push_limits_how_convenient/objects/pack/pack-cd29213d227543218b52395549816f3b2bd200ca.pack.shasum_1_text.1.out
../../../psycho-boy-nonfiction-book_sparse/arpanet_restore_from_last/git-restart-logs/pbnfb-older-clones/_dot_git-pre_911_25th_new_github_2GiB_note_fileSizeSpelling_push_limits_how_convenient/objects/pack/pack-cd29213d227543218b52395549816f3b2bd200ca.pack.shasum_1_text_bsdtag.2.out
../../../psycho-boy-nonfiction-book_sparse/arpanet_restore_from_last/git-restart-logs/pbnfb-older-clones/_dot_git-pre_911_25th_new_github_2GiB_note_fileSizeSpelling_push_limits_how_convenient/objects/pack/pack-cd29213d227543218b52395549816f3b2bd200ca.pack.shasum_1_U.1.out
../../../psycho-boy-nonfiction-book_sparse/arpanet_restore_from_last/git-restart-logs/pbnfb-older-clones/_dot_git-pre_911_25th_new_github_2GiB_note_fileSizeSpelling_push_limits_how_convenient/objects/pack/pack-cd29213d227543218b52395549816f3b2bd200ca.pack.shasum_1_U_bsdtag.2.out
../../../psycho-boy-nonfiction-book_sparse/arpanet_restore_from_last/git-restart-logs/pbnfb-older-clones/_dot_git-pre_911_25th_new_github_2GiB_note_fileSizeSpelling_push_limits_how_convenient/objects/pack/pack-cd29213d227543218b52395549816f3b2bd200ca.pack.shasum_224_01.1.out
../../../psycho-boy-nonfiction-book_sparse/arpanet_restore_from_last/git-restart-logs/pbnfb-older-clones/_dot_git-pre_911_25th_new_github_2GiB_note_fileSizeSpelling_push_limits_how_convenient/objects/pack/pack-cd29213d227543218b52395549816f3b2bd200ca.pack.shasum_224_01_bsdtag.2.out
../../../psycho-boy-nonfiction-book_sparse/arpanet_restore_from_last/git-restart-logs/pbnfb-older-clones/_dot_git-pre_911_25th_new_github_2GiB_note_fileSizeSpelling_push_limits_how_convenient/objects/pack/pack-cd29213d227543218b52395549816f3b2bd200ca.pack.shasum_224_binary.1.out
../../../psycho-boy-nonfiction-book_sparse/arpanet_restore_from_last/git-restart-logs/pbnfb-older-clones/_dot_git-pre_911_25th_new_github_2GiB_note_fileSizeSpelling_push_limits_how_convenient/objects/pack/pack-cd29213d227543218b52395549816f3b2bd200ca.pack.shasum_224_binary_bsdtag.2.out
../../../psycho-boy-nonfiction-book_sparse/arpanet_restore_from_last/git-restart-logs/pbnfb-older-clones/_dot_git-pre_911_25th_new_github_2GiB_note_fileSizeSpelling_push_limits_how_convenient/objects/pack/pack-cd29213d227543218b52395549816f3b2bd200ca.pack.shasum_224_text.1.out
../../../psycho-boy-nonfiction-book_sparse/arpanet_restore_from_last/git-restart-logs/pbnfb-older-clones/_dot_git-pre_911_25th_new_github_2GiB_note_fileSizeSpelling_push_limits_how_convenient/objects/pack/pack-cd29213d227543218b52395549816f3b2bd200ca.pack.shasum_224_text_bsdtag.2.out
../../../psycho-boy-nonfiction-book_sparse/arpanet_restore_from_last/git-restart-logs/pbnfb-older-clones/_dot_git-pre_911_25th_new_github_2GiB_note_fileSizeSpelling_push_limits_how_convenient/objects/pack/pack-cd29213d227543218b52395549816f3b2bd200ca.pack.shasum_224_U.1.out
../../../psycho-boy-nonfiction-book_sparse/arpanet_restore_from_last/git-restart-logs/pbnfb-older-clones/_dot_git-pre_911_25th_new_github_2GiB_note_fileSizeSpelling_push_limits_how_convenient/objects/pack/pack-cd29213d227543218b52395549816f3b2bd200ca.pack.shasum_224_U_bsdtag.2.out
../../../psycho-boy-nonfiction-book_sparse/arpanet_restore_from_last/git-restart-logs/pbnfb-older-clones/_dot_git-pre_911_25th_new_github_2GiB_note_fileSizeSpelling_push_limits_how_convenient/objects/pack/pack-cd29213d227543218b52395549816f3b2bd200ca.pack.shasum_256_01.1.out
../../../psycho-boy-nonfiction-book_sparse/arpanet_restore_from_last/git-restart-logs/pbnfb-older-clones/_dot_git-pre_911_25th_new_github_2GiB_note_fileSizeSpelling_push_limits_how_convenient/objects/pack/pack-cd29213d227543218b52395549816f3b2bd200ca.pack.shasum_256_01_bsdtag.2.out
../../../psycho-boy-nonfiction-book_sparse/arpanet_restore_from_last/git-restart-logs/pbnfb-older-clones/_dot_git-pre_911_25th_new_github_2GiB_note_fileSizeSpelling_push_limits_how_convenient/objects/pack/pack-cd29213d227543218b52395549816f3b2bd200ca.pack.shasum_256_binary.1.out
../../../psycho-boy-nonfiction-book_sparse/arpanet_restore_from_last/git-restart-logs/pbnfb-older-clones/_dot_git-pre_911_25th_new_github_2GiB_note_fileSizeSpelling_push_limits_how_convenient/objects/pack/pack-cd29213d227543218b52395549816f3b2bd200ca.pack.shasum_256_binary_bsdtag.2.out
../../../psycho-boy-nonfiction-book_sparse/arpanet_restore_from_last/git-restart-logs/pbnfb-older-clones/_dot_git-pre_911_25th_new_github_2GiB_note_fileSizeSpelling_push_limits_how_convenient/objects/pack/pack-cd29213d227543218b52395549816f3b2bd200ca.pack.shasum_256_text.1.out
../../../psycho-boy-nonfiction-book_sparse/arpanet_restore_from_last/git-restart-logs/pbnfb-older-clones/_dot_git-pre_911_25th_new_github_2GiB_note_fileSizeSpelling_push_limits_how_convenient/objects/pack/pack-cd29213d227543218b52395549816f3b2bd200ca.pack.shasum_256_text_bsdtag.2.out
../../../psycho-boy-nonfiction-book_sparse/arpanet_restore_from_last/git-restart-logs/pbnfb-older-clones/_dot_git-pre_911_25th_new_github_2GiB_note_fileSizeSpelling_push_limits_how_convenient/objects/pack/pack-cd29213d227543218b52395549816f3b2bd200ca.pack.shasum_256_U.1.out
../../../psycho-boy-nonfiction-book_sparse/arpanet_restore_from_last/git-restart-logs/pbnfb-older-clones/_dot_git-pre_911_25th_new_github_2GiB_note_fileSizeSpelling_push_limits_how_convenient/objects/pack/pack-cd29213d227543218b52395549816f3b2bd200ca.pack.shasum_256_U_bsdtag.2.out
../../../psycho-boy-nonfiction-book_sparse/arpanet_restore_from_last/git-restart-logs/pbnfb-older-clones/_dot_git-pre_911_25th_new_github_2GiB_note_fileSizeSpelling_push_limits_how_convenient/objects/pack/pack-cd29213d227543218b52395549816f3b2bd200ca.pack.shasum_384_01.1.out
../../../psycho-boy-nonfiction-book_sparse/arpanet_restore_from_last/git-restart-logs/pbnfb-older-clones/_dot_git-pre_911_25th_new_github_2GiB_note_fileSizeSpelling_push_limits_how_convenient/objects/pack/pack-cd29213d227543218b52395549816f3b2bd200ca.pack.shasum_384_01_bsdtag.2.out
../../../psycho-boy-nonfiction-book_sparse/arpanet_restore_from_last/git-restart-logs/pbnfb-older-clones/_dot_git-pre_911_25th_new_github_2GiB_note_fileSizeSpelling_push_limits_how_convenient/objects/pack/pack-cd29213d227543218b52395549816f3b2bd200ca.pack.shasum_384_binary.1.out
../../../psycho-boy-nonfiction-book_sparse/arpanet_restore_from_last/git-restart-logs/pbnfb-older-clones/_dot_git-pre_911_25th_new_github_2GiB_note_fileSizeSpelling_push_limits_how_convenient/objects/pack/pack-cd29213d227543218b52395549816f3b2bd200ca.pack.shasum_384_binary_bsdtag.2.out
../../../psycho-boy-nonfiction-book_sparse/arpanet_restore_from_last/git-restart-logs/pbnfb-older-clones/_dot_git-pre_911_25th_new_github_2GiB_note_fileSizeSpelling_push_limits_how_convenient/objects/pack/pack-cd29213d227543218b52395549816f3b2bd200ca.pack.shasum_384_text.1.out
../../../psycho-boy-nonfiction-book_sparse/arpanet_restore_from_last/git-restart-logs/pbnfb-older-clones/_dot_git-pre_911_25th_new_github_2GiB_note_fileSizeSpelling_push_limits_how_convenient/objects/pack/pack-cd29213d227543218b52395549816f3b2bd200ca.pack.shasum_384_text_bsdtag.2.out
../../../psycho-boy-nonfiction-book_sparse/arpanet_restore_from_last/git-restart-logs/pbnfb-older-clones/_dot_git-pre_911_25th_new_github_2GiB_note_fileSizeSpelling_push_limits_how_convenient/objects/pack/pack-cd29213d227543218b52395549816f3b2bd200ca.pack.shasum_384_U.1.out
../../../psycho-boy-nonfiction-book_sparse/arpanet_restore_from_last/git-restart-logs/pbnfb-older-clones/_dot_git-pre_911_25th_new_github_2GiB_note_fileSizeSpelling_push_limits_how_convenient/objects/pack/pack-cd29213d227543218b52395549816f3b2bd200ca.pack.shasum_384_U_bsdtag.2.out
../../../psycho-boy-nonfiction-book_sparse/arpanet_restore_from_last/git-restart-logs/pbnfb-older-clones/_dot_git-pre_911_25th_new_github_2GiB_note_fileSizeSpelling_push_limits_how_convenient/objects/pack/pack-cd29213d227543218b52395549816f3b2bd200ca.pack.shasum_512224_01.1.out
../../../psycho-boy-nonfiction-book_sparse/arpanet_restore_from_last/git-restart-logs/pbnfb-older-clones/_dot_git-pre_911_25th_new_github_2GiB_note_fileSizeSpelling_push_limits_how_convenient/objects/pack/pack-cd29213d227543218b52395549816f3b2bd200ca.pack.shasum_512224_01_bsdtag.2.out
../../../psycho-boy-nonfiction-book_sparse/arpanet_restore_from_last/git-restart-logs/pbnfb-older-clones/_dot_git-pre_911_25th_new_github_2GiB_note_fileSizeSpelling_push_limits_how_convenient/objects/pack/pack-cd29213d227543218b52395549816f3b2bd200ca.pack.shasum_512224_binary.1.out
../../../psycho-boy-nonfiction-book_sparse/arpanet_restore_from_last/git-restart-logs/pbnfb-older-clones/_dot_git-pre_911_25th_new_github_2GiB_note_fileSizeSpelling_push_limits_how_convenient/objects/pack/pack-cd29213d227543218b52395549816f3b2bd200ca.pack.shasum_512224_binary_bsdtag.2.out
../../../psycho-boy-nonfiction-book_sparse/arpanet_restore_from_last/git-restart-logs/pbnfb-older-clones/_dot_git-pre_911_25th_new_github_2GiB_note_fileSizeSpelling_push_limits_how_convenient/objects/pack/pack-cd29213d227543218b52395549816f3b2bd200ca.pack.shasum_512224_text.1.out
../../../psycho-boy-nonfiction-book_sparse/arpanet_restore_from_last/git-restart-logs/pbnfb-older-clones/_dot_git-pre_911_25th_new_github_2GiB_note_fileSizeSpelling_push_limits_how_convenient/objects/pack/pack-cd29213d227543218b52395549816f3b2bd200ca.pack.shasum_512224_text_bsdtag.2.out
../../../psycho-boy-nonfiction-book_sparse/arpanet_restore_from_last/git-restart-logs/pbnfb-older-clones/_dot_git-pre_911_25th_new_github_2GiB_note_fileSizeSpelling_push_limits_how_convenient/objects/pack/pack-cd29213d227543218b52395549816f3b2bd200ca.pack.shasum_512224_U.1.out
../../../psycho-boy-nonfiction-book_sparse/arpanet_restore_from_last/git-restart-logs/pbnfb-older-clones/_dot_git-pre_911_25th_new_github_2GiB_note_fileSizeSpelling_push_limits_how_convenient/objects/pack/pack-cd29213d227543218b52395549816f3b2bd200ca.pack.shasum_512224_U_bsdtag.2.out
../../../psycho-boy-nonfiction-book_sparse/arpanet_restore_from_last/git-restart-logs/pbnfb-older-clones/_dot_git-pre_911_25th_new_github_2GiB_note_fileSizeSpelling_push_limits_how_convenient/objects/pack/pack-cd29213d227543218b52395549816f3b2bd200ca.pack.shasum_512256_01.1.out
../../../psycho-boy-nonfiction-book_sparse/arpanet_restore_from_last/git-restart-logs/pbnfb-older-clones/_dot_git-pre_911_25th_new_github_2GiB_note_fileSizeSpelling_push_limits_how_convenient/objects/pack/pack-cd29213d227543218b52395549816f3b2bd200ca.pack.shasum_512256_01_bsdtag.2.out
../../../psycho-boy-nonfiction-book_sparse/arpanet_restore_from_last/git-restart-logs/pbnfb-older-clones/_dot_git-pre_911_25th_new_github_2GiB_note_fileSizeSpelling_push_limits_how_convenient/objects/pack/pack-cd29213d227543218b52395549816f3b2bd200ca.pack.shasum_512256_binary.1.out
../../../psycho-boy-nonfiction-book_sparse/arpanet_restore_from_last/git-restart-logs/pbnfb-older-clones/_dot_git-pre_911_25th_new_github_2GiB_note_fileSizeSpelling_push_limits_how_convenient/objects/pack/pack-cd29213d227543218b52395549816f3b2bd200ca.pack.shasum_512256_binary_bsdtag.2.out
../../../psycho-boy-nonfiction-book_sparse/arpanet_restore_from_last/git-restart-logs/pbnfb-older-clones/_dot_git-pre_911_25th_new_github_2GiB_note_fileSizeSpelling_push_limits_how_convenient/objects/pack/pack-cd29213d227543218b52395549816f3b2bd200ca.pack.shasum_512256_text.1.out
../../../psycho-boy-nonfiction-book_sparse/arpanet_restore_from_last/git-restart-logs/pbnfb-older-clones/_dot_git-pre_911_25th_new_github_2GiB_note_fileSizeSpelling_push_limits_how_convenient/objects/pack/pack-cd29213d227543218b52395549816f3b2bd200ca.pack.shasum_512256_text_bsdtag.2.out
../../../psycho-boy-nonfiction-book_sparse/arpanet_restore_from_last/git-restart-logs/pbnfb-older-clones/_dot_git-pre_911_25th_new_github_2GiB_note_fileSizeSpelling_push_limits_how_convenient/objects/pack/pack-cd29213d227543218b52395549816f3b2bd200ca.pack.shasum_512256_U.1.out
../../../psycho-boy-nonfiction-book_sparse/arpanet_restore_from_last/git-restart-logs/pbnfb-older-clones/_dot_git-pre_911_25th_new_github_2GiB_note_fileSizeSpelling_push_limits_how_convenient/objects/pack/pack-cd29213d227543218b52395549816f3b2bd200ca.pack.shasum_512256_U_bsdtag.2.out
../../../psycho-boy-nonfiction-book_sparse/arpanet_restore_from_last/git-restart-logs/pbnfb-older-clones/_dot_git-pre_911_25th_new_github_2GiB_note_fileSizeSpelling_push_limits_how_convenient/objects/pack/pack-cd29213d227543218b52395549816f3b2bd200ca.pack.shasum_512_01.1.out
../../../psycho-boy-nonfiction-book_sparse/arpanet_restore_from_last/git-restart-logs/pbnfb-older-clones/_dot_git-pre_911_25th_new_github_2GiB_note_fileSizeSpelling_push_limits_how_convenient/objects/pack/pack-cd29213d227543218b52395549816f3b2bd200ca.pack.shasum_512_01_bsdtag.2.out
../../../psycho-boy-nonfiction-book_sparse/arpanet_restore_from_last/git-restart-logs/pbnfb-older-clones/_dot_git-pre_911_25th_new_github_2GiB_note_fileSizeSpelling_push_limits_how_convenient/objects/pack/pack-cd29213d227543218b52395549816f3b2bd200ca.pack.shasum_512_binary.1.out
../../../psycho-boy-nonfiction-book_sparse/arpanet_restore_from_last/git-restart-logs/pbnfb-older-clones/_dot_git-pre_911_25th_new_github_2GiB_note_fileSizeSpelling_push_limits_how_convenient/objects/pack/pack-cd29213d227543218b52395549816f3b2bd200ca.pack.shasum_512_binary_bsdtag.2.out
../../../psycho-boy-nonfiction-book_sparse/arpanet_restore_from_last/git-restart-logs/pbnfb-older-clones/_dot_git-pre_911_25th_new_github_2GiB_note_fileSizeSpelling_push_limits_how_convenient/objects/pack/pack-cd29213d227543218b52395549816f3b2bd200ca.pack.shasum_512_text.1.out
../../../psycho-boy-nonfiction-book_sparse/arpanet_restore_from_last/git-restart-logs/pbnfb-older-clones/_dot_git-pre_911_25th_new_github_2GiB_note_fileSizeSpelling_push_limits_how_convenient/objects/pack/pack-cd29213d227543218b52395549816f3b2bd200ca.pack.shasum_512_text_bsdtag.2.out
../../../psycho-boy-nonfiction-book_sparse/arpanet_restore_from_last/git-restart-logs/pbnfb-older-clones/_dot_git-pre_911_25th_new_github_2GiB_note_fileSizeSpelling_push_limits_how_convenient/objects/pack/pack-cd29213d227543218b52395549816f3b2bd200ca.pack.shasum_512_U.1.out
../../../psycho-boy-nonfiction-book_sparse/arpanet_restore_from_last/git-restart-logs/pbnfb-older-clones/_dot_git-pre_911_25th_new_github_2GiB_note_fileSizeSpelling_push_limits_how_convenient/objects/pack/pack-cd29213d227543218b52395549816f3b2bd200ca.pack.shasum_512_U_bsdtag.2.out
../../../psycho-boy-nonfiction-book_sparse/arpanet_restore_from_last/git-restart-logs/pbnfb-older-clones/_dot_git-pre_911_25th_new_github_2GiB_note_fileSizeSpelling_push_limits_how_convenient/objects/pack/pack-cd29213d227543218b52395549816f3b2bd200ca.rev
