$ git push origin porche911-summer2026-arpanet-recovery
Enumerating objects: 947, done.
Counting objects: 100% (947/947), done.
Delta compression using up to 12 threads
Compressing objects: 100% (872/872), done.
Writing objects: 100% (941/941), 300.94 MiB | 14.13 MiB/s, done.
Total 941 (delta 90), reused 782 (delta 43), pack-reused 0 (from 0)
remote: Resolving deltas: 100% (90/90), completed with 4 local objects.
remote: warning: See https://gh.io/lfs for more information.
remote: warning: File 8c46700f3f9ec7c2fc81b851c04f51f041eab2ea is 65.05 MB; this is larger than GitHub's recommended maximum file size of 50.00 MB
remote: warning: File ef9d70931c21139a187df69d3dd8e3714ab1a7fa is 96.18 MB; this is larger than GitHub's recommended maximum file size of 50.00 MB
remote: warning: GH001: Large files detected. You may want to try Git Large File Storage - https://git-lfs.github.com.
remote: error: GH013: Repository rule violations found for refs/heads/porche911-summer2026-arpanet-recovery.
remote:
remote: - GITHUB PUSH PROTECTION
remote:   —————————————————————————————————————————
remote:     Resolve the following violations before pushing again
remote:
remote:     - Push cannot contain secrets
remote:
remote:
remote:      (?) Learn how to resolve a blocked push
remote:      https://docs.github.com/code-security/secret-scanning/working-with-secret-scanning-and-push-protection/working-with-push-protection-from-the-command-line#resolving-a-blocked-push
remote:
remote:      (?) This repository does not have Secret Scanning enabled, but is eligible. Enable Secret Scanning to view and manage detected secrets.
remote:      Visit the repository settings page, https://github.com/maxieds/psycho-boy-nonfiction-book/settings/security_analysis
remote:
remote:
remote:       —— GitHub Personal Access Token ——————————————————————
remote:        locations:
remote:          - commit: 39fb252565aaa4da84e947970c3dd0a0a29377da
remote:            path: arpanet_restore_from_last/git-restart-logs/git-push-2026.09.13.7.log:3
remote:          - commit: 39fb252565aaa4da84e947970c3dd0a0a29377da
remote:            path: arpanet_restore_from_last/git-restart-logs/git-push-2026.09.13.7.log:4
remote:          - commit: 39fb252565aaa4da84e947970c3dd0a0a29377da
remote:            path: arpanet_restore_from_last/git-restart-logs/git-push-2026.09.13.7.log:6
remote:          - commit: 39fb252565aaa4da84e947970c3dd0a0a29377da
remote:            path: arpanet_restore_from_last/git-restart-logs/git-token-2026.09.14.log:1
remote:          - commit: 39fb252565aaa4da84e947970c3dd0a0a29377da
remote:            path: arpanet_restore_from_last/git-restart-logs/git-token-2026.09.14.log:2
remote:
remote:        (?) To push, remove secret from commit(s) or follow this URL to allow the secret.
remote:        https://github.com/maxieds/psycho-boy-nonfiction-book/security/secret-scanning/unblock-secret/3JN71WQOXcxaVIs6UQX0oiqA5g6
remote:
remote:
remote:       —— GitHub Personal Access Token ——————————————————————
remote:        locations:
remote:          - commit: 39fb252565aaa4da84e947970c3dd0a0a29377da
remote:            path: arpanet_restore_from_last/git-restart-logs/git-push-debugging.3.out:3
remote:          - commit: 39fb252565aaa4da84e947970c3dd0a0a29377da
remote:            path: arpanet_restore_from_last/git-restart-logs/git-push-debugging.3.out:4
remote:          - commit: 39fb252565aaa4da84e947970c3dd0a0a29377da
remote:            path: arpanet_restore_from_last/git-restart-logs/git-push-debugging.3.out:6
remote:          - commit: 39fb252565aaa4da84e947970c3dd0a0a29377da
remote:            path: arpanet_restore_from_last/git-restart-logs/git-push-debugging.3.out:7
remote:          - commit: 39fb252565aaa4da84e947970c3dd0a0a29377da
remote:            path: arpanet_restore_from_last/git-restart-logs/git-push-debugging.3.out:8
remote:
remote:        (?) To push, remove secret from commit(s) or follow this URL to allow the secret.
remote:        https://github.com/maxieds/psycho-boy-nonfiction-book/security/secret-scanning/unblock-secret/3JN71cLKIVieygKAsGhVxrUrTPG
remote:
remote:
remote:
To https://github.com/maxieds/psycho-boy-nonfiction-book.git
 ! [remote rejected]       porche911-summer2026-arpanet-recovery -> porche911-summer2026-arpanet-recovery (push declined due to repository rule violations)
error: failed to push some refs to 'https://github.com/maxieds/psycho-boy-nonfiction-book.git'
