AzureAD+BSAGuest@DESKTOP-B84UPMK MINGW64 ~/mds2/pbnfb-older/psycho-boy-nonfiction-book_sparse/.git/objects (GIT_DIR!|SPARSE)
$ df -h
Filesystem                                    Size  Used Avail Use% Mounted on
C:/Users/BSAGuest/AppData/Local/Programs/Git  477G  457G   20G  96% /
E:                                            231G  203G   28G  88% /e

AzureAD+BSAGuest@DESKTOP-B84UPMK MINGW64 ~/mds2/pbnfb-older/psycho-boy-nonfiction-book_sparse/.git/objects (GIT_DIR!|SPARSE)
$ git fetch --refetch --all
remote: Enumerating objects: 156805, done.
remote: Counting objects: 100% (5106/5106), done.
remote: Compressing objects: 100% (2545/2545), done.
remote: Total 156805 (delta 3309), reused 2561 (delta 2561), pack-reused 151699 (from 1)
Receiving objects: 100% (156805/156805), 8.07 GiB | 13.75 MiB/s, done.
Resolving deltas: 100% (41624/41624), done.
fatal: object f439f69ee6b46d3636587fd51ce0c383920c07ba not found

AzureAD+BSAGuest@DESKTOP-B84UPMK MINGW64 ~/mds2/pbnfb-older/psycho-boy-nonfiction-book_sparse/.git/objects (GIT_DIR!|SPARSE)
$ git fetch --all
fatal: You are attempting to fetch bfe946b08129e7182a64db51cba35701fd5c9c1c, which is in the commit graph file but not in the object database.
This is probably due to repo corruption.
If you are attempting to repair this repo corruption by refetching the missing object, use 'git fetch --refetch' with the missing object.

AzureAD+BSAGuest@DESKTOP-B84UPMK MINGW64 ~/mds2/pbnfb-older/psycho-boy-nonfiction-book_sparse/.git/objects (GIT_DIR!|SPARSE)
$ git fetch --all^C

AzureAD+BSAGuest@DESKTOP-B84UPMK MINGW64 ~/mds2/pbnfb-older/psycho-boy-nonfiction-book_sparse/.git/objects (GIT_DIR!|SPARSE)
$ vim ../
COMMIT_EDITMSG   config.worktree  FETCH_HEAD       hooks/           info/            objects/         packed-refs
config           description      HEAD             index            logs/            ORIG_HEAD        refs/

AzureAD+BSAGuest@DESKTOP-B84UPMK MINGW64 ~/mds2/pbnfb-older/psycho-boy-nonfiction-book_sparse/.git/objects (GIT_DIR!|SPARSE)
$ vim ../in
index  info/

AzureAD+BSAGuest@DESKTOP-B84UPMK MINGW64 ~/mds2/pbnfb-older/psycho-boy-nonfiction-book_sparse/.git/objects (GIT_DIR!|SPARSE)
$ vim ../in
index  info/

AzureAD+BSAGuest@DESKTOP-B84UPMK MINGW64 ~/mds2/pbnfb-older/psycho-boy-nonfiction-book_sparse/.git/objects (GIT_DIR!|SPARSE)
$ vim ../info/
exclude          refs             sparse-checkout

AzureAD+BSAGuest@DESKTOP-B84UPMK MINGW64 ~/mds2/pbnfb-older/psycho-boy-nonfiction-book_sparse/.git/objects (GIT_DIR!|SPARSE)
$ vim ../info/sparse-checkout

AzureAD+BSAGuest@DESKTOP-B84UPMK MINGW64 ~/mds2/pbnfb-older/psycho-boy-nonfiction-book_sparse/.git/objects (GIT_DIR!|SPARSE)
$ vim ../info/exclude

AzureAD+BSAGuest@DESKTOP-B84UPMK MINGW64 ~/mds2/pbnfb-older/psycho-boy-nonfiction-book_sparse/.git/objects (GIT_DIR!|SPARSE)
$ vim ../
COMMIT_EDITMSG   config.worktree  FETCH_HEAD       hooks/           info/            objects/         packed-refs
config           description      HEAD             index            logs/            ORIG_HEAD        refs/

AzureAD+BSAGuest@DESKTOP-B84UPMK MINGW64 ~/mds2/pbnfb-older/psycho-boy-nonfiction-book_sparse/.git/objects (GIT_DIR!|SPARSE)
$ vim ../objects/
Display all 258 possibilities? (y or n)
00/   0e/   1c/   2a/   38/   46/   54/   62/   70/   7e/   8c/   9a/   a8/   b6/   c4/   d2/   e0/   ee/   fc/
01/   0f/   1d/   2b/   39/   47/   55/   63/   71/   7f/   8d/   9b/   a9/   b7/   c5/   d3/   e1/   ef/   fd/
02/   10/   1e/   2c/   3a/   48/   56/   64/   72/   80/   8e/   9c/   aa/   b8/   c6/   d4/   e2/   f0/   fe/
03/   11/   1f/   2d/   3b/   49/   57/   65/   73/   81/   8f/   9d/   ab/   b9/   c7/   d5/   e3/   f1/   ff/
04/   12/   20/   2e/   3c/   4a/   58/   66/   74/   82/   90/   9e/   ac/   ba/   c8/   d6/   e4/   f2/   info/
05/   13/   21/   2f/   3d/   4b/   59/   67/   75/   83/   91/   9f/   ad/   bb/   c9/   d7/   e5/   f3/   pack/
06/   14/   22/   30/   3e/   4c/   5a/   68/   76/   84/   92/   a0/   ae/   bc/   ca/   d8/   e6/   f4/
07/   15/   23/   31/   3f/   4d/   5b/   69/   77/   85/   93/   a1/   af/   bd/   cb/   d9/   e7/   f5/
08/   16/   24/   32/   40/   4e/   5c/   6a/   78/   86/   94/   a2/   b0/   be/   cc/   da/   e8/   f6/
09/   17/   25/   33/   41/   4f/   5d/   6b/   79/   87/   95/   a3/   b1/   bf/   cd/   db/   e9/   f7/
0a/   18/   26/   34/   42/   50/   5e/   6c/   7a/   88/   96/   a4/   b2/   c0/   ce/   dc/   ea/   f8/
0b/   19/   27/   35/   43/   51/   5f/   6d/   7b/   89/   97/   a5/   b3/   c1/   cf/   dd/   eb/   f9/
0c/   1a/   28/   36/   44/   52/   60/   6e/   7c/   8a/   98/   a6/   b4/   c2/   d0/   de/   ec/   fa/
0d/   1b/   29/   37/   45/   53/   61/   6f/   7d/   8b/   99/   a7/   b5/   c3/   d1/   df/   ed/   fb/

AzureAD+BSAGuest@DESKTOP-B84UPMK MINGW64 ~/mds2/pbnfb-older/psycho-boy-nonfiction-book_sparse/.git/objects (GIT_DIR!|SPARSE)
$ vim ../objects/info/
commit-graph   commit-graphs/ packs          packs.orig

AzureAD+BSAGuest@DESKTOP-B84UPMK MINGW64 ~/mds2/pbnfb-older/psycho-boy-nonfiction-book_sparse/.git/objects (GIT_DIR!|SPARSE)
$ vim ../objects/info/commit-graph
commit-graph   commit-graphs/

AzureAD+BSAGuest@DESKTOP-B84UPMK MINGW64 ~/mds2/pbnfb-older/psycho-boy-nonfiction-book_sparse/.git/objects (GIT_DIR!|SPARSE)
$ vim ../objects/info/commit-graph
commit-graph   commit-graphs/

AzureAD+BSAGuest@DESKTOP-B84UPMK MINGW64 ~/mds2/pbnfb-older/psycho-boy-nonfiction-book_sparse/.git/objects (GIT_DIR!|SPARSE)
$ vim ../objects/info/commit-graph

AzureAD+BSAGuest@DESKTOP-B84UPMK MINGW64 ~/mds2/pbnfb-older/psycho-boy-nonfiction-book_sparse/.git/objects (GIT_DIR!|SPARSE)
$ git fetch --refetch bfe946b08129e7182a64db51cba35701fd5c9c1c
fatal: 'bfe946b08129e7182a64db51cba35701fd5c9c1c' does not appear to be a git repository
fatal: Could not read from remote repository.

Please make sure you have the correct access rights
and the repository exists.

AzureAD+BSAGuest@DESKTOP-B84UPMK MINGW64 ~/mds2/pbnfb-older/psycho-boy-nonfiction-book_sparse/.git/objects (GIT_DIR!|SPARSE)
$ mv
Display all 258 possibilities? (y or n)

AzureAD+BSAGuest@DESKTOP-B84UPMK MINGW64 ~/mds2/pbnfb-older/psycho-boy-nonfiction-book_sparse/.git/objects (GIT_DIR!|SPARSE)
$ mv info/
commit-graph   commit-graphs/ packs          packs.orig

AzureAD+BSAGuest@DESKTOP-B84UPMK MINGW64 ~/mds2/pbnfb-older/psycho-boy-nonfiction-book_sparse/.git/objects (GIT_DIR!|SPARSE)
$ mv info/commit-graph info/commit-graph.orig-corrupted

AzureAD+BSAGuest@DESKTOP-B84UPMK MINGW64 ~/mds2/pbnfb-older/psycho-boy-nonfiction-book_sparse/.git/objects (GIT_DIR!|SPARSE)
$ ls
00/  0c/  18/  24/  30/  3c/  48/  54/  60/  6c/  78/  84/  90/  9c/  a8/  b4/  c0/  cc/  d8/  e4/  f0/  fc/
01/  0d/  19/  25/  31/  3d/  49/  55/  61/  6d/  79/  85/  91/  9d/  a9/  b5/  c1/  cd/  d9/  e5/  f1/  fd/
02/  0e/  1a/  26/  32/  3e/  4a/  56/  62/  6e/  7a/  86/  92/  9e/  aa/  b6/  c2/  ce/  da/  e6/  f2/  fe/
03/  0f/  1b/  27/  33/  3f/  4b/  57/  63/  6f/  7b/  87/  93/  9f/  ab/  b7/  c3/  cf/  db/  e7/  f3/  ff/
04/  10/  1c/  28/  34/  40/  4c/  58/  64/  70/  7c/  88/  94/  a0/  ac/  b8/  c4/  d0/  dc/  e8/  f4/  info/
05/  11/  1d/  29/  35/  41/  4d/  59/  65/  71/  7d/  89/  95/  a1/  ad/  b9/  c5/  d1/  dd/  e9/  f5/  pack/
06/  12/  1e/  2a/  36/  42/  4e/  5a/  66/  72/  7e/  8a/  96/  a2/  ae/  ba/  c6/  d2/  de/  ea/  f6/
07/  13/  1f/  2b/  37/  43/  4f/  5b/  67/  73/  7f/  8b/  97/  a3/  af/  bb/  c7/  d3/  df/  eb/  f7/
08/  14/  20/  2c/  38/  44/  50/  5c/  68/  74/  80/  8c/  98/  a4/  b0/  bc/  c8/  d4/  e0/  ec/  f8/
09/  15/  21/  2d/  39/  45/  51/  5d/  69/  75/  81/  8d/  99/  a5/  b1/  bd/  c9/  d5/  e1/  ed/  f9/
0a/  16/  22/  2e/  3a/  46/  52/  5e/  6a/  76/  82/  8e/  9a/  a6/  b2/  be/  ca/  d6/  e2/  ee/  fa/
0b/  17/  23/  2f/  3b/  47/  53/  5f/  6b/  77/  83/  8f/  9b/  a7/  b3/  bf/  cb/  d7/  e3/  ef/  fb/

AzureAD+BSAGuest@DESKTOP-B84UPMK MINGW64 ~/mds2/pbnfb-older/psycho-boy-nonfiction-book_sparse/.git/objects (GIT_DIR!|SPARSE)
$ git fetch --refetch --all
remote: Enumerating objects: 156805, done.
remote: Counting objects: 100% (5106/5106), done.
remote: Compressing objects: 100% (2545/2545), done.
remote: Total 156805 (delta 3309), reused 2561 (delta 2561), pack-reused 151699 (from 1)
Receiving objects: 100% (156805/156805), 8.07 GiB | 6.08 MiB/s, done.
Resolving deltas: 100% (41624/41624), done.
fatal: bad object f439f69ee6b46d3636587fd51ce0c383920c07ba
error: https://github.com/maxieds/psycho-boy-nonfiction-book.git did not send all necessary objects
fatal: bad object refs/heads/mistress
error: failed to perform geometric repack
error: task 'geometric-repack' failed
error: Could not read bfe946b08129e7182a64db51cba35701fd5c9c1c
error: Could not read bfe946b08129e7182a64db51cba35701fd5c9c1c
error: Could not read bfe946b08129e7182a64db51cba35701fd5c9c1c
error: Could not read bfe946b08129e7182a64db51cba35701fd5c9c1c
error: Could not read bfe946b08129e7182a64db51cba35701fd5c9c1c
error: Could not read bfe946b08129e7182a64db51cba35701fd5c9c1c
error: Could not read bfe946b08129e7182a64db51cba35701fd5c9c1c
error: Could not read bfe946b08129e7182a64db51cba35701fd5c9c1c
error: Could not read bfe946b08129e7182a64db51cba35701fd5c9c1c
error: Could not read bfe946b08129e7182a64db51cba35701fd5c9c1c
fatal: unable to parse commit bfe946b08129e7182a64db51cba35701fd5c9c1c
error: failed to write commit-graph
error: task 'commit-graph' failed

AzureAD+BSAGuest@DESKTOP-B84UPMK MINGW64 ~/mds2/pbnfb-older/psycho-boy-nonfiction-book_sparse/.git/objects (GIT_DIR!|SPARSE)
$

AzureAD+BSAGuest@DESKTOP-B84UPMK MINGW64 ~/mds2/pbnfb-older/psycho-boy-nonfiction-book_sparse/.git/objects (GIT_DIR!|SPARSE)
$ git fetch --all
fatal: bad object f439f69ee6b46d3636587fd51ce0c383920c07ba
error: https://github.com/maxieds/psycho-boy-nonfiction-book.git did not send all necessary objects
fatal: bad object refs/heads/mistress
error: failed to perform geometric repack
error: task 'geometric-repack' failed
error: Could not read bfe946b08129e7182a64db51cba35701fd5c9c1c
error: Could not read bfe946b08129e7182a64db51cba35701fd5c9c1c
error: Could not read bfe946b08129e7182a64db51cba35701fd5c9c1c
error: Could not read bfe946b08129e7182a64db51cba35701fd5c9c1c
error: Could not read bfe946b08129e7182a64db51cba35701fd5c9c1c
error: Could not read bfe946b08129e7182a64db51cba35701fd5c9c1c
error: Could not read bfe946b08129e7182a64db51cba35701fd5c9c1c
error: Could not read bfe946b08129e7182a64db51cba35701fd5c9c1c
error: Could not read bfe946b08129e7182a64db51cba35701fd5c9c1c
error: Could not read bfe946b08129e7182a64db51cba35701fd5c9c1c
fatal: unable to parse commit bfe946b08129e7182a64db51cba35701fd5c9c1c
error: failed to write commit-graph
error: task 'commit-graph' failed

AzureAD+BSAGuest@DESKTOP-B84UPMK MINGW64 ~/mds2/pbnfb-older/psycho-boy-nonfiction-book_sparse/.git/objects (GIT_DIR!|SPARSE)
$
