Enumerating objects: 1298, done.
Counting objects: 100% (1298/1298), done.
Delta compression using up to 12 threads
Compressing objects: 100% (1163/1163), done.
Writing objects: 100% (1295/1295), 175.13 MiB | 13.91 MiB/s, done.
Total 1295 (delta 102), reused 1281 (delta 91), pack-reused 0 (from 0)
remote: Resolving deltas: 100% (102/102), completed with 2 local objects.
remote: error: GH013: Repository rule violations found for refs/heads/porche911-summer2026-arpanet-recovery.
remote:
remote: - GITHUB PUSH PROTECTION
remote:   —————————————————————————————————————————
remote:     Resolve the following violations before pushing again
remote:
remote:     - Push cannot contain secrets
remote:
remote:
remote:      (?) Learn how to resolve a blocked push
remote:      https://docs.github.com/code-security/secret-scanning/working-with-secret-scanning-and-push-protection/working-with-push-protection-from-the-command-line#resolving-a-blocked-push
remote:
remote:      (?) This repository does not have Secret Scanning enabled, but is eligible. Enable Secret Scanning to view and manage detected secrets.
remote:      Visit the repository settings page, https://github.com/maxieds/psycho-boy-nonfiction-book/settings/security_analysis
remote:
remote:
remote:       —— GitHub Personal Access Token ——————————————————————
remote:        locations:
remote:          - commit: 6dfe5f65668ef2acad27513dab00b43db8fb1bf6
remote:            path: arpanet_restore_from_last/MacOSBook-misc-recovered-files/logs/git-attempt-with-crazy-drugging.out:5
remote:          - commit: 6dfe5f65668ef2acad27513dab00b43db8fb1bf6
remote:            path: arpanet_restore_from_last/MacOSBook-misc-recovered-files/logs/git-attempt-with-crazy-drugging.out:6
remote:          - commit: 6dfe5f65668ef2acad27513dab00b43db8fb1bf6
remote:            path: arpanet_restore_from_last/MacOSBook-misc-recovered-files/logs/git-attempt-with-crazy-drugging.out:7
remote:
remote:        (?) To push, remove secret from commit(s) or follow this URL to allow the secret.
remote:        https://github.com/maxieds/psycho-boy-nonfiction-book/security/secret-scanning/unblock-secret/3JQ9sC2pZe8dyELhnqNImi6GR0L
remote:
remote:
remote:
To https://github.com/maxieds/psycho-boy-nonfiction-book.git
 ! [remote rejected]       porche911-summer2026-arpanet-recovery -> porche911-summer2026-arpanet-recovery (push declined due to repository rule violations)
error: failed to push some refs to 'https://github.com/maxieds/psycho-boy-nonfiction-book.git'
