10:55:49.177458 exec-cmd.c:266          trace: resolved executable dir: C:/Users/BSAGuest/AppData/Local/Programs/Git/mingw64/bin
10:55:49.185720 git.c:502               trace: built-in: git push origin porche911-summer2026-arpanet-recovery:c088773e5c3b3e60480e2e23d0556e1a660eb1aa
10:55:49.185720 run-command.c:674       trace: run_command: GIT_DIR=.git git remote-https origin https://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@github.com/maxieds/psycho-boy-nonfiction-book.git
10:55:49.185720 run-command.c:946       trace: start_command: git remote-https origin https://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@github.com/maxieds/psycho-boy-nonfiction-book.git
10:55:49.203953 exec-cmd.c:266          trace: resolved executable dir: C:/Users/BSAGuest/AppData/Local/Programs/Git/mingw64/libexec/git-core
10:55:49.203953 git.c:812               trace: exec: git-remote-https origin https://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@github.com/maxieds/psycho-boy-nonfiction-book.git
10:55:49.203953 run-command.c:674       trace: run_command: git-remote-https origin https://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@github.com/maxieds/psycho-boy-nonfiction-book.git
10:55:49.203953 run-command.c:946       trace: start_command: git-remote-https origin https://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@github.com/maxieds/psycho-boy-nonfiction-book.git
10:55:49.235721 exec-cmd.c:266          trace: resolved executable dir: C:/Users/BSAGuest/AppData/Local/Programs/Git/mingw64/libexec/git-core
10:55:49.251450 http.c:1033             == Info: Could not find host github.com in the .netrc file; using defaults
10:55:49.251450 http.c:1033             == Info: Host github.com:443 was resolved.
10:55:49.251450 http.c:1033             == Info: IPv6: (none)
10:55:49.251450 http.c:1033             == Info: IPv4: 140.82.112.4
10:55:49.251450 http.c:1033             == Info:   Trying 140.82.112.4:443...
10:55:49.282840 http.c:1033             == Info: ALPN: curl offers h2,http/1.1
10:55:49.282840 http.c:1033             == Info: TLSv1.3 (OUT), TLS handshake, Client hello (1):
10:55:49.282840 http.c:1033             == Info: SSL Trust Anchors:
10:55:49.298483 http.c:1033             == Info:   CAfile: C:/Users/BSAGuest/AppData/Local/Programs/Git/mingw64/etc/ssl/certs/ca-bundle.crt
10:55:49.330214 http.c:1033             == Info: TLSv1.3 (IN), TLS handshake, Server hello (2):
10:55:49.330214 http.c:1033             == Info: TLSv1.3 (IN), TLS change cipher, Change cipher spec (1):
10:55:49.330214 http.c:1033             == Info: TLSv1.3 (IN), TLS handshake, Encrypted Extensions (8):
10:55:49.330214 http.c:1033             == Info: TLSv1.3 (IN), TLS handshake, Certificate (11):
10:55:49.330214 http.c:1033             == Info: TLSv1.3 (IN), TLS handshake, CERT verify (15):
10:55:49.330214 http.c:1033             == Info: TLSv1.3 (IN), TLS handshake, Finished (20):
10:55:49.330214 http.c:1033             == Info: TLSv1.3 (OUT), TLS change cipher, Change cipher spec (1):
10:55:49.330214 http.c:1033             == Info: TLSv1.3 (OUT), TLS handshake, Finished (20):
10:55:49.330214 http.c:1033             == Info: SSL connection using TLSv1.3 / TLS_AES_128_GCM_SHA256 / x25519 / id-ecPublicKey
10:55:49.330214 http.c:1033             == Info: ALPN: server accepted h2
10:55:49.330214 http.c:1033             == Info: Server certificate:
10:55:49.330214 http.c:1033             == Info:   subject: CN=github.com
10:55:49.330214 http.c:1033             == Info:   start date: Sep  1 00:00:00 2026 GMT
10:55:49.330214 http.c:1033             == Info:   expire date: Nov 29 23:59:59 2026 GMT
10:55:49.330214 http.c:1033             == Info:   issuer: C=GB; O=Sectigo Limited; CN=Sectigo Public Server Authentication CA DV E36
10:55:49.330214 http.c:1033             == Info:   Certificate level 0: Public key type EC/prime256v1 (256/128 Bits/secBits), signed using ecdsa-with-SHA256
10:55:49.330214 http.c:1033             == Info:   Certificate level 1: Public key type EC/prime256v1 (256/128 Bits/secBits), signed using ecdsa-with-SHA384
10:55:49.330214 http.c:1033             == Info:   Certificate level 2: Public key type EC/secp384r1 (384/192 Bits/secBits), signed using ecdsa-with-SHA384
10:55:49.330214 http.c:1033             == Info:   subjectAltName: "github.com" matches cert's "github.com"
10:55:49.330214 http.c:1033             == Info: OpenSSL verify result: 0
10:55:49.330214 http.c:1033             == Info: SSL certificate verified via OpenSSL.
10:55:49.330214 http.c:1033             == Info: Established connection to github.com (140.82.112.4 port 443) from 10.12.1.41 port 56478 
10:55:49.330214 http.c:1033             == Info: using HTTP/2
10:55:49.330214 http.c:1033             == Info: [HTTP/2] [1] OPENED stream for https://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@github.com/maxieds/psycho-boy-nonfiction-book.git/info/refs?service=git-receive-pack
10:55:49.330214 http.c:1033             == Info: [HTTP/2] [1] [:method: GET]
10:55:49.330214 http.c:1033             == Info: [HTTP/2] [1] [:scheme: https]
10:55:49.330214 http.c:1033             == Info: [HTTP/2] [1] [:authority: github.com]
10:55:49.330214 http.c:1033             == Info: [HTTP/2] [1] [:path: /maxieds/psycho-boy-nonfiction-book.git/info/refs?service=git-receive-pack]
10:55:49.330214 http.c:1033             == Info: [HTTP/2] [1] [user-agent: git/2.55.0.windows.5]
10:55:49.330214 http.c:1033             == Info: [HTTP/2] [1] [accept: */*]
10:55:49.330214 http.c:1033             == Info: [HTTP/2] [1] [accept-encoding: deflate, gzip, br, zstd]
10:55:49.330214 http.c:1033             == Info: [HTTP/2] [1] [pragma: no-cache]
10:55:49.330214 http.c:980              => Send header, 0000000214 bytes (0x000000d6)
10:55:49.330214 http.c:992              => Send header: GET /maxieds/psycho-boy-nonfiction-book.git/info/refs?service=git-receive-pack HTTP/2
10:55:49.330214 http.c:992              => Send header: Host: github.com
10:55:49.330214 http.c:992              => Send header: User-Agent: git/2.55.0.windows.5
10:55:49.330214 http.c:992              => Send header: Accept: */*
10:55:49.330214 http.c:992              => Send header: Accept-Encoding: deflate, gzip, br, zstd
10:55:49.330214 http.c:992              => Send header: Pragma: no-cache
10:55:49.330214 http.c:992              => Send header:
10:55:49.330214 http.c:1033             == Info: Request completely sent off
10:55:49.361573 http.c:1033             == Info: TLSv1.3 (IN), TLS handshake, Newsession Ticket (4):
10:55:49.361573 http.c:1033             == Info: TLSv1.3 (IN), TLS handshake, Newsession Ticket (4):
10:55:49.377768 http.c:980              <= Recv header, 0000000013 bytes (0x0000000d)
10:55:49.377768 http.c:992              <= Recv header: HTTP/2 401
10:55:49.377768 http.c:980              <= Recv header, 0000000026 bytes (0x0000001a)
10:55:49.377768 http.c:992              <= Recv header: server: GitHub-Babel/3.0
10:55:49.377768 http.c:980              <= Recv header, 0000000054 bytes (0x00000036)
10:55:49.377768 http.c:992              <= Recv header: content-security-policy: default-src 'none'; sandbox
10:55:49.377768 http.c:980              <= Recv header, 0000000041 bytes (0x00000029)
10:55:49.377768 http.c:992              <= Recv header: content-type: text/plain; charset=UTF-8
10:55:49.377768 http.c:980              <= Recv header, 0000000045 bytes (0x0000002d)
10:55:49.377768 http.c:992              <= Recv header: strict-transport-security: max-age=31536000
10:55:49.377768 http.c:980              <= Recv header, 0000000040 bytes (0x00000028)
10:55:49.377768 http.c:992              <= Recv header: www-authenticate: Basic realm="GitHub"
10:55:49.377768 http.c:980              <= Recv header, 0000000020 bytes (0x00000014)
10:55:49.377768 http.c:992              <= Recv header: content-length: 26
10:55:49.377768 http.c:980              <= Recv header, 0000000037 bytes (0x00000025)
10:55:49.377768 http.c:992              <= Recv header: date: Mon, 14 Sep 2026 15:55:49 GMT
10:55:49.377768 http.c:980              <= Recv header, 0000000056 bytes (0x00000038)
10:55:49.377768 http.c:992              <= Recv header: x-github-request-id: DC9E:544B0:AE05D4:ECB995:6AA81905
10:55:49.377768 http.c:980              <= Recv header, 0000000027 bytes (0x0000001b)
10:55:49.377768 http.c:992              <= Recv header: x-github-edge-region: iad
10:55:49.377768 http.c:980              <= Recv header, 0000000023 bytes (0x00000017)
10:55:49.377768 http.c:992              <= Recv header: x-frame-options: DENY
10:55:49.377768 http.c:1033             == Info: Ignoring the response-body
10:55:49.377768 http.c:1033             == Info: setting size while ignoring
10:55:49.377768 http.c:980              <= Recv header, 0000000002 bytes (0x00000002)
10:55:49.377768 http.c:992              <= Recv header:
10:55:49.377768 http.c:1033             == Info: Connection #0 to host github.com:443 left intact
10:55:49.377768 http.c:1033             == Info: Issue another request to this URL: 'https://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@github.com/maxieds/psycho-boy-nonfiction-book.git/info/refs?service=git-receive-pack'
10:55:49.377768 http.c:1033             == Info: Could not find host github.com in the .netrc file; using defaults
10:55:49.377768 http.c:1033             == Info: Reusing existing https: connection with host github.com
10:55:49.377768 http.c:1033             == Info: Server auth using Basic with user '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'
10:55:49.377768 http.c:1033             == Info: [HTTP/2] [3] OPENED stream for https://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@github.com/maxieds/psycho-boy-nonfiction-book.git/info/refs?service=git-receive-pack
10:55:49.377768 http.c:1033             == Info: [HTTP/2] [3] [:method: GET]
10:55:49.377768 http.c:1033             == Info: [HTTP/2] [3] [:scheme: https]
10:55:49.377768 http.c:1033             == Info: [HTTP/2] [3] [:authority: github.com]
10:55:49.377768 http.c:1033             == Info: [HTTP/2] [3] [:path: /maxieds/psycho-boy-nonfiction-book.git/info/refs?service=git-receive-pack]
10:55:49.377768 http.c:1033             == Info: [HTTP/2] [3] [authorization: Basic <redacted>]
10:55:49.377768 http.c:1033             == Info: [HTTP/2] [3] [user-agent: git/2.55.0.windows.5]
10:55:49.377768 http.c:1033             == Info: [HTTP/2] [3] [accept: */*]
10:55:49.377768 http.c:1033             == Info: [HTTP/2] [3] [accept-encoding: deflate, gzip, br, zstd]
10:55:49.377768 http.c:1033             == Info: [HTTP/2] [3] [pragma: no-cache]
10:55:49.377768 http.c:980              => Send header, 0000000293 bytes (0x00000125)
10:55:49.377768 http.c:992              => Send header: GET /maxieds/psycho-boy-nonfiction-book.git/info/refs?service=git-receive-pack HTTP/2
10:55:49.377768 http.c:992              => Send header: Host: github.com
10:55:49.377768 http.c:992              => Send header: Authorization: Basic <redacted>
10:55:49.377768 http.c:992              => Send header: User-Agent: git/2.55.0.windows.5
10:55:49.377768 http.c:992              => Send header: Accept: */*
10:55:49.377768 http.c:992              => Send header: Accept-Encoding: deflate, gzip, br, zstd
10:55:49.377768 http.c:992              => Send header: Pragma: no-cache
10:55:49.377768 http.c:992              => Send header:
10:55:49.377768 http.c:1033             == Info: Request completely sent off
10:55:49.601345 http.c:980              <= Recv header, 0000000013 bytes (0x0000000d)
10:55:49.601345 http.c:992              <= Recv header: HTTP/2 200
10:55:49.601345 http.c:980              <= Recv header, 0000000026 bytes (0x0000001a)
10:55:49.601345 http.c:992              <= Recv header: server: GitHub-Babel/3.0
10:55:49.601345 http.c:980              <= Recv header, 0000000060 bytes (0x0000003c)
10:55:49.601345 http.c:992              <= Recv header: content-type: application/x-git-receive-pack-advertisement
10:55:49.601345 http.c:980              <= Recv header, 0000000054 bytes (0x00000036)
10:55:49.601345 http.c:992              <= Recv header: content-security-policy: default-src 'none'; sandbox
10:55:49.601345 http.c:980              <= Recv header, 0000000040 bytes (0x00000028)
10:55:49.601345 http.c:992              <= Recv header: expires: Fri, 01 Jan 1980 00:00:00 GMT
10:55:49.601345 http.c:980              <= Recv header, 0000000018 bytes (0x00000012)
10:55:49.601345 http.c:992              <= Recv header: pragma: no-cache
10:55:49.601345 http.c:980              <= Recv header, 0000000053 bytes (0x00000035)
10:55:49.601345 http.c:992              <= Recv header: cache-control: no-cache, max-age=0, must-revalidate
10:55:49.601345 http.c:980              <= Recv header, 0000000023 bytes (0x00000017)
10:55:49.601345 http.c:992              <= Recv header: vary: Accept-Encoding
10:55:49.601345 http.c:980              <= Recv header, 0000000045 bytes (0x0000002d)
10:55:49.601345 http.c:992              <= Recv header: strict-transport-security: max-age=31536000
10:55:49.601345 http.c:980              <= Recv header, 0000000037 bytes (0x00000025)
10:55:49.601345 http.c:992              <= Recv header: date: Mon, 14 Sep 2026 15:55:49 GMT
10:55:49.601345 http.c:980              <= Recv header, 0000000056 bytes (0x00000038)
10:55:49.601345 http.c:992              <= Recv header: x-github-request-id: DC9E:544B0:AE060C:ECB9DA:6AA81905
10:55:49.601345 http.c:980              <= Recv header, 0000000027 bytes (0x0000001b)
10:55:49.601345 http.c:992              <= Recv header: x-github-edge-region: iad
10:55:49.601345 http.c:980              <= Recv header, 0000000023 bytes (0x00000017)
10:55:49.601345 http.c:992              <= Recv header: x-frame-options: DENY
10:55:49.601345 http.c:980              <= Recv header, 0000000002 bytes (0x00000002)
10:55:49.601345 http.c:992              <= Recv header:
10:55:49.601345 http.c:1033             == Info: Connection #0 to host github.com:443 left intact
10:55:49.601345 pkt-line.c:85           packet:          git< # service=git-receive-pack
10:55:49.601345 pkt-line.c:85           packet:          git< 0000
10:55:49.601345 pkt-line.c:85           packet:          git< f439f69ee6b46d3636587fd51ce0c383920c07ba refs/heads/dont-piss-me-off-local-apps2\0report-status report-status-v2 delete-refs side-band-64k ofs-delta atomic object-format=sha1 quiet agent=github/spokes-receive-pack-687be0241dd8aec81f41d987816db233191a3f99 session-id=DC9E:544B0:AE060C:ECB9DA:6AA81905 push-options
10:55:49.601345 pkt-line.c:85           packet:          git< e1dfebb92e12b81b6b04ef9c5b3684c037d63b7a refs/heads/dont-piss-me-off-maralago-original-symlink-contents
10:55:49.601345 pkt-line.c:85           packet:          git< 36fa103c07f423e66c26a1104d2538a6e6c174d3 refs/heads/dont-piss-me-off-standalone-firmware-jcop-nfc-tags
10:55:49.601345 pkt-line.c:85           packet:          git< e1dfebb92e12b81b6b04ef9c5b3684c037d63b7a refs/heads/dont-piss-me-off-youtube-2019-hints
10:55:49.601345 pkt-line.c:85           packet:          git< bfe946b08129e7182a64db51cba35701fd5c9c1c refs/heads/mistress
10:55:49.601345 pkt-line.c:85           packet:          git< 23358e179dea117184a50f1ac53332d8c420fc90 refs/heads/porche911-summer2026-arpanet-recovery
10:55:49.601345 pkt-line.c:85           packet:          git< 89820332d5346487e4b4b129b4ebb89aa06258ff refs/heads/xcode-aos-ios-wini386-problem-solving
10:55:49.601345 pkt-line.c:85           packet:          git< 1f403ae785c03f79d5848f8a8f9b54c413115e79 refs/tags/caoture-the-flag-july4th2026
10:55:49.601345 pkt-line.c:85           packet:          git< 0d822b95824335d51dedd571f823461747c44501 refs/tags/juneteenth-2026-porche911-one-week
10:55:49.601345 pkt-line.c:85           packet:          git< f439f69ee6b46d3636587fd51ce0c383920c07ba refs/tags/porche911-summer2026-arpanet-recovery-start-branch_dont-piss-me-off-local-apps2
10:55:49.601345 pkt-line.c:85           packet:          git< e1dfebb92e12b81b6b04ef9c5b3684c037d63b7a refs/tags/porche911-summer2026-arpanet-recovery-start-branch_dont-piss-me-off-maralago-original-symlink-contents
10:55:49.601345 pkt-line.c:85           packet:          git< 36fa103c07f423e66c26a1104d2538a6e6c174d3 refs/tags/porche911-summer2026-arpanet-recovery-start-branch_dont-piss-me-off-standalone-firmware-jcop-nfc-tags
10:55:49.601345 pkt-line.c:85           packet:          git< e1dfebb92e12b81b6b04ef9c5b3684c037d63b7a refs/tags/porche911-summer2026-arpanet-recovery-start-branch_dont-piss-me-off-youtube-2019-hints
10:55:49.601345 pkt-line.c:85           packet:          git< bfe946b08129e7182a64db51cba35701fd5c9c1c refs/tags/porche911-summer2026-arpanet-recovery-start-branch_mistress
10:55:49.601345 pkt-line.c:85           packet:          git< 89820332d5346487e4b4b129b4ebb89aa06258ff refs/tags/porche911-summer2026-arpanet-recovery-start-branch_xcode-aos-wini368-problem-solving
10:55:49.601345 pkt-line.c:85           packet:          git< 0000
10:55:49.601345 pkt-line.c:85           packet:          git> refs/heads/porche911-summer2026-arpanet-recovery:refs/heads/c088773e5c3b3e60480e2e23d0556e1a660eb1aa
10:55:49.601345 pkt-line.c:85           packet:          git> 0000
10:55:49.601345 run-command.c:674       trace: run_command: git send-pack --stateless-rpc --helper-status --thin --no-progress https://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@github.com/maxieds/psycho-boy-nonfiction-book.git/ --stdin
10:55:49.601345 run-command.c:946       trace: start_command: git send-pack --stateless-rpc --helper-status --thin --no-progress https://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@github.com/maxieds/psycho-boy-nonfiction-book.git/ --stdin
10:55:49.630759 exec-cmd.c:266          trace: resolved executable dir: C:/Users/BSAGuest/AppData/Local/Programs/Git/mingw64/libexec/git-core
10:55:49.630759 git.c:502               trace: built-in: git send-pack --stateless-rpc --helper-status --thin --no-progress https://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@github.com/maxieds/psycho-boy-nonfiction-book.git/ --stdin
10:55:49.630759 pkt-line.c:85           packet:          git< refs/heads/porche911-summer2026-arpanet-recovery:refs/heads/c088773e5c3b3e60480e2e23d0556e1a660eb1aa
10:55:49.630759 pkt-line.c:85           packet:          git< 0000
10:55:49.630759 pkt-line.c:85           packet:          git< f439f69ee6b46d3636587fd51ce0c383920c07ba refs/heads/dont-piss-me-off-local-apps2\0report-status report-status-v2 delete-refs side-band-64k ofs-delta atomic object-format=sha1 quiet agent=github/spokes-receive-pack-687be0241dd8aec81f41d987816db233191a3f99 session-id=DC9E:544B0:AE060C:ECB9DA:6AA81905 push-options
10:55:49.630759 pkt-line.c:85           packet:          git< e1dfebb92e12b81b6b04ef9c5b3684c037d63b7a refs/heads/dont-piss-me-off-maralago-original-symlink-contents
10:55:49.630759 pkt-line.c:85           packet:          git< 36fa103c07f423e66c26a1104d2538a6e6c174d3 refs/heads/dont-piss-me-off-standalone-firmware-jcop-nfc-tags
10:55:49.630759 pkt-line.c:85           packet:          git< e1dfebb92e12b81b6b04ef9c5b3684c037d63b7a refs/heads/dont-piss-me-off-youtube-2019-hints
10:55:49.630759 pkt-line.c:85           packet:          git< bfe946b08129e7182a64db51cba35701fd5c9c1c refs/heads/mistress
10:55:49.630759 pkt-line.c:85           packet:          git< 23358e179dea117184a50f1ac53332d8c420fc90 refs/heads/porche911-summer2026-arpanet-recovery
10:55:49.630759 pkt-line.c:85           packet:          git< 89820332d5346487e4b4b129b4ebb89aa06258ff refs/heads/xcode-aos-ios-wini386-problem-solving
10:55:49.630759 pkt-line.c:85           packet:          git< 1f403ae785c03f79d5848f8a8f9b54c413115e79 refs/tags/caoture-the-flag-july4th2026
10:55:49.630759 pkt-line.c:85           packet:          git< 0d822b95824335d51dedd571f823461747c44501 refs/tags/juneteenth-2026-porche911-one-week
10:55:49.630759 pkt-line.c:85           packet:          git< f439f69ee6b46d3636587fd51ce0c383920c07ba refs/tags/porche911-summer2026-arpanet-recovery-start-branch_dont-piss-me-off-local-apps2
10:55:49.630759 pkt-line.c:85           packet:          git< e1dfebb92e12b81b6b04ef9c5b3684c037d63b7a refs/tags/porche911-summer2026-arpanet-recovery-start-branch_dont-piss-me-off-maralago-original-symlink-contents
10:55:49.630759 pkt-line.c:85           packet:          git< 36fa103c07f423e66c26a1104d2538a6e6c174d3 refs/tags/porche911-summer2026-arpanet-recovery-start-branch_dont-piss-me-off-standalone-firmware-jcop-nfc-tags
10:55:49.630759 pkt-line.c:85           packet:          git< e1dfebb92e12b81b6b04ef9c5b3684c037d63b7a refs/tags/porche911-summer2026-arpanet-recovery-start-branch_dont-piss-me-off-youtube-2019-hints
10:55:49.630759 pkt-line.c:85           packet:          git< bfe946b08129e7182a64db51cba35701fd5c9c1c refs/tags/porche911-summer2026-arpanet-recovery-start-branch_mistress
10:55:49.630759 pkt-line.c:85           packet:          git< 89820332d5346487e4b4b129b4ebb89aa06258ff refs/tags/porche911-summer2026-arpanet-recovery-start-branch_xcode-aos-wini368-problem-solving
10:55:49.630759 pkt-line.c:85           packet:          git< 0000
10:55:49.630759 pkt-line.c:85           packet:          git> 0000000000000000000000000000000000000000 723ecdc780c052f61827451a89bcb42573420a52 refs/heads/c088773e5c3b3e60480e2e23d0556e1a660eb1aa\0 report-status-v2 side-band-64k quiet object-format=sha1 agent=git/2.55.0.windows.5-Windows
10:55:49.630759 pkt-line.c:85           packet:          git> 0000
10:55:49.630759 run-command.c:674       trace: run_command: git pack-objects --all-progress-implied --revs --stdout --thin --delta-base-offset -q
10:55:49.630759 pkt-line.c:85           packet:          git< 00e50000000000000000000000000000000000000000 723ecdc780c052f61827451a89bcb42573420a52 refs/heads/c088773e5c3b3e60480e2e23d0556e1a660eb1aa\0 report-status-v2 side-band-64k quiet object-format=sha1 agent=git/2.55.0.windows.5-Windows0000
10:55:49.630759 run-command.c:946       trace: start_command: git pack-objects --all-progress-implied --revs --stdout --thin --delta-base-offset -q
10:55:49.654772 exec-cmd.c:266          trace: resolved executable dir: C:/Users/BSAGuest/AppData/Local/Programs/Git/mingw64/libexec/git-core
10:55:49.662359 git.c:502               trace: built-in: git pack-objects --all-progress-implied --revs --stdout --thin --delta-base-offset -q
10:55:54.919771 pkt-line.c:85           packet:          git< PACK ...
10:55:55.263924 http.c:1033             == Info: Could not find host github.com in the .netrc file; using defaults
10:55:55.263924 http.c:1033             == Info: Reusing existing https: connection with host github.com
10:55:55.263924 http.c:1033             == Info: Server auth using Basic with user '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'
10:55:55.263924 http.c:1033             == Info: [HTTP/2] [5] OPENED stream for https://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@github.com/maxieds/psycho-boy-nonfiction-book.git/git-receive-pack
10:55:55.263924 http.c:1033             == Info: [HTTP/2] [5] [:method: POST]
10:55:55.263924 http.c:1033             == Info: [HTTP/2] [5] [:scheme: https]
10:55:55.263924 http.c:1033             == Info: [HTTP/2] [5] [:authority: github.com]
10:55:55.263924 http.c:1033             == Info: [HTTP/2] [5] [:path: /maxieds/psycho-boy-nonfiction-book.git/git-receive-pack]
10:55:55.263924 http.c:1033             == Info: [HTTP/2] [5] [authorization: Basic <redacted>]
10:55:55.263924 http.c:1033             == Info: [HTTP/2] [5] [user-agent: git/2.55.0.windows.5]
10:55:55.263924 http.c:1033             == Info: [HTTP/2] [5] [content-type: application/x-git-receive-pack-request]
10:55:55.263924 http.c:1033             == Info: [HTTP/2] [5] [accept: application/x-git-receive-pack-result]
10:55:55.263924 http.c:1033             == Info: [HTTP/2] [5] [content-length: 4]
10:55:55.263924 http.c:980              => Send header, 0000000323 bytes (0x00000143)
10:55:55.263924 http.c:992              => Send header: POST /maxieds/psycho-boy-nonfiction-book.git/git-receive-pack HTTP/2
10:55:55.263924 http.c:992              => Send header: Host: github.com
10:55:55.263924 http.c:992              => Send header: Authorization: Basic <redacted>
10:55:55.263924 http.c:992              => Send header: User-Agent: git/2.55.0.windows.5
10:55:55.263924 http.c:992              => Send header: Content-Type: application/x-git-receive-pack-request
10:55:55.263924 http.c:992              => Send header: Accept: application/x-git-receive-pack-result
10:55:55.263924 http.c:992              => Send header: Content-Length: 4
10:55:55.263924 http.c:992              => Send header:
10:55:55.263924 http.c:1033             == Info: upload completely sent off: 4 bytes
10:55:55.454379 http.c:980              <= Recv header, 0000000013 bytes (0x0000000d)
10:55:55.454379 http.c:992              <= Recv header: HTTP/2 200
10:55:55.454379 http.c:980              <= Recv header, 0000000026 bytes (0x0000001a)
10:55:55.454379 http.c:992              <= Recv header: server: GitHub-Babel/3.0
10:55:55.454379 http.c:980              <= Recv header, 0000000053 bytes (0x00000035)
10:55:55.454379 http.c:992              <= Recv header: content-type: application/x-git-receive-pack-result
10:55:55.454379 http.c:980              <= Recv header, 0000000054 bytes (0x00000036)
10:55:55.454379 http.c:992              <= Recv header: content-security-policy: default-src 'none'; sandbox
10:55:55.454379 http.c:980              <= Recv header, 0000000040 bytes (0x00000028)
10:55:55.454379 http.c:992              <= Recv header: expires: Fri, 01 Jan 1980 00:00:00 GMT
10:55:55.454379 http.c:980              <= Recv header, 0000000018 bytes (0x00000012)
10:55:55.454379 http.c:992              <= Recv header: pragma: no-cache
10:55:55.454379 http.c:980              <= Recv header, 0000000053 bytes (0x00000035)
10:55:55.454379 http.c:992              <= Recv header: cache-control: no-cache, max-age=0, must-revalidate
10:55:55.454379 http.c:980              <= Recv header, 0000000023 bytes (0x00000017)
10:55:55.454379 http.c:992              <= Recv header: vary: Accept-Encoding
10:55:55.454379 http.c:980              <= Recv header, 0000000045 bytes (0x0000002d)
10:55:55.454379 http.c:992              <= Recv header: strict-transport-security: max-age=31536000
10:55:55.454379 http.c:980              <= Recv header, 0000000019 bytes (0x00000013)
10:55:55.454379 http.c:992              <= Recv header: content-length: 0
10:55:55.454379 http.c:980              <= Recv header, 0000000037 bytes (0x00000025)
10:55:55.454379 http.c:992              <= Recv header: date: Mon, 14 Sep 2026 15:55:55 GMT
10:55:55.454379 http.c:980              <= Recv header, 0000000056 bytes (0x00000038)
10:55:55.454379 http.c:992              <= Recv header: x-github-request-id: DC9E:544B0:AE1D30:ECD879:6AA81905
10:55:55.454379 http.c:980              <= Recv header, 0000000027 bytes (0x0000001b)
10:55:55.454379 http.c:992              <= Recv header: x-github-edge-region: iad
10:55:55.454379 http.c:980              <= Recv header, 0000000023 bytes (0x00000017)
10:55:55.454379 http.c:992              <= Recv header: x-frame-options: DENY
10:55:55.454379 http.c:980              <= Recv header, 0000000002 bytes (0x00000002)
10:55:55.454379 http.c:992              <= Recv header:
10:55:55.454379 http.c:1033             == Info: Connection #0 to host github.com:443 left intact
10:55:55.454379 http.c:1033             == Info: Could not find host github.com in the .netrc file; using defaults
10:55:55.454379 http.c:1033             == Info: Reusing existing https: connection with host github.com
10:55:55.454379 http.c:1033             == Info: Server auth using Basic with user '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'
10:55:55.454379 http.c:1033             == Info: [HTTP/2] [7] OPENED stream for https://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@github.com/maxieds/psycho-boy-nonfiction-book.git/git-receive-pack
10:55:55.454379 http.c:1033             == Info: [HTTP/2] [7] [:method: POST]
10:55:55.454379 http.c:1033             == Info: [HTTP/2] [7] [:scheme: https]
10:55:55.454379 http.c:1033             == Info: [HTTP/2] [7] [:authority: github.com]
10:55:55.454379 http.c:1033             == Info: [HTTP/2] [7] [:path: /maxieds/psycho-boy-nonfiction-book.git/git-receive-pack]
10:55:55.454379 http.c:1033             == Info: [HTTP/2] [7] [authorization: Basic <redacted>]
10:55:55.454379 http.c:1033             == Info: [HTTP/2] [7] [user-agent: git/2.55.0.windows.5]
10:55:55.454379 http.c:1033             == Info: [HTTP/2] [7] [accept-encoding: deflate, gzip, br, zstd]
10:55:55.454379 http.c:1033             == Info: [HTTP/2] [7] [content-type: application/x-git-receive-pack-request]
10:55:55.454379 http.c:1033             == Info: [HTTP/2] [7] [accept: application/x-git-receive-pack-result]
10:55:55.454379 http.c:980              => Send header, 0000000346 bytes (0x0000015a)
10:55:55.454379 http.c:992              => Send header: POST /maxieds/psycho-boy-nonfiction-book.git/git-receive-pack HTTP/2
10:55:55.454379 http.c:992              => Send header: Host: github.com
10:55:55.454379 http.c:992              => Send header: Authorization: Basic <redacted>
10:55:55.454379 http.c:992              => Send header: User-Agent: git/2.55.0.windows.5
10:55:55.454379 http.c:992              => Send header: Accept-Encoding: deflate, gzip, br, zstd
10:55:55.454379 http.c:992              => Send header: Content-Type: application/x-git-receive-pack-request
10:55:55.454379 http.c:992              => Send header: Accept: application/x-git-receive-pack-result
10:55:55.454379 http.c:992              => Send header:
10:58:02.595529 http.c:980              <= Recv header, 0000000013 bytes (0x0000000d)
10:58:02.595529 http.c:992              <= Recv header: HTTP/2 500
10:58:02.595529 http.c:980              <= Recv header, 0000000026 bytes (0x0000001a)
10:58:02.595529 http.c:992              <= Recv header: server: GitHub-Babel/3.0
10:58:02.595529 http.c:980              <= Recv header, 0000000054 bytes (0x00000036)
10:58:02.595529 http.c:992              <= Recv header: content-security-policy: default-src 'none'; sandbox
10:58:02.595529 http.c:980              <= Recv header, 0000000041 bytes (0x00000029)
10:58:02.595529 http.c:992              <= Recv header: content-type: text/plain; charset=UTF-8
10:58:02.595529 http.c:980              <= Recv header, 0000000045 bytes (0x0000002d)
10:58:02.595529 http.c:992              <= Recv header: strict-transport-security: max-age=31536000
10:58:02.595529 http.c:980              <= Recv header, 0000000040 bytes (0x00000028)
10:58:02.595529 http.c:992              <= Recv header: www-authenticate: Basic realm="GitHub"
10:58:02.595529 http.c:980              <= Recv header, 0000000020 bytes (0x00000014)
10:58:02.595529 http.c:992              <= Recv header: content-length: 21
10:58:02.595529 http.c:980              <= Recv header, 0000000037 bytes (0x00000025)
10:58:02.595529 http.c:992              <= Recv header: date: Mon, 14 Sep 2026 15:58:02 GMT
10:58:02.595529 http.c:980              <= Recv header, 0000000056 bytes (0x00000038)
10:58:02.595529 http.c:992              <= Recv header: x-github-request-id: DC9E:544B0:AE1DF0:ECD95D:6AA8190B
10:58:02.595529 http.c:980              <= Recv header, 0000000027 bytes (0x0000001b)
10:58:02.595529 http.c:992              <= Recv header: x-github-edge-region: iad
10:58:02.595529 http.c:980              <= Recv header, 0000000023 bytes (0x00000017)
10:58:02.595529 http.c:992              <= Recv header: x-frame-options: DENY
10:58:02.595529 http.c:1033             == Info: HTTP error before end of send, stop sending
10:58:02.595529 http.c:1033             == Info: abort upload after having sent 2162011890 bytes
10:58:02.595529 http.c:980              <= Recv header, 0000000002 bytes (0x00000002)
10:58:02.595529 http.c:992              <= Recv header:
10:58:02.595529 http.c:1033             == Info: Connection #0 to host github.com:443 left intact
error: RPC failed; HTTP 500 curl 22 The requested URL returned error: 500
send-pack: unexpected disconnect while reading sideband packet
10:58:07.407275 pkt-line.c:85           packet:          git> 0000
fatal: the remote end hung up unexpectedly
Everything up-to-date
