14:37:50.890983 exec-cmd.c:266          trace: resolved executable dir: C:/Users/BSAGuest/AppData/Local/Programs/Git/mingw64/bin
14:37:50.906614 git.c:502               trace: built-in: git push origin porche911-summer2026-arpanet-recovery
14:37:50.906614 run-command.c:674       trace: run_command: GIT_DIR=.git git remote-https origin https://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@github.com/maxieds/psycho-boy-nonfiction-book.git
14:37:50.906614 run-command.c:946       trace: start_command: git remote-https origin https://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@github.com/maxieds/psycho-boy-nonfiction-book.git
14:37:50.937857 exec-cmd.c:266          trace: resolved executable dir: C:/Users/BSAGuest/AppData/Local/Programs/Git/mingw64/libexec/git-core
14:37:50.948391 git.c:812               trace: exec: git-remote-https origin https://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@github.com/maxieds/psycho-boy-nonfiction-book.git
14:37:50.948391 run-command.c:674       trace: run_command: git-remote-https origin https://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@github.com/maxieds/psycho-boy-nonfiction-book.git
14:37:50.948391 run-command.c:946       trace: start_command: git-remote-https origin https://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@github.com/maxieds/psycho-boy-nonfiction-book.git
14:37:51.048472 exec-cmd.c:266          trace: resolved executable dir: C:/Users/BSAGuest/AppData/Local/Programs/Git/mingw64/libexec/git-core
14:37:51.506450 http.c:1033             == Info: Could not find host github.com in the .netrc file; using defaults
14:37:51.526230 http.c:1033             == Info: Host github.com:443 was resolved.
14:37:51.526230 http.c:1033             == Info: IPv6: (none)
14:37:51.526230 http.c:1033             == Info: IPv4: 140.82.112.3
14:37:51.526230 http.c:1033             == Info:   Trying 140.82.112.3:443...
14:37:51.553886 http.c:1033             == Info: ALPN: curl offers h2,http/1.1
14:37:51.553886 http.c:1033             == Info: TLSv1.3 (OUT), TLS handshake, Client hello (1):
14:37:51.553886 http.c:1033             == Info: SSL Trust Anchors:
14:37:51.578494 http.c:1033             == Info:   CAfile: C:/Users/BSAGuest/AppData/Local/Programs/Git/mingw64/etc/ssl/certs/ca-bundle.crt
14:37:51.587630 http.c:1033             == Info: TLSv1.3 (IN), TLS handshake, Server hello (2):
14:37:51.587845 http.c:1033             == Info: TLSv1.3 (IN), TLS change cipher, Change cipher spec (1):
14:37:51.587845 http.c:1033             == Info: TLSv1.3 (IN), TLS handshake, Encrypted Extensions (8):
14:37:51.587845 http.c:1033             == Info: TLSv1.3 (IN), TLS handshake, Certificate (11):
14:37:51.588919 http.c:1033             == Info: TLSv1.3 (IN), TLS handshake, CERT verify (15):
14:37:51.588919 http.c:1033             == Info: TLSv1.3 (IN), TLS handshake, Finished (20):
14:37:51.588919 http.c:1033             == Info: TLSv1.3 (OUT), TLS change cipher, Change cipher spec (1):
14:37:51.588919 http.c:1033             == Info: TLSv1.3 (OUT), TLS handshake, Finished (20):
14:37:51.588919 http.c:1033             == Info: SSL connection using TLSv1.3 / TLS_AES_128_GCM_SHA256 / x25519 / id-ecPublicKey
14:37:51.588919 http.c:1033             == Info: ALPN: server accepted h2
14:37:51.588919 http.c:1033             == Info: Server certificate:
14:37:51.588919 http.c:1033             == Info:   subject: CN=github.com
14:37:51.588919 http.c:1033             == Info:   start date: Sep  1 00:00:00 2026 GMT
14:37:51.588919 http.c:1033             == Info:   expire date: Nov 29 23:59:59 2026 GMT
14:37:51.588919 http.c:1033             == Info:   issuer: C=GB; O=Sectigo Limited; CN=Sectigo Public Server Authentication CA DV E36
14:37:51.588919 http.c:1033             == Info:   Certificate level 0: Public key type EC/prime256v1 (256/128 Bits/secBits), signed using ecdsa-with-SHA256
14:37:51.588919 http.c:1033             == Info:   Certificate level 1: Public key type EC/prime256v1 (256/128 Bits/secBits), signed using ecdsa-with-SHA384
14:37:51.588919 http.c:1033             == Info:   Certificate level 2: Public key type EC/secp384r1 (384/192 Bits/secBits), signed using ecdsa-with-SHA384
14:37:51.588919 http.c:1033             == Info:   subjectAltName: "github.com" matches cert's "github.com"
14:37:51.588919 http.c:1033             == Info: OpenSSL verify result: 0
14:37:51.589477 http.c:1033             == Info: SSL certificate verified via OpenSSL.
14:37:51.589477 http.c:1033             == Info: Established connection to github.com (140.82.112.3 port 443) from 10.12.1.41 port 65022 
14:37:51.589477 http.c:1033             == Info: using HTTP/2
14:37:51.589477 http.c:1033             == Info: [HTTP/2] [1] OPENED stream for https://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@github.com/maxieds/psycho-boy-nonfiction-book.git/info/refs?service=git-receive-pack
14:37:51.589477 http.c:1033             == Info: [HTTP/2] [1] [:method: GET]
14:37:51.589477 http.c:1033             == Info: [HTTP/2] [1] [:scheme: https]
14:37:51.589477 http.c:1033             == Info: [HTTP/2] [1] [:authority: github.com]
14:37:51.589477 http.c:1033             == Info: [HTTP/2] [1] [:path: /maxieds/psycho-boy-nonfiction-book.git/info/refs?service=git-receive-pack]
14:37:51.589477 http.c:1033             == Info: [HTTP/2] [1] [user-agent: git/2.55.0.windows.5]
14:37:51.589477 http.c:1033             == Info: [HTTP/2] [1] [accept: */*]
14:37:51.589477 http.c:1033             == Info: [HTTP/2] [1] [accept-encoding: deflate, gzip, br, zstd]
14:37:51.589477 http.c:1033             == Info: [HTTP/2] [1] [pragma: no-cache]
14:37:51.589477 http.c:980              => Send header, 0000000214 bytes (0x000000d6)
14:37:51.589477 http.c:992              => Send header: GET /maxieds/psycho-boy-nonfiction-book.git/info/refs?service=git-receive-pack HTTP/2
14:37:51.589477 http.c:992              => Send header: Host: github.com
14:37:51.589477 http.c:992              => Send header: User-Agent: git/2.55.0.windows.5
14:37:51.589477 http.c:992              => Send header: Accept: */*
14:37:51.589477 http.c:992              => Send header: Accept-Encoding: deflate, gzip, br, zstd
14:37:51.589477 http.c:992              => Send header: Pragma: no-cache
14:37:51.589477 http.c:992              => Send header:
14:37:51.589477 http.c:1033             == Info: Request completely sent off
14:37:51.608793 http.c:1033             == Info: TLSv1.3 (IN), TLS handshake, Newsession Ticket (4):
14:37:51.608793 http.c:1033             == Info: TLSv1.3 (IN), TLS handshake, Newsession Ticket (4):
14:37:51.632033 http.c:980              <= Recv header, 0000000013 bytes (0x0000000d)
14:37:51.632033 http.c:992              <= Recv header: HTTP/2 401
14:37:51.632033 http.c:980              <= Recv header, 0000000026 bytes (0x0000001a)
14:37:51.632033 http.c:992              <= Recv header: server: GitHub-Babel/3.0
14:37:51.632033 http.c:980              <= Recv header, 0000000054 bytes (0x00000036)
14:37:51.632033 http.c:992              <= Recv header: content-security-policy: default-src 'none'; sandbox
14:37:51.632033 http.c:980              <= Recv header, 0000000041 bytes (0x00000029)
14:37:51.632033 http.c:992              <= Recv header: content-type: text/plain; charset=UTF-8
14:37:51.632033 http.c:980              <= Recv header, 0000000045 bytes (0x0000002d)
14:37:51.632033 http.c:992              <= Recv header: strict-transport-security: max-age=31536000
14:37:51.632033 http.c:980              <= Recv header, 0000000040 bytes (0x00000028)
14:37:51.632033 http.c:992              <= Recv header: www-authenticate: Basic realm="GitHub"
14:37:51.632033 http.c:980              <= Recv header, 0000000020 bytes (0x00000014)
14:37:51.632033 http.c:992              <= Recv header: content-length: 26
14:37:51.632033 http.c:980              <= Recv header, 0000000037 bytes (0x00000025)
14:37:51.632033 http.c:992              <= Recv header: date: Thu, 10 Sep 2026 19:37:51 GMT
14:37:51.632033 http.c:980              <= Recv header, 0000000057 bytes (0x00000039)
14:37:51.632033 http.c:992              <= Recv header: x-github-request-id: FDFE:2093B1:575B6A:73FE44:6AA3070F
14:37:51.632033 http.c:980              <= Recv header, 0000000027 bytes (0x0000001b)
14:37:51.632033 http.c:992              <= Recv header: x-github-edge-region: iad
14:37:51.632033 http.c:980              <= Recv header, 0000000023 bytes (0x00000017)
14:37:51.632033 http.c:992              <= Recv header: x-frame-options: DENY
14:37:51.632033 http.c:1033             == Info: Ignoring the response-body
14:37:51.632033 http.c:1033             == Info: setting size while ignoring
14:37:51.632033 http.c:980              <= Recv header, 0000000002 bytes (0x00000002)
14:37:51.632033 http.c:992              <= Recv header:
14:37:51.632033 http.c:1033             == Info: Connection #0 to host github.com:443 left intact
14:37:51.632033 http.c:1033             == Info: Issue another request to this URL: 'https://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@github.com/maxieds/psycho-boy-nonfiction-book.git/info/refs?service=git-receive-pack'
14:37:51.632033 http.c:1033             == Info: Could not find host github.com in the .netrc file; using defaults
14:37:51.632033 http.c:1033             == Info: Reusing existing https: connection with host github.com
14:37:51.632033 http.c:1033             == Info: Server auth using Basic with user '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'
14:37:51.632033 http.c:1033             == Info: [HTTP/2] [3] OPENED stream for https://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@github.com/maxieds/psycho-boy-nonfiction-book.git/info/refs?service=git-receive-pack
14:37:51.632033 http.c:1033             == Info: [HTTP/2] [3] [:method: GET]
14:37:51.632033 http.c:1033             == Info: [HTTP/2] [3] [:scheme: https]
14:37:51.632033 http.c:1033             == Info: [HTTP/2] [3] [:authority: github.com]
14:37:51.632033 http.c:1033             == Info: [HTTP/2] [3] [:path: /maxieds/psycho-boy-nonfiction-book.git/info/refs?service=git-receive-pack]
14:37:51.632033 http.c:1033             == Info: [HTTP/2] [3] [authorization: Basic <redacted>]
14:37:51.632033 http.c:1033             == Info: [HTTP/2] [3] [user-agent: git/2.55.0.windows.5]
14:37:51.632033 http.c:1033             == Info: [HTTP/2] [3] [accept: */*]
14:37:51.632033 http.c:1033             == Info: [HTTP/2] [3] [accept-encoding: deflate, gzip, br, zstd]
14:37:51.632033 http.c:1033             == Info: [HTTP/2] [3] [pragma: no-cache]
14:37:51.632033 http.c:980              => Send header, 0000000293 bytes (0x00000125)
14:37:51.632033 http.c:992              => Send header: GET /maxieds/psycho-boy-nonfiction-book.git/info/refs?service=git-receive-pack HTTP/2
14:37:51.632033 http.c:992              => Send header: Host: github.com
14:37:51.632033 http.c:992              => Send header: Authorization: Basic <redacted>
14:37:51.632033 http.c:992              => Send header: User-Agent: git/2.55.0.windows.5
14:37:51.632033 http.c:992              => Send header: Accept: */*
14:37:51.632033 http.c:992              => Send header: Accept-Encoding: deflate, gzip, br, zstd
14:37:51.632033 http.c:992              => Send header: Pragma: no-cache
14:37:51.632033 http.c:992              => Send header:
14:37:51.632033 http.c:1033             == Info: Request completely sent off
14:37:51.874060 http.c:980              <= Recv header, 0000000013 bytes (0x0000000d)
14:37:51.874060 http.c:992              <= Recv header: HTTP/2 200
14:37:51.874060 http.c:980              <= Recv header, 0000000026 bytes (0x0000001a)
14:37:51.874060 http.c:992              <= Recv header: server: GitHub-Babel/3.0
14:37:51.874060 http.c:980              <= Recv header, 0000000060 bytes (0x0000003c)
14:37:51.874060 http.c:992              <= Recv header: content-type: application/x-git-receive-pack-advertisement
14:37:51.874060 http.c:980              <= Recv header, 0000000054 bytes (0x00000036)
14:37:51.874060 http.c:992              <= Recv header: content-security-policy: default-src 'none'; sandbox
14:37:51.874060 http.c:980              <= Recv header, 0000000040 bytes (0x00000028)
14:37:51.874060 http.c:992              <= Recv header: expires: Fri, 01 Jan 1980 00:00:00 GMT
14:37:51.874060 http.c:980              <= Recv header, 0000000018 bytes (0x00000012)
14:37:51.874060 http.c:992              <= Recv header: pragma: no-cache
14:37:51.874060 http.c:980              <= Recv header, 0000000053 bytes (0x00000035)
14:37:51.874060 http.c:992              <= Recv header: cache-control: no-cache, max-age=0, must-revalidate
14:37:51.874060 http.c:980              <= Recv header, 0000000023 bytes (0x00000017)
14:37:51.874060 http.c:992              <= Recv header: vary: Accept-Encoding
14:37:51.874060 http.c:980              <= Recv header, 0000000045 bytes (0x0000002d)
14:37:51.874060 http.c:992              <= Recv header: strict-transport-security: max-age=31536000
14:37:51.874060 http.c:980              <= Recv header, 0000000037 bytes (0x00000025)
14:37:51.874060 http.c:992              <= Recv header: date: Thu, 10 Sep 2026 19:37:51 GMT
14:37:51.874060 http.c:980              <= Recv header, 0000000057 bytes (0x00000039)
14:37:51.874060 http.c:992              <= Recv header: x-github-request-id: FDFE:2093B1:575B8F:73FE7D:6AA3070F
14:37:51.874060 http.c:980              <= Recv header, 0000000027 bytes (0x0000001b)
14:37:51.874060 http.c:992              <= Recv header: x-github-edge-region: iad
14:37:51.874060 http.c:980              <= Recv header, 0000000023 bytes (0x00000017)
14:37:51.874060 http.c:992              <= Recv header: x-frame-options: DENY
14:37:51.874060 http.c:980              <= Recv header, 0000000002 bytes (0x00000002)
14:37:51.874060 http.c:992              <= Recv header:
14:37:51.874060 http.c:1033             == Info: Connection #0 to host github.com:443 left intact
14:37:51.874060 pkt-line.c:85           packet:          git< # service=git-receive-pack
14:37:51.874060 pkt-line.c:85           packet:          git< 0000
14:37:51.874060 pkt-line.c:85           packet:          git< f439f69ee6b46d3636587fd51ce0c383920c07ba refs/heads/dont-piss-me-off-local-apps2\0report-status report-status-v2 delete-refs side-band-64k ofs-delta atomic object-format=sha1 quiet agent=github/spokes-receive-pack-687be0241dd8aec81f41d987816db233191a3f99 session-id=FDFE:2093B1:575B8F:73FE7D:6AA3070F push-options
14:37:51.874060 pkt-line.c:85           packet:          git< e1dfebb92e12b81b6b04ef9c5b3684c037d63b7a refs/heads/dont-piss-me-off-maralago-original-symlink-contents
14:37:51.874060 pkt-line.c:85           packet:          git< 36fa103c07f423e66c26a1104d2538a6e6c174d3 refs/heads/dont-piss-me-off-standalone-firmware-jcop-nfc-tags
14:37:51.874060 pkt-line.c:85           packet:          git< e1dfebb92e12b81b6b04ef9c5b3684c037d63b7a refs/heads/dont-piss-me-off-youtube-2019-hints
14:37:51.874060 pkt-line.c:85           packet:          git< bfe946b08129e7182a64db51cba35701fd5c9c1c refs/heads/mistress
14:37:51.874060 pkt-line.c:85           packet:          git< bfe946b08129e7182a64db51cba35701fd5c9c1c refs/heads/porche911-summer2026-arpanet-recovery
14:37:51.874060 pkt-line.c:85           packet:          git< 89820332d5346487e4b4b129b4ebb89aa06258ff refs/heads/xcode-aos-ios-wini386-problem-solving
14:37:51.874060 pkt-line.c:85           packet:          git< 1f403ae785c03f79d5848f8a8f9b54c413115e79 refs/tags/caoture-the-flag-july4th2026
14:37:51.874060 pkt-line.c:85           packet:          git< 0d822b95824335d51dedd571f823461747c44501 refs/tags/juneteenth-2026-porche911-one-week
14:37:51.874060 pkt-line.c:85           packet:          git< f439f69ee6b46d3636587fd51ce0c383920c07ba refs/tags/porche911-summer2026-arpanet-recovery-start-branch_dont-piss-me-off-local-apps2
14:37:51.874060 pkt-line.c:85           packet:          git< e1dfebb92e12b81b6b04ef9c5b3684c037d63b7a refs/tags/porche911-summer2026-arpanet-recovery-start-branch_dont-piss-me-off-maralago-original-symlink-contents
14:37:51.874060 pkt-line.c:85           packet:          git< 36fa103c07f423e66c26a1104d2538a6e6c174d3 refs/tags/porche911-summer2026-arpanet-recovery-start-branch_dont-piss-me-off-standalone-firmware-jcop-nfc-tags
14:37:51.874060 pkt-line.c:85           packet:          git< e1dfebb92e12b81b6b04ef9c5b3684c037d63b7a refs/tags/porche911-summer2026-arpanet-recovery-start-branch_dont-piss-me-off-youtube-2019-hints
14:37:51.874060 pkt-line.c:85           packet:          git< bfe946b08129e7182a64db51cba35701fd5c9c1c refs/tags/porche911-summer2026-arpanet-recovery-start-branch_mistress
14:37:51.874060 pkt-line.c:85           packet:          git< 89820332d5346487e4b4b129b4ebb89aa06258ff refs/tags/porche911-summer2026-arpanet-recovery-start-branch_xcode-aos-wini368-problem-solving
14:37:51.874060 pkt-line.c:85           packet:          git< 0000
14:37:51.885571 pkt-line.c:85           packet:          git> refs/heads/porche911-summer2026-arpanet-recovery:refs/heads/porche911-summer2026-arpanet-recovery
14:37:51.885571 pkt-line.c:85           packet:          git> 0000
14:37:51.885571 run-command.c:674       trace: run_command: git send-pack --stateless-rpc --helper-status --thin --no-progress https://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@github.com/maxieds/psycho-boy-nonfiction-book.git/ --stdin
14:37:51.885571 run-command.c:946       trace: start_command: git send-pack --stateless-rpc --helper-status --thin --no-progress https://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@github.com/maxieds/psycho-boy-nonfiction-book.git/ --stdin
14:37:51.901212 exec-cmd.c:266          trace: resolved executable dir: C:/Users/BSAGuest/AppData/Local/Programs/Git/mingw64/libexec/git-core
14:37:51.916832 git.c:502               trace: built-in: git send-pack --stateless-rpc --helper-status --thin --no-progress https://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@github.com/maxieds/psycho-boy-nonfiction-book.git/ --stdin
14:37:51.916832 pkt-line.c:85           packet:          git< refs/heads/porche911-summer2026-arpanet-recovery:refs/heads/porche911-summer2026-arpanet-recovery
14:37:51.916832 pkt-line.c:85           packet:          git< 0000
14:37:51.916832 pkt-line.c:85           packet:          git< f439f69ee6b46d3636587fd51ce0c383920c07ba refs/heads/dont-piss-me-off-local-apps2\0report-status report-status-v2 delete-refs side-band-64k ofs-delta atomic object-format=sha1 quiet agent=github/spokes-receive-pack-687be0241dd8aec81f41d987816db233191a3f99 session-id=FDFE:2093B1:575B8F:73FE7D:6AA3070F push-options
14:37:51.916832 pkt-line.c:85           packet:          git< e1dfebb92e12b81b6b04ef9c5b3684c037d63b7a refs/heads/dont-piss-me-off-maralago-original-symlink-contents
14:37:51.916832 pkt-line.c:85           packet:          git< 36fa103c07f423e66c26a1104d2538a6e6c174d3 refs/heads/dont-piss-me-off-standalone-firmware-jcop-nfc-tags
14:37:51.916832 pkt-line.c:85           packet:          git< e1dfebb92e12b81b6b04ef9c5b3684c037d63b7a refs/heads/dont-piss-me-off-youtube-2019-hints
14:37:51.916832 pkt-line.c:85           packet:          git< bfe946b08129e7182a64db51cba35701fd5c9c1c refs/heads/mistress
14:37:51.916832 pkt-line.c:85           packet:          git< bfe946b08129e7182a64db51cba35701fd5c9c1c refs/heads/porche911-summer2026-arpanet-recovery
14:37:51.916832 pkt-line.c:85           packet:          git< 89820332d5346487e4b4b129b4ebb89aa06258ff refs/heads/xcode-aos-ios-wini386-problem-solving
14:37:51.916832 pkt-line.c:85           packet:          git< 1f403ae785c03f79d5848f8a8f9b54c413115e79 refs/tags/caoture-the-flag-july4th2026
14:37:51.916832 pkt-line.c:85           packet:          git< 0d822b95824335d51dedd571f823461747c44501 refs/tags/juneteenth-2026-porche911-one-week
14:37:51.916832 pkt-line.c:85           packet:          git< f439f69ee6b46d3636587fd51ce0c383920c07ba refs/tags/porche911-summer2026-arpanet-recovery-start-branch_dont-piss-me-off-local-apps2
14:37:51.916832 pkt-line.c:85           packet:          git< e1dfebb92e12b81b6b04ef9c5b3684c037d63b7a refs/tags/porche911-summer2026-arpanet-recovery-start-branch_dont-piss-me-off-maralago-original-symlink-contents
14:37:51.916832 pkt-line.c:85           packet:          git< 36fa103c07f423e66c26a1104d2538a6e6c174d3 refs/tags/porche911-summer2026-arpanet-recovery-start-branch_dont-piss-me-off-standalone-firmware-jcop-nfc-tags
14:37:51.916832 pkt-line.c:85           packet:          git< e1dfebb92e12b81b6b04ef9c5b3684c037d63b7a refs/tags/porche911-summer2026-arpanet-recovery-start-branch_dont-piss-me-off-youtube-2019-hints
14:37:51.916832 pkt-line.c:85           packet:          git< bfe946b08129e7182a64db51cba35701fd5c9c1c refs/tags/porche911-summer2026-arpanet-recovery-start-branch_mistress
14:37:51.916832 pkt-line.c:85           packet:          git< 89820332d5346487e4b4b129b4ebb89aa06258ff refs/tags/porche911-summer2026-arpanet-recovery-start-branch_xcode-aos-wini368-problem-solving
14:37:51.916832 pkt-line.c:85           packet:          git< 0000
14:37:51.916832 pkt-line.c:85           packet:          git> bfe946b08129e7182a64db51cba35701fd5c9c1c 43ae00bf554a89e149c89ff4caff9c373c1b8a6a refs/heads/porche911-summer2026-arpanet-recovery\0 report-status-v2 side-band-64k quiet object-format=sha1 agent=git/2.55.0.windows.5-Windows
14:37:51.916832 pkt-line.c:85           packet:          git> 0000
14:37:51.916832 pkt-line.c:85           packet:          git< 00e2bfe946b08129e7182a64db51cba35701fd5c9c1c 43ae00bf554a89e149c89ff4caff9c373c1b8a6a refs/heads/porche911-summer2026-arpanet-recovery\0 report-status-v2 side-band-64k quiet object-format=sha1 agent=git/2.55.0.windows.5-Windows0000
14:37:51.916832 run-command.c:674       trace: run_command: git pack-objects --all-progress-implied --revs --stdout --thin --delta-base-offset -q
14:37:51.916832 run-command.c:946       trace: start_command: git pack-objects --all-progress-implied --revs --stdout --thin --delta-base-offset -q
14:37:51.932454 exec-cmd.c:266          trace: resolved executable dir: C:/Users/BSAGuest/AppData/Local/Programs/Git/mingw64/libexec/git-core
14:37:51.950118 git.c:502               trace: built-in: git pack-objects --all-progress-implied --revs --stdout --thin --delta-base-offset -q
14:38:02.503352 pkt-line.c:85           packet:          git< PACK ...
14:38:03.131017 http.c:1033             == Info: Could not find host github.com in the .netrc file; using defaults
14:38:03.131017 http.c:1033             == Info: Reusing existing https: connection with host github.com
14:38:03.131017 http.c:1033             == Info: Server auth using Basic with user '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'
14:38:03.131017 http.c:1033             == Info: [HTTP/2] [5] OPENED stream for https://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@github.com/maxieds/psycho-boy-nonfiction-book.git/git-receive-pack
14:38:03.131017 http.c:1033             == Info: [HTTP/2] [5] [:method: POST]
14:38:03.131017 http.c:1033             == Info: [HTTP/2] [5] [:scheme: https]
14:38:03.131017 http.c:1033             == Info: [HTTP/2] [5] [:authority: github.com]
14:38:03.131017 http.c:1033             == Info: [HTTP/2] [5] [:path: /maxieds/psycho-boy-nonfiction-book.git/git-receive-pack]
14:38:03.131017 http.c:1033             == Info: [HTTP/2] [5] [authorization: Basic <redacted>]
14:38:03.131017 http.c:1033             == Info: [HTTP/2] [5] [user-agent: git/2.55.0.windows.5]
14:38:03.131017 http.c:1033             == Info: [HTTP/2] [5] [content-type: application/x-git-receive-pack-request]
14:38:03.131017 http.c:1033             == Info: [HTTP/2] [5] [accept: application/x-git-receive-pack-result]
14:38:03.131017 http.c:1033             == Info: [HTTP/2] [5] [content-length: 4]
14:38:03.131017 http.c:980              => Send header, 0000000323 bytes (0x00000143)
14:38:03.131017 http.c:992              => Send header: POST /maxieds/psycho-boy-nonfiction-book.git/git-receive-pack HTTP/2
14:38:03.131017 http.c:992              => Send header: Host: github.com
14:38:03.131017 http.c:992              => Send header: Authorization: Basic <redacted>
14:38:03.131017 http.c:992              => Send header: User-Agent: git/2.55.0.windows.5
14:38:03.131017 http.c:992              => Send header: Content-Type: application/x-git-receive-pack-request
14:38:03.131017 http.c:992              => Send header: Accept: application/x-git-receive-pack-result
14:38:03.131017 http.c:992              => Send header: Content-Length: 4
14:38:03.131017 http.c:992              => Send header:
14:38:03.131017 http.c:1033             == Info: upload completely sent off: 4 bytes
14:38:03.383412 http.c:980              <= Recv header, 0000000013 bytes (0x0000000d)
14:38:03.383412 http.c:992              <= Recv header: HTTP/2 200
14:38:03.383412 http.c:980              <= Recv header, 0000000026 bytes (0x0000001a)
14:38:03.383412 http.c:992              <= Recv header: server: GitHub-Babel/3.0
14:38:03.383412 http.c:980              <= Recv header, 0000000053 bytes (0x00000035)
14:38:03.383412 http.c:992              <= Recv header: content-type: application/x-git-receive-pack-result
14:38:03.383412 http.c:980              <= Recv header, 0000000054 bytes (0x00000036)
14:38:03.383412 http.c:992              <= Recv header: content-security-policy: default-src 'none'; sandbox
14:38:03.383412 http.c:980              <= Recv header, 0000000040 bytes (0x00000028)
14:38:03.383412 http.c:992              <= Recv header: expires: Fri, 01 Jan 1980 00:00:00 GMT
14:38:03.383412 http.c:980              <= Recv header, 0000000018 bytes (0x00000012)
14:38:03.383412 http.c:992              <= Recv header: pragma: no-cache
14:38:03.383412 http.c:980              <= Recv header, 0000000053 bytes (0x00000035)
14:38:03.383412 http.c:992              <= Recv header: cache-control: no-cache, max-age=0, must-revalidate
14:38:03.383412 http.c:980              <= Recv header, 0000000023 bytes (0x00000017)
14:38:03.383412 http.c:992              <= Recv header: vary: Accept-Encoding
14:38:03.383412 http.c:980              <= Recv header, 0000000045 bytes (0x0000002d)
14:38:03.383412 http.c:992              <= Recv header: strict-transport-security: max-age=31536000
14:38:03.383412 http.c:980              <= Recv header, 0000000019 bytes (0x00000013)
14:38:03.383412 http.c:992              <= Recv header: content-length: 0
14:38:03.383412 http.c:980              <= Recv header, 0000000037 bytes (0x00000025)
14:38:03.383412 http.c:992              <= Recv header: date: Thu, 10 Sep 2026 19:38:03 GMT
14:38:03.383412 http.c:980              <= Recv header, 0000000057 bytes (0x00000039)
14:38:03.383412 http.c:992              <= Recv header: x-github-request-id: FDFE:2093B1:57893D:743AD2:6AA3070F
14:38:03.383412 http.c:980              <= Recv header, 0000000027 bytes (0x0000001b)
14:38:03.383412 http.c:992              <= Recv header: x-github-edge-region: iad
14:38:03.383412 http.c:980              <= Recv header, 0000000023 bytes (0x00000017)
14:38:03.383412 http.c:992              <= Recv header: x-frame-options: DENY
14:38:03.383412 http.c:980              <= Recv header, 0000000002 bytes (0x00000002)
14:38:03.383412 http.c:992              <= Recv header:
14:38:03.383412 http.c:1033             == Info: Connection #0 to host github.com:443 left intact
14:38:03.383412 http.c:1033             == Info: Could not find host github.com in the .netrc file; using defaults
14:38:03.383412 http.c:1033             == Info: Reusing existing https: connection with host github.com
14:38:03.383412 http.c:1033             == Info: Server auth using Basic with user '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'
14:38:03.383412 http.c:1033             == Info: [HTTP/2] [7] OPENED stream for https://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@github.com/maxieds/psycho-boy-nonfiction-book.git/git-receive-pack
14:38:03.383412 http.c:1033             == Info: [HTTP/2] [7] [:method: POST]
14:38:03.383412 http.c:1033             == Info: [HTTP/2] [7] [:scheme: https]
14:38:03.383412 http.c:1033             == Info: [HTTP/2] [7] [:authority: github.com]
14:38:03.383412 http.c:1033             == Info: [HTTP/2] [7] [:path: /maxieds/psycho-boy-nonfiction-book.git/git-receive-pack]
14:38:03.383412 http.c:1033             == Info: [HTTP/2] [7] [authorization: Basic <redacted>]
14:38:03.383412 http.c:1033             == Info: [HTTP/2] [7] [user-agent: git/2.55.0.windows.5]
14:38:03.383412 http.c:1033             == Info: [HTTP/2] [7] [accept-encoding: deflate, gzip, br, zstd]
14:38:03.383412 http.c:1033             == Info: [HTTP/2] [7] [content-type: application/x-git-receive-pack-request]
14:38:03.383412 http.c:1033             == Info: [HTTP/2] [7] [accept: application/x-git-receive-pack-result]
14:38:03.383412 http.c:980              => Send header, 0000000346 bytes (0x0000015a)
14:38:03.383412 http.c:992              => Send header: POST /maxieds/psycho-boy-nonfiction-book.git/git-receive-pack HTTP/2
14:38:03.383412 http.c:992              => Send header: Host: github.com
14:38:03.383412 http.c:992              => Send header: Authorization: Basic <redacted>
14:38:03.383412 http.c:992              => Send header: User-Agent: git/2.55.0.windows.5
14:38:03.383412 http.c:992              => Send header: Accept-Encoding: deflate, gzip, br, zstd
14:38:03.383412 http.c:992              => Send header: Content-Type: application/x-git-receive-pack-request
14:38:03.383412 http.c:992              => Send header: Accept: application/x-git-receive-pack-result
14:38:03.383412 http.c:992              => Send header:
14:40:27.379037 http.c:980              <= Recv header, 0000000013 bytes (0x0000000d)
14:40:27.379037 http.c:992              <= Recv header: HTTP/2 500
14:40:27.379037 http.c:980              <= Recv header, 0000000026 bytes (0x0000001a)
14:40:27.379037 http.c:992              <= Recv header: server: GitHub-Babel/3.0
14:40:27.379037 http.c:980              <= Recv header, 0000000054 bytes (0x00000036)
14:40:27.379037 http.c:992              <= Recv header: content-security-policy: default-src 'none'; sandbox
14:40:27.379037 http.c:980              <= Recv header, 0000000041 bytes (0x00000029)
14:40:27.379037 http.c:992              <= Recv header: content-type: text/plain; charset=UTF-8
14:40:27.379037 http.c:980              <= Recv header, 0000000045 bytes (0x0000002d)
14:40:27.379037 http.c:992              <= Recv header: strict-transport-security: max-age=31536000
14:40:27.379037 http.c:980              <= Recv header, 0000000040 bytes (0x00000028)
14:40:27.379037 http.c:992              <= Recv header: www-authenticate: Basic realm="GitHub"
14:40:27.379037 http.c:980              <= Recv header, 0000000020 bytes (0x00000014)
14:40:27.379037 http.c:992              <= Recv header: content-length: 21
14:40:27.379037 http.c:980              <= Recv header, 0000000037 bytes (0x00000025)
14:40:27.379037 http.c:992              <= Recv header: date: Thu, 10 Sep 2026 19:40:27 GMT
14:40:27.379037 http.c:980              <= Recv header, 0000000057 bytes (0x00000039)
14:40:27.379037 http.c:992              <= Recv header: x-github-request-id: FDFE:2093B1:578A3F:743C02:6AA3071B
14:40:27.379037 http.c:980              <= Recv header, 0000000027 bytes (0x0000001b)
14:40:27.379037 http.c:992              <= Recv header: x-github-edge-region: iad
14:40:27.379037 http.c:980              <= Recv header, 0000000023 bytes (0x00000017)
14:40:27.379037 http.c:992              <= Recv header: x-frame-options: DENY
14:40:27.379037 http.c:1033             == Info: HTTP error before end of send, stop sending
14:40:27.379037 http.c:1033             == Info: abort upload after having sent 2160684951 bytes
14:40:27.379037 http.c:980              <= Recv header, 0000000002 bytes (0x00000002)
14:40:27.379037 http.c:992              <= Recv header:
14:40:27.379037 http.c:1033             == Info: Connection #0 to host github.com:443 left intact
error: RPC failed; HTTP 500 curl 22 The requested URL returned error: 500
send-pack: unexpected disconnect while reading sideband packet
14:41:10.082928 pkt-line.c:85           packet:          git> 0000
fatal: the remote end hung up unexpectedly
Everything up-to-date
