11:05:14.000415 exec-cmd.c:266          trace: resolved executable dir: C:/Users/BSAGuest/AppData/Local/Programs/Git/mingw64/bin
11:05:14.016145 git.c:502               trace: built-in: git push origin porche911-summer2026-arpanet-recovery
11:05:14.016145 run-command.c:674       trace: run_command: GIT_DIR=.git git remote-https origin https://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@github.com/maxieds/psycho-boy-nonfiction-book.git
11:05:14.016145 run-command.c:946       trace: start_command: git remote-https origin https://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@github.com/maxieds/psycho-boy-nonfiction-book.git
11:05:14.036182 exec-cmd.c:266          trace: resolved executable dir: C:/Users/BSAGuest/AppData/Local/Programs/Git/mingw64/libexec/git-core
11:05:14.036182 git.c:812               trace: exec: git-remote-https origin https://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@github.com/maxieds/psycho-boy-nonfiction-book.git
11:05:14.036182 run-command.c:674       trace: run_command: git-remote-https origin https://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@github.com/maxieds/psycho-boy-nonfiction-book.git
11:05:14.036182 run-command.c:946       trace: start_command: git-remote-https origin https://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@github.com/maxieds/psycho-boy-nonfiction-book.git
11:05:14.063323 exec-cmd.c:266          trace: resolved executable dir: C:/Users/BSAGuest/AppData/Local/Programs/Git/mingw64/libexec/git-core
11:05:14.079042 http.c:1033             == Info: Could not find host github.com in the .netrc file; using defaults
11:05:14.097859 http.c:1033             == Info: Host github.com:443 was resolved.
11:05:14.097859 http.c:1033             == Info: IPv6: (none)
11:05:14.097859 http.c:1033             == Info: IPv4: 140.82.114.4
11:05:14.097859 http.c:1033             == Info:   Trying 140.82.114.4:443...
11:05:14.128490 http.c:1033             == Info: ALPN: curl offers h2,http/1.1
11:05:14.129079 http.c:1033             == Info: TLSv1.3 (OUT), TLS handshake, Client hello (1):
11:05:14.129079 http.c:1033             == Info: SSL Trust Anchors:
11:05:14.134668 http.c:1033             == Info:   CAfile: C:/Users/BSAGuest/AppData/Local/Programs/Git/mingw64/etc/ssl/certs/ca-bundle.crt
11:05:14.145470 http.c:1033             == Info: TLSv1.3 (IN), TLS handshake, Server hello (2):
11:05:14.145470 http.c:1033             == Info: TLSv1.3 (IN), TLS change cipher, Change cipher spec (1):
11:05:14.145470 http.c:1033             == Info: TLSv1.3 (IN), TLS handshake, Encrypted Extensions (8):
11:05:14.145470 http.c:1033             == Info: TLSv1.3 (IN), TLS handshake, Certificate (11):
11:05:14.158131 http.c:1033             == Info: TLSv1.3 (IN), TLS handshake, CERT verify (15):
11:05:14.158131 http.c:1033             == Info: TLSv1.3 (IN), TLS handshake, Finished (20):
11:05:14.158131 http.c:1033             == Info: TLSv1.3 (OUT), TLS change cipher, Change cipher spec (1):
11:05:14.158131 http.c:1033             == Info: TLSv1.3 (OUT), TLS handshake, Finished (20):
11:05:14.158131 http.c:1033             == Info: SSL connection using TLSv1.3 / TLS_AES_128_GCM_SHA256 / x25519 / id-ecPublicKey
11:05:14.158131 http.c:1033             == Info: ALPN: server accepted h2
11:05:14.158131 http.c:1033             == Info: Server certificate:
11:05:14.158131 http.c:1033             == Info:   subject: CN=github.com
11:05:14.158131 http.c:1033             == Info:   start date: Sep  1 00:00:00 2026 GMT
11:05:14.158131 http.c:1033             == Info:   expire date: Nov 29 23:59:59 2026 GMT
11:05:14.158131 http.c:1033             == Info:   issuer: C=GB; O=Sectigo Limited; CN=Sectigo Public Server Authentication CA DV E36
11:05:14.158131 http.c:1033             == Info:   Certificate level 0: Public key type EC/prime256v1 (256/128 Bits/secBits), signed using ecdsa-with-SHA256
11:05:14.158131 http.c:1033             == Info:   Certificate level 1: Public key type EC/prime256v1 (256/128 Bits/secBits), signed using ecdsa-with-SHA384
11:05:14.158131 http.c:1033             == Info:   Certificate level 2: Public key type EC/secp384r1 (384/192 Bits/secBits), signed using ecdsa-with-SHA384
11:05:14.158131 http.c:1033             == Info:   subjectAltName: "github.com" matches cert's "github.com"
11:05:14.158131 http.c:1033             == Info: OpenSSL verify result: 0
11:05:14.158131 http.c:1033             == Info: SSL certificate verified via OpenSSL.
11:05:14.158131 http.c:1033             == Info: Established connection to github.com (140.82.114.4 port 443) from 10.12.1.41 port 62453 
11:05:14.158131 http.c:1033             == Info: using HTTP/2
11:05:14.158131 http.c:1033             == Info: [HTTP/2] [1] OPENED stream for https://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@github.com/maxieds/psycho-boy-nonfiction-book.git/info/refs?service=git-receive-pack
11:05:14.158131 http.c:1033             == Info: [HTTP/2] [1] [:method: GET]
11:05:14.158131 http.c:1033             == Info: [HTTP/2] [1] [:scheme: https]
11:05:14.158131 http.c:1033             == Info: [HTTP/2] [1] [:authority: github.com]
11:05:14.158131 http.c:1033             == Info: [HTTP/2] [1] [:path: /maxieds/psycho-boy-nonfiction-book.git/info/refs?service=git-receive-pack]
11:05:14.158131 http.c:1033             == Info: [HTTP/2] [1] [user-agent: git/2.55.0.windows.5]
11:05:14.158131 http.c:1033             == Info: [HTTP/2] [1] [accept: */*]
11:05:14.158131 http.c:1033             == Info: [HTTP/2] [1] [accept-encoding: deflate, gzip, br, zstd]
11:05:14.158131 http.c:1033             == Info: [HTTP/2] [1] [pragma: no-cache]
11:05:14.158131 http.c:980              => Send header, 0000000214 bytes (0x000000d6)
11:05:14.158131 http.c:992              => Send header: GET /maxieds/psycho-boy-nonfiction-book.git/info/refs?service=git-receive-pack HTTP/2
11:05:14.158131 http.c:992              => Send header: Host: github.com
11:05:14.158131 http.c:992              => Send header: User-Agent: git/2.55.0.windows.5
11:05:14.158131 http.c:992              => Send header: Accept: */*
11:05:14.158131 http.c:992              => Send header: Accept-Encoding: deflate, gzip, br, zstd
11:05:14.158131 http.c:992              => Send header: Pragma: no-cache
11:05:14.158131 http.c:992              => Send header:
11:05:14.158131 http.c:1033             == Info: Request completely sent off
11:05:14.173841 http.c:1033             == Info: TLSv1.3 (IN), TLS handshake, Newsession Ticket (4):
11:05:14.173841 http.c:1033             == Info: TLSv1.3 (IN), TLS handshake, Newsession Ticket (4):
11:05:14.207589 http.c:980              <= Recv header, 0000000013 bytes (0x0000000d)
11:05:14.207589 http.c:992              <= Recv header: HTTP/2 401
11:05:14.207589 http.c:980              <= Recv header, 0000000026 bytes (0x0000001a)
11:05:14.207589 http.c:992              <= Recv header: server: GitHub-Babel/3.0
11:05:14.207589 http.c:980              <= Recv header, 0000000054 bytes (0x00000036)
11:05:14.207589 http.c:992              <= Recv header: content-security-policy: default-src 'none'; sandbox
11:05:14.207589 http.c:980              <= Recv header, 0000000041 bytes (0x00000029)
11:05:14.207589 http.c:992              <= Recv header: content-type: text/plain; charset=UTF-8
11:05:14.207589 http.c:980              <= Recv header, 0000000045 bytes (0x0000002d)
11:05:14.207589 http.c:992              <= Recv header: strict-transport-security: max-age=31536000
11:05:14.207589 http.c:980              <= Recv header, 0000000040 bytes (0x00000028)
11:05:14.207589 http.c:992              <= Recv header: www-authenticate: Basic realm="GitHub"
11:05:14.207589 http.c:980              <= Recv header, 0000000020 bytes (0x00000014)
11:05:14.207589 http.c:992              <= Recv header: content-length: 26
11:05:14.207589 http.c:980              <= Recv header, 0000000037 bytes (0x00000025)
11:05:14.207589 http.c:992              <= Recv header: date: Mon, 14 Sep 2026 16:05:14 GMT
11:05:14.207589 http.c:980              <= Recv header, 0000000056 bytes (0x00000038)
11:05:14.207589 http.c:992              <= Recv header: x-github-request-id: F3F5:5F175:AF29F0:E76EFC:6AA81B3A
11:05:14.207589 http.c:980              <= Recv header, 0000000027 bytes (0x0000001b)
11:05:14.208233 http.c:992              <= Recv header: x-github-edge-region: iad
11:05:14.208233 http.c:980              <= Recv header, 0000000023 bytes (0x00000017)
11:05:14.208233 http.c:992              <= Recv header: x-frame-options: DENY
11:05:14.208233 http.c:1033             == Info: Ignoring the response-body
11:05:14.208233 http.c:1033             == Info: setting size while ignoring
11:05:14.208233 http.c:980              <= Recv header, 0000000002 bytes (0x00000002)
11:05:14.208233 http.c:992              <= Recv header:
11:05:14.208233 http.c:1033             == Info: Connection #0 to host github.com:443 left intact
11:05:14.208233 http.c:1033             == Info: Issue another request to this URL: 'https://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@github.com/maxieds/psycho-boy-nonfiction-book.git/info/refs?service=git-receive-pack'
11:05:14.208233 http.c:1033             == Info: Could not find host github.com in the .netrc file; using defaults
11:05:14.208874 http.c:1033             == Info: Reusing existing https: connection with host github.com
11:05:14.208874 http.c:1033             == Info: Server auth using Basic with user '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'
11:05:14.208874 http.c:1033             == Info: [HTTP/2] [3] OPENED stream for https://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@github.com/maxieds/psycho-boy-nonfiction-book.git/info/refs?service=git-receive-pack
11:05:14.208874 http.c:1033             == Info: [HTTP/2] [3] [:method: GET]
11:05:14.208874 http.c:1033             == Info: [HTTP/2] [3] [:scheme: https]
11:05:14.208874 http.c:1033             == Info: [HTTP/2] [3] [:authority: github.com]
11:05:14.208874 http.c:1033             == Info: [HTTP/2] [3] [:path: /maxieds/psycho-boy-nonfiction-book.git/info/refs?service=git-receive-pack]
11:05:14.208874 http.c:1033             == Info: [HTTP/2] [3] [authorization: Basic <redacted>]
11:05:14.208874 http.c:1033             == Info: [HTTP/2] [3] [user-agent: git/2.55.0.windows.5]
11:05:14.208874 http.c:1033             == Info: [HTTP/2] [3] [accept: */*]
11:05:14.208874 http.c:1033             == Info: [HTTP/2] [3] [accept-encoding: deflate, gzip, br, zstd]
11:05:14.208874 http.c:1033             == Info: [HTTP/2] [3] [pragma: no-cache]
11:05:14.208874 http.c:980              => Send header, 0000000293 bytes (0x00000125)
11:05:14.208874 http.c:992              => Send header: GET /maxieds/psycho-boy-nonfiction-book.git/info/refs?service=git-receive-pack HTTP/2
11:05:14.208874 http.c:992              => Send header: Host: github.com
11:05:14.208874 http.c:992              => Send header: Authorization: Basic <redacted>
11:05:14.208874 http.c:992              => Send header: User-Agent: git/2.55.0.windows.5
11:05:14.208874 http.c:992              => Send header: Accept: */*
11:05:14.208874 http.c:992              => Send header: Accept-Encoding: deflate, gzip, br, zstd
11:05:14.208874 http.c:992              => Send header: Pragma: no-cache
11:05:14.208874 http.c:992              => Send header:
11:05:14.208874 http.c:1033             == Info: Request completely sent off
11:05:14.457645 http.c:980              <= Recv header, 0000000013 bytes (0x0000000d)
11:05:14.457645 http.c:992              <= Recv header: HTTP/2 200
11:05:14.457645 http.c:980              <= Recv header, 0000000026 bytes (0x0000001a)
11:05:14.457645 http.c:992              <= Recv header: server: GitHub-Babel/3.0
11:05:14.457645 http.c:980              <= Recv header, 0000000060 bytes (0x0000003c)
11:05:14.457645 http.c:992              <= Recv header: content-type: application/x-git-receive-pack-advertisement
11:05:14.457645 http.c:980              <= Recv header, 0000000054 bytes (0x00000036)
11:05:14.457645 http.c:992              <= Recv header: content-security-policy: default-src 'none'; sandbox
11:05:14.457645 http.c:980              <= Recv header, 0000000040 bytes (0x00000028)
11:05:14.457645 http.c:992              <= Recv header: expires: Fri, 01 Jan 1980 00:00:00 GMT
11:05:14.457645 http.c:980              <= Recv header, 0000000018 bytes (0x00000012)
11:05:14.457645 http.c:992              <= Recv header: pragma: no-cache
11:05:14.457645 http.c:980              <= Recv header, 0000000053 bytes (0x00000035)
11:05:14.457645 http.c:992              <= Recv header: cache-control: no-cache, max-age=0, must-revalidate
11:05:14.457645 http.c:980              <= Recv header, 0000000023 bytes (0x00000017)
11:05:14.457645 http.c:992              <= Recv header: vary: Accept-Encoding
11:05:14.457645 http.c:980              <= Recv header, 0000000045 bytes (0x0000002d)
11:05:14.457645 http.c:992              <= Recv header: strict-transport-security: max-age=31536000
11:05:14.457645 http.c:980              <= Recv header, 0000000037 bytes (0x00000025)
11:05:14.457645 http.c:992              <= Recv header: date: Mon, 14 Sep 2026 16:05:14 GMT
11:05:14.457645 http.c:980              <= Recv header, 0000000056 bytes (0x00000038)
11:05:14.457645 http.c:992              <= Recv header: x-github-request-id: F3F5:5F175:AF2A1E:E76F39:6AA81B3A
11:05:14.457645 http.c:980              <= Recv header, 0000000027 bytes (0x0000001b)
11:05:14.457645 http.c:992              <= Recv header: x-github-edge-region: iad
11:05:14.457645 http.c:980              <= Recv header, 0000000023 bytes (0x00000017)
11:05:14.457645 http.c:992              <= Recv header: x-frame-options: DENY
11:05:14.457645 http.c:980              <= Recv header, 0000000002 bytes (0x00000002)
11:05:14.457645 http.c:992              <= Recv header:
11:05:14.457645 http.c:1033             == Info: Connection #0 to host github.com:443 left intact
11:05:14.457645 pkt-line.c:85           packet:          git< # service=git-receive-pack
11:05:14.457645 pkt-line.c:85           packet:          git< 0000
11:05:14.457645 pkt-line.c:85           packet:          git< f439f69ee6b46d3636587fd51ce0c383920c07ba refs/heads/dont-piss-me-off-local-apps2\0report-status report-status-v2 delete-refs side-band-64k ofs-delta atomic object-format=sha1 quiet agent=github/spokes-receive-pack-687be0241dd8aec81f41d987816db233191a3f99 session-id=F3F5:5F175:AF2A1E:E76F39:6AA81B3A push-options
11:05:14.457645 pkt-line.c:85           packet:          git< e1dfebb92e12b81b6b04ef9c5b3684c037d63b7a refs/heads/dont-piss-me-off-maralago-original-symlink-contents
11:05:14.457645 pkt-line.c:85           packet:          git< 36fa103c07f423e66c26a1104d2538a6e6c174d3 refs/heads/dont-piss-me-off-standalone-firmware-jcop-nfc-tags
11:05:14.457645 pkt-line.c:85           packet:          git< e1dfebb92e12b81b6b04ef9c5b3684c037d63b7a refs/heads/dont-piss-me-off-youtube-2019-hints
11:05:14.457645 pkt-line.c:85           packet:          git< bfe946b08129e7182a64db51cba35701fd5c9c1c refs/heads/mistress
11:05:14.457645 pkt-line.c:85           packet:          git< 2f28de739f58cf5b5d46e60701aacd2d118e3860 refs/heads/porche911-summer2026-arpanet-recovery
11:05:14.457645 pkt-line.c:85           packet:          git< 89820332d5346487e4b4b129b4ebb89aa06258ff refs/heads/xcode-aos-ios-wini386-problem-solving
11:05:14.457645 pkt-line.c:85           packet:          git< 1f403ae785c03f79d5848f8a8f9b54c413115e79 refs/tags/caoture-the-flag-july4th2026
11:05:14.457645 pkt-line.c:85           packet:          git< 0d822b95824335d51dedd571f823461747c44501 refs/tags/juneteenth-2026-porche911-one-week
11:05:14.457645 pkt-line.c:85           packet:          git< f439f69ee6b46d3636587fd51ce0c383920c07ba refs/tags/porche911-summer2026-arpanet-recovery-start-branch_dont-piss-me-off-local-apps2
11:05:14.457645 pkt-line.c:85           packet:          git< e1dfebb92e12b81b6b04ef9c5b3684c037d63b7a refs/tags/porche911-summer2026-arpanet-recovery-start-branch_dont-piss-me-off-maralago-original-symlink-contents
11:05:14.457645 pkt-line.c:85           packet:          git< 36fa103c07f423e66c26a1104d2538a6e6c174d3 refs/tags/porche911-summer2026-arpanet-recovery-start-branch_dont-piss-me-off-standalone-firmware-jcop-nfc-tags
11:05:14.457645 pkt-line.c:85           packet:          git< e1dfebb92e12b81b6b04ef9c5b3684c037d63b7a refs/tags/porche911-summer2026-arpanet-recovery-start-branch_dont-piss-me-off-youtube-2019-hints
11:05:14.457645 pkt-line.c:85           packet:          git< bfe946b08129e7182a64db51cba35701fd5c9c1c refs/tags/porche911-summer2026-arpanet-recovery-start-branch_mistress
11:05:14.457645 pkt-line.c:85           packet:          git< 89820332d5346487e4b4b129b4ebb89aa06258ff refs/tags/porche911-summer2026-arpanet-recovery-start-branch_xcode-aos-wini368-problem-solving
11:05:14.457645 pkt-line.c:85           packet:          git< 0000
11:05:14.457645 pkt-line.c:85           packet:          git> refs/heads/porche911-summer2026-arpanet-recovery:refs/heads/porche911-summer2026-arpanet-recovery
11:05:14.457645 pkt-line.c:85           packet:          git> 0000
11:05:14.457645 run-command.c:674       trace: run_command: git send-pack --stateless-rpc --helper-status --thin --no-progress https://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@github.com/maxieds/psycho-boy-nonfiction-book.git/ --stdin
11:05:14.457645 run-command.c:946       trace: start_command: git send-pack --stateless-rpc --helper-status --thin --no-progress https://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@github.com/maxieds/psycho-boy-nonfiction-book.git/ --stdin
11:05:14.489555 exec-cmd.c:266          trace: resolved executable dir: C:/Users/BSAGuest/AppData/Local/Programs/Git/mingw64/libexec/git-core
11:05:14.489555 git.c:502               trace: built-in: git send-pack --stateless-rpc --helper-status --thin --no-progress https://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@github.com/maxieds/psycho-boy-nonfiction-book.git/ --stdin
11:05:14.489555 pkt-line.c:85           packet:          git< refs/heads/porche911-summer2026-arpanet-recovery:refs/heads/porche911-summer2026-arpanet-recovery
11:05:14.489555 pkt-line.c:85           packet:          git< 0000
11:05:14.489555 pkt-line.c:85           packet:          git< f439f69ee6b46d3636587fd51ce0c383920c07ba refs/heads/dont-piss-me-off-local-apps2\0report-status report-status-v2 delete-refs side-band-64k ofs-delta atomic object-format=sha1 quiet agent=github/spokes-receive-pack-687be0241dd8aec81f41d987816db233191a3f99 session-id=F3F5:5F175:AF2A1E:E76F39:6AA81B3A push-options
11:05:14.489555 pkt-line.c:85           packet:          git< e1dfebb92e12b81b6b04ef9c5b3684c037d63b7a refs/heads/dont-piss-me-off-maralago-original-symlink-contents
11:05:14.489555 pkt-line.c:85           packet:          git< 36fa103c07f423e66c26a1104d2538a6e6c174d3 refs/heads/dont-piss-me-off-standalone-firmware-jcop-nfc-tags
11:05:14.489555 pkt-line.c:85           packet:          git< e1dfebb92e12b81b6b04ef9c5b3684c037d63b7a refs/heads/dont-piss-me-off-youtube-2019-hints
11:05:14.489555 pkt-line.c:85           packet:          git< bfe946b08129e7182a64db51cba35701fd5c9c1c refs/heads/mistress
11:05:14.489555 pkt-line.c:85           packet:          git< 2f28de739f58cf5b5d46e60701aacd2d118e3860 refs/heads/porche911-summer2026-arpanet-recovery
11:05:14.489555 pkt-line.c:85           packet:          git< 89820332d5346487e4b4b129b4ebb89aa06258ff refs/heads/xcode-aos-ios-wini386-problem-solving
11:05:14.489555 pkt-line.c:85           packet:          git< 1f403ae785c03f79d5848f8a8f9b54c413115e79 refs/tags/caoture-the-flag-july4th2026
11:05:14.489555 pkt-line.c:85           packet:          git< 0d822b95824335d51dedd571f823461747c44501 refs/tags/juneteenth-2026-porche911-one-week
11:05:14.489555 pkt-line.c:85           packet:          git< f439f69ee6b46d3636587fd51ce0c383920c07ba refs/tags/porche911-summer2026-arpanet-recovery-start-branch_dont-piss-me-off-local-apps2
11:05:14.489555 pkt-line.c:85           packet:          git< e1dfebb92e12b81b6b04ef9c5b3684c037d63b7a refs/tags/porche911-summer2026-arpanet-recovery-start-branch_dont-piss-me-off-maralago-original-symlink-contents
11:05:14.489555 pkt-line.c:85           packet:          git< 36fa103c07f423e66c26a1104d2538a6e6c174d3 refs/tags/porche911-summer2026-arpanet-recovery-start-branch_dont-piss-me-off-standalone-firmware-jcop-nfc-tags
11:05:14.489555 pkt-line.c:85           packet:          git< e1dfebb92e12b81b6b04ef9c5b3684c037d63b7a refs/tags/porche911-summer2026-arpanet-recovery-start-branch_dont-piss-me-off-youtube-2019-hints
11:05:14.489555 pkt-line.c:85           packet:          git< bfe946b08129e7182a64db51cba35701fd5c9c1c refs/tags/porche911-summer2026-arpanet-recovery-start-branch_mistress
11:05:14.489555 pkt-line.c:85           packet:          git< 89820332d5346487e4b4b129b4ebb89aa06258ff refs/tags/porche911-summer2026-arpanet-recovery-start-branch_xcode-aos-wini368-problem-solving
11:05:14.489555 pkt-line.c:85           packet:          git< 0000
11:05:14.489555 pkt-line.c:85           packet:          git> 2f28de739f58cf5b5d46e60701aacd2d118e3860 1c7c2bbf860ff430caca0c8bed4a1ca2249e82dc refs/heads/porche911-summer2026-arpanet-recovery\0 report-status-v2 side-band-64k quiet object-format=sha1 agent=git/2.55.0.windows.5-Windows
11:05:14.489555 pkt-line.c:85           packet:          git> 0000
11:05:14.489555 pkt-line.c:85           packet:          git< 00e22f28de739f58cf5b5d46e60701aacd2d118e3860 1c7c2bbf860ff430caca0c8bed4a1ca2249e82dc refs/heads/porche911-summer2026-arpanet-recovery\0 report-status-v2 side-band-64k quiet object-format=sha1 agent=git/2.55.0.windows.5-Windows0000
11:05:14.489555 run-command.c:674       trace: run_command: git pack-objects --all-progress-implied --revs --stdout --thin --delta-base-offset -q
11:05:14.489555 run-command.c:946       trace: start_command: git pack-objects --all-progress-implied --revs --stdout --thin --delta-base-offset -q
11:05:14.504663 exec-cmd.c:266          trace: resolved executable dir: C:/Users/BSAGuest/AppData/Local/Programs/Git/mingw64/libexec/git-core
11:05:14.520384 git.c:502               trace: built-in: git pack-objects --all-progress-implied --revs --stdout --thin --delta-base-offset -q
11:05:14.537600 pkt-line.c:85           packet:          git< PACK ...
11:05:14.884491 http.c:1033             == Info: Could not find host github.com in the .netrc file; using defaults
11:05:14.884491 http.c:1033             == Info: Reusing existing https: connection with host github.com
11:05:14.884491 http.c:1033             == Info: Server auth using Basic with user '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'
11:05:14.884491 http.c:1033             == Info: [HTTP/2] [5] OPENED stream for https://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@github.com/maxieds/psycho-boy-nonfiction-book.git/git-receive-pack
11:05:14.884491 http.c:1033             == Info: [HTTP/2] [5] [:method: POST]
11:05:14.884491 http.c:1033             == Info: [HTTP/2] [5] [:scheme: https]
11:05:14.884491 http.c:1033             == Info: [HTTP/2] [5] [:authority: github.com]
11:05:14.884491 http.c:1033             == Info: [HTTP/2] [5] [:path: /maxieds/psycho-boy-nonfiction-book.git/git-receive-pack]
11:05:14.884491 http.c:1033             == Info: [HTTP/2] [5] [authorization: Basic <redacted>]
11:05:14.884491 http.c:1033             == Info: [HTTP/2] [5] [user-agent: git/2.55.0.windows.5]
11:05:14.884491 http.c:1033             == Info: [HTTP/2] [5] [content-type: application/x-git-receive-pack-request]
11:05:14.884491 http.c:1033             == Info: [HTTP/2] [5] [accept: application/x-git-receive-pack-result]
11:05:14.884491 http.c:1033             == Info: [HTTP/2] [5] [content-length: 4]
11:05:14.884491 http.c:980              => Send header, 0000000323 bytes (0x00000143)
11:05:14.884491 http.c:992              => Send header: POST /maxieds/psycho-boy-nonfiction-book.git/git-receive-pack HTTP/2
11:05:14.884491 http.c:992              => Send header: Host: github.com
11:05:14.884491 http.c:992              => Send header: Authorization: Basic <redacted>
11:05:14.884491 http.c:992              => Send header: User-Agent: git/2.55.0.windows.5
11:05:14.884491 http.c:992              => Send header: Content-Type: application/x-git-receive-pack-request
11:05:14.884491 http.c:992              => Send header: Accept: application/x-git-receive-pack-result
11:05:14.884491 http.c:992              => Send header: Content-Length: 4
11:05:14.884491 http.c:992              => Send header:
11:05:14.884491 http.c:1033             == Info: upload completely sent off: 4 bytes
11:05:15.108899 http.c:980              <= Recv header, 0000000013 bytes (0x0000000d)
11:05:15.108899 http.c:992              <= Recv header: HTTP/2 200
11:05:15.112340 http.c:980              <= Recv header, 0000000026 bytes (0x0000001a)
11:05:15.112340 http.c:992              <= Recv header: server: GitHub-Babel/3.0
11:05:15.112340 http.c:980              <= Recv header, 0000000053 bytes (0x00000035)
11:05:15.112340 http.c:992              <= Recv header: content-type: application/x-git-receive-pack-result
11:05:15.112340 http.c:980              <= Recv header, 0000000054 bytes (0x00000036)
11:05:15.112340 http.c:992              <= Recv header: content-security-policy: default-src 'none'; sandbox
11:05:15.112340 http.c:980              <= Recv header, 0000000040 bytes (0x00000028)
11:05:15.112340 http.c:992              <= Recv header: expires: Fri, 01 Jan 1980 00:00:00 GMT
11:05:15.112340 http.c:980              <= Recv header, 0000000018 bytes (0x00000012)
11:05:15.112340 http.c:992              <= Recv header: pragma: no-cache
11:05:15.112340 http.c:980              <= Recv header, 0000000053 bytes (0x00000035)
11:05:15.112340 http.c:992              <= Recv header: cache-control: no-cache, max-age=0, must-revalidate
11:05:15.112340 http.c:980              <= Recv header, 0000000023 bytes (0x00000017)
11:05:15.112340 http.c:992              <= Recv header: vary: Accept-Encoding
11:05:15.112340 http.c:980              <= Recv header, 0000000045 bytes (0x0000002d)
11:05:15.112511 http.c:992              <= Recv header: strict-transport-security: max-age=31536000
11:05:15.112511 http.c:980              <= Recv header, 0000000019 bytes (0x00000013)
11:05:15.112511 http.c:992              <= Recv header: content-length: 0
11:05:15.112511 http.c:980              <= Recv header, 0000000037 bytes (0x00000025)
11:05:15.112511 http.c:992              <= Recv header: date: Mon, 14 Sep 2026 16:05:15 GMT
11:05:15.112511 http.c:980              <= Recv header, 0000000056 bytes (0x00000038)
11:05:15.112511 http.c:992              <= Recv header: x-github-request-id: F3F5:5F175:AF2C8A:E7725D:6AA81B3A
11:05:15.112511 http.c:980              <= Recv header, 0000000027 bytes (0x0000001b)
11:05:15.112511 http.c:992              <= Recv header: x-github-edge-region: iad
11:05:15.112511 http.c:980              <= Recv header, 0000000023 bytes (0x00000017)
11:05:15.112511 http.c:992              <= Recv header: x-frame-options: DENY
11:05:15.112511 http.c:980              <= Recv header, 0000000002 bytes (0x00000002)
11:05:15.112511 http.c:992              <= Recv header:
11:05:15.112511 http.c:1033             == Info: Connection #0 to host github.com:443 left intact
11:05:15.112511 http.c:1033             == Info: Could not find host github.com in the .netrc file; using defaults
11:05:15.112511 http.c:1033             == Info: Reusing existing https: connection with host github.com
11:05:15.112511 http.c:1033             == Info: Server auth using Basic with user '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'
11:05:15.112511 http.c:1033             == Info: [HTTP/2] [7] OPENED stream for https://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@github.com/maxieds/psycho-boy-nonfiction-book.git/git-receive-pack
11:05:15.112511 http.c:1033             == Info: [HTTP/2] [7] [:method: POST]
11:05:15.112511 http.c:1033             == Info: [HTTP/2] [7] [:scheme: https]
11:05:15.112511 http.c:1033             == Info: [HTTP/2] [7] [:authority: github.com]
11:05:15.112511 http.c:1033             == Info: [HTTP/2] [7] [:path: /maxieds/psycho-boy-nonfiction-book.git/git-receive-pack]
11:05:15.112511 http.c:1033             == Info: [HTTP/2] [7] [authorization: Basic <redacted>]
11:05:15.112511 http.c:1033             == Info: [HTTP/2] [7] [user-agent: git/2.55.0.windows.5]
11:05:15.112511 http.c:1033             == Info: [HTTP/2] [7] [accept-encoding: deflate, gzip, br, zstd]
11:05:15.112511 http.c:1033             == Info: [HTTP/2] [7] [content-type: application/x-git-receive-pack-request]
11:05:15.112511 http.c:1033             == Info: [HTTP/2] [7] [accept: application/x-git-receive-pack-result]
11:05:15.112511 http.c:980              => Send header, 0000000346 bytes (0x0000015a)
11:05:15.112511 http.c:992              => Send header: POST /maxieds/psycho-boy-nonfiction-book.git/git-receive-pack HTTP/2
11:05:15.112511 http.c:992              => Send header: Host: github.com
11:05:15.112511 http.c:992              => Send header: Authorization: Basic <redacted>
11:05:15.112511 http.c:992              => Send header: User-Agent: git/2.55.0.windows.5
11:05:15.112511 http.c:992              => Send header: Accept-Encoding: deflate, gzip, br, zstd
11:05:15.112511 http.c:992              => Send header: Content-Type: application/x-git-receive-pack-request
11:05:15.112511 http.c:992              => Send header: Accept: application/x-git-receive-pack-result
11:05:15.114104 http.c:992              => Send header:
11:06:09.644349 pkt-line.c:85           packet:          git> 0000
11:06:09.644349 http.c:1033             == Info: upload completely sent off: 915786138 bytes
11:06:10.012117 http.c:980              <= Recv header, 0000000013 bytes (0x0000000d)
11:06:10.012117 http.c:992              <= Recv header: HTTP/2 200
11:06:10.012117 http.c:980              <= Recv header, 0000000026 bytes (0x0000001a)
11:06:10.012117 http.c:992              <= Recv header: server: GitHub-Babel/3.0
11:06:10.012117 http.c:980              <= Recv header, 0000000053 bytes (0x00000035)
11:06:10.012117 http.c:992              <= Recv header: content-type: application/x-git-receive-pack-result
11:06:10.012117 http.c:980              <= Recv header, 0000000054 bytes (0x00000036)
11:06:10.012117 http.c:992              <= Recv header: content-security-policy: default-src 'none'; sandbox
11:06:10.012117 http.c:980              <= Recv header, 0000000040 bytes (0x00000028)
11:06:10.012117 http.c:992              <= Recv header: expires: Fri, 01 Jan 1980 00:00:00 GMT
11:06:10.012117 http.c:980              <= Recv header, 0000000018 bytes (0x00000012)
11:06:10.012117 http.c:992              <= Recv header: pragma: no-cache
11:06:10.012117 http.c:980              <= Recv header, 0000000053 bytes (0x00000035)
11:06:10.012117 http.c:992              <= Recv header: cache-control: no-cache, max-age=0, must-revalidate
11:06:10.012117 http.c:980              <= Recv header, 0000000023 bytes (0x00000017)
11:06:10.012117 http.c:992              <= Recv header: vary: Accept-Encoding
11:06:10.012117 http.c:980              <= Recv header, 0000000045 bytes (0x0000002d)
11:06:10.012117 http.c:992              <= Recv header: strict-transport-security: max-age=31536000
11:06:10.012117 http.c:980              <= Recv header, 0000000037 bytes (0x00000025)
11:06:10.012117 http.c:992              <= Recv header: date: Mon, 14 Sep 2026 16:06:09 GMT
11:06:10.012117 http.c:980              <= Recv header, 0000000056 bytes (0x00000038)
11:06:10.012117 http.c:992              <= Recv header: x-github-request-id: F3F5:5F175:AF2D4F:E7735D:6AA81B3B
11:06:10.012117 http.c:980              <= Recv header, 0000000027 bytes (0x0000001b)
11:06:10.012117 http.c:992              <= Recv header: x-github-edge-region: iad
11:06:10.012117 http.c:980              <= Recv header, 0000000023 bytes (0x00000017)
11:06:10.012117 http.c:992              <= Recv header: x-frame-options: DENY
11:06:10.012117 http.c:980              <= Recv header, 0000000002 bytes (0x00000002)
11:06:10.012117 http.c:992              <= Recv header:
11:06:10.012117 pkt-line.c:85           packet:     sideband< \2\0
11:06:22.810374 http.c:1033             == Info: Connection #0 to host github.com:443 left intact
11:06:22.810374 pkt-line.c:85           packet:     sideband< \1000eunpack ok
11:06:22.810374 pkt-line.c:85           packet:     sideband< \10038ok refs/heads/porche911-summer2026-arpanet-recovery
11:06:22.810374 pkt-line.c:85           packet:     sideband< \10000
11:06:22.810374 pkt-line.c:85           packet:     sideband< 0000
11:06:22.810374 pkt-line.c:85           packet:          git< unpack ok
11:06:22.810374 pkt-line.c:85           packet:          git< ok refs/heads/porche911-summer2026-arpanet-recovery
11:06:22.810374 pkt-line.c:85           packet:          git< 0000
11:06:22.810374 pkt-line.c:85           packet:          git> 0000
To https://github.com/maxieds/psycho-boy-nonfiction-book.git
   2f28de739f..1c7c2bbf86  porche911-summer2026-arpanet-recovery -> porche911-summer2026-arpanet-recovery
