$ git push origin porche911-summer2026-arpanet-recovery
Enumerating objects: 1433, done.
Counting objects: 100% (1433/1433), done.
Delta compression using up to 12 threads
Compressing objects: 100% (1400/1400), done.
Writing objects: 100% (1426/1426), 894.84 MiB | 15.64 MiB/s, done.
Total 1426 (delta 89), reused 1289 (delta 4), pack-reused 0 (from 0)
remote: Resolving deltas: 100% (89/89), completed with 5 local objects.
remote: error: GH013: Repository rule violations found for refs/heads/porche911-summer2026-arpanet-recovery.
remote:
remote: - GITHUB PUSH PROTECTION
remote:   —————————————————————————————————————————
remote:     Resolve the following violations before pushing again
remote:
remote:     - Push cannot contain secrets
remote:
remote:
remote:      (?) Learn how to resolve a blocked push
remote:      https://docs.github.com/code-security/secret-scanning/working-with-secret-scanning-and-push-protection/working-with-push-protection-from-the-command-line#resolving-a-blocked-push
remote:
remote:      (?) This repository does not have Secret Scanning enabled, but is eligible. Enable Secret Scanning to view and manage detected secrets.
remote:      Visit the repository settings page, https://github.com/maxieds/psycho-boy-nonfiction-book/settings/security_analysis
remote:
remote:
remote:       —— GitHub Personal Access Token ——————————————————————
remote:        locations:
remote:          - commit: 76100c46c4eb161caaf562cf475a4392e93e3d6c
remote:            path: arpanet_restore_from_last/git-restart-logs/git-token-2026.09.15.log:1
remote:          - commit: 76100c46c4eb161caaf562cf475a4392e93e3d6c
remote:            path: arpanet_restore_from_last/git-restart-logs/git-token-2026.09.15.log:2
remote:
remote:        (?) To push, remove secret from commit(s) or follow this URL to allow the secret.
remote:        https://github.com/maxieds/psycho-boy-nonfiction-book/security/secret-scanning/unblock-secret/3JQEabirThwE3ofluFWJsuiM5AL
remote:
remote:
remote:
To https://github.com/maxieds/psycho-boy-nonfiction-book.git
 ! [remote rejected]       porche911-summer2026-arpanet-recovery -> porche911-summer2026-arpanet-recovery (push declined due to repository rule violations)
error: failed to push some refs to 'https://github.com/maxieds/psycho-boy-nonfiction-book.git'
