error: The following untracked working tree files would be overwritten by checkout:
	INDEX.md
	LICENSE
	ai-scripts/MIKE-TYSON-SKIT.md
	ai-scripts/TENTATIVE-LIST-OF-TOPICS.md
	ai-scripts/TRUMP-BABY-DIAPER-CAMPAIGNRALLYVIDEO2026.md
	ai-scripts/shit-creek-Screen Shot 2026-05-18 at 1.59.58 PM.png
	ai-scripts/shit-creek.md
	docs/ago-logs/20230923220128.txt
	docs/ago-logs/20230923221359.txt
	docs/ago-logs/AutotestlogHot20230907071438.xls
	docs/ago-logs/Log 2023-07-10 07_29_13.txt
	docs/ago-logs/Log_2023-10-09_23-53-46.txt
	docs/ago-logs/Nmealog20230907070513.txt
	docs/ago-logs/Nmealog20230907070945.txt
	docs/ago-logs/Nmealog20230907071143.txt
	docs/ago-logs/Nmealog20230907071208.txt
	docs/ago-logs/Nmealog20230907071224.txt
	docs/ago-logs/Nmealog20230907071241.txt
	docs/ago-logs/Nmealog20230907071312.txt
	docs/ago-logs/Nmealog20230907071333.txt
	docs/ago-logs/Nmealog20230907071359.txt
	docs/ago-logs/Nmealog20230907071422.txt
	docs/ago-logs/Nmealog20230907071809.txt
	docs/ago-logs/Nmealog20230907071902.txt
	docs/ago-logs/Nmealog20230907071927.txt
	docs/ago-logs/Nmealog20230907071950.txt
	docs/ago-logs/Nmealog20230907072017.txt
	docs/ago-logs/Nmealog20230907072043.txt
	docs/ago-logs/Nmealog20230907072103.txt
	docs/ago-logs/Nmealog20230907072121.txt
	docs/ago-logs/Nmealog20230907072141.txt
	docs/ago-logs/Nmealog20230929024756.txt
	docs/ago-logs/Rssilog20230907070524.txt
	docs/ago-logs/Rssilog20230907071002.txt
	docs/ago-logs/Rssilog20230907071515.txt
	docs/ago-logs/audio_effects.conf.txt
	docs/ago-logs/definitions.json
	docs/ago-logs/file.database_uuid.txt
	docs/capture-the-flag-maralago-wargames/july4th2026-obama-presidential-library-capture-the-flag/bigger-daddy-sent-his-kid-a-fat-rat/KevinLasVegasFromSomeWhereInYellowstoneOfLooneyTunes - OpenwallBigInJapanLittleBoysThatTalkTooMuch - Trump - StrugglingToWriteDownEasyThingsBecauseOfHowSeverelyTheyDruggedMeOverNothing - GoBiggerDaddysCongressLikeTodayForFinesOverJustThatToday.png
	docs/capture-the-flag-maralago-wargames/july4th2026-obama-presidential-library-capture-the-flag/bigger-daddy-sent-his-kid-a-fat-rat/LizCheneyHandwrittenNotesRetainedBecauseOfDenialPossibilityForTrumpIfNeedToFingerprintITHerToKeepThemHonest - ChooseLifeGetUsedToIt - ConservativeDemocrat.png
	docs/capture-the-flag-maralago-wargames/july4th2026-obama-presidential-library-capture-the-flag/bigger-daddy-sent-his-kid-a-fat-rat/LockThemUpAnyAndAllOfThemOnINTERPOLDeadIeNOOrAliveEgTrumpNaughtyNOOrNiceListEgJewOrNoJewQ - 939012BD-C6BD-41D6-9F43-A278B6F591DB - Screen Shot 2026-07-06 at 4.02.36 AM.png
	docs/capture-the-flag-maralago-wargames/july4th2026-obama-presidential-library-capture-the-flag/bigger-daddy-sent-his-kid-a-fat-rat/MoreDocumentationAndExamplesOfHandwritingShowingHowSeverelyTheyDruggedMeInWyomingWYYellowstone2022Jan6 - CompareToSimilarExamplesInNotebookTonightAndFromCaptureTheFlagMaralagoMay2023 - 92441166-C932-40AA-8C92-F02AC84978F6.png
	docs/capture-the-flag-maralago-wargames/july4th2026-obama-presidential-library-capture-the-flag/bigger-daddy-sent-his-kid-a-fat-rat/PostImageCC - Image98uBWF - Screen Shot 2026-07-10 at 1.58.11 PM.png
	docs/capture-the-flag-maralago-wargames/july4th2026-obama-presidential-library-capture-the-flag/bigger-daddy-sent-his-kid-a-fat-rat/PostImageCC - Partial Trackers By Name Yellowstone 2022 - Screen Shot 2026-07-10 at 2.02.45 PM.png
	docs/capture-the-flag-maralago-wargames/july4th2026-obama-presidential-library-capture-the-flag/bigger-daddy-sent-his-kid-a-fat-rat/PostImageCC - Partial Trackers By Name Yellowstone 2022 - Screen Shot 2026-07-10 at 2.03.02 PM.png
	docs/capture-the-flag-maralago-wargames/july4th2026-obama-presidential-library-capture-the-flag/bigger-daddy-sent-his-kid-a-fat-rat/PostImageCC - Partial Trackers By Name Yellowstone 2022 - Screen Shot 2026-07-10 at 2.03.16 PM.png
	docs/capture-the-flag-maralago-wargames/july4th2026-obama-presidential-library-capture-the-flag/bigger-daddy-sent-his-kid-a-fat-rat/PostImageCC - Partial Trackers By Name Yellowstone 2022 - Screen Shot 2026-07-10 at 2.03.30 PM.png
	docs/capture-the-flag-maralago-wargames/july4th2026-ob
Aborting
