11:45:37.928936 exec-cmd.c:266          trace: resolved executable dir: C:/Users/BSAGuest/AppData/Local/Programs/Git/mingw64/bin
11:45:37.935943 git.c:502               trace: built-in: git push origin porche911-summer2026-arpanet-recovery
11:45:37.935943 run-command.c:674       trace: run_command: GIT_DIR=.git git remote-https origin https://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@github.com/maxieds/psycho-boy-nonfiction-book.git
11:45:37.935943 run-command.c:946       trace: start_command: git remote-https origin https://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@github.com/maxieds/psycho-boy-nonfiction-book.git
11:45:37.969172 exec-cmd.c:266          trace: resolved executable dir: C:/Users/BSAGuest/AppData/Local/Programs/Git/mingw64/libexec/git-core
11:45:37.976200 git.c:812               trace: exec: git-remote-https origin https://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@github.com/maxieds/psycho-boy-nonfiction-book.git
11:45:37.976725 run-command.c:674       trace: run_command: git-remote-https origin https://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@github.com/maxieds/psycho-boy-nonfiction-book.git
11:45:37.976725 run-command.c:946       trace: start_command: git-remote-https origin https://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@github.com/maxieds/psycho-boy-nonfiction-book.git
11:45:38.004785 exec-cmd.c:266          trace: resolved executable dir: C:/Users/BSAGuest/AppData/Local/Programs/Git/mingw64/libexec/git-core
11:45:38.021991 http.c:1033             == Info: Could not find host github.com in the .netrc file; using defaults
11:45:38.047076 http.c:1033             == Info: Host github.com:443 was resolved.
11:45:38.047076 http.c:1033             == Info: IPv6: (none)
11:45:38.047076 http.c:1033             == Info: IPv4: 140.82.114.4
11:45:38.048319 http.c:1033             == Info:   Trying 140.82.114.4:443...
11:45:38.077275 http.c:1033             == Info: ALPN: curl offers h2,http/1.1
11:45:38.077275 http.c:1033             == Info: TLSv1.3 (OUT), TLS handshake, Client hello (1):
11:45:38.077275 http.c:1033             == Info: SSL Trust Anchors:
11:45:38.083407 http.c:1033             == Info:   CAfile: C:/Users/BSAGuest/AppData/Local/Programs/Git/mingw64/etc/ssl/certs/ca-bundle.crt
11:45:38.109347 http.c:1033             == Info: TLSv1.3 (IN), TLS handshake, Server hello (2):
11:45:38.109347 http.c:1033             == Info: TLSv1.3 (IN), TLS change cipher, Change cipher spec (1):
11:45:38.109347 http.c:1033             == Info: TLSv1.3 (IN), TLS handshake, Encrypted Extensions (8):
11:45:38.109347 http.c:1033             == Info: TLSv1.3 (IN), TLS handshake, Certificate (11):
11:45:38.109347 http.c:1033             == Info: TLSv1.3 (IN), TLS handshake, CERT verify (15):
11:45:38.109347 http.c:1033             == Info: TLSv1.3 (IN), TLS handshake, Finished (20):
11:45:38.109347 http.c:1033             == Info: TLSv1.3 (OUT), TLS change cipher, Change cipher spec (1):
11:45:38.109347 http.c:1033             == Info: TLSv1.3 (OUT), TLS handshake, Finished (20):
11:45:38.109347 http.c:1033             == Info: SSL connection using TLSv1.3 / TLS_AES_128_GCM_SHA256 / x25519 / id-ecPublicKey
11:45:38.109347 http.c:1033             == Info: ALPN: server accepted h2
11:45:38.109347 http.c:1033             == Info: Server certificate:
11:45:38.109347 http.c:1033             == Info:   subject: CN=github.com
11:45:38.109347 http.c:1033             == Info:   start date: Sep  1 00:00:00 2026 GMT
11:45:38.109347 http.c:1033             == Info:   expire date: Nov 29 23:59:59 2026 GMT
11:45:38.109347 http.c:1033             == Info:   issuer: C=GB; O=Sectigo Limited; CN=Sectigo Public Server Authentication CA DV E36
11:45:38.109347 http.c:1033             == Info:   Certificate level 0: Public key type EC/prime256v1 (256/128 Bits/secBits), signed using ecdsa-with-SHA256
11:45:38.109347 http.c:1033             == Info:   Certificate level 1: Public key type EC/prime256v1 (256/128 Bits/secBits), signed using ecdsa-with-SHA384
11:45:38.109347 http.c:1033             == Info:   Certificate level 2: Public key type EC/secp384r1 (384/192 Bits/secBits), signed using ecdsa-with-SHA384
11:45:38.109347 http.c:1033             == Info:   subjectAltName: "github.com" matches cert's "github.com"
11:45:38.109347 http.c:1033             == Info: OpenSSL verify result: 0
11:45:38.109347 http.c:1033             == Info: SSL certificate verified via OpenSSL.
11:45:38.109347 http.c:1033             == Info: Established connection to github.com (140.82.114.4 port 443) from 10.12.1.41 port 55238 
11:45:38.109347 http.c:1033             == Info: using HTTP/2
11:45:38.109347 http.c:1033             == Info: [HTTP/2] [1] OPENED stream for https://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@github.com/maxieds/psycho-boy-nonfiction-book.git/info/refs?service=git-receive-pack
11:45:38.109347 http.c:1033             == Info: [HTTP/2] [1] [:method: GET]
11:45:38.109347 http.c:1033             == Info: [HTTP/2] [1] [:scheme: https]
11:45:38.109347 http.c:1033             == Info: [HTTP/2] [1] [:authority: github.com]
11:45:38.109347 http.c:1033             == Info: [HTTP/2] [1] [:path: /maxieds/psycho-boy-nonfiction-book.git/info/refs?service=git-receive-pack]
11:45:38.109347 http.c:1033             == Info: [HTTP/2] [1] [user-agent: git/2.55.0.windows.5]
11:45:38.109347 http.c:1033             == Info: [HTTP/2] [1] [accept: */*]
11:45:38.109347 http.c:1033             == Info: [HTTP/2] [1] [accept-encoding: deflate, gzip, br, zstd]
11:45:38.109347 http.c:1033             == Info: [HTTP/2] [1] [pragma: no-cache]
11:45:38.109347 http.c:980              => Send header, 0000000214 bytes (0x000000d6)
11:45:38.109347 http.c:992              => Send header: GET /maxieds/psycho-boy-nonfiction-book.git/info/refs?service=git-receive-pack HTTP/2
11:45:38.109347 http.c:992              => Send header: Host: github.com
11:45:38.109347 http.c:992              => Send header: User-Agent: git/2.55.0.windows.5
11:45:38.109347 http.c:992              => Send header: Accept: */*
11:45:38.109347 http.c:992              => Send header: Accept-Encoding: deflate, gzip, br, zstd
11:45:38.109347 http.c:992              => Send header: Pragma: no-cache
11:45:38.109347 http.c:992              => Send header:
11:45:38.109347 http.c:1033             == Info: Request completely sent off
11:45:38.139993 http.c:1033             == Info: TLSv1.3 (IN), TLS handshake, Newsession Ticket (4):
11:45:38.139993 http.c:1033             == Info: TLSv1.3 (IN), TLS handshake, Newsession Ticket (4):
11:45:38.168359 http.c:980              <= Recv header, 0000000013 bytes (0x0000000d)
11:45:38.168359 http.c:992              <= Recv header: HTTP/2 401
11:45:38.168359 http.c:980              <= Recv header, 0000000026 bytes (0x0000001a)
11:45:38.168359 http.c:992              <= Recv header: server: GitHub-Babel/3.0
11:45:38.168359 http.c:980              <= Recv header, 0000000054 bytes (0x00000036)
11:45:38.168359 http.c:992              <= Recv header: content-security-policy: default-src 'none'; sandbox
11:45:38.168359 http.c:980              <= Recv header, 0000000041 bytes (0x00000029)
11:45:38.168359 http.c:992              <= Recv header: content-type: text/plain; charset=UTF-8
11:45:38.168359 http.c:980              <= Recv header, 0000000045 bytes (0x0000002d)
11:45:38.168359 http.c:992              <= Recv header: strict-transport-security: max-age=31536000
11:45:38.168359 http.c:980              <= Recv header, 0000000040 bytes (0x00000028)
11:45:38.168359 http.c:992              <= Recv header: www-authenticate: Basic realm="GitHub"
11:45:38.168359 http.c:980              <= Recv header, 0000000020 bytes (0x00000014)
11:45:38.168359 http.c:992              <= Recv header: content-length: 26
11:45:38.168359 http.c:980              <= Recv header, 0000000037 bytes (0x00000025)
11:45:38.168359 http.c:992              <= Recv header: date: Mon, 14 Sep 2026 16:45:38 GMT
11:45:38.168359 http.c:980              <= Recv header, 0000000058 bytes (0x0000003a)
11:45:38.168359 http.c:992              <= Recv header: x-github-request-id: D7C6:155F1F:C9D1E4:10B88BF:6AA824B2
11:45:38.168359 http.c:980              <= Recv header, 0000000027 bytes (0x0000001b)
11:45:38.171458 http.c:992              <= Recv header: x-github-edge-region: iad
11:45:38.171458 http.c:980              <= Recv header, 0000000023 bytes (0x00000017)
11:45:38.171458 http.c:992              <= Recv header: x-frame-options: DENY
11:45:38.171458 http.c:1033             == Info: Ignoring the response-body
11:45:38.171458 http.c:1033             == Info: setting size while ignoring
11:45:38.171458 http.c:980              <= Recv header, 0000000002 bytes (0x00000002)
11:45:38.171458 http.c:992              <= Recv header:
11:45:38.171458 http.c:1033             == Info: Connection #0 to host github.com:443 left intact
11:45:38.171458 http.c:1033             == Info: Issue another request to this URL: 'https://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@github.com/maxieds/psycho-boy-nonfiction-book.git/info/refs?service=git-receive-pack'
11:45:38.171458 http.c:1033             == Info: Could not find host github.com in the .netrc file; using defaults
11:45:38.171458 http.c:1033             == Info: Reusing existing https: connection with host github.com
11:45:38.171458 http.c:1033             == Info: Server auth using Basic with user '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'
11:45:38.171458 http.c:1033             == Info: [HTTP/2] [3] OPENED stream for https://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@github.com/maxieds/psycho-boy-nonfiction-book.git/info/refs?service=git-receive-pack
11:45:38.171458 http.c:1033             == Info: [HTTP/2] [3] [:method: GET]
11:45:38.171458 http.c:1033             == Info: [HTTP/2] [3] [:scheme: https]
11:45:38.171458 http.c:1033             == Info: [HTTP/2] [3] [:authority: github.com]
11:45:38.171458 http.c:1033             == Info: [HTTP/2] [3] [:path: /maxieds/psycho-boy-nonfiction-book.git/info/refs?service=git-receive-pack]
11:45:38.171458 http.c:1033             == Info: [HTTP/2] [3] [authorization: Basic <redacted>]
11:45:38.171458 http.c:1033             == Info: [HTTP/2] [3] [user-agent: git/2.55.0.windows.5]
11:45:38.171458 http.c:1033             == Info: [HTTP/2] [3] [accept: */*]
11:45:38.171458 http.c:1033             == Info: [HTTP/2] [3] [accept-encoding: deflate, gzip, br, zstd]
11:45:38.171458 http.c:1033             == Info: [HTTP/2] [3] [pragma: no-cache]
11:45:38.171458 http.c:980              => Send header, 0000000293 bytes (0x00000125)
11:45:38.171458 http.c:992              => Send header: GET /maxieds/psycho-boy-nonfiction-book.git/info/refs?service=git-receive-pack HTTP/2
11:45:38.171458 http.c:992              => Send header: Host: github.com
11:45:38.171458 http.c:992              => Send header: Authorization: Basic <redacted>
11:45:38.171458 http.c:992              => Send header: User-Agent: git/2.55.0.windows.5
11:45:38.171458 http.c:992              => Send header: Accept: */*
11:45:38.171458 http.c:992              => Send header: Accept-Encoding: deflate, gzip, br, zstd
11:45:38.171458 http.c:992              => Send header: Pragma: no-cache
11:45:38.171458 http.c:992              => Send header:
11:45:38.171458 http.c:1033             == Info: Request completely sent off
11:45:38.441044 http.c:980              <= Recv header, 0000000013 bytes (0x0000000d)
11:45:38.441044 http.c:992              <= Recv header: HTTP/2 200
11:45:38.441044 http.c:980              <= Recv header, 0000000026 bytes (0x0000001a)
11:45:38.441044 http.c:992              <= Recv header: server: GitHub-Babel/3.0
11:45:38.441044 http.c:980              <= Recv header, 0000000060 bytes (0x0000003c)
11:45:38.441044 http.c:992              <= Recv header: content-type: application/x-git-receive-pack-advertisement
11:45:38.441044 http.c:980              <= Recv header, 0000000054 bytes (0x00000036)
11:45:38.441044 http.c:992              <= Recv header: content-security-policy: default-src 'none'; sandbox
11:45:38.441044 http.c:980              <= Recv header, 0000000040 bytes (0x00000028)
11:45:38.441044 http.c:992              <= Recv header: expires: Fri, 01 Jan 1980 00:00:00 GMT
11:45:38.441044 http.c:980              <= Recv header, 0000000018 bytes (0x00000012)
11:45:38.441044 http.c:992              <= Recv header: pragma: no-cache
11:45:38.441044 http.c:980              <= Recv header, 0000000053 bytes (0x00000035)
11:45:38.441044 http.c:992              <= Recv header: cache-control: no-cache, max-age=0, must-revalidate
11:45:38.441044 http.c:980              <= Recv header, 0000000023 bytes (0x00000017)
11:45:38.441044 http.c:992              <= Recv header: vary: Accept-Encoding
11:45:38.441044 http.c:980              <= Recv header, 0000000045 bytes (0x0000002d)
11:45:38.441044 http.c:992              <= Recv header: strict-transport-security: max-age=31536000
11:45:38.441044 http.c:980              <= Recv header, 0000000037 bytes (0x00000025)
11:45:38.441044 http.c:992              <= Recv header: date: Mon, 14 Sep 2026 16:45:38 GMT
11:45:38.441044 http.c:980              <= Recv header, 0000000058 bytes (0x0000003a)
11:45:38.441044 http.c:992              <= Recv header: x-github-request-id: D7C6:155F1F:C9D21B:10B891A:6AA824B2
11:45:38.441044 http.c:980              <= Recv header, 0000000027 bytes (0x0000001b)
11:45:38.441044 http.c:992              <= Recv header: x-github-edge-region: iad
11:45:38.441044 http.c:980              <= Recv header, 0000000023 bytes (0x00000017)
11:45:38.441044 http.c:992              <= Recv header: x-frame-options: DENY
11:45:38.441044 http.c:980              <= Recv header, 0000000002 bytes (0x00000002)
11:45:38.441044 http.c:992              <= Recv header:
11:45:38.441044 http.c:1033             == Info: Connection #0 to host github.com:443 left intact
11:45:38.441044 pkt-line.c:85           packet:          git< # service=git-receive-pack
11:45:38.441044 pkt-line.c:85           packet:          git< 0000
11:45:38.441044 pkt-line.c:85           packet:          git< f439f69ee6b46d3636587fd51ce0c383920c07ba refs/heads/dont-piss-me-off-local-apps2\0report-status report-status-v2 delete-refs side-band-64k ofs-delta atomic object-format=sha1 quiet agent=github/spokes-receive-pack-687be0241dd8aec81f41d987816db233191a3f99 session-id=D7C6:155F1F:C9D21B:10B891A:6AA824B2 push-options
11:45:38.441044 pkt-line.c:85           packet:          git< e1dfebb92e12b81b6b04ef9c5b3684c037d63b7a refs/heads/dont-piss-me-off-maralago-original-symlink-contents
11:45:38.441044 pkt-line.c:85           packet:          git< 36fa103c07f423e66c26a1104d2538a6e6c174d3 refs/heads/dont-piss-me-off-standalone-firmware-jcop-nfc-tags
11:45:38.441044 pkt-line.c:85           packet:          git< e1dfebb92e12b81b6b04ef9c5b3684c037d63b7a refs/heads/dont-piss-me-off-youtube-2019-hints
11:45:38.441044 pkt-line.c:85           packet:          git< bfe946b08129e7182a64db51cba35701fd5c9c1c refs/heads/mistress
11:45:38.441044 pkt-line.c:85           packet:          git< 6f909a71ead38b75031ef492fd1a730c10e52fdf refs/heads/porche911-summer2026-arpanet-recovery
11:45:38.441044 pkt-line.c:85           packet:          git< 89820332d5346487e4b4b129b4ebb89aa06258ff refs/heads/xcode-aos-ios-wini386-problem-solving
11:45:38.441044 pkt-line.c:85           packet:          git< 1f403ae785c03f79d5848f8a8f9b54c413115e79 refs/tags/caoture-the-flag-july4th2026
11:45:38.441044 pkt-line.c:85           packet:          git< 0d822b95824335d51dedd571f823461747c44501 refs/tags/juneteenth-2026-porche911-one-week
11:45:38.441044 pkt-line.c:85           packet:          git< f439f69ee6b46d3636587fd51ce0c383920c07ba refs/tags/porche911-summer2026-arpanet-recovery-start-branch_dont-piss-me-off-local-apps2
11:45:38.441044 pkt-line.c:85           packet:          git< e1dfebb92e12b81b6b04ef9c5b3684c037d63b7a refs/tags/porche911-summer2026-arpanet-recovery-start-branch_dont-piss-me-off-maralago-original-symlink-contents
11:45:38.441044 pkt-line.c:85           packet:          git< 36fa103c07f423e66c26a1104d2538a6e6c174d3 refs/tags/porche911-summer2026-arpanet-recovery-start-branch_dont-piss-me-off-standalone-firmware-jcop-nfc-tags
11:45:38.441044 pkt-line.c:85           packet:          git< e1dfebb92e12b81b6b04ef9c5b3684c037d63b7a refs/tags/porche911-summer2026-arpanet-recovery-start-branch_dont-piss-me-off-youtube-2019-hints
11:45:38.441044 pkt-line.c:85           packet:          git< bfe946b08129e7182a64db51cba35701fd5c9c1c refs/tags/porche911-summer2026-arpanet-recovery-start-branch_mistress
11:45:38.441044 pkt-line.c:85           packet:          git< 89820332d5346487e4b4b129b4ebb89aa06258ff refs/tags/porche911-summer2026-arpanet-recovery-start-branch_xcode-aos-wini368-problem-solving
11:45:38.441044 pkt-line.c:85           packet:          git< 0000
11:45:38.441044 pkt-line.c:85           packet:          git> refs/heads/porche911-summer2026-arpanet-recovery:refs/heads/porche911-summer2026-arpanet-recovery
11:45:38.441044 pkt-line.c:85           packet:          git> 0000
11:45:38.441044 run-command.c:674       trace: run_command: git send-pack --stateless-rpc --helper-status --thin --no-progress https://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@github.com/maxieds/psycho-boy-nonfiction-book.git/ --stdin
11:45:38.441044 run-command.c:946       trace: start_command: git send-pack --stateless-rpc --helper-status --thin --no-progress https://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@github.com/maxieds/psycho-boy-nonfiction-book.git/ --stdin
11:45:38.473010 exec-cmd.c:266          trace: resolved executable dir: C:/Users/BSAGuest/AppData/Local/Programs/Git/mingw64/libexec/git-core
11:45:38.480891 git.c:502               trace: built-in: git send-pack --stateless-rpc --helper-status --thin --no-progress https://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@github.com/maxieds/psycho-boy-nonfiction-book.git/ --stdin
11:45:38.482190 pkt-line.c:85           packet:          git< refs/heads/porche911-summer2026-arpanet-recovery:refs/heads/porche911-summer2026-arpanet-recovery
11:45:38.482190 pkt-line.c:85           packet:          git< 0000
11:45:38.482190 pkt-line.c:85           packet:          git< f439f69ee6b46d3636587fd51ce0c383920c07ba refs/heads/dont-piss-me-off-local-apps2\0report-status report-status-v2 delete-refs side-band-64k ofs-delta atomic object-format=sha1 quiet agent=github/spokes-receive-pack-687be0241dd8aec81f41d987816db233191a3f99 session-id=D7C6:155F1F:C9D21B:10B891A:6AA824B2 push-options
11:45:38.482190 pkt-line.c:85           packet:          git< e1dfebb92e12b81b6b04ef9c5b3684c037d63b7a refs/heads/dont-piss-me-off-maralago-original-symlink-contents
11:45:38.482190 pkt-line.c:85           packet:          git< 36fa103c07f423e66c26a1104d2538a6e6c174d3 refs/heads/dont-piss-me-off-standalone-firmware-jcop-nfc-tags
11:45:38.482190 pkt-line.c:85           packet:          git< e1dfebb92e12b81b6b04ef9c5b3684c037d63b7a refs/heads/dont-piss-me-off-youtube-2019-hints
11:45:38.482190 pkt-line.c:85           packet:          git< bfe946b08129e7182a64db51cba35701fd5c9c1c refs/heads/mistress
11:45:38.482190 pkt-line.c:85           packet:          git< 6f909a71ead38b75031ef492fd1a730c10e52fdf refs/heads/porche911-summer2026-arpanet-recovery
11:45:38.482190 pkt-line.c:85           packet:          git< 89820332d5346487e4b4b129b4ebb89aa06258ff refs/heads/xcode-aos-ios-wini386-problem-solving
11:45:38.482190 pkt-line.c:85           packet:          git< 1f403ae785c03f79d5848f8a8f9b54c413115e79 refs/tags/caoture-the-flag-july4th2026
11:45:38.482190 pkt-line.c:85           packet:          git< 0d822b95824335d51dedd571f823461747c44501 refs/tags/juneteenth-2026-porche911-one-week
11:45:38.482190 pkt-line.c:85           packet:          git< f439f69ee6b46d3636587fd51ce0c383920c07ba refs/tags/porche911-summer2026-arpanet-recovery-start-branch_dont-piss-me-off-local-apps2
11:45:38.482190 pkt-line.c:85           packet:          git< e1dfebb92e12b81b6b04ef9c5b3684c037d63b7a refs/tags/porche911-summer2026-arpanet-recovery-start-branch_dont-piss-me-off-maralago-original-symlink-contents
11:45:38.482190 pkt-line.c:85           packet:          git< 36fa103c07f423e66c26a1104d2538a6e6c174d3 refs/tags/porche911-summer2026-arpanet-recovery-start-branch_dont-piss-me-off-standalone-firmware-jcop-nfc-tags
11:45:38.482190 pkt-line.c:85           packet:          git< e1dfebb92e12b81b6b04ef9c5b3684c037d63b7a refs/tags/porche911-summer2026-arpanet-recovery-start-branch_dont-piss-me-off-youtube-2019-hints
11:45:38.482190 pkt-line.c:85           packet:          git< bfe946b08129e7182a64db51cba35701fd5c9c1c refs/tags/porche911-summer2026-arpanet-recovery-start-branch_mistress
11:45:38.482190 pkt-line.c:85           packet:          git< 89820332d5346487e4b4b129b4ebb89aa06258ff refs/tags/porche911-summer2026-arpanet-recovery-start-branch_xcode-aos-wini368-problem-solving
11:45:38.482190 pkt-line.c:85           packet:          git< 0000
11:45:38.485678 pkt-line.c:85           packet:          git> 6f909a71ead38b75031ef492fd1a730c10e52fdf 9589c515eccc6d2abbf7312b9547e4101ed3897c refs/heads/porche911-summer2026-arpanet-recovery\0 report-status-v2 side-band-64k quiet object-format=sha1 agent=git/2.55.0.windows.5-Windows
11:45:38.485678 pkt-line.c:85           packet:          git> 0000
11:45:38.485753 pkt-line.c:85           packet:          git< 00e26f909a71ead38b75031ef492fd1a730c10e52fdf 9589c515eccc6d2abbf7312b9547e4101ed3897c refs/heads/porche911-summer2026-arpanet-recovery\0 report-status-v2 side-band-64k quiet object-format=sha1 agent=git/2.55.0.windows.5-Windows0000
11:45:38.485753 run-command.c:674       trace: run_command: git pack-objects --all-progress-implied --revs --stdout --thin --delta-base-offset -q
11:45:38.485753 run-command.c:946       trace: start_command: git pack-objects --all-progress-implied --revs --stdout --thin --delta-base-offset -q
11:45:38.507132 exec-cmd.c:266          trace: resolved executable dir: C:/Users/BSAGuest/AppData/Local/Programs/Git/mingw64/libexec/git-core
11:45:38.514731 git.c:502               trace: built-in: git pack-objects --all-progress-implied --revs --stdout --thin --delta-base-offset -q
11:45:38.720533 pkt-line.c:85           packet:          git< PACK ...
11:45:39.888475 http.c:1033             == Info: Could not find host github.com in the .netrc file; using defaults
11:45:39.888475 http.c:1033             == Info: Reusing existing https: connection with host github.com
11:45:39.888475 http.c:1033             == Info: Server auth using Basic with user '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'
11:45:39.888475 http.c:1033             == Info: [HTTP/2] [5] OPENED stream for https://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@github.com/maxieds/psycho-boy-nonfiction-book.git/git-receive-pack
11:45:39.888475 http.c:1033             == Info: [HTTP/2] [5] [:method: POST]
11:45:39.888475 http.c:1033             == Info: [HTTP/2] [5] [:scheme: https]
11:45:39.888475 http.c:1033             == Info: [HTTP/2] [5] [:authority: github.com]
11:45:39.888475 http.c:1033             == Info: [HTTP/2] [5] [:path: /maxieds/psycho-boy-nonfiction-book.git/git-receive-pack]
11:45:39.888475 http.c:1033             == Info: [HTTP/2] [5] [authorization: Basic <redacted>]
11:45:39.888475 http.c:1033             == Info: [HTTP/2] [5] [user-agent: git/2.55.0.windows.5]
11:45:39.888475 http.c:1033             == Info: [HTTP/2] [5] [content-type: application/x-git-receive-pack-request]
11:45:39.888475 http.c:1033             == Info: [HTTP/2] [5] [accept: application/x-git-receive-pack-result]
11:45:39.888475 http.c:1033             == Info: [HTTP/2] [5] [content-length: 4]
11:45:39.888475 http.c:980              => Send header, 0000000323 bytes (0x00000143)
11:45:39.888475 http.c:992              => Send header: POST /maxieds/psycho-boy-nonfiction-book.git/git-receive-pack HTTP/2
11:45:39.888475 http.c:992              => Send header: Host: github.com
11:45:39.888475 http.c:992              => Send header: Authorization: Basic <redacted>
11:45:39.888475 http.c:992              => Send header: User-Agent: git/2.55.0.windows.5
11:45:39.888475 http.c:992              => Send header: Content-Type: application/x-git-receive-pack-request
11:45:39.888475 http.c:992              => Send header: Accept: application/x-git-receive-pack-result
11:45:39.888475 http.c:992              => Send header: Content-Length: 4
11:45:39.888475 http.c:992              => Send header:
11:45:39.888475 http.c:1033             == Info: upload completely sent off: 4 bytes
11:45:40.124313 http.c:980              <= Recv header, 0000000013 bytes (0x0000000d)
11:45:40.124313 http.c:992              <= Recv header: HTTP/2 200
11:45:40.124313 http.c:980              <= Recv header, 0000000026 bytes (0x0000001a)
11:45:40.124313 http.c:992              <= Recv header: server: GitHub-Babel/3.0
11:45:40.124313 http.c:980              <= Recv header, 0000000053 bytes (0x00000035)
11:45:40.124313 http.c:992              <= Recv header: content-type: application/x-git-receive-pack-result
11:45:40.124313 http.c:980              <= Recv header, 0000000054 bytes (0x00000036)
11:45:40.124313 http.c:992              <= Recv header: content-security-policy: default-src 'none'; sandbox
11:45:40.124313 http.c:980              <= Recv header, 0000000040 bytes (0x00000028)
11:45:40.124313 http.c:992              <= Recv header: expires: Fri, 01 Jan 1980 00:00:00 GMT
11:45:40.124313 http.c:980              <= Recv header, 0000000018 bytes (0x00000012)
11:45:40.124313 http.c:992              <= Recv header: pragma: no-cache
11:45:40.124313 http.c:980              <= Recv header, 0000000053 bytes (0x00000035)
11:45:40.124313 http.c:992              <= Recv header: cache-control: no-cache, max-age=0, must-revalidate
11:45:40.124313 http.c:980              <= Recv header, 0000000023 bytes (0x00000017)
11:45:40.124313 http.c:992              <= Recv header: vary: Accept-Encoding
11:45:40.124313 http.c:980              <= Recv header, 0000000045 bytes (0x0000002d)
11:45:40.124313 http.c:992              <= Recv header: strict-transport-security: max-age=31536000
11:45:40.124313 http.c:980              <= Recv header, 0000000019 bytes (0x00000013)
11:45:40.124313 http.c:992              <= Recv header: content-length: 0
11:45:40.124313 http.c:980              <= Recv header, 0000000037 bytes (0x00000025)
11:45:40.124313 http.c:992              <= Recv header: date: Mon, 14 Sep 2026 16:45:40 GMT
11:45:40.124313 http.c:980              <= Recv header, 0000000058 bytes (0x0000003a)
11:45:40.124313 http.c:992              <= Recv header: x-github-request-id: D7C6:155F1F:C9D7F5:10B9080:6AA824B2
11:45:40.124313 http.c:980              <= Recv header, 0000000027 bytes (0x0000001b)
11:45:40.124313 http.c:992              <= Recv header: x-github-edge-region: iad
11:45:40.124313 http.c:980              <= Recv header, 0000000023 bytes (0x00000017)
11:45:40.124313 http.c:992              <= Recv header: x-frame-options: DENY
11:45:40.124313 http.c:980              <= Recv header, 0000000002 bytes (0x00000002)
11:45:40.124313 http.c:992              <= Recv header:
11:45:40.124313 http.c:1033             == Info: Connection #0 to host github.com:443 left intact
11:45:40.124313 http.c:1033             == Info: Could not find host github.com in the .netrc file; using defaults
11:45:40.124313 http.c:1033             == Info: Reusing existing https: connection with host github.com
11:45:40.124313 http.c:1033             == Info: Server auth using Basic with user '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'
11:45:40.124313 http.c:1033             == Info: [HTTP/2] [7] OPENED stream for https://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@github.com/maxieds/psycho-boy-nonfiction-book.git/git-receive-pack
11:45:40.124313 http.c:1033             == Info: [HTTP/2] [7] [:method: POST]
11:45:40.124313 http.c:1033             == Info: [HTTP/2] [7] [:scheme: https]
11:45:40.124313 http.c:1033             == Info: [HTTP/2] [7] [:authority: github.com]
11:45:40.124313 http.c:1033             == Info: [HTTP/2] [7] [:path: /maxieds/psycho-boy-nonfiction-book.git/git-receive-pack]
11:45:40.124313 http.c:1033             == Info: [HTTP/2] [7] [authorization: Basic <redacted>]
11:45:40.124313 http.c:1033             == Info: [HTTP/2] [7] [user-agent: git/2.55.0.windows.5]
11:45:40.124313 http.c:1033             == Info: [HTTP/2] [7] [accept-encoding: deflate, gzip, br, zstd]
11:45:40.124313 http.c:1033             == Info: [HTTP/2] [7] [content-type: application/x-git-receive-pack-request]
11:45:40.124313 http.c:1033             == Info: [HTTP/2] [7] [accept: application/x-git-receive-pack-result]
11:45:40.124313 http.c:980              => Send header, 0000000346 bytes (0x0000015a)
11:45:40.124313 http.c:992              => Send header: POST /maxieds/psycho-boy-nonfiction-book.git/git-receive-pack HTTP/2
11:45:40.124313 http.c:992              => Send header: Host: github.com
11:45:40.124313 http.c:992              => Send header: Authorization: Basic <redacted>
11:45:40.124313 http.c:992              => Send header: User-Agent: git/2.55.0.windows.5
11:45:40.124313 http.c:992              => Send header: Accept-Encoding: deflate, gzip, br, zstd
11:45:40.124313 http.c:992              => Send header: Content-Type: application/x-git-receive-pack-request
11:45:40.124313 http.c:992              => Send header: Accept: application/x-git-receive-pack-result
11:45:40.124313 http.c:992              => Send header:
11:45:59.686804 pkt-line.c:85           packet:          git> 0000
11:45:59.686804 http.c:1033             == Info: upload completely sent off: 324781111 bytes
11:46:00.111003 http.c:980              <= Recv header, 0000000013 bytes (0x0000000d)
11:46:00.111003 http.c:992              <= Recv header: HTTP/2 200
11:46:00.111003 http.c:980              <= Recv header, 0000000026 bytes (0x0000001a)
11:46:00.111003 http.c:992              <= Recv header: server: GitHub-Babel/3.0
11:46:00.111003 http.c:980              <= Recv header, 0000000053 bytes (0x00000035)
11:46:00.111003 http.c:992              <= Recv header: content-type: application/x-git-receive-pack-result
11:46:00.111003 http.c:980              <= Recv header, 0000000054 bytes (0x00000036)
11:46:00.111003 http.c:992              <= Recv header: content-security-policy: default-src 'none'; sandbox
11:46:00.111003 http.c:980              <= Recv header, 0000000040 bytes (0x00000028)
11:46:00.111003 http.c:992              <= Recv header: expires: Fri, 01 Jan 1980 00:00:00 GMT
11:46:00.111003 http.c:980              <= Recv header, 0000000018 bytes (0x00000012)
11:46:00.111003 http.c:992              <= Recv header: pragma: no-cache
11:46:00.111003 http.c:980              <= Recv header, 0000000053 bytes (0x00000035)
11:46:00.111003 http.c:992              <= Recv header: cache-control: no-cache, max-age=0, must-revalidate
11:46:00.111003 http.c:980              <= Recv header, 0000000023 bytes (0x00000017)
11:46:00.111003 http.c:992              <= Recv header: vary: Accept-Encoding
11:46:00.111003 http.c:980              <= Recv header, 0000000045 bytes (0x0000002d)
11:46:00.111003 http.c:992              <= Recv header: strict-transport-security: max-age=31536000
11:46:00.111003 http.c:980              <= Recv header, 0000000037 bytes (0x00000025)
11:46:00.111003 http.c:992              <= Recv header: date: Mon, 14 Sep 2026 16:45:59 GMT
11:46:00.111003 http.c:980              <= Recv header, 0000000058 bytes (0x0000003a)
11:46:00.111003 http.c:992              <= Recv header: x-github-request-id: D7C6:155F1F:C9D8CD:10B918D:6AA824B4
11:46:00.111003 http.c:980              <= Recv header, 0000000027 bytes (0x0000001b)
11:46:00.111003 http.c:992              <= Recv header: x-github-edge-region: iad
11:46:00.111003 http.c:980              <= Recv header, 0000000023 bytes (0x00000017)
11:46:00.111003 http.c:992              <= Recv header: x-frame-options: DENY
11:46:00.111003 http.c:980              <= Recv header, 0000000002 bytes (0x00000002)
11:46:00.111003 http.c:992              <= Recv header:
11:46:01.423342 pkt-line.c:85           packet:     sideband< \2\0
11:46:05.524836 http.c:1033             == Info: Connection #0 to host github.com:443 left intact
11:46:05.524836 pkt-line.c:85           packet:     sideband< \2error: Trace: 461d68664be53635ec43c43af3eb9b7dca4048089f72b491b7d52c872ddd7ed9error: See https://gh.io/lfs for more information.error: File arpanet_restore_from_last/MacOSBook-maxieds-Desktop/porche704-v2/terminal-logs-temp/Terminal Saved Output - Blocked Root Filesystem List Cmd 1.txt is 287.01 MB; this exceeds GitHub's file size limit of 100.00 MBerror: File arpanet_restore_from_last/MacOSBook-maxieds-Desktop/porche704-v2/terminal-logs-temp/Terminal Saved Output - Blocked Trump BT Directory Copy Command - Way More Space Than Original - Partial 1.txt is 211.93 MB; this exceeds GitHub's file size limit of 100.00 MBerror: GH001: Large files detected. You may want to try Git Large File Storage - https://git-lfs.github.com.
remote: error: Trace: 461d68664be53635ec43c43af3eb9b7dca4048089f72b491b7d52c872ddd7ed9        
remote: error: See https://gh.io/lfs for more information.        
remote: error: File arpanet_restore_from_last/MacOSBook-maxieds-Desktop/porche704-v2/terminal-logs-temp/Terminal Saved Output - Blocked Root Filesystem List Cmd 1.txt is 287.01 MB; this exceeds GitHub's file size limit of 100.00 MB        
remote: error: File arpanet_restore_from_last/MacOSBook-maxieds-Desktop/porche704-v2/terminal-logs-temp/Terminal Saved Output - Blocked Trump BT Directory Copy Command - Way More Space Than Original - Partial 1.txt is 211.93 MB; this exceeds GitHub's file size limit of 100.00 MB        
remote: error: GH001: Large files detected. You may want to try Git Large File Storage - https://git-lfs.github.com.        
11:46:05.524836 pkt-line.c:85           packet:     sideband< \1000eunpack ok
11:46:05.524836 pkt-line.c:85           packet:     sideband< \10052ng refs/heads/porche911-summer2026-arpanet-recovery pre-receive hook declined
11:46:05.524836 pkt-line.c:85           packet:     sideband< \10000
11:46:05.524836 pkt-line.c:85           packet:          git< unpack ok
11:46:05.524836 pkt-line.c:85           packet:     sideband< 0000
11:46:05.524836 pkt-line.c:85           packet:          git< ng refs/heads/porche911-summer2026-arpanet-recovery pre-receive hook declined
11:46:05.524836 pkt-line.c:85           packet:          git< 0000
11:46:05.524836 pkt-line.c:85           packet:          git> 0000
To https://github.com/maxieds/psycho-boy-nonfiction-book.git
 ! [remote rejected]       porche911-summer2026-arpanet-recovery -> porche911-summer2026-arpanet-recovery (pre-receive hook declined)
error: failed to push some refs to 'https://github.com/maxieds/psycho-boy-nonfiction-book.git'
