14:15:01.235059 exec-cmd.c:266          trace: resolved executable dir: C:/Users/BSAGuest/AppData/Local/Programs/Git/mingw64/bin
14:15:01.236572 git.c:502               trace: built-in: git gc
14:15:01.251777 run-command.c:674       trace: run_command: git pack-refs --all --prune
14:15:01.251777 run-command.c:946       trace: start_command: git pack-refs --all --prune
14:15:01.266824 exec-cmd.c:266          trace: resolved executable dir: C:/Users/BSAGuest/AppData/Local/Programs/Git/mingw64/libexec/git-core
14:15:01.273096 git.c:502               trace: built-in: git pack-refs --all --prune
14:15:01.282611 run-command.c:674       trace: run_command: git reflog expire --all
14:15:01.282611 run-command.c:946       trace: start_command: git reflog expire --all
14:15:01.298252 exec-cmd.c:266          trace: resolved executable dir: C:/Users/BSAGuest/AppData/Local/Programs/Git/mingw64/libexec/git-core
14:15:01.298252 git.c:502               trace: built-in: git reflog expire --all
14:15:01.325213 run-command.c:674       trace: run_command: git repack -d -l --cruft --cruft-expiration=2.weeks.ago
14:15:01.325213 run-command.c:946       trace: start_command: git repack -d -l --cruft --cruft-expiration=2.weeks.ago
14:15:01.339962 exec-cmd.c:266          trace: resolved executable dir: C:/Users/BSAGuest/AppData/Local/Programs/Git/mingw64/libexec/git-core
14:15:01.347838 git.c:502               trace: built-in: git repack -d -l --cruft --cruft-expiration=2.weeks.ago
14:15:01.347838 run-command.c:674       trace: run_command: git pack-objects --local --delta-base-offset --honor-pack-keep .git/objects/pack/.tmp-9940-pack --keep-true-parents --non-empty --all --reflog --indexed-objects
14:15:01.355864 run-command.c:946       trace: start_command: git pack-objects --local --delta-base-offset --honor-pack-keep .git/objects/pack/.tmp-9940-pack --keep-true-parents --non-empty --all --reflog --indexed-objects
14:15:01.373620 exec-cmd.c:266          trace: resolved executable dir: C:/Users/BSAGuest/AppData/Local/Programs/Git/mingw64/libexec/git-core
14:15:01.380440 git.c:502               trace: built-in: git pack-objects --local --delta-base-offset --honor-pack-keep .git/objects/pack/.tmp-9940-pack --keep-true-parents --non-empty --all --reflog --indexed-objects
14:25:06.586393 run-command.c:674       trace: run_command: git pack-objects --local --delta-base-offset --honor-pack-keep .git/objects/pack/.tmp-9940-pack --cruft --cruft-expiration=2.weeks.ago --non-empty
14:25:06.587861 run-command.c:946       trace: start_command: git pack-objects --local --delta-base-offset --honor-pack-keep .git/objects/pack/.tmp-9940-pack --cruft --cruft-expiration=2.weeks.ago --non-empty
14:25:06.614633 exec-cmd.c:266          trace: resolved executable dir: C:/Users/BSAGuest/AppData/Local/Programs/Git/mingw64/libexec/git-core
14:25:06.633342 git.c:502               trace: built-in: git pack-objects --local --delta-base-offset --honor-pack-keep .git/objects/pack/.tmp-9940-pack --cruft --cruft-expiration=2.weeks.ago --non-empty
14:25:17.595544 run-command.c:674       trace: run_command: git prune --expire 2.weeks.ago
14:25:17.595544 run-command.c:946       trace: start_command: git prune --expire 2.weeks.ago
14:25:17.625724 exec-cmd.c:266          trace: resolved executable dir: C:/Users/BSAGuest/AppData/Local/Programs/Git/mingw64/libexec/git-core
14:25:17.641583 git.c:502               trace: built-in: git prune --expire 2.weeks.ago
14:25:17.662235 run-command.c:674       trace: run_command: git worktree prune --expire 3.months.ago
14:25:17.662235 run-command.c:946       trace: start_command: git worktree prune --expire 3.months.ago
14:25:17.676714 exec-cmd.c:266          trace: resolved executable dir: C:/Users/BSAGuest/AppData/Local/Programs/Git/mingw64/libexec/git-core
14:25:17.688562 git.c:502               trace: built-in: git worktree prune --expire 3.months.ago
14:25:17.688562 run-command.c:674       trace: run_command: git rerere gc
14:25:17.688562 run-command.c:946       trace: start_command: git rerere gc
14:25:17.720400 exec-cmd.c:266          trace: resolved executable dir: C:/Users/BSAGuest/AppData/Local/Programs/Git/mingw64/libexec/git-core
14:25:17.726513 git.c:502               trace: built-in: git rerere gc
