%This package provides support for the mlmodern fonts. See mlmodern.pdf
%for more information.
%This work may be distributed and/or modified under the conditions
%of the LaTeX Project Public License, either version 1.3c of this
%license or (at your option) any later version.
%Copyright 2003--2009 by B. Jackowski and J.M. Nowacki.
%Copyright 2021 by Daniel Benjamin Miller.
%This work has the LPPL maintenance status "maintained".
%The Current Maintainer of this work is Daniel Benjamin Miller.
 
cs-mlmb10 MLMRomanDemi10-Regular "enclmcs ReEncodeFont" <lm-cs.enc <mlmb10.pfb
cs-mlmbo10 MLMRomanDemi10-Oblique "enclmcs ReEncodeFont" <lm-cs.enc <mlmbo10.pfb
cs-mlmbx10 MLMRoman10-Bold "enclmcs ReEncodeFont" <lm-cs.enc <mlmbx10.pfb
cs-mlmbx12 MLMRoman12-Bold "enclmcs ReEncodeFont" <lm-cs.enc <mlmbx12.pfb
cs-mlmbx5 MLMRoman5-Bold "enclmcs ReEncodeFont" <lm-cs.enc <mlmbx5.pfb
cs-mlmbx6 MLMRoman6-Bold "enclmcs ReEncodeFont" <lm-cs.enc <mlmbx6.pfb
cs-mlmbx7 MLMRoman7-Bold "enclmcs ReEncodeFont" <lm-cs.enc <mlmbx7.pfb
cs-mlmbx8 MLMRoman8-Bold "enclmcs ReEncodeFont" <lm-cs.enc <mlmbx8.pfb
cs-mlmbx9 MLMRoman9-Bold "enclmcs ReEncodeFont" <lm-cs.enc <mlmbx9.pfb
cs-mlmbxi10 MLMRoman10-BoldItalic "enclmcs ReEncodeFont" <lm-cs.enc <mlmbxi10.pfb
cs-mlmbxo10 MLMRomanSlant10-Bold "enclmcs ReEncodeFont" <lm-cs.enc <mlmbxo10.pfb
cs-mlmcsc10 MLMRomanCaps10-Regular "enclmcssc ReEncodeFont" <lm-cssc.enc <mlmcsc10.pfb
cs-mlmcsco10 MLMRomanCaps10-Oblique "enclmcssc ReEncodeFont" <lm-cssc.enc <mlmcsco10.pfb
cs-mlmdunh10 MLMRomanDunh10-Regular "enclmcs ReEncodeFont" <lm-cs.enc <mlmdunh10.pfb
cs-mlmduno10 MLMRomanDunh10-Oblique "enclmcs ReEncodeFont" <lm-cs.enc <mlmduno10.pfb
cs-mlmr10 MLMRoman10-Regular "enclmcs ReEncodeFont" <lm-cs.enc <mlmr10.pfb
cs-mlmr12 MLMRoman12-Regular "enclmcs ReEncodeFont" <lm-cs.enc <mlmr12.pfb
cs-mlmr17 MLMRoman17-Regular "enclmcs ReEncodeFont" <lm-cs.enc <mlmr17.pfb
cs-mlmr5 MLMRoman5-Regular "enclmcs ReEncodeFont" <lm-cs.enc <mlmr5.pfb
cs-mlmr6 MLMRoman6-Regular "enclmcs ReEncodeFont" <lm-cs.enc <mlmr6.pfb
cs-mlmr7 MLMRoman7-Regular "enclmcs ReEncodeFont" <lm-cs.enc <mlmr7.pfb
cs-mlmr8 MLMRoman8-Regular "enclmcs ReEncodeFont" <lm-cs.enc <mlmr8.pfb
cs-mlmr9 MLMRoman9-Regular "enclmcs ReEncodeFont" <lm-cs.enc <mlmr9.pfb
cs-mlmri10 MLMRoman10-Italic "enclmcs ReEncodeFont" <lm-cs.enc <mlmri10.pfb
cs-mlmri12 MLMRoman12-Italic "enclmcs ReEncodeFont" <lm-cs.enc <mlmri12.pfb
cs-mlmri7 MLMRoman7-Italic "enclmcs ReEncodeFont" <lm-cs.enc <mlmri7.pfb
cs-mlmri8 MLMRoman8-Italic "enclmcs ReEncodeFont" <lm-cs.enc <mlmri8.pfb
cs-mlmri9 MLMRoman9-Italic "enclmcs ReEncodeFont" <lm-cs.enc <mlmri9.pfb
cs-mlmro10 MLMRomanSlant10-Regular "enclmcs ReEncodeFont" <lm-cs.enc <mlmro10.pfb
cs-mlmro12 MLMRomanSlant12-Regular "enclmcs ReEncodeFont" <lm-cs.enc <mlmro12.pfb
cs-mlmro17 MLMRomanSlant17-Regular "enclmcs ReEncodeFont" <lm-cs.enc <mlmro17.pfb
cs-mlmro8 MLMRomanSlant8-Regular "enclmcs ReEncodeFont" <lm-cs.enc <mlmro8.pfb
cs-mlmro9 MLMRomanSlant9-Regular "enclmcs ReEncodeFont" <lm-cs.enc <mlmro9.pfb
cs-mlmss10 MLMSans10-Regular "enclmcs ReEncodeFont" <lm-cs.enc <mlmss10.pfb
cs-mlmss12 MLMSans12-Regular "enclmcs ReEncodeFont" <lm-cs.enc <mlmss12.pfb
cs-mlmss17 MLMSans17-Regular "enclmcs ReEncodeFont" <lm-cs.enc <mlmss17.pfb
cs-mlmss8 MLMSans8-Regular "enclmcs ReEncodeFont" <lm-cs.enc <mlmss8.pfb
cs-mlmss9 MLMSans9-Regular "enclmcs ReEncodeFont" <lm-cs.enc <mlmss9.pfb
cs-mlmssbo10 MLMSans10-BoldOblique "enclmcs ReEncodeFont" <lm-cs.enc <mlmssbo10.pfb
cs-mlmssbx10 MLMSans10-Bold "enclmcs ReEncodeFont" <lm-cs.enc <mlmssbx10.pfb
cs-mlmssdc10 MLMSansDemiCond10-Regular "enclmcs ReEncodeFont" <lm-cs.enc <mlmssdc10.pfb
cs-mlmssdo10 MLMSansDemiCond10-Oblique "enclmcs ReEncodeFont" <lm-cs.enc <mlmssdo10.pfb
cs-mlmsso10 MLMSans10-Oblique "enclmcs ReEncodeFont" <lm-cs.enc <mlmsso10.pfb
cs-mlmsso12 MLMSans12-Oblique "enclmcs ReEncodeFont" <lm-cs.enc <mlmsso12.pfb
cs-mlmsso17 MLMSans17-Oblique "enclmcs ReEncodeFont" <lm-cs.enc <mlmsso17.pfb
cs-mlmsso8 MLMSans8-Oblique "enclmcs ReEncodeFont" <lm-cs.enc <mlmsso8.pfb
cs-mlmsso9 MLMSans9-Oblique "enclmcs ReEncodeFont" <lm-cs.enc <mlmsso9.pfb
cs-mlmssq8 MLMSansQuot8-Regular "enclmcs ReEncodeFont" <lm-cs.enc <mlmssq8.pfb
cs-mlmssqbo8 MLMSansQuot8-BoldOblique "enclmcs ReEncodeFont" <lm-cs.enc <mlmssqbo8.pfb
cs-mlmssqbx8 MLMSansQuot8-Bold "enclmcs ReEncodeFont" <lm-cs.enc <mlmssqbx8.pfb
cs-mlmssqo8 MLMSansQuot8-Oblique "enclmcs ReEncodeFont" <lm-cs.enc <mlmssqo8.pfb
cs-mlmtcsc10 MLMMonoCaps10-Regular "enclmcstt ReEncodeFont" <lm-cstt.enc <mlmtcsc10.pfb
cs-mlmtcso10 MLMMonoCaps10-Oblique "enclmcstt ReEncodeFont" <lm-cstt.enc <mlmtcso10.pfb
cs-mlmtk10 MLMMonoLt10-Bold "enclmcstt ReEncodeFont" <lm-cstt.enc <mlmtk10.pfb
cs-mlmtko10 MLMMonoLt10-BoldOblique "enclmcstt ReEncodeFont" <lm-cstt.enc <mlmtko10.pfb
cs-mlmtl10 MLMMonoLt10-Regular "enclmcstt ReEncodeFont" <lm-cstt.enc <mlmtl10.pfb
cs-mlmtlc10 MLMMonoLtCond10-Regular "enclmcstt ReEncodeFont" <lm-cstt.enc <mlmtlc10.pfb
cs-mlmtlco10 MLMMonoLtCond10-Oblique "enclmcstt ReEncodeFont" <lm-cstt.enc <mlmtlco10.pfb
cs-mlmtlo10 MLMMonoLt10-Oblique "enclmcstt ReEncodeFont" <lm-cstt.enc <mlmtlo10.pfb
cs-mlmtt10 MLMMono10-Regular "enclmcstt ReEncodeFont" <lm-cstt.enc <mlmtt10.pfb
cs-mlmtt12 MLMMono12-Regular "enclmcstt ReEncodeFont" <lm-cstt.enc <mlmtt12.pfb
cs-mlmtt8 MLMMono8-Regular "enclmcstt ReEncodeFont" <lm-cstt.enc <mlmtt8.pfb
cs-mlmtt9 MLMMono9-Regular "enclmcstt ReEncodeFont" <lm-cstt.enc <mlmtt9.pfb
cs-mlmtti10 MLMMono10-Italic "enclmcstt ReEncodeFont" <lm-cstt.enc <mlmtti10.pfb
cs-mlmtto10 MLMMonoSlant10-Regular "enclmcstt ReEncodeFont" <lm-cstt.enc <mlmtto10.pfb
cs-mlmu10 MLMRomanUnsl10-Regular "enclmcs ReEncodeFont" <lm-cs.enc <mlmu10.pfb
cs-mlmvtk10 MLMMonoPropLt10-Bold "enclmcs ReEncodeFont" <lm-cs.enc <mlmvtk10.pfb
cs-mlmvtko10 MLMMonoPropLt10-BoldOblique "enclmcs ReEncodeFont" <lm-cs.enc <mlmvtko10.pfb
cs-mlmvtl10 MLMMonoPropLt10-Regular "enclmcs ReEncodeFont" <lm-cs.enc <mlmvtl10.pfb
cs-mlmvtlo10 MLMMonoPropLt10-Oblique "enclmcs ReEncodeFont" <lm-cs.enc <mlmvtlo10.pfb
cs-mlmvtt10 MLMMonoProp10-Regular "enclmcs ReEncodeFont" <lm-cs.enc <mlmvtt10.pfb
cs-mlmvtto10 MLMMonoProp10-Oblique "enclmcs ReEncodeFont" <lm-cs.enc <mlmvtto10.pfb
ec-mlmb10 MLMRomanDemi10-Regular "enclmec ReEncodeFont" <lm-ec.enc <mlmb10.pfb
ec-mlmbo10 MLMRomanDemi10-Oblique "enclmec ReEncodeFont" <lm-ec.enc <mlmbo10.pfb
ec-mlmbx10 MLMRoman10-Bold "enclmec ReEncodeFont" <lm-ec.enc <mlmbx10.pfb
ec-mlmbx12 MLMRoman12-Bold "enclmec ReEncodeFont" <lm-ec.enc <mlmbx12.pfb
ec-mlmbx5 MLMRoman5-Bold "enclmec ReEncodeFont" <lm-ec.enc <mlmbx5.pfb
ec-mlmbx6 MLMRoman6-Bold "enclmec ReEncodeFont" <lm-ec.enc <mlmbx6.pfb
ec-mlmbx7 MLMRoman7-Bold "enclmec ReEncodeFont" <lm-ec.enc <mlmbx7.pfb
ec-mlmbx8 MLMRoman8-Bold "enclmec ReEncodeFont" <lm-ec.enc <mlmbx8.pfb
ec-mlmbx9 MLMRoman9-Bold "enclmec ReEncodeFont" <lm-ec.enc <mlmbx9.pfb
ec-mlmbxi10 MLMRoman10-BoldItalic "enclmec ReEncodeFont" <lm-ec.enc <mlmbxi10.pfb
ec-mlmbxo10 MLMRomanSlant10-Bold "enclmec ReEncodeFont" <lm-ec.enc <mlmbxo10.pfb
ec-mlmcsc10 MLMRomanCaps10-Regular "enclmec ReEncodeFont" <lm-ec.enc <mlmcsc10.pfb
ec-mlmcsco10 MLMRomanCaps10-Oblique "enclmec ReEncodeFont" <lm-ec.enc <mlmcsco10.pfb
ec-mlmdunh10 MLMRomanDunh10-Regular "enclmec ReEncodeFont" <lm-ec.enc <mlmdunh10.pfb
ec-mlmduno10 MLMRomanDunh10-Oblique "enclmec ReEncodeFont" <lm-ec.enc <mlmduno10.pfb
ec-mlmr10 MLMRoman10-Regular "enclmec ReEncodeFont" <lm-ec.enc <mlmr10.pfb
ec-mlmr12 MLMRoman12-Regular "enclmec ReEncodeFont" <lm-ec.enc <mlmr12.pfb
ec-mlmr17 MLMRoman17-Regular "enclmec ReEncodeFont" <lm-ec.enc <mlmr17.pfb
ec-mlmr5 MLMRoman5-Regular "enclmec ReEncodeFont" <lm-ec.enc <mlmr5.pfb
ec-mlmr6 MLMRoman6-Regular "enclmec ReEncodeFont" <lm-ec.enc <mlmr6.pfb
ec-mlmr7 MLMRoman7-Regular "enclmec ReEncodeFont" <lm-ec.enc <mlmr7.pfb
ec-mlmr8 MLMRoman8-Regular "enclmec ReEncodeFont" <lm-ec.enc <mlmr8.pfb
ec-mlmr9 MLMRoman9-Regular "enclmec ReEncodeFont" <lm-ec.enc <mlmr9.pfb
ec-mlmri10 MLMRoman10-Italic "enclmec ReEncodeFont" <lm-ec.enc <mlmri10.pfb
ec-mlmri12 MLMRoman12-Italic "enclmec ReEncodeFont" <lm-ec.enc <mlmri12.pfb
ec-mlmri7 MLMRoman7-Italic "enclmec ReEncodeFont" <lm-ec.enc <mlmri7.pfb
ec-mlmri8 MLMRoman8-Italic "enclmec ReEncodeFont" <lm-ec.enc <mlmri8.pfb
ec-mlmri9 MLMRoman9-Italic "enclmec ReEncodeFont" <lm-ec.enc <mlmri9.pfb
ec-mlmro10 MLMRomanSlant10-Regular "enclmec ReEncodeFont" <lm-ec.enc <mlmro10.pfb
ec-mlmro12 MLMRomanSlant12-Regular "enclmec ReEncodeFont" <lm-ec.enc <mlmro12.pfb
ec-mlmro17 MLMRomanSlant17-Regular "enclmec ReEncodeFont" <lm-ec.enc <mlmro17.pfb
ec-mlmro8 MLMRomanSlant8-Regular "enclmec ReEncodeFont" <lm-ec.enc <mlmro8.pfb
ec-mlmro9 MLMRomanSlant9-Regular "enclmec ReEncodeFont" <lm-ec.enc <mlmro9.pfb
ec-mlmss10 MLMSans10-Regular "enclmec ReEncodeFont" <lm-ec.enc <mlmss10.pfb
ec-mlmss12 MLMSans12-Regular "enclmec ReEncodeFont" <lm-ec.enc <mlmss12.pfb
ec-mlmss17 MLMSans17-Regular "enclmec ReEncodeFont" <lm-ec.enc <mlmss17.pfb
ec-mlmss8 MLMSans8-Regular "enclmec ReEncodeFont" <lm-ec.enc <mlmss8.pfb
ec-mlmss9 MLMSans9-Regular "enclmec ReEncodeFont" <lm-ec.enc <mlmss9.pfb
ec-mlmssbo10 MLMSans10-BoldOblique "enclmec ReEncodeFont" <lm-ec.enc <mlmssbo10.pfb
ec-mlmssbx10 MLMSans10-Bold "enclmec ReEncodeFont" <lm-ec.enc <mlmssbx10.pfb
ec-mlmssdc10 MLMSansDemiCond10-Regular "enclmec ReEncodeFont" <lm-ec.enc <mlmssdc10.pfb
ec-mlmssdo10 MLMSansDemiCond10-Oblique "enclmec ReEncodeFont" <lm-ec.enc <mlmssdo10.pfb
ec-mlmsso10 MLMSans10-Oblique "enclmec ReEncodeFont" <lm-ec.enc <mlmsso10.pfb
ec-mlmsso12 MLMSans12-Oblique "enclmec ReEncodeFont" <lm-ec.enc <mlmsso12.pfb
ec-mlmsso17 MLMSans17-Oblique "enclmec ReEncodeFont" <lm-ec.enc <mlmsso17.pfb
ec-mlmsso8 MLMSans8-Oblique "enclmec ReEncodeFont" <lm-ec.enc <mlmsso8.pfb
ec-mlmsso9 MLMSans9-Oblique "enclmec ReEncodeFont" <lm-ec.enc <mlmsso9.pfb
ec-mlmssq8 MLMSansQuot8-Regular "enclmec ReEncodeFont" <lm-ec.enc <mlmssq8.pfb
ec-mlmssqbo8 MLMSansQuot8-BoldOblique "enclmec ReEncodeFont" <lm-ec.enc <mlmssqbo8.pfb
ec-mlmssqbx8 MLMSansQuot8-Bold "enclmec ReEncodeFont" <lm-ec.enc <mlmssqbx8.pfb
ec-mlmssqo8 MLMSansQuot8-Oblique "enclmec ReEncodeFont" <lm-ec.enc <mlmssqo8.pfb
ec-mlmtcsc10 MLMMonoCaps10-Regular "enclmec ReEncodeFont" <lm-ec.enc <mlmtcsc10.pfb
ec-mlmtcso10 MLMMonoCaps10-Oblique "enclmec ReEncodeFont" <lm-ec.enc <mlmtcso10.pfb
ec-mlmtk10 MLMMonoLt10-Bold "enclmec ReEncodeFont" <lm-ec.enc <mlmtk10.pfb
ec-mlmtko10 MLMMonoLt10-BoldOblique "enclmec ReEncodeFont" <lm-ec.enc <mlmtko10.pfb
ec-mlmtl10 MLMMonoLt10-Regular "enclmec ReEncodeFont" <lm-ec.enc <mlmtl10.pfb
ec-mlmtlc10 MLMMonoLtCond10-Regular "enclmec ReEncodeFont" <lm-ec.enc <mlmtlc10.pfb
ec-mlmtlco10 MLMMonoLtCond10-Oblique "enclmec ReEncodeFont" <lm-ec.enc <mlmtlco10.pfb
ec-mlmtlo10 MLMMonoLt10-Oblique "enclmec ReEncodeFont" <lm-ec.enc <mlmtlo10.pfb
ec-mlmtt10 MLMMono10-Regular "enclmec ReEncodeFont" <lm-ec.enc <mlmtt10.pfb
ec-mlmtt12 MLMMono12-Regular "enclmec ReEncodeFont" <lm-ec.enc <mlmtt12.pfb
ec-mlmtt8 MLMMono8-Regular "enclmec ReEncodeFont" <lm-ec.enc <mlmtt8.pfb
ec-mlmtt9 MLMMono9-Regular "enclmec ReEncodeFont" <lm-ec.enc <mlmtt9.pfb
ec-mlmtti10 MLMMono10-Italic "enclmec ReEncodeFont" <lm-ec.enc <mlmtti10.pfb
ec-mlmtto10 MLMMonoSlant10-Regular "enclmec ReEncodeFont" <lm-ec.enc <mlmtto10.pfb
ec-mlmu10 MLMRomanUnsl10-Regular "enclmec ReEncodeFont" <lm-ec.enc <mlmu10.pfb
ec-mlmvtk10 MLMMonoPropLt10-Bold "enclmec ReEncodeFont" <lm-ec.enc <mlmvtk10.pfb
ec-mlmvtko10 MLMMonoPropLt10-BoldOblique "enclmec ReEncodeFont" <lm-ec.enc <mlmvtko10.pfb
ec-mlmvtl10 MLMMonoPropLt10-Regular "enclmec ReEncodeFont" <lm-ec.enc <mlmvtl10.pfb
ec-mlmvtlo10 MLMMonoPropLt10-Oblique "enclmec ReEncodeFont" <lm-ec.enc <mlmvtlo10.pfb
ec-mlmvtt10 MLMMonoProp10-Regular "enclmec ReEncodeFont" <lm-ec.enc <mlmvtt10.pfb
ec-mlmvtto10 MLMMonoProp10-Oblique "enclmec ReEncodeFont" <lm-ec.enc <mlmvtto10.pfb
l7x-mlmb10 MLMRomanDemi10-Regular "enclml7x ReEncodeFont" <lm-l7x.enc <mlmb10.pfb
l7x-mlmbo10 MLMRomanDemi10-Oblique "enclml7x ReEncodeFont" <lm-l7x.enc <mlmbo10.pfb
l7x-mlmbx10 MLMRoman10-Bold "enclml7x ReEncodeFont" <lm-l7x.enc <mlmbx10.pfb
l7x-mlmbx12 MLMRoman12-Bold "enclml7x ReEncodeFont" <lm-l7x.enc <mlmbx12.pfb
l7x-mlmbx5 MLMRoman5-Bold "enclml7x ReEncodeFont" <lm-l7x.enc <mlmbx5.pfb
l7x-mlmbx6 MLMRoman6-Bold "enclml7x ReEncodeFont" <lm-l7x.enc <mlmbx6.pfb
l7x-mlmbx7 MLMRoman7-Bold "enclml7x ReEncodeFont" <lm-l7x.enc <mlmbx7.pfb
l7x-mlmbx8 MLMRoman8-Bold "enclml7x ReEncodeFont" <lm-l7x.enc <mlmbx8.pfb
l7x-mlmbx9 MLMRoman9-Bold "enclml7x ReEncodeFont" <lm-l7x.enc <mlmbx9.pfb
l7x-mlmbxi10 MLMRoman10-BoldItalic "enclml7x ReEncodeFont" <lm-l7x.enc <mlmbxi10.pfb
l7x-mlmbxo10 MLMRomanSlant10-Bold "enclml7x ReEncodeFont" <lm-l7x.enc <mlmbxo10.pfb
l7x-mlmcsc10 MLMRomanCaps10-Regular "enclml7x ReEncodeFont" <lm-l7x.enc <mlmcsc10.pfb
l7x-mlmcsco10 MLMRomanCaps10-Oblique "enclml7x ReEncodeFont" <lm-l7x.enc <mlmcsco10.pfb
l7x-mlmdunh10 MLMRomanDunh10-Regular "enclml7x ReEncodeFont" <lm-l7x.enc <mlmdunh10.pfb
l7x-mlmduno10 MLMRomanDunh10-Oblique "enclml7x ReEncodeFont" <lm-l7x.enc <mlmduno10.pfb
l7x-mlmr10 MLMRoman10-Regular "enclml7x ReEncodeFont" <lm-l7x.enc <mlmr10.pfb
l7x-mlmr12 MLMRoman12-Regular "enclml7x ReEncodeFont" <lm-l7x.enc <mlmr12.pfb
l7x-mlmr17 MLMRoman17-Regular "enclml7x ReEncodeFont" <lm-l7x.enc <mlmr17.pfb
l7x-mlmr5 MLMRoman5-Regular "enclml7x ReEncodeFont" <lm-l7x.enc <mlmr5.pfb
l7x-mlmr6 MLMRoman6-Regular "enclml7x ReEncodeFont" <lm-l7x.enc <mlmr6.pfb
l7x-mlmr7 MLMRoman7-Regular "enclml7x ReEncodeFont" <lm-l7x.enc <mlmr7.pfb
l7x-mlmr8 MLMRoman8-Regular "enclml7x ReEncodeFont" <lm-l7x.enc <mlmr8.pfb
l7x-mlmr9 MLMRoman9-Regular "enclml7x ReEncodeFont" <lm-l7x.enc <mlmr9.pfb
l7x-mlmri10 MLMRoman10-Italic "enclml7x ReEncodeFont" <lm-l7x.enc <mlmri10.pfb
l7x-mlmri12 MLMRoman12-Italic "enclml7x ReEncodeFont" <lm-l7x.enc <mlmri12.pfb
l7x-mlmri7 MLMRoman7-Italic "enclml7x ReEncodeFont" <lm-l7x.enc <mlmri7.pfb
l7x-mlmri8 MLMRoman8-Italic "enclml7x ReEncodeFont" <lm-l7x.enc <mlmri8.pfb
l7x-mlmri9 MLMRoman9-Italic "enclml7x ReEncodeFont" <lm-l7x.enc <mlmri9.pfb
l7x-mlmro10 MLMRomanSlant10-Regular "enclml7x ReEncodeFont" <lm-l7x.enc <mlmro10.pfb
l7x-mlmro12 MLMRomanSlant12-Regular "enclml7x ReEncodeFont" <lm-l7x.enc <mlmro12.pfb
l7x-mlmro17 MLMRomanSlant17-Regular "enclml7x ReEncodeFont" <lm-l7x.enc <mlmro17.pfb
l7x-mlmro8 MLMRomanSlant8-Regular "enclml7x ReEncodeFont" <lm-l7x.enc <mlmro8.pfb
l7x-mlmro9 MLMRomanSlant9-Regular "enclml7x ReEncodeFont" <lm-l7x.enc <mlmro9.pfb
l7x-mlmss10 MLMSans10-Regular "enclml7x ReEncodeFont" <lm-l7x.enc <mlmss10.pfb
l7x-mlmss12 MLMSans12-Regular "enclml7x ReEncodeFont" <lm-l7x.enc <mlmss12.pfb
l7x-mlmss17 MLMSans17-Regular "enclml7x ReEncodeFont" <lm-l7x.enc <mlmss17.pfb
l7x-mlmss8 MLMSans8-Regular "enclml7x ReEncodeFont" <lm-l7x.enc <mlmss8.pfb
l7x-mlmss9 MLMSans9-Regular "enclml7x ReEncodeFont" <lm-l7x.enc <mlmss9.pfb
l7x-mlmssbo10 MLMSans10-BoldOblique "enclml7x ReEncodeFont" <lm-l7x.enc <mlmssbo10.pfb
l7x-mlmssbx10 MLMSans10-Bold "enclml7x ReEncodeFont" <lm-l7x.enc <mlmssbx10.pfb
l7x-mlmssdc10 MLMSansDemiCond10-Regular "enclml7x ReEncodeFont" <lm-l7x.enc <mlmssdc10.pfb
l7x-mlmssdo10 MLMSansDemiCond10-Oblique "enclml7x ReEncodeFont" <lm-l7x.enc <mlmssdo10.pfb
l7x-mlmsso10 MLMSans10-Oblique "enclml7x ReEncodeFont" <lm-l7x.enc <mlmsso10.pfb
l7x-mlmsso12 MLMSans12-Oblique "enclml7x ReEncodeFont" <lm-l7x.enc <mlmsso12.pfb
l7x-mlmsso17 MLMSans17-Oblique "enclml7x ReEncodeFont" <lm-l7x.enc <mlmsso17.pfb
l7x-mlmsso8 MLMSans8-Oblique "enclml7x ReEncodeFont" <lm-l7x.enc <mlmsso8.pfb
l7x-mlmsso9 MLMSans9-Oblique "enclml7x ReEncodeFont" <lm-l7x.enc <mlmsso9.pfb
l7x-mlmssq8 MLMSansQuot8-Regular "enclml7x ReEncodeFont" <lm-l7x.enc <mlmssq8.pfb
l7x-mlmssqbo8 MLMSansQuot8-BoldOblique "enclml7x ReEncodeFont" <lm-l7x.enc <mlmssqbo8.pfb
l7x-mlmssqbx8 MLMSansQuot8-Bold "enclml7x ReEncodeFont" <lm-l7x.enc <mlmssqbx8.pfb
l7x-mlmssqo8 MLMSansQuot8-Oblique "enclml7x ReEncodeFont" <lm-l7x.enc <mlmssqo8.pfb
l7x-mlmtcsc10 MLMMonoCaps10-Regular "enclml7x ReEncodeFont" <lm-l7x.enc <mlmtcsc10.pfb
l7x-mlmtcso10 MLMMonoCaps10-Oblique "enclml7x ReEncodeFont" <lm-l7x.enc <mlmtcso10.pfb
l7x-mlmtk10 MLMMonoLt10-Bold "enclml7x ReEncodeFont" <lm-l7x.enc <mlmtk10.pfb
l7x-mlmtko10 MLMMonoLt10-BoldOblique "enclml7x ReEncodeFont" <lm-l7x.enc <mlmtko10.pfb
l7x-mlmtl10 MLMMonoLt10-Regular "enclml7x ReEncodeFont" <lm-l7x.enc <mlmtl10.pfb
l7x-mlmtlc10 MLMMonoLtCond10-Regular "enclml7x ReEncodeFont" <lm-l7x.enc <mlmtlc10.pfb
l7x-mlmtlco10 MLMMonoLtCond10-Oblique "enclml7x ReEncodeFont" <lm-l7x.enc <mlmtlco10.pfb
l7x-mlmtlo10 MLMMonoLt10-Oblique "enclml7x ReEncodeFont" <lm-l7x.enc <mlmtlo10.pfb
l7x-mlmtt10 MLMMono10-Regular "enclml7x ReEncodeFont" <lm-l7x.enc <mlmtt10.pfb
l7x-mlmtt12 MLMMono12-Regular "enclml7x ReEncodeFont" <lm-l7x.enc <mlmtt12.pfb
l7x-mlmtt8 MLMMono8-Regular "enclml7x ReEncodeFont" <lm-l7x.enc <mlmtt8.pfb
l7x-mlmtt9 MLMMono9-Regular "enclml7x ReEncodeFont" <lm-l7x.enc <mlmtt9.pfb
l7x-mlmtti10 MLMMono10-Italic "enclml7x ReEncodeFont" <lm-l7x.enc <mlmtti10.pfb
l7x-mlmtto10 MLMMonoSlant10-Regular "enclml7x ReEncodeFont" <lm-l7x.enc <mlmtto10.pfb
l7x-mlmu10 MLMRomanUnsl10-Regular "enclml7x ReEncodeFont" <lm-l7x.enc <mlmu10.pfb
l7x-mlmvtk10 MLMMonoPropLt10-Bold "enclml7x ReEncodeFont" <lm-l7x.enc <mlmvtk10.pfb
l7x-mlmvtko10 MLMMonoPropLt10-BoldOblique "enclml7x ReEncodeFont" <lm-l7x.enc <mlmvtko10.pfb
l7x-mlmvtl10 MLMMonoPropLt10-Regular "enclml7x ReEncodeFont" <lm-l7x.enc <mlmvtl10.pfb
l7x-mlmvtlo10 MLMMonoPropLt10-Oblique "enclml7x ReEncodeFont" <lm-l7x.enc <mlmvtlo10.pfb
l7x-mlmvtt10 MLMMonoProp10-Regular "enclml7x ReEncodeFont" <lm-l7x.enc <mlmvtt10.pfb
l7x-mlmvtto10 MLMMonoProp10-Oblique "enclml7x ReEncodeFont" <lm-l7x.enc <mlmvtto10.pfb
qx-mlmb10 MLMRomanDemi10-Regular "enclmqx ReEncodeFont" <lm-qx.enc <mlmb10.pfb
qx-mlmbo10 MLMRomanDemi10-Oblique "enclmqx ReEncodeFont" <lm-qx.enc <mlmbo10.pfb
qx-mlmbx10 MLMRoman10-Bold "enclmqx ReEncodeFont" <lm-qx.enc <mlmbx10.pfb
qx-mlmbx12 MLMRoman12-Bold "enclmqx ReEncodeFont" <lm-qx.enc <mlmbx12.pfb
qx-mlmbx5 MLMRoman5-Bold "enclmqx ReEncodeFont" <lm-qx.enc <mlmbx5.pfb
qx-mlmbx6 MLMRoman6-Bold "enclmqx ReEncodeFont" <lm-qx.enc <mlmbx6.pfb
qx-mlmbx7 MLMRoman7-Bold "enclmqx ReEncodeFont" <lm-qx.enc <mlmbx7.pfb
qx-mlmbx8 MLMRoman8-Bold "enclmqx ReEncodeFont" <lm-qx.enc <mlmbx8.pfb
qx-mlmbx9 MLMRoman9-Bold "enclmqx ReEncodeFont" <lm-qx.enc <mlmbx9.pfb
qx-mlmbxi10 MLMRoman10-BoldItalic "enclmqx ReEncodeFont" <lm-qx.enc <mlmbxi10.pfb
qx-mlmbxo10 MLMRomanSlant10-Bold "enclmqx ReEncodeFont" <lm-qx.enc <mlmbxo10.pfb
qx-mlmcsc10 MLMRomanCaps10-Regular "enclmqxsc ReEncodeFont" <lm-qxsc.enc <mlmcsc10.pfb
qx-mlmcsco10 MLMRomanCaps10-Oblique "enclmqxsc ReEncodeFont" <lm-qxsc.enc <mlmcsco10.pfb
qx-mlmdunh10 MLMRomanDunh10-Regular "enclmqx ReEncodeFont" <lm-qx.enc <mlmdunh10.pfb
qx-mlmduno10 MLMRomanDunh10-Oblique "enclmqx ReEncodeFont" <lm-qx.enc <mlmduno10.pfb
qx-mlmr10 MLMRoman10-Regular "enclmqx ReEncodeFont" <lm-qx.enc <mlmr10.pfb
qx-mlmr12 MLMRoman12-Regular "enclmqx ReEncodeFont" <lm-qx.enc <mlmr12.pfb
qx-mlmr17 MLMRoman17-Regular "enclmqx ReEncodeFont" <lm-qx.enc <mlmr17.pfb
qx-mlmr5 MLMRoman5-Regular "enclmqx ReEncodeFont" <lm-qx.enc <mlmr5.pfb
qx-mlmr6 MLMRoman6-Regular "enclmqx ReEncodeFont" <lm-qx.enc <mlmr6.pfb
qx-mlmr7 MLMRoman7-Regular "enclmqx ReEncodeFont" <lm-qx.enc <mlmr7.pfb
qx-mlmr8 MLMRoman8-Regular "enclmqx ReEncodeFont" <lm-qx.enc <mlmr8.pfb
qx-mlmr9 MLMRoman9-Regular "enclmqx ReEncodeFont" <lm-qx.enc <mlmr9.pfb
qx-mlmri10 MLMRoman10-Italic "enclmqx ReEncodeFont" <lm-qx.enc <mlmri10.pfb
qx-mlmri12 MLMRoman12-Italic "enclmqx ReEncodeFont" <lm-qx.enc <mlmri12.pfb
qx-mlmri7 MLMRoman7-Italic "enclmqx ReEncodeFont" <lm-qx.enc <mlmri7.pfb
qx-mlmri8 MLMRoman8-Italic "enclmqx ReEncodeFont" <lm-qx.enc <mlmri8.pfb
qx-mlmri9 MLMRoman9-Italic "enclmqx ReEncodeFont" <lm-qx.enc <mlmri9.pfb
qx-mlmro10 MLMRomanSlant10-Regular "enclmqx ReEncodeFont" <lm-qx.enc <mlmro10.pfb
qx-mlmro12 MLMRomanSlant12-Regular "enclmqx ReEncodeFont" <lm-qx.enc <mlmro12.pfb
qx-mlmro17 MLMRomanSlant17-Regular "enclmqx ReEncodeFont" <lm-qx.enc <mlmro17.pfb
qx-mlmro8 MLMRomanSlant8-Regular "enclmqx ReEncodeFont" <lm-qx.enc <mlmro8.pfb
qx-mlmro9 MLMRomanSlant9-Regular "enclmqx ReEncodeFont" <lm-qx.enc <mlmro9.pfb
qx-mlmss10 MLMSans10-Regular "enclmqx ReEncodeFont" <lm-qx.enc <mlmss10.pfb
qx-mlmss12 MLMSans12-Regular "enclmqx ReEncodeFont" <lm-qx.enc <mlmss12.pfb
qx-mlmss17 MLMSans17-Regular "enclmqx ReEncodeFont" <lm-qx.enc <mlmss17.pfb
qx-mlmss8 MLMSans8-Regular "enclmqx ReEncodeFont" <lm-qx.enc <mlmss8.pfb
qx-mlmss9 MLMSans9-Regular "enclmqx ReEncodeFont" <lm-qx.enc <mlmss9.pfb
qx-mlmssbo10 MLMSans10-BoldOblique "enclmqx ReEncodeFont" <lm-qx.enc <mlmssbo10.pfb
qx-mlmssbx10 MLMSans10-Bold "enclmqx ReEncodeFont" <lm-qx.enc <mlmssbx10.pfb
qx-mlmssdc10 MLMSansDemiCond10-Regular "enclmqx ReEncodeFont" <lm-qx.enc <mlmssdc10.pfb
qx-mlmssdo10 MLMSansDemiCond10-Oblique "enclmqx ReEncodeFont" <lm-qx.enc <mlmssdo10.pfb
qx-mlmsso10 MLMSans10-Oblique "enclmqx ReEncodeFont" <lm-qx.enc <mlmsso10.pfb
qx-mlmsso12 MLMSans12-Oblique "enclmqx ReEncodeFont" <lm-qx.enc <mlmsso12.pfb
qx-mlmsso17 MLMSans17-Oblique "enclmqx ReEncodeFont" <lm-qx.enc <mlmsso17.pfb
qx-mlmsso8 MLMSans8-Oblique "enclmqx ReEncodeFont" <lm-qx.enc <mlmsso8.pfb
qx-mlmsso9 MLMSans9-Oblique "enclmqx ReEncodeFont" <lm-qx.enc <mlmsso9.pfb
qx-mlmssq8 MLMSansQuot8-Regular "enclmqx ReEncodeFont" <lm-qx.enc <mlmssq8.pfb
qx-mlmssqbo8 MLMSansQuot8-BoldOblique "enclmqx ReEncodeFont" <lm-qx.enc <mlmssqbo8.pfb
qx-mlmssqbx8 MLMSansQuot8-Bold "enclmqx ReEncodeFont" <lm-qx.enc <mlmssqbx8.pfb
qx-mlmssqo8 MLMSansQuot8-Oblique "enclmqx ReEncodeFont" <lm-qx.enc <mlmssqo8.pfb
qx-mlmtcsc10 MLMMonoCaps10-Regular "enclmqxtt ReEncodeFont" <lm-qxtt.enc <mlmtcsc10.pfb
qx-mlmtcso10 MLMMonoCaps10-Oblique "enclmqxtt ReEncodeFont" <lm-qxtt.enc <mlmtcso10.pfb
qx-mlmtk10 MLMMonoLt10-Bold "enclmqxtt ReEncodeFont" <lm-qxtt.enc <mlmtk10.pfb
qx-mlmtko10 MLMMonoLt10-BoldOblique "enclmqxtt ReEncodeFont" <lm-qxtt.enc <mlmtko10.pfb
qx-mlmtl10 MLMMonoLt10-Regular "enclmqxtt ReEncodeFont" <lm-qxtt.enc <mlmtl10.pfb
qx-mlmtlc10 MLMMonoLtCond10-Regular "enclmqxtt ReEncodeFont" <lm-qxtt.enc <mlmtlc10.pfb
qx-mlmtlco10 MLMMonoLtCond10-Oblique "enclmqxtt ReEncodeFont" <lm-qxtt.enc <mlmtlco10.pfb
qx-mlmtlo10 MLMMonoLt10-Oblique "enclmqxtt ReEncodeFont" <lm-qxtt.enc <mlmtlo10.pfb
qx-mlmtt10 MLMMono10-Regular "enclmqxtt ReEncodeFont" <lm-qxtt.enc <mlmtt10.pfb
qx-mlmtt12 MLMMono12-Regular "enclmqxtt ReEncodeFont" <lm-qxtt.enc <mlmtt12.pfb
qx-mlmtt8 MLMMono8-Regular "enclmqxtt ReEncodeFont" <lm-qxtt.enc <mlmtt8.pfb
qx-mlmtt9 MLMMono9-Regular "enclmqxtt ReEncodeFont" <lm-qxtt.enc <mlmtt9.pfb
qx-mlmtti10 MLMMono10-Italic "enclmqxtt ReEncodeFont" <lm-qxtt.enc <mlmtti10.pfb
qx-mlmtto10 MLMMonoSlant10-Regular "enclmqxtt ReEncodeFont" <lm-qxtt.enc <mlmtto10.pfb
qx-mlmu10 MLMRomanUnsl10-Regular "enclmqx ReEncodeFont" <lm-qx.enc <mlmu10.pfb
qx-mlmvtk10 MLMMonoPropLt10-Bold "enclmqx ReEncodeFont" <lm-qx.enc <mlmvtk10.pfb
qx-mlmvtko10 MLMMonoPropLt10-BoldOblique "enclmqx ReEncodeFont" <lm-qx.enc <mlmvtko10.pfb
qx-mlmvtl10 MLMMonoPropLt10-Regular "enclmqx ReEncodeFont" <lm-qx.enc <mlmvtl10.pfb
qx-mlmvtlo10 MLMMonoPropLt10-Oblique "enclmqx ReEncodeFont" <lm-qx.enc <mlmvtlo10.pfb
qx-mlmvtt10 MLMMonoProp10-Regular "enclmqx ReEncodeFont" <lm-qx.enc <mlmvtt10.pfb
qx-mlmvtto10 MLMMonoProp10-Oblique "enclmqx ReEncodeFont" <lm-qx.enc <mlmvtto10.pfb
rm-mlmb10 MLMRomanDemi10-Regular "enclmrm ReEncodeFont" <lm-rm.enc <mlmb10.pfb
rm-mlmbo10 MLMRomanDemi10-Oblique "enclmrm ReEncodeFont" <lm-rm.enc <mlmbo10.pfb
rm-mlmbx10 MLMRoman10-Bold "enclmrm ReEncodeFont" <lm-rm.enc <mlmbx10.pfb
rm-mlmbx12 MLMRoman12-Bold "enclmrm ReEncodeFont" <lm-rm.enc <mlmbx12.pfb
rm-mlmbx5 MLMRoman5-Bold "enclmrm ReEncodeFont" <lm-rm.enc <mlmbx5.pfb
rm-mlmbx6 MLMRoman6-Bold "enclmrm ReEncodeFont" <lm-rm.enc <mlmbx6.pfb
rm-mlmbx7 MLMRoman7-Bold "enclmrm ReEncodeFont" <lm-rm.enc <mlmbx7.pfb
rm-mlmbx8 MLMRoman8-Bold "enclmrm ReEncodeFont" <lm-rm.enc <mlmbx8.pfb
rm-mlmbx9 MLMRoman9-Bold "enclmrm ReEncodeFont" <lm-rm.enc <mlmbx9.pfb
rm-mlmbxi10 MLMRoman10-BoldItalic "enclmrm ReEncodeFont" <lm-rm.enc <mlmbxi10.pfb
rm-mlmbxo10 MLMRomanSlant10-Bold "enclmrm ReEncodeFont" <lm-rm.enc <mlmbxo10.pfb
rm-mlmcsc10 MLMRomanCaps10-Regular "enclmrmsc ReEncodeFont" <lm-rmsc.enc <mlmcsc10.pfb
rm-mlmcsco10 MLMRomanCaps10-Oblique "enclmrmsc ReEncodeFont" <lm-rmsc.enc <mlmcsco10.pfb
rm-mlmdunh10 MLMRomanDunh10-Regular "enclmrm ReEncodeFont" <lm-rm.enc <mlmdunh10.pfb
rm-mlmduno10 MLMRomanDunh10-Oblique "enclmrm ReEncodeFont" <lm-rm.enc <mlmduno10.pfb
rm-mlmr10 MLMRoman10-Regular "enclmrm ReEncodeFont" <lm-rm.enc <mlmr10.pfb
rm-mlmr12 MLMRoman12-Regular "enclmrm ReEncodeFont" <lm-rm.enc <mlmr12.pfb
rm-mlmr17 MLMRoman17-Regular "enclmrm ReEncodeFont" <lm-rm.enc <mlmr17.pfb
rm-mlmr5 MLMRoman5-Regular "enclmrm ReEncodeFont" <lm-rm.enc <mlmr5.pfb
rm-mlmr6 MLMRoman6-Regular "enclmrm ReEncodeFont" <lm-rm.enc <mlmr6.pfb
rm-mlmr7 MLMRoman7-Regular "enclmrm ReEncodeFont" <lm-rm.enc <mlmr7.pfb
rm-mlmr8 MLMRoman8-Regular "enclmrm ReEncodeFont" <lm-rm.enc <mlmr8.pfb
rm-mlmr9 MLMRoman9-Regular "enclmrm ReEncodeFont" <lm-rm.enc <mlmr9.pfb
rm-mlmri10 MLMRoman10-Italic "enclmrm ReEncodeFont" <lm-rm.enc <mlmri10.pfb
rm-mlmri12 MLMRoman12-Italic "enclmrm ReEncodeFont" <lm-rm.enc <mlmri12.pfb
rm-mlmri7 MLMRoman7-Italic "enclmrm ReEncodeFont" <lm-rm.enc <mlmri7.pfb
rm-mlmri8 MLMRoman8-Italic "enclmrm ReEncodeFont" <lm-rm.enc <mlmri8.pfb
rm-mlmri9 MLMRoman9-Italic "enclmrm ReEncodeFont" <lm-rm.enc <mlmri9.pfb
rm-mlmro10 MLMRomanSlant10-Regular "enclmrm ReEncodeFont" <lm-rm.enc <mlmro10.pfb
rm-mlmro12 MLMRomanSlant12-Regular "enclmrm ReEncodeFont" <lm-rm.enc <mlmro12.pfb
rm-mlmro17 MLMRomanSlant17-Regular "enclmrm ReEncodeFont" <lm-rm.enc <mlmro17.pfb
rm-mlmro8 MLMRomanSlant8-Regular "enclmrm ReEncodeFont" <lm-rm.enc <mlmro8.pfb
rm-mlmro9 MLMRomanSlant9-Regular "enclmrm ReEncodeFont" <lm-rm.enc <mlmro9.pfb
rm-mlmss10 MLMSans10-Regular "enclmrm ReEncodeFont" <lm-rm.enc <mlmss10.pfb
rm-mlmss12 MLMSans12-Regular "enclmrm ReEncodeFont" <lm-rm.enc <mlmss12.pfb
rm-mlmss17 MLMSans17-Regular "enclmrm ReEncodeFont" <lm-rm.enc <mlmss17.pfb
rm-mlmss8 MLMSans8-Regular "enclmrm ReEncodeFont" <lm-rm.enc <mlmss8.pfb
rm-mlmss9 MLMSans9-Regular "enclmrm ReEncodeFont" <lm-rm.enc <mlmss9.pfb
rm-mlmssbo10 MLMSans10-BoldOblique "enclmrm ReEncodeFont" <lm-rm.enc <mlmssbo10.pfb
rm-mlmssbx10 MLMSans10-Bold "enclmrm ReEncodeFont" <lm-rm.enc <mlmssbx10.pfb
rm-mlmssdc10 MLMSansDemiCond10-Regular "enclmrm ReEncodeFont" <lm-rm.enc <mlmssdc10.pfb
rm-mlmssdo10 MLMSansDemiCond10-Oblique "enclmrm ReEncodeFont" <lm-rm.enc <mlmssdo10.pfb
rm-mlmsso10 MLMSans10-Oblique "enclmrm ReEncodeFont" <lm-rm.enc <mlmsso10.pfb
rm-mlmsso12 MLMSans12-Oblique "enclmrm ReEncodeFont" <lm-rm.enc <mlmsso12.pfb
rm-mlmsso17 MLMSans17-Oblique "enclmrm ReEncodeFont" <lm-rm.enc <mlmsso17.pfb
rm-mlmsso8 MLMSans8-Oblique "enclmrm ReEncodeFont" <lm-rm.enc <mlmsso8.pfb
rm-mlmsso9 MLMSans9-Oblique "enclmrm ReEncodeFont" <lm-rm.enc <mlmsso9.pfb
rm-mlmssq8 MLMSansQuot8-Regular "enclmrm ReEncodeFont" <lm-rm.enc <mlmssq8.pfb
rm-mlmssqbo8 MLMSansQuot8-BoldOblique "enclmrm ReEncodeFont" <lm-rm.enc <mlmssqbo8.pfb
rm-mlmssqbx8 MLMSansQuot8-Bold "enclmrm ReEncodeFont" <lm-rm.enc <mlmssqbx8.pfb
rm-mlmssqo8 MLMSansQuot8-Oblique "enclmrm ReEncodeFont" <lm-rm.enc <mlmssqo8.pfb
rm-mlmtcsc10 MLMMonoCaps10-Regular "enclmrmtt ReEncodeFont" <lm-rmtt.enc <mlmtcsc10.pfb
rm-mlmtcso10 MLMMonoCaps10-Oblique "enclmrmtt ReEncodeFont" <lm-rmtt.enc <mlmtcso10.pfb
rm-mlmtk10 MLMMonoLt10-Bold "enclmrmtt ReEncodeFont" <lm-rmtt.enc <mlmtk10.pfb
rm-mlmtko10 MLMMonoLt10-BoldOblique "enclmrmtt ReEncodeFont" <lm-rmtt.enc <mlmtko10.pfb
rm-mlmtl10 MLMMonoLt10-Regular "enclmrmtt ReEncodeFont" <lm-rmtt.enc <mlmtl10.pfb
rm-mlmtlc10 MLMMonoLtCond10-Regular "enclmrmtt ReEncodeFont" <lm-rmtt.enc <mlmtlc10.pfb
rm-mlmtlco10 MLMMonoLtCond10-Oblique "enclmrmtt ReEncodeFont" <lm-rmtt.enc <mlmtlco10.pfb
rm-mlmtlo10 MLMMonoLt10-Oblique "enclmrmtt ReEncodeFont" <lm-rmtt.enc <mlmtlo10.pfb
rm-mlmtt10 MLMMono10-Regular "enclmrmtt ReEncodeFont" <lm-rmtt.enc <mlmtt10.pfb
rm-mlmtt12 MLMMono12-Regular "enclmrmtt ReEncodeFont" <lm-rmtt.enc <mlmtt12.pfb
rm-mlmtt8 MLMMono8-Regular "enclmrmtt ReEncodeFont" <lm-rmtt.enc <mlmtt8.pfb
rm-mlmtt9 MLMMono9-Regular "enclmrmtt ReEncodeFont" <lm-rmtt.enc <mlmtt9.pfb
rm-mlmtti10 MLMMono10-Italic "enclmrmtt ReEncodeFont" <lm-rmtt.enc <mlmtti10.pfb
rm-mlmtto10 MLMMonoSlant10-Regular "enclmrmtt ReEncodeFont" <lm-rmtt.enc <mlmtto10.pfb
rm-mlmu10 MLMRomanUnsl10-Regular "enclmrm ReEncodeFont" <lm-rm.enc <mlmu10.pfb
rm-mlmvtk10 MLMMonoPropLt10-Bold "enclmrm ReEncodeFont" <lm-rm.enc <mlmvtk10.pfb
rm-mlmvtko10 MLMMonoPropLt10-BoldOblique "enclmrm ReEncodeFont" <lm-rm.enc <mlmvtko10.pfb
rm-mlmvtl10 MLMMonoPropLt10-Regular "enclmrm ReEncodeFont" <lm-rm.enc <mlmvtl10.pfb
rm-mlmvtlo10 MLMMonoPropLt10-Oblique "enclmrm ReEncodeFont" <lm-rm.enc <mlmvtlo10.pfb
rm-mlmvtt10 MLMMonoProp10-Regular "enclmrm ReEncodeFont" <lm-rm.enc <mlmvtt10.pfb
rm-mlmvtto10 MLMMonoProp10-Oblique "enclmrm ReEncodeFont" <lm-rm.enc <mlmvtto10.pfb
texnansi-mlmb10 MLMRomanDemi10-Regular "enclmtexnansi ReEncodeFont" <lm-texnansi.enc <mlmb10.pfb
texnansi-mlmbo10 MLMRomanDemi10-Oblique "enclmtexnansi ReEncodeFont" <lm-texnansi.enc <mlmbo10.pfb
texnansi-mlmbx10 MLMRoman10-Bold "enclmtexnansi ReEncodeFont" <lm-texnansi.enc <mlmbx10.pfb
texnansi-mlmbx12 MLMRoman12-Bold "enclmtexnansi ReEncodeFont" <lm-texnansi.enc <mlmbx12.pfb
texnansi-mlmbx5 MLMRoman5-Bold "enclmtexnansi ReEncodeFont" <lm-texnansi.enc <mlmbx5.pfb
texnansi-mlmbx6 MLMRoman6-Bold "enclmtexnansi ReEncodeFont" <lm-texnansi.enc <mlmbx6.pfb
texnansi-mlmbx7 MLMRoman7-Bold "enclmtexnansi ReEncodeFont" <lm-texnansi.enc <mlmbx7.pfb
texnansi-mlmbx8 MLMRoman8-Bold "enclmtexnansi ReEncodeFont" <lm-texnansi.enc <mlmbx8.pfb
texnansi-mlmbx9 MLMRoman9-Bold "enclmtexnansi ReEncodeFont" <lm-texnansi.enc <mlmbx9.pfb
texnansi-mlmbxi10 MLMRoman10-BoldItalic "enclmtexnansi ReEncodeFont" <lm-texnansi.enc <mlmbxi10.pfb
texnansi-mlmbxo10 MLMRomanSlant10-Bold "enclmtexnansi ReEncodeFont" <lm-texnansi.enc <mlmbxo10.pfb
texnansi-mlmcsc10 MLMRomanCaps10-Regular "enclmtexnansi ReEncodeFont" <lm-texnansi.enc <mlmcsc10.pfb
texnansi-mlmcsco10 MLMRomanCaps10-Oblique "enclmtexnansi ReEncodeFont" <lm-texnansi.enc <mlmcsco10.pfb
texnansi-mlmdunh10 MLMRomanDunh10-Regular "enclmtexnansi ReEncodeFont" <lm-texnansi.enc <mlmdunh10.pfb
texnansi-mlmduno10 MLMRomanDunh10-Oblique "enclmtexnansi ReEncodeFont" <lm-texnansi.enc <mlmduno10.pfb
texnansi-mlmr10 MLMRoman10-Regular "enclmtexnansi ReEncodeFont" <lm-texnansi.enc <mlmr10.pfb
texnansi-mlmr12 MLMRoman12-Regular "enclmtexnansi ReEncodeFont" <lm-texnansi.enc <mlmr12.pfb
texnansi-mlmr17 MLMRoman17-Regular "enclmtexnansi ReEncodeFont" <lm-texnansi.enc <mlmr17.pfb
texnansi-mlmr5 MLMRoman5-Regular "enclmtexnansi ReEncodeFont" <lm-texnansi.enc <mlmr5.pfb
texnansi-mlmr6 MLMRoman6-Regular "enclmtexnansi ReEncodeFont" <lm-texnansi.enc <mlmr6.pfb
texnansi-mlmr7 MLMRoman7-Regular "enclmtexnansi ReEncodeFont" <lm-texnansi.enc <mlmr7.pfb
texnansi-mlmr8 MLMRoman8-Regular "enclmtexnansi ReEncodeFont" <lm-texnansi.enc <mlmr8.pfb
texnansi-mlmr9 MLMRoman9-Regular "enclmtexnansi ReEncodeFont" <lm-texnansi.enc <mlmr9.pfb
texnansi-mlmri10 MLMRoman10-Italic "enclmtexnansi ReEncodeFont" <lm-texnansi.enc <mlmri10.pfb
texnansi-mlmri12 MLMRoman12-Italic "enclmtexnansi ReEncodeFont" <lm-texnansi.enc <mlmri12.pfb
texnansi-mlmri7 MLMRoman7-Italic "enclmtexnansi ReEncodeFont" <lm-texnansi.enc <mlmri7.pfb
texnansi-mlmri8 MLMRoman8-Italic "enclmtexnansi ReEncodeFont" <lm-texnansi.enc <mlmri8.pfb
texnansi-mlmri9 MLMRoman9-Italic "enclmtexnansi ReEncodeFont" <lm-texnansi.enc <mlmri9.pfb
texnansi-mlmro10 MLMRomanSlant10-Regular "enclmtexnansi ReEncodeFont" <lm-texnansi.enc <mlmro10.pfb
texnansi-mlmro12 MLMRomanSlant12-Regular "enclmtexnansi ReEncodeFont" <lm-texnansi.enc <mlmro12.pfb
texnansi-mlmro17 MLMRomanSlant17-Regular "enclmtexnansi ReEncodeFont" <lm-texnansi.enc <mlmro17.pfb
texnansi-mlmro8 MLMRomanSlant8-Regular "enclmtexnansi ReEncodeFont" <lm-texnansi.enc <mlmro8.pfb
texnansi-mlmro9 MLMRomanSlant9-Regular "enclmtexnansi ReEncodeFont" <lm-texnansi.enc <mlmro9.pfb
texnansi-mlmss10 MLMSans10-Regular "enclmtexnansi ReEncodeFont" <lm-texnansi.enc <mlmss10.pfb
texnansi-mlmss12 MLMSans12-Regular "enclmtexnansi ReEncodeFont" <lm-texnansi.enc <mlmss12.pfb
texnansi-mlmss17 MLMSans17-Regular "enclmtexnansi ReEncodeFont" <lm-texnansi.enc <mlmss17.pfb
texnansi-mlmss8 MLMSans8-Regular "enclmtexnansi ReEncodeFont" <lm-texnansi.enc <mlmss8.pfb
texnansi-mlmss9 MLMSans9-Regular "enclmtexnansi ReEncodeFont" <lm-texnansi.enc <mlmss9.pfb
texnansi-mlmssbo10 MLMSans10-BoldOblique "enclmtexnansi ReEncodeFont" <lm-texnansi.enc <mlmssbo10.pfb
texnansi-mlmssbx10 MLMSans10-Bold "enclmtexnansi ReEncodeFont" <lm-texnansi.enc <mlmssbx10.pfb
texnansi-mlmssdc10 MLMSansDemiCond10-Regular "enclmtexnansi ReEncodeFont" <lm-texnansi.enc <mlmssdc10.pfb
texnansi-mlmssdo10 MLMSansDemiCond10-Oblique "enclmtexnansi ReEncodeFont" <lm-texnansi.enc <mlmssdo10.pfb
texnansi-mlmsso10 MLMSans10-Oblique "enclmtexnansi ReEncodeFont" <lm-texnansi.enc <mlmsso10.pfb
texnansi-mlmsso12 MLMSans12-Oblique "enclmtexnansi ReEncodeFont" <lm-texnansi.enc <mlmsso12.pfb
texnansi-mlmsso17 MLMSans17-Oblique "enclmtexnansi ReEncodeFont" <lm-texnansi.enc <mlmsso17.pfb
texnansi-mlmsso8 MLMSans8-Oblique "enclmtexnansi ReEncodeFont" <lm-texnansi.enc <mlmsso8.pfb
texnansi-mlmsso9 MLMSans9-Oblique "enclmtexnansi ReEncodeFont" <lm-texnansi.enc <mlmsso9.pfb
texnansi-mlmssq8 MLMSansQuot8-Regular "enclmtexnansi ReEncodeFont" <lm-texnansi.enc <mlmssq8.pfb
texnansi-mlmssqbo8 MLMSansQuot8-BoldOblique "enclmtexnansi ReEncodeFont" <lm-texnansi.enc <mlmssqbo8.pfb
texnansi-mlmssqbx8 MLMSansQuot8-Bold "enclmtexnansi ReEncodeFont" <lm-texnansi.enc <mlmssqbx8.pfb
texnansi-mlmssqo8 MLMSansQuot8-Oblique "enclmtexnansi ReEncodeFont" <lm-texnansi.enc <mlmssqo8.pfb
texnansi-mlmtcsc10 MLMMonoCaps10-Regular "enclmtexnansi ReEncodeFont" <lm-texnansi.enc <mlmtcsc10.pfb
texnansi-mlmtcso10 MLMMonoCaps10-Oblique "enclmtexnansi ReEncodeFont" <lm-texnansi.enc <mlmtcso10.pfb
texnansi-mlmtk10 MLMMonoLt10-Bold "enclmtexnansi ReEncodeFont" <lm-texnansi.enc <mlmtk10.pfb
texnansi-mlmtko10 MLMMonoLt10-BoldOblique "enclmtexnansi ReEncodeFont" <lm-texnansi.enc <mlmtko10.pfb
texnansi-mlmtl10 MLMMonoLt10-Regular "enclmtexnansi ReEncodeFont" <lm-texnansi.enc <mlmtl10.pfb
texnansi-mlmtlc10 MLMMonoLtCond10-Regular "enclmtexnansi ReEncodeFont" <lm-texnansi.enc <mlmtlc10.pfb
texnansi-mlmtlco10 MLMMonoLtCond10-Oblique "enclmtexnansi ReEncodeFont" <lm-texnansi.enc <mlmtlco10.pfb
texnansi-mlmtlo10 MLMMonoLt10-Oblique "enclmtexnansi ReEncodeFont" <lm-texnansi.enc <mlmtlo10.pfb
texnansi-mlmtt10 MLMMono10-Regular "enclmtexnansi ReEncodeFont" <lm-texnansi.enc <mlmtt10.pfb
texnansi-mlmtt12 MLMMono12-Regular "enclmtexnansi ReEncodeFont" <lm-texnansi.enc <mlmtt12.pfb
texnansi-mlmtt8 MLMMono8-Regular "enclmtexnansi ReEncodeFont" <lm-texnansi.enc <mlmtt8.pfb
texnansi-mlmtt9 MLMMono9-Regular "enclmtexnansi ReEncodeFont" <lm-texnansi.enc <mlmtt9.pfb
texnansi-mlmtti10 MLMMono10-Italic "enclmtexnansi ReEncodeFont" <lm-texnansi.enc <mlmtti10.pfb
texnansi-mlmtto10 MLMMonoSlant10-Regular "enclmtexnansi ReEncodeFont" <lm-texnansi.enc <mlmtto10.pfb
texnansi-mlmu10 MLMRomanUnsl10-Regular "enclmtexnansi ReEncodeFont" <lm-texnansi.enc <mlmu10.pfb
texnansi-mlmvtk10 MLMMonoPropLt10-Bold "enclmtexnansi ReEncodeFont" <lm-texnansi.enc <mlmvtk10.pfb
texnansi-mlmvtko10 MLMMonoPropLt10-BoldOblique "enclmtexnansi ReEncodeFont" <lm-texnansi.enc <mlmvtko10.pfb
texnansi-mlmvtl10 MLMMonoPropLt10-Regular "enclmtexnansi ReEncodeFont" <lm-texnansi.enc <mlmvtl10.pfb
texnansi-mlmvtlo10 MLMMonoPropLt10-Oblique "enclmtexnansi ReEncodeFont" <lm-texnansi.enc <mlmvtlo10.pfb
texnansi-mlmvtt10 MLMMonoProp10-Regular "enclmtexnansi ReEncodeFont" <lm-texnansi.enc <mlmvtt10.pfb
texnansi-mlmvtto10 MLMMonoProp10-Oblique "enclmtexnansi ReEncodeFont" <lm-texnansi.enc <mlmvtto10.pfb
t5-mlmb10 MLMRomanDemi10-Regular "enclmt5 ReEncodeFont" <lm-t5.enc <mlmb10.pfb
t5-mlmbo10 MLMRomanDemi10-Oblique "enclmt5 ReEncodeFont" <lm-t5.enc <mlmbo10.pfb
t5-mlmbx10 MLMRoman10-Bold "enclmt5 ReEncodeFont" <lm-t5.enc <mlmbx10.pfb
t5-mlmbx12 MLMRoman12-Bold "enclmt5 ReEncodeFont" <lm-t5.enc <mlmbx12.pfb
t5-mlmbx5 MLMRoman5-Bold "enclmt5 ReEncodeFont" <lm-t5.enc <mlmbx5.pfb
t5-mlmbx6 MLMRoman6-Bold "enclmt5 ReEncodeFont" <lm-t5.enc <mlmbx6.pfb
t5-mlmbx7 MLMRoman7-Bold "enclmt5 ReEncodeFont" <lm-t5.enc <mlmbx7.pfb
t5-mlmbx8 MLMRoman8-Bold "enclmt5 ReEncodeFont" <lm-t5.enc <mlmbx8.pfb
t5-mlmbx9 MLMRoman9-Bold "enclmt5 ReEncodeFont" <lm-t5.enc <mlmbx9.pfb
t5-mlmbxi10 MLMRoman10-BoldItalic "enclmt5 ReEncodeFont" <lm-t5.enc <mlmbxi10.pfb
t5-mlmbxo10 MLMRomanSlant10-Bold "enclmt5 ReEncodeFont" <lm-t5.enc <mlmbxo10.pfb
t5-mlmcsc10 MLMRomanCaps10-Regular "enclmt5 ReEncodeFont" <lm-t5.enc <mlmcsc10.pfb
t5-mlmcsco10 MLMRomanCaps10-Oblique "enclmt5 ReEncodeFont" <lm-t5.enc <mlmcsco10.pfb
t5-mlmdunh10 MLMRomanDunh10-Regular "enclmt5 ReEncodeFont" <lm-t5.enc <mlmdunh10.pfb
t5-mlmduno10 MLMRomanDunh10-Oblique "enclmt5 ReEncodeFont" <lm-t5.enc <mlmduno10.pfb
t5-mlmr10 MLMRoman10-Regular "enclmt5 ReEncodeFont" <lm-t5.enc <mlmr10.pfb
t5-mlmr12 MLMRoman12-Regular "enclmt5 ReEncodeFont" <lm-t5.enc <mlmr12.pfb
t5-mlmr17 MLMRoman17-Regular "enclmt5 ReEncodeFont" <lm-t5.enc <mlmr17.pfb
t5-mlmr5 MLMRoman5-Regular "enclmt5 ReEncodeFont" <lm-t5.enc <mlmr5.pfb
t5-mlmr6 MLMRoman6-Regular "enclmt5 ReEncodeFont" <lm-t5.enc <mlmr6.pfb
t5-mlmr7 MLMRoman7-Regular "enclmt5 ReEncodeFont" <lm-t5.enc <mlmr7.pfb
t5-mlmr8 MLMRoman8-Regular "enclmt5 ReEncodeFont" <lm-t5.enc <mlmr8.pfb
t5-mlmr9 MLMRoman9-Regular "enclmt5 ReEncodeFont" <lm-t5.enc <mlmr9.pfb
t5-mlmri10 MLMRoman10-Italic "enclmt5 ReEncodeFont" <lm-t5.enc <mlmri10.pfb
t5-mlmri12 MLMRoman12-Italic "enclmt5 ReEncodeFont" <lm-t5.enc <mlmri12.pfb
t5-mlmri7 MLMRoman7-Italic "enclmt5 ReEncodeFont" <lm-t5.enc <mlmri7.pfb
t5-mlmri8 MLMRoman8-Italic "enclmt5 ReEncodeFont" <lm-t5.enc <mlmri8.pfb
t5-mlmri9 MLMRoman9-Italic "enclmt5 ReEncodeFont" <lm-t5.enc <mlmri9.pfb
t5-mlmro10 MLMRomanSlant10-Regular "enclmt5 ReEncodeFont" <lm-t5.enc <mlmro10.pfb
t5-mlmro12 MLMRomanSlant12-Regular "enclmt5 ReEncodeFont" <lm-t5.enc <mlmro12.pfb
t5-mlmro17 MLMRomanSlant17-Regular "enclmt5 ReEncodeFont" <lm-t5.enc <mlmro17.pfb
t5-mlmro8 MLMRomanSlant8-Regular "enclmt5 ReEncodeFont" <lm-t5.enc <mlmro8.pfb
t5-mlmro9 MLMRomanSlant9-Regular "enclmt5 ReEncodeFont" <lm-t5.enc <mlmro9.pfb
t5-mlmss10 MLMSans10-Regular "enclmt5 ReEncodeFont" <lm-t5.enc <mlmss10.pfb
t5-mlmss12 MLMSans12-Regular "enclmt5 ReEncodeFont" <lm-t5.enc <mlmss12.pfb
t5-mlmss17 MLMSans17-Regular "enclmt5 ReEncodeFont" <lm-t5.enc <mlmss17.pfb
t5-mlmss8 MLMSans8-Regular "enclmt5 ReEncodeFont" <lm-t5.enc <mlmss8.pfb
t5-mlmss9 MLMSans9-Regular "enclmt5 ReEncodeFont" <lm-t5.enc <mlmss9.pfb
t5-mlmssbo10 MLMSans10-BoldOblique "enclmt5 ReEncodeFont" <lm-t5.enc <mlmssbo10.pfb
t5-mlmssbx10 MLMSans10-Bold "enclmt5 ReEncodeFont" <lm-t5.enc <mlmssbx10.pfb
t5-mlmssdc10 MLMSansDemiCond10-Regular "enclmt5 ReEncodeFont" <lm-t5.enc <mlmssdc10.pfb
t5-mlmssdo10 MLMSansDemiCond10-Oblique "enclmt5 ReEncodeFont" <lm-t5.enc <mlmssdo10.pfb
t5-mlmsso10 MLMSans10-Oblique "enclmt5 ReEncodeFont" <lm-t5.enc <mlmsso10.pfb
t5-mlmsso12 MLMSans12-Oblique "enclmt5 ReEncodeFont" <lm-t5.enc <mlmsso12.pfb
t5-mlmsso17 MLMSans17-Oblique "enclmt5 ReEncodeFont" <lm-t5.enc <mlmsso17.pfb
t5-mlmsso8 MLMSans8-Oblique "enclmt5 ReEncodeFont" <lm-t5.enc <mlmsso8.pfb
t5-mlmsso9 MLMSans9-Oblique "enclmt5 ReEncodeFont" <lm-t5.enc <mlmsso9.pfb
t5-mlmssq8 MLMSansQuot8-Regular "enclmt5 ReEncodeFont" <lm-t5.enc <mlmssq8.pfb
t5-mlmssqbo8 MLMSansQuot8-BoldOblique "enclmt5 ReEncodeFont" <lm-t5.enc <mlmssqbo8.pfb
t5-mlmssqbx8 MLMSansQuot8-Bold "enclmt5 ReEncodeFont" <lm-t5.enc <mlmssqbx8.pfb
t5-mlmssqo8 MLMSansQuot8-Oblique "enclmt5 ReEncodeFont" <lm-t5.enc <mlmssqo8.pfb
t5-mlmtcsc10 MLMMonoCaps10-Regular "enclmt5 ReEncodeFont" <lm-t5.enc <mlmtcsc10.pfb
t5-mlmtcso10 MLMMonoCaps10-Oblique "enclmt5 ReEncodeFont" <lm-t5.enc <mlmtcso10.pfb
t5-mlmtk10 MLMMonoLt10-Bold "enclmt5 ReEncodeFont" <lm-t5.enc <mlmtk10.pfb
t5-mlmtko10 MLMMonoLt10-BoldOblique "enclmt5 ReEncodeFont" <lm-t5.enc <mlmtko10.pfb
t5-mlmtl10 MLMMonoLt10-Regular "enclmt5 ReEncodeFont" <lm-t5.enc <mlmtl10.pfb
t5-mlmtlc10 MLMMonoLtCond10-Regular "enclmt5 ReEncodeFont" <lm-t5.enc <mlmtlc10.pfb
t5-mlmtlco10 MLMMonoLtCond10-Oblique "enclmt5 ReEncodeFont" <lm-t5.enc <mlmtlco10.pfb
t5-mlmtlo10 MLMMonoLt10-Oblique "enclmt5 ReEncodeFont" <lm-t5.enc <mlmtlo10.pfb
t5-mlmtt10 MLMMono10-Regular "enclmt5 ReEncodeFont" <lm-t5.enc <mlmtt10.pfb
t5-mlmtt12 MLMMono12-Regular "enclmt5 ReEncodeFont" <lm-t5.enc <mlmtt12.pfb
t5-mlmtt8 MLMMono8-Regular "enclmt5 ReEncodeFont" <lm-t5.enc <mlmtt8.pfb
t5-mlmtt9 MLMMono9-Regular "enclmt5 ReEncodeFont" <lm-t5.enc <mlmtt9.pfb
t5-mlmtti10 MLMMono10-Italic "enclmt5 ReEncodeFont" <lm-t5.enc <mlmtti10.pfb
t5-mlmtto10 MLMMonoSlant10-Regular "enclmt5 ReEncodeFont" <lm-t5.enc <mlmtto10.pfb
t5-mlmu10 MLMRomanUnsl10-Regular "enclmt5 ReEncodeFont" <lm-t5.enc <mlmu10.pfb
t5-mlmvtk10 MLMMonoPropLt10-Bold "enclmt5 ReEncodeFont" <lm-t5.enc <mlmvtk10.pfb
t5-mlmvtko10 MLMMonoPropLt10-BoldOblique "enclmt5 ReEncodeFont" <lm-t5.enc <mlmvtko10.pfb
t5-mlmvtl10 MLMMonoPropLt10-Regular "enclmt5 ReEncodeFont" <lm-t5.enc <mlmvtl10.pfb
t5-mlmvtlo10 MLMMonoPropLt10-Oblique "enclmt5 ReEncodeFont" <lm-t5.enc <mlmvtlo10.pfb
t5-mlmvtt10 MLMMonoProp10-Regular "enclmt5 ReEncodeFont" <lm-t5.enc <mlmvtt10.pfb
t5-mlmvtto10 MLMMonoProp10-Oblique "enclmt5 ReEncodeFont" <lm-t5.enc <mlmvtto10.pfb
ts1-mlmb10 MLMRomanDemi10-Regular "enclmts1 ReEncodeFont" <lm-ts1.enc <mlmb10.pfb
ts1-mlmbo10 MLMRomanDemi10-Oblique "enclmts1 ReEncodeFont" <lm-ts1.enc <mlmbo10.pfb
ts1-mlmbx10 MLMRoman10-Bold "enclmts1 ReEncodeFont" <lm-ts1.enc <mlmbx10.pfb
ts1-mlmbx12 MLMRoman12-Bold "enclmts1 ReEncodeFont" <lm-ts1.enc <mlmbx12.pfb
ts1-mlmbx5 MLMRoman5-Bold "enclmts1 ReEncodeFont" <lm-ts1.enc <mlmbx5.pfb
ts1-mlmbx6 MLMRoman6-Bold "enclmts1 ReEncodeFont" <lm-ts1.enc <mlmbx6.pfb
ts1-mlmbx7 MLMRoman7-Bold "enclmts1 ReEncodeFont" <lm-ts1.enc <mlmbx7.pfb
ts1-mlmbx8 MLMRoman8-Bold "enclmts1 ReEncodeFont" <lm-ts1.enc <mlmbx8.pfb
ts1-mlmbx9 MLMRoman9-Bold "enclmts1 ReEncodeFont" <lm-ts1.enc <mlmbx9.pfb
ts1-mlmbxi10 MLMRoman10-BoldItalic "enclmts1 ReEncodeFont" <lm-ts1.enc <mlmbxi10.pfb
ts1-mlmbxo10 MLMRomanSlant10-Bold "enclmts1 ReEncodeFont" <lm-ts1.enc <mlmbxo10.pfb
ts1-mlmcsc10 MLMRomanCaps10-Regular "enclmts1 ReEncodeFont" <lm-ts1.enc <mlmcsc10.pfb
ts1-mlmcsco10 MLMRomanCaps10-Oblique "enclmts1 ReEncodeFont" <lm-ts1.enc <mlmcsco10.pfb
ts1-mlmdunh10 MLMRomanDunh10-Regular "enclmts1 ReEncodeFont" <lm-ts1.enc <mlmdunh10.pfb
ts1-mlmduno10 MLMRomanDunh10-Oblique "enclmts1 ReEncodeFont" <lm-ts1.enc <mlmduno10.pfb
ts1-mlmr10 MLMRoman10-Regular "enclmts1 ReEncodeFont" <lm-ts1.enc <mlmr10.pfb
ts1-mlmr12 MLMRoman12-Regular "enclmts1 ReEncodeFont" <lm-ts1.enc <mlmr12.pfb
ts1-mlmr17 MLMRoman17-Regular "enclmts1 ReEncodeFont" <lm-ts1.enc <mlmr17.pfb
ts1-mlmr5 MLMRoman5-Regular "enclmts1 ReEncodeFont" <lm-ts1.enc <mlmr5.pfb
ts1-mlmr6 MLMRoman6-Regular "enclmts1 ReEncodeFont" <lm-ts1.enc <mlmr6.pfb
ts1-mlmr7 MLMRoman7-Regular "enclmts1 ReEncodeFont" <lm-ts1.enc <mlmr7.pfb
ts1-mlmr8 MLMRoman8-Regular "enclmts1 ReEncodeFont" <lm-ts1.enc <mlmr8.pfb
ts1-mlmr9 MLMRoman9-Regular "enclmts1 ReEncodeFont" <lm-ts1.enc <mlmr9.pfb
ts1-mlmri10 MLMRoman10-Italic "enclmts1 ReEncodeFont" <lm-ts1.enc <mlmri10.pfb
ts1-mlmri12 MLMRoman12-Italic "enclmts1 ReEncodeFont" <lm-ts1.enc <mlmri12.pfb
ts1-mlmri7 MLMRoman7-Italic "enclmts1 ReEncodeFont" <lm-ts1.enc <mlmri7.pfb
ts1-mlmri8 MLMRoman8-Italic "enclmts1 ReEncodeFont" <lm-ts1.enc <mlmri8.pfb
ts1-mlmri9 MLMRoman9-Italic "enclmts1 ReEncodeFont" <lm-ts1.enc <mlmri9.pfb
ts1-mlmro10 MLMRomanSlant10-Regular "enclmts1 ReEncodeFont" <lm-ts1.enc <mlmro10.pfb
ts1-mlmro12 MLMRomanSlant12-Regular "enclmts1 ReEncodeFont" <lm-ts1.enc <mlmro12.pfb
ts1-mlmro17 MLMRomanSlant17-Regular "enclmts1 ReEncodeFont" <lm-ts1.enc <mlmro17.pfb
ts1-mlmro8 MLMRomanSlant8-Regular "enclmts1 ReEncodeFont" <lm-ts1.enc <mlmro8.pfb
ts1-mlmro9 MLMRomanSlant9-Regular "enclmts1 ReEncodeFont" <lm-ts1.enc <mlmro9.pfb
ts1-mlmss10 MLMSans10-Regular "enclmts1 ReEncodeFont" <lm-ts1.enc <mlmss10.pfb
ts1-mlmss12 MLMSans12-Regular "enclmts1 ReEncodeFont" <lm-ts1.enc <mlmss12.pfb
ts1-mlmss17 MLMSans17-Regular "enclmts1 ReEncodeFont" <lm-ts1.enc <mlmss17.pfb
ts1-mlmss8 MLMSans8-Regular "enclmts1 ReEncodeFont" <lm-ts1.enc <mlmss8.pfb
ts1-mlmss9 MLMSans9-Regular "enclmts1 ReEncodeFont" <lm-ts1.enc <mlmss9.pfb
ts1-mlmssbo10 MLMSans10-BoldOblique "enclmts1 ReEncodeFont" <lm-ts1.enc <mlmssbo10.pfb
ts1-mlmssbx10 MLMSans10-Bold "enclmts1 ReEncodeFont" <lm-ts1.enc <mlmssbx10.pfb
ts1-mlmssdc10 MLMSansDemiCond10-Regular "enclmts1 ReEncodeFont" <lm-ts1.enc <mlmssdc10.pfb
ts1-mlmssdo10 MLMSansDemiCond10-Oblique "enclmts1 ReEncodeFont" <lm-ts1.enc <mlmssdo10.pfb
ts1-mlmsso10 MLMSans10-Oblique "enclmts1 ReEncodeFont" <lm-ts1.enc <mlmsso10.pfb
ts1-mlmsso12 MLMSans12-Oblique "enclmts1 ReEncodeFont" <lm-ts1.enc <mlmsso12.pfb
ts1-mlmsso17 MLMSans17-Oblique "enclmts1 ReEncodeFont" <lm-ts1.enc <mlmsso17.pfb
ts1-mlmsso8 MLMSans8-Oblique "enclmts1 ReEncodeFont" <lm-ts1.enc <mlmsso8.pfb
ts1-mlmsso9 MLMSans9-Oblique "enclmts1 ReEncodeFont" <lm-ts1.enc <mlmsso9.pfb
ts1-mlmssq8 MLMSansQuot8-Regular "enclmts1 ReEncodeFont" <lm-ts1.enc <mlmssq8.pfb
ts1-mlmssqbo8 MLMSansQuot8-BoldOblique "enclmts1 ReEncodeFont" <lm-ts1.enc <mlmssqbo8.pfb
ts1-mlmssqbx8 MLMSansQuot8-Bold "enclmts1 ReEncodeFont" <lm-ts1.enc <mlmssqbx8.pfb
ts1-mlmssqo8 MLMSansQuot8-Oblique "enclmts1 ReEncodeFont" <lm-ts1.enc <mlmssqo8.pfb
ts1-mlmtcsc10 MLMMonoCaps10-Regular "enclmts1 ReEncodeFont" <lm-ts1.enc <mlmtcsc10.pfb
ts1-mlmtcso10 MLMMonoCaps10-Oblique "enclmts1 ReEncodeFont" <lm-ts1.enc <mlmtcso10.pfb
ts1-mlmtk10 MLMMonoLt10-Bold "enclmts1 ReEncodeFont" <lm-ts1.enc <mlmtk10.pfb
ts1-mlmtko10 MLMMonoLt10-BoldOblique "enclmts1 ReEncodeFont" <lm-ts1.enc <mlmtko10.pfb
ts1-mlmtl10 MLMMonoLt10-Regular "enclmts1 ReEncodeFont" <lm-ts1.enc <mlmtl10.pfb
ts1-mlmtlc10 MLMMonoLtCond10-Regular "enclmts1 ReEncodeFont" <lm-ts1.enc <mlmtlc10.pfb
ts1-mlmtlco10 MLMMonoLtCond10-Oblique "enclmts1 ReEncodeFont" <lm-ts1.enc <mlmtlco10.pfb
ts1-mlmtlo10 MLMMonoLt10-Oblique "enclmts1 ReEncodeFont" <lm-ts1.enc <mlmtlo10.pfb
ts1-mlmtt10 MLMMono10-Regular "enclmts1 ReEncodeFont" <lm-ts1.enc <mlmtt10.pfb
ts1-mlmtt12 MLMMono12-Regular "enclmts1 ReEncodeFont" <lm-ts1.enc <mlmtt12.pfb
ts1-mlmtt8 MLMMono8-Regular "enclmts1 ReEncodeFont" <lm-ts1.enc <mlmtt8.pfb
ts1-mlmtt9 MLMMono9-Regular "enclmts1 ReEncodeFont" <lm-ts1.enc <mlmtt9.pfb
ts1-mlmtti10 MLMMono10-Italic "enclmts1 ReEncodeFont" <lm-ts1.enc <mlmtti10.pfb
ts1-mlmtto10 MLMMonoSlant10-Regular "enclmts1 ReEncodeFont" <lm-ts1.enc <mlmtto10.pfb
ts1-mlmu10 MLMRomanUnsl10-Regular "enclmts1 ReEncodeFont" <lm-ts1.enc <mlmu10.pfb
ts1-mlmvtk10 MLMMonoPropLt10-Bold "enclmts1 ReEncodeFont" <lm-ts1.enc <mlmvtk10.pfb
ts1-mlmvtko10 MLMMonoPropLt10-BoldOblique "enclmts1 ReEncodeFont" <lm-ts1.enc <mlmvtko10.pfb
ts1-mlmvtl10 MLMMonoPropLt10-Regular "enclmts1 ReEncodeFont" <lm-ts1.enc <mlmvtl10.pfb
ts1-mlmvtlo10 MLMMonoPropLt10-Oblique "enclmts1 ReEncodeFont" <lm-ts1.enc <mlmvtlo10.pfb
ts1-mlmvtt10 MLMMonoProp10-Regular "enclmts1 ReEncodeFont" <lm-ts1.enc <mlmvtt10.pfb
ts1-mlmvtto10 MLMMonoProp10-Oblique "enclmts1 ReEncodeFont" <lm-ts1.enc <mlmvtto10.pfb
mlmbsy5   MLMMathSymbols5-Bold       "enclmmathsy ReEncodeFont"  <lm-mathsy.enc  <mlmbsy5.pfb
mlmbsy7   MLMMathSymbols7-Bold       "enclmmathsy ReEncodeFont"  <lm-mathsy.enc  <mlmbsy7.pfb
mlmbsy10  MLMMathSymbols10-Bold      "enclmmathsy ReEncodeFont"  <lm-mathsy.enc  <mlmbsy10.pfb
mlmsy5    MLMMathSymbols5-Regular    "enclmmathsy ReEncodeFont"  <lm-mathsy.enc  <mlmsy5.pfb
mlmsy6    MLMMathSymbols6-Regular    "enclmmathsy ReEncodeFont"  <lm-mathsy.enc  <mlmsy6.pfb
mlmsy7    MLMMathSymbols7-Regular    "enclmmathsy ReEncodeFont"  <lm-mathsy.enc  <mlmsy7.pfb
mlmsy8    MLMMathSymbols8-Regular    "enclmmathsy ReEncodeFont"  <lm-mathsy.enc  <mlmsy8.pfb
mlmsy9    MLMMathSymbols9-Regular    "enclmmathsy ReEncodeFont"  <lm-mathsy.enc  <mlmsy9.pfb
mlmsy10   MLMMathSymbols10-Regular   "enclmmathsy ReEncodeFont"  <lm-mathsy.enc  <mlmsy10.pfb
mlmex10   MLMMathExtension10-Regular "enclmmathex ReEncodeFont"  <lm-mathex.enc  <mlmex10.pfb
mlmmi5    MLMMathItalic5-Regular     "enclmmathit ReEncodeFont"  <lm-mathit.enc  <mlmmi5.pfb
mlmmi6    MLMMathItalic6-Regular     "enclmmathit ReEncodeFont"  <lm-mathit.enc  <mlmmi6.pfb
mlmmi7    MLMMathItalic7-Regular     "enclmmathit ReEncodeFont"  <lm-mathit.enc  <mlmmi7.pfb
mlmmi8    MLMMathItalic8-Regular     "enclmmathit ReEncodeFont"  <lm-mathit.enc  <mlmmi8.pfb
mlmmi9    MLMMathItalic9-Regular     "enclmmathit ReEncodeFont"  <lm-mathit.enc  <mlmmi9.pfb
mlmmi10   MLMMathItalic10-Regular    "enclmmathit ReEncodeFont"  <lm-mathit.enc  <mlmmi10.pfb
mlmmi12   MLMMathItalic12-Regular    "enclmmathit ReEncodeFont"  <lm-mathit.enc  <mlmmi12.pfb
mlmmib5   MLMMathItalic5-Bold        "enclmmathit ReEncodeFont"  <lm-mathit.enc  <mlmmib5.pfb
mlmmib7   MLMMathItalic7-Bold        "enclmmathit ReEncodeFont"  <lm-mathit.enc  <mlmmib7.pfb
mlmmib10  MLMMathItalic10-Bold       "enclmmathit ReEncodeFont"  <lm-mathit.enc  <mlmmib10.pfb

