IM_FELL_English_Italic-tlf-ot1--lcdfj IM_FELL_English_ItalicLCDFJ "" <IM_FELL_English_ItalicLCDFJ.pfb
IM_FELL_English_Italic-tlf-ot1--base IM_FELL_English_Italic "AutoEnc_q75qgbbo3skp5miuod3joghuwg ReEncodeFont" <[imfe_q75qgb.enc <IM_FELL_English_Italic.pfb
IM_FELL_English_Italic-tlf-t1--lcdfj IM_FELL_English_ItalicLCDFJ "" <IM_FELL_English_ItalicLCDFJ.pfb
IM_FELL_English_Italic-tlf-t1--base IM_FELL_English_Italic "AutoEnc_mwjp4ug77s2rsue4xp5kpaz53e ReEncodeFont" <[imfe_mwjp4u.enc <IM_FELL_English_Italic.pfb
IM_FELL_English_Italic-tlf-ly1--lcdfj IM_FELL_English_ItalicLCDFJ "" <IM_FELL_English_ItalicLCDFJ.pfb
IM_FELL_English_Italic-tlf-ly1--base IM_FELL_English_Italic "AutoEnc_smj6bzvsq7bx5e2qpoa232gdpg ReEncodeFont" <[imfe_smj6bz.enc <IM_FELL_English_Italic.pfb
IM_FELL_English_Italic-tlf-swash-ot1--lcdfj IM_FELL_English_ItalicLCDFJ "" <IM_FELL_English_ItalicLCDFJ.pfb
IM_FELL_English_Italic-tlf-swash-ot1--base IM_FELL_English_Italic "AutoEnc_srzjepyk2tm7dvbu4vodwy6rxb ReEncodeFont" <[imfe_srzjep.enc <IM_FELL_English_Italic.pfb
IM_FELL_English_Italic-tlf-swash-t1--lcdfj IM_FELL_English_ItalicLCDFJ "" <IM_FELL_English_ItalicLCDFJ.pfb
IM_FELL_English_Italic-tlf-swash-t1--base IM_FELL_English_Italic "AutoEnc_5vh7x2jdvypscilxpbyhlygrda ReEncodeFont" <[imfe_5vh7x2.enc <IM_FELL_English_Italic.pfb
IM_FELL_English_Italic-tlf-swash-ly1--lcdfj IM_FELL_English_ItalicLCDFJ "" <IM_FELL_English_ItalicLCDFJ.pfb
IM_FELL_English_Italic-tlf-swash-ly1--base IM_FELL_English_Italic "AutoEnc_f45kxnc2z3pkd4ttgrujulnxfc ReEncodeFont" <[imfe_f45kxn.enc <IM_FELL_English_Italic.pfb
IM_FELL_English_Italic-tlf-ts1--base IM_FELL_English_Italic "AutoEnc_5cupvvqaglhsy2r7rxial7tlpb ReEncodeFont" <[imfe_5cupvv.enc <IM_FELL_English_Italic.pfb
IM_FELL_English_Roman-tlf-ot1--lcdfj IM_FELL_English_RomanLCDFJ "" <IM_FELL_English_RomanLCDFJ.pfb
IM_FELL_English_Roman-tlf-ot1--base IM_FELL_English_Roman "AutoEnc_q75qgbbo3skp5miuod3joghuwg ReEncodeFont" <[imfe_q75qgb.enc <IM_FELL_English_Roman.pfb
IM_FELL_English_Roman-tlf-t1--lcdfj IM_FELL_English_RomanLCDFJ "" <IM_FELL_English_RomanLCDFJ.pfb
IM_FELL_English_Roman-tlf-t1--base IM_FELL_English_Roman "AutoEnc_6clpkglguhodidukx4dbqzmoze ReEncodeFont" <[imfe_6clpkg.enc <IM_FELL_English_Roman.pfb
IM_FELL_English_Roman-tlf-ly1--lcdfj IM_FELL_English_RomanLCDFJ "" <IM_FELL_English_RomanLCDFJ.pfb
IM_FELL_English_Roman-tlf-ly1--base IM_FELL_English_Roman "AutoEnc_smj6bzvsq7bx5e2qpoa232gdpg ReEncodeFont" <[imfe_smj6bz.enc <IM_FELL_English_Roman.pfb
IM_FELL_English_Roman-tlf-ts1--base IM_FELL_English_Roman "AutoEnc_5cupvvqaglhsy2r7rxial7tlpb ReEncodeFont" <[imfe_5cupvv.enc <IM_FELL_English_Roman.pfb
IM_FELL_English_SC-tlf-sc-ot1--base IM_FELL_English_SC "AutoEnc_5k4rzjoaziaphext5ba75hnsrg ReEncodeFont" <[imfe_5k4rzj.enc <IM_FELL_English_SC.pfb
IM_FELL_English_SC-tlf-sc-t1--base IM_FELL_English_SC "AutoEnc_o7go574w57f4emyal72syt2pza ReEncodeFont" <[imfe_o7go57.enc <IM_FELL_English_SC.pfb
IM_FELL_English_SC-tlf-sc-ly1--base IM_FELL_English_SC "AutoEnc_qauovj2357k4xzm7yrkoglhvvc ReEncodeFont" <[imfe_qauovj.enc <IM_FELL_English_SC.pfb
