TERM_PROGRAM=Apple_Terminal
TERM=xterm-256color
SHELL=/bin/bash
TMPDIR=/var/folders/wp/f6srgbb54x16r_d6bddv90mr0000gn/T/
TERM_PROGRAM_VERSION=445.1
OLDPWD=/Users/maxieds/Desktop/porche911/trump-git-command
TERM_SESSION_ID=05CD38B7-8587-4629-9A9B-50983066EF78
USER=maxieds
SSH_AUTH_SOCK=/private/tmp/com.apple.launchd.hRbHMmkD5v/Listeners
PATH=/usr/local/bin:/usr/bin:/bin:/usr/sbin:/sbin:/Library/Apple/usr/bin
LaunchInstanceID=70C53208-D421-4B0C-AEDA-F94EDEFD2398
__CFBundleIdentifier=com.apple.Terminal
PWD=/Users/maxieds/Desktop
LANG=en_US.UTF-8
XPC_FLAGS=0x0
PS1=\D{%Y-%m-%d %H:%M:%S} \u@\h:\w\$ 
XPC_SERVICE_NAME=0
HOME=/Users/maxieds
SHLVL=1
LOGNAME=maxieds
SECURITYSESSIONID=186a5
_=/usr/bin/env
