Jul  9 00:07:33 Drs-MacBook-Pro syslogd[132]: ASL Sender Statistics
Jul  9 01:22:32 Drs-MacBook-Pro syslogd[132]: ASL Sender Statistics
Jul  9 05:30:34 Drs-MacBook-Pro syslogd[132]: ASL Sender Statistics
Jul  9 06:44:38 Drs-MacBook-Pro syslogd[132]: ASL Sender Statistics
Jul  9 13:32:53 Drs-MacBook-Pro syslogd[132]: ASL Sender Statistics
Jul  9 13:43:42 Drs-MacBook-Pro syslogd[132]: ASL Sender Statistics
Jul  9 13:54:48 Drs-MacBook-Pro syslogd[132]: ASL Sender Statistics
Jul  9 14:07:35 Drs-MacBook-Pro syslogd[132]: ASL Sender Statistics
Jul  9 14:18:12 Drs-MacBook-Pro syslogd[132]: ASL Sender Statistics
Jul  9 14:29:27 Drs-MacBook-Pro syslogd[132]: ASL Sender Statistics
Jul  9 14:46:41 Drs-MacBook-Pro syslogd[132]: ASL Sender Statistics
Jul  9 14:57:00 Drs-MacBook-Pro syslogd[132]: ASL Sender Statistics
Jul  9 15:09:02 Drs-MacBook-Pro syslogd[132]: ASL Sender Statistics
Jul  9 15:20:42 Drs-MacBook-Pro syslogd[132]: ASL Sender Statistics
Jul  9 15:30:52 Drs-MacBook-Pro syslogd[132]: ASL Sender Statistics
Jul  9 15:55:54 Drs-MacBook-Pro syslogd[132]: ASL Sender Statistics
Jul  9 16:07:19 Drs-MacBook-Pro syslogd[132]: ASL Sender Statistics
Jul  9 16:19:03 Drs-MacBook-Pro syslogd[132]: ASL Sender Statistics
Jul  9 16:30:07 Drs-MacBook-Pro syslogd[132]: ASL Sender Statistics
Jul  9 16:40:10 Drs-MacBook-Pro syslogd[132]: ASL Sender Statistics
Jul  9 16:47:36 Drs-MacBook-Pro login[448]: DEAD_PROCESS: 448 ttys001
Jul  9 16:47:36 Drs-MacBook-Pro login[442]: DEAD_PROCESS: 442 ttys000
Jul  9 16:47:37 Drs-MacBook-Pro sessionlogoutd[3035]: DEAD_PROCESS: 172 console
Jul  9 16:47:37 Drs-MacBook-Pro shutdown[3037]: SHUTDOWN_TIME: 1783633657 824965
Jul 10 13:30:27 localhost bootlog[0]: BOOT_TIME 1783708227 0
Jul 10 13:30:31 localhost syslogd[132]: Configuration Notice:
	ASL Module "com.apple.cdscheduler" claims selected messages.
	Those messages may not appear in standard system log files or in the ASL database.
Jul 10 13:30:31 localhost syslogd[132]: Configuration Notice:
	ASL Module "com.apple.install" claims selected messages.
	Those messages may not appear in standard system log files or in the ASL database.
Jul 10 13:30:31 localhost syslogd[132]: Configuration Notice:
	ASL Module "com.apple.authd" sharing output destination "/var/log/asl" with ASL Module "com.apple.asl".
	Output parameters from ASL Module "com.apple.asl" override any specified in ASL Module "com.apple.authd".
Jul 10 13:30:31 localhost syslogd[132]: Configuration Notice:
	ASL Module "com.apple.authd" sharing output destination "/var/log/system.log" with ASL Module "com.apple.asl".
	Output parameters from ASL Module "com.apple.asl" override any specified in ASL Module "com.apple.authd".
Jul 10 13:30:31 localhost syslogd[132]: Configuration Notice:
	ASL Module "com.apple.authd" claims selected messages.
	Those messages may not appear in standard system log files or in the ASL database.
Jul 10 13:30:31 localhost syslogd[132]: Configuration Notice:
	ASL Module "com.apple.eventmonitor" claims selected messages.
	Those messages may not appear in standard system log files or in the ASL database.
Jul 10 13:30:31 localhost syslogd[132]: Configuration Notice:
	ASL Module "com.apple.mail" claims selected messages.
	Those messages may not appear in standard system log files or in the ASL database.
Jul 10 13:30:31 localhost syslogd[132]: Configuration Notice:
	ASL Module "com.apple.performance" claims selected messages.
	Those messages may not appear in standard system log files or in the ASL database.
Jul 10 13:30:31 localhost syslogd[132]: Configuration Notice:
	ASL Module "com.apple.iokit.power" claims selected messages.
	Those messages may not appear in standard system log files or in the ASL database.
Jul 10 13:30:31 localhost syslogd[132]: Configuration Notice:
	ASL Module "com.apple.contacts.ContactsAutocomplete" claims selected messages.
	Those messages may not appear in standard system log files or in the ASL database.
Jul 10 13:30:31 localhost syslogd[132]: Configuration Notice:
	ASL Module "com.apple.mkb" sharing output destination "/private/var/log/keybagd.log" with ASL Module "com.apple.mkb.internal".
	Output parameters from ASL Module "com.apple.mkb.internal" override any specified in ASL Module "com.apple.mkb".
Jul 10 13:30:31 localhost syslogd[132]: Configuration Notice:
	ASL Module "com.apple.mkb" claims selected messages.
	Those messages may not appear in standard system log files or in the ASL database.
Jul 10 13:30:31 localhost syslogd[132]: Configuration Notice:
	ASL Module "com.apple.MessageTracer" claims selected messages.
	Those messages may not appear in standard system log files or in the ASL database.
Jul 10 13:30:31 localhost Installer Progress[129]: Progress UI App Starting
Jul 10 13:30:31 localhost syslogd[132]: ASL Sender Statistics
Jul 10 13:30:50 Drs-MacBook-Pro Installer Progress[129]: 1 Boot windows acquired
Jul 10 13:30:50 Drs-MacBook-Pro Installer Progress[129]: Enable display of the Cinematic Boot windows
Jul 10 13:30:51 Drs-MacBook-Pro Installer Progress[129]: _ShowUnmanagedSpace: f807: Showing Unmanaged Space 2
Jul 10 13:30:51 Drs-MacBook-Pro Installer Progress[129]: Hiding the cursor in Progress UI
Jul 10 13:30:51 Drs-MacBook-Pro Installer Progress[129]: Configuration is deferred 0
Jul 10 13:30:51 Drs-MacBook-Pro Installer Progress[129]: IASGetCurrentInstallPhaseList: Unable to get phases
Jul 10 13:30:51 Drs-MacBook-Pro Installer Progress[129]: IASGetCurrentInstallPhase: Unable to get the current phase name
Jul 10 13:30:51 Drs-MacBook-Pro Installer Progress[129]: Current phase name wasn't saved, using the first phase in the list, current phase = "(null)"
Jul 10 13:30:51 Drs-MacBook-Pro Installer Progress[129]: currentPhase = "(null)", phases = (null)
Jul 10 13:30:51 Drs-MacBook-Pro Installer Progress[129]: Progress app is loading…
Jul 10 13:30:51 Drs-MacBook-Pro Installer Progress[129]: Progress app is running with no progress set
Jul 10 13:30:51 Drs-MacBook-Pro Installer Progress[129]: Progress app is running…
Jul 10 13:30:51 Drs-MacBook-Pro loginwindow[171]: Clearing phase info
Jul 10 13:30:51 Drs-MacBook-Pro loginwindow[171]: calling progress app remoteObjectProxy
Jul 10 13:30:51 Drs-MacBook-Pro loginwindow[171]: Creating connection
Jul 10 13:30:51 Drs-MacBook-Pro loginwindow[171]: Connection = 0x600002e78dc0, callers = (
	    "<IASUPCaller: 0x600001d60db0>"
	)
Jul 10 13:30:51 Drs-MacBook-Pro Installer Progress[129]: caller = /System/Library/CoreServices/loginwindow.app/Contents/MacOS/loginwindow
Jul 10 13:30:51 Drs-MacBook-Pro Installer Progress[129]: Version 2
Jul 10 13:30:51 Drs-MacBook-Pro loginwindow[171]: version = 2
Jul 10 13:30:51 Drs-MacBook-Pro loginwindow[171]: isModernOS = 1
Jul 10 13:30:51 Drs-MacBook-Pro loginwindow[171]: Add phase named "IOKit Boot", progress 34.570312, delayInSeconds 0
Jul 10 13:30:51 Drs-MacBook-Pro Installer Progress[129]: Clearing phase info
Jul 10 13:30:51 Drs-MacBook-Pro Installer Progress[129]: IASClearInstallProgress: Clearing Registry
Jul 10 13:30:51 Drs-MacBook-Pro loginwindow[171]: Add phase named "loginwindow Boot", progress 65.429688, delayInSeconds -1
Jul 10 13:30:51 Drs-MacBook-Pro Installer Progress[129]: totalPercentage = 0.000000
Jul 10 13:30:51 Drs-MacBook-Pro loginwindow[171]: Connection = 0x600002e78dc0, callers = (
	    "<IASUPCaller: 0x600001d60db0>",
	    "<IASUPCaller: 0x600001d7d8a0>"
	)
Jul 10 13:30:51 Drs-MacBook-Pro Installer Progress[129]: currentPhase = "(null)", phases = (
	    "<IASPPhase: 0x6000012c0680: 'IOKit Boot', percentage 34.6, delay 0>"
	)
Jul 10 13:30:51 Drs-MacBook-Pro loginwindow[171]: client 0x600000a42040: phaseName = "loginwindow Boot", registering connection
Jul 10 13:30:51 Drs-MacBook-Pro loginwindow[171]: client 0x600000a42040: phaseName = "loginwindow Boot" was created
Jul 10 13:30:51 Drs-MacBook-Pro Installer Progress[129]: IASSetCurrentInstallPhaseList: phases set to (
	        {
	        ConclusionDelay = 0;
	        InstallPhase = "IOKit Boot";
	        InstallPhaseActualPercentageKey = "34.57031";
	        InstallPhasePercentageKey = 35;
	    }
	)
Jul 10 13:30:51 Drs-MacBook-Pro loginwindow[171]: Connection = 0x600002e78dc0, callers = (
	    "<IASUPCaller: 0x600001d60db0>",
	    "<IASUPCaller: 0x600001d7d8a0>",
	    "<IASUPCaller: 0x600001d7d890>"
	)
Jul 10 13:30:51 Drs-MacBook-Pro loginwindow[171]: client 0x600000a42200: phaseName = "IOKit Boot", registering connection
Jul 10 13:30:51 Drs-MacBook-Pro Installer Progress[129]: IASSetCurrentInstallPhase: Current phase name set to "IOKit Boot"
Jul 10 13:30:51 Drs-MacBook-Pro loginwindow[171]: client 0x600000a42200: phaseName = "IOKit Boot" was created
Jul 10 13:30:51 Drs-MacBook-Pro loginwindow[171]: client 0x600000a42200: phaseName = "IOKit Boot", show progress UI called
Jul 10 13:30:51 Drs-MacBook-Pro loginwindow[171]: ISAP: Show progress UI called
Jul 10 13:30:51 Drs-MacBook-Pro loginwindow[171]: client 0x600000a42200: phaseName = "IOKit Boot" is done
Jul 10 13:30:51 Drs-MacBook-Pro Installer Progress[129]: totalPercentage = 34.570312
Jul 10 13:30:51 Drs-MacBook-Pro loginwindow[171]: ISAP: Done with Phase "IOKit Boot"
Jul 10 13:30:51 Drs-MacBook-Pro loginwindow[171]: client 0x600000a42200: phaseName = "IOKit Boot" is being released
Jul 10 13:30:51 Drs-MacBook-Pro Installer Progress[129]: currentPhase = "<IASPPhase: 0x6000012c0680: 'IOKit Boot', percentage 34.6, delay 0>", phases = (
	    "<IASPPhase: 0x6000012c0680: 'IOKit Boot', percentage 34.6, delay 0>",
	    "<IASPPhase: 0x6000012c0760: 'loginwindow Boot', percentage 65.4, delay -1>"
	)
Jul 10 13:30:51 Drs-MacBook-Pro loginwindow[171]: Releasing Connection
Jul 10 13:30:51 Drs-MacBook-Pro loginwindow[171]: client 0x600000a42040: handler = 0x7ff7be95f198
Jul 10 13:30:51 Drs-MacBook-Pro Installer Progress[129]: IASSetCurrentInstallPhaseList: phases set to (
	        {
	        ConclusionDelay = 0;
	        InstallPhase = "IOKit Boot";
	        InstallPhaseActualPercentageKey = "34.57031";
	        InstallPhasePercentageKey = 35;
	    },
	        {
	        ConclusionDelay = "-1";
	        InstallPhase = "loginwindow Boot";
	        InstallPhaseActualPercentageKey = "65.42969";
	        InstallPhasePercentageKey = 65;
	    }
	)
Jul 10 13:30:51 Drs-MacBook-Pro Installer Progress[129]: Register process 171, phaseName loginwindow Boot, uuid 12371F84-6E77-43B1-A723-E3BD4BA8F0EB
Jul 10 13:30:51 Drs-MacBook-Pro Installer Progress[129]: Connected processes {
	    "12371F84-6E77-43B1-A723-E3BD4BA8F0EB" =     {
	        "Phase Name" = "loginwindow Boot";
	        "Process ID" = 171;
	        UUID = "12371F84-6E77-43B1-A723-E3BD4BA8F0EB";
	    };
	}
Jul 10 13:30:51 Drs-MacBook-Pro Installer Progress[129]: Saving completion handler for phase loginwindow Boot
Jul 10 13:30:51 Drs-MacBook-Pro Installer Progress[129]: Connected processes {
	    "12371F84-6E77-43B1-A723-E3BD4BA8F0EB" =     {
	        CompletionHandlerKey = "<__NSMallocBlock__: 0x6000031d51d0>";
	        "Phase Name" = "loginwindow Boot";
	        "Process ID" = 171;
	        UUID = "12371F84-6E77-43B1-A723-E3BD4BA8F0EB";
	    };
	}
Jul 10 13:30:51 Drs-MacBook-Pro Installer Progress[129]: Register process 171, phaseName IOKit Boot, uuid 1ECA56DF-A968-4749-9F2D-1FE734991ED4
Jul 10 13:30:51 Drs-MacBook-Pro Installer Progress[129]: Connected processes {
	    "12371F84-6E77-43B1-A723-E3BD4BA8F0EB" =     {
	        CompletionHandlerKey = "<__NSMallocBlock__: 0x6000031d51d0>";
	        "Phase Name" = "loginwindow Boot";
	        "Process ID" = 171;
	        UUID = "12371F84-6E77-43B1-A723-E3BD4BA8F0EB";
	    };
	    "1ECA56DF-A968-4749-9F2D-1FE734991ED4" =     {
	        "Phase Name" = "IOKit Boot";
	        "Process ID" = 171;
	        UUID = "1ECA56DF-A968-4749-9F2D-1FE734991ED4";
	    };
	}
Jul 10 13:30:51 Drs-MacBook-Pro Installer Progress[129]: Saving completion handler for phase IOKit Boot
Jul 10 13:30:51 Drs-MacBook-Pro Installer Progress[129]: Connected processes {
	    "12371F84-6E77-43B1-A723-E3BD4BA8F0EB" =     {
	        CompletionHandlerKey = "<__NSMallocBlock__: 0x6000031d51d0>";
	        "Phase Name" = "loginwindow Boot";
	        "Process ID" = 171;
	        UUID = "12371F84-6E77-43B1-A723-E3BD4BA8F0EB";
	    };
	    "1ECA56DF-A968-4749-9F2D-1FE734991ED4" =     {
	        CompletionHandlerKey = "<__NSMallocBlock__: 0x6000031d5270>";
	        "Phase Name" = "IOKit Boot";
	        "Process ID" = 171;
	        UUID = "1ECA56DF-A968-4749-9F2D-1FE734991ED4";
	    };
	}
Jul 10 13:30:51 Drs-MacBook-Pro Installer Progress[129]: Progress Updated: currentPhase = "IOKit Boot", phase progress = 100.000, total progress = 34.570
Jul 10 13:30:51 Drs-MacBook-Pro Installer Progress[129]: IASGetCurrentInstallPhaseList: phases = (
	        {
	        ConclusionDelay = 0;
	        InstallPhase = "IOKit Boot";
	        InstallPhaseActualPercentageKey = "34.5703125";
	        InstallPhasePercentageKey = 35;
	    },
	        {
	        ConclusionDelay = "-1";
	        InstallPhase = "loginwindow Boot";
	        InstallPhaseActualPercentageKey = "65.4296875";
	        InstallPhasePercentageKey = 65;
	    }
	)
Jul 10 13:30:51 Drs-MacBook-Pro Installer Progress[129]: IASGetCurrentInstallPhase: Current phase name is "IOKit Boot"
Jul 10 13:30:51 Drs-MacBook-Pro Installer Progress[129]: Advance to phase named = "IOKit Boot"
Jul 10 13:30:51 Drs-MacBook-Pro Installer Progress[129]: currentPhase = "<IASPPhase: 0x6000012c0780: 'IOKit Boot', percentage 34.6, delay 0>", phases = (
	    "<IASPPhase: 0x6000012c0780: 'IOKit Boot', percentage 34.6, delay 0>",
	    "<IASPPhase: 0x6000012c0680: 'loginwindow Boot', percentage 65.4, delay -1>"
	)
Jul 10 13:30:51 Drs-MacBook-Pro Installer Progress[129]: Showing Progress UI
Jul 10 13:30:51 Drs-MacBook-Pro Installer Progress[129]: HotKeys disabled
Jul 10 13:30:51 Drs-MacBook-Pro Installer Progress[129]: Progress app set to foreground app
Jul 10 13:30:51 Drs-MacBook-Pro Installer Progress[129]: _LSSetMetaApplicationInformationItem add to frontmost list success
Jul 10 13:30:51 Drs-MacBook-Pro Installer Progress[129]: Showing the windows
Jul 10 13:30:51 Drs-MacBook-Pro Installer Progress[129]: There are 0 window(s) and 1 display(s), 1 window(s) will be added
Jul 10 13:30:51 Drs-MacBook-Pro Installer Progress[129]: Created a window at {{0, 0}, {1280, 800}}
Jul 10 13:30:51 Drs-MacBook-Pro Installer Progress[129]: Adding Apple Logo
Jul 10 13:30:51 Drs-MacBook-Pro Installer Progress[129]: Apple logo view created
Jul 10 13:30:51 Drs-MacBook-Pro Installer Progress[129]: Status is ""
Jul 10 13:30:51 Drs-MacBook-Pro Installer Progress[129]: Alternate status is ""
Jul 10 13:30:51 Drs-MacBook-Pro Installer Progress[129]: IASPIsUsingFileVault NO
Jul 10 13:30:51 Drs-MacBook-Pro Installer Progress[129]: IASPGetBootMode Standard
Jul 10 13:30:51 Drs-MacBook-Pro Installer Progress[129]: no background for progress added because:
Jul 10 13:30:51 Drs-MacBook-Pro Installer Progress[129]:        and / or NOT booting from EFI loginwindow
Jul 10 13:30:51 Drs-MacBook-Pro Installer Progress[129]: Setting window alpha values to 1.0
Jul 10 13:30:51 Drs-MacBook-Pro Installer Progress[129]: Ordering windows front
Jul 10 13:30:51 Drs-MacBook-Pro Installer Progress[129]: Created CG Shield Window
Jul 10 13:30:51 Drs-MacBook-Pro Installer Progress[129]: Enable the display of progress windows
Jul 10 13:30:51 Drs-MacBook-Pro Installer Progress[129]: Using AppKit display change notification
Jul 10 13:30:51 Drs-MacBook-Pro Installer Progress[129]: Done with phase = "IOKit Boot"
Jul 10 13:30:51 Drs-MacBook-Pro Installer Progress[129]: Progress Updated: currentPhase = "IOKit Boot", phase progress = 100.000, total progress = 34.570
Jul 10 13:30:51 Drs-MacBook-Pro Installer Progress[129]: IASSetCurrentInstallPhase: Current phase name set to "loginwindow Boot"
Jul 10 13:30:51 Drs-MacBook-Pro Installer Progress[129]: Saving completion handler for phase IOKit Boot
Jul 10 13:30:51 Drs-MacBook-Pro Installer Progress[129]: Connected processes {
	    "12371F84-6E77-43B1-A723-E3BD4BA8F0EB" =     {
	        CompletionHandlerKey = "<__NSMallocBlock__: 0x6000031d51d0>";
	        "Phase Name" = "loginwindow Boot";
	        "Process ID" = 171;
	        UUID = "12371F84-6E77-43B1-A723-E3BD4BA8F0EB";
	    };
	    "1ECA56DF-A968-4749-9F2D-1FE734991ED4" =     {
	        CompletionHandlerKey = "<__NSMallocBlock__: 0x6000031dd6d0>";
	        "Phase Name" = "IOKit Boot";
	        "Process ID" = 171;
	        UUID = "1ECA56DF-A968-4749-9F2D-1FE734991ED4";
	    };
	}
Jul 10 13:30:51 Drs-MacBook-Pro Installer Progress[129]: Unregister process 171, phaseName IOKit Boot, uuid 1ECA56DF-A968-4749-9F2D-1FE734991ED4
Jul 10 13:30:51 Drs-MacBook-Pro Installer Progress[129]: Connected processes {
	    "12371F84-6E77-43B1-A723-E3BD4BA8F0EB" =     {
	        CompletionHandlerKey = "<__NSMallocBlock__: 0x6000031d51d0>";
	        "Phase Name" = "loginwindow Boot";
	        "Process ID" = 171;
	        UUID = "12371F84-6E77-43B1-A723-E3BD4BA8F0EB";
	    };
	}
Jul 10 13:30:51 Drs-MacBook-Pro Installer Progress[129]: Progress Updated: currentPhase = "loginwindow Boot", phase progress = 10.000, total progress = 41.113
Jul 10 13:30:51 Drs-MacBook-Pro Installer Progress[129]: Progress Updated: currentPhase = "loginwindow Boot", phase progress = 30.000, total progress = 54.199
Jul 10 13:30:52 Drs-MacBook-Pro Installer Progress[129]: Releasing the boot windows
Jul 10 13:30:53 Drs-MacBook-Pro Installer Progress[129]: Progress Updated: currentPhase = "loginwindow Boot", phase progress = 55.000, total progress = 70.557
Jul 10 13:30:53 Drs-MacBook-Pro loginwindow[171]: USER_PROCESS: 171 console
Jul 10 13:30:53 Drs-MacBook-Pro Installer Progress[129]: Progress Updated: currentPhase = "loginwindow Boot", phase progress = 80.000, total progress = 86.914
Jul 10 13:30:59 Drs-MacBook-Pro Installer Progress[129]: Setting window alpha values to 1.0
Jul 10 13:31:04 --- last message repeated 1 time ---
Jul 10 13:31:04 Drs-MacBook-Pro loginwindow[171]: client 0x600000a42040: phaseName = "loginwindow Boot" is done
Jul 10 13:31:04 Drs-MacBook-Pro loginwindow[171]: ISAP: Done with Phase "loginwindow Boot"
Jul 10 13:31:04 Drs-MacBook-Pro Installer Progress[129]: Progress Updated: currentPhase = "loginwindow Boot", phase progress = 100.000, total progress = 100.000
Jul 10 13:31:04 Drs-MacBook-Pro Installer Progress[129]: Done with phase = "loginwindow Boot"
Jul 10 13:31:04 Drs-MacBook-Pro Installer Progress[129]: Progress Updated: currentPhase = "loginwindow Boot", phase progress = 100.000, total progress = 100.000
Jul 10 13:31:04 Drs-MacBook-Pro Installer Progress[129]: IASClearInstallProgress: Clearing Registry
Jul 10 13:31:05 Drs-MacBook-Pro Installer Progress[129]: Calling animation completion handler
Jul 10 13:31:05 Drs-MacBook-Pro Installer Progress[129]: Progress complete, notifying registered clients
Jul 10 13:31:05 Drs-MacBook-Pro Installer Progress[129]: Calling completion handler for phase "loginwindow Boot"
Jul 10 13:31:05 Drs-MacBook-Pro loginwindow[171]: Calling completion handler for 0x600000a42040
Jul 10 13:31:05 Drs-MacBook-Pro loginwindow[171]: client 0x600000a42040: phaseName = "loginwindow Boot", hide progress UI called
Jul 10 13:31:05 Drs-MacBook-Pro loginwindow[171]: ISAP: hide progress UI called
Jul 10 13:31:05 Drs-MacBook-Pro loginwindow[171]: client 0x600000a42040: phaseName = "loginwindow Boot" is being released
Jul 10 13:31:05 Drs-MacBook-Pro Installer Progress[129]: Hiding Progress UI
Jul 10 13:31:05 Drs-MacBook-Pro Installer Progress[129]: Showing the cursor in Progress UI
Jul 10 13:31:05 Drs-MacBook-Pro loginwindow[171]: Releasing Connection
Jul 10 13:31:05 Drs-MacBook-Pro Installer Progress[129]: GUI session is logged in
Jul 10 13:31:05 Drs-MacBook-Pro Installer Progress[129]: Order Out CG Shield Window
Jul 10 13:31:05 Drs-MacBook-Pro Installer Progress[129]: Setting window alpha values to 0.0
Jul 10 13:31:05 Drs-MacBook-Pro Installer Progress[129]: Progress app removed from the frontmost only list
Jul 10 13:31:05 Drs-MacBook-Pro Installer Progress[129]: Progress app set to Background only app
Jul 10 13:31:05 Drs-MacBook-Pro Installer Progress[129]: HotKeys enabled
Jul 10 13:31:05 Drs-MacBook-Pro Installer Progress[129]: Start quit timer, will attempt to quit in 5 second(s) at 1:31:10 PM
Jul 10 13:31:05 Drs-MacBook-Pro Installer Progress[129]: Saving completion handler for phase loginwindow Boot
Jul 10 13:31:05 Drs-MacBook-Pro Installer Progress[129]: Connected processes {
	    "12371F84-6E77-43B1-A723-E3BD4BA8F0EB" =     {
	        CompletionHandlerKey = "<__NSMallocBlock__: 0x6000031d2580>";
	        "Phase Name" = "loginwindow Boot";
	        "Process ID" = 171;
	        UUID = "12371F84-6E77-43B1-A723-E3BD4BA8F0EB";
	    };
	}
Jul 10 13:31:05 Drs-MacBook-Pro Installer Progress[129]: Unregister process 171, phaseName loginwindow Boot, uuid 12371F84-6E77-43B1-A723-E3BD4BA8F0EB
Jul 10 13:31:05 Drs-MacBook-Pro Installer Progress[129]: Connected processes {
	}
Jul 10 13:31:05 Drs-MacBook-Pro Installer Progress[129]: Start quit timer, will attempt to quit in 5 second(s) at 1:31:10 PM
Jul 10 13:31:05 Drs-MacBook-Pro Installer Progress[129]: Will attempt to bring the Finder forward
Jul 10 13:31:05 Drs-MacBook-Pro Installer Progress[129]: Activated application <NSRunningApplication: 0x600003ccc680 (com.apple.finder - 415) LSASN:{hi=0x0;lo=0x15015}>
Jul 10 13:31:05 Drs-MacBook-Pro Installer Progress[129]: Ordering windows out
Jul 10 13:31:10 Drs-MacBook-Pro Installer Progress[129]: Quitting because there are no phases. There are no connected processes. The UI is not showing.
Jul 10 13:31:10 Drs-MacBook-Pro Installer Progress[129]: Quitting Progress App
Jul 10 13:31:10 Drs-MacBook-Pro Installer Progress[129]: Showing the cursor in Progress UI
Jul 10 13:31:10 Drs-MacBook-Pro Installer Progress[129]: GUI session is logged in
Jul 10 13:31:10 Drs-MacBook-Pro Installer Progress[129]: Order Out CG Shield Window
Jul 10 13:31:10 Drs-MacBook-Pro Installer Progress[129]: Setting window alpha values to 0.0
Jul 10 13:31:10 Drs-MacBook-Pro Installer Progress[129]: Showing the cursor in Progress UI
Jul 10 13:31:10 Drs-MacBook-Pro loginwindow[171]: The connection was interrupted, calling interruption handlers
Jul 10 13:31:51 Drs-MacBook-Pro loginwindow[171]: There is still an active connection
Jul 10 13:32:34 --- last message repeated 1 time ---
Jul 10 13:33:20 Drs-MacBook-Pro login[659]: USER_PROCESS: 659 ttys000
Jul 10 13:33:20 Drs-MacBook-Pro login[663]: USER_PROCESS: 663 ttys001
Jul 10 13:33:44 Drs-MacBook-Pro login[682]: USER_PROCESS: 682 ttys002
Jul 10 13:38:13 Drs-MacBook-Pro login[682]: DEAD_PROCESS: 682 ttys002
Jul 10 13:38:22 Drs-MacBook-Pro login[663]: DEAD_PROCESS: 663 ttys001
Jul 10 13:38:23 Drs-MacBook-Pro login[848]: USER_PROCESS: 848 ttys001
Jul 10 13:41:28 Drs-MacBook-Pro syslogd[132]: ASL Sender Statistics
Jul 10 13:51:33 Drs-MacBook-Pro syslogd[132]: ASL Sender Statistics
Jul 10 14:04:55 Drs-MacBook-Pro syslogd[132]: ASL Sender Statistics
Jul 10 14:17:24 Drs-MacBook-Pro syslogd[132]: ASL Sender Statistics
Jul 10 14:27:43 Drs-MacBook-Pro login[1202]: USER_PROCESS: 1202 ttys002
Jul 10 14:27:43 Drs-MacBook-Pro syslogd[132]: ASL Sender Statistics
Jul 10 14:38:14 Drs-MacBook-Pro syslogd[132]: ASL Sender Statistics
Jul 10 14:49:09 Drs-MacBook-Pro syslogd[132]: ASL Sender Statistics
Jul 10 14:59:55 Drs-MacBook-Pro syslogd[132]: ASL Sender Statistics
Jul 10 15:09:55 Drs-MacBook-Pro syslogd[132]: ASL Sender Statistics
Jul 10 15:21:23 Drs-MacBook-Pro syslogd[132]: ASL Sender Statistics
Jul 10 15:31:30 Drs-MacBook-Pro syslogd[132]: ASL Sender Statistics
Jul 10 15:41:36 Drs-MacBook-Pro syslogd[132]: ASL Sender Statistics
Jul 10 15:52:17 Drs-MacBook-Pro syslogd[132]: ASL Sender Statistics
Jul 10 15:53:45 Drs-MacBook-Pro login[659]: DEAD_PROCESS: 659 ttys000
Jul 10 16:04:05 Drs-MacBook-Pro syslogd[132]: ASL Sender Statistics
Jul 10 16:16:05 Drs-MacBook-Pro syslogd[132]: ASL Sender Statistics
Jul 10 16:18:45 Drs-MacBook-Pro login[1202]: DEAD_PROCESS: 1202 ttys002
Jul 10 16:18:46 Drs-MacBook-Pro login[848]: DEAD_PROCESS: 848 ttys001
Jul 10 16:18:50 Drs-MacBook-Pro login[2660]: USER_PROCESS: 2660 ttys000
Jul 10 16:18:58 Drs-MacBook-Pro login[2667]: USER_PROCESS: 2667 ttys001
Jul 10 16:19:29 Drs-MacBook-Pro login[2687]: USER_PROCESS: 2687 ttys002
Jul 10 16:19:43 Drs-MacBook-Pro login[2687]: DEAD_PROCESS: 2687 ttys002
Jul 10 16:22:37 Drs-MacBook-Pro login[2737]: USER_PROCESS: 2737 ttys002
Jul 10 16:27:18 Drs-MacBook-Pro syslogd[132]: ASL Sender Statistics
Jul 10 16:27:24 Drs-MacBook-Pro login[3203]: USER_PROCESS: 3203 ttys003
Jul 10 16:28:04 Drs-MacBook-Pro login[2737]: DEAD_PROCESS: 2737 ttys002
Jul 10 16:29:08 Drs-MacBook-Pro login[3203]: DEAD_PROCESS: 3203 ttys003
Jul 10 16:29:36 Drs-MacBook-Pro login[3264]: USER_PROCESS: 3264 ttys002
Jul 10 16:29:51 Drs-MacBook-Pro login[3264]: DEAD_PROCESS: 3264 ttys002
Jul 10 16:35:14 Drs-MacBook-Pro login[3342]: USER_PROCESS: 3342 ttys002
Jul 10 16:37:22 Drs-MacBook-Pro syslogd[132]: ASL Sender Statistics
Jul 10 16:37:47 Drs-MacBook-Pro login[3342]: DEAD_PROCESS: 3342 ttys002
Jul 10 16:37:54 Drs-MacBook-Pro login[3408]: USER_PROCESS: 3408 ttys002
Jul 10 16:38:44 Drs-MacBook-Pro login[3408]: DEAD_PROCESS: 3408 ttys002
Jul 10 16:47:32 Drs-MacBook-Pro syslogd[132]: ASL Sender Statistics
Jul 10 16:57:36 Drs-MacBook-Pro syslogd[132]: ASL Sender Statistics
Jul 10 17:07:35 Drs-MacBook-Pro login[3642]: USER_PROCESS: 3642 ttys002
Jul 10 17:08:06 Drs-MacBook-Pro syslogd[132]: ASL Sender Statistics
Jul 10 17:08:21 Drs-MacBook-Pro login[3642]: DEAD_PROCESS: 3642 ttys002
Jul 10 17:19:06 Drs-MacBook-Pro syslogd[132]: ASL Sender Statistics
Jul 10 17:30:32 Drs-MacBook-Pro syslogd[132]: ASL Sender Statistics
Jul 10 17:36:31 Drs-MacBook-Pro login[3857]: USER_PROCESS: 3857 ttys002
Jul 10 17:37:02 Drs-MacBook-Pro login[3857]: DEAD_PROCESS: 3857 ttys002
Jul 10 17:41:34 Drs-MacBook-Pro syslogd[132]: ASL Sender Statistics
Jul 10 17:52:42 Drs-MacBook-Pro syslogd[132]: ASL Sender Statistics
Jul 10 18:03:27 Drs-MacBook-Pro syslogd[132]: ASL Sender Statistics
Jul 10 18:14:24 Drs-MacBook-Pro syslogd[132]: ASL Sender Statistics
Jul 10 18:25:54 Drs-MacBook-Pro syslogd[132]: ASL Sender Statistics
Jul 10 18:36:23 Drs-MacBook-Pro syslogd[132]: ASL Sender Statistics
Jul 10 18:48:24 Drs-MacBook-Pro syslogd[132]: ASL Sender Statistics
Jul 10 18:58:42 Drs-MacBook-Pro syslogd[132]: ASL Sender Statistics
Jul 10 19:10:54 Drs-MacBook-Pro syslogd[132]: ASL Sender Statistics
Jul 10 19:14:16 Drs-MacBook-Pro login[4471]: USER_PROCESS: 4471 ttys002
Jul 10 19:14:50 Drs-MacBook-Pro login[4471]: DEAD_PROCESS: 4471 ttys002
Jul 10 19:20:56 Drs-MacBook-Pro syslogd[132]: ASL Sender Statistics
Jul 10 19:32:00 Drs-MacBook-Pro syslogd[132]: ASL Sender Statistics
Jul 10 19:43:51 Drs-MacBook-Pro syslogd[132]: ASL Sender Statistics
Jul 10 19:50:59 Drs-MacBook-Pro login[4812]: USER_PROCESS: 4812 ttys002
Jul 10 19:54:24 Drs-MacBook-Pro syslogd[132]: ASL Sender Statistics
Jul 10 20:04:51 Drs-MacBook-Pro syslogd[132]: ASL Sender Statistics
Jul 10 20:06:21 Drs-MacBook-Pro login[4939]: USER_PROCESS: 4939 ttys003
Jul 10 20:06:24 Drs-MacBook-Pro login[4939]: DEAD_PROCESS: 4939 ttys003
Jul 10 20:14:58 Drs-MacBook-Pro syslogd[132]: ASL Sender Statistics
Jul 10 20:25:31 Drs-MacBook-Pro login[4812]: DEAD_PROCESS: 4812 ttys002
Jul 10 20:25:31 Drs-MacBook-Pro syslogd[132]: ASL Sender Statistics
Jul 10 20:38:08 Drs-MacBook-Pro syslogd[132]: ASL Sender Statistics
Jul 10 20:38:32 Drs-MacBook-Pro login[5321]: USER_PROCESS: 5321 ttys002
Jul 10 20:44:25 Drs-MacBook-Pro login[5370]: USER_PROCESS: 5370 ttys003
Jul 10 20:50:24 Drs-MacBook-Pro syslogd[132]: ASL Sender Statistics
Jul 10 20:55:14 Drs-MacBook-Pro login[5321]: DEAD_PROCESS: 5321 ttys002
Jul 10 21:00:25 Drs-MacBook-Pro syslogd[132]: ASL Sender Statistics
Jul 10 21:00:31 Drs-MacBook-Pro login[5450]: USER_PROCESS: 5450 ttys002
Jul 10 21:01:00 Drs-MacBook-Pro login[5450]: DEAD_PROCESS: 5450 ttys002
Jul 10 21:02:26 Drs-MacBook-Pro login[5370]: DEAD_PROCESS: 5370 ttys003
Jul 10 21:10:29 Drs-MacBook-Pro syslogd[132]: ASL Sender Statistics
Jul 10 21:12:42 Drs-MacBook-Pro login[5553]: USER_PROCESS: 5553 ttys002
Jul 10 21:15:23 Drs-MacBook-Pro login[5553]: DEAD_PROCESS: 5553 ttys002
Jul 10 21:21:02 Drs-MacBook-Pro login[5620]: USER_PROCESS: 5620 ttys002
Jul 10 21:21:02 Drs-MacBook-Pro syslogd[132]: ASL Sender Statistics
Jul 10 21:26:48 Drs-MacBook-Pro login[5620]: DEAD_PROCESS: 5620 ttys002
Jul 10 21:27:07 Drs-MacBook-Pro login[5719]: USER_PROCESS: 5719 ttys002
Jul 10 21:27:12 Drs-MacBook-Pro login[5719]: DEAD_PROCESS: 5719 ttys002
Jul 10 21:31:02 Drs-MacBook-Pro syslogd[132]: ASL Sender Statistics
Jul 10 21:45:03 Drs-MacBook-Pro syslogd[132]: ASL Sender Statistics
Jul 10 21:48:50 Drs-MacBook-Pro login[5894]: USER_PROCESS: 5894 ttys002
Jul 10 21:49:04 Drs-MacBook-Pro login[5894]: DEAD_PROCESS: 5894 ttys002
Jul 10 21:52:16 Drs-MacBook-Pro login[2660]: DEAD_PROCESS: 2660 ttys000
Jul 10 21:52:16 Drs-MacBook-Pro login[2667]: DEAD_PROCESS: 2667 ttys001
Jul 10 21:52:21 Drs-MacBook-Pro sessionlogoutd[5978]: DEAD_PROCESS: 171 console
Jul 11 09:00:46 localhost bootlog[0]: BOOT_TIME 1783778446 0
Jul 11 09:00:50 localhost syslogd[132]: Configuration Notice:
	ASL Module "com.apple.cdscheduler" claims selected messages.
	Those messages may not appear in standard system log files or in the ASL database.
Jul 11 09:00:50 localhost syslogd[132]: Configuration Notice:
	ASL Module "com.apple.install" claims selected messages.
	Those messages may not appear in standard system log files or in the ASL database.
Jul 11 09:00:50 localhost syslogd[132]: Configuration Notice:
	ASL Module "com.apple.authd" sharing output destination "/var/log/asl" with ASL Module "com.apple.asl".
	Output parameters from ASL Module "com.apple.asl" override any specified in ASL Module "com.apple.authd".
Jul 11 09:00:50 localhost syslogd[132]: Configuration Notice:
	ASL Module "com.apple.authd" sharing output destination "/var/log/system.log" with ASL Module "com.apple.asl".
	Output parameters from ASL Module "com.apple.asl" override any specified in ASL Module "com.apple.authd".
Jul 11 09:00:50 localhost syslogd[132]: Configuration Notice:
	ASL Module "com.apple.authd" claims selected messages.
	Those messages may not appear in standard system log files or in the ASL database.
Jul 11 09:00:50 localhost syslogd[132]: Configuration Notice:
	ASL Module "com.apple.eventmonitor" claims selected messages.
	Those messages may not appear in standard system log files or in the ASL database.
Jul 11 09:00:50 localhost syslogd[132]: Configuration Notice:
	ASL Module "com.apple.mail" claims selected messages.
	Those messages may not appear in standard system log files or in the ASL database.
Jul 11 09:00:50 localhost syslogd[132]: Configuration Notice:
	ASL Module "com.apple.performance" claims selected messages.
	Those messages may not appear in standard system log files or in the ASL database.
Jul 11 09:00:50 localhost syslogd[132]: Configuration Notice:
	ASL Module "com.apple.iokit.power" claims selected messages.
	Those messages may not appear in standard system log files or in the ASL database.
Jul 11 09:00:50 localhost syslogd[132]: Configuration Notice:
	ASL Module "com.apple.contacts.ContactsAutocomplete" claims selected messages.
	Those messages may not appear in standard system log files or in the ASL database.
Jul 11 09:00:50 localhost syslogd[132]: Configuration Notice:
	ASL Module "com.apple.mkb" sharing output destination "/private/var/log/keybagd.log" with ASL Module "com.apple.mkb.internal".
	Output parameters from ASL Module "com.apple.mkb.internal" override any specified in ASL Module "com.apple.mkb".
Jul 11 09:00:50 localhost syslogd[132]: Configuration Notice:
	ASL Module "com.apple.mkb" claims selected messages.
	Those messages may not appear in standard system log files or in the ASL database.
Jul 11 09:00:50 localhost syslogd[132]: Configuration Notice:
	ASL Module "com.apple.MessageTracer" claims selected messages.
	Those messages may not appear in standard system log files or in the ASL database.
Jul 11 09:00:50 localhost Installer Progress[129]: Progress UI App Starting
Jul 11 09:00:50 localhost syslogd[132]: ASL Sender Statistics
Jul 11 09:01:21 Drs-MacBook-Pro Installer Progress[129]: 1 Boot windows acquired
Jul 11 09:01:21 Drs-MacBook-Pro Installer Progress[129]: Enable display of the Cinematic Boot windows
Jul 11 09:01:21 Drs-MacBook-Pro Installer Progress[129]: _ShowUnmanagedSpace: 10003: Showing Unmanaged Space 2
Jul 11 09:01:21 Drs-MacBook-Pro Installer Progress[129]: Hiding the cursor in Progress UI
Jul 11 09:01:21 Drs-MacBook-Pro Installer Progress[129]: Configuration is deferred 0
Jul 11 09:01:22 Drs-MacBook-Pro Installer Progress[129]: IASGetCurrentInstallPhaseList: Unable to get phases
Jul 11 09:01:22 Drs-MacBook-Pro Installer Progress[129]: IASGetCurrentInstallPhase: Unable to get the current phase name
Jul 11 09:01:22 Drs-MacBook-Pro Installer Progress[129]: Current phase name wasn't saved, using the first phase in the list, current phase = "(null)"
Jul 11 09:01:22 Drs-MacBook-Pro Installer Progress[129]: currentPhase = "(null)", phases = (null)
Jul 11 09:01:22 Drs-MacBook-Pro Installer Progress[129]: Progress app is loading…
Jul 11 09:01:22 Drs-MacBook-Pro Installer Progress[129]: Progress app is running with no progress set
Jul 11 09:01:22 Drs-MacBook-Pro Installer Progress[129]: Progress app is running…
Jul 11 09:01:22 Drs-MacBook-Pro loginwindow[171]: Clearing phase info
Jul 11 09:01:22 Drs-MacBook-Pro loginwindow[171]: calling progress app remoteObjectProxy
Jul 11 09:01:22 Drs-MacBook-Pro loginwindow[171]: Creating connection
Jul 11 09:01:22 Drs-MacBook-Pro loginwindow[171]: Connection = 0x600003f24a00, callers = (
	    "<IASUPCaller: 0x600000c30e40>"
	)
Jul 11 09:01:22 Drs-MacBook-Pro Installer Progress[129]: caller = /System/Library/CoreServices/loginwindow.app/Contents/MacOS/loginwindow
Jul 11 09:01:22 Drs-MacBook-Pro Installer Progress[129]: Version 2
Jul 11 09:01:22 Drs-MacBook-Pro loginwindow[171]: version = 2
Jul 11 09:01:22 Drs-MacBook-Pro loginwindow[171]: isModernOS = 1
Jul 11 09:01:22 Drs-MacBook-Pro loginwindow[171]: Add phase named "IOKit Boot", progress 37.597656, delayInSeconds 0
Jul 11 09:01:22 Drs-MacBook-Pro Installer Progress[129]: Clearing phase info
Jul 11 09:01:22 Drs-MacBook-Pro Installer Progress[129]: IASClearInstallProgress: Clearing Registry
Jul 11 09:01:22 Drs-MacBook-Pro loginwindow[171]: Add phase named "loginwindow Boot", progress 62.402344, delayInSeconds -1
Jul 11 09:01:22 Drs-MacBook-Pro Installer Progress[129]: totalPercentage = 0.000000
Jul 11 09:01:22 Drs-MacBook-Pro loginwindow[171]: Connection = 0x600003f24a00, callers = (
	    "<IASUPCaller: 0x600000c30e40>",
	    "<IASUPCaller: 0x600000c30e20>"
	)
Jul 11 09:01:22 Drs-MacBook-Pro Installer Progress[129]: currentPhase = "(null)", phases = (
	    "<IASPPhase: 0x600002a8ec80: 'IOKit Boot', percentage 37.6, delay 0>"
	)
Jul 11 09:01:22 Drs-MacBook-Pro loginwindow[171]: client 0x600001b02a00: phaseName = "loginwindow Boot", registering connection
Jul 11 09:01:22 Drs-MacBook-Pro loginwindow[171]: client 0x600001b02a00: phaseName = "loginwindow Boot" was created
Jul 11 09:01:22 Drs-MacBook-Pro Installer Progress[129]: IASSetCurrentInstallPhaseList: phases set to (
	        {
	        ConclusionDelay = 0;
	        InstallPhase = "IOKit Boot";
	        InstallPhaseActualPercentageKey = "37.59766";
	        InstallPhasePercentageKey = 38;
	    }
	)
Jul 11 09:01:22 Drs-MacBook-Pro loginwindow[171]: Connection = 0x600003f24a00, callers = (
	    "<IASUPCaller: 0x600000c30e40>",
	    "<IASUPCaller: 0x600000c30e20>",
	    "<IASUPCaller: 0x600000c30e10>"
	)
Jul 11 09:01:22 Drs-MacBook-Pro loginwindow[171]: client 0x600001b00180: phaseName = "IOKit Boot", registering connection
Jul 11 09:01:22 Drs-MacBook-Pro Installer Progress[129]: IASSetCurrentInstallPhase: Current phase name set to "IOKit Boot"
Jul 11 09:01:22 Drs-MacBook-Pro loginwindow[171]: client 0x600001b00180: phaseName = "IOKit Boot" was created
Jul 11 09:01:22 Drs-MacBook-Pro Installer Progress[129]: totalPercentage = 37.597656
Jul 11 09:01:22 Drs-MacBook-Pro Installer Progress[129]: currentPhase = "<IASPPhase: 0x600002a8ec80: 'IOKit Boot', percentage 37.6, delay 0>", phases = (
	    "<IASPPhase: 0x600002a8ec80: 'IOKit Boot', percentage 37.6, delay 0>",
	    "<IASPPhase: 0x600002a80740: 'loginwindow Boot', percentage 62.4, delay -1>"
	)
Jul 11 09:01:22 Drs-MacBook-Pro loginwindow[171]: client 0x600001b00180: phaseName = "IOKit Boot", show progress UI called
Jul 11 09:01:22 Drs-MacBook-Pro loginwindow[171]: ISAP: Show progress UI called
Jul 11 09:01:22 Drs-MacBook-Pro loginwindow[171]: client 0x600001b00180: phaseName = "IOKit Boot" is done
Jul 11 09:01:22 Drs-MacBook-Pro Installer Progress[129]: IASSetCurrentInstallPhaseList: phases set to (
	        {
	        ConclusionDelay = 0;
	        InstallPhase = "IOKit Boot";
	        InstallPhaseActualPercentageKey = "37.59766";
	        InstallPhasePercentageKey = 38;
	    },
	        {
	        ConclusionDelay = "-1";
	        InstallPhase = "loginwindow Boot";
	        InstallPhaseActualPercentageKey = "62.40234";
	        InstallPhasePercentageKey = 62;
	    }
	)
Jul 11 09:01:22 Drs-MacBook-Pro loginwindow[171]: ISAP: Done with Phase "IOKit Boot"
Jul 11 09:01:22 Drs-MacBook-Pro Installer Progress[129]: Register process 171, phaseName loginwindow Boot, uuid F0098437-B220-45DE-A233-36A1A5D7FDC1
Jul 11 09:01:22 Drs-MacBook-Pro loginwindow[171]: client 0x600001b00180: phaseName = "IOKit Boot" is being released
Jul 11 09:01:22 Drs-MacBook-Pro Installer Progress[129]: Connected processes {
	    "F0098437-B220-45DE-A233-36A1A5D7FDC1" =     {
	        "Phase Name" = "loginwindow Boot";
	        "Process ID" = 171;
	        UUID = "F0098437-B220-45DE-A233-36A1A5D7FDC1";
	    };
	}
Jul 11 09:01:22 Drs-MacBook-Pro loginwindow[171]: Releasing Connection
Jul 11 09:01:22 Drs-MacBook-Pro Installer Progress[129]: Saving completion handler for phase loginwindow Boot
Jul 11 09:01:22 Drs-MacBook-Pro Installer Progress[129]: Connected processes {
	    "F0098437-B220-45DE-A233-36A1A5D7FDC1" =     {
	        CompletionHandlerKey = "<__NSMallocBlock__: 0x600000981040>";
	        "Phase Name" = "loginwindow Boot";
	        "Process ID" = 171;
	        UUID = "F0098437-B220-45DE-A233-36A1A5D7FDC1";
	    };
	}
Jul 11 09:01:22 Drs-MacBook-Pro Installer Progress[129]: Register process 171, phaseName IOKit Boot, uuid D0312D22-D065-4BB2-BBC8-98D6FD2671EF
Jul 11 09:01:22 Drs-MacBook-Pro loginwindow[171]: client 0x600001b02a00: handler = 0x7ff7b7f30198
Jul 11 09:01:22 Drs-MacBook-Pro Installer Progress[129]: Connected processes {
	    "D0312D22-D065-4BB2-BBC8-98D6FD2671EF" =     {
	        "Phase Name" = "IOKit Boot";
	        "Process ID" = 171;
	        UUID = "D0312D22-D065-4BB2-BBC8-98D6FD2671EF";
	    };
	    "F0098437-B220-45DE-A233-36A1A5D7FDC1" =     {
	        CompletionHandlerKey = "<__NSMallocBlock__: 0x600000981040>";
	        "Phase Name" = "loginwindow Boot";
	        "Process ID" = 171;
	        UUID = "F0098437-B220-45DE-A233-36A1A5D7FDC1";
	    };
	}
Jul 11 09:01:22 Drs-MacBook-Pro Installer Progress[129]: Saving completion handler for phase IOKit Boot
Jul 11 09:01:22 Drs-MacBook-Pro Installer Progress[129]: Connected processes {
	    "D0312D22-D065-4BB2-BBC8-98D6FD2671EF" =     {
	        CompletionHandlerKey = "<__NSMallocBlock__: 0x600000985db0>";
	        "Phase Name" = "IOKit Boot";
	        "Process ID" = 171;
	        UUID = "D0312D22-D065-4BB2-BBC8-98D6FD2671EF";
	    };
	    "F0098437-B220-45DE-A233-36A1A5D7FDC1" =     {
	        CompletionHandlerKey = "<__NSMallocBlock__: 0x600000981040>";
	        "Phase Name" = "loginwindow Boot";
	        "Process ID" = 171;
	        UUID = "F0098437-B220-45DE-A233-36A1A5D7FDC1";
	    };
	}
Jul 11 09:01:22 Drs-MacBook-Pro Installer Progress[129]: Progress Updated: currentPhase = "IOKit Boot", phase progress = 100.000, total progress = 37.598
Jul 11 09:01:22 Drs-MacBook-Pro Installer Progress[129]: IASGetCurrentInstallPhaseList: phases = (
	        {
	        ConclusionDelay = 0;
	        InstallPhase = "IOKit Boot";
	        InstallPhaseActualPercentageKey = "37.59765625";
	        InstallPhasePercentageKey = 38;
	    },
	        {
	        ConclusionDelay = "-1";
	        InstallPhase = "loginwindow Boot";
	        InstallPhaseActualPercentageKey = "62.40234375";
	        InstallPhasePercentageKey = 62;
	    }
	)
Jul 11 09:01:22 Drs-MacBook-Pro Installer Progress[129]: IASGetCurrentInstallPhase: Current phase name is "IOKit Boot"
Jul 11 09:01:22 Drs-MacBook-Pro Installer Progress[129]: Advance to phase named = "IOKit Boot"
Jul 11 09:01:22 Drs-MacBook-Pro Installer Progress[129]: currentPhase = "<IASPPhase: 0x600002a8ea40: 'IOKit Boot', percentage 37.6, delay 0>", phases = (
	    "<IASPPhase: 0x600002a8ea40: 'IOKit Boot', percentage 37.6, delay 0>",
	    "<IASPPhase: 0x600002a8eae0: 'loginwindow Boot', percentage 62.4, delay -1>"
	)
Jul 11 09:01:22 Drs-MacBook-Pro Installer Progress[129]: Showing Progress UI
Jul 11 09:01:22 Drs-MacBook-Pro Installer Progress[129]: HotKeys disabled
Jul 11 09:01:22 Drs-MacBook-Pro Installer Progress[129]: Progress app set to foreground app
Jul 11 09:01:22 Drs-MacBook-Pro Installer Progress[129]: _LSSetMetaApplicationInformationItem add to frontmost list success
Jul 11 09:01:22 Drs-MacBook-Pro Installer Progress[129]: Showing the windows
Jul 11 09:01:22 Drs-MacBook-Pro Installer Progress[129]: There are 0 window(s) and 1 display(s), 1 window(s) will be added
Jul 11 09:01:22 Drs-MacBook-Pro Installer Progress[129]: Created a window at {{0, 0}, {1280, 800}}
Jul 11 09:01:22 Drs-MacBook-Pro Installer Progress[129]: Adding Apple Logo
Jul 11 09:01:22 Drs-MacBook-Pro Installer Progress[129]: Apple logo view created
Jul 11 09:01:22 Drs-MacBook-Pro Installer Progress[129]: Status is ""
Jul 11 09:01:22 Drs-MacBook-Pro Installer Progress[129]: Alternate status is ""
Jul 11 09:01:22 Drs-MacBook-Pro Installer Progress[129]: IASPIsUsingFileVault NO
Jul 11 09:01:22 Drs-MacBook-Pro Installer Progress[129]: IASPGetBootMode Standard
Jul 11 09:01:22 Drs-MacBook-Pro Installer Progress[129]: no background for progress added because:
Jul 11 09:01:22 Drs-MacBook-Pro Installer Progress[129]:        and / or NOT booting from EFI loginwindow
Jul 11 09:01:22 Drs-MacBook-Pro Installer Progress[129]: Setting window alpha values to 1.0
Jul 11 09:01:22 Drs-MacBook-Pro Installer Progress[129]: Ordering windows front
Jul 11 09:01:22 Drs-MacBook-Pro Installer Progress[129]: Created CG Shield Window
Jul 11 09:01:22 Drs-MacBook-Pro Installer Progress[129]: Enable the display of progress windows
Jul 11 09:01:22 Drs-MacBook-Pro Installer Progress[129]: Using AppKit display change notification
Jul 11 09:01:22 Drs-MacBook-Pro Installer Progress[129]: Done with phase = "IOKit Boot"
Jul 11 09:01:22 Drs-MacBook-Pro Installer Progress[129]: Progress Updated: currentPhase = "IOKit Boot", phase progress = 100.000, total progress = 37.598
Jul 11 09:01:22 Drs-MacBook-Pro Installer Progress[129]: IASSetCurrentInstallPhase: Current phase name set to "loginwindow Boot"
Jul 11 09:01:22 Drs-MacBook-Pro Installer Progress[129]: Saving completion handler for phase IOKit Boot
Jul 11 09:01:22 Drs-MacBook-Pro Installer Progress[129]: Connected processes {
	    "D0312D22-D065-4BB2-BBC8-98D6FD2671EF" =     {
	        CompletionHandlerKey = "<__NSMallocBlock__: 0x6000009810e0>";
	        "Phase Name" = "IOKit Boot";
	        "Process ID" = 171;
	        UUID = "D0312D22-D065-4BB2-BBC8-98D6FD2671EF";
	    };
	    "F0098437-B220-45DE-A233-36A1A5D7FDC1" =     {
	        CompletionHandlerKey = "<__NSMallocBlock__: 0x600000981040>";
	        "Phase Name" = "loginwindow Boot";
	        "Process ID" = 171;
	        UUID = "F0098437-B220-45DE-A233-36A1A5D7FDC1";
	    };
	}
Jul 11 09:01:22 Drs-MacBook-Pro Installer Progress[129]: Unregister process 171, phaseName IOKit Boot, uuid D0312D22-D065-4BB2-BBC8-98D6FD2671EF
Jul 11 09:01:22 Drs-MacBook-Pro Installer Progress[129]: Connected processes {
	    "F0098437-B220-45DE-A233-36A1A5D7FDC1" =     {
	        CompletionHandlerKey = "<__NSMallocBlock__: 0x600000981040>";
	        "Phase Name" = "loginwindow Boot";
	        "Process ID" = 171;
	        UUID = "F0098437-B220-45DE-A233-36A1A5D7FDC1";
	    };
	}
Jul 11 09:01:22 Drs-MacBook-Pro Installer Progress[129]: Progress Updated: currentPhase = "loginwindow Boot", phase progress = 10.000, total progress = 43.838
Jul 11 09:01:22 Drs-MacBook-Pro Installer Progress[129]: Progress Updated: currentPhase = "loginwindow Boot", phase progress = 30.000, total progress = 56.318
Jul 11 09:01:22 Drs-MacBook-Pro Installer Progress[129]: Releasing the boot windows
Jul 11 09:01:23 Drs-MacBook-Pro Installer Progress[129]: Progress Updated: currentPhase = "loginwindow Boot", phase progress = 55.000, total progress = 71.919
Jul 11 09:01:23 Drs-MacBook-Pro loginwindow[171]: USER_PROCESS: 171 console
Jul 11 09:01:23 Drs-MacBook-Pro Installer Progress[129]: Setting window alpha values to 1.0
Jul 11 09:01:23 Drs-MacBook-Pro Installer Progress[129]: Progress Updated: currentPhase = "loginwindow Boot", phase progress = 80.000, total progress = 87.520
Jul 11 09:01:30 Drs-MacBook-Pro Installer Progress[129]: Setting window alpha values to 1.0
Jul 11 09:01:34 Drs-MacBook-Pro loginwindow[171]: client 0x600001b02a00: phaseName = "loginwindow Boot" is done
Jul 11 09:01:34 Drs-MacBook-Pro loginwindow[171]: ISAP: Done with Phase "loginwindow Boot"
Jul 11 09:01:34 Drs-MacBook-Pro Installer Progress[129]: Progress Updated: currentPhase = "loginwindow Boot", phase progress = 100.000, total progress = 100.000
Jul 11 09:01:34 Drs-MacBook-Pro Installer Progress[129]: Done with phase = "loginwindow Boot"
Jul 11 09:01:34 Drs-MacBook-Pro Installer Progress[129]: Progress Updated: currentPhase = "loginwindow Boot", phase progress = 100.000, total progress = 100.000
Jul 11 09:01:34 Drs-MacBook-Pro Installer Progress[129]: IASClearInstallProgress: Clearing Registry
Jul 11 09:01:35 Drs-MacBook-Pro Installer Progress[129]: Calling animation completion handler
Jul 11 09:01:35 Drs-MacBook-Pro Installer Progress[129]: Progress complete, notifying registered clients
Jul 11 09:01:35 Drs-MacBook-Pro Installer Progress[129]: Calling completion handler for phase "loginwindow Boot"
Jul 11 09:01:35 Drs-MacBook-Pro loginwindow[171]: Calling completion handler for 0x600001b02a00
Jul 11 09:01:35 Drs-MacBook-Pro loginwindow[171]: client 0x600001b02a00: phaseName = "loginwindow Boot", hide progress UI called
Jul 11 09:01:35 Drs-MacBook-Pro loginwindow[171]: ISAP: hide progress UI called
Jul 11 09:01:35 Drs-MacBook-Pro loginwindow[171]: client 0x600001b02a00: phaseName = "loginwindow Boot" is being released
Jul 11 09:01:35 Drs-MacBook-Pro Installer Progress[129]: Hiding Progress UI
Jul 11 09:01:35 Drs-MacBook-Pro Installer Progress[129]: Showing the cursor in Progress UI
Jul 11 09:01:35 Drs-MacBook-Pro loginwindow[171]: Releasing Connection
Jul 11 09:01:35 Drs-MacBook-Pro Installer Progress[129]: GUI session is logged in
Jul 11 09:01:35 Drs-MacBook-Pro Installer Progress[129]: Order Out CG Shield Window
Jul 11 09:01:35 Drs-MacBook-Pro Installer Progress[129]: Setting window alpha values to 0.0
Jul 11 09:01:35 Drs-MacBook-Pro Installer Progress[129]: Progress app removed from the frontmost only list
Jul 11 09:01:35 Drs-MacBook-Pro Installer Progress[129]: Progress app set to Background only app
Jul 11 09:01:35 Drs-MacBook-Pro Installer Progress[129]: HotKeys enabled
Jul 11 09:01:35 Drs-MacBook-Pro Installer Progress[129]: Start quit timer, will attempt to quit in 5 second(s) at 9:01:40 AM
Jul 11 09:01:35 Drs-MacBook-Pro Installer Progress[129]: Saving completion handler for phase loginwindow Boot
Jul 11 09:01:35 Drs-MacBook-Pro Installer Progress[129]: Connected processes {
	    "F0098437-B220-45DE-A233-36A1A5D7FDC1" =     {
	        CompletionHandlerKey = "<__NSMallocBlock__: 0x600000981680>";
	        "Phase Name" = "loginwindow Boot";
	        "Process ID" = 171;
	        UUID = "F0098437-B220-45DE-A233-36A1A5D7FDC1";
	    };
	}
Jul 11 09:01:35 Drs-MacBook-Pro Installer Progress[129]: Unregister process 171, phaseName loginwindow Boot, uuid F0098437-B220-45DE-A233-36A1A5D7FDC1
Jul 11 09:01:35 Drs-MacBook-Pro Installer Progress[129]: Connected processes {
	}
Jul 11 09:01:35 Drs-MacBook-Pro Installer Progress[129]: Start quit timer, will attempt to quit in 5 second(s) at 9:01:40 AM
Jul 11 09:01:35 Drs-MacBook-Pro Installer Progress[129]: Will attempt to bring the Finder forward
Jul 11 09:01:35 Drs-MacBook-Pro Installer Progress[129]: Activated application <NSRunningApplication: 0x600000492400 (com.apple.finder - 416) LSASN:{hi=0x0;lo=0x14014}>
Jul 11 09:01:35 Drs-MacBook-Pro Installer Progress[129]: Ordering windows out
Jul 11 09:01:40 Drs-MacBook-Pro Installer Progress[129]: Quitting because there are no phases. There are no connected processes. The UI is not showing.
Jul 11 09:01:40 Drs-MacBook-Pro Installer Progress[129]: Quitting Progress App
Jul 11 09:01:40 Drs-MacBook-Pro Installer Progress[129]: Showing the cursor in Progress UI
Jul 11 09:01:40 Drs-MacBook-Pro Installer Progress[129]: GUI session is logged in
Jul 11 09:01:40 Drs-MacBook-Pro Installer Progress[129]: Order Out CG Shield Window
Jul 11 09:01:40 Drs-MacBook-Pro Installer Progress[129]: Setting window alpha values to 0.0
Jul 11 09:01:40 Drs-MacBook-Pro Installer Progress[129]: Showing the cursor in Progress UI
Jul 11 09:01:40 Drs-MacBook-Pro loginwindow[171]: The connection was interrupted, calling interruption handlers
Jul 11 09:02:15 Drs-MacBook-Pro login[580]: USER_PROCESS: 580 ttys000
Jul 11 09:02:16 Drs-MacBook-Pro login[589]: USER_PROCESS: 589 ttys001
Jul 11 09:02:16 Drs-MacBook-Pro login[599]: USER_PROCESS: 599 ttys002
Jul 11 09:02:22 Drs-MacBook-Pro loginwindow[171]: There is still an active connection
Jul 11 09:02:59 --- last message repeated 1 time ---
Jul 11 09:02:59 Drs-MacBook-Pro login[637]: USER_PROCESS: 637 ttys003
Jul 11 09:07:49 Drs-MacBook-Pro login[717]: USER_PROCESS: 717 ttys004
Jul 11 09:10:28 Drs-MacBook-Pro login[717]: DEAD_PROCESS: 717 ttys004
Jul 11 09:10:35 Drs-MacBook-Pro login[868]: USER_PROCESS: 868 ttys004
Jul 11 09:10:55 Drs-MacBook-Pro syslogd[132]: ASL Sender Statistics
Jul 11 09:14:58 Drs-MacBook-Pro login[868]: DEAD_PROCESS: 868 ttys004
Jul 11 09:21:48 Drs-MacBook-Pro syslogd[132]: ASL Sender Statistics
Jul 11 09:23:14 Drs-MacBook-Pro login[1265]: USER_PROCESS: 1265 ttys004
Jul 11 09:31:48 Drs-MacBook-Pro syslogd[132]: ASL Sender Statistics
Jul 11 09:44:09 Drs-MacBook-Pro syslogd[132]: ASL Sender Statistics
Jul 11 09:51:44 Drs-MacBook-Pro login[1265]: DEAD_PROCESS: 1265 ttys004
Jul 11 09:54:18 Drs-MacBook-Pro syslogd[132]: ASL Sender Statistics
