
Wed Jun 25 13:00:58 CDT 2025

Thu Jun 26 15:11:14 CDT 2025

Tue Jul  1 13:30:37 CDT 2025

Mon Jul 14 15:36:55 CDT 2025

Fri Jul 18 11:34:11 CDT 2025

Sat Jul 26 14:30:11 CDT 2025

Sat Aug  2 12:17:43 CDT 2025

Wed Aug  6 12:22:04 CDT 2025

Mon Aug 18 14:46:09 CDT 2025

Fri Aug 22 13:18:07 CDT 2025

Sat Aug 30 11:45:31 CDT 2025

Fri Sep  5 12:55:46 CDT 2025

Sat Sep 13 12:00:32 CDT 2025

Wed Sep 17 15:15:43 CDT 2025

Fri Sep 26 12:07:14 CDT 2025

Tue Sep 30 13:42:17 CDT 2025

Fri Oct 10 11:33:08 CDT 2025

Mon Oct 20 12:19:38 CDT 2025

Sat Nov  1 09:30:54 CDT 2025

Fri Nov  7 12:37:01 CST 2025

Sat Nov 15 14:25:08 CST 2025

Fri Nov 21 13:08:19 CST 2025

Wed Nov 26 11:31:47 CST 2025

Fri Dec 12 11:11:51 CST 2025

Fri Dec 19 11:46:11 CST 2025

Tue Dec 23 12:29:35 CST 2025

Fri Jan  9 11:07:36 CST 2026

Thu Jan 15 16:32:05 CST 2026

Wed Jan 21 16:35:11 CST 2026

Mon Jan 26 15:20:48 CST 2026

Sun Feb  1 14:41:33 CST 2026

Tue Feb 10 12:18:32 CST 2026

Sat Feb 14 09:22:16 CST 2026

Wed Feb 25 13:58:02 CST 2026

Wed Mar  4 23:40:56 CST 2026

Mon Mar  9 14:06:41 CDT 2026

Tue Mar 17 13:30:39 CDT 2026

Mon Mar 23 12:37:22 CDT 2026

Tue Mar 31 15:01:02 CDT 2026

Sun Apr  5 11:13:02 CDT 2026

Tue Apr 14 15:06:56 CDT 2026

Sat Apr 25 02:04:29 CDT 2026

Wed Apr 29 11:06:00 CDT 2026

Wed May  6 08:43:58 CDT 2026

Fri May 15 11:41:12 CDT 2026

Sat May 23 04:29:58 CDT 2026

Fri May 29 13:18:52 CDT 2026

Sat Jun  6 13:47:13 CDT 2026

Thu Jun 11 13:06:46 CDT 2026

Tue Jun 16 18:47:24 CDT 2026

Mon Jun 22 13:23:03 CDT 2026

Sat Jun 27 09:35:59 CDT 2026

Thu Jul  2 14:51:19 CDT 2026

Fri Jul 10 15:58:52 CDT 2026
