-rw-r--r--  1 root  wheel   2.5K Apr  8  2025 ./Bookmarks.plist
-rw-r--r--  1 root  wheel   3.6K Jun 13  2025 ./brain_path.plist
-rw-r--r--  1 root  wheel   433B Jul 14 14:47 ./last_update_result.plist
-rw-rw-rw-  1 root  wheel    14K Jun 13  2025 ./nvram.plist
-rw-r--r--  1 root  wheel   3.1M Jul 14 14:47 ./restore.log
-rw-rw-rw-  1 root  wheel   836B Jun 13  2025 ./smstats

./Controller:
total 0
drwx--x--x   2 root  wheel    64B Apr  8  2025 .
drwxr-xr-x  14 root  wheel   448B Jul 14 14:47 ..

./Firmware:
total 0
drwxr-xr-x   2 root  wheel    64B Apr  8  2025 .
drwxr-xr-x  14 root  wheel   448B Jul 14 14:47 ..

./Hardware:
total 0
dr-x------   3 root  wheel    96B Apr  8  2025 .
drwxr-xr-x  14 root  wheel   448B Jul 14 14:47 ..
drwx------   2 root  wheel    64B Apr  8  2025 Battery

./Hardware/Battery:
total 0
drwx------  2 root  wheel    64B Apr  8  2025 .
dr-x------  3 root  wheel    96B Apr  8  2025 ..

./MobileAsset:
total 0
drwxrwxrwx   3 root  wheel    96B Apr  8  2025 .
drwxr-xr-x  14 root  wheel   448B Jul 14 14:47 ..
drwxrwxrwx   3 root  wheel    96B Apr  8  2025 AssetsV2

./MobileAsset/AssetsV2:
total 0
drwxrwxrwx  3 root  wheel    96B Apr  8  2025 .
drwxrwxrwx  3 root  wheel    96B Apr  8  2025 ..
drwxrwxrwx  2 root  wheel    64B Apr  8  2025 downloadDir

./MobileAsset/AssetsV2/downloadDir:
total 0
drwxrwxrwx  2 root  wheel    64B Apr  8  2025 .
drwxrwxrwx  3 root  wheel    96B Apr  8  2025 ..

./db:
total 0
drwxrwxrwx   3 _softwareupdate  _softwareupdate    96B Apr  8  2025 .
drwxr-xr-x  14 root             wheel             448B Jul 14 14:47 ..
drwxr-xr-x   3 _softwareupdate  _softwareupdate    96B Jun 13  2025 UpdateMetrics

./db/UpdateMetrics:
total 0
drwxr-xr-x  3 _softwareupdate  _softwareupdate    96B Jun 13  2025 .
drwxrwxrwx  3 _softwareupdate  _softwareupdate    96B Apr  8  2025 ..
drwxrwxrwx  2 _softwareupdate  _softwareupdate    64B Jun 13  2025 Events

./db/UpdateMetrics/Events:
total 0
drwxrwxrwx  2 _softwareupdate  _softwareupdate    64B Jun 13  2025 .
drwxr-xr-x  3 _softwareupdate  _softwareupdate    96B Jun 13  2025 ..

./mnt1:
total 0
drwxr-xr-x   2 root  wheel    64B Apr  8  2025 .
drwxr-xr-x  14 root  wheel   448B Jul 14 14:47 ..
