After 0.90s, these clients are still here:
		remaining client pid: 48190 (/System/Library/PrivateFrameworks/DiskImages.framework/Versions/A/Resources/diskimages-helper/89A058B6-8B44-3D53-95DF-047BC08BBBDA)
		remaining client pid: 48086 (/System/Library/CoreServices/Software Update.app/Contents/MacOS/Software Update/15374B37-4665-3381-B33D-469ACD9D90F5)
		remaining client pid: 267 (/System/Library/CoreServices/Software Update.app/Contents/Resources/suhelperd/0A97F52F-7B2C-3811-B4A0-9D552E6A06A1)
		remaining client pid: 250 (/System/Library/CoreServices/Software Update.app/Contents/Resources/softwareupdated/90C880C1-8983-3358-A628-8366CD896A95)
		remaining client pid: 131 (/System/Library/PrivateFrameworks/SkyLight.framework/Versions/A/Resources/WindowServer/40551BE6-8E64-39ED-AA3E-8FF31128767D)
		remaining client pid: 107 (/usr/sbin/securityd/EF6B52EE-539D-35CD-A015-E178EFCC7400)
		remaining client pid: 94 (/usr/libexec/diskarbitrationd/1760D29A-A7D7-3464-B3CF-5D7D08105F66)
		remaining client pid: 0 (/kernel/FAD66064-42E1-3834-A041-64EB64CDD8CD)
After 0.91s, these clients are still here:
		remaining client pid: 0 (/kernel/FAD66064-42E1-3834-A041-64EB64CDD8CD)
SIGTERM: [1749844418] All buffers flushed
After 0.65s, these clients are still here:
		remaining client pid: 514 (/System/Library/PrivateFrameworks/PhotoLibraryServices.framework/Versions/A/Support/photolibraryd/41EE3C99-E013-39DE-9F1F-A335ECDBE36B)
		remaining client pid: 0 (/kernel/AAF3C70C-3331-335A-96FB-D338CFE178F0)
SIGTERM: [1750879295] All buffers flushed
After 0.96s, these clients are still here:
		remaining client pid: 631 (/System/Library/PrivateFrameworks/SafariPlatformSupport.framework/Versions/A/XPCServices/com.apple.SafariPlatformSupport.Helper.xpc/Contents/MacOS/com.apple.SafariPlatformSupport.Helper/12966F5F-7484-3DA5-9C03-00576866851E)
		remaining client pid: 630 (/System/Library/CoreServices/ControlCenter.app/Contents/XPCServices/ControlCenterHelper.xpc/Contents/MacOS/ControlCenterHelper/D7EEA975-5C36-3315-A6F0-3D090B1C45FD)
		remaining client pid: 558 (/System/Library/PrivateFrameworks/PhotoLibraryServices.framework/Versions/A/Support/photolibraryd/41EE3C99-E013-39DE-9F1F-A335ECDBE36B)
		remaining client pid: 119 (/usr/sbin/securityd/5349EC30-B138-3E05-B19F-4296744CF9A1)
		remaining client pid: 0 (/kernel/AAF3C70C-3331-335A-96FB-D338CFE178F0)
After 0.96s, these clients are still here:
		remaining client pid: 0 (/kernel/AAF3C70C-3331-335A-96FB-D338CFE178F0)
SIGTERM: [1752860741] All buffers flushed
After 0.31s, these clients are still here:
		remaining client pid: 0 (/kernel/AAF3C70C-3331-335A-96FB-D338CFE178F0)
SIGTERM: [1752862028] All buffers flushed
After 0.42s, these clients are still here:
		remaining client pid: 0 (/kernel/AAF3C70C-3331-335A-96FB-D338CFE178F0)
SIGTERM: [1752959524] All buffers flushed
After 0.88s, these clients are still here:
		remaining client pid: 585 (/System/Library/CoreServices/TextInputSwitcher.app/Contents/MacOS/TextInputSwitcher/02B89DBB-63E0-3831-A9EF-6CB8D23E66B4)
		remaining client pid: 580 (/System/Library/CoreServices/Keychain Circle Notification.app/Contents/MacOS/Keychain Circle Notification/3653A08F-1859-310A-884E-951BD8AA783B)
		remaining client pid: 411 (/System/Library/CoreServices/iconservicesagent/E7F3561F-3DCE-33AA-A1C4-BC82094BCA2C)
		remaining client pid: 275 (/System/Library/Frameworks/CoreServices.framework/Versions/A/Frameworks/Metadata.framework/Versions/A/Support/mds_stores/A4FB8DE7-015A-3F7B-A6DA-0319A35FF39C)
		remaining client pid: 0 (/kernel/AAF3C70C-3331-335A-96FB-D338CFE178F0)
SIGTERM: [1752960707] All buffers flushed
After 0.62s, these clients are still here:
		remaining client pid: 0 (/kernel/AAF3C70C-3331-335A-96FB-D338CFE178F0)
SIGTERM: [1753128097] All buffers flushed
After 0.52s, these clients are still here:
		remaining client pid: 0 (/kernel/AAF3C70C-3331-335A-96FB-D338CFE178F0)
SIGTERM: [1753209453] All buffers flushed
After 0.85s, these clients are still here:
		remaining client pid: 121 (/usr/sbin/securityd/5349EC30-B138-3E05-B19F-4296744CF9A1)
		remaining client pid: 0 (/kernel/AAF3C70C-3331-335A-96FB-D338CFE178F0)
SIGTERM: [1753309100] All buffers flushed
After 0.50s, these clients are still here:
		remaining client pid: 0 (/kernel/AAF3C70C-3331-335A-96FB-D338CFE178F0)
SIGTERM: [1753825211] All buffers flushed
After 0.72s, these clients are still here:
		remaining client pid: 400 (/System/Library/CoreServices/iconservicesagent/E7F3561F-3DCE-33AA-A1C4-BC82094BCA2C)
		remaining client pid: 0 (/kernel/AAF3C70C-3331-335A-96FB-D338CFE178F0)
SIGTERM: [1753826954] All buffers flushed
After 0.52s, these clients are still here:
		remaining client pid: 0 (/kernel/AAF3C70C-3331-335A-96FB-D338CFE178F0)
SIGTERM: [1754155783] All buffers flushed
After 0.57s, these clients are still here:
		remaining client pid: 0 (/kernel/AAF3C70C-3331-335A-96FB-D338CFE178F0)
SIGTERM: [1754165341] All buffers flushed
After 0.34s, these clients are still here:
		remaining client pid: 0 (/kernel/AAF3C70C-3331-335A-96FB-D338CFE178F0)
SIGTERM: [1754501093] All buffers flushed
After 0.58s, these clients are still here:
		remaining client pid: 0 (/kernel/AAF3C70C-3331-335A-96FB-D338CFE178F0)
SIGTERM: [1754508874] All buffers flushed
After 0.43s, these clients are still here:
		remaining client pid: 0 (/kernel/AAF3C70C-3331-335A-96FB-D338CFE178F0)
SIGTERM: [1754510009] All buffers flushed
After 0.45s, these clients are still here:
		remaining client pid: 0 (/kernel/AAF3C70C-3331-335A-96FB-D338CFE178F0)
SIGTERM: [1754594946] All buffers flushed
After 0.65s, these clients are still here:
		remaining client pid: 578 (/System/Library/CoreServices/Keychain Circle Notification.app/Contents/MacOS/Keychain Circle Notification/3653A08F-1859-310A-884E-951BD8AA783B)
		remaining client pid: 0 (/kernel/AAF3C70C-3331-335A-96FB-D338CFE178F0)
SIGTERM: [1754762701] All buffers flushed
After 0.33s, these clients are still here:
		remaining client pid: 0 (/kernel/AAF3C70C-3331-335A-96FB-D338CFE178F0)
SIGTERM: [1755185302] All buffers flushed
After 0.86s, these clients are still here:
		remaining client pid: 489 (/System/Library/PrivateFrameworks/SafariSafeBrowsing.framework/Versions/A/com.apple.Safari.SafeBrowsing.Service/C3554BF1-F53F-38BB-BDB4-B1395402B8A6)
		remaining client pid: 0 (/kernel/AAF3C70C-3331-335A-96FB-D338CFE178F0)
SIGTERM: [1755547268] All buffers flushed
After 0.55s, these clients are still here:
		remaining client pid: 0 (/kernel/AAF3C70C-3331-335A-96FB-D338CFE178F0)
SIGTERM: [1755549467] All buffers flushed
After 0.48s, these clients are still here:
		remaining client pid: 0 (/kernel/AAF3C70C-3331-335A-96FB-D338CFE178F0)
SIGTERM: [1755632130] All buffers flushed
After 0.58s, these clients are still here:
		remaining client pid: 661 (/System/Library/CoreServices/Keychain Circle Notification.app/Contents/MacOS/Keychain Circle Notification/3653A08F-1859-310A-884E-951BD8AA783B)
		remaining client pid: 499 (/Applications/Safari.app/Contents/XPCServices/com.apple.Safari.SandboxBroker.xpc/Contents/MacOS/com.apple.Safari.SandboxBroker/5E525DA9-7F76-306B-A609-8C0FCFF7760B)
		remaining client pid: 441 (/System/Library/PrivateFrameworks/SafariSafeBrowsing.framework/Versions/A/com.apple.Safari.SafeBrowsing.Service/C3554BF1-F53F-38BB-BDB4-B1395402B8A6)
		remaining client pid: 0 (/kernel/AAF3C70C-3331-335A-96FB-D338CFE178F0)
SIGTERM: [1755715205] All buffers flushed
After 0.80s, these clients are still here:
		remaining client pid: 0 (/kernel/AAF3C70C-3331-335A-96FB-D338CFE178F0)
SIGTERM: [1755716174] All buffers flushed
After 0.59s, these clients are still here:
		remaining client pid: 0 (/kernel/AAF3C70C-3331-335A-96FB-D338CFE178F0)
SIGTERM: [1755797879] All buffers flushed
After 0.80s, these clients are still here:
		remaining client pid: 875 (/System/Library/CoreServices/Keychain Circle Notification.app/Contents/MacOS/Keychain Circle Notification/3653A08F-1859-310A-884E-951BD8AA783B)
		remaining client pid: 530 (/System/Library/PrivateFrameworks/PhotoLibraryServices.framework/Versions/A/Support/photolibraryd/41EE3C99-E013-39DE-9F1F-A335ECDBE36B)
		remaining client pid: 0 (/kernel/AAF3C70C-3331-335A-96FB-D338CFE178F0)
SIGTERM: [1755887129] All buffers flushed
After 0.45s, these clients are still here:
		remaining client pid: 0 (/kernel/AAF3C70C-3331-335A-96FB-D338CFE178F0)
SIGTERM: [1755966163] All buffers flushed
After 0.34s, these clients are still here:
		remaining client pid: 0 (/kernel/AAF3C70C-3331-335A-96FB-D338CFE178F0)
SIGTERM: [1756572895] All buffers flushed
After 0.43s, these clients are still here:
		remaining client pid: 0 (/kernel/AAF3C70C-3331-335A-96FB-D338CFE178F0)
SIGTERM: [1756922510] All buffers flushed
After 0.38s, these clients are still here:
		remaining client pid: 0 (/kernel/AAF3C70C-3331-335A-96FB-D338CFE178F0)
SIGTERM: [1756925494] All buffers flushed
After 0.78s, these clients are still here:
		remaining client pid: 610 (/System/Library/CoreServices/Keychain Circle Notification.app/Contents/MacOS/Keychain Circle Notification/3653A08F-1859-310A-884E-951BD8AA783B)
		remaining client pid: 476 (/System/Library/PrivateFrameworks/NewDeviceOutreach.framework/ndoagent/7E031B9A-F6AA-355E-BDE3-E085CC1852EF)
		remaining client pid: 0 (/kernel/AAF3C70C-3331-335A-96FB-D338CFE178F0)
SIGTERM: [1756927975] All buffers flushed
After 0.30s, these clients are still here:
		remaining client pid: 0 (/kernel/AAF3C70C-3331-335A-96FB-D338CFE178F0)
SIGTERM: [1757095373] All buffers flushed
After 0.44s, these clients are still here:
		remaining client pid: 0 (/kernel/AAF3C70C-3331-335A-96FB-D338CFE178F0)
SIGTERM: [1757441739] All buffers flushed
After 0.60s, these clients are still here:
		remaining client pid: 537 (/System/Library/PrivateFrameworks/PhotoLibraryServices.framework/Versions/A/Support/photolibraryd/41EE3C99-E013-39DE-9F1F-A335ECDBE36B)
		remaining client pid: 0 (/kernel/AAF3C70C-3331-335A-96FB-D338CFE178F0)
SIGTERM: [1757788740] All buffers flushed
After 0.35s, these clients are still here:
		remaining client pid: 0 (/kernel/AAF3C70C-3331-335A-96FB-D338CFE178F0)
SIGTERM: [1758047641] All buffers flushed
After 0.57s, these clients are still here:
		remaining client pid: 439 (/System/Library/PrivateFrameworks/SafariSafeBrowsing.framework/Versions/A/com.apple.Safari.SafeBrowsing.Service/C3554BF1-F53F-38BB-BDB4-B1395402B8A6)
		remaining client pid: 0 (/kernel/AAF3C70C-3331-335A-96FB-D338CFE178F0)
SIGTERM: [1758144580] All buffers flushed
After 0.50s, these clients are still here:
		remaining client pid: 0 (/kernel/AAF3C70C-3331-335A-96FB-D338CFE178F0)
SIGTERM: [1758309487] All buffers flushed
After 0.53s, these clients are still here:
		remaining client pid: 0 (/kernel/AAF3C70C-3331-335A-96FB-D338CFE178F0)
SIGTERM: [1758392062] All buffers flushed
After 0.47s, these clients are still here:
		remaining client pid: 0 (/kernel/AAF3C70C-3331-335A-96FB-D338CFE178F0)
SIGTERM: [1758562642] All buffers flushed
After 0.69s, these clients are still here:
		remaining client pid: 604 (/usr/libexec/biomesyncd/C6954499-DE00-3BBC-873A-FF23F93B2B63)
		remaining client pid: 0 (/kernel/AAF3C70C-3331-335A-96FB-D338CFE178F0)
SIGTERM: [1758662894] All buffers flushed
After 0.50s, these clients are still here:
		remaining client pid: 0 (/kernel/AAF3C70C-3331-335A-96FB-D338CFE178F0)
SIGTERM: [1758727825] All buffers flushed
After 0.45s, these clients are still here:
		remaining client pid: 0 (/kernel/AAF3C70C-3331-335A-96FB-D338CFE178F0)
SIGTERM: [1758728422] All buffers flushed
After 0.43s, these clients are still here:
		remaining client pid: 0 (/kernel/AAF3C70C-3331-335A-96FB-D338CFE178F0)
SIGTERM: [1758904210] All buffers flushed
After 0.54s, these clients are still here:
		remaining client pid: 545 (/System/Library/PrivateFrameworks/PhotoLibraryServices.framework/Versions/A/Support/photolibraryd/41EE3C99-E013-39DE-9F1F-A335ECDBE36B)
		remaining client pid: 0 (/kernel/AAF3C70C-3331-335A-96FB-D338CFE178F0)
SIGTERM: [1758910291] All buffers flushed
After 0.34s, these clients are still here:
		remaining client pid: 0 (/kernel/AAF3C70C-3331-335A-96FB-D338CFE178F0)
SIGTERM: [1759086949] All buffers flushed
After 0.50s, these clients are still here:
		remaining client pid: 0 (/kernel/AAF3C70C-3331-335A-96FB-D338CFE178F0)
SIGTERM: [1759270061] All buffers flushed
After 0.89s, these clients are still here:
		remaining client pid: 719 (/System/Library/PrivateFrameworks/HelpData.framework/Versions/A/Resources/helpd/30D64FDB-FF67-3D24-80B0-B0AEFE74E81F)
		remaining client pid: 0 (/kernel/AAF3C70C-3331-335A-96FB-D338CFE178F0)
SIGTERM: [1759344318] All buffers flushed
After 0.30s, these clients are still here:
		remaining client pid: 0 (/kernel/AAF3C70C-3331-335A-96FB-D338CFE178F0)
SIGTERM: [1759344497] All buffers flushed
SIGTERM: [1759353478] All buffers flushed
After 0.28s, these clients are still here:
		remaining client pid: 0 (/kernel/AAF3C70C-3331-335A-96FB-D338CFE178F0)
SIGTERM: [1759355758] All buffers flushed
After 0.44s, these clients are still here:
		remaining client pid: 0 (/kernel/AAF3C70C-3331-335A-96FB-D338CFE178F0)
SIGTERM: [1759432550] All buffers flushed
After 0.51s, these clients are still here:
		remaining client pid: 0 (/kernel/AAF3C70C-3331-335A-96FB-D338CFE178F0)
SIGTERM: [1759436535] All buffers flushed
After 0.88s, these clients are still here:
		remaining client pid: 270 (/System/Library/Frameworks/CoreServices.framework/Versions/A/Frameworks/Metadata.framework/Versions/A/Support/mds_stores/A4FB8DE7-015A-3F7B-A6DA-0319A35FF39C)
		remaining client pid: 0 (/kernel/AAF3C70C-3331-335A-96FB-D338CFE178F0)
SIGTERM: [1759439742] All buffers flushed
After 0.40s, these clients are still here:
		remaining client pid: 0 (/kernel/AAF3C70C-3331-335A-96FB-D338CFE178F0)
SIGTERM: [1759605390] All buffers flushed
After 0.35s, these clients are still here:
		remaining client pid: 0 (/kernel/AAF3C70C-3331-335A-96FB-D338CFE178F0)
SIGTERM: [1759609646] All buffers flushed
After 0.95s, these clients are still here:
		remaining client pid: 280 (/System/Library/Frameworks/CoreServices.framework/Versions/A/Frameworks/Metadata.framework/Versions/A/Support/mds_stores/A4FB8DE7-015A-3F7B-A6DA-0319A35FF39C)
		remaining client pid: 0 (/kernel/AAF3C70C-3331-335A-96FB-D338CFE178F0)
SIGTERM: [1759775798] All buffers flushed
After 0.81s, these clients are still here:
		remaining client pid: 707 (/System/Library/CoreServices/Keychain Circle Notification.app/Contents/MacOS/Keychain Circle Notification/3653A08F-1859-310A-884E-951BD8AA783B)
		remaining client pid: 0 (/kernel/AAF3C70C-3331-335A-96FB-D338CFE178F0)
SIGTERM: [1759781322] All buffers flushed
After 0.83s, these clients are still here:
		remaining client pid: 572 (/Applications/Firefox.app/Contents/MacOS/pingsender/29F01DFA-099E-35D2-83AD-04BBEB5555A6)
		remaining client pid: 0 (/kernel/AAF3C70C-3331-335A-96FB-D338CFE178F0)
SIGTERM: [1759783013] All buffers flushed
After 0.64s, these clients are still here:
		remaining client pid: 635 (/Applications/Firefox.app/Contents/MacOS/pingsender/29F01DFA-099E-35D2-83AD-04BBEB5555A6)
		remaining client pid: 146 (/System/Library/PrivateFrameworks/TCC.framework/Support/tccd/4D29237A-9CEA-39AF-B20D-692863923316)
		remaining client pid: 0 (/kernel/AAF3C70C-3331-335A-96FB-D338CFE178F0)
SIGTERM: [1759947266] All buffers flushed
After 0.65s, these clients are still here:
		remaining client pid: 600 (/Applications/Firefox.app/Contents/MacOS/pingsender/29F01DFA-099E-35D2-83AD-04BBEB5555A6)
		remaining client pid: 0 (/kernel/AAF3C70C-3331-335A-96FB-D338CFE178F0)
SIGTERM: [1759948511] All buffers flushed
After 0.76s, these clients are still here:
		remaining client pid: 920 (/Applications/Firefox.app/Contents/MacOS/pingsender/29F01DFA-099E-35D2-83AD-04BBEB5555A6)
		remaining client pid: 544 (/System/Library/PrivateFrameworks/PhotoLibraryServices.framework/Versions/A/Support/photolibraryd/41EE3C99-E013-39DE-9F1F-A335ECDBE36B)
		remaining client pid: 0 (/kernel/AAF3C70C-3331-335A-96FB-D338CFE178F0)
SIGTERM: [1760115513] All buffers flushed
After 0.42s, these clients are still here:
		remaining client pid: 0 (/kernel/AAF3C70C-3331-335A-96FB-D338CFE178F0)
SIGTERM: [1760205642] All buffers flushed
After 0.79s, these clients are still here:
		remaining client pid: 800 (/Applications/Firefox.app/Contents/MacOS/pingsender/29F01DFA-099E-35D2-83AD-04BBEB5555A6)
		remaining client pid: 0 (/kernel/AAF3C70C-3331-335A-96FB-D338CFE178F0)
SIGTERM: [1760209713] All buffers flushed
After 0.64s, these clients are still here:
		remaining client pid: 645 (/Applications/Firefox.app/Contents/MacOS/pingsender/29F01DFA-099E-35D2-83AD-04BBEB5555A6)
		remaining client pid: 0 (/kernel/AAF3C70C-3331-335A-96FB-D338CFE178F0)
SIGTERM: [1760461887] All buffers flushed
After 0.19s, these clients are still here:
		remaining client pid: 0 (/kernel/AAF3C70C-3331-335A-96FB-D338CFE178F0)
SIGTERM: [1760807724] All buffers flushed
After 0.86s, these clients are still here:
		remaining client pid: 576 (/Applications/Firefox.app/Contents/MacOS/pingsender/29F01DFA-099E-35D2-83AD-04BBEB5555A6)
		remaining client pid: 0 (/kernel/AAF3C70C-3331-335A-96FB-D338CFE178F0)
SIGTERM: [1760897236] All buffers flushed
After 0.77s, these clients are still here:
		remaining client pid: 145 (/System/Library/PrivateFrameworks/TCC.framework/Support/tccd/4D29237A-9CEA-39AF-B20D-692863923316)
		remaining client pid: 0 (/kernel/AAF3C70C-3331-335A-96FB-D338CFE178F0)
SIGTERM: [1760983803] All buffers flushed
After 0.30s, these clients are still here:
		remaining client pid: 0 (/kernel/AAF3C70C-3331-335A-96FB-D338CFE178F0)
SIGTERM: [1761075951] All buffers flushed
After 0.72s, these clients are still here:
		remaining client pid: 627 (/System/Library/CoreServices/Keychain Circle Notification.app/Contents/MacOS/Keychain Circle Notification/3653A08F-1859-310A-884E-951BD8AA783B)
		remaining client pid: 625 (/Applications/Firefox.app/Contents/MacOS/pingsender/DED5FAD4-C2F2-3F76-A403-E1BA1E8C4088)
		remaining client pid: 0 (/kernel/AAF3C70C-3331-335A-96FB-D338CFE178F0)
SIGTERM: [1761079207] All buffers flushed
After 0.78s, these clients are still here:
		remaining client pid: 682 (/Applications/Firefox.app/Contents/MacOS/pingsender/DED5FAD4-C2F2-3F76-A403-E1BA1E8C4088)
		remaining client pid: 0 (/kernel/AAF3C70C-3331-335A-96FB-D338CFE178F0)
SIGTERM: [1761162461] All buffers flushed
After 0.85s, these clients are still here:
		remaining client pid: 517 (/System/Library/PrivateFrameworks/PhotoLibraryServices.framework/Versions/A/Support/photolibraryd/41EE3C99-E013-39DE-9F1F-A335ECDBE36B)
		remaining client pid: 0 (/kernel/AAF3C70C-3331-335A-96FB-D338CFE178F0)
SIGTERM: [1761242635] All buffers flushed
After 0.80s, these clients are still here:
		remaining client pid: 684 (/Applications/Firefox.app/Contents/MacOS/pingsender/DED5FAD4-C2F2-3F76-A403-E1BA1E8C4088)
		remaining client pid: 0 (/kernel/AAF3C70C-3331-335A-96FB-D338CFE178F0)
SIGTERM: [1761504690] All buffers flushed
After 0.40s, these clients are still here:
		remaining client pid: 0 (/kernel/AAF3C70C-3331-335A-96FB-D338CFE178F0)
SIGTERM: [1761760990] All buffers flushed
After 0.66s, these clients are still here:
		remaining client pid: 730 (/Applications/Firefox.app/Contents/MacOS/pingsender/714A622D-0F67-36DE-8C6F-88C07D01D5AF)
		remaining client pid: 0 (/kernel/AAF3C70C-3331-335A-96FB-D338CFE178F0)
SIGTERM: [1761845464] All buffers flushed
After 0.87s, these clients are still here:
		remaining client pid: 869 (/Applications/Firefox.app/Contents/MacOS/pingsender/714A622D-0F67-36DE-8C6F-88C07D01D5AF)
		remaining client pid: 0 (/kernel/AAF3C70C-3331-335A-96FB-D338CFE178F0)
SIGTERM: [1761931766] All buffers flushed
After 0.88s, these clients are still here:
		remaining client pid: 566 (/System/Library/CoreServices/Keychain Circle Notification.app/Contents/MacOS/Keychain Circle Notification/3653A08F-1859-310A-884E-951BD8AA783B)
		remaining client pid: 565 (/Applications/Firefox.app/Contents/MacOS/pingsender/714A622D-0F67-36DE-8C6F-88C07D01D5AF)
		remaining client pid: 0 (/kernel/AAF3C70C-3331-335A-96FB-D338CFE178F0)
SIGTERM: [1761932239] All buffers flushed
After 0.95s, these clients are still here:
		remaining client pid: 618 (/Applications/Firefox.app/Contents/MacOS/pingsender/714A622D-0F67-36DE-8C6F-88C07D01D5AF)
		remaining client pid: 0 (/kernel/AAF3C70C-3331-335A-96FB-D338CFE178F0)
SIGTERM: [1761937504] All buffers flushed
After 0.88s, these clients are still here:
		remaining client pid: 655 (/Applications/Firefox.app/Contents/MacOS/pingsender/714A622D-0F67-36DE-8C6F-88C07D01D5AF)
		remaining client pid: 0 (/kernel/AAF3C70C-3331-335A-96FB-D338CFE178F0)
SIGTERM: [1761938473] All buffers flushed
After 0.55s, these clients are still here:
		remaining client pid: 523 (/System/Library/PrivateFrameworks/PhotoLibraryServices.framework/Versions/A/Support/photolibraryd/41EE3C99-E013-39DE-9F1F-A335ECDBE36B)
		remaining client pid: 0 (/kernel/AAF3C70C-3331-335A-96FB-D338CFE178F0)
SIGTERM: [1762009116] All buffers flushed
After 0.79s, these clients are still here:
		remaining client pid: 578 (/Applications/Firefox.app/Contents/MacOS/pingsender/714A622D-0F67-36DE-8C6F-88C07D01D5AF)
		remaining client pid: 0 (/kernel/AAF3C70C-3331-335A-96FB-D338CFE178F0)
SIGTERM: [1762010049] All buffers flushed
After 0.48s, these clients are still here:
		remaining client pid: 0 (/kernel/AAF3C70C-3331-335A-96FB-D338CFE178F0)
SIGTERM: [1762015893] All buffers flushed
After 0.38s, these clients are still here:
		remaining client pid: 0 (/kernel/AAF3C70C-3331-335A-96FB-D338CFE178F0)
SIGTERM: [1762201079] All buffers flushed
After 0.80s, these clients are still here:
		remaining client pid: 640 (/System/Library/CoreServices/Keychain Circle Notification.app/Contents/MacOS/Keychain Circle Notification/3653A08F-1859-310A-884E-951BD8AA783B)
		remaining client pid: 639 (/Applications/Firefox.app/Contents/MacOS/pingsender/714A622D-0F67-36DE-8C6F-88C07D01D5AF)
		remaining client pid: 0 (/kernel/AAF3C70C-3331-335A-96FB-D338CFE178F0)
SIGTERM: [1762370395] All buffers flushed
After 0.67s, these clients are still here:
		remaining client pid: 637 (/Applications/Firefox.app/Contents/MacOS/pingsender/714A622D-0F67-36DE-8C6F-88C07D01D5AF)
		remaining client pid: 0 (/kernel/AAF3C70C-3331-335A-96FB-D338CFE178F0)
SIGTERM: [1762373984] All buffers flushed
After 0.50s, these clients are still here:
		remaining client pid: 0 (/kernel/AAF3C70C-3331-335A-96FB-D338CFE178F0)
SIGTERM: [1762546580] All buffers flushed
After 0.51s, these clients are still here:
		remaining client pid: 0 (/kernel/AAF3C70C-3331-335A-96FB-D338CFE178F0)
SIGTERM: [1762630060] All buffers flushed
After 0.41s, these clients are still here:
		remaining client pid: 0 (/kernel/AAF3C70C-3331-335A-96FB-D338CFE178F0)
SIGTERM: [1762801377] All buffers flushed
After 0.79s, these clients are still here:
		remaining client pid: 575 (/Applications/Firefox.app/Contents/MacOS/pingsender/714A622D-0F67-36DE-8C6F-88C07D01D5AF)
		remaining client pid: 0 (/kernel/AAF3C70C-3331-335A-96FB-D338CFE178F0)
SIGTERM: [1762802489] All buffers flushed
After 0.57s, these clients are still here:
		remaining client pid: 0 (/kernel/AAF3C70C-3331-335A-96FB-D338CFE178F0)
SIGTERM: [1762805969] All buffers flushed
After 0.77s, these clients are still here:
		remaining client pid: 121 (/usr/sbin/securityd/5349EC30-B138-3E05-B19F-4296744CF9A1)
		remaining client pid: 0 (/kernel/AAF3C70C-3331-335A-96FB-D338CFE178F0)
SIGTERM: [1762877470] All buffers flushed
After 0.38s, these clients are still here:
		remaining client pid: 0 (/kernel/AAF3C70C-3331-335A-96FB-D338CFE178F0)
SIGTERM: [1762888671] All buffers flushed
After 0.32s, these clients are still here:
		remaining client pid: 0 (/kernel/AAF3C70C-3331-335A-96FB-D338CFE178F0)
SIGTERM: [1763155796] All buffers flushed
After 0.33s, these clients are still here:
		remaining client pid: 0 (/kernel/AAF3C70C-3331-335A-96FB-D338CFE178F0)
SIGTERM: [1763239811] All buffers flushed
After 0.84s, these clients are still here:
		remaining client pid: 764 (/Applications/Firefox.app/Contents/MacOS/pingsender/4E5CB8AF-BEA9-3BF8-A53A-718F7141339E)
		remaining client pid: 0 (/kernel/AAF3C70C-3331-335A-96FB-D338CFE178F0)
SIGTERM: [1763243182] All buffers flushed
After 0.60s, these clients are still here:
		remaining client pid: 749 (/Applications/Firefox.app/Contents/MacOS/pingsender/4E5CB8AF-BEA9-3BF8-A53A-718F7141339E)
		remaining client pid: 0 (/kernel/AAF3C70C-3331-335A-96FB-D338CFE178F0)
SIGTERM: [1763405939] All buffers flushed
After 0.43s, these clients are still here:
		remaining client pid: 0 (/kernel/AAF3C70C-3331-335A-96FB-D338CFE178F0)
SIGTERM: [1763411908] All buffers flushed
After 0.75s, these clients are still here:
		remaining client pid: 711 (/System/Library/CoreServices/Keychain Circle Notification.app/Contents/MacOS/Keychain Circle Notification/3653A08F-1859-310A-884E-951BD8AA783B)
		remaining client pid: 708 (/Applications/Firefox.app/Contents/MacOS/pingsender/4E5CB8AF-BEA9-3BF8-A53A-718F7141339E)
		remaining client pid: 0 (/kernel/AAF3C70C-3331-335A-96FB-D338CFE178F0)
After 0.76s, these clients are still here:
		remaining client pid: 0 (/kernel/AAF3C70C-3331-335A-96FB-D338CFE178F0)
SIGTERM: [1763413531] All buffers flushed
After 0.75s, these clients are still here:
		remaining client pid: 146 (/System/Library/PrivateFrameworks/SkyLight.framework/Versions/A/Resources/WindowServer/4F6CA7C6-94CB-3750-9B17-D6E411DDFD19)
		remaining client pid: 121 (/usr/sbin/securityd/5349EC30-B138-3E05-B19F-4296744CF9A1)
		remaining client pid: 0 (/kernel/AAF3C70C-3331-335A-96FB-D338CFE178F0)
SIGTERM: [1763574851] All buffers flushed
After 0.89s, these clients are still here:
		remaining client pid: 394 (/usr/libexec/dmd/55ECB376-4743-360D-87CF-6CCF4F938CB5)
		remaining client pid: 0 (/kernel/AAF3C70C-3331-335A-96FB-D338CFE178F0)
SIGTERM: [1763576271] All buffers flushed
After 0.79s, these clients are still here:
		remaining client pid: 573 (/System/Library/CoreServices/Keychain Circle Notification.app/Contents/MacOS/Keychain Circle Notification/3653A08F-1859-310A-884E-951BD8AA783B)
		remaining client pid: 570 (/Applications/Firefox.app/Contents/MacOS/pingsender/862A27B0-CD1E-356D-A718-2377124582C4)
		remaining client pid: 0 (/kernel/AAF3C70C-3331-335A-96FB-D338CFE178F0)
SIGTERM: [1763576467] All buffers flushed
After 0.49s, these clients are still here:
		remaining client pid: 0 (/kernel/AAF3C70C-3331-335A-96FB-D338CFE178F0)
SIGTERM: [1763665672] All buffers flushed
After 0.25s, these clients are still here:
		remaining client pid: 0 (/kernel/AAF3C70C-3331-335A-96FB-D338CFE178F0)
SIGTERM: [1763752472] All buffers flushed
After 0.50s, these clients are still here:
		remaining client pid: 0 (/kernel/AAF3C70C-3331-335A-96FB-D338CFE178F0)
SIGTERM: [1763754915] All buffers flushed
After 0.20s, these clients are still here:
		remaining client pid: 0 (/kernel/AAF3C70C-3331-335A-96FB-D338CFE178F0)
SIGTERM: [1763829972] All buffers flushed
After 0.34s, these clients are still here:
		remaining client pid: 0 (/kernel/AAF3C70C-3331-335A-96FB-D338CFE178F0)
SIGTERM: [1763833255] All buffers flushed
SIGTERM: [1763836565] All buffers flushed
After 0.49s, these clients are still here:
		remaining client pid: 0 (/kernel/AAF3C70C-3331-335A-96FB-D338CFE178F0)
SIGTERM: [1764179961] All buffers flushed
After 0.57s, these clients are still here:
		remaining client pid: 0 (/kernel/AAF3C70C-3331-335A-96FB-D338CFE178F0)
SIGTERM: [1764183854] All buffers flushed
After 0.27s, these clients are still here:
		remaining client pid: 0 (/kernel/AAF3C70C-3331-335A-96FB-D338CFE178F0)
SIGTERM: [1764443938] All buffers flushed
After 0.50s, these clients are still here:
		remaining client pid: 0 (/kernel/AAF3C70C-3331-335A-96FB-D338CFE178F0)
SIGTERM: [1764446468] All buffers flushed
After 0.83s, these clients are still here:
		remaining client pid: 548 (/System/Library/CoreServices/ControlCenter.app/Contents/XPCServices/ControlCenterHelper.xpc/Contents/MacOS/ControlCenterHelper/D7EEA975-5C36-3315-A6F0-3D090B1C45FD)
		remaining client pid: 0 (/kernel/AAF3C70C-3331-335A-96FB-D338CFE178F0)
SIGTERM: [1764621311] All buffers flushed
After 0.96s, these clients are still here:
		remaining client pid: 58223 (/System/Library/CoreServices/Keychain Circle Notification.app/Contents/MacOS/Keychain Circle Notification/3653A08F-1859-310A-884E-951BD8AA783B)
		remaining client pid: 0 (/kernel/AAF3C70C-3331-335A-96FB-D338CFE178F0)
SIGTERM: [1765051606] All buffers flushed
After 0.50s, these clients are still here:
		remaining client pid: 0 (/kernel/AAF3C70C-3331-335A-96FB-D338CFE178F0)
SIGTERM: [1765222652] All buffers flushed
After 0.49s, these clients are still here:
		remaining client pid: 0 (/kernel/AAF3C70C-3331-335A-96FB-D338CFE178F0)
SIGTERM: [1765308500] All buffers flushed
After 0.70s, these clients are still here:
		remaining client pid: 472 (/System/Library/PrivateFrameworks/PhotoLibraryServices.framework/Versions/A/Support/photolibraryd/41EE3C99-E013-39DE-9F1F-A335ECDBE36B)
		remaining client pid: 0 (/kernel/AAF3C70C-3331-335A-96FB-D338CFE178F0)
SIGTERM: [1765566836] All buffers flushed
After 0.57s, these clients are still here:
		remaining client pid: 614 (/System/Library/Frameworks/AppKit.framework/Versions/C/XPCServices/com.apple.appkit.xpc.openAndSavePanelService.xpc/Contents/MacOS/com.apple.appkit.xpc.openAndSavePanelService/527D565F-7A21-3059-ACBB-95D4985D6DF2)
		remaining client pid: 425 (/usr/sbin/filecoordinationd/68AE611A-CAF3-309C-B74D-E23F911C88AE)
		remaining client pid: 108 (/usr/libexec/diskarbitrationd/1760D29A-A7D7-3464-B3CF-5D7D08105F66)
		remaining client pid: 0 (/kernel/AAF3C70C-3331-335A-96FB-D338CFE178F0)
SIGTERM: [1765831535] All buffers flushed
After 0.46s, these clients are still here:
		remaining client pid: 0 (/kernel/AAF3C70C-3331-335A-96FB-D338CFE178F0)
SIGTERM: [1765834438] All buffers flushed
After 0.43s, these clients are still here:
		remaining client pid: 0 (/kernel/AAF3C70C-3331-335A-96FB-D338CFE178F0)
SIGTERM: [1765911424] All buffers flushed
After 0.49s, these clients are still here:
		remaining client pid: 0 (/kernel/AAF3C70C-3331-335A-96FB-D338CFE178F0)
SIGTERM: [1766008551] All buffers flushed
After 0.80s, these clients are still here:
		remaining client pid: 1230 (/Applications/Firefox.app/Contents/MacOS/pingsender/C3EBF9A5-8A49-3B88-B51C-A7397BEA7CA7)
		remaining client pid: 0 (/kernel/AAF3C70C-3331-335A-96FB-D338CFE178F0)
SIGTERM: [1766173417] All buffers flushed
After 0.60s, these clients are still here:
		remaining client pid: 681 (/Applications/Firefox.app/Contents/MacOS/pingsender/A22F2E27-8CEA-3E2B-90C5-105742B8767B)
		remaining client pid: 630 (/System/Library/Frameworks/AppKit.framework/Versions/C/XPCServices/com.apple.appkit.xpc.openAndSavePanelService.xpc/Contents/MacOS/com.apple.appkit.xpc.openAndSavePanelService/527D565F-7A21-3059-ACBB-95D4985D6DF2)
		remaining client pid: 108 (/usr/libexec/diskarbitrationd/1760D29A-A7D7-3464-B3CF-5D7D08105F66)
		remaining client pid: 0 (/kernel/AAF3C70C-3331-335A-96FB-D338CFE178F0)
SIGTERM: [1766176486] All buffers flushed
After 0.76s, these clients are still here:
		remaining client pid: 593 (/System/Library/CoreServices/Keychain Circle Notification.app/Contents/MacOS/Keychain Circle Notification/3653A08F-1859-310A-884E-951BD8AA783B)
		remaining client pid: 590 (/Applications/Firefox.app/Contents/MacOS/pingsender/A22F2E27-8CEA-3E2B-90C5-105742B8767B)
		remaining client pid: 0 (/kernel/AAF3C70C-3331-335A-96FB-D338CFE178F0)
SIGTERM: [1766177985] All buffers flushed
After 0.80s, these clients are still here:
		remaining client pid: 577 (/Applications/Firefox.app/Contents/MacOS/pingsender/A22F2E27-8CEA-3E2B-90C5-105742B8767B)
		remaining client pid: 0 (/kernel/AAF3C70C-3331-335A-96FB-D338CFE178F0)
SIGTERM: [1766178850] All buffers flushed
After 0.64s, these clients are still here:
		remaining client pid: 734 (/Applications/Firefox.app/Contents/MacOS/pingsender/A22F2E27-8CEA-3E2B-90C5-105742B8767B)
		remaining client pid: 0 (/kernel/AAF3C70C-3331-335A-96FB-D338CFE178F0)
SIGTERM: [1766258430] All buffers flushed
After 0.79s, these clients are still here:
		remaining client pid: 1062 (/Applications/Firefox.app/Contents/MacOS/pingsender/A22F2E27-8CEA-3E2B-90C5-105742B8767B)
		remaining client pid: 0 (/kernel/AAF3C70C-3331-335A-96FB-D338CFE178F0)
SIGTERM: [1766517673] All buffers flushed
After 0.63s, these clients are still here:
		remaining client pid: 635 (/Applications/Firefox.app/Contents/MacOS/pingsender/A22F2E27-8CEA-3E2B-90C5-105742B8767B)
		remaining client pid: 0 (/kernel/AAF3C70C-3331-335A-96FB-D338CFE178F0)
SIGTERM: [1766599597] All buffers flushed
After 0.76s, these clients are still here:
		remaining client pid: 646 (/Applications/Firefox.app/Contents/MacOS/pingsender/A22F2E27-8CEA-3E2B-90C5-105742B8767B)
		remaining client pid: 147 (/System/Library/PrivateFrameworks/TCC.framework/Support/tccd/4D29237A-9CEA-39AF-B20D-692863923316)
		remaining client pid: 0 (/kernel/AAF3C70C-3331-335A-96FB-D338CFE178F0)
SIGTERM: [1766786557] All buffers flushed
After 0.83s, these clients are still here:
		remaining client pid: 677 (/Applications/Firefox.app/Contents/MacOS/pingsender/A22F2E27-8CEA-3E2B-90C5-105742B8767B)
		remaining client pid: 0 (/kernel/AAF3C70C-3331-335A-96FB-D338CFE178F0)
SIGTERM: [1766870404] All buffers flushed
After 0.84s, these clients are still here:
		remaining client pid: 698 (/Applications/Firefox.app/Contents/MacOS/pingsender/A22F2E27-8CEA-3E2B-90C5-105742B8767B)
		remaining client pid: 0 (/kernel/AAF3C70C-3331-335A-96FB-D338CFE178F0)
SIGTERM: [1767045435] All buffers flushed
After 0.85s, these clients are still here:
		remaining client pid: 580 (/Applications/Firefox.app/Contents/MacOS/pingsender/A22F2E27-8CEA-3E2B-90C5-105742B8767B)
		remaining client pid: 0 (/kernel/AAF3C70C-3331-335A-96FB-D338CFE178F0)
SIGTERM: [1767048701] All buffers flushed
After 0.70s, these clients are still here:
		remaining client pid: 622 (/Applications/Firefox.app/Contents/MacOS/pingsender/A22F2E27-8CEA-3E2B-90C5-105742B8767B)
		remaining client pid: 0 (/kernel/AAF3C70C-3331-335A-96FB-D338CFE178F0)
SIGTERM: [1767132593] All buffers flushed
After 0.52s, these clients are still here:
		remaining client pid: 0 (/kernel/AAF3C70C-3331-335A-96FB-D338CFE178F0)
SIGTERM: [1767133424] All buffers flushed
After 0.82s, these clients are still here:
		remaining client pid: 734 (/Applications/Firefox.app/Contents/MacOS/pingsender/A22F2E27-8CEA-3E2B-90C5-105742B8767B)
		remaining client pid: 0 (/kernel/AAF3C70C-3331-335A-96FB-D338CFE178F0)
SIGTERM: [1767380897] All buffers flushed
After 0.68s, these clients are still here:
		remaining client pid: 612 (/Applications/Firefox.app/Contents/MacOS/pingsender/A22F2E27-8CEA-3E2B-90C5-105742B8767B)
		remaining client pid: 147 (/System/Library/PrivateFrameworks/TCC.framework/Support/tccd/4D29237A-9CEA-39AF-B20D-692863923316)
		remaining client pid: 0 (/kernel/AAF3C70C-3331-335A-96FB-D338CFE178F0)
SIGTERM: [1767385135] All buffers flushed
After 0.88s, these clients are still here:
		remaining client pid: 577 (/Applications/Firefox.app/Contents/MacOS/pingsender/A22F2E27-8CEA-3E2B-90C5-105742B8767B)
		remaining client pid: 0 (/kernel/AAF3C70C-3331-335A-96FB-D338CFE178F0)
SIGTERM: [1767385690] All buffers flushed
After 0.65s, these clients are still here:
		remaining client pid: 911 (/Applications/Firefox.app/Contents/MacOS/pingsender/A22F2E27-8CEA-3E2B-90C5-105742B8767B)
		remaining client pid: 0 (/kernel/AAF3C70C-3331-335A-96FB-D338CFE178F0)
SIGTERM: [1767650404] All buffers flushed
After 0.90s, these clients are still here:
		remaining client pid: 677 (/Applications/Firefox.app/Contents/MacOS/pingsender/A22F2E27-8CEA-3E2B-90C5-105742B8767B)
		remaining client pid: 0 (/kernel/AAF3C70C-3331-335A-96FB-D338CFE178F0)
SIGTERM: [1767906452] All buffers flushed
After 0.54s, these clients are still here:
		remaining client pid: 0 (/kernel/AAF3C70C-3331-335A-96FB-D338CFE178F0)
SIGTERM: [1767906834] All buffers flushed
After 0.76s, these clients are still here:
		remaining client pid: 1279 (/Applications/Firefox.app/Contents/MacOS/pingsender/A22F2E27-8CEA-3E2B-90C5-105742B8767B)
		remaining client pid: 0 (/kernel/AAF3C70C-3331-335A-96FB-D338CFE178F0)
SIGTERM: [1767986614] All buffers flushed
After 0.63s, these clients are still here:
		remaining client pid: 176 (/usr/libexec/symptomsd/B44E3448-F633-31A7-9031-76851F258ECE)
		remaining client pid: 0 (/kernel/AAF3C70C-3331-335A-96FB-D338CFE178F0)
SIGTERM: [1767991706] All buffers flushed
After 0.63s, these clients are still here:
		remaining client pid: 674 (/Applications/Firefox.app/Contents/MacOS/pingsender/A22F2E27-8CEA-3E2B-90C5-105742B8767B)
		remaining client pid: 0 (/kernel/AAF3C70C-3331-335A-96FB-D338CFE178F0)
SIGTERM: [1768244435] All buffers flushed
After 0.79s, these clients are still here:
		remaining client pid: 658 (/Applications/Firefox.app/Contents/MacOS/pingsender/A22F2E27-8CEA-3E2B-90C5-105742B8767B)
		remaining client pid: 0 (/kernel/AAF3C70C-3331-335A-96FB-D338CFE178F0)
SIGTERM: [1768250970] All buffers flushed
After 0.77s, these clients are still here:
		remaining client pid: 2118 (/System/Library/CoreServices/Keychain Circle Notification.app/Contents/MacOS/Keychain Circle Notification/3653A08F-1859-310A-884E-951BD8AA783B)
		remaining client pid: 2105 (/Applications/Firefox.app/Contents/MacOS/pingsender/A22F2E27-8CEA-3E2B-90C5-105742B8767B)
		remaining client pid: 0 (/kernel/AAF3C70C-3331-335A-96FB-D338CFE178F0)
SIGTERM: [1768253358] All buffers flushed
After 0.47s, these clients are still here:
		remaining client pid: 0 (/kernel/AAF3C70C-3331-335A-96FB-D338CFE178F0)
SIGTERM: [1768340125] All buffers flushed
After 0.78s, these clients are still here:
		remaining client pid: 616 (/Applications/Firefox.app/Contents/MacOS/pingsender/A22F2E27-8CEA-3E2B-90C5-105742B8767B)
		remaining client pid: 0 (/kernel/AAF3C70C-3331-335A-96FB-D338CFE178F0)
SIGTERM: [1768342671] All buffers flushed
After 0.49s, these clients are still here:
		remaining client pid: 0 (/kernel/AAF3C70C-3331-335A-96FB-D338CFE178F0)
SIGTERM: [1768518165] All buffers flushed
After 0.76s, these clients are still here:
		remaining client pid: 553 (/System/Library/PrivateFrameworks/PhotoLibraryServices.framework/Versions/A/Support/photolibraryd/41EE3C99-E013-39DE-9F1F-A335ECDBE36B)
		remaining client pid: 0 (/kernel/AAF3C70C-3331-335A-96FB-D338CFE178F0)
SIGTERM: [1768596457] All buffers flushed
SIGTERM: [1768688857] All buffers flushed
After 0.63s, these clients are still here:
		remaining client pid: 585 (/usr/libexec/biomesyncd/C6954499-DE00-3BBC-873A-FF23F93B2B63)
		remaining client pid: 0 (/kernel/AAF3C70C-3331-335A-96FB-D338CFE178F0)
SIGTERM: [1768774342] All buffers flushed
After 0.97s, these clients are still here:
		remaining client pid: 565 (/Applications/Firefox.app/Contents/MacOS/pingsender/C9C98D6A-1EDC-327E-9A52-3A6B7CCAFF91)
		remaining client pid: 147 (/System/Library/PrivateFrameworks/TCC.framework/Support/tccd/4D29237A-9CEA-39AF-B20D-692863923316)
		remaining client pid: 0 (/kernel/AAF3C70C-3331-335A-96FB-D338CFE178F0)
SIGTERM: [1768774810] All buffers flushed
After 0.44s, these clients are still here:
		remaining client pid: 0 (/kernel/AAF3C70C-3331-335A-96FB-D338CFE178F0)
SIGTERM: [1768843539] All buffers flushed
After 0.34s, these clients are still here:
		remaining client pid: 0 (/kernel/AAF3C70C-3331-335A-96FB-D338CFE178F0)
SIGTERM: [1768854104] All buffers flushed
After 0.57s, these clients are still here:
		remaining client pid: 870 (/Applications/Firefox.app/Contents/MacOS/pingsender/C9C98D6A-1EDC-327E-9A52-3A6B7CCAFF91)
		remaining client pid: 0 (/kernel/AAF3C70C-3331-335A-96FB-D338CFE178F0)
SIGTERM: [1769035048] All buffers flushed
After 0.67s, these clients are still here:
		remaining client pid: 5961 (/Applications/Firefox.app/Contents/MacOS/pingsender/C9C98D6A-1EDC-327E-9A52-3A6B7CCAFF91)
		remaining client pid: 199 (/System/Library/PrivateFrameworks/CoreAnalytics.framework/Support/analyticsd/5266E678-D5FA-355C-B1AE-8C236C6FA703)
		remaining client pid: 0 (/kernel/AAF3C70C-3331-335A-96FB-D338CFE178F0)
SIGTERM: [1769126401] All buffers flushed
After 0.58s, these clients are still here:
		remaining client pid: 58906 (/Applications/Firefox.app/Contents/MacOS/pingsender/C9C98D6A-1EDC-327E-9A52-3A6B7CCAFF91)
		remaining client pid: 0 (/kernel/AAF3C70C-3331-335A-96FB-D338CFE178F0)
SIGTERM: [1769200272] All buffers flushed
After 0.90s, these clients are still here:
		remaining client pid: 566 (/Applications/Firefox.app/Contents/MacOS/pingsender/C9C98D6A-1EDC-327E-9A52-3A6B7CCAFF91)
		remaining client pid: 0 (/kernel/AAF3C70C-3331-335A-96FB-D338CFE178F0)
SIGTERM: [1769205777] All buffers flushed
After 1.07s, these clients are still here:
		remaining client pid: 1107 (/Applications/Android Studio.app/Contents/jbr/Contents/Home/bin/java/4C4C4452-5555-3144-A15A-4BBF2A128402)
		remaining client pid: 1080 (/Applications/Android Studio.app/Contents/jbr/Contents/Home/bin/java/4C4C4452-5555-3144-A15A-4BBF2A128402)
		remaining client pid: 524 (/System/Library/PrivateFrameworks/PhotoLibraryServices.framework/Versions/A/Support/photolibraryd/41EE3C99-E013-39DE-9F1F-A335ECDBE36B)
		remaining client pid: 0 (/kernel/AAF3C70C-3331-335A-96FB-D338CFE178F0)
After 1.07s, these clients are still here:
		remaining client pid: 0 (/kernel/AAF3C70C-3331-335A-96FB-D338CFE178F0)
SIGTERM: [1769465470] All buffers flushed
SIGTERM: [1769561687] All buffers flushed
After 0.77s, these clients are still here:
		remaining client pid: 582 (/Applications/Firefox.app/Contents/MacOS/pingsender/C9C98D6A-1EDC-327E-9A52-3A6B7CCAFF91)
		remaining client pid: 409 (/System/Library/CoreServices/iconservicesagent/E7F3561F-3DCE-33AA-A1C4-BC82094BCA2C)
		remaining client pid: 0 (/kernel/AAF3C70C-3331-335A-96FB-D338CFE178F0)
SIGTERM: [1769563045] All buffers flushed
After 0.82s, these clients are still here:
		remaining client pid: 649 (/Applications/Firefox.app/Contents/MacOS/pingsender/C9C98D6A-1EDC-327E-9A52-3A6B7CCAFF91)
		remaining client pid: 0 (/kernel/AAF3C70C-3331-335A-96FB-D338CFE178F0)
SIGTERM: [1769637501] All buffers flushed
After 0.30s, these clients are still here:
		remaining client pid: 0 (/kernel/AAF3C70C-3331-335A-96FB-D338CFE178F0)
SIGTERM: [1769734760] All buffers flushed
After 0.89s, these clients are still here:
		remaining client pid: 1885 (/Applications/Firefox.app/Contents/MacOS/pingsender/06E8CBD1-636A-35E9-9EC5-9D5FFAEAA3D2)
		remaining client pid: 646 (/opt/local/Library/Java/JavaVirtualMachines/openjdk17/Contents/Home/bin/java/A225466D-E1B9-3020-87BD-88DA0B166D11)
		remaining client pid: 0 (/kernel/AAF3C70C-3331-335A-96FB-D338CFE178F0)
SIGTERM: [1769801814] All buffers flushed
After 0.77s, these clients are still here:
		remaining client pid: 665 (/opt/local/Library/Java/JavaVirtualMachines/openjdk17/Contents/Home/bin/java/A225466D-E1B9-3020-87BD-88DA0B166D11)
		remaining client pid: 149 (/System/Library/PrivateFrameworks/SkyLight.framework/Versions/A/Resources/WindowServer/4F6CA7C6-94CB-3750-9B17-D6E411DDFD19)
		remaining client pid: 0 (/kernel/AAF3C70C-3331-335A-96FB-D338CFE178F0)
SIGTERM: [1769979755] All buffers flushed
After 0.92s, these clients are still here:
		remaining client pid: 1095 (/opt/local/Library/Java/JavaVirtualMachines/openjdk17/Contents/Home/bin/java/A225466D-E1B9-3020-87BD-88DA0B166D11)
		remaining client pid: 555 (/System/Library/PrivateFrameworks/PhotoLibraryServices.framework/Versions/A/Support/photolibraryd/41EE3C99-E013-39DE-9F1F-A335ECDBE36B)
		remaining client pid: 0 (/kernel/AAF3C70C-3331-335A-96FB-D338CFE178F0)
SIGTERM: [1770248183] All buffers flushed
After 0.42s, these clients are still here:
		remaining client pid: 0 (/kernel/AAF3C70C-3331-335A-96FB-D338CFE178F0)
SIGTERM: [1770303787] All buffers flushed
After 0.26s, these clients are still here:
		remaining client pid: 0 (/kernel/AAF3C70C-3331-335A-96FB-D338CFE178F0)
SIGTERM: [1770312115] All buffers flushed
After 0.67s, these clients are still here:
		remaining client pid: 38550 (/Applications/Firefox.app/Contents/MacOS/pingsender/06E8CBD1-636A-35E9-9EC5-9D5FFAEAA3D2)
		remaining client pid: 0 (/kernel/AAF3C70C-3331-335A-96FB-D338CFE178F0)
SIGTERM: [1770341899] All buffers flushed
After 0.84s, these clients are still here:
		remaining client pid: 209 (/usr/sbin/mDNSResponder/6607CFD4-11B8-3E41-8444-C54103302DAD)
		remaining client pid: 123 (/usr/sbin/securityd/5349EC30-B138-3E05-B19F-4296744CF9A1)
		remaining client pid: 0 (/kernel/AAF3C70C-3331-335A-96FB-D338CFE178F0)
SIGTERM: [1770406198] All buffers flushed
After 0.83s, these clients are still here:
		remaining client pid: 19832 (/Applications/Firefox.app/Contents/MacOS/pingsender/35FC99EB-BD98-35EA-906E-893D75F3C2EB)
		remaining client pid: 0 (/kernel/AAF3C70C-3331-335A-96FB-D338CFE178F0)
SIGTERM: [1770417505] All buffers flushed
After 0.66s, these clients are still here:
		remaining client pid: 0 (/kernel/AAF3C70C-3331-335A-96FB-D338CFE178F0)
SIGTERM: [1770758297] All buffers flushed
After 0.41s, these clients are still here:
		remaining client pid: 0 (/kernel/AAF3C70C-3331-335A-96FB-D338CFE178F0)
SIGTERM: [1770759493] All buffers flushed
After 0.94s, these clients are still here:
		remaining client pid: 1232 (/Applications/Firefox.app/Contents/MacOS/pingsender/35FC99EB-BD98-35EA-906E-893D75F3C2EB)
		remaining client pid: 0 (/kernel/AAF3C70C-3331-335A-96FB-D338CFE178F0)
SIGTERM: [1770759953] All buffers flushed
After 0.64s, these clients are still here:
		remaining client pid: 3522 (/Applications/Firefox.app/Contents/MacOS/pingsender/35FC99EB-BD98-35EA-906E-893D75F3C2EB)
		remaining client pid: 0 (/kernel/AAF3C70C-3331-335A-96FB-D338CFE178F0)
SIGTERM: [1770770694] All buffers flushed
After 0.62s, these clients are still here:
		remaining client pid: 1209 (/Applications/Firefox.app/Contents/MacOS/pingsender/35FC99EB-BD98-35EA-906E-893D75F3C2EB)
		remaining client pid: 0 (/kernel/AAF3C70C-3331-335A-96FB-D338CFE178F0)
SIGTERM: [1770840792] All buffers flushed
After 0.84s, these clients are still here:
		remaining client pid: 2949 (/Applications/Firefox.app/Contents/MacOS/pingsender/35FC99EB-BD98-35EA-906E-893D75F3C2EB)
		remaining client pid: 0 (/kernel/AAF3C70C-3331-335A-96FB-D338CFE178F0)
SIGTERM: [1771002871] All buffers flushed
After 0.83s, these clients are still here:
		remaining client pid: 564 (/System/Library/PrivateFrameworks/PhotoLibraryServices.framework/Versions/A/Support/photolibraryd/41EE3C99-E013-39DE-9F1F-A335ECDBE36B)
		remaining client pid: 0 (/kernel/AAF3C70C-3331-335A-96FB-D338CFE178F0)
SIGTERM: [1771009214] All buffers flushed
After 0.88s, these clients are still here:
		remaining client pid: 42184 (/Applications/Firefox.app/Contents/MacOS/pingsender/35FC99EB-BD98-35EA-906E-893D75F3C2EB)
		remaining client pid: 0 (/kernel/AAF3C70C-3331-335A-96FB-D338CFE178F0)
SIGTERM: [1771011563] All buffers flushed
After 0.80s, these clients are still here:
		remaining client pid: 654 (/Applications/Firefox.app/Contents/MacOS/pingsender/35FC99EB-BD98-35EA-906E-893D75F3C2EB)
		remaining client pid: 150 (/System/Library/PrivateFrameworks/TCC.framework/Support/tccd/4D29237A-9CEA-39AF-B20D-692863923316)
		remaining client pid: 0 (/kernel/AAF3C70C-3331-335A-96FB-D338CFE178F0)
SIGTERM: [1771014410] All buffers flushed
After 0.65s, these clients are still here:
		remaining client pid: 176 (/usr/libexec/symptomsd/B44E3448-F633-31A7-9031-76851F258ECE)
		remaining client pid: 0 (/kernel/AAF3C70C-3331-335A-96FB-D338CFE178F0)
SIGTERM: [1771014455] All buffers flushed
After 0.61s, these clients are still here:
		remaining client pid: 679 (/Applications/Firefox.app/Contents/MacOS/pingsender/35FC99EB-BD98-35EA-906E-893D75F3C2EB)
		remaining client pid: 281 (/System/Library/Frameworks/CoreServices.framework/Versions/A/Frameworks/Metadata.framework/Versions/A/Support/mds_stores/A4FB8DE7-015A-3F7B-A6DA-0319A35FF39C)
		remaining client pid: 0 (/kernel/AAF3C70C-3331-335A-96FB-D338CFE178F0)
SIGTERM: [1771014960] All buffers flushed
After 0.62s, these clients are still here:
		remaining client pid: 13467 (/Applications/Firefox.app/Contents/MacOS/pingsender/35FC99EB-BD98-35EA-906E-893D75F3C2EB)
		remaining client pid: 0 (/kernel/AAF3C70C-3331-335A-96FB-D338CFE178F0)
SIGTERM: [1771016056] All buffers flushed
After 0.85s, these clients are still here:
		remaining client pid: 733 (/System/Library/CoreServices/Keychain Circle Notification.app/Contents/MacOS/Keychain Circle Notification/3653A08F-1859-310A-884E-951BD8AA783B)
		remaining client pid: 685 (/Applications/Firefox.app/Contents/MacOS/pingsender/35FC99EB-BD98-35EA-906E-893D75F3C2EB)
		remaining client pid: 274 (/System/Library/Frameworks/CoreServices.framework/Versions/A/Frameworks/Metadata.framework/Versions/A/Support/mds_stores/A4FB8DE7-015A-3F7B-A6DA-0319A35FF39C)
		remaining client pid: 0 (/kernel/AAF3C70C-3331-335A-96FB-D338CFE178F0)
SIGTERM: [1771016288] All buffers flushed
After 0.67s, these clients are still here:
		remaining client pid: 2142 (/Applications/Firefox.app/Contents/MacOS/pingsender/35FC99EB-BD98-35EA-906E-893D75F3C2EB)
		remaining client pid: 0 (/kernel/AAF3C70C-3331-335A-96FB-D338CFE178F0)
SIGTERM: [1771018185] All buffers flushed
After 0.81s, these clients are still here:
		remaining client pid: 669 (/Applications/Firefox.app/Contents/MacOS/pingsender/35FC99EB-BD98-35EA-906E-893D75F3C2EB)
		remaining client pid: 0 (/kernel/AAF3C70C-3331-335A-96FB-D338CFE178F0)
SIGTERM: [1771019381] All buffers flushed
After 1.07s, these clients are still here:
		remaining client pid: 6641 (/opt/local/Library/Java/JavaVirtualMachines/openjdk17/Contents/Home/bin/java/A225466D-E1B9-3020-87BD-88DA0B166D11)
		remaining client pid: 6491 (/opt/local/Library/Java/JavaVirtualMachines/openjdk17/Contents/Home/bin/java/A225466D-E1B9-3020-87BD-88DA0B166D11)
		remaining client pid: 6407 (/opt/local/Library/Java/JavaVirtualMachines/openjdk17/Contents/Home/bin/java/A225466D-E1B9-3020-87BD-88DA0B166D11)
		remaining client pid: 6341 (/opt/local/Library/Java/JavaVirtualMachines/openjdk17/Contents/Home/bin/java/A225466D-E1B9-3020-87BD-88DA0B166D11)
		remaining client pid: 6290 (/opt/local/Library/Java/JavaVirtualMachines/openjdk17/Contents/Home/bin/java/A225466D-E1B9-3020-87BD-88DA0B166D11)
		remaining client pid: 6199 (/opt/local/Library/Java/JavaVirtualMachines/openjdk17/Contents/Home/bin/java/A225466D-E1B9-3020-87BD-88DA0B166D11)
		remaining client pid: 6111 (/Applications/Android Studio Chipmunk.app/Contents/jre/Contents/Home/bin/java/0CC48B3D-02E7-3029-84F0-6FDE3A2A97CE)
		remaining client pid: 0 (/kernel/AAF3C70C-3331-335A-96FB-D338CFE178F0)
SIGTERM: [1771107005] All buffers flushed
After 0.60s, these clients are still here:
		remaining client pid: 1481 (/Applications/Firefox.app/Contents/MacOS/pingsender/35FC99EB-BD98-35EA-906E-893D75F3C2EB)
		remaining client pid: 0 (/kernel/AAF3C70C-3331-335A-96FB-D338CFE178F0)
SIGTERM: [1771188020] All buffers flushed
After 0.66s, these clients are still here:
		remaining client pid: 3912 (/Applications/Firefox.app/Contents/MacOS/pingsender/35FC99EB-BD98-35EA-906E-893D75F3C2EB)
		remaining client pid: 3149 (/Applications/SageMath-10-8.app/Contents/Frameworks/Sage.framework/Versions/10.8/local/bin/python3.13/02C9E162-A48C-38DE-9DEF-870F28720ADD)
		remaining client pid: 0 (/kernel/AAF3C70C-3331-335A-96FB-D338CFE178F0)
SIGTERM: [1771373559] All buffers flushed
After 0.64s, these clients are still here:
		remaining client pid: 1158 (/Applications/Firefox.app/Contents/MacOS/pingsender/44E36D8B-D9B1-35D2-8A2A-615F5FB99690)
		remaining client pid: 0 (/kernel/AAF3C70C-3331-335A-96FB-D338CFE178F0)
SIGTERM: [1771614192] All buffers flushed
After 0.85s, these clients are still here:
		remaining client pid: 702 (/System/Library/CoreServices/Keychain Circle Notification.app/Contents/MacOS/Keychain Circle Notification/3653A08F-1859-310A-884E-951BD8AA783B)
		remaining client pid: 700 (/Applications/Firefox.app/Contents/MacOS/pingsender/44E36D8B-D9B1-35D2-8A2A-615F5FB99690)
		remaining client pid: 0 (/kernel/AAF3C70C-3331-335A-96FB-D338CFE178F0)
SIGTERM: [1771789970] All buffers flushed
After 0.74s, these clients are still here:
		remaining client pid: 582 (/Applications/Firefox.app/Contents/MacOS/pingsender/44E36D8B-D9B1-35D2-8A2A-615F5FB99690)
		remaining client pid: 0 (/kernel/AAF3C70C-3331-335A-96FB-D338CFE178F0)
SIGTERM: [1771791227] All buffers flushed
After 0.71s, these clients are still here:
		remaining client pid: 4901 (/Applications/Firefox.app/Contents/MacOS/pingsender/44E36D8B-D9B1-35D2-8A2A-615F5FB99690)
		remaining client pid: 544 (/System/Library/PrivateFrameworks/PhotoLibraryServices.framework/Versions/A/Support/photolibraryd/41EE3C99-E013-39DE-9F1F-A335ECDBE36B)
		remaining client pid: 0 (/kernel/AAF3C70C-3331-335A-96FB-D338CFE178F0)
SIGTERM: [1772067847] All buffers flushed
After 0.70s, these clients are still here:
		remaining client pid: 2990 (/Applications/Android Studio Meerkat.app/Contents/jbr/Contents/Home/bin/java/4C4C4452-5555-3144-A15A-4BBF2A128402)
		remaining client pid: 2232 (/Applications/Android Studio Meerkat.app/Contents/jbr/Contents/Home/bin/java/4C4C4452-5555-3144-A15A-4BBF2A128402)
		remaining client pid: 0 (/kernel/AAF3C70C-3331-335A-96FB-D338CFE178F0)
After 0.71s, these clients are still here:
		remaining client pid: 0 (/kernel/AAF3C70C-3331-335A-96FB-D338CFE178F0)
SIGTERM: [1772128159] All buffers flushed
After 0.82s, these clients are still here:
		remaining client pid: 1131 (/opt/local/Library/Java/JavaVirtualMachines/openjdk17/Contents/Home/bin/java/A225466D-E1B9-3020-87BD-88DA0B166D11)
		remaining client pid: 149 (/System/Library/PrivateFrameworks/SkyLight.framework/Versions/A/Resources/WindowServer/4F6CA7C6-94CB-3750-9B17-D6E411DDFD19)
		remaining client pid: 0 (/kernel/AAF3C70C-3331-335A-96FB-D338CFE178F0)
SIGTERM: [1772155950] All buffers flushed
After 0.90s, these clients are still here:
		remaining client pid: 643 (/opt/local/Library/Java/JavaVirtualMachines/openjdk17/Contents/Home/bin/java/A225466D-E1B9-3020-87BD-88DA0B166D11)
		remaining client pid: 0 (/kernel/AAF3C70C-3331-335A-96FB-D338CFE178F0)
SIGTERM: [1772191073] All buffers flushed
After 0.67s, these clients are still here:
		remaining client pid: 1629 (/Applications/Firefox.app/Contents/MacOS/pingsender/9EBFFFA7-0D43-34F9-966B-9EF1CE1ACA4D)
		remaining client pid: 589 (/usr/libexec/biomesyncd/C6954499-DE00-3BBC-873A-FF23F93B2B63)
		remaining client pid: 0 (/kernel/AAF3C70C-3331-335A-96FB-D338CFE178F0)
SIGTERM: [1772220009] All buffers flushed
After 0.93s, these clients are still here:
		remaining client pid: 59093 (/System/Library/CoreServices/Software Update.app/Contents/Resources/suhelperd/0A97F52F-7B2C-3811-B4A0-9D552E6A06A1)
		remaining client pid: 59092 (/System/Library/CoreServices/Software Update.app/Contents/Resources/softwareupdated/90C880C1-8983-3358-A628-8366CD896A95)
		remaining client pid: 56033 (/opt/local/Library/Java/JavaVirtualMachines/openjdk17/Contents/Home/bin/java/A225466D-E1B9-3020-87BD-88DA0B166D11)
		remaining client pid: 530 (/System/Library/PrivateFrameworks/PhotoLibraryServices.framework/Versions/A/Support/photolibraryd/41EE3C99-E013-39DE-9F1F-A335ECDBE36B)
		remaining client pid: 0 (/kernel/AAF3C70C-3331-335A-96FB-D338CFE178F0)
SIGTERM: [1772732234] All buffers flushed
After 0.96s, these clients are still here:
		remaining client pid: 3647 (/Users/maxieds/Library/Android/sdk/emulator/crashpad_handler/4C4C4413-5555-3144-A186-C12B6310E226)
		remaining client pid: 3646 (/Users/maxieds/Library/Android/sdk/emulator/crashpad_handler/4C4C4413-5555-3144-A186-C12B6310E226)
		remaining client pid: 2780 (/Users/maxieds/Library/Android/sdk/emulator/netsimd/4C4C44BF-5555-3144-A120-9BCCF15F90A6)
		remaining client pid: 2779 (/Users/maxieds/Library/Android/sdk/emulator/crashpad_handler/4C4C4413-5555-3144-A186-C12B6310E226)
		remaining client pid: 2774 (/Users/maxieds/Library/Android/sdk/emulator/qemu/darwin-x86_64/qemu-system-x86_64/4C4C44DC-5555-3144-A142-5BA7BB1FA8AA)
		remaining client pid: 2776 (/Users/maxieds/Library/Android/sdk/emulator/crashpad_handler/4C4C4413-5555-3144-A186-C12B6310E226)
		remaining client pid: 0 (/kernel/AAF3C70C-3331-335A-96FB-D338CFE178F0)
SIGTERM: [1772761831] All buffers flushed
After 0.44s, these clients are still here:
		remaining client pid: 0 (/kernel/AAF3C70C-3331-335A-96FB-D338CFE178F0)
SIGTERM: [1772809450] All buffers flushed
After 0.93s, these clients are still here:
		remaining client pid: 1507 (/Applications/Firefox.app/Contents/MacOS/pingsender/9EBFFFA7-0D43-34F9-966B-9EF1CE1ACA4D)
		remaining client pid: 600 (/Applications/SageMath-10-8.app/Contents/Frameworks/Sage.framework/Versions/10.8/local/bin/python3.13/02C9E162-A48C-38DE-9DEF-870F28720ADD)
		remaining client pid: 0 (/kernel/AAF3C70C-3331-335A-96FB-D338CFE178F0)
After 0.93s, these clients are still here:
		remaining client pid: 0 (/kernel/AAF3C70C-3331-335A-96FB-D338CFE178F0)
SIGTERM: [1772837701] All buffers flushed
After 0.45s, these clients are still here:
		remaining client pid: 0 (/kernel/AAF3C70C-3331-335A-96FB-D338CFE178F0)
SIGTERM: [1772882782] All buffers flushed
After 0.56s, these clients are still here:
		remaining client pid: 1061 (/Applications/Firefox.app/Contents/MacOS/pingsender/9EBFFFA7-0D43-34F9-966B-9EF1CE1ACA4D)
		remaining client pid: 0 (/kernel/AAF3C70C-3331-335A-96FB-D338CFE178F0)
SIGTERM: [1773086437] All buffers flushed
After 0.56s, these clients are still here:
		remaining client pid: 923 (/Applications/Firefox.app/Contents/MacOS/pingsender/9EBFFFA7-0D43-34F9-966B-9EF1CE1ACA4D)
		remaining client pid: 540 (/System/Library/PrivateFrameworks/PhotoLibraryServices.framework/Versions/A/Support/photolibraryd/41EE3C99-E013-39DE-9F1F-A335ECDBE36B)
		remaining client pid: 0 (/kernel/AAF3C70C-3331-335A-96FB-D338CFE178F0)
SIGTERM: [1773516932] All buffers flushed
After 0.43s, these clients are still here:
		remaining client pid: 0 (/kernel/AAF3C70C-3331-335A-96FB-D338CFE178F0)
SIGTERM: [1773691627] All buffers flushed
After 0.49s, these clients are still here:
		remaining client pid: 0 (/kernel/AAF3C70C-3331-335A-96FB-D338CFE178F0)
SIGTERM: [1773783650] All buffers flushed
After 0.68s, these clients are still here:
		remaining client pid: 780 (/Applications/Firefox.app/Contents/MacOS/pingsender/BBA05C5E-16DC-3880-B903-1680F4A589CC)
		remaining client pid: 0 (/kernel/AAF3C70C-3331-335A-96FB-D338CFE178F0)
SIGTERM: [1773865806] All buffers flushed
After 0.78s, these clients are still here:
		remaining client pid: 683 (/Applications/Firefox.app/Contents/MacOS/pingsender/BBA05C5E-16DC-3880-B903-1680F4A589CC)
		remaining client pid: 0 (/kernel/AAF3C70C-3331-335A-96FB-D338CFE178F0)
SIGTERM: [1774029330] All buffers flushed
After 0.87s, these clients are still here:
		remaining client pid: 1311 (/Applications/Firefox.app/Contents/MacOS/pingsender/BBA05C5E-16DC-3880-B903-1680F4A589CC)
		remaining client pid: 545 (/System/Library/PrivateFrameworks/PhotoLibraryServices.framework/Versions/A/Support/photolibraryd/41EE3C99-E013-39DE-9F1F-A335ECDBE36B)
		remaining client pid: 0 (/kernel/AAF3C70C-3331-335A-96FB-D338CFE178F0)
SIGTERM: [1774291980] All buffers flushed
After 0.63s, these clients are still here:
		remaining client pid: 1358 (/Applications/Firefox.app/Contents/MacOS/pingsender/BBA05C5E-16DC-3880-B903-1680F4A589CC)
		remaining client pid: 0 (/kernel/AAF3C70C-3331-335A-96FB-D338CFE178F0)
SIGTERM: [1774560594] All buffers flushed
After 0.57s, these clients are still here:
		remaining client pid: 0 (/kernel/AAF3C70C-3331-335A-96FB-D338CFE178F0)
SIGTERM: [1774619274] All buffers flushed
After 0.93s, these clients are still here:
		remaining client pid: 3813 (/usr/libexec/dmd/55ECB376-4743-360D-87CF-6CCF4F938CB5)
		remaining client pid: 3799 (/Users/maxieds/Library/Android/sdk/emulator/crashpad_handler/4C4C4413-5555-3144-A186-C12B6310E226)
		remaining client pid: 3773 (/Users/maxieds/Library/Android/sdk/emulator/crashpad_handler/4C4C4413-5555-3144-A186-C12B6310E226)
		remaining client pid: 3772 (/Users/maxieds/Library/Android/sdk/emulator/crashpad_handler/4C4C4413-5555-3144-A186-C12B6310E226)
		remaining client pid: 706 (/Users/maxieds/Library/Android/sdk/emulator/netsimd/4C4C44BF-5555-3144-A120-9BCCF15F90A6)
		remaining client pid: 705 (/Users/maxieds/Library/Android/sdk/emulator/crashpad_handler/4C4C4413-5555-3144-A186-C12B6310E226)
		remaining client pid: 701 (/Users/maxieds/Library/Android/sdk/emulator/qemu/darwin-x86_64/qemu-system-x86_64/4C4C44DC-5555-3144-A142-5BA7BB1FA8AA)
		remaining client pid: 703 (/Users/maxieds/Library/Android/sdk/emulator/crashpad_handler/4C4C4413-5555-3144-A186-C12B6310E226)
		remaining client pid: 0 (/kernel/AAF3C70C-3331-335A-96FB-D338CFE178F0)
SIGTERM: [1774647910] All buffers flushed
After 0.18s, these clients are still here:
		remaining client pid: 0 (/kernel/AAF3C70C-3331-335A-96FB-D338CFE178F0)
SIGTERM: [1774708310] All buffers flushed
After 0.79s, these clients are still here:
		remaining client pid: 597 (/usr/libexec/biomesyncd/C6954499-DE00-3BBC-873A-FF23F93B2B63)
		remaining client pid: 0 (/kernel/AAF3C70C-3331-335A-96FB-D338CFE178F0)
SIGTERM: [1774910421] All buffers flushed
After 0.86s, these clients are still here:
		remaining client pid: 890 (/Applications/Firefox.app/Contents/MacOS/pingsender/52467DE9-BBB4-39D6-AC4A-679F842CBE01)
		remaining client pid: 0 (/kernel/AAF3C70C-3331-335A-96FB-D338CFE178F0)
SIGTERM: [1774988377] All buffers flushed
After 0.46s, these clients are still here:
		remaining client pid: 0 (/kernel/AAF3C70C-3331-335A-96FB-D338CFE178F0)
SIGTERM: [1775074559] All buffers flushed
After 0.82s, these clients are still here:
		remaining client pid: 749 (/Applications/Firefox.app/Contents/MacOS/pingsender/52467DE9-BBB4-39D6-AC4A-679F842CBE01)
		remaining client pid: 0 (/kernel/AAF3C70C-3331-335A-96FB-D338CFE178F0)
SIGTERM: [1775160116] All buffers flushed
After 0.73s, these clients are still here:
		remaining client pid: 2281 (/Users/maxieds/Library/Android/sdk/emulator/crashpad_handler/4C4C4413-5555-3144-A186-C12B6310E226)
		remaining client pid: 2274 (/Users/maxieds/Library/Android/sdk/emulator/crashpad_handler/4C4C4413-5555-3144-A186-C12B6310E226)
		remaining client pid: 2275 (/Users/maxieds/Library/Android/sdk/emulator/crashpad_handler/4C4C4413-5555-3144-A186-C12B6310E226)
		remaining client pid: 1296 (/Users/maxieds/Library/Android/sdk/emulator/netsimd/4C4C44BF-5555-3144-A120-9BCCF15F90A6)
		remaining client pid: 1295 (/Users/maxieds/Library/Android/sdk/emulator/crashpad_handler/4C4C4413-5555-3144-A186-C12B6310E226)
		remaining client pid: 1273 (/Users/maxieds/Library/Android/sdk/emulator/qemu/darwin-x86_64/qemu-system-x86_64/4C4C44DC-5555-3144-A142-5BA7BB1FA8AA)
		remaining client pid: 1275 (/Users/maxieds/Library/Android/sdk/emulator/crashpad_handler/4C4C4413-5555-3144-A186-C12B6310E226)
		remaining client pid: 561 (/System/Library/PrivateFrameworks/PhotoLibraryServices.framework/Versions/A/Support/photolibraryd/41EE3C99-E013-39DE-9F1F-A335ECDBE36B)
		remaining client pid: 0 (/kernel/AAF3C70C-3331-335A-96FB-D338CFE178F0)
SIGTERM: [1775253500] All buffers flushed
After 0.09s, these clients are still here:
		remaining client pid: 0 (/kernel/AAF3C70C-3331-335A-96FB-D338CFE178F0)
SIGTERM: [1775747791] All buffers flushed
After 0.84s, these clients are still here:
		remaining client pid: 1296 (/Applications/Firefox.app/Contents/MacOS/pingsender/52467DE9-BBB4-39D6-AC4A-679F842CBE01)
		remaining client pid: 552 (/System/Library/PrivateFrameworks/PhotoLibraryServices.framework/Versions/A/Support/photolibraryd/41EE3C99-E013-39DE-9F1F-A335ECDBE36B)
		remaining client pid: 0 (/kernel/AAF3C70C-3331-335A-96FB-D338CFE178F0)
SIGTERM: [1775856027] All buffers flushed
After 0.46s, these clients are still here:
		remaining client pid: 0 (/kernel/AAF3C70C-3331-335A-96FB-D338CFE178F0)
SIGTERM: [1775942701] All buffers flushed
After 0.44s, these clients are still here:
		remaining client pid: 0 (/kernel/AAF3C70C-3331-335A-96FB-D338CFE178F0)
SIGTERM: [1776118673] All buffers flushed
After 0.55s, these clients are still here:
		remaining client pid: 1409 (/Applications/Firefox.app/Contents/MacOS/pingsender/B0D1C2D2-70D9-3E0E-A996-531313674863)
		remaining client pid: 0 (/kernel/AAF3C70C-3331-335A-96FB-D338CFE178F0)
SIGTERM: [1776206514] All buffers flushed
After 0.89s, these clients are still here:
		remaining client pid: 564 (/usr/libexec/biomesyncd/C6954499-DE00-3BBC-873A-FF23F93B2B63)
		remaining client pid: 0 (/kernel/AAF3C70C-3331-335A-96FB-D338CFE178F0)
SIGTERM: [1776265157] All buffers flushed
After 0.86s, these clients are still here:
		remaining client pid: 866 (/Applications/Firefox.app/Contents/MacOS/pingsender/B0D1C2D2-70D9-3E0E-A996-531313674863)
		remaining client pid: 0 (/kernel/AAF3C70C-3331-335A-96FB-D338CFE178F0)
SIGTERM: [1776378785] All buffers flushed
After 0.76s, these clients are still here:
		remaining client pid: 1116 (/Applications/Firefox.app/Contents/MacOS/pingsender/B0D1C2D2-70D9-3E0E-A996-531313674863)
		remaining client pid: 1109 (/Users/maxieds/Library/Application Support/Google/GoogleUpdater/148.0.7730.0/GoogleUpdater.app/Contents/MacOS/GoogleUpdater/4C4C4492-5555-3144-A1BB-47F5735F67F2)
		remaining client pid: 1107 (/Users/maxieds/Library/Application Support/Google/GoogleUpdater/148.0.7730.0/GoogleUpdater.app/Contents/MacOS/GoogleUpdater/4C4C4492-5555-3144-A1BB-47F5735F67F2)
		remaining client pid: 1105 (/Users/maxieds/Library/Application Support/Google/GoogleUpdater/148.0.7730.0/GoogleUpdater.app/Contents/MacOS/GoogleUpdater/4C4C4492-5555-3144-A1BB-47F5735F67F2)
		remaining client pid: 1103 (/Users/maxieds/Library/Application Support/Google/GoogleUpdater/148.0.7730.0/GoogleUpdater.app/Contents/MacOS/GoogleUpdater/4C4C4492-5555-3144-A1BB-47F5735F67F2)
		remaining client pid: 1101 (/Users/maxieds/Library/Application Support/Google/GoogleUpdater/148.0.7730.0/GoogleUpdater.app/Contents/MacOS/GoogleUpdater/4C4C4492-5555-3144-A1BB-47F5735F67F2)
		remaining client pid: 1098 (/Users/maxieds/Library/Application Support/Google/GoogleUpdater/148.0.7730.0/GoogleUpdater.app/Contents/MacOS/GoogleUpdater/4C4C4492-5555-3144-A1BB-47F5735F67F2)
		remaining client pid: 0 (/kernel/AAF3C70C-3331-335A-96FB-D338CFE178F0)
SIGTERM: [1776453289] All buffers flushed
After 0.70s, these clients are still here:
		remaining client pid: 589 (/Applications/Firefox.app/Contents/MacOS/pingsender/B0D1C2D2-70D9-3E0E-A996-531313674863)
		remaining client pid: 284 (/System/Library/Frameworks/CoreServices.framework/Versions/A/Frameworks/Metadata.framework/Versions/A/Support/mds_stores/A4FB8DE7-015A-3F7B-A6DA-0319A35FF39C)
		remaining client pid: 0 (/kernel/AAF3C70C-3331-335A-96FB-D338CFE178F0)
SIGTERM: [1776618359] All buffers flushed
After 0.91s, these clients are still here:
		remaining client pid: 578 (/Applications/Firefox.app/Contents/MacOS/pingsender/B0D1C2D2-70D9-3E0E-A996-531313674863)
		remaining client pid: 283 (/System/Library/Frameworks/CoreServices.framework/Versions/A/Frameworks/Metadata.framework/Versions/A/Support/mds_stores/A4FB8DE7-015A-3F7B-A6DA-0319A35FF39C)
		remaining client pid: 0 (/kernel/AAF3C70C-3331-335A-96FB-D338CFE178F0)
SIGTERM: [1776630081] All buffers flushed
After 0.33s, these clients are still here:
		remaining client pid: 0 (/kernel/AAF3C70C-3331-335A-96FB-D338CFE178F0)
SIGTERM: [1776962659] All buffers flushed
After 0.71s, these clients are still here:
		remaining client pid: 608 (/usr/libexec/biomesyncd/C6954499-DE00-3BBC-873A-FF23F93B2B63)
		remaining client pid: 286 (/System/Library/Frameworks/CoreServices.framework/Versions/A/Frameworks/Metadata.framework/Versions/A/Support/mds_stores/A4FB8DE7-015A-3F7B-A6DA-0319A35FF39C)
		remaining client pid: 0 (/kernel/AAF3C70C-3331-335A-96FB-D338CFE178F0)
SIGTERM: [1777034869] All buffers flushed
After 0.84s, these clients are still here:
		remaining client pid: 799 (/Applications/Firefox.app/Contents/MacOS/pingsender/6A434E7B-188D-3414-9A78-47EC3CBE767D)
		remaining client pid: 0 (/kernel/AAF3C70C-3331-335A-96FB-D338CFE178F0)
SIGTERM: [1777056517] All buffers flushed
After 0.43s, these clients are still here:
		remaining client pid: 0 (/kernel/AAF3C70C-3331-335A-96FB-D338CFE178F0)
SIGTERM: [1777058442] All buffers flushed
After 0.48s, these clients are still here:
		remaining client pid: 0 (/kernel/AAF3C70C-3331-335A-96FB-D338CFE178F0)
SIGTERM: [1777065247] All buffers flushed
After 0.44s, these clients are still here:
		remaining client pid: 0 (/kernel/AAF3C70C-3331-335A-96FB-D338CFE178F0)
SIGTERM: [1777097325] All buffers flushed
After 0.77s, these clients are still here:
		remaining client pid: 518 (/System/Library/PrivateFrameworks/PhotoLibraryServices.framework/Versions/A/Support/photolibraryd/41EE3C99-E013-39DE-9F1F-A335ECDBE36B)
		remaining client pid: 0 (/kernel/AAF3C70C-3331-335A-96FB-D338CFE178F0)
SIGTERM: [1777219725] All buffers flushed
After 0.62s, these clients are still here:
		remaining client pid: 0 (/kernel/AAF3C70C-3331-335A-96FB-D338CFE178F0)
SIGTERM: [1777499262] All buffers flushed
After 0.42s, these clients are still here:
		remaining client pid: 0 (/kernel/AAF3C70C-3331-335A-96FB-D338CFE178F0)
SIGTERM: [1777507304] All buffers flushed
SIGTERM: [1777510051] All buffers flushed
After 0.65s, these clients are still here:
		remaining client pid: 3518 (/System/Library/PrivateFrameworks/SafariPlatformSupport.framework/Versions/A/XPCServices/com.apple.SafariPlatformSupport.Helper.xpc/Contents/MacOS/com.apple.SafariPlatformSupport.Helper/12966F5F-7484-3DA5-9C03-00576866851E)
		remaining client pid: 3517 (/System/Library/CoreServices/ControlCenter.app/Contents/XPCServices/ControlCenterHelper.xpc/Contents/MacOS/ControlCenterHelper/D7EEA975-5C36-3315-A6F0-3D090B1C45FD)
		remaining client pid: 406 (/System/Library/PrivateFrameworks/ViewBridge.framework/Versions/A/XPCServices/ViewBridgeAuxiliary.xpc/Contents/MacOS/ViewBridgeAuxiliary/5578139B-E38B-3062-AFEB-A654F098F33E)
		remaining client pid: 149 (/System/Library/PrivateFrameworks/SkyLight.framework/Versions/A/Resources/WindowServer/4F6CA7C6-94CB-3750-9B17-D6E411DDFD19)
		remaining client pid: 123 (/usr/sbin/securityd/5349EC30-B138-3E05-B19F-4296744CF9A1)
		remaining client pid: 0 (/kernel/AAF3C70C-3331-335A-96FB-D338CFE178F0)
SIGTERM: [1777564322] All buffers flushed
SIGTERM: [1777643337] All buffers flushed
After 0.95s, these clients are still here:
		remaining client pid: 886 (/Applications/Firefox.app/Contents/MacOS/pingsender/5D0ADDDE-BF86-3AE8-8F54-88A72F2AA74C)
		remaining client pid: 417 (/System/Library/CoreServices/iconservicesagent/E7F3561F-3DCE-33AA-A1C4-BC82094BCA2C)
		remaining client pid: 0 (/kernel/AAF3C70C-3331-335A-96FB-D338CFE178F0)
SIGTERM: [1778012613] All buffers flushed
After 0.57s, these clients are still here:
		remaining client pid: 0 (/kernel/AAF3C70C-3331-335A-96FB-D338CFE178F0)
SIGTERM: [1778072308] All buffers flushed
After 0.69s, these clients are still here:
		remaining client pid: 512 (/System/Library/PrivateFrameworks/PhotoLibraryServices.framework/Versions/A/Support/photolibraryd/41EE3C99-E013-39DE-9F1F-A335ECDBE36B)
		remaining client pid: 112 (/usr/libexec/diskarbitrationd/1760D29A-A7D7-3464-B3CF-5D7D08105F66)
		remaining client pid: 0 (/kernel/AAF3C70C-3331-335A-96FB-D338CFE178F0)
SIGTERM: [1778173147] All buffers flushed
After 0.84s, these clients are still here:
		remaining client pid: 852 (/Applications/Firefox.app/Contents/MacOS/pingsender/5D0ADDDE-BF86-3AE8-8F54-88A72F2AA74C)
		remaining client pid: 0 (/kernel/AAF3C70C-3331-335A-96FB-D338CFE178F0)
SIGTERM: [1778261630] All buffers flushed
After 0.56s, these clients are still here:
		remaining client pid: 551 (/System/Library/PrivateFrameworks/PhotoLibraryServices.framework/Versions/A/Support/photolibraryd/41EE3C99-E013-39DE-9F1F-A335ECDBE36B)
		remaining client pid: 0 (/kernel/AAF3C70C-3331-335A-96FB-D338CFE178F0)
SIGTERM: [1778876926] All buffers flushed
After 0.72s, these clients are still here:
		remaining client pid: 663 (/usr/libexec/remindd/CD8D3A17-4D21-3DA9-AFBF-75C57DD841DB)
		remaining client pid: 0 (/kernel/AAF3C70C-3331-335A-96FB-D338CFE178F0)
SIGTERM: [1778951071] All buffers flushed
After 0.82s, these clients are still here:
		remaining client pid: 615 (/usr/libexec/biomesyncd/C6954499-DE00-3BBC-873A-FF23F93B2B63)
		remaining client pid: 0 (/kernel/AAF3C70C-3331-335A-96FB-D338CFE178F0)
SIGTERM: [1779133472] All buffers flushed
After 0.57s, these clients are still here:
		remaining client pid: 490 (/System/Library/PrivateFrameworks/ProtectedCloudStorage.framework/Helpers/ProtectedCloudKeySyncing/2EB37D12-321D-3EA9-BC8E-D949FEAD8BAA)
		remaining client pid: 424 (/System/Library/PrivateFrameworks/VoiceShortcuts.framework/Versions/A/Support/siriactionsd/AC3684A2-B1C6-39ED-8C76-AF920B1E3928)
		remaining client pid: 0 (/kernel/AAF3C70C-3331-335A-96FB-D338CFE178F0)
SIGTERM: [1779244656] All buffers flushed
After 0.44s, these clients are still here:
		remaining client pid: 0 (/kernel/AAF3C70C-3331-335A-96FB-D338CFE178F0)
SIGTERM: [1779471108] All buffers flushed
