-rwxr-xr-x   1 root  wheel   1.8M Jul 17  2024 /usr/libexec/ASPCarryLog
-rwxr-xr-x   1 root  wheel   165K Jul 17  2024 /usr/libexec/AdvancedCommandsMigrator
-rwxr-xr-x   1 root  wheel   170K Jul 17  2024 /usr/libexec/AirPlayXPCHelper
-rwxr-xr-x   1 root  wheel   302K Jul 17  2024 /usr/libexec/AppleQEMUGuestAgent
-rwxr-xr-x   1 root  wheel   418K Jul 17  2024 /usr/libexec/CSCSupportd
-rwxr-xr-x   1 root  wheel   169K Jul 17  2024 /usr/libexec/DataDetectorsLocalSources
-rwxr-xr-x   1 root  wheel   166K Jul 17  2024 /usr/libexec/DataDetectorsSourceAccess
-rwxr-xr-x   1 root  wheel   551K Jul 17  2024 /usr/libexec/DumpPanic
-rwxr-xr-x   1 root  wheel   167K Jul 17  2024 /usr/libexec/FDERecoveryAgent
-rwxr-xr-x   1 root  wheel   199K Jul 17  2024 /usr/libexec/FirmwareUpdateLauncher
-rwxr-xr-x   1 root  wheel   150K Jul 17  2024 /usr/libexec/IOAccelMemoryInfoCollector
-rwxr-xr-x   1 root  wheel   108K Jul 17  2024 /usr/libexec/IOMFB_bics_daemon
-r-xr-xr-x   1 root  wheel   491K Jul 17  2024 /usr/libexec/InternetSharing
-rwxr-xr-x   1 root  wheel   203K Jul 17  2024 /usr/libexec/KeychainMigrator
-rwxr-xr-x   1 root  wheel   169K Jul 17  2024 /usr/libexec/KeychainStasher
-rwxr-xr-x   1 root  wheel   168K Jul 17  2024 /usr/libexec/MobileGestaltHelper
-rwxr-xr-x   1 root  wheel   528K Jul 17  2024 /usr/libexec/MobileStorageMounter
-rwxr-xr-x   1 root  wheel   318K Jul 17  2024 /usr/libexec/NRDUpdated
-rwxr-xr-x   1 root  wheel   167K Jul 17  2024 /usr/libexec/NVMeAgent
-rwxr-xr-x   1 root  wheel   175K Jul 17  2024 /usr/libexec/PerfPowerServices
-rwxr-xr-x   1 root  wheel   176K Jul 17  2024 /usr/libexec/PerfPowerServicesExtended
-rwxr-xr-x   1 root  wheel   185K Jul 17  2024 /usr/libexec/PlistBuddy
-rwxr-xr-x   1 root  wheel   168K Jul 17  2024 /usr/libexec/PowerUIAgent
-rwxr-xr-x   1 root  wheel   269K Jul 17  2024 /usr/libexec/ReportMemoryException
-rwxr-xr-x   1 root  wheel   1.8M Jul 17  2024 /usr/libexec/SidecarDisplayAgent
-rwxr-xr-x   1 root  wheel   961K Jul 17  2024 /usr/libexec/SidecarRelay
-rwxr-xr-x   1 root  wheel   1.9M Jul 17  2024 /usr/libexec/TouchBarServer
-rwxr-xr-x   1 root  wheel   168K Jul 17  2024 /usr/libexec/USBAgent
-rwxr-xr-x   1 root  wheel   174K Jul 17  2024 /usr/libexec/UserEventAgent
-rwxr-xr-x   1 root  wheel   348K Jul 17  2024 /usr/libexec/WiFiVelocityAgent
-rwxr-xr-x   1 root  wheel   170K Jul 17  2024 /usr/libexec/adprivacyd
-rwxr-xr-x   1 root  wheel   4.8M Jul 17  2024 /usr/libexec/airportd
-rwxr-xr-x   1 root  wheel   324K Jul 17  2024 /usr/libexec/amfid
-rwxr-xr-x   1 root  wheel   151K Jul 17  2024 /usr/libexec/amsdstat
-rwxr-xr-x   1 root  wheel   447K Jul 17  2024 /usr/libexec/aned
-rwxr-xr-x   1 root  wheel   309K Jul 17  2024 /usr/libexec/apfsd
-rwxr-xr-x   1 root  wheel   3.9M Jul 17  2024 /usr/libexec/appleaccountd
-rwxr-xr-x   1 root  wheel   2.1M Jul 17  2024 /usr/libexec/applessdstatistics
-rwxr-xr-x   1 root  wheel   2.2M Jul 17  2024 /usr/libexec/assessmentagent
-rwxr-xr-x   1 root  wheel   149K Jul 17  2024 /usr/libexec/atrun
-rwxr-xr-x   1 root  wheel   166K Jul 17  2024 /usr/libexec/attach_automation_image
-rwxr-xr-x   1 root  wheel   166K Jul 17  2024 /usr/libexec/audinstaller
-r-sr-xr-x   1 root  wheel   148K Jul 17  2024 /usr/libexec/authopen
-rwxr-xr-x   1 root  wheel   164K Jul 17  2024 /usr/libexec/autofsd
-rwxr-xr-x   1 root  wheel   204K Jul 17  2024 /usr/libexec/automation_trampoline
-rwxr-xr-x   1 root  wheel   385K Jul 17  2024 /usr/libexec/automountd
-rwxr-xr-x   1 root  wheel   172K Jul 17  2024 /usr/libexec/avconferenced
-rwxr-xr-x   1 root  wheel   201K Jul 17  2024 /usr/libexec/batteryintelligenced
-rwxr-xr-x   1 root  wheel   199K Jul 17  2024 /usr/libexec/biokitaggdd
-rwxr-xr-x   1 root  wheel   1.2M Jul 17  2024 /usr/libexec/biomesyncd
-rwxr-xr-x   1 root  wheel   1.6M Jul 17  2024 /usr/libexec/biometrickitd
-rwxr-xr-x   1 root  wheel   234K Jul 17  2024 /usr/libexec/bootinstalld
-rwxr-xr-x   1 root  wheel   463K Jul 17  2024 /usr/libexec/bootpd
-rwxr-xr-x   1 root  wheel   257K Jul 17  2024 /usr/libexec/captiveagent
-rwxr-xr-x   1 root  wheel   149K Jul 17  2024 /usr/libexec/cc_fips_test
-rwxr-xr-x   1 root  wheel   2.9K Jul 17  2024 /usr/libexec/checkLocalKDC
-rwxr-xr-x   1 root  wheel   165K Jul 17  2024 /usr/libexec/chkpasswd
-rwxr-xr-x   1 root  wheel   1.5M Jul 17  2024 /usr/libexec/cloudconfigurationd
-rwxr-xr-x   1 root  wheel   191K Jul 17  2024 /usr/libexec/colorsync.displayservices
-rwxr-xr-x   1 root  wheel   154K Jul 17  2024 /usr/libexec/colorsyncd
-rwxr-xr-x   1 root  wheel   148K Jul 17  2024 /usr/libexec/comsat
-rwxr-xr-x   1 root  wheel   1.2M Jul 17  2024 /usr/libexec/configd
-rwxr-xr-x   1 root  wheel   3.7K Jul 17  2024 /usr/libexec/configureLocalKDC
-rwxr-xr-x   1 root  wheel   1.8M Jul 17  2024 /usr/libexec/containermanagerd
-rwxr-xr-x   1 root  wheel   170K Jul 17  2024 /usr/libexec/corebrightnessd
-rwxr-xr-x   1 root  wheel   167K Jul 17  2024 /usr/libexec/corebrightnessdiag
-rwxr-xr-x   1 root  wheel   149K Jul 17  2024 /usr/libexec/corecaptured
-rwxr-xr-x   1 root  wheel   167K Jul 17  2024 /usr/libexec/coredatad
-rwxr-xr-x   1 root  wheel   508K Jul 17  2024 /usr/libexec/coreduetd
-rwxr-xr-x   1 root  wheel   537K Jul 17  2024 /usr/libexec/coremotionlivabilityd
-rwxr-xr-x   1 root  wheel   164K Jul 17  2024 /usr/libexec/corercd
-rwxr-xr-x   1 root  wheel   226K Jul 17  2024 /usr/libexec/corestoraged
-rwxr-xr-x   1 root  wheel   155K Jul 17  2024 /usr/libexec/corestoragehelperd
-rwxr-xr-x   1 root  wheel   166K Jul 17  2024 /usr/libexec/create_automation_image_overlay
-rwxr-xr-x   1 root  wheel   2.1M Jul 17  2024 /usr/libexec/dasd
-rwxr-xr-x   1 root  wheel   185K Jul 17  2024 /usr/libexec/datastored
-rwxr-xr-x   1 root  wheel   222K Jul 17  2024 /usr/libexec/dhcp6d
-rwxr-xr-x   1 root  wheel   224K Jul 17  2024 /usr/libexec/diagnosticd
-rwxr-xr-x   1 root  wheel   174K Jul 17  2024 /usr/libexec/diagnosticextensionsd
-rwxr-xr-x   1 root  wheel   228K Jul 17  2024 /usr/libexec/dirhelper
-r-xr-xr-x   1 root  wheel   148K Jul 17  2024 /usr/libexec/dirs_cleaner
-rwxr-xr-x   1 root  wheel   395K Jul 17  2024 /usr/libexec/diskarbitrationd
-rwxr-xr-x   1 root  wheel   2.5M Jul 17  2024 /usr/libexec/diskimagesiod
-rwxr-xr-x   1 root  wheel   4.4M Jul 17  2024 /usr/libexec/diskmanagementd
-rwxr-xr-x   1 root  wheel   166K Jul 17  2024 /usr/libexec/diskmanagementstartup
-rwxr-xr-x   1 root  wheel   350K Jul 17  2024 /usr/libexec/displaypolicyd
-rwxr-xr-x   1 root  wheel   1.7M Jul 17  2024 /usr/libexec/dmd
-rwxr-xr-x   1 root  wheel   166K Jul 17  2024 /usr/libexec/dp2hdmiupdater
-rwxr-xr-x   1 root  wheel   289K Jul 17  2024 /usr/libexec/dpaudiothru
-rwxr-xr-x   1 root  wheel   238K Jul 17  2024 /usr/libexec/dpd
-rwxr-xr-x   1 root  wheel   166K Jul 17  2024 /usr/libexec/dprivacyd
-rwxr-xr-x   1 root  wheel   986K Jul 17  2024 /usr/libexec/dspluginhelperd
-rwxr-xr-x   1 root  wheel   228K Jul 17  2024 /usr/libexec/dtfetchsymbolsd
-rwxr-xr-x   1 root  wheel   9.9K Jul 17  2024 /usr/libexec/efi-dump-logs
-rwxr-xr-x   1 root  wheel   200K Jul 17  2024 /usr/libexec/efiupdater
-rwxr-xr-x   1 root  wheel   5.7K Jul 17  2024 /usr/libexec/emlog.pl
-rwxr-xr-x   1 root  wheel   271K Jul 17  2024 /usr/libexec/endpointsecurityd
-rwxr-xr-x   1 root  wheel   221K Jul 17  2024 /usr/libexec/eoshostd
-rwxr-xr-x   1 root  wheel   236K Jul 17  2024 /usr/libexec/ephemeral-data-boot-task
-rwxr-xr-x   1 root  wheel   165K Jul 17  2024 /usr/libexec/femail
-rwxr-xr-x   1 root  wheel   267K Jul 17  2024 /usr/libexec/findmydevice-user-agent
-rwxr-xr-x   1 root  wheel   2.0M Jul 17  2024 /usr/libexec/findmydeviced
-rwxr-xr-x   1 root  wheel   203K Jul 17  2024 /usr/libexec/firmwaresyncd
-rwxr-xr-x   1 root  wheel   1.4M Jul 17  2024 /usr/libexec/fmfd
-r-xr-xr-x   1 root  wheel   201K Jul 17  2024 /usr/libexec/ftp-proxy
-rwxr-xr-x   1 root  wheel   167K Jul 17  2024 /usr/libexec/gamecontrolleragentd
-rwxr-xr-x   1 root  wheel   235K Jul 17  2024 /usr/libexec/gamecontrollerd
-rwxr-xr-x   1 root  wheel   164K Jul 17  2024 /usr/libexec/getPPDVersion
-rwxr-xr-x   1 root  wheel   166K Jul 17  2024 /usr/libexec/getty
-rwxr-xr-x   1 root  wheel   356B Jul 17  2024 /usr/libexec/gkreport
-rwxr-xr-x   1 root  wheel   167K Jul 17  2024 /usr/libexec/hidd
-rwxr-xr-x   1 root  wheel   147K Jul 17  2024 /usr/libexec/ifcstart
lrwxr-xr-x   1 root  wheel     7B Jul 17  2024 /usr/libexec/init_data_protection -> seputil
-rwxr-xr-x   1 root  wheel   166K Jul 17  2024 /usr/libexec/init_featureflags
-rwxr-xr-x   1 root  wheel   166K Jul 17  2024 /usr/libexec/installer-core
-rwxr-xr-x   1 root  wheel   203K Jul 17  2024 /usr/libexec/ioupsd
-rwxr-xr-x   1 root  wheel   234K Jul 17  2024 /usr/libexec/ippusbd
-rwxr-xr-x  52 root  wheel   164K Jul 17  2024 /usr/libexec/java_home
-rwxr-xr-x   1 root  wheel   1.6M Jul 17  2024 /usr/libexec/kcgend
-rwxr-xr-x   1 root  wheel   203K Jul 17  2024 /usr/libexec/kcproxy
-r-xr-xr-x   1 root  wheel   165K Jul 17  2024 /usr/libexec/kdumpd
-rwxr-xr-x   1 root  wheel   4.4M Jul 17  2024 /usr/libexec/kernelmanagerd
-rwxr-xr-x   1 root  wheel   1.0M Jul 17  2024 /usr/libexec/keybagd
-rwxr-xr-x   1 root  wheel   167K Jul 17  2024 /usr/libexec/keyboardservicesd
-rwxr-xr-x   1 root  wheel   357K Jul 17  2024 /usr/libexec/knowledge-agent
-rwxr-xr-x   1 root  wheel   202K Jul 17  2024 /usr/libexec/kuncd
-rwxr-xr-x   1 root  wheel   201K Jul 17  2024 /usr/libexec/languageassetd
-rwxr-xr-x   1 root  wheel   166K Jul 17  2024 /usr/libexec/lightsoutmanagementd
-rwxr-xr-x   1 root  wheel   163K Jul 17  2024 /usr/libexec/locate.bigram
-rwxr-xr-x   1 root  wheel   163K Jul 17  2024 /usr/libexec/locate.code
-rwxr-xr-x   1 root  wheel   2.3K Jul 17  2024 /usr/libexec/locate.concatdb
-rwxr-xr-x   1 root  wheel   3.0K Jul 17  2024 /usr/libexec/locate.mklocatedb
-rwxr-xr-x   1 root  wheel   4.3K Jul 17  2024 /usr/libexec/locate.updatedb
-rwxr-xr-x   1 root  wheel    11M Jul 17  2024 /usr/libexec/locationd
-rwxr-xr-x   1 root  wheel   510K Jul 17  2024 /usr/libexec/logd
-rwxr-xr-x   1 root  wheel   223K Jul 17  2024 /usr/libexec/logd_helper
-rwxr-xr-x   1 root  wheel   165K Jul 17  2024 /usr/libexec/loginitemregisterd
-rwxr-xr-x   1 root  wheel   135K Jul 17  2024 /usr/libexec/logkextloadsd
-rwxr-xr-x   1 root  wheel   134K Jul 17  2024 /usr/libexec/lsd
-rwxr-xr-x   1 root  wheel   165K Jul 17  2024 /usr/libexec/makewhatis
-rwxr-xr-x   1 root  wheel   2.5K Jul 17  2024 /usr/libexec/makewhatis.local
-rwxr-xr-x   1 root  wheel   166K Jul 17  2024 /usr/libexec/mc_notifier
-rwxr-xr-x   1 root  wheel   239K Jul 17  2024 /usr/libexec/mcxalr
-rwxr-xr-x   1 root  wheel   2.6M Jul 17  2024 /usr/libexec/mdmclient
-rwxr-xr-x   1 root  wheel   384K Jul 17  2024 /usr/libexec/memoryanalyticsd
-rwxr-xr-x   1 root  wheel   165K Jul 17  2024 /usr/libexec/metrickitd
-rwxr-xr-x   1 root  wheel   166K Jul 17  2024 /usr/libexec/microstackshot
-rwxr-xr-x   1 root  wheel   1.1K Jul 17  2024 /usr/libexec/migrateLocalKDC
-rwxr-xr-x   1 root  wheel   257K Jul 17  2024 /usr/libexec/misagent
-rwxr-xr-x   1 root  wheel   453K Jul 17  2024 /usr/libexec/mlruntimed
-rwxr-xr-x   1 root  wheel   148K Jul 17  2024 /usr/libexec/mmaintenanced
-rwxr-xr-x   1 root  wheel   322K Jul 17  2024 /usr/libexec/mobile_obliterator
-rwxr-xr-x   1 root  wheel   395K Jul 17  2024 /usr/libexec/mobile_storage_proxy
-rwxr-xr-x   1 root  wheel   718K Jul 17  2024 /usr/libexec/mobileactivationd
-rwxr-xr-x   1 root  wheel   1.3M Jul 17  2024 /usr/libexec/mobileassetd
-rwxr-xr-x   1 root  wheel   148K Jul 17  2024 /usr/libexec/mount_url
-rwxr-xr-x   1 root  wheel   174K Jul 17  2024 /usr/libexec/msutil
-rwxr-xr-x   1 root  wheel   1.6M Jul 17  2024 /usr/libexec/multimodalsearchd
-rwxr-xr-x   1 root  wheel   171K Jul 17  2024 /usr/libexec/multiversed
-r-xr-xr-x   1 root  wheel   200K Jul 17  2024 /usr/libexec/natpmpd
-rwxr-xr-x   1 root  wheel   250K Jul 17  2024 /usr/libexec/neagent
-rwxr-xr-x   1 root  wheel   9.6M Jul 17  2024 /usr/libexec/nearbyd
-rwxr-xr-x   1 root  wheel   553K Jul 17  2024 /usr/libexec/nehelper
-rwxr-xr-x   1 root  wheel   2.1M Jul 17  2024 /usr/libexec/nesessionmanager
-rwxr-xr-x   1 root  wheel   153K Jul 17  2024 /usr/libexec/netbootdisk
-rwxr-xr-x   1 root  wheel   766K Jul 17  2024 /usr/libexec/networkserviceproxy
-rwxr-xr-x   1 root  wheel   206K Jul 17  2024 /usr/libexec/nexusd
-rwxr-xr-x   1 root  wheel   3.8M Jul 17  2024 /usr/libexec/nfcd
-rwxr-xr-x   1 root  wheel   168K Jul 17  2024 /usr/libexec/nfrestore_service
-rwxr-xr-x   1 root  wheel   233K Jul 17  2024 /usr/libexec/nlcd
-rwxr-xr-x   1 root  wheel   168K Jul 17  2024 /usr/libexec/notification_proxy
-rwxr-xr-x   1 root  wheel   1.4M Jul 17  2024 /usr/libexec/nsurlsessiond
-r-xr-xr-x   1 root  wheel   165K Jul 17  2024 /usr/libexec/ntalkd
-rwxr-xr-x   1 root  wheel   149K Jul 17  2024 /usr/libexec/od_user_homes
-rwxr-xr-x   1 root  wheel   204K Jul 17  2024 /usr/libexec/odproxyd
-rwxr-xr-x   1 root  wheel   273K Jul 17  2024 /usr/libexec/online-authd
-rwxr-xr-x   1 root  wheel   2.2M Jul 17  2024 /usr/libexec/opendirectoryd
-rwxr-xr-x   1 root  wheel   147K Jul 17  2024 /usr/libexec/osaapplet
-rwxr-xr-x   1 root  wheel   204K Jul 17  2024 /usr/libexec/otherbsd
-rwxr-xr-x   1 root  wheel   147K Jul 17  2024 /usr/libexec/path_helper
-rwxr-xr-x   1 root  wheel   228K Jul 17  2024 /usr/libexec/pboard
-rwxr-xr-x   1 root  wheel   375K Jul 17  2024 /usr/libexec/pcsstatus
-rwxr-xr-x   1 root  wheel   148K Jul 17  2024 /usr/libexec/periodic-wrapper
-rwxr-xr-x   1 root  wheel   235K Jul 17  2024 /usr/libexec/pfd
-rwxr-xr-x   1 root  wheel   672K Jul 17  2024 /usr/libexec/pkd
-rwxr-xr-x   1 root  wheel   165K Jul 17  2024 /usr/libexec/pkreporter
-rwxr-xr-x   1 root  wheel   203K Jul 17  2024 /usr/libexec/powerdatad
-rwxr-xr-x   1 root  wheel   175K Jul 17  2024 /usr/libexec/powerlogHelperd
-rwxr-xr-x   1 root  wheel   150K Jul 17  2024 /usr/libexec/prng_seedctl
-rwxr-xr-x   1 root  wheel   169K Jul 17  2024 /usr/libexec/proactived
-rwxr-xr-x   1 root  wheel   450K Jul 17  2024 /usr/libexec/proactiveeventtrackerd
-rwxr-xr-x   1 root  wheel   518K Jul 17  2024 /usr/libexec/productutil
-rwxr-xr-x   1 root  wheel   6.4M Jul 17  2024 /usr/libexec/promotedcontentd
-rwxr-xr-x   1 root  wheel   251K Jul 17  2024 /usr/libexec/psfupdater
-rwxr-xr-x   1 root  wheel   1.5M Jul 17  2024 /usr/libexec/rapportd
-rwxr-xr-x   1 root  wheel   426K Jul 17  2024 /usr/libexec/relatived
-rwxr-xr-x   1 root  wheel    14M Jul 17  2024 /usr/libexec/remindd
-rwxr-xr-x   1 root  wheel   257K Jul 17  2024 /usr/libexec/remotectl
-rwxr-xr-x   1 root  wheel   690K Jul 17  2024 /usr/libexec/remoted
-rwxr-xr-x   1 root  wheel   1.1M Jul 17  2024 /usr/libexec/replayd
-rwxr-xr-x   1 root  wheel    92K Jul 17  2024 /usr/libexec/retimerd
-rwxr-xr-x   1 root  wheel   132K Jul 17  2024 /usr/libexec/rootless-init
-rwxr-xr-x   1 root  wheel   228K Jul 17  2024 /usr/libexec/routined
-rwxr-xr-x   1 root  wheel   166K Jul 17  2024 /usr/libexec/rpc.rquotad
-rwxr-xr-x   1 root  wheel   281K Jul 17  2024 /usr/libexec/rpcsvchost
-rwxr-xr-x   1 root  wheel   819K Jul 17  2024 /usr/libexec/rtcreportingd
-rwxr-xr-x   1 root  wheel   167K Jul 17  2024 /usr/libexec/runningboardd
-rwxr-xr-x   1 root  wheel   895K Jul 17  2024 /usr/libexec/sandboxd
-rwxr-xr-x   1 root  wheel   148K Jul 17  2024 /usr/libexec/scsid
-rwxr-xr-x   1 root  wheel   166K Jul 17  2024 /usr/libexec/sdfwupdater
-rwxr-xr-x   1 root  wheel    15M Jul 17  2024 /usr/libexec/searchpartyd
-rwxr-xr-x   1 root  wheel    15M Jul 17  2024 /usr/libexec/searchpartyuseragent
-rwxr-xr-x   1 root  wheel   6.7M Jul 17  2024 /usr/libexec/secd
-rwxr-xr-x   1 root  wheel   237K Jul 17  2024 /usr/libexec/secinitd
-rwxr-xr-x   1 root  wheel   1.5K Jul 17  2024 /usr/libexec/security-checksystem
-rwxr-xr-x   1 root  wheel   205K Jul 17  2024 /usr/libexec/security-sysdiagnose
-rws--x--x   1 root  wheel   148K Jul 17  2024 /usr/libexec/security_authtrampoline
-rwxr-xr-x   1 root  wheel   335K Jul 17  2024 /usr/libexec/securityd_service
-rwxr-xr-x   1 root  wheel   353K Jul 17  2024 /usr/libexec/securityuploadd
-rwxr-xr-x   1 root  wheel   773K Jul 17  2024 /usr/libexec/seld
-rwxr-xr-x   1 root  wheel   164K Jul 17  2024 /usr/libexec/seputil
-rwxr-xr-x   1 root  wheel   335K Jul 17  2024 /usr/libexec/sftp-server
-rwxr-xr-x   1 root  wheel   9.3M Jul 17  2024 /usr/libexec/sharingd
-rwxr-xr-x   1 root  wheel   267K Jul 17  2024 /usr/libexec/signpost_reporter
-rwxr-xr-x   1 root  wheel   234K Jul 17  2024 /usr/libexec/silhouette
-rwxr-xr-x   1 root  wheel   418K Jul 17  2024 /usr/libexec/siriknowledged
-rwxr-xr-x   1 root  wheel   790K Jul 17  2024 /usr/libexec/slapconfig-keygen
-rwxr-xr-x   1 root  wheel   5.7M Jul 17  2024 /usr/libexec/slapd
-rwxr-xr-x   1 root  wheel   214K Jul 17  2024 /usr/libexec/smb-migrate-preferences
-rwxr-xr-x   1 root  wheel   264K Jul 17  2024 /usr/libexec/smb-sync-preferences
-rwxr-xr-x   1 root  wheel   198K Jul 17  2024 /usr/libexec/smcDiagnose
-rwxr-xr-x   1 root  wheel    89K Jul 17  2024 /usr/libexec/smcupdater
-rwxr-xr-x   1 root  wheel   207K Jul 17  2024 /usr/libexec/smd
-rwxr-xr-x   1 root  wheel   169K Jul 17  2024 /usr/libexec/snmpd
-rwxr-xr-x   1 root  wheel   270K Jul 17  2024 /usr/libexec/spindump_agent
-rwxr-xr-x   1 root  wheel   166K Jul 17  2024 /usr/libexec/ssdupdater
-rwxr-xr-x   1 root  wheel   1.5M Jul 17  2024 /usr/libexec/ssh-apple-pkcs11
-rwx--x--x   1 root  wheel   930K Jul 17  2024 /usr/libexec/ssh-keysign
-rwxr-xr-x   1 root  wheel   717K Jul 17  2024 /usr/libexec/ssh-pkcs11-helper
-rwxr-xr-x   1 root  wheel   163K Jul 17  2024 /usr/libexec/sshd-keygen-wrapper
-rwxr-xr-x   1 root  wheel   269K Jul 17  2024 /usr/libexec/startupdiskhelper
-rwxr-xr-x   1 root  wheel   2.1M Jul 17  2024 /usr/libexec/studentd
-rwxr-xr-x   1 root  wheel   597K Jul 17  2024 /usr/libexec/swcd
-rwxr-xr-x   1 root  wheel   152K Jul 17  2024 /usr/libexec/symptomsd
-rwxr-xr-x   1 root  wheel   169K Jul 17  2024 /usr/libexec/symptomsd-diag
-rwxr-xr-x   1 root  wheel   1.1M Jul 17  2024 /usr/libexec/sysdiagnose_helper
-rwxr-xr-x   1 root  wheel   204K Jul 17  2024 /usr/libexec/sysmond
-rwxr-xr-x   1 root  wheel   1.7M Jul 17  2024 /usr/libexec/syspolicyd
-rwxr-xr-x   1 root  wheel   146K Jul 17  2024 /usr/libexec/systemstats_boot
-rwxr-xr-x   1 root  wheel   259K Jul 17  2024 /usr/libexec/tailspind
-rwxr-xr-x   1 root  wheel   240K Jul 17  2024 /usr/libexec/taskgated
-rwxr-xr-x   1 root  wheel   203K Jul 17  2024 /usr/libexec/taskgated-helper
-rwxr-xr-x   1 root  wheel   318K Jul 17  2024 /usr/libexec/teslad
-rwxr-xr-x   1 root  wheel   2.7M Jul 17  2024 /usr/libexec/testmanagerd
-r-xr-xr-x   1 root  wheel   198K Jul 17  2024 /usr/libexec/tftpd
-rwxr-xr-x   1 root  wheel   239K Jul 17  2024 /usr/libexec/thermald
-rwxr-xr-x   1 root  wheel   1.2M Jul 17  2024 /usr/libexec/thermalmonitord
-rwxr-xr-x   1 root  wheel   487K Jul 17  2024 /usr/libexec/timed
-rwxr-xr-x   1 root  wheel   344K Jul 17  2024 /usr/libexec/tipsd
-rwxr-xr-x   1 root  wheel   383K Jul 17  2024 /usr/libexec/tracd
-rwxr-xr-x   1 root  wheel   237K Jul 17  2024 /usr/libexec/transparencyd
-rwxr-xr-x   1 root  wheel   169K Jul 17  2024 /usr/libexec/triald
-rwxr-xr-x   1 root  wheel   1.3M Jul 17  2024 /usr/libexec/trustd
-rwxr-xr-x   1 root  wheel   201K Jul 17  2024 /usr/libexec/trustdFileHelper
-rwxr-xr-x   1 root  wheel   365K Jul 17  2024 /usr/libexec/tzd
-rwxr-xr-x   1 root  wheel   285K Jul 17  2024 /usr/libexec/tzinit
-rwxr-xr-x   1 root  wheel   150K Jul 17  2024 /usr/libexec/tzlinkd
-rwxr-xr-x   1 root  wheel   259K Jul 17  2024 /usr/libexec/tznotify
-rwxr-xr-x   1 root  wheel   164K Jul 17  2024 /usr/libexec/ucupdate
-rwxr-xr-x   1 root  wheel   149K Jul 17  2024 /usr/libexec/undoServerAppDNSPrefs
-rwxr-xr-x   1 root  wheel   465B Jul 17  2024 /usr/libexec/upsshutdown
-rwxr-xr-x   1 root  wheel   230K Jul 17  2024 /usr/libexec/usbcupdater
-rwxr-xr-x   1 root  wheel   201K Jul 17  2024 /usr/libexec/usbd
-rwxr-xr-x   1 root  wheel   151K Jul 17  2024 /usr/libexec/usermanagerhelper
-rwxr-xr-x   1 root  wheel   199K Jul 17  2024 /usr/libexec/vbiosupdater
-rwxr-xr-x   1 root  wheel   165K Jul 17  2024 /usr/libexec/videosubscriptionsd
-r-xr-xr-x   1 root  wheel   147K Jul 17  2024 /usr/libexec/vndevice
-rwxr-xr-x   1 root  wheel   551K Jul 17  2024 /usr/libexec/warmd
-rwxr-xr-x   1 root  wheel   169K Jul 17  2024 /usr/libexec/warmd_agent
-rwxr-xr-x   1 root  wheel   275K Jul 17  2024 /usr/libexec/watchdogd
-rwxr-xr-x   1 root  wheel   234K Jul 17  2024 /usr/libexec/wifiFirmwareLoader
-rwxr-xr-x   1 root  wheel   2.1M Jul 17  2024 /usr/libexec/wifianalyticsd
-rwxr-xr-x   1 root  wheel   5.9M Jul 17  2024 /usr/libexec/wifip2pd
-rwxr-xr-x   1 root  wheel   1.7M Jul 17  2024 /usr/libexec/wifivelocityd
-rwxr-xr-x   1 root  wheel   1.0M Jul 17  2024 /usr/libexec/wps
-rwxr-xr-x   1 root  wheel   611K Jul 17  2024 /usr/libexec/wspd
-rwxr-xr-x   1 root  wheel   147K Jul 17  2024 /usr/libexec/x11-select
-rwxr-xr-x   1 root  wheel   201K Jul 17  2024 /usr/libexec/xartstorageremoted
-rwxr-xr-x   1 root  wheel   205K Jul 17  2024 /usr/libexec/xpcproxy
-rwxr-xr-x   1 root  wheel   203K Jul 17  2024 /usr/libexec/xpcroleaccountd
-rwxr-xr-x   1 root  wheel   257K Jul 17  2024 /usr/libexec/xscertd
-rwxr-xr-x   1 root  wheel   295K Jul 17  2024 /usr/libexec/xscertd-helper
-rwxr-xr-x   1 root  wheel   164K Jul 17  2024 /usr/libexec/xssendevent

/usr/libexec/ApplicationFirewall:
total 312
-rwxr-xr-x  1 root  wheel   149K Jul 17  2024 Firewall
-rwxr-xr-x  1 root  wheel   147K Jul 17  2024 appfwloggerd
-rw-r--r--  1 root  wheel   3.9K Jul 17  2024 com.apple.alf.plist
-rwxr-xr-x  1 root  wheel   323K Jul 17  2024 socketfilterfw
-rwxr-xr-x  1 root  wheel   149K Jul 17  2024 socketfilterhelper

/usr/libexec/AssetCache:
total 4128
-rwxr-xr-x   1 root  wheel   3.8M Jul 17  2024 AssetCache
drwxr-xr-x  11 root  wheel   352B Jul 17  2024 AssetCache.momd

/usr/libexec/AssetCacheAgent:
total 3808
-rwxr-xr-x  1 root  wheel   200K Jul 17  2024 AssetCacheAgent
-rw-r--r--  1 root  wheel   1.8M Jul 17  2024 AssetCacheAgent.icns
drwxr-xr-x  3 root  wheel    96B Jul 17  2024 ar.lproj
drwxr-xr-x  3 root  wheel    96B Jul 17  2024 ca.lproj
drwxr-xr-x  3 root  wheel    96B Jul 17  2024 cs.lproj
drwxr-xr-x  3 root  wheel    96B Jul 17  2024 da.lproj
drwxr-xr-x  3 root  wheel    96B Jul 17  2024 de.lproj
drwxr-xr-x  3 root  wheel    96B Jul 17  2024 el.lproj
drwxr-xr-x  3 root  wheel    96B Jul 17  2024 en.lproj
drwxr-xr-x  3 root  wheel    96B Jul 17  2024 en_AU.lproj
drwxr-xr-x  3 root  wheel    96B Jul 17  2024 en_GB.lproj
drwxr-xr-x  3 root  wheel    96B Jul 17  2024 es.lproj
drwxr-xr-x  3 root  wheel    96B Jul 17  2024 es_419.lproj
drwxr-xr-x  3 root  wheel    96B Jul 17  2024 fi.lproj
drwxr-xr-x  3 root  wheel    96B Jul 17  2024 fr.lproj
drwxr-xr-x  3 root  wheel    96B Jul 17  2024 fr_CA.lproj
drwxr-xr-x  3 root  wheel    96B Jul 17  2024 he.lproj
drwxr-xr-x  3 root  wheel    96B Jul 17  2024 hi.lproj
drwxr-xr-x  3 root  wheel    96B Jul 17  2024 hr.lproj
drwxr-xr-x  3 root  wheel    96B Jul 17  2024 hu.lproj
drwxr-xr-x  3 root  wheel    96B Jul 17  2024 id.lproj
drwxr-xr-x  3 root  wheel    96B Jul 17  2024 it.lproj
drwxr-xr-x  3 root  wheel    96B Jul 17  2024 ja.lproj
drwxr-xr-x  3 root  wheel    96B Jul 17  2024 ko.lproj
drwxr-xr-x  3 root  wheel    96B Jul 17  2024 ms.lproj
drwxr-xr-x  3 root  wheel    96B Jul 17  2024 nl.lproj
drwxr-xr-x  3 root  wheel    96B Jul 17  2024 no.lproj
drwxr-xr-x  3 root  wheel    96B Jul 17  2024 pl.lproj
drwxr-xr-x  3 root  wheel    96B Jul 17  2024 pt_BR.lproj
drwxr-xr-x  3 root  wheel    96B Jul 17  2024 pt_PT.lproj
drwxr-xr-x  3 root  wheel    96B Jul 17  2024 ro.lproj
drwxr-xr-x  3 root  wheel    96B Jul 17  2024 ru.lproj
drwxr-xr-x  3 root  wheel    96B Jul 17  2024 sk.lproj
drwxr-xr-x  3 root  wheel    96B Jul 17  2024 sv.lproj
drwxr-xr-x  3 root  wheel    96B Jul 17  2024 th.lproj
drwxr-xr-x  3 root  wheel    96B Jul 17  2024 tr.lproj
drwxr-xr-x  3 root  wheel    96B Jul 17  2024 uk.lproj
drwxr-xr-x  3 root  wheel    96B Jul 17  2024 vi.lproj
drwxr-xr-x  3 root  wheel    96B Jul 17  2024 zh_CN.lproj
drwxr-xr-x  3 root  wheel    96B Jul 17  2024 zh_HK.lproj
drwxr-xr-x  3 root  wheel    96B Jul 17  2024 zh_TW.lproj

/usr/libexec/DeveloperTools:
total 256
-r-xr-xr-x  1 root  wheel   382K Jul 17  2024 codesign_allocate

/usr/libexec/DuetActivityScheduler.momd:
total 72
-rw-r--r--  2 root  wheel   9.5K Jul 17  2024 DuetActivityScheduler-v2.mom
-rw-r--r--  2 root  wheel   9.8K Jul 17  2024 DuetActivityScheduler-v3.mom
-rw-r--r--  2 root  wheel    15K Jul 17  2024 DuetActivityScheduler-v3.omo
-rw-r--r--  2 root  wheel   8.6K Jul 17  2024 DuetActivityScheduler.mom
-rw-r--r--  2 root  wheel   641B Jul 17  2024 VersionInfo.plist

/usr/libexec/MiniTerm.app:
total 0
drwxr-xr-x  8 root  wheel   256B Jul 17  2024 Contents

/usr/libexec/SmartCardServices:
total 0
drwxr-xr-x  3 root  wheel    96B Jul 17  2024 drivers

/usr/libexec/WiFiStallDetect.mlmodelc:
total 16
drwxr-xr-x  3 root  wheel    96B Jul 17  2024 analytics
-rw-r--r--  2 root  wheel   1.4K Jul 17  2024 coremldata.bin
-rw-r--r--  2 root  wheel   7.6K Jul 17  2024 metadata.json
drwxr-xr-x  3 root  wheel    96B Jul 17  2024 model0
drwxr-xr-x  4 root  wheel   128B Jul 17  2024 model1

/usr/libexec/apache2:
total 8352
-rw-r--r--  1 root  wheel    17K Jul 17  2024 httpd.exp
-rwxr-xr-x  1 root  wheel   148K Jul 17  2024 mod_access_compat.so
-rwxr-xr-x  1 root  wheel   147K Jul 17  2024 mod_actions.so
-rwxr-xr-x  1 root  wheel   149K Jul 17  2024 mod_alias.so
-rwxr-xr-x  1 root  wheel   147K Jul 17  2024 mod_allowmethods.so
-rwxr-xr-x  1 root  wheel   147K Jul 17  2024 mod_asis.so
-rwxr-xr-x  1 root  wheel   148K Jul 17  2024 mod_auth_basic.so
-rwxr-xr-x  1 root  wheel   201K Jul 17  2024 mod_auth_digest.so
-rwxr-xr-x  1 root  wheel   183K Jul 17  2024 mod_auth_form.so
-rwxr-xr-x  1 root  wheel   147K Jul 17  2024 mod_authn_anon.so
-rwxr-xr-x  1 root  wheel   148K Jul 17  2024 mod_authn_core.so
-rwxr-xr-x  1 root  wheel   148K Jul 17  2024 mod_authn_dbd.so
-rwxr-xr-x  1 root  wheel   148K Jul 17  2024 mod_authn_dbm.so
-rwxr-xr-x  1 root  wheel   148K Jul 17  2024 mod_authn_file.so
-rwxr-xr-x  1 root  wheel   150K Jul 17  2024 mod_authn_socache.so
-rwxr-xr-x  1 root  wheel   296K Jul 17  2024 mod_authnz_ldap.so
-r-xr-xr-x  1 root  wheel   166K Jul 17  2024 mod_authnz_od_apple.so
-rwxr-xr-x  1 root  wheel   182K Jul 17  2024 mod_authz_core.so
-rwxr-xr-x  1 root  wheel   149K Jul 17  2024 mod_authz_dbd.so
-rwxr-xr-x  1 root  wheel   148K Jul 17  2024 mod_authz_dbm.so
-rwxr-xr-x  1 root  wheel   149K Jul 17  2024 mod_authz_groupfile.so
-rwxr-xr-x  1 root  wheel   148K Jul 17  2024 mod_authz_host.so
-rwxr-xr-x  1 root  wheel   147K Jul 17  2024 mod_authz_owner.so
-rwxr-xr-x  1 root  wheel   147K Jul 17  2024 mod_authz_user.so
-rwxr-xr-x  1 root  wheel   200K Jul 17  2024 mod_autoindex.so
-rwxr-xr-x  1 root  wheel   148K Jul 17  2024 mod_buffer.so
-rwxr-xr-x  1 root  wheel   318K Jul 17  2024 mod_cache.so
-rwxr-xr-x  1 root  wheel   215K Jul 17  2024 mod_cache_disk.so
-rwxr-xr-x  1 root  wheel   215K Jul 17  2024 mod_cache_socache.so
-rwxr-xr-x  1 root  wheel   185K Jul 17  2024 mod_cgi.so
-rwxr-xr-x  1 root  wheel   220K Jul 17  2024 mod_cgid.so
-rwxr-xr-x  1 root  wheel   181K Jul 17  2024 mod_charset_lite.so
-rwxr-xr-x  1 root  wheel   148K Jul 17  2024 mod_data.so
-rwxr-xr-x  1 root  wheel   373K Jul 17  2024 mod_dav.so
-rwxr-xr-x  1 root  wheel   221K Jul 17  2024 mod_dav_fs.so
-rwxr-xr-x  1 root  wheel   149K Jul 17  2024 mod_dav_lock.so
-rwxr-xr-x  1 root  wheel   150K Jul 17  2024 mod_dbd.so
-rwxr-xr-x  1 root  wheel   215K Jul 17  2024 mod_deflate.so
-rwxr-xr-x  1 root  wheel   148K Jul 17  2024 mod_dialup.so
-rwxr-xr-x  1 root  wheel   148K Jul 17  2024 mod_dir.so
-rwxr-xr-x  1 root  wheel   147K Jul 17  2024 mod_dumpio.so
-rwxr-xr-x  1 root  wheel   148K Jul 17  2024 mod_echo.so
-rwxr-xr-x  1 root  wheel   147K Jul 17  2024 mod_env.so
-rwxr-xr-x  1 root  wheel   148K Jul 17  2024 mod_expires.so
-rwxr-xr-x  1 root  wheel   184K Jul 17  2024 mod_ext_filter.so
-rwxr-xr-x  1 root  wheel   149K Jul 17  2024 mod_file_cache.so
-rwxr-xr-x  1 root  wheel   181K Jul 17  2024 mod_filter.so
-rwxr-xr-x  1 root  wheel   151K Jul 17  2024 mod_headers.so
-rwxr-xr-x  1 root  wheel   148K Jul 17  2024 mod_heartbeat.so
-rwxr-xr-x  1 root  wheel   183K Jul 17  2024 mod_heartmonitor.so
-rwxr-xr-x  1 root  wheel   164K Jul 17  2024 mod_hfs_apple.so
-rwxr-xr-x  1 root  wheel   972K Jul 17  2024 mod_http2.so
-rwxr-xr-x  1 root  wheel   149K Jul 17  2024 mod_imagemap.so
-rwxr-xr-x  1 root  wheel   250K Jul 17  2024 mod_include.so
-rwxr-xr-x  1 root  wheel   169K Jul 17  2024 mod_info.so
-rwxr-xr-x  1 root  wheel   147K Jul 17  2024 mod_lbmethod_bybusyness.so
-rwxr-xr-x  1 root  wheel   147K Jul 17  2024 mod_lbmethod_byrequests.so
-rwxr-xr-x  1 root  wheel   147K Jul 17  2024 mod_lbmethod_bytraffic.so
-rwxr-xr-x  1 root  wheel   150K Jul 17  2024 mod_lbmethod_heartbeat.so
-rwxr-xr-x  1 root  wheel   318K Jul 17  2024 mod_ldap.so
-rwxr-xr-x  1 root  wheel   186K Jul 17  2024 mod_log_config.so
-rwxr-xr-x  1 root  wheel   149K Jul 17  2024 mod_log_debug.so
-rwxr-xr-x  1 root  wheel   148K Jul 17  2024 mod_log_forensic.so
-rwxr-xr-x  1 root  wheel   148K Jul 17  2024 mod_logio.so
-rwxr-xr-x  1 root  wheel   149K Jul 17  2024 mod_macro.so
-rwxr-xr-x  1 root  wheel   149K Jul 17  2024 mod_mime.so
-rwxr-xr-x  1 root  wheel   182K Jul 17  2024 mod_mime_magic.so
-rwxr-xr-x  1 root  wheel   307K Jul 17  2024 mod_mpm_event.so
-rwxr-xr-x  1 root  wheel   187K Jul 17  2024 mod_mpm_prefork.so
-rwxr-xr-x  1 root  wheel   222K Jul 17  2024 mod_mpm_worker.so
-rwxr-xr-x  1 root  wheel   185K Jul 17  2024 mod_negotiation.so
-rwxr-xr-x  1 root  wheel   478K Jul 17  2024 mod_perl.so
-rwxr-xr-x  1 root  wheel   524K Jul 17  2024 mod_proxy.so
-rwxr-xr-x  1 root  wheel   282K Jul 17  2024 mod_proxy_ajp.so
-rwxr-xr-x  1 root  wheel   251K Jul 17  2024 mod_proxy_balancer.so
-rwxr-xr-x  1 root  wheel   149K Jul 17  2024 mod_proxy_connect.so
-rwxr-xr-x  1 root  wheel   148K Jul 17  2024 mod_proxy_express.so
-rwxr-xr-x  1 root  wheel   184K Jul 17  2024 mod_proxy_fcgi.so
-rwxr-xr-x  1 root  wheel   148K Jul 17  2024 mod_proxy_fdpass.so
-rwxr-xr-x  1 root  wheel   249K Jul 17  2024 mod_proxy_ftp.so
-rwxr-xr-x  1 root  wheel   218K Jul 17  2024 mod_proxy_hcheck.so
-rwxr-xr-x  1 root  wheel   216K Jul 17  2024 mod_proxy_html.so
-rwxr-xr-x  1 root  wheel   218K Jul 17  2024 mod_proxy_http.so
-rwxr-xr-x  1 root  wheel   150K Jul 17  2024 mod_proxy_scgi.so
-rwxr-xr-x  1 root  wheel   150K Jul 17  2024 mod_proxy_uwsgi.so
-rwxr-xr-x  1 root  wheel   182K Jul 17  2024 mod_proxy_wstunnel.so
-rwxr-xr-x  1 root  wheel   148K Jul 17  2024 mod_ratelimit.so
-rwxr-xr-x  1 root  wheel   148K Jul 17  2024 mod_reflector.so
-rwxr-xr-x  1 root  wheel   183K Jul 17  2024 mod_remoteip.so
-rwxr-xr-x  1 root  wheel   149K Jul 17  2024 mod_reqtimeout.so
-rwxr-xr-x  1 root  wheel   148K Jul 17  2024 mod_request.so
-rwxr-xr-x  1 root  wheel   287K Jul 17  2024 mod_rewrite.so
-rwxr-xr-x  1 root  wheel   215K Jul 17  2024 mod_sed.so
-rwxr-xr-x  1 root  wheel   150K Jul 17  2024 mod_session.so
-rwxr-xr-x  1 root  wheel   148K Jul 17  2024 mod_session_cookie.so
-rwxr-xr-x  1 root  wheel   149K Jul 17  2024 mod_session_dbd.so
-rwxr-xr-x  1 root  wheel   149K Jul 17  2024 mod_setenvif.so
-rwxr-xr-x  1 root  wheel   147K Jul 17  2024 mod_slotmem_plain.so
-rwxr-xr-x  1 root  wheel   149K Jul 17  2024 mod_slotmem_shm.so
-rwxr-xr-x  1 root  wheel   148K Jul 17  2024 mod_socache_dbm.so
-rwxr-xr-x  1 root  wheel   148K Jul 17  2024 mod_socache_memcache.so
-rwxr-xr-x  1 root  wheel   147K Jul 17  2024 mod_socache_redis.so
-rwxr-xr-x  1 root  wheel   181K Jul 17  2024 mod_socache_shmcb.so
-rwxr-xr-x  1 root  wheel   148K Jul 17  2024 mod_speling.so
-rwxr-xr-x  1 root  wheel   787K Jul 17  2024 mod_ssl.so
-rwxr-xr-x  1 root  wheel   181K Jul 17  2024 mod_status.so
-rwxr-xr-x  1 root  wheel   181K Jul 17  2024 mod_substitute.so
-rwxr-xr-x  1 root  wheel   148K Jul 17  2024 mod_unique_id.so
-rwxr-xr-x  1 root  wheel   148K Jul 17  2024 mod_unixd.so
-rwxr-xr-x  1 root  wheel   148K Jul 17  2024 mod_userdir.so
-rwxr-xr-x  1 root  wheel   148K Jul 17  2024 mod_usertrack.so
-rwxr-xr-x  1 root  wheel   147K Jul 17  2024 mod_version.so
-rwxr-xr-x  1 root  wheel   148K Jul 17  2024 mod_vhost_alias.so
-rwxr-xr-x  1 root  wheel   151K Jul 17  2024 mod_watchdog.so
-rwxr-xr-x  1 root  wheel   182K Jul 17  2024 mod_xml2enc.so

/usr/libexec/cups:
total 0
drwxr-xr-x   7 root  wheel   224B Jul 17  2024 apple
drwxr-xr-x  16 root  wheel   512B Jul 17  2024 backend
drwxr-xr-x   7 root  wheel   224B Jul 17  2024 cgi-bin
drwxr-xr-x   4 root  wheel   128B Jul 17  2024 command
drwxr-xr-x   6 root  wheel   192B Jul 17  2024 daemon
drwxr-xr-x   2 root  wheel    64B Jul 17  2024 driver
drwxr-xr-x  20 root  wheel   640B Jul 17  2024 filter
drwxr-xr-x   4 root  wheel   128B Jul 17  2024 monitor
drwxr-xr-x   4 root  wheel   128B Jul 17  2024 notifier

/usr/libexec/dtrace:
total 48
-rwxr-xr-x  1 root  wheel   249B Jul 17  2024 log_unnest_badness.d
-rwxr-xr-x  1 root  wheel   5.3K Jul 17  2024 smbtrace.d
-rwxr-xr-x  1 root  wheel   281B Jul 17  2024 vm_map_delete_permanent.d
-rwxr-xr-x  1 root  wheel   289B Jul 17  2024 vm_map_delete_permanent_deny.d
-rwxr-xr-x  1 root  wheel   300B Jul 17  2024 vm_map_delete_permanent_prot_none.d
-rwxr-xr-x  1 root  wheel   855B Jul 17  2024 vm_object_ownership.d

/usr/libexec/fax:
total 16
-rwxr-xr-x  1 root  wheel    11K Jul 17  2024 coverpage.py

/usr/libexec/feedback:
total 152
-rwxr-xr-x  1 root  wheel   805B Jul 17  2024 appearance.py
-rwxr-xr-x  1 root  wheel   200K Jul 17  2024 fb_collect
-rwxr-xr-x  2 root  wheel   3.3K Jul 17  2024 filevault.py
-rwxr-xr-x  1 root  wheel    29B Jul 17  2024 sleepwake.sh
-rwxr-xr-x  1 root  wheel   109K Jul 17  2024 systriage.rb

/usr/libexec/firmwarecheckers:
total 0
drwxr-xr-x  6 root  wheel   192B Jul 17  2024 eficheck
drwxr-xr-x  3 root  wheel    96B Jul 17  2024 ethcheck

/usr/libexec/postfix:
total 18992
-rwxr-xr-x  1 root  wheel   622K Jul 17  2024 anvil
-rwxr-xr-x  1 root  wheel   147K Jul 17  2024 bind_unix_socket
-rwxr-xr-x  1 root  wheel   724K Jul 17  2024 bounce
-rwxr-xr-x  1 root  wheel   863K Jul 17  2024 cleanup
-rwxr-xr-x  1 root  wheel   656K Jul 17  2024 discard
-rwxr-xr-x  1 root  wheel   639K Jul 17  2024 dnsblog
-rwxr-xr-x  1 root  wheel   656K Jul 17  2024 error
-rwxr-xr-x  1 root  wheel   656K Jul 17  2024 flush
-rwxr-xr-x  1 root  wheel   8.3K Jul 17  2024 greylist.pl
-rwxr-xr-x  1 root  wheel   1.0M Jul 17  2024 lmtp
-rwxr-xr-x  1 root  wheel   794K Jul 17  2024 local
-rwxr-xr-x  1 root  wheel   521K Jul 17  2024 master
-rwxr-xr-x  1 root  wheel   3.9K Jul 17  2024 mk_postfix_spool.sh
-rwxr-xr-x  1 root  wheel   760K Jul 17  2024 nqmgr
-rwxr-xr-x  1 root  wheel   726K Jul 17  2024 oqmgr
-rwxr-xr-x  1 root  wheel   656K Jul 17  2024 pickup
-rwxr-xr-x  1 root  wheel   707K Jul 17  2024 pipe
-rwxr-xr-x  1 root  wheel    29K Jul 17  2024 post-install
-rwxr-xr-x  1 root  wheel   8.6K Jul 17  2024 postfix-script
-rwxr-xr-x  1 root  wheel    32K Jul 17  2024 postfix-tls-script
-rwxr-xr-x  1 root  wheel   6.4K Jul 17  2024 postfix-wrapper
-rwxr-xr-x  1 root  wheel   125B Jul 17  2024 postfixsetup
-rwxr-xr-x  1 root  wheel   9.1K Jul 17  2024 postmulti-script
-rwxr-xr-x  1 root  wheel   727K Jul 17  2024 postscreen
-rwxr-xr-x  1 root  wheel   606K Jul 17  2024 proxymap
-rwxr-xr-x  1 root  wheel   760K Jul 17  2024 qmgr
-rwxr-xr-x  1 root  wheel   233K Jul 17  2024 qmqp-sink
-rwxr-xr-x  1 root  wheel   266K Jul 17  2024 qmqp-source
-rwxr-xr-x  1 root  wheel   690K Jul 17  2024 qmqpd
-rwxr-xr-x  1 root  wheel   622K Jul 17  2024 scache
drwxr-xr-x  2 root  wheel    64B Jul 17  2024 scripts
-rwxr-xr-x  1 root  wheel   1.3K Jul 17  2024 set_credentials.sh
-rwxr-xr-x  1 root  wheel   657K Jul 17  2024 showq
-rwxr-xr-x  1 root  wheel   1.0M Jul 17  2024 smtp
-rwxr-xr-x  1 root  wheel   283K Jul 17  2024 smtp-sink
-rwxr-xr-x  1 root  wheel   266K Jul 17  2024 smtp-source
-rwxr-xr-x  1 root  wheel   1.2M Jul 17  2024 smtpd
-rwxr-xr-x  1 root  wheel   622K Jul 17  2024 spawn
-rwxr-xr-x  1 root  wheel   676K Jul 17  2024 tlsmgr
-rwxr-xr-x  1 root  wheel   735K Jul 17  2024 tlsproxy
-rwxr-xr-x  1 root  wheel   658K Jul 17  2024 trivial-rewrite
-rwxr-xr-x  1 root  wheel   657K Jul 17  2024 verify
-rwxr-xr-x  1 root  wheel   691K Jul 17  2024 virtual

/usr/libexec/rosetta:
total 1016
-rwxr-xr-x  1 root  wheel   4.4M Jul 17  2024 debugserver
-rwxr-xr-x  1 root  wheel   110K Jul 17  2024 oahd
-rwxr-xr-x  1 root  wheel   156K Jul 17  2024 oahd-helper
-rwxr-xr-x  1 root  wheel    56K Jul 17  2024 oahd-root-helper
-rwxr-xr-x  1 root  wheel   228K Jul 17  2024 runtime
-rwxr-xr-x  1 root  wheel   228K Jul 17  2024 runtime_t8027
-rwxr-xr-x  1 root  wheel    52K Jul 17  2024 translate_tool

/usr/libexec/wfs:
total 288
-rwxr-xr-x  1 root  wheel   331K Jul 17  2024 webdavsharing_mapper
-rwxr-xr-x  1 root  wheel   202K Jul 17  2024 webdavsharing_virtual_root
