dev=/dev/rdisk1 uuid=00000000-0000-0000-0000-000000000000 vers=1934.141.2.701.1 default_ans=n result=65 fp=2 fl=156 repairs=0 time=0 iter=1
fsck_apfs completed at Mon Jun  8 10:09:38 2026
dev=/dev/rdisk1 uuid=00000000-0000-0000-0000-000000000000 vers=1934.141.2.701.1 default_ans=n result=65 fp=2 fl=156 repairs=0 time=0 iter=1
fsck_apfs completed at Mon Jun  8 10:09:38 2026
dev= uuid=00000000-0000-0000-0000-000000000000 vers=1934.141.2.701.1 default_ans=n result=0 fp=0 fl=-1 repairs=0 time=0 iter=1
fsck_apfs completed at Mon Jun  8 10:09:38 2026
dev=/dev/rdisk1 uuid=00000000-0000-0000-0000-000000000000 vers=1934.141.2.701.1 default_ans=n result=65 fp=2 fl=156 repairs=0 time=0 iter=1
fsck_apfs completed at Mon Jun  8 10:09:38 2026
dev= uuid=00000000-0000-0000-0000-000000000000 vers=1934.141.2.701.1 default_ans=n result=0 fp=0 fl=-1 repairs=0 time=0 iter=1
fsck_apfs completed at Mon Jun  8 10:09:39 2026
dev=/dev/rdisk1 uuid=00000000-0000-0000-0000-000000000000 vers=1934.141.2.701.1 default_ans=n result=65 fp=2 fl=156 repairs=0 time=0 iter=1
fsck_apfs completed at Mon Jun  8 10:09:39 2026
dev= uuid=00000000-0000-0000-0000-000000000000 vers=1934.141.2.701.1 default_ans=n result=0 fp=0 fl=-1 repairs=0 time=0 iter=1
fsck_apfs completed at Mon Jun  8 10:09:39 2026
dev=/dev/rdisk1 uuid=00000000-0000-0000-0000-000000000000 vers=1934.141.2.701.1 default_ans=n result=65 fp=2 fl=156 repairs=0 time=0 iter=1
fsck_apfs completed at Mon Jun  8 17:09:59 2026
dev=/dev/rdisk1 uuid=00000000-0000-0000-0000-000000000000 vers=1934.141.2.701.1 default_ans=n result=65 fp=2 fl=156 repairs=0 time=0 iter=1
fsck_apfs completed at Mon Jun  8 17:10:00 2026
dev= uuid=00000000-0000-0000-0000-000000000000 vers=1934.141.2.701.1 default_ans=n result=0 fp=0 fl=-1 repairs=0 time=0 iter=1
fsck_apfs completed at Mon Jun  8 17:10:00 2026
dev=/dev/rdisk1 uuid=00000000-0000-0000-0000-000000000000 vers=1934.141.2.701.1 default_ans=n result=65 fp=2 fl=156 repairs=0 time=0 iter=1
fsck_apfs completed at Mon Jun  8 17:10:00 2026
dev= uuid=00000000-0000-0000-0000-000000000000 vers=1934.141.2.701.1 default_ans=n result=0 fp=0 fl=-1 repairs=0 time=0 iter=1
fsck_apfs completed at Mon Jun  8 17:10:00 2026
dev=/dev/rdisk1 uuid=00000000-0000-0000-0000-000000000000 vers=1934.141.2.701.1 default_ans=n result=65 fp=2 fl=156 repairs=0 time=0 iter=1
fsck_apfs completed at Mon Jun  8 17:10:00 2026
dev= uuid=00000000-0000-0000-0000-000000000000 vers=1934.141.2.701.1 default_ans=n result=0 fp=0 fl=-1 repairs=0 time=0 iter=1
fsck_apfs completed at Mon Jun  8 17:10:00 2026
dev=/dev/rdisk1 uuid=00000000-0000-0000-0000-000000000000 vers=1934.141.2.701.1 default_ans=n result=65 fp=2 fl=156 repairs=0 time=0 iter=1
fsck_apfs completed at Thu Jun 11 11:36:00 2026
dev=/dev/rdisk1 uuid=00000000-0000-0000-0000-000000000000 vers=1934.141.2.701.1 default_ans=n result=65 fp=2 fl=156 repairs=0 time=0 iter=1
fsck_apfs completed at Thu Jun 11 11:36:01 2026
dev= uuid=00000000-0000-0000-0000-000000000000 vers=1934.141.2.701.1 default_ans=n result=0 fp=0 fl=-1 repairs=0 time=0 iter=1
fsck_apfs completed at Thu Jun 11 11:36:01 2026
dev=/dev/rdisk1 uuid=00000000-0000-0000-0000-000000000000 vers=1934.141.2.701.1 default_ans=n result=65 fp=2 fl=156 repairs=0 time=0 iter=1
fsck_apfs completed at Thu Jun 11 11:36:01 2026
dev= uuid=00000000-0000-0000-0000-000000000000 vers=1934.141.2.701.1 default_ans=n result=0 fp=0 fl=-1 repairs=0 time=0 iter=1
fsck_apfs completed at Thu Jun 11 11:36:01 2026
dev=/dev/rdisk1 uuid=00000000-0000-0000-0000-000000000000 vers=1934.141.2.701.1 default_ans=n result=65 fp=2 fl=156 repairs=0 time=0 iter=1
fsck_apfs completed at Thu Jun 11 11:36:01 2026
dev= uuid=00000000-0000-0000-0000-000000000000 vers=1934.141.2.701.1 default_ans=n result=0 fp=0 fl=-1 repairs=0 time=0 iter=1
fsck_apfs completed at Thu Jun 11 11:36:01 2026
dev=/dev/rdisk1 uuid=00000000-0000-0000-0000-000000000000 vers=1934.141.2.701.1 default_ans=n result=65 fp=2 fl=156 repairs=0 time=0 iter=1
fsck_apfs completed at Thu Jun 11 15:04:21 2026
dev=/dev/rdisk1 uuid=00000000-0000-0000-0000-000000000000 vers=1934.141.2.701.1 default_ans=n result=65 fp=2 fl=156 repairs=0 time=0 iter=1
fsck_apfs completed at Thu Jun 11 15:04:21 2026
dev= uuid=00000000-0000-0000-0000-000000000000 vers=1934.141.2.701.1 default_ans=n result=0 fp=0 fl=-1 repairs=0 time=0 iter=1
fsck_apfs completed at Thu Jun 11 15:04:21 2026
dev=/dev/rdisk1 uuid=00000000-0000-0000-0000-000000000000 vers=1934.141.2.701.1 default_ans=n result=65 fp=2 fl=156 repairs=0 time=0 iter=1
fsck_apfs completed at Thu Jun 11 15:04:22 2026
dev= uuid=00000000-0000-0000-0000-000000000000 vers=1934.141.2.701.1 default_ans=n result=0 fp=0 fl=-1 repairs=0 time=0 iter=1
fsck_apfs completed at Thu Jun 11 15:04:22 2026
dev=/dev/rdisk1 uuid=00000000-0000-0000-0000-000000000000 vers=1934.141.2.701.1 default_ans=n result=65 fp=2 fl=156 repairs=0 time=0 iter=1
fsck_apfs completed at Thu Jun 11 15:04:22 2026
dev= uuid=00000000-0000-0000-0000-000000000000 vers=1934.141.2.701.1 default_ans=n result=0 fp=0 fl=-1 repairs=0 time=0 iter=1
fsck_apfs completed at Thu Jun 11 15:04:22 2026
dev=/dev/rdisk1 uuid=00000000-0000-0000-0000-000000000000 vers=1934.141.2.701.1 default_ans=n result=65 fp=2 fl=156 repairs=0 time=0 iter=1
fsck_apfs completed at Fri Jun 12 15:40:40 2026
dev=/dev/rdisk1 uuid=00000000-0000-0000-0000-000000000000 vers=1934.141.2.701.1 default_ans=n result=65 fp=2 fl=156 repairs=0 time=0 iter=1
fsck_apfs completed at Fri Jun 12 15:40:40 2026
dev= uuid=00000000-0000-0000-0000-000000000000 vers=1934.141.2.701.1 default_ans=n result=0 fp=0 fl=-1 repairs=0 time=0 iter=1
fsck_apfs completed at Fri Jun 12 15:40:40 2026
dev=/dev/rdisk1 uuid=00000000-0000-0000-0000-000000000000 vers=1934.141.2.701.1 default_ans=n result=65 fp=2 fl=156 repairs=0 time=0 iter=1
fsck_apfs completed at Fri Jun 12 15:40:41 2026
dev= uuid=00000000-0000-0000-0000-000000000000 vers=1934.141.2.701.1 default_ans=n result=0 fp=0 fl=-1 repairs=0 time=0 iter=1
fsck_apfs completed at Fri Jun 12 15:40:41 2026
dev=/dev/rdisk1 uuid=00000000-0000-0000-0000-000000000000 vers=1934.141.2.701.1 default_ans=n result=65 fp=2 fl=156 repairs=0 time=0 iter=1
fsck_apfs completed at Fri Jun 12 15:40:41 2026
dev= uuid=00000000-0000-0000-0000-000000000000 vers=1934.141.2.701.1 default_ans=n result=0 fp=0 fl=-1 repairs=0 time=0 iter=1
fsck_apfs completed at Fri Jun 12 15:40:41 2026
dev=/dev/rdisk1 uuid=00000000-0000-0000-0000-000000000000 vers=1934.141.2.701.1 default_ans=n result=65 fp=2 fl=156 repairs=0 time=0 iter=1
fsck_apfs completed at Fri Jun 12 17:24:19 2026
dev=/dev/rdisk1 uuid=00000000-0000-0000-0000-000000000000 vers=1934.141.2.701.1 default_ans=n result=65 fp=2 fl=156 repairs=0 time=0 iter=1
fsck_apfs completed at Fri Jun 12 17:24:19 2026
dev= uuid=00000000-0000-0000-0000-000000000000 vers=1934.141.2.701.1 default_ans=n result=0 fp=0 fl=-1 repairs=0 time=0 iter=1
fsck_apfs completed at Fri Jun 12 17:24:20 2026
dev=/dev/rdisk1 uuid=00000000-0000-0000-0000-000000000000 vers=1934.141.2.701.1 default_ans=n result=65 fp=2 fl=156 repairs=0 time=0 iter=1
fsck_apfs completed at Fri Jun 12 17:24:20 2026
dev= uuid=00000000-0000-0000-0000-000000000000 vers=1934.141.2.701.1 default_ans=n result=0 fp=0 fl=-1 repairs=0 time=0 iter=1
fsck_apfs completed at Fri Jun 12 17:24:20 2026
dev=/dev/rdisk1 uuid=00000000-0000-0000-0000-000000000000 vers=1934.141.2.701.1 default_ans=n result=65 fp=2 fl=156 repairs=0 time=0 iter=1
fsck_apfs completed at Fri Jun 12 17:24:20 2026
dev= uuid=00000000-0000-0000-0000-000000000000 vers=1934.141.2.701.1 default_ans=n result=0 fp=0 fl=-1 repairs=0 time=0 iter=1
fsck_apfs completed at Fri Jun 12 17:24:20 2026
dev=/dev/rdisk1 uuid=00000000-0000-0000-0000-000000000000 vers=1934.141.2.701.1 default_ans=n result=65 fp=2 fl=156 repairs=0 time=0 iter=1
fsck_apfs completed at Sat Jun 13 11:27:23 2026
dev=/dev/rdisk1 uuid=00000000-0000-0000-0000-000000000000 vers=1934.141.2.701.1 default_ans=n result=65 fp=2 fl=156 repairs=0 time=0 iter=1
fsck_apfs completed at Sat Jun 13 11:27:23 2026
dev= uuid=00000000-0000-0000-0000-000000000000 vers=1934.141.2.701.1 default_ans=n result=0 fp=0 fl=-1 repairs=0 time=0 iter=1
fsck_apfs completed at Sat Jun 13 11:27:23 2026
dev= uuid=00000000-0000-0000-0000-000000000000 vers=1934.141.2.701.1 default_ans=n result=0 fp=0 fl=-1 repairs=0 time=0 iter=1
fsck_apfs completed at Sat Jun 13 11:27:24 2026
dev=/dev/rdisk1 uuid=00000000-0000-0000-0000-000000000000 vers=1934.141.2.701.1 default_ans=n result=65 fp=2 fl=156 repairs=0 time=0 iter=1
fsck_apfs completed at Sat Jun 13 11:27:24 2026
dev=/dev/rdisk1 uuid=00000000-0000-0000-0000-000000000000 vers=1934.141.2.701.1 default_ans=n result=65 fp=2 fl=156 repairs=0 time=0 iter=1
fsck_apfs completed at Sat Jun 13 11:27:24 2026
dev= uuid=00000000-0000-0000-0000-000000000000 vers=1934.141.2.701.1 default_ans=n result=0 fp=0 fl=-1 repairs=0 time=0 iter=1
fsck_apfs completed at Sat Jun 13 11:27:24 2026
dev=/dev/rdisk1 uuid=00000000-0000-0000-0000-000000000000 vers=1934.141.2.701.1 default_ans=n result=65 fp=2 fl=156 repairs=0 time=0 iter=1
fsck_apfs completed at Sat Jun 13 15:41:27 2026
dev=/dev/rdisk1 uuid=00000000-0000-0000-0000-000000000000 vers=1934.141.2.701.1 default_ans=n result=65 fp=2 fl=156 repairs=0 time=0 iter=1
fsck_apfs completed at Sat Jun 13 15:41:27 2026
dev= uuid=00000000-0000-0000-0000-000000000000 vers=1934.141.2.701.1 default_ans=n result=0 fp=0 fl=-1 repairs=0 time=0 iter=1
fsck_apfs completed at Sat Jun 13 15:41:27 2026
dev=/dev/rdisk1 uuid=00000000-0000-0000-0000-000000000000 vers=1934.141.2.701.1 default_ans=n result=65 fp=2 fl=156 repairs=0 time=0 iter=1
fsck_apfs completed at Sat Jun 13 15:41:27 2026
dev= uuid=00000000-0000-0000-0000-000000000000 vers=1934.141.2.701.1 default_ans=n result=0 fp=0 fl=-1 repairs=0 time=0 iter=1
fsck_apfs completed at Sat Jun 13 15:41:27 2026
dev=/dev/rdisk1 uuid=00000000-0000-0000-0000-000000000000 vers=1934.141.2.701.1 default_ans=n result=65 fp=2 fl=156 repairs=0 time=0 iter=1
fsck_apfs completed at Sat Jun 13 15:41:27 2026
dev= uuid=00000000-0000-0000-0000-000000000000 vers=1934.141.2.701.1 default_ans=n result=0 fp=0 fl=-1 repairs=0 time=0 iter=1
fsck_apfs completed at Sat Jun 13 15:41:27 2026
dev=/dev/rdisk1 uuid=00000000-0000-0000-0000-000000000000 vers=1934.141.2.701.1 default_ans=n result=65 fp=2 fl=156 repairs=0 time=0 iter=1
fsck_apfs completed at Sun Jun 14 06:39:53 2026
dev=/dev/rdisk1 uuid=00000000-0000-0000-0000-000000000000 vers=1934.141.2.701.1 default_ans=n result=65 fp=2 fl=156 repairs=0 time=0 iter=1
fsck_apfs completed at Sun Jun 14 06:39:53 2026
dev= uuid=00000000-0000-0000-0000-000000000000 vers=1934.141.2.701.1 default_ans=n result=0 fp=0 fl=-1 repairs=0 time=0 iter=1
fsck_apfs completed at Sun Jun 14 06:39:53 2026
dev=/dev/rdisk1 uuid=00000000-0000-0000-0000-000000000000 vers=1934.141.2.701.1 default_ans=n result=65 fp=2 fl=156 repairs=0 time=0 iter=1
fsck_apfs completed at Sun Jun 14 06:39:54 2026
dev= uuid=00000000-0000-0000-0000-000000000000 vers=1934.141.2.701.1 default_ans=n result=0 fp=0 fl=-1 repairs=0 time=0 iter=1
fsck_apfs completed at Sun Jun 14 06:39:54 2026
dev=/dev/rdisk1 uuid=00000000-0000-0000-0000-000000000000 vers=1934.141.2.701.1 default_ans=n result=65 fp=2 fl=156 repairs=0 time=0 iter=1
fsck_apfs completed at Sun Jun 14 06:39:54 2026
dev= uuid=00000000-0000-0000-0000-000000000000 vers=1934.141.2.701.1 default_ans=n result=0 fp=0 fl=-1 repairs=0 time=0 iter=1
fsck_apfs completed at Sun Jun 14 06:39:54 2026
