/usr/bin/env:
Contents of section __TEXT,__text:
 100002ccc 554889e5 41574156 41554154 534883ec  UH..AWAVAUATSH..
 100002cdc 18488d45 cc893848 8d45d048 893041b6  .H.E..8H.E.H.0A.
 100002cec 0a488d1d f00f0000 4c8b3d25 13000045  .H......L.=%...E
 100002cfc 31ed4531 e44889da e80d0e00 0083f852  1.E1.H.........R
 100002d0c 7e1e83f8 747f3c83 f853747f 41bc0100  ~...t.<..St.A...
 100002d1c 000083f8 690f84c3 000000e9 8b010000  ....i...........
 100002d2c 83f82f7e 5983f830 747a83f8 500f8578  ../~Y..0tz..P..x
 100002d3c 01000049 8b3fe80b 0e000049 89c5e99b  ...I.?.....I....
 100002d4c 00000083 f8757461 83f8760f 855a0100  .....uta..v..Z..
 100002d5c 008b057d 5300008d 50018915 74530000  ...}S...P...tS..
 100002d6c 85c07e7a 488b0599 12000048 8b38488d  ..~zH......H.8H.
 100002d7c 358a0f00 0031c0e8 760d0000 eb6083f8  5....1..v....`..
 100002d8c 2d756741 bc010000 00eb5349 8b3f488b  -ugA......SI.?H.
 100002d9c 35871200 00488d55 cc488d4d d0e86604  5....H.U.H.M..f.
 100002dac 0000eb3a 4531f6eb 35833d24 53000000  ...:E1..5.=$S...
 100002dbc 741b488b 054b1200 00488b38 498b1748  t.H..K...H.8I..H
 100002dcc 8d351d0f 000031c0 e8250d00 00498b3f  .5....1..%...I.?
 100002ddc e8890d00 0083f8ff 0f84b700 00008b7d  ...............}
 100002dec cc488b75 d0e90bff ffff83f8 ff0f85b8  .H.u............
 100002dfc 00000045 85e4743e 488b050d 12000048  ...E..t>H......H
 100002e0c 8d4dc048 890848c7 01000000 00833dc0  .M.H..H.......=.
 100002e1c 52000000 7420488b 05e71100 00488b08  R...t H......H..
 100002e2c 488d3df2 0e0000be 16000000 ba010000  H.=.............
 100002e3c 00e8c80c 0000488b 05df1100 00486300  ......H......Hc.
 100002e4c 488b4dd0 4c8d3cc1 4c897dd0 4d8b274d  H.M.L.<.L.}.M.'M
 100002e5c 85e4755c 488b05b1 11000048 8b18488b  ..u\H......H..H.
 100002e6c 334885f6 7428450f b6fe4883 c3084c8d  3H..t(E...H...L.
 100002e7c 35230f00 004c89f7 4489fa31 c0e89a0c  5#...L..D..1....
 100002e8c 0000488b 334883c3 084885f6 75e731ff  ..H.3H...H..u.1.
 100002e9c e8570c00 00498b17 488d3554 0e0000bf  .W...I..H.5T....
 100002eac 01000000 31c0e82f 0c0000e8 6e010000  ....1../....n...
 100002ebc 4c89e7be 3d000000 e87d0c00 004885c0  L...=....}...H..
 100002ecc 74794889 c3833d08 52000000 741b488b  tyH...=.R...t.H.
 100002edc 052f1100 00488b38 488d3551 0e00004c  ./...H.8H.5Q...L
 100002eec 89e231c0 e8090c00 00c60300 488b45d0  ..1.........H.E.
 100002efc 488b3848 8d7301ba 01000000 e8210c00  H.8H.s.......!..
 100002f0c 00c6033d 488b4dd0 83f8ff0f 84fe0000  ...=H.M.........
 100002f1c 004c8d79 084c897d d04c8b61 084d85e4  .L.y.L.}.L.a.M..
 100002f2c 0f842eff ffff4c89 e7be3d00 0000e807  ......L...=.....
 100002f3c 0c000048 89c34885 c0758a45 84f67513  ...H..H..u.E..u.
 100002f4c 488d3504 0e0000bf 7d000000 31c0e88d  H.5.....}...1...
 100002f5c 0b00004d 85ed740b 4c89ef4c 89fee8e9  ...M..t.L..L....
 100002f6c 00000083 3d6a5100 00007473 4c8b3d91  ....=jQ...tsL.=.
 100002f7c 10000049 8b3f488b 45d0488b 10488d35  ...I.?H.E.H..H.5
 100002f8c e60d0000 31c0e867 0b000048 8b5dd0c7  ....1..g...H.]..
 100002f9c 45cc0000 0000488b 0b4885c9 742e4883  E.....H..H..t.H.
 100002fac c3084c8d 35d50d00 0031d249 8b3f4c89  ..L.5....1.I.?L.
 100002fbc f631c0e8 3a0b0000 8b55ccff c28955cc  .1..:....U....U.
 100002fcc 488b0b48 83c30848 85c975df 833d0151  H..H...H..u..=.Q
 100002fdc 0000027c 0abf0100 0000e849 0b000048  ...|.......I...H
 100002fec 8b75d048 8b3ee8fb 0a0000e8 d20a0000  .u.H.>..........
 100002ffc 31ff8338 02400f94 c783cf7e 488b45d0  1..8.@.....~H.E.
 10000300c 488b1048 8d358b0d 0000e995 feffff48  H..H.5.........H
 10000301c 8b11488d 35280d00 00e981fe ffff5548  ..H.5(........UH
 10000302c 89e5488b 05db0f00 00488b08 488d3d6a  ..H......H..H.=j
 10000303c 0d0000be 6b000000 ba010000 00e8bc0a  ....k...........
 10000304c 0000bf01 000000e8 a00a0000 554889e5  ............UH..
 10000305c 41574156 41554154 534881ec a8040000  AWAVAUATSH......
 10000306c 4889f349 89ff488b 058f0f00 00488b00  H..I..H......H..
 10000307c 488945d0 4889bdc8 fbffff4c 8b264c89  H.E.H......L.&L.
 10000308c e7be2f00 0000e8af 0a000048 85c00f85  ../........H....
 10000309c 4d010000 48899dc0 fbffff48 8d053250  M...H......H..2P
 1000030ac 00008338 027c2f4c 8b35560f 0000498b  ...8.|/L.5V...I.
 1000030bc 3e488d35 510d0000 4c89fa31 c0e8300a  >H.5Q...L..1..0.
 1000030cc 0000498b 3e488d35 530d0000 4c89e231  ..I.>H.5S...L..1
 1000030dc c0e81c0a 0000488d 35580d00 00488dbd  ......H.5X...H..
 1000030ec c8fbffff e86f0a00 004885c0 0f84a600  .....o...H......
 1000030fc 00004c8d 3d400d00 00488d9d d0fbffff  ..L.=@...H......
 10000310c 4c8d2d2e 0d00004c 8db5c8fb ffff8038  L.-....L.......8
 10000311c 00488d0d 1f0d0000 480f44c1 be000400  .H......H.D.....
 10000312c 004889df 4c89fa48 89c14d89 e031c0e8  .H..L..H..M..1..
 10000313c fa090000 3d000400 007d4948 89dfbe01  ....=....}IH....
 10000314c 000000e8 8c090000 85c07538 4889df48  ..........u8H..H
 10000315c 8db530fb ffffe8d9 09000085 c075250f  ..0..........u%.
 10000316c b78534fb ffff2500 f000003d 00800000  ..4...%....=....
 10000317c 7512e899 09000085 c07525f6 8534fbff  u........u%..4..
 10000318c ff49751c 4c89f74c 89eee8c9 09000048  .Iu.L..L.......H
 10000319c 85c00f85 76ffffff 4c89e7e8 c8080000  ....v...L.......
 1000031ac 488d052d 4f000083 38027c1f 488b0551  H..-O...8.|.H..Q
 1000031bc 0e000048 8b38488d 353a0d00 00488d95  ...H.8H.5:...H..
 1000031cc d0fbffff 31c0e827 09000048 8dbdd0fb  ....1..'...H....
 1000031dc ffffe86f 09000048 8b8dc0fb ffff4889  ...o...H......H.
 1000031ec 01488b05 140e0000 488b0048 3b45d075  .H......H..H;E.u
 1000031fc 124881c4 a8040000 5b415c41 5d415e41  .H......[A\A]A^A
 10000320c 5f5dc3e8 c6080000 554889e5 41574156  _]......UH..AWAV
 10000321c 41554154 534883ec 5848894d 90488955  AUATSH..XH.M.H.U
 10000322c 884989f7 4989fd49 ffcd41be 00400000  .I..I..I..A..@..
 10000323c 410fb65d 0184db78 10488b05 b40d0000  A..]...x.H......
 10000324c 8b44983c 4421f0eb 0cbe0040 000089df  .D.<D!.....@....
 10000325c e8730800 0049ffc5 85c075d4 4885db0f  .s...I....u.H...
 10000326c 846c0700 004c89ef e8e50800 004889c3  .l...L.......H..
 10000327c 488d7801 e89d0800 004989c6 488b4588  H.x......I..H.E.
 10000328c 48630048 d1eb4801 c3488d3c dd100000  Hc.H..H..H.<....
 10000329c 00e88008 00004889 c1488b45 90488b00  ......H..H.E.H..
 1000032ac 488b0048 8d510848 894da048 8901418a  H..H.Q.H.M.H..A.
 1000032bc 5d0084db 4c897d80 0f840106 0000c745  ]...L.}........E
 1000032cc c8000000 00c745d4 00000000 c745c400  ......E......E..
 1000032dc 000000c7 45c00000 00004531 c031c048  ....E.....E1.1.H
 1000032ec 8945a84c 89ee4c89 6db8440f beeb4183  .E.L..L.m.D...A.
 1000032fc fd267f28 4183fd22 0f848100 00004183  .&.(A.."......A.
 10000330c fd24755a 837dc800 0f843401 0000c745  .$uZ.}....4....E
 10000331c c8010000 00bf2400 0000eb3b 4183fd27  ......$....;A..'
 10000332c 74784183 fd5c7536 4c8d6601 440fbe6e  txA..\u6L.f.D..n
 10000333c 01410fb6 fd837dc8 000f844d 010000c7  .A....}....M....
 10000334c 45c80100 00004180 fd5c746a 4180fd27  E.....A..\tjA..'
 10000335c 7464bf5c 00000031 c04989f4 eb5a40b7  td.\...1.I...Z@.
 10000336c 018b45d4 0b45c80f 84b20000 00837dc4  ..E..E........}.
 10000337c 000f84a8 00000049 89f4e9e6 01000045  .......I.......E
 10000338c 31ed837d c8000f84 38010000 c745c801  1..}....8....E..
 10000339c 000000bf 22000000 eb194531 ed837dd4  ....".....E1..}.
 1000033ac 000f844c 010000c7 45d40100 0000bf27  ...L....E......'
 1000033bc 00000049 89f431c0 4531ff85 ff0f95c1  ...I..1.E1......
 1000033cc 4189fd83 7dc40075 0a4c8932 4883c208  A...}..u.L.2H...
 1000033dc 41ffc084 c9741245 882e49ff c6c745c4  A....t.E..I...E.
 1000033ec 01000000 e9fb0300 00c745c4 01000000  ..........E.....
 1000033fc 84c00f84 ec030000 418a0784 c04c8b6d  ........A....L.m
 10000340c b80f84e1 03000049 ffc74188 0649ffc6  .......I..A..I..
 10000341c 418a0749 ffc784c0 75f0e9c9 03000084  A..I....u.......
 10000342c db0f88f2 00000041 0fb6c548 8b0dc20b  .......A...H....
 10000343c 00008b44 813cb900 40000021 c8e9f900  ...D.<..@..!....
 10000344c 00004c89 45b04889 55984889 f3807e01  ..L.E.H.U.H...~.
 10000345c 7b0f85b3 05000048 8d430248 8945c80f  {......H.C.H.E..
 10000346c b6384883 ff5f0f84 6c010000 4084ff0f  .8H.._..l...@...
 10000347c 88510100 00488b05 780b0000 8b44b83c  .Q...H..x....D.<
 10000348c b9000100 0021c8e9 44010000 4183fd62  .....!..D...A..b
 10000349c 0f8fd700 0000418d 45de83f8 3d0f87bb  ......A.E...=...
 1000034ac 03000048 b9270000 00000000 04480fa3  ...H.'.......H..
 1000034bc c10f8388 02000031 c04531ff 4489efe9  .......1.E1.D...
 1000034cc bb020000 837dd400 75338b42 f84489f1  .....}..u3.B.D..
 1000034dc 29c1894d c0c745d4 01000000 31ffb001  )..M..E.....1...
 1000034ec 4989f44c 8d3d5509 00004889 75a8e98c  I..L.=U...H.u...
 1000034fc 02000083 7dc8000f 84990000 0040b701  ....}........@..
 10000350c 4989f445 31ffc745 d4000000 00c745c8  I..E1..E......E.
 10000351c 00000000 e9ab0200 004989f5 4989d74d  .........I..I..M
 10000352c 89c40fb6 fbbe0040 0000e899 05000040  .......@.......@
 10000353c b7014d89 e04c89fa 4c89ee85 c0741045  ..M..L..L....t.E
 10000354c 31ff4989 f44531ed 31ffe975 02000083  1.I..E1.1..u....
 10000355c 7dc40075 0980fb23 0f848204 00004989  }..u...#......I.
 10000356c f4440fbe 2e4531ff e9570200 00418d45  .D...E1..W...A.E
 10000357c 9283f808 0f87b201 0000488d 0dc30400  ..........H.....
 10000358c 00486304 814801c8 ffe031c0 bf0a0000  .Hc..H....1.....
 10000359c 00e9e601 00008b42 f84489f1 29c1894d  .......B.D..)..M
 1000035ac c0c745c8 01000000 31ffb001 4989f44c  ..E.....1...I..L
 1000035bc 8d3d8908 00004889 75a8c745 d4000000  .=....H.u..E....
 1000035cc 00e9f5fd ffffbe00 010000e8 f8040000  ................
 1000035dc 85c00f84 32040000 4c8d6303 41bf0200  ....2...L.c.A...
 1000035ec 0000450f b62c2449 83fd5f74 2b4584ed  ..E..,$I.._t+E..
 1000035fc 7815488b 05fb0900 00428b44 a83cb900  x.H......B.D.<..
 10000360c 05000021 c8eb0dbe 00050000 4489efe8  ...!........D...
 10000361c b4040000 85c07408 49ffc449 ffc7ebc2  ......t.I..I....
 10000362c 4180fd7d 0f85e003 00004c89 ffe8e404  A..}......L.....
 10000363c 00004889 c34889c7 488b75c8 4c89fae8  ..H..H..H.u.L...
 10000364c 08050000 4889dfe8 b8040000 4885c00f  ....H.......H...
 10000365c 84ab0000 004989c7 8038000f 849f0000  .....I...8......
 10000366c 00488d05 6c4a0000 8338037c 1e488b05  .H..lJ...8.|.H..
 10000367c 90090000 488b3848 8d35ec08 00004889  ....H.8H.5....H.
 10000368c da4c89f9 31c0e867 04000048 89dfe8bf  .L..1..g...H....
 10000369c 04000049 89c54983 c5034c89 ffe8b004  ...I..I...L.....
 1000036ac 00004939 c50f83fc 0000004c 89e74989  ..I9.......L..I.
 1000036bc c5e89c04 00004901 c549ffc5 837dc400  ......I..I...}..
 1000036cc 0f84c500 000041c6 0600488b 45984c8b  ......A...H.E.L.
 1000036dc 70f84c89 f7e87804 00004901 c54c89ef  p.L...x...I..L..
 1000036ec e8310400 004989c5 4889c74c 89f6e84d  .1...I..H..L...M
 1000036fc 04000048 8b45984c 8968f8e9 99000000  ...H.E.L.h......
 10000370c 488d05cd 49000083 38037c1b 488b05f1  H...I...8.|.H...
 10000371c 08000048 8b38488d 35250800 004889da  ...H.8H.5%...H..
 10000372c 31c0e8cb 03000045 31ffeb7b 4183fd66  1......E1..{A..f
 10000373c 0f851e01 000031c0 bf0c0000 00eb3d48  ......1.......=H
 10000374c 83f83d0f 85150100 00837dd4 000f8458  ..=.......}....X
 10000375c 01000031 c0c745d4 01000000 bf200000  ...1..E...... ..
 10000376c 00eb1931 c0bf0d00 0000eb10 31c0bf09  ...1........1...
 10000377c 000000eb 0731c0bf 0b000000 4531ffc7  .....1......E1..
 10000378c 45c80000 0000e930 fcffff4c 89efe883  E......0...L....
 10000379c 03000049 89c5c600 004c89ef e8b10300  ...I.....L......
 1000037ac 004989c6 4d01ee48 89dfe849 03000040  .I..M..H...I...@
 1000037bc b7014531 edc745c8 00000000 488b5598  ..E1..E.....H.U.
 1000037cc 4c8b45b0 4585ed0f 95c14d85 ff0f95c0  L.E.E.....M.....
 1000037dc 0f85edfb ffff4585 ed0f85e4 fbffff40  ......E........@
 1000037ec 84ff741c 4c8b6db8 418a5c24 0149ffc4  ..t.L.m.A.\$.I..
 1000037fc 4c89e684 db0f85ef faffffe9 dd000000  L...............
 10000380c 4d89c748 89d341c6 06004983 c4fe4c8b  M..H..A...I...L.
 10000381c 6db8410f b67c2402 4084ff78 14488b05  m.A..|$.@..x.H..
 10000382c d0070000 8b44b83c b9004000 0021c8eb  .....D.<..@..!..
 10000383c 0abe0040 0000e88d 02000049 ffc485c0  ...@.......I....
 10000384c 75d049ff c6c745c4 00000000 4889da4d  u.I...E.....H..M
 10000385c 89f8eb94 4183fd63 0f848b01 0000410f  ....A..c......A.
 10000386c b6c584c0 7814488b 0d870700 008b4481  ....x.H.......D.
 10000387c 3cb90040 000021c8 eb1ebe00 40000048  <..@..!.....@..H
 10000388c 89d34c89 45b04189 ffe83a02 00004489  ..L.E.A...:...D.
 10000389c ff4c8b45 b04889da 85c00f84 9f010000  .L.E.H..........
 1000038ac 4531ff40 b701e962 fcffff48 83c60249  E1.@...b...H...I
 1000038bc 89f44531 ff4531ed 31ffe947 fcffff31  ..E1.E1.1..G...1
 1000038cc c0488945 a84531c0 c745c000 000000c7  .H.E.E1..E......
 1000038dc 45d40000 0000c745 c8000000 004c8945  E......E.....L.E
 1000038ec b041c606 004989d4 48c70200 0000008b  .A...I..H.......
 1000038fc 45c80945 d40f8525 01000048 8d05d247  E..E...%...H...G
 10000390c 00008338 027c654c 8b3df606 0000498b  ...8.|eL.=....I.
 10000391c 3f488d35 9d050000 4c89ea31 c0e8d001  ?H.5....L..1....
 10000392c 0000498b 3f488b5d a0488b53 08488d35  ..I.?H.].H.S.H.5
 10000393c 97050000 31c0e8b7 01000048 8b531048  ....1......H.S.H
 10000394c 85d27428 488b5da0 4883c318 4c8d358e  ..t(H.].H...L.5.
 10000395c 05000049 8b3f4c89 f631c0e8 92010000  ...I.?L..1......
 10000396c 488b1348 83c30848 85d275e7 488b4590  H..H...H..u.H.E.
 10000397c 488b1048 8b758048 6306488b 0cc24885  H..H.u.Hc.H...H.
 10000398c c9742248 8d14c248 83c20848 8b7db049  .t"H...H...H.}.I
 10000399c 890c2449 83c40848 8b0a4883 c2084885  ..$I...H..H...H.
 1000039ac c975eceb 04488b7d b049c704 24000000  .u...H.}.I..$...
 1000039bc 00488b55 888b0a29 c78d040f ffc08902  .H.U...)........
 1000039cc 488b4590 488b4da0 488908c7 06010000  H.E.H.M.H.......
 1000039dc 004883c4 585b415c 415d415e 415f5dc3  .H..X[A\A]A^A_].
 1000039ec 4c8b6db8 e9f4feff ffc745c8 00000000  L.m.......E.....
 1000039fc 837dd400 c745d400 0000004c 8b6db80f  .}...E.....L.m..
 100003a0c 84d8feff ffe89f00 0000488d 35fc0400  ..........H.5...
 100003a1c 00bf0100 00004889 da31c0e8 c0000000  ......H..1......
 100003a2c 498b4c24 f8488d35 61040000 bf010000  I.L$.H.5a.......
 100003a3c 008b55c0 4c8b45a8 31c0e8a1 000000e8  ..U.L.E.1.......
 100003a4c 4c000000 46fbffff 1afeffff 1afeffff  L...F...........
 100003a5c 1afeffff 1ffdffff 1afeffff 28fdffff  ............(...
 100003a6c 1afeffff 31fdffff 554889e5 53504889  ....1...UH..SPH.
 100003a7c fbe84c00 0000c700 02000000 488d3512  ..L.........H.5.
 100003a8c 0300006a 7f5f4889 da31c0e8 4a000000  ...j._H..1..J...
 100003a9c 554889e5 400fbed7 488d35d1 0300006a  UH..@...H.5....j
 100003aac 015f31c0 e8370000 00554889 e5488d35  ._1..7...UH..H.5
 100003abc 8c030000 6a015f6a 635a31c0 e81f0000  ....j._jcZ1.....
 100003acc 00                                   .
Contents of section __TEXT,__stubs:
 100003ace ff252c45 0000ff25 2e450000 ff253045  .%,E...%.E...%0E
 100003ade 0000ff25 32450000 ff253445 0000ff25  ...%2E...%4E...%
 100003aee 36450000 ff253845 0000ff25 3a450000  6E...%8E...%:E..
 100003afe ff253c45 0000ff25 3e450000 ff254045  .%<E...%>E...%@E
 100003b0e 0000ff25 42450000 ff254445 0000ff25  ...%BE...%DE...%
 100003b1e 46450000 ff254845 0000ff25 4a450000  FE...%HE...%JE..
 100003b2e ff254c45 0000ff25 4e450000 ff255045  .%LE...%NE...%PE
 100003b3e 0000ff25 52450000 ff255445 0000ff25  ...%RE...%TE...%
 100003b4e 56450000 ff255845 0000ff25 5a450000  VE...%XE...%ZE..
 100003b5e ff255c45 0000ff25 5e450000 ff256045  .%\E...%^E...%`E
 100003b6e 0000                                 ..
Contents of section __TEXT,__stub_helper:
 100003b70 4c8d1d61 45000041 53ff25b1 04000090  L..aE..AS.%.....
 100003b80 68000000 00e9e6ff ffff680f 000000e9  h.........h.....
 100003b90 dcffffff 68210000 00e9d2ff ffff6839  ....h!........h9
 100003ba0 000000e9 c8ffffff 68470000 00e9beff  ........hG......
 100003bb0 ffff6852 000000e9 b4ffffff 685e0000  ..hR........h^..
 100003bc0 00e9aaff ffff686c 000000e9 a0ffffff  ......hl........
 100003bd0 68780000 00e996ff ffff6887 000000e9  hx........h.....
 100003be0 8cffffff 68930000 00e982ff ffff68a1  ....h.........h.
 100003bf0 000000e9 78ffffff 68af0000 00e96eff  ....x...h.....n.
 100003c00 ffff68bd 000000e9 64ffffff 68cb0000  ..h.....d...h...
 100003c10 00e95aff ffff68d9 000000e9 50ffffff  ..Z...h.....P...
 100003c20 68e70000 00e946ff ffff68f6 000000e9  h.....F...h.....
 100003c30 3cffffff 68040100 00e932ff ffff6815  <...h.....2...h.
 100003c40 010000e9 28ffffff 682a0100 00e91eff  ....(...h*......
 100003c50 ffff6839 010000e9 14ffffff 68480100  ..h9........hH..
 100003c60 00e90aff ffff6857 010000e9 00ffffff  ......hW........
 100003c70 68670100 00e9f6fe ffff6876 010000e9  hg........hv....
 100003c80 ecfeffff 68850100 00e9e2fe ffff      ....h.........
Contents of section __TEXT,__const:
 100003c90 40282329 50524f47 52414d3a 656e7620  @(#)PROGRAM:env 
 100003ca0 2050524f 4a454354 3a736865 6c6c5f63   PROJECT:shell_c
 100003cb0 6d64732d 3234302e 3130302e 31352e37  mds-240.100.15.7
 100003cc0 30322e31 0a000000 33333333 33036e40  02.1....33333.n@
 100003cd0 24467265 65425344 24002446 72656542  $FreeBSD$.$FreeB
 100003ce0 53442400                             SD$.
Contents of section __TEXT,__cstring:
 100003ce4 2d306950 3a533a75 3a760023 656e7620  -0iP:S:u:v.#env 
 100003cf4 756e7365 743a0925 730a0075 6e736574  unset:.%s..unset
 100003d04 656e7620 25730023 656e7620 76657262  env %s.#env verb
 100003d14 6f736974 79206e6f 77206174 2025640a  osity now at %d.
 100003d24 0023656e 7620636c 65617269 6e672065  .#env clearing e
 100003d34 6e766972 6f6e0a00 23656e76 20736574  nviron..#env set
 100003d44 656e763a 0925730a 00736574 656e7620  env:.%s..setenv 
 100003d54 25730063 616e6e6f 74207370 65636966  %s.cannot specif
 100003d64 7920636f 6d6d616e 64207769 7468202d  y command with -
 100003d74 30002365 6e762065 78656375 74696e67  0.#env executing
 100003d84 3a092573 0a002365 6e762020 20206172  :.%s..#env    ar
 100003d94 675b2564 5d3d0927 2573270a 00257300  g[%d]=.'%s'..%s.
 100003da4 25732563 00757361 67653a20 656e7620  %s%c.usage: env 
 100003db4 5b2d3069 765d205b 2d502075 74696c70  [-0iv] [-P utilp
 100003dc4 6174685d 205b2d53 20737472 696e675d  ath] [-S string]
 100003dd4 205b2d75 206e616d 655d0a20 20202020   [-u name].     
 100003de4 20202020 20205b6e 616d653d 76616c75        [name=valu
 100003df4 65202e2e 2e5d205b 7574696c 69747920  e ...] [utility 
 100003e04 5b617267 756d656e 74202e2e 2e5d5d0a  [argument ...]].
 100003e14 0023656e 76205365 61726368 696e673a  .#env Searching:
 100003e24 09272573 270a0023 656e7620 20666f72  .'%s'..#env  for
 100003e34 2066696c 653a0927 2573270a 003a002e   file:.'%s'..:..
 100003e44 0025732f 25730000 53657175 656e6365  .%s/%s..Sequence
 100003e54 20275c25 63272069 73206e6f 7420616c   '\%c' is not al
 100003e64 6c6f7765 6420696e 2071756f 74656420  lowed in quoted 
 100003e74 73747269 6e677300 496e7661 6c696420  strings.Invalid 
 100003e84 73657175 656e6365 20275c25 63272069  sequence '\%c' i
 100003e94 6e202d53 004e6f20 7465726d 696e6174  n -S.No terminat
 100003ea4 696e6720 71756f74 6520666f 72207374  ing quote for st
 100003eb4 72696e67 3a20252e 2a732573 0023656e  ring: %.*s%s.#en
 100003ec4 76202073 706c6974 202d533a 09272573  v  split -S:.'%s
 100003ed4 270a0023 656e7620 20202020 20696e74  '..#env      int
 100003ee4 6f3a0927 2573270a 0023656e 76202020  o:.'%s'..#env   
 100003ef4 20202020 20202026 09272573 270a0023         &.'%s'..#
 100003f04 656e7620 20206d61 74636865 643a0927  env   matched:.'
 100003f14 2573270a 004f6e6c 7920247b 5641524e  %s'..Only ${VARN
 100003f24 414d457d 20657870 616e7369 6f6e2069  AME} expansion i
 100003f34 73207375 70706f72 7465642c 20657272  s supported, err
 100003f44 6f722061 743a2025 73002365 6e762020  or at: %s.#env  
 100003f54 7265706c 6163696e 6720247b 25737d20  replacing ${%s} 
 100003f64 77697468 206e756c 6c207374 72696e67  with null string
 100003f74 0a002365 6e762020 65787061 6e64696e  ..#env  expandin
 100003f84 6720247b 25737d20 696e746f 20272573  g ${%s} into '%s
 100003f94 270a00                               '..
Contents of section __TEXT,__unwind_info:
 100003f98 01000000 1c000000 02000000 24000000  ............$...
 100003fa8 00000000 24000000 02000000 00000001  ....$...........
 100003fb8 d1580501 cc2c0000 3c000000 3c000000  .X...,..<...<...
 100003fc8 ce3a0000 00000000 3c000000 03000000  .:......<.......
 100003fd8 0c000500 20000100 00000001 5e030000  .... .......^...
 100003fe8 8c030001 a80d0002 d00d0000 01000101  ................
Contents of section __DATA_CONST,__got:
 100004000 00000000 00000000 00000000 00000000  ................
 100004010 00000000 00000000 00000000 00000000  ................
 100004020 00000000 00000000 00000000 00000000  ................
 100004030 00000000 00000000                    ........
Contents of section __DATA,__la_symbol_ptr:
 100008000 803b0000 01000000 8a3b0000 01000000  .;.......;......
 100008010 943b0000 01000000 9e3b0000 01000000  .;.......;......
 100008020 a83b0000 01000000 b23b0000 01000000  .;.......;......
 100008030 bc3b0000 01000000 c63b0000 01000000  .;.......;......
 100008040 d03b0000 01000000 da3b0000 01000000  .;.......;......
 100008050 e43b0000 01000000 ee3b0000 01000000  .;.......;......
 100008060 f83b0000 01000000 023c0000 01000000  .;.......<......
 100008070 0c3c0000 01000000 163c0000 01000000  .<.......<......
 100008080 203c0000 01000000 2a3c0000 01000000   <......*<......
 100008090 343c0000 01000000 3e3c0000 01000000  4<......><......
 1000080a0 483c0000 01000000 523c0000 01000000  H<......R<......
 1000080b0 5c3c0000 01000000 663c0000 01000000  \<......f<......
 1000080c0 703c0000 01000000 7a3c0000 01000000  p<......z<......
 1000080d0 843c0000 01000000                    .<......
Contents of section __DATA,__data:
 1000080d8 00000000 00000000                    ........
Contents of section __DATA,__common:
<skipping contents of bss section at [1000080e0, 1000080e4)>

SYMBOL TABLE:
0000000005614542      d  *UND* radr://5614542
0000000100000000 g     F __TEXT,__text __mh_execute_header
0000000000000000         *UND* __DefaultRuneLocale
0000000000000000         *UND* ___error
0000000000000000         *UND* ___maskrune
0000000000000000         *UND* ___stack_chk_fail
0000000000000000         *UND* ___stack_chk_guard
0000000000000000         *UND* ___stderrp
0000000000000000         *UND* _access
0000000000000000         *UND* _environ
0000000000000000         *UND* _err
0000000000000000         *UND* _errx
0000000000000000         *UND* _execvp
0000000000000000         *UND* _exit
0000000000000000         *UND* _fprintf
0000000000000000         *UND* _free
0000000000000000         *UND* _fwrite
0000000000000000         *UND* _getenv
0000000000000000         *UND* _getopt
0000000000000000         *UND* _getuid
0000000000000000         *UND* _malloc
0000000000000000         *UND* _optarg
0000000000000000         *UND* _optind
0000000000000000         *UND* _printf
0000000000000000         *UND* _setenv
0000000000000000         *UND* _sleep
0000000000000000         *UND* _snprintf
0000000000000000         *UND* _stat$INODE64
0000000000000000         *UND* _strchr
0000000000000000         *UND* _strcpy
0000000000000000         *UND* _strdup
0000000000000000         *UND* _strlcpy
0000000000000000         *UND* _strlen
0000000000000000         *UND* _strsep
0000000000000000         *UND* _unsetenv
0000000000000000         *UND* dyld_stub_binder
