@(#)PROGRAM:env  PROJECT:shell_cmds-240.100.15.702.1
33333
n@$FreeBSD$
$FreeBSD$
-0iP:S:u:v
#env unset:
unsetenv %s
#env verbosity now at %d
#env clearing environ
#env setenv:
setenv %s
cannot specify command with -0
#env executing:
#env    arg[%d]=
'%s'
%s%c
usage: env [-0iv] [-P utilpath] [-S string] [-u name]
           [name=value ...] [utility [argument ...]]
#env Searching:
'%s'
#env  for file:
'%s'
%s/%s
Sequence '\%c' is not allowed in quoted strings
Invalid sequence '\%c' in -S
No terminating quote for string: %.*s%s
#env  split -S:
'%s'
#env      into:
'%s'
#env          &
'%s'
#env   matched:
'%s'
Only ${VARNAME} expansion is supported, error at: %s
#env  replacing ${%s} with null string
#env  expanding ${%s} into '%s'
