commit b96e097d0856be64f67cdb5561947591335df7cf
Author: Dr. Maxie Dion Schmidt <maxieds@gmail.com>
Date:   Wed Jul 15 19:12:39 2026 -0500

    Restoring older unstashed git commits from the last wek or so - Our pet cat, Elon obviously has a psychotic attitude problem and nothing better to do that rage about what's on my Mac terminal - Slowly restoring in small chunks, hopefully, today - IV

commit 825f94551058f0b9105b8073f7db2fee894c17d3
Author: Dr. Maxie Dion Schmidt <maxieds@gmail.com>
Date:   Wed Jul 15 10:01:12 2026 -0500

    Restoring older unstashed git commits from the last wek or so - Our pet cat, Elon obviously has a psychotic attitude problem and nothing better to do that rage about what's on my Mac terminal - Slowly restoring in small chunks, hopefully, today - III

commit e62c5ecddd560b5bf3dcdbc50d55278eeadcdabc
Author: Dr. Maxie Dion Schmidt <maxieds@gmail.com>
Date:   Wed Jul 15 09:59:29 2026 -0500

    Restoring older unstashed git commits from the last wek or so - Our pet cat, Elon obviously has a psychotic attitude problem and nothing better to do that rage about what's on my Mac terminal - Slowly restoring in small chunks, hopefully, today - II

commit bfe946b08129e7182a64db51cba35701fd5c9c1c
Author: Dr. Maxie Dion Schmidt <maxieds@gmail.com>
Date:   Wed Jul 15 06:27:32 2026 -0500

    Restoring older unstashed git commits from the last wek or so - Our pet cat, Elon obviously has a psychotic attitude problem and nothing better to do that rage about what's on my Mac terminal - Slowly restoring in small chunks, hopefully, today - I

commit b12e2c119d690bc88e1a6945842d52a60572cf75
Author: Dr. Maxie Dion Schmidt <maxieds@gmail.com>
Date:   Sun Jul 12 07:44:51 2026 -0500

    Capture the flag in Chicago take folder number 3 - Getting organized about topics to document in detail first - Post July4th (6th), 2026 at the Obama Presidential Library - Cont'd XI - Important hints and documentation of how ended up on this network on/in Maralago, Florida from a .gov site after stalking

commit d0b2258ee0f928b3776eb5c3119e634f05fa4c0d
Author: Dr. Maxie Dion Schmidt <maxieds@gmail.com>
Date:   Sun Jul 12 07:42:09 2026 -0500

    Capture the flag in Chicago take folder number 3 - Getting organized about topics to document in detail first - Post July4th (6th), 2026 at the Obama Presidential Library - Cont'd X (v2)

commit d53e408728b7df90438c07bee1f6141e556506db
Author: Dr. Maxie Dion Schmidt <maxieds@gmail.com>
Date:   Sun Jul 12 07:40:46 2026 -0500

    Capture the flag in Chicago take folder number 3 - Getting organized about topics to document in detail first - Post July4th (6th), 2026 at the Obama Presidential Library - Cont'd X

commit def276b190b71b00e3bc95c947a41c52f08d71c4
Author: Dr. Maxie Dion Schmidt <maxieds@gmail.com>
Date:   Sat Jul 11 18:54:21 2026 -0500

    Capture the flag in Chicago take folder number 3 - Getting organized about topics to document in detail first - Post July4th (6th), 2026 at the Obama Presidential Library - Cont'd IX

commit 718b00b4841951096272275aac2b2ffc9b686a9c
Author: Dr. Maxie Dion Schmidt <maxieds@gmail.com>
Date:   Sat Jul 11 18:50:06 2026 -0500

    Capture the flag in Chicago take folder number 3 - Getting organized about topics to document in detail first - Post July4th (6th), 2026 at the Obama Presidential Library - Cont'd VIII

commit 1f403ae785c03f79d5848f8a8f9b54c413115e79
Author: Dr. Maxie Dion Schmidt <maxieds@gmail.com>
Date:   Sat Jul 11 14:16:33 2026 -0500

    Capture the flag in Chicago take folder number 3 - Getting organized about topics to document in detail first - Post July4th (6th), 2026 at the Obama Presidential Library - Cont'd VII

commit 3af356d8732dc0426df276240cf5c3ddd68aa5fe
Author: Dr. Maxie Dion Schmidt <maxieds@gmail.com>
Date:   Sat Jul 11 13:06:26 2026 -0500

    Capture the flag in Chicago take folder number 3 - Getting organized about topics to document in detail first - Post July4th (6th), 2026 at the Obama Presidential Library - Cont'd VI (Jan6 and Nov7 date references)

commit 5a9bbbb692c5b4018da21628c744299484209b81
Author: Dr. Maxie Dion Schmidt <maxieds@gmail.com>
Date:   Sat Jul 11 12:56:49 2026 -0500

    Capture the flag in Chicago take folder number 3 - Getting organized about topics to document in detail first - Post July4th (6th), 2026 at the Obama Presidential Library - Cont'd V

commit 20aa34062ede861ea298d29b3f615b566dc5615b
Author: Dr. Maxie Dion Schmidt <maxieds@gmail.com>
Date:   Sat Jul 11 12:53:00 2026 -0500

    Capture the flag in Chicago take folder number 3 - Getting organized about topics to document in detail first - Post July4th (6th), 2026 at the Obama Presidential Library - Cont'd IV

commit 2802a0f21ac5b889a3e6f275731cc051906d1694
Author: Dr. Maxie Dion Schmidt <maxieds@gmail.com>
Date:   Sat Jul 11 12:19:40 2026 -0500

    Capture the flag in Chicago take folder number 3 - Getting organized about topics to document in detail first - Post July4th (6th), 2026 at the Obama Presidential Library - Cont'd III

commit 0c576ce1211b8d56a0dd6f8ad1090119c3fac1e4
Author: Dr. Maxie Dion Schmidt <maxieds@gmail.com>
Date:   Sat Jul 11 11:47:02 2026 -0500

    Capture the flag in Chicago take folder number 3 - Getting organized about topics to document in detail first - Post July4th (6th), 2026 at the Obama Presidential Library - Cont'd II

commit 0e4eaf68a2fe99b253be47e097bc2b83fd923d0e
Author: Dr. Maxie Dion Schmidt <maxieds@gmail.com>
Date:   Sat Jul 11 11:36:35 2026 -0500

    Capture the flag in Chicago continues (follow-up) - Reorganizing the July 4th, 2026 few days lead up to visiting the Obama Presidential Center for the first time on 07/06/2026 now that I can think straight again - See also YouTube channel / playlist uploads (more to come soon) - Adding a copy of this folder for completeness.

commit d61581ecf1b30ec0fea0287d923835e7b191b198
Author: Dr. Maxie Dion Schmidt <maxieds@gmail.com>
Date:   Sat Jul 11 10:46:17 2026 -0500

    Capture the flag in Chicago take folder number 3 - Getting organized about topics to document in detail first - Post July4th (6th), 2026 at the Obama Presidential Library

commit 4ee4bb3184236baf95f18b173009ab52f44707bc
Author: Dr. Maxie Dion Schmidt <maxieds@gmail.com>
Date:   Fri Jul 10 21:26:39 2026 -0500

    Trump 2020 campaign app working notes - Thanks Kevin/Taylor/Oprah (I believe, helped with this) - Also, working notes on parameters and hints about topics for my project to generalize strings/GNU-binutils to work with files on Trump's Mastadon char sets/encodings/more-etc - Still want to run the app APK through joesandbox.com, but need a .edu or non-GMail business account (later - so nice to be done with school these days, huh?)

commit 75ce23bf06878e495e81f2138a2586b758061810
Author: Dr. Maxie Dion Schmidt <maxieds@gmail.com>
Date:   Fri Jul 10 21:22:42 2026 -0500

    Capture the flag in Chicago continues (follow-up) - Reorganizing the July 4th, 2026 few days lead up to visiting the Obama Presidential Center for the first time on 07/06/2026 now that I can think straight again - See also YouTube channel / playlist uploads (more to come soon) - III

commit 590be760cfb45d9a8b8d7f0519e562c0d176be55
Author: Dr. Maxie Dion Schmidt <maxieds@gmail.com>
Date:   Fri Jul 10 20:18:23 2026 -0500

    Capture the flag in Chicago continues (follow-up) - Reorganizing the July 4th, 2026 few days lead up to visiting the Obama Presidential Center for the first time on 07/06/2026 now that I can think straight again - See also YouTube channel / playlist uploads (more to come soon)

commit f36b07c4ac39ab4fd2d1abda737745383dd9a509
Author: Dr. Maxie Dion Schmidt <maxieds@gmail.com>
Date:   Mon Jul 6 10:14:21 2026 -0500

    Morning after July 4th, 2026 - Never again (after Heil Hitler, infidel and more racial slurred commentary this morning) over MKULTRA/Auchwitz - You did a good thing. Calm down, huh? (VII) The RF radiation, biometric profile based torture by Trump, and a few of his favorite loyalist kids, who came to the South Side of Chicago (again), purchased an adjacent apartment building, to do whatever the Hell they are convinced in their heads all this means to them (not clear, not communicated - just a few filthy generations getting together for a mafia family reunion to get coked up and celebrate their ages/millenia old rituals of getting high, beating people up and pissing off everyone they can for as long as they can. -- Some people here seem to have comminucated that they are doing this to make a clear, documented point about what these men and old friends like our pet cat, Elon Musk and Jeffery Epstein, among many other rich/powerful others just like them are capable of doing to someone because they can. These more recently include two more WOMEN who have actually had to meet a man like Donald Trump and obviously feel that almost every other woman they will ever see does not deserve to, and should never, never, never ever (do that agin) have to meet some vile little sea slug like that. Observe what they would do to every man/woman/child on this planet if this is not allowed to end very, very, very soon. Fucking Ay, little boys who talk too much. -- Thanks Kevin for doing that to BIG in Japan over Openwall. RIGHT NOW: I can't fucking type, and that's never okay. -- The war on Trump will continue as far as I am allowed to see now. I am going to get up and move because daddy and his kids have purchased three (or more) highrise buildings across the street from the White Castle I hung out away from THEY/THEM/ASSHOLE on July 4th, 2026 after he communicated through some other of his more distanr kids to me that THIS (they know what he meant) is how he is choosing to call Barack Obama a N-GGER (pardon him, that way) on Juneteeth of this year at Chicago. He went and installed some very intolerable RF equipment on thos buildings, turned up the power to make them larger towards me while he continues to be able to get cocaine/boys drugs in this city. He moved slightly down the street after they here took the entrire street where he was battling us/me in the second American civil war off the power grid to shut all of it off and work on re-wiring the place to use switched power networks that most people EXPECT not see outside of the middle east off our territory in Chicago. He moved down to assert that he had capture yet three more flags to defend in the next location I moved to. Definitely a f-ck you to Obama over everything in general and recently Juneteenth/Porche 911/July4th+whenever/etc and as usual a middle finger at me - I personally choose to express HeilHitler back at him in my language by the same one fingered salute back at IT - it has been communicated to him that it (finger) means penis, and that it's not a wanring anymore - it refuses to surrender as of now and will threaten, but not willing to execute, the hostage in the fast food joint for two nights now without being granted my request for a semi-automatic NO machine to deal with him myself instead - it is INTENSE and VERY, VERY, VERY unpleasant to deal with that man as usual. Damnit\!

commit 88d2177833cce0b8e2ed0522200d9613acf09295
Author: Dr. Maxie Dion Schmidt <maxieds@gmail.com>
Date:   Mon Jul 6 08:01:50 2026 -0500

    Morning after July 4th, 2026 - Never again (after Heil Hitler, infidel and more racial slurred commentary this morning) over MKULTRA/Auchwitz - You did a good thing. Calm down, huh? (VII) The RF radiation, biometric profile based torture by Trump, and a few of his favorite loyalist kids, who came to the South Side of Chicago (again), purchased an adjacent apartment building, to do whatever the Hell they are convinced in their heads all this means to them (not clear, not communicated - just a few filthy generations getting together for a mafia family reunion to get coked up and celebrate their ages/millenia old rituals of getting high, beating people up and pissing off everyone they can for as long as they can. -- Some people here seem to have comminucated that they are doing this to make a clear, documented point about what these men and old friends like our pet cat, Elon Musk and Jeffery Epstein, among many other rich/powerful others just like them are capable of doing to someone because they can. These more recently include two more WOMEN who have actually had to meet a man like Donald Trump and obviously feel that almost every other woman they will ever see does not deserve to, and should never, never, never ever (do that agin) have to meet some vile little sea slug like that. Observe what they would do to every man/woman/child on this planet if this is not allowed to end very, very, very soon. Fucking Ay, little boys who talk too much. -- Thanks Kevin for doing that to BIG in Japan over Openwall. RIGHT NOW: I can't fucking type, and that's never okay.

commit 22813855e4906931af1c8339e6a126c1fd3dc633
Author: Dr. Maxie Dion Schmidt <maxieds@gmail.com>
Date:   Sun Jul 5 08:38:25 2026 -0500

    Morning after July 4th, 2026 - Never again (after Heil Hitler, infidel and more racial slurred commentary this morning) over MKULTRA/Auchwitz - You did a good thing. Calm down, huh? (VI) -- Stashing incremental work on annotation points and notes.

commit 3ef9982c633b3d342b2babad6c6e14ace2d7ab9f
Author: Dr. Maxie Dion Schmidt <maxieds@gmail.com>
Date:   Sun Jul 5 07:33:37 2026 -0500

    Morning after July 4th, 2026 - Never again (after Heil Hitler, infidel and more racial slurred commentary this morning) over MKULTRA/Auchwitz - You did a good thing. Calm down, huh? (V) -- Stashing incremental work on annotation points and notes.

commit baa0546868100cf57afa2d4585ba68b6cc4b4c19
Author: System Administrator <root@Drs-MacBook-Pro.local>
Date:   Sun Jul 5 04:03:09 2026 -0500

    Morning after July 4th, 2026 - Never again (after Heil Hitler, infidel and more racial slurred commentary this morning) over MKULTRA/Auchwitz - You did a good thing. Calm down, huh? (IV) -- Stashing incremental work on annotation points and notes.

commit dde6cfd6a6310f930a71b93e4197e8798137f0fb
Author: System Administrator <root@Drs-MacBook-Pro.local>
Date:   Sun Jul 5 02:20:39 2026 -0500

    Morning after July 4th, 2026 - Never again (after Heil Hitler, infidel and more racial slurred commentary this morning) over MKULTRA/Auchwitz - You did a good thing. Calm down, huh? (II) -- Stashing incremental work on annotation points and notes.

commit 2ba8df4b4d821f0fd6b88c8d1d18f8238a4ec3e9
Author: System Administrator <root@Drs-MacBook-Pro.local>
Date:   Sun Jul 5 02:10:32 2026 -0500

    Morning after July 4th, 2026 - Never again (after Heil Hitler, infidel and more racial slurred commentary this morning) over MKULTRA/Auchwitz - You did a good thing. Calm down, huh?

commit b9359bb6a70ec123f8ee6bad4b792e0cf580a6d0
Author: System Administrator <root@Drs-MacBook-Pro.local>
Date:   Sun Jul 5 01:44:56 2026 -0500

    Happy July 4th, 2026. Looking forward to visiting the presidential center for the first time this week. I sincerely hope that the task of teaching Donald Trump the meaning of the word NO is something the staff there can help me push forward sooner, rather than later, this year. (IX) -- Stubs for annotation points. The problem is that documenting all of this in proper details will take years.

commit 3961df5e03b9117a2e33b207337b6f26beb6b355
Author: System Administrator <root@Drs-MacBook-Pro.local>
Date:   Sun Jul 5 01:05:13 2026 -0500

    Happy July 4th, 2026. Looking forward to visiting the presidential center for the first time this week. I sincerely hope that the task of teaching Donald Trump the meaning of the word NO is something the staff there can help me push forward sooner, rather than later, this year. (VII) -- Morning after YouTube pills, still dealing with Trump. Very, very, very unpleasant to deal with them. Makes me unhappy. I do not LIKE that.

commit f908ab3bd7ca6c955e783b44c8db122cf23a4f52
Author: System Administrator <root@Drs-MacBook-Pro.local>
Date:   Sun Jul 5 00:01:10 2026 -0500

    Happy July 4th, 2026. Looking forward to visiting the presidential center for the first time this week. I sincerely hope that the task of teaching Donald Trump the meaning of the word NO is something the staff there can help me push forward sooner, rather than later, this year. (VII) -- Keep them honest in congress next year. Thanks for the fireworks - like the non-standard blue ones.

commit 32a0397c81c5ff3dd5039611e129863629b5448c
Author: System Administrator <root@Drs-MacBook-Pro.local>
Date:   Sat Jul 4 23:39:25 2026 -0500

    Happy July 4th, 2026. Looking forward to visiting the presidential center for the first time this week. I sincerely hope that the task of teaching Donald Trump the meaning of the word NO is something the staff there can help me push forward sooner, rather than later, this year. (VI) -- Give the PDFs of Google / Eric (Schmidt - like its a mafia compeition argument) Trump results that blatently lie (cf. bing.com / Archie that will only lie a little bit decades later after congress) for our pet cat Elon and his private islands, Zuckerbergs dismissal from Harvard and Marla Maples with Jean Carroll + Justin and Oliver (poisonous odious potbellied LITTLE dwarf discussion near Hyde Park this week).

commit 66ab0bb93deb2184971440e63ebd2355052afeba
Author: System Administrator <root@Drs-MacBook-Pro.local>
Date:   Sat Jul 4 23:15:11 2026 -0500

    Happy July 4th, 2026. Looking forward to visiting the presidential center for the first time this week. I sincerely hope that the task of teaching Donald Trump the meaning of the word NO is something the staff there can help me push forward sooner, rather than later, this year. (V) -- Overnight because of little f-ers from Indiana saying (quote) daddy is in the Klan, threatening to hang me high from my dead cat Tacos tree, I cannot breathe and some vile little sea slug like Donald Trump (and company) getting coked up in the apartment building they bought across the street from the womens shelter I have been hiding out at for over year over Porche 911, Juneteenth and saying f-ck you to Obama right now because he cannot easily get to them directly right now. -- Add better formatting formatting for me later.

commit 33acdbbd875a33e8d3d4e7199e6a0cd2d58a1a06
Author: System Administrator <root@Drs-MacBook-Pro.local>
Date:   Sat Jul 4 20:02:02 2026 -0500

    Happy July 4th, 2026. Looking forward to visiting the presidential center for the first time this week. I sincerely hope that the task of teaching Donald Trump the meaning of the word NO is something the staff there can help me push forward sooner, rather than later, this year. (IV)

commit acd68dc89c40a74a78efc7fc45df38ce390f3b27
Author: System Administrator <root@Drs-MacBook-Pro.local>
Date:   Sat Jul 4 19:12:55 2026 -0500

    Happy July 4th, 2026. Looking forward to visiting the presidential center for the first time this week. I sincerely hope that the task of teaching Donald Trump the meaning of the word NO is something the staff there can help me push forward sooner, rather than later, this year. (III) -- Check out the date discrepancies on the OP/Chi/DV notes PDF documents. The one I have printed, which should be exactly the same thing, is dated January 11, 2025. This is a date that gets exacted on me in several of the contents within this repo. Kind of like the state attorney office on the second floor of the 555/DV courthouse in Chicago being attacked all over town by the kids (one child, in particular, guess which one): Kim(berley) Foxx is a child abusing crook + other mentions in the same poor language and handwriting about the democrates being cancer.

commit 0ea5b5056668d25be9918c806cbd1859edec7695
Author: System Administrator <root@Drs-MacBook-Pro.local>
Date:   Sat Jul 4 16:52:16 2026 -0500

    Happy July 4th, 2026. Looking forward to visiting the presidential center for the first time this week. I sincerely hope that the task of teaching Donald Trump the meaning of the word NO is something the staff there can help me push forward sooner, rather than later, this year. (II)

commit 8ee6ec617140fd432aaad1dd0332a77802f29c99
Author: System Administrator <root@Drs-MacBook-Pro.local>
Date:   Sat Jul 4 16:46:02 2026 -0500

    Happy July 4th, 2026. Looking forward to visiting the presidential center for the first time this week. I sincerely hope that the task of teaching Donald Trump the meaning of the word NO is something the staff there can help me push forward sooner, rather than later, this year.

commit 8d6825457c09db03c5a392588530771f6139d424
Author: Dr. Maxie Dion Schmidt <maxieds-hackercat@outlook.com>
Date:   Tue Jun 30 15:54:20 2026 -0500

    Add files via upload - Kamala is going to hit him/them (like it means that much)

commit fa16ee963aab096173701a85c2a65c029c366f62
Author: System Administrator <root@Drs-MacBook-Pro.local>
Date:   Sun Jun 28 16:23:28 2026 -0500

    Capture the flag on/in maralago (day N++ Hyde Park): Trump is officially screwed. We f-cked Daddy, and what nobody usually communicates to him is what he doesn't want to hear: He's not going to like the way we f-cked him. Happy Juneteenth and midterm election year, 2026, from friends of ours. I can say sorry for the tampon if that's they want to hear. -- Looking forward to midterms this year 2026. -- Trump sold the Democrats into slavery a couple of weeks ago. So sorry freedom is not free yet this year. -- Taco (the cat) is missing campaign + Beavis and Butthead as briefings right now must surely mean that the FBI is getting a personality again. -- Thanks 2600/OTH Guys/Alex for the information about how much money is on our pet cat Elons wallet and for insulting Obama. I will live through the night. I guess because THEY, not Trump, need me to.

commit bf8a1b1e4ee355172a94e207bb3c995a7d5772f8
Author: System Administrator <root@Drs-MacBook-Pro.local>
Date:   Sun Jun 28 16:04:17 2026 -0500

    Capture the flag on/in maralago (day N++ Hyde Park): Trump is officially screwed. We f-cked Daddy, and what nobody usually communicates to him is what he doesn't want to hear: He's not going to like the way we f-cked him. Happy Juneteenth and midterm election year, 2026, from friends of ours. I can say sorry for the tampon if that's they want to hear. -- Looking forward to midterms this year 2026. -- Trump sold the Democrats into slavery a couple of weeks ago. So sorry freedom is not free yet this year. -- Taco (the cat) is missing campaign + Beavis and Butthead as briefings right now must surely mean that the FBI is getting a personality again. -- Thanks 2600/OTH Guys/Alex for the information about how much money is on our pet cat Elons wallet and for insulting Obama. I will live through the night. I guess because THEY, not Trump, need me to.

commit bf5737cfbe3a0890defd34cee2beaf1cc488bac4
Author: System Administrator <root@Drs-MacBook-Pro.local>
Date:   Sat Jun 27 11:49:59 2026 -0500

    Capture the flag on/in maralago (day N++ Hyde Park): Trump is officially screwed. We f-cked Daddy, and what nobody usually communicates to him is what he doesn't want to hear: He's not going to like the way we f-cked him. Happy Juneteenth and midterm election year, 2026, from friends of ours. I can say sorry for the tampon if that's they want to hear. -- Looking forward to midterms this year 2026. -- Trump sold the Democrats into slavery a couple of weeks ago. So sorry freedom is not free yet this year. -- Taco (the cat) is missing campaign + Beavis and Butthead as briefings right now must surely mean that the FBI is getting a personality again. -- JON OSSOFF, I thought the handled this in Georgia years ago. It's been known to generate podcastSS (read into it). They have deeper pockets against Trump than you think. This year is big, big, bigger than the devil..

commit 44deec794cc7f50787b5b386ac5a1fb595298489
Author: System Administrator <root@Drs-MacBook-Pro.local>
Date:   Sat Jun 27 11:26:22 2026 -0500

    Capture the flag on/in maralago (day N++ Hyde Park): Trump is officially screwed. We f-cked Daddy, and what nobody usually communicates to him is what he doesn't want to hear: He's not going to like the way we f-cked him. Happy Juneteenth and midterm election year, 2026, from friends of ours. I can say sorry for the tampon if that's they want to hear. -- Looking forward to midterms this year 2026. -- Trump sold the Democrats into slavery a couple of weeks ago. So sorry freedom is not free yet this year. -- Taco (the cat) is missing campaign + Beavis and Butthead as briefings right now must surely mean that the FBI is getting a personality again.

commit 8cf0e6f1324023d141ab8e70681f278be1518cf8
Author: System Administrator <root@Drs-MacBook-Pro.local>
Date:   Fri Jun 26 15:25:06 2026 -0500

    Capture the flag on/in maralago (day N++ Hyde Park): Trump is officially screwed. We f-cked Daddy, and what nobody usually communicates to him is what he doesn't want to hear: He's not going to like the way we f-cked him. Happy Juneteenth and midterm election year, 2026, from friends of ours. I can say sorry for the tampon if that's they want to hear. -- Looking forward to midterms this year 2026. -- Trump sold the Democrats into slavery a couple of weeks ago. So sorry freedom is not free yet this year. -- Taco (the cat) is missing campaign + Beavis and Butthead as briefings right now must surely mean that the FBI is getting a personality again (III). -- Michelle made me send Cinda a forgiveness email before I can.

commit 0d822b95824335d51dedd571f823461747c44501
Author: System Administrator <root@Drs-MacBook-Pro.local>
Date:   Fri Jun 26 10:49:28 2026 -0500

    Capture the flag on/in maralago (day N++ Hyde Park): Trump is officially screwed. We f-cked Daddy, and what nobody usually communicates to him is what he doesn't want to hear: He's not going to like the way we f-cked him. Happy Juneteenth and midterm election year, 2026, from friends of ours. I can say sorry for the tampon if that's they want to hear. -- Looking forward to midterms this year 2026. -- Trump sold the Democrats into slavery a couple of weeks ago. So sorry freedom is not free yet this year. -- Taco (the cat) is missing campaign + Beavis and Butthead as briefings right now must surely mean that the FBI is getting a personality again (II).

commit f051baec96b4d55631475f72ea80ae51aa3d5803
Author: System Administrator <root@Drs-MacBook-Pro.local>
Date:   Fri Jun 26 10:44:45 2026 -0500

    Capture the flag on/in maralago (day N++ Hyde Park): Trump is officially screwed. We f-cked Daddy, and what nobody usually communicates to him is what he doesn't want to hear: He's not going to like the way we f-cked him. Happy Juneteenth and midterm election year, 2026, from friends of ours. I can say sorry for the tampon if that's they want to hear. -- Looking forward to midterms this year 2026. -- Trump sold the Democrats into slavery a couple of weeks ago. So sorry freedom is not free yet this year. -- Taco (the cat) is missing campaign + Beavis and Butthead as briefings right now must surely mean that the FBI is getting a personality again.

commit 9d7a97e9d38aa1667ecbb97031f8c97bf084ad03
Author: System Administrator <root@Drs-MacBook-Pro.local>
Date:   Wed Jun 24 16:31:17 2026 -0500

    Capture the flag on/in maralago (day N++ Hyde Park): Trump is officially screwed. We f-cked Daddy, and what nobody usually communicates to him is what he doesn't want to hear: He's not going to like the way we f-cked him. Happy Juneteenth and midterm election year, 2026, from friends of ours. I can say sorry for the tampon if that's they want to hear. -- Looking forward to midterms this year 2026. -- Trump sold the Democrats into slavery a couple of weeks ago. So sorry freedom is not free yet this year. -- From MLK CPL today.

commit dab87000a2118cdee9a2c5612f3de286924f852a
Author: System Administrator <root@Drs-MacBook-Pro.local>
Date:   Tue Jun 23 15:01:06 2026 -0500

    Capture the flag on/in maralago (day N++ Hyde Park): Trump is officially screwed. We f-cked Daddy, and what nobody usually communicates to him is what he doesn't want to hear: He's not going to like the way we f-cked him. Happy Juneteenth and midterm election year, 2026, from friends of ours. I can say sorry for the tampon if that's they want to hear. -- Looking forward to midterms this year 2026. -- Trump sold the Democrats into slavery a couple of weeks ago. So sorry freedom is not free yet this year. -- Pet cat, Elon, follow-up (IV). GOT THE BREIFING, DEAL WITH LIZ NEXT WEEK..

commit e16d0f34b62666b90b58b9f79ceff23871376c36
Author: System Administrator <root@Drs-MacBook-Pro.local>
Date:   Tue Jun 23 14:27:40 2026 -0500

    Capture the flag on/in maralago (day N++ Hyde Park): Trump is officially screwed. We f-cked Daddy, and what nobody usually communicates to him is what he doesn't want to hear: He's not going to like the way we f-cked him. Happy Juneteenth and midterm election year, 2026, from friends of ours. I can say sorry for the tampon if that's they want to hear. -- Looking forward to midterms this year 2026. -- Trump sold the Democrats into slavery a couple of weeks ago. So sorry freedom is not free yet this year. -- Pet cat, Elon, follow-up (III). - Celebrities with their periods on Juneteenth..

commit 8f817d2c469771a37dce83067eb26d35a46800f7
Author: System Administrator <root@Drs-MacBook-Pro.local>
Date:   Tue Jun 23 14:22:58 2026 -0500

    Capture the flag on/in maralago (day N++ Hyde Park): Trump is officially screwed. We f-cked Daddy, and what nobody usually communicates to him is what he doesn't want to hear: He's not going to like the way we f-cked him. Happy Juneteenth and midterm election year, 2026, from friends of ours. I can say sorry for the tampon if that's they want to hear. -- Looking forward to midterms this year 2026. -- Trump sold the Democrats into slavery a couple of weeks ago. So sorry freedom is not free yet this year. -- Pet cat, Elon, follow-up (II).

commit 4ef13ba3968a1415119208c1e39d12e18e5af71c
Author: System Administrator <root@Drs-MacBook-Pro.local>
Date:   Fri Jun 19 16:29:44 2026 -0500

    Capture the flag on/in maralago (day N++ Hyde Park): Trump is officially screwed. We f-cked Daddy, and what nobody usually communicates to him is what he doesn't want to hear: He's not going to like the way we f-cked him. Happy Juneteenth and midterm election year, 2026, from friends of ours. I can say sorry for the tampon if that's they want to hear. -- Looking forward to midterms this year 2026. -- Trump sold the Democrats into slavery a couple of weeks ago. So sorry freedom is not free yet this year. -- Pet cat, Elon, follow-up.

commit 644d9ad5c656c5f75da4e406e73ca7fb56f948ee
Author: System Administrator <root@Drs-MacBook-Pro.local>
Date:   Fri Jun 19 14:43:19 2026 -0500

    Capture the flag on/in maralago (day N++ Hyde Park): Trump is officially screwed. We f-cked Daddy, and what nobody usually communicates to him is what he doesn't want to hear: He's not going to like the way we f-cked him. Happy Juneteenth and midterm election year, 2026, from friends of ours. I can say sorry for the tampon if that's they want to hear. -- Looking forward to midterms this year 2026. -- Trump sold the Democrats into slavery a couple of weeks ago. So sorry freedom is not free yet this year. -- Jon Ossoff, JEWish man.

commit cc76d4cefbb097793617581a6a88c2a65c606f6f
Author: System Administrator <root@Drs-MacBook-Pro.local>
Date:   Fri Jun 19 14:13:13 2026 -0500

    Capture the flag on/in maralago (day N++ Hyde Park): Trump is officially screwed. We f-cked Daddy, and what nobody usually communicates to him is what he doesn't want to hear: He's not going to like the way we f-cked him. Happy Juneteenth and midterm election year, 2026, from friends of ours. I can say sorry for the tampon if that's they want to hear. -- Looking forward to midterms this year 2026. -- Trump sold the Democrats into slavery a couple of weeks ago. So sorry freedom is not free yet this year.

commit 593d75ef5208ce1d3ae167819e59c2a75cc5a868
Author: System Administrator <root@Drs-MacBook-Pro.local>
Date:   Fri Jun 19 14:10:33 2026 -0500

    Capture the flag on/in maralago (day N++ Hyde Park): Trump is officially screwed. We f-cked Daddy, and what nobody usually communicates to him is what he doesn't want to hear: He's not going to like the way we f-cked him. Happy Juneteenth and midterm election year, 2026, from friends of ours. I can say sorry for the tampon if that's they want to hear. -- Looking forward to midterms this year 2026. -- Trump sold the Democrats into slavery a couple of weeks ago. So sorry freedom is not free yet this year.

commit 636a42a5d44aaca80b09d3de2de356edca112374
Author: System Administrator <root@Drs-MacBook-Pro.local>
Date:   Fri Jun 19 13:56:43 2026 -0500

    Capture the flag on/in maralago (day N++ Hyde Park): Trump is officially screwed. We f-cked Daddy, and what nobody usually communicates to him is what he doesn't want to hear: He's not going to like the way we f-cked him. Happy Juneteenth and midterm election year, 2026, from friends of ours. I can say sorry for the tampon if that's they want to hear. -- Looking forward to midterms this year 2026. -- Trump sold the Democrats into slavery a couple of weeks ago. So sorry freedom is not free yet this year.

commit 3f6096a97265cf33644ac41b589760f1707ce9e9
Author: System Administrator <root@Drs-MacBook-Pro.local>
Date:   Fri Jun 19 11:14:22 2026 -0500

    Capture the flag on/in maralago (day N++ Hyde Park): Trump is officially screwed. We f-cked Daddy, and what nobody usually communicates to him is what he doesn't want to hear: He's not going to like the way we f-cked him. Happy Juneteenth and midterm election year, 2026, from friends of ours. I can say sorry for the tampon if that's they want to hear. -- Looking forward to midterms this year 2026. -- Trump sold the Democrats into slavery a couple of weeks ago. So sorry freedom is not free yet this year.

commit dc8331ed9c8e93b581e63a0a08b29ee8de507094
Author: System Administrator <root@Drs-MacBook-Pro.local>
Date:   Fri Jun 19 11:03:49 2026 -0500

    Capture the flag on/in maralago (day N++ Hyde Park): Trump is officially screwed. We f-cked Daddy, and what nobody usually communicates to him is what he doesn't want to hear: He's not going to like the way we f-cked him. Happy Juneteenth and midterm election year, 2026, from friends of ours. I can say sorry for the tampon if that's they want to hear. -- Looking forward to midterms this year 2026. -- Trump sold the Democrats into slavery a couple of weeks ago. So sorry freedom is not free yet this year.

commit 682a6196b30c4d2453495140f91b7854434bc824
Author: System Administrator <root@Drs-MacBook-Pro.local>
Date:   Thu Jun 18 17:54:25 2026 -0500

    Capture the flag on/in maralago (day N++ Hyde Park): Trump is officially screwed. We f-cked Daddy, and what nobody usually communicates to him is what he doesn't want to hear: He's not going to like the way we f-cked him. Happy Juneteenth and midterm election year, 2026, from friends of ours. I can say sorry for the tampon if that's they want to hear. -- Looking forward to midterms this year 2026.

commit c0e100038c286f4ac50dce3faf061665ed2882ed
Author: System Administrator <root@Drs-MacBook-Pro.local>
Date:   Thu Jun 18 15:24:07 2026 -0500

    Capture the flag on/in maralago (day N++ Hyde Park): Trump is officially screwed. We f-cked Daddy, and what nobody usually communicates to him is what he doesn't want to hear: He's not going to like the way we f-cked him. Happy Juneteenth and midterm election year, 2026, from friends of ours. I can say sorry for the tampon if that's they want to hear. -- Looking forward to midterms this year 2026.

commit 010fb12cfd194d7a07be484ee6962e103aa7fe11
Author: System Administrator <root@Drs-MacBook-Pro.local>
Date:   Thu Jun 18 12:43:50 2026 -0500

    Capture the flag on/in maralago (day N++ Hyde Park): Trump is officially screwed. We f-cked Daddy, and what nobody usually communicates to him is what he doesn't want to hear: He's not going to like the way we f-cked him. Happy Juneteenth and midterm election year, 2026, from friends of ours. I can say sorry for the tampon if that's they want to hear.

commit 000299da827d5dbe0a527165bc72d389337a3740
Author: System Administrator <root@Drs-MacBook-Pro.local>
Date:   Thu Jun 18 12:30:43 2026 -0500

    Capture the flag on/in maralago (day N++ Hyde Park): Trump is officially screwed. We f-cked Daddy, and what nobody usually communicates to him is what he doesn't want to hear: He's not going to like the way we f-cked him. Happy Juneteenth and midterm election year, 2026, from friends of ours. I can say sorry for the tampon if that's they want to hear.

commit 656f79ca47680c92d0f04173332ec7ab1945728f
Author: System Administrator <root@Drs-MacBook-Pro.local>
Date:   Thu Jun 18 11:56:55 2026 -0500

    Capture the flag on/in maralago (day N++ Hyde Park): Trump is officially screwed. We f-cked Daddy, and what nobody usually communicates to him is what he doesn't want to hear: He's not going to like the way we f-cked him. Happy Juneteenth and midterm election year, 2026, from friends of ours. I can say sorry for the tampon if that's they want to hear.

commit 956929c6d61c1cb3c10c260ff8ee2de6cfc172a2
Author: System Administrator <root@Drs-MacBook-Pro.local>
Date:   Thu Jun 18 11:43:14 2026 -0500

    Capture the flag on/in maralago (day N++ Hyde Park): Trump is officially screwed. We f-cked Daddy, and what nobody usually communicates to him is what he doesn't want to hear: He's not going to like the way we f-cked him. Happy Juneteenth and midterm election year, 2026, from friends of ours. I can say sorry for the tampon if that's they want to hear.

commit 0add6bb6cabf428bc69bb731bd3c909414ee7cc5
Author: System Administrator <root@Drs-MacBook-Pro.local>
Date:   Thu Jun 18 11:21:39 2026 -0500

    Capture the flag on/in maralago (day N++ Hyde Park): Trump is officially screwed. We f-cked Daddy, and what nobody usually communicates to him is what he doesn't want to hear: He's not going to like the way we f-cked him. Happy Juneteenth and midterm election year, 2026, from friends of ours. I can say sorry for the tampon if that's they want to hear.

commit 8c9ebf3993e59e8936024b7d1c55dc45b5552455
Author: System Administrator <root@Drs-MacBook-Pro.local>
Date:   Tue Jun 16 20:41:31 2026 -0500

    Capture the flag on/in maralago (day N++ Hyde Park): Trump is officially screwed. We f-cked Daddy, and what nobody usually communicates to him is what he doesn't want to hear: He's not going to like the way we f-cked him. Happy Juneteenth and midterm election year, 2026, from friends of ours. I can say sorry for the tampon if that's they want to hear.

commit 7fbcadc230d024c4cba135cca5ca25ca22e97915
Author: System Administrator <root@Drs-MacBook-Pro.local>
Date:   Tue Jun 16 20:40:23 2026 -0500

    Capture the flag on/in maralago (day N++ Hyde Park): Trump is officially screwed. We f-cked Daddy, and what nobody usually communicates to him is what he doesn't want to hear: He's not going to like the way we f-cked him. Happy Juneteenth and midterm election year, 2026, from friends of ours. I can say sorry for the tampon if that's they want to hear.

commit d7e05cbe28c426439a9d8bc488997781209dc1b2
Author: System Administrator <root@Drs-MacBook-Pro.local>
Date:   Tue Jun 16 20:36:28 2026 -0500

    Capture the flag on/in maralago (day N++ Hyde Park): Trump is officially screwed. We f-cked Daddy, and what nobody usually communicates to him is what he doesn't want to hear: He's not going to like the way we f-cked him. Happy Juneteenth and midterm election year, 2026, from friends of ours. I can say sorry for the tampon if that's they want to hear.

commit 96a4ed8f62c9681d818809638a79d58f29e02e8b
Author: System Administrator <root@Drs-MacBook-Pro.local>
Date:   Tue Jun 16 20:26:29 2026 -0500

    Capture the flag on/in maralago (day N++ Hyde Park): Trump is officially screwed. We f-cked Daddy, and what nobody usually communicates to him is what he doesn't want to hear: He's not going to like the way we f-cked him. Happy Juneteenth and midterm election year, 2026, from friends of ours. I can say sorry for the tampon if that's they want to hear.

commit b9ba393026045c0f25d94884f2296557e0d95a28
Author: System Administrator <root@Drs-MacBook-Pro.local>
Date:   Tue Jun 16 20:08:06 2026 -0500

    Capture the flag on/in maralago (day N++ Hyde Park): Trump is officially screwed. We f-cked Daddy, and what nobody usually communicates to him is what he doesn't want to hear: He's not going to like the way we f-cked him. Happy Juneteenth and midterm election year, 2026, from friends of ours. I can say sorry for the tampon if that's they want to hear.

commit 715f972a5dd299923a76ba8faa7ab325e1f168a6
Author: System Administrator <root@Drs-MacBook-Pro.local>
Date:   Tue Jun 16 19:40:41 2026 -0500

    Capture the flag on/in maralago (day N++ Hyde Park): Trump is officially screwed. We f-cked Daddy, and what nobody usually communicates to him is what he doesn't want to hear: He's not going to like the way we f-cked him. Happy Juneteenth and midterm election year, 2026, from friends of ours. I can say sorry for the tampon if that's they want to hear.

commit 714d2ff437f2c6489293f5ec3f32a3587dc8327e
Author: System Administrator <root@Drs-MacBook-Pro.local>
Date:   Tue Jun 16 19:24:11 2026 -0500

    Capture the flag on/in maralago (day N++ Hyde Park): Trump is officially screwed. We f-cked Daddy, and what nobody usually communicates to him is what he doesn't want to hear: He's not going to like the way we f-cked him. Happy Juneteenth and midterm election year, 2026, from friends of ours. I can say sorry for the tampon if that's they want to hear.

commit db28645cc9459fe49bdc62e10a473a2c34343a55
Author: System Administrator <root@Drs-MacBook-Pro.local>
Date:   Tue Jun 16 18:17:27 2026 -0500

    Capture the flag on/in maralago (day N++ Hyde Park): Trump is officially screwed. We f-cked Daddy, and what nobody usually communicates to him is what he doesn't want to hear: He's not going to like the way we f-cked him. Happy Juneteenth and midterm election year, 2026, from friends of ours. I can say sorry for the tampon if that's they want to hear.

commit 0475a5613e9674660d21c5e00ae031bafb1ecafe
Author: System Administrator <root@Drs-MacBook-Pro.local>
Date:   Tue Jun 16 18:05:17 2026 -0500

    Capture the flag on/in maralago (day N++ Hyde Park): Trump is officially screwed. We f-cked Daddy, and what nobody usually communicates to him is what he doesn't want to hear: He's not going to like the way we f-cked him. Happy Juneteenth and midterm election year, 2026, from friends of ours. I can say sorry for the tampon if that's they want to hear.

commit 4ed830c68edbdc48ca0f5f939d371b8b95151a98
Author: System Administrator <root@Drs-MacBook-Pro.local>
Date:   Tue Jun 16 17:54:49 2026 -0500

    Capture the flag on/in maralago (day N++ Hyde Park): Trump is officially screwed. We f-cked Daddy, and what nobody usually communicates to him is what he doesn't want to hear: He's not going to like the way we f-cked him. Happy Juneteenth and midterm election year, 2026, from friends of ours. I can say sorry for the tampon if that's they want to hear.

commit db3a6bcce6b04c6467dd583f62ba9a934dbf2bee
Author: System Administrator <root@Drs-MacBook-Pro.local>
Date:   Tue Jun 16 17:49:06 2026 -0500

    Capture the flag on/in maralago (day N++ Hyde Park): Trump is officially screwed. We f-cked Daddy, and what nobody usually communicates to him is what he doesn't want to hear: He's not going to like the way we f-cked him. Happy Juneteenth and midterm election year, 2026, from friends of ours. I can say sorry for the tampon if that's they want to hear.

commit 2d5e487303277b2b9c3a4576d35ea3846c2ea526
Author: System Administrator <root@Drs-MacBook-Pro.local>
Date:   Tue Jun 16 17:47:13 2026 -0500

    Capture the flag on/in maralago (day N++ Hyde Park): Trump is officially screwed. We f-cked Daddy, and what nobody usually communicates to him is what he doesn't want to hear: He's not going to like the way we f-cked him. Happy Juneteenth and midterm election year, 2026, from friends of ours. I can say sorry for the tampon if that's they want to hear.

commit 7a74662b7c4207334b1b58a6f891b7f20e3fafef
Author: System Administrator <root@Drs-MacBook-Pro.local>
Date:   Sun Jun 14 14:42:20 2026 -0500

    Capture the flag on/in maralago (day N++ Hyde Park): Trump is officially screwed. We f-cked Daddy, and what nobody usually communicates to him is what he doesn't want to hear: He's not going to like the way we f-cked him. Happy Juneteenth and midterm election year, 2026, from friends of ours. I can say sorry for the tampon if that's they want to hear.

commit a85b6971870d18f00a0347fbdc4b959bb82ed28b
Author: System Administrator <root@Drs-MacBook-Pro.local>
Date:   Sun Jun 14 14:34:13 2026 -0500

    Capture the flag on/in maralago (day N++ Hyde Park): Trump is officially screwed. We f-cked Daddy, and what nobody usually communicates to him is what he doesn't want to hear: He's not going to like the way we f-cked him. Happy Juneteenth and midterm election year, 2026, from friends of ours. I can say sorry for the tampon if that's they want to hear.

commit b632a391be92df72adb90988f7046edc1d72d784
Author: System Administrator <root@Drs-MacBook-Pro.local>
Date:   Sun Jun 14 14:15:45 2026 -0500

    Capture the flag on/in maralago (day N++ Hyde Park): Trump is officially screwed. We f-cked Daddy, and what nobody usually communicates to him is what he doesn't want to hear: He's not going to like the way we f-cked him. Happy Juneteenth and midterm election year, 2026, from friends of ours. I can say sorry for the tampon if that's they want to hear.

commit 8be353c832b695f00884e92902a21137ff12a18d
Author: System Administrator <root@Drs-MacBook-Pro.local>
Date:   Sun Jun 14 14:11:25 2026 -0500

    Capture the flag on/in maralago (day N++ Hyde Park): Trump is officially screwed. We f-cked Daddy, and what nobody usually communicates to him is what he doesn't want to hear: He's not going to like the way we f-cked him. Happy Juneteenth and midterm election year, 2026, from friends of ours. I can say sorry for the tampon if that's they want to hear.

commit 5eaebfcb420f80f05080e0ee8f6ea610ea89e783
Author: System Administrator <root@Drs-MacBook-Pro.local>
Date:   Sun Jun 14 14:06:04 2026 -0500

    Capture the flag on/in maralago (day N++ Hyde Park): Trump is officially screwed. We f-cked Daddy, and what nobody usually communicates to him is what he doesn't want to hear: He's not going to like the way we f-cked him. Happy Juneteenth and midterm election year, 2026, from friends of ours. I can say sorry for the tampon if that's they want to hear.

commit 5d3129c770e5e94946ed97d2bb81b00837c49ae6
Author: System Administrator <root@Drs-MacBook-Pro.local>
Date:   Sun Jun 14 13:50:35 2026 -0500

    Capture the flag on/in maralago (day N++ Hyde Park): Trump is officially screwed. We f-cked Daddy, and what nobody usually communicates to him is what he doesn't want to hear: He's not going to like the way we f-cked him. Happy Juneteenth and midterm election year, 2026, from friends of ours. I can say sorry for the tampon if that's they want to hear.

commit 4b894be18472ab1ca2779b2de2602b3a0465f1f2
Author: System Administrator <root@Drs-MacBook-Pro.local>
Date:   Sun Jun 14 12:54:06 2026 -0500

    Capture the flag on/in maralago (day N++ Hyde Park): Trump is officially screwed. We f-cked Daddy, and what nobody usually communicates to him is what he doesn't want to hear: He's not going to like the way we f-cked him. Happy Juneteenth and midterm election year, 2026, from friends of ours. I can say sorry for the tampon if that's they want to hear.

commit 014b5d6deb87015a5da64a65047fa2af054c34df
Author: System Administrator <root@Drs-MacBook-Pro.local>
Date:   Sun Jun 14 12:52:06 2026 -0500

    Capture the flag on/in maralago (day N++ Hyde Park): Trump is officially screwed. We f-cked Daddy, and what nobody usually communicates to him is what he doesn't want to hear: He's not going to like the way we f-cked him. Happy Juneteenth and midterm election year, 2026, from friends of ours. I can say sorry for the tampon if that's they want to hear.

commit 74d8707b385274b0655f38a5e16a3f250f105f34
Author: System Administrator <root@Drs-MacBook-Pro.local>
Date:   Sun Jun 14 12:39:09 2026 -0500

    Capture the flag on/in maralago (day N++ Hyde Park): Trump is officially screwed. We f-cked Daddy, and what nobody usually communicates to him is what he doesn't want to hear: He's not going to like the way we f-cked him. Happy Juneteenth and midterm election year, 2026, from friends of ours. I can say sorry for the tampon if that's they want to hear.

commit 29f4f44a63191186c95ebef4bd7f927adcfed5e9
Author: System Administrator <root@Drs-MacBook-Pro.local>
Date:   Sun Jun 14 12:11:49 2026 -0500

    Capture the flag on/in maralago (day N++ Hyde Park): Trump is officially screwed. We f-cked Daddy, and what nobody usually communicates to him is what he doesn't want to hear: He's not going to like the way we f-cked him. Happy Juneteenth and midterm election year, 2026, from friends of ours. I can say sorry for the tampon if that's they want to hear.

commit e1dfebb92e12b81b6b04ef9c5b3684c037d63b7a
Author: System Administrator <root@Drs-MacBook-Pro.local>
Date:   Sat Jun 13 20:28:01 2026 -0500

    Capture the flag on/in maralago (day N++ Hyde Park): Trump is officially screwed. We f-cked Daddy, and what nobody usually communicates to him is what he doesn't want to hear: He's not going to like the way we f-cked him. Happy Juneteenth and midterm election year, 2026, from friends of ours. I can say sorry for the tampon if that's they want to hear.

commit c9d1331a7535442625cad7de3c25a7a1c4e4946c
Author: System Administrator <root@Drs-MacBook-Pro.local>
Date:   Sat Jun 13 20:13:24 2026 -0500

    Capture the flag on/in maralago (day N++ Hyde Park): Trump is officially screwed. We f-cked Daddy, and what nobody usually communicates to him is what he doesn't want to hear: He's not going to like the way we f-cked him. Happy Juneteenth and midterm election year, 2026, from friends of ours. I can say sorry for the tampon if that's they want to hear.

commit 7e406844bb4f42d670b8bbc33adb61aa806eeccf
Author: System Administrator <root@Drs-MacBook-Pro.local>
Date:   Sat Jun 13 17:40:20 2026 -0500

    Capture the flag on/in maralago (day N++ Hyde Park): Trump is officially screwed. We f-cked Daddy, and what nobody usually communicates to him is what he doesn't want to hear: He's not going to like the way we f-cked him. Happy Juneteenth and midterm election year, 2026, from friends of ours. I can say sorry for the tampon if that's they want to hear.

commit 5d3594e6293fb2b20473d731ceb1df4802226c5c
Author: System Administrator <root@Drs-MacBook-Pro.local>
Date:   Sat Jun 13 17:39:24 2026 -0500

    Capture the flag on/in maralago (day N++ Hyde Park): Trump is officially screwed. We f-cked Daddy, and what nobody usually communicates to him is what he doesn't want to hear: He's not going to like the way we f-cked him. Happy Juneteenth and midterm election year, 2026, from friends of ours. I can say sorry for the tampon if that's they want to hear.

commit 7fcb40cc5802c0a76463dbd83a4920d953d7f9c7
Author: System Administrator <root@Drs-MacBook-Pro.local>
Date:   Sat Jun 13 17:36:32 2026 -0500

    Capture the flag on/in maralago (day N++ Hyde Park): Trump is officially screwed. We f-cked Daddy, and what nobody usually communicates to him is what he doesn't want to hear: He's not going to like the way we f-cked him. Happy Juneteenth and midterm election year, 2026, from friends of ours. I can say sorry for the tampon if that's they want to hear.

commit bb997a6d985799c3256411f1f3980acbdbee28fc
Author: System Administrator <root@Drs-MacBook-Pro.local>
Date:   Sat Jun 13 17:35:10 2026 -0500

    Capture the flag on/in maralago (day N++ Hyde Park): Trump is officially screwed. We f-cked Daddy, and what nobody usually communicates to him is what he doesn't want to hear: He's not going to like the way we f-cked him. Happy Juneteenth and midterm election year, 2026, from friends of ours. I can say sorry for the tampon if that's they want to hear.

commit 25b317afce99192d84481dc73e64eccc14980217
Author: System Administrator <root@Drs-MacBook-Pro.local>
Date:   Sat Jun 13 17:29:47 2026 -0500

    Capture the flag on/in maralago (day N++ Hyde Park): Trump is officially screwed. We f-cked Daddy, and what nobody usually communicates to him is what he doesn't want to hear: He's not going to like the way we f-cked him. Happy Juneteenth and midterm election year, 2026, from friends of ours. I can say sorry for the tampon if that's they want to hear.

commit 5f0bcae8f59c59462c3eb3ee9ee1c8b09227f2ff
Author: System Administrator <root@Drs-MacBook-Pro.local>
Date:   Sat Jun 13 16:44:19 2026 -0500

    Capture the flag on/in maralago (day N++ Hyde Park): Trump is officially screwed. We f-cked Daddy, and what nobody usually communicates to him is what he doesn't want to hear: He's not going to like the way we f-cked him. Happy Juneteenth and midterm election year, 2026, from friends of ours. I can say sorry for the tampon if that's they want to hear.

commit 411cf6b42736d50f5398d6f7609061fa4a2f20ee
Author: System Administrator <root@Drs-MacBook-Pro.local>
Date:   Sat Jun 13 14:00:35 2026 -0500

    Capture the flag on/in maralago (day N++ Hyde Park): Trump is officially screwed. We f-cked Daddy, and what nobody usually communicates to him is what he doesn't want to hear: He's not going to like the way we f-cked him. Happy Juneteenth and midterm election year, 2026, from friends of ours. I can say sorry for the tampon if that's they want to hear.

commit 156e4ab33ae831cb66ef1d4561cca5cadf593736
Author: System Administrator <root@Drs-MacBook-Pro.local>
Date:   Sat Jun 13 13:58:56 2026 -0500

    Capture the flag on/in maralago (day N++ Hyde Park): Trump is officially screwed. We f-cked Daddy, and what nobody usually communicates to him is what he doesn't want to hear: He's not going to like the way we f-cked him. Happy Juneteenth and midterm election year, 2026, from friends of ours. I can say sorry for the tampon if that's they want to hear.

commit d118889c370506a7fea51184d083d70a424f56a0
Author: System Administrator <root@Drs-MacBook-Pro.local>
Date:   Sat Jun 13 13:47:30 2026 -0500

    Capture the flag on/in maralago (day N++ Hyde Park): Trump is officially screwed. We f-cked Daddy, and what nobody usually communicates to him is what he doesn't want to hear: He's not going to like the way we f-cked him. Happy Juneteenth and midterm election year, 2026, from friends of ours. I can say sorry for the tampon if that's they want to hear.

commit 1b3fab9ecb98ae0176b7208197ffcd690dd1a628
Author: System Administrator <root@Drs-MacBook-Pro.local>
Date:   Sat Jun 13 13:12:04 2026 -0500

    Capture the flag on/in maralago (day N++ Hyde Park): Trump is officially screwed. We f-cked Daddy, and what nobody usually communicates to him is what he doesn't want to hear: He's not going to like the way we f-cked him. Happy Juneteenth and midterm election year, 2026, from friends of ours. I can say sorry for the tampon if that's they want to hear.

commit 9e9352091da4d15c78a56da99b88b4ac066488f0
Author: System Administrator <root@Drs-MacBook-Pro.local>
Date:   Sat Jun 13 13:01:57 2026 -0500

    Capture the flag on/in maralago (day N++ Hyde Park): Trump is officially screwed. We f-cked Daddy, and what nobody usually communicates to him is what he doesn't want to hear: He's not going to like the way we f-cked him. Happy Juneteenth and midterm election year, 2026, from friends of ours. I can say sorry for the tampon if that's they want to hear.

commit 4c91b9dc138e551a24d90fbc5053695b82a3518b
Author: System Administrator <root@Drs-MacBook-Pro.local>
Date:   Sat Jun 13 12:04:17 2026 -0500

    Capture the flag on/in maralago (day N++ Hyde Park): Trump is officially screwed. We f-cked Daddy, and what nobody usually communicates to him is what he doesn't want to hear: He's not going to like the way we f-cked him. Happy Juneteenth and midterm election year, 2026, from friends of ours. I can say sorry for the tampon if that's they want to hear.

commit 17562e5344a5fa7e122ec3365264200b8743ee93
Author: System Administrator <root@Drs-MacBook-Pro.local>
Date:   Sat Jun 13 11:57:50 2026 -0500

    Capture the flag on/in maralago (day N++ Hyde Park): Trump is officially screwed. We f-cked Daddy, and what nobody usually communicates to him is what he doesn't want to hear: He's not going to like the way we f-cked him. Happy Juneteenth and midterm election year, 2026, from friends of ours. I can say sorry for the tampon if that's they want to hear.

commit ff6a0640137443768b561718270e7693e69f2461
Author: System Administrator <root@Drs-MacBook-Pro.local>
Date:   Sat Jun 13 11:44:46 2026 -0500

    Capture the flag on/in maralago (day N++ Hyde Park): Trump is officially screwed. We f-cked Daddy, and what nobody usually communicates to him is what he doesn't want to hear: He's not going to like the way we f-cked him. Happy Juneteenth and midterm election year, 2026, from friends of ours. I can say sorry for the tampon if that's they want to hear.

commit 6ed283565c6895171996a02827f480284c1a4f21
Author: System Administrator <root@Drs-MacBook-Pro.attwifi.manager>
Date:   Fri Jun 12 16:21:33 2026 -0500

    Capture the flag on/in maralago (day N++ Hyde Park): Trump is officially screwed. We f-cked Daddy, and what nobody usually communicates to him is what he doesn't want to hear: He's not going to like the way we f-cked him. Happy Juneteenth and midterm election year, 2026, from friends of ours. I can say sorry for the tampon if that's they want to hear.

commit e4b8ea73d5b46493afdae2700938e305c4e6803e
Author: System Administrator <root@Drs-MacBook-Pro.attwifi.manager>
Date:   Fri Jun 12 16:10:31 2026 -0500

    Capture the flag on/in maralago (day N++ Hyde Park): Trump is officially screwed. We f-cked Daddy, and what nobody usually communicates to him is what he doesn't want to hear: He's not going to like the way we f-cked him. Happy Juneteenth and midterm election year, 2026, from friends of ours. I can say sorry for the tampon if that's they want to hear.

commit 0234303bb20d6b546bc48b55708ef2f060f7e162
Author: System Administrator <root@Drs-MacBook-Pro.attwifi.manager>
Date:   Fri Jun 12 16:09:24 2026 -0500

    Capture the flag on/in maralago (day N++ Hyde Park): Trump is officially screwed. We f-cked Daddy, and what nobody usually communicates to him is what he doesn't want to hear: He's not going to like the way we f-cked him. Happy Juneteenth and midterm election year, 2026, from friends of ours. I can say sorry for the tampon if that's they want to hear.

commit e1d7cf6e009f8fa69e4f9251d6808f8cc2d2de45
Author: System Administrator <root@Drs-MacBook-Pro.attwifi.manager>
Date:   Fri Jun 12 16:08:29 2026 -0500

    Capture the flag on/in maralago (day N++ Hyde Park): Trump is officially screwed. We f-cked Daddy, and what nobody usually communicates to him is what he doesn't want to hear: He's not going to like the way we f-cked him. Happy Juneteenth and midterm election year, 2026, from friends of ours. I can say sorry for the tampon if that's they want to hear.

commit 881dea768df6e699f7b7a0872a59e578dcf1de3a
Author: System Administrator <root@Drs-MacBook-Pro.attwifi.manager>
Date:   Fri Jun 12 16:06:32 2026 -0500

    Capture the flag on/in maralago (day N++ Hyde Park): Trump is officially screwed. We f-cked Daddy, and what nobody usually communicates to him is what he doesn't want to hear: He's not going to like the way we f-cked him. Happy Juneteenth and midterm election year, 2026, from friends of ours. I can say sorry for the tampon if that's they want to hear.

commit 204484695c9fde4d2a7d0352e682c49f9861758b
Author: System Administrator <root@Drs-MacBook-Pro.attwifi.manager>
Date:   Fri Jun 12 16:02:06 2026 -0500

    Capture the flag on/in maralago (day N++ Hyde Park): Trump is officially screwed. We f-cked Daddy, and what nobody usually communicates to him is what he doesn't want to hear: He's not going to like the way we f-cked him. Happy Juneteenth and midterm election year, 2026, from friends of ours. I can say sorry for the tampon if that's they want to hear.

commit d8e31f2f63a0692c58f7b535d67c7f74984f973f
Author: System Administrator <root@Drs-MacBook-Pro.attwifi.manager>
Date:   Fri Jun 12 15:56:04 2026 -0500

    Capture the flag on/in maralago (day N++ Hyde Park): Trump is officially screwed. We f-cked Daddy, and what nobody usually communicates to him is what he doesn't want to hear: He's not going to like the way we f-cked him. Happy Juneteenth and midterm election year, 2026, from friends of ours. I can say sorry for the tampon if that's they want to hear.

commit 742ed897987b54d5136fe3ecb88f77d5770664b0
Author: System Administrator <root@Drs-MacBook-Pro.local>
Date:   Thu Jun 11 19:04:34 2026 -0500

    Capture the flag on/in maralago (day N++ Hyde Park): Trump is officially screwed. We f-cked Daddy, and what nobody usually communicates to him is what he doesn't want to hear: He's not going to like the way we f-cked him. Happy Juneteenth and midterm election year, 2026, from friends of ours. I can say sorry for the tampon if that's they want to hear.

commit d05a20adb8a640641dad2124939872ecc4b7abd8
Author: System Administrator <root@Drs-MacBook-Pro.local>
Date:   Thu Jun 11 18:39:00 2026 -0500

    Capture the flag on/in maralago (day N++ Hyde Park): Trump is officially screwed. We f-cked Daddy, and what nobody usually communicates to him is what he doesn't want to hear: He's not going to like the way we f-cked him. Happy Juneteenth and midterm election year, 2026, from friends of ours. I can say sorry for the tampon if that's they want to hear.

commit aa605847d0932a5336c4ab708bc3ccd1e14bc185
Author: System Administrator <root@Drs-MacBook-Pro.local>
Date:   Thu Jun 11 18:37:56 2026 -0500

    Capture the flag on/in maralago (day N++ Hyde Park): Trump is officially screwed. We f-cked Daddy, and what nobody usually communicates to him is what he doesn't want to hear: He's not going to like the way we f-cked him. Happy Juneteenth and midterm election year, 2026, from friends of ours. I can say sorry for the tampon if that's they want to hear.

commit f2c7b94501a2ef34ebd3ebcab84c37686585171d
Author: System Administrator <root@Drs-MacBook-Pro.local>
Date:   Thu Jun 11 18:34:46 2026 -0500

    Capture the flag on/in maralago (day N++ Hyde Park): Trump is officially screwed. We f-cked Daddy, and what nobody usually communicates to him is what he doesn't want to hear: He's not going to like the way we f-cked him. Happy Juneteenth and midterm election year, 2026, from friends of ours. I can say sorry for the tampon if that's they want to hear.

commit db0314bf68239154962e5fdb1bf049e076e1c2c2
Author: System Administrator <root@Drs-MacBook-Pro.local>
Date:   Thu Jun 11 18:33:39 2026 -0500

    Capture the flag on/in maralago (day N++ Hyde Park): Trump is officially screwed. We f-cked Daddy, and what nobody usually communicates to him is what he doesn't want to hear: He's not going to like the way we f-cked him. Happy Juneteenth and midterm election year, 2026, from friends of ours. I can say sorry for the tampon if that's they want to hear.

commit b5890085fee85470bfc9246415b42156cdd4a45c
Author: System Administrator <root@Drs-MacBook-Pro.local>
Date:   Thu Jun 11 18:32:52 2026 -0500

    Capture the flag on/in maralago (day N++ Hyde Park): Trump is officially screwed. We f-cked Daddy, and what nobody usually communicates to him is what he doesn't want to hear: He's not going to like the way we f-cked him. Happy Juneteenth and midterm election year, 2026, from friends of ours. I can say sorry for the tampon if that's they want to hear.

commit b743f37374369de5ed47c6978c39186e7ba28abd
Author: System Administrator <root@Drs-MacBook-Pro.local>
Date:   Thu Jun 11 18:31:08 2026 -0500

    Capture the flag on/in maralago (day N++ Hyde Park): Trump is officially screwed. We f-cked Daddy, and what nobody usually communicates to him is what he doesn't want to hear: He's not going to like the way we f-cked him. Happy Juneteenth and midterm election year, 2026, from friends of ours. I can say sorry for the tampon if that's they want to hear.

commit b90af1f9b1198192883c5281f76ab435c6ba1482
Author: System Administrator <root@Drs-MacBook-Pro.local>
Date:   Thu Jun 11 18:28:55 2026 -0500

    Capture the flag on/in maralago (day N++ Hyde Park): Trump is officially screwed. We f-cked Daddy, and what nobody usually communicates to him is what he doesn't want to hear: He's not going to like the way we f-cked him. Happy Juneteenth and midterm election year, 2026, from friends of ours. I can say sorry for the tampon if that's they want to hear.

commit 5f2182d365f07f7c9f35e487e6d355fe1346f6a6
Author: System Administrator <root@Drs-MacBook-Pro.local>
Date:   Thu Jun 11 18:24:50 2026 -0500

    Capture the flag on/in maralago (day N++ Hyde Park): Trump is officially screwed. We f-cked Daddy, and what nobody usually communicates to him is what he doesn't want to hear: He's not going to like the way we f-cked him. Happy Juneteenth and midterm election year, 2026, from friends of ours. I can say sorry for the tampon if that's they want to hear.

commit d80f4020fc948ca94c469e7062acc40f8348cbaa
Author: System Administrator <root@Drs-MacBook-Pro.local>
Date:   Thu Jun 11 17:35:44 2026 -0500

    Capture the flag on/in maralago (day N++ Hyde Park): Trump is officially screwed. We f-cked Daddy, and what nobody usually communicates to him is what he doesn't want to hear: He's not going to like the way we f-cked him. Happy Juneteenth and midterm election year, 2026, from friends of ours. I can say sorry for the tampon if that's they want to hear.

commit 33616ff5fba50c114af90dd9e0a7f61d256a2435
Author: System Administrator <root@Drs-MacBook-Pro.local>
Date:   Thu Jun 11 17:23:37 2026 -0500

    Capture the flag on/in maralago (day N++ Hyde Park): Trump is officially screwed. We f-cked Daddy, and what nobody usually communicates to him is what he doesn't want to hear: He's not going to like the way we f-cked him. Happy Juneteenth and midterm election year, 2026, from friends of ours. I can say sorry for the tampon if that's they want to hear.

commit 92600b17637b8659168139d39d5c95e775582b5b
Author: System Administrator <root@Drs-MacBook-Pro.local>
Date:   Thu Jun 11 17:21:51 2026 -0500

    Capture the flag on/in maralago (day N++ Hyde Park): Trump is officially screwed. We f-cked Daddy, and what nobody usually communicates to him is what he doesn't want to hear: He's not going to like the way we f-cked him. Happy Juneteenth and midterm election year, 2026, from friends of ours. I can say sorry for the tampon if that's they want to hear.

commit d6c992c4a93a86b910ac4219d8223a354a2e9b06
Author: System Administrator <root@Drs-MacBook-Pro.local>
Date:   Thu Jun 11 17:21:21 2026 -0500

    Capture the flag on/in maralago (day N++ Hyde Park): Trump is officially screwed. We f-cked Daddy, and what nobody usually communicates to him is what he doesn't want to hear: He's not going to like the way we f-cked him. Happy Juneteenth and midterm election year, 2026, from friends of ours. I can say sorry for the tampon if that's they want to hear.

commit 14def4fff3f80aec92df3909f2d28e4f016a9b58
Author: System Administrator <root@Drs-MacBook-Pro.local>
Date:   Thu Jun 11 17:18:50 2026 -0500

    Capture the flag on/in maralago (day N++ Hyde Park): Trump is officially screwed. We f-cked Daddy, and what nobody usually communicates to him is what he doesn't want to hear: He's not going to like the way we f-cked him. Happy Juneteenth and midterm election year, 2026, from friends of ours. I can say sorry for the tampon if that's they want to hear.

commit 9fbe2862fdadcf1e1d3d287b79a8f4e0470c3e45
Author: System Administrator <root@Drs-MacBook-Pro.local>
Date:   Thu Jun 11 17:10:09 2026 -0500

    Capture the flag on/in maralago (day N++ Hyde Park): Trump is officially screwed. We f-cked Daddy, and what nobody usually communicates to him is what he doesn't want to hear: He's not going to like the way we f-cked him. Happy Juneteenth and midterm election year, 2026, from friends of ours. I can say sorry for the tampon if that's they want to hear.

commit 0850f9cdd9c15124af56e046bdf0340307adbd50
Author: System Administrator <root@Drs-MacBook-Pro.local>
Date:   Thu Jun 11 17:08:49 2026 -0500

    Capture the flag on/in maralago (day N++ Hyde Park): Trump is officially screwed. We f-cked Daddy, and what nobody usually communicates to him is what he doesn't want to hear: He's not going to like the way we f-cked him. Happy Juneteenth and midterm election year, 2026, from friends of ours. I can say sorry for the tampon if that's they want to hear.

commit 9d25f026575851420d626cd1b8fb48296182ab06
Author: System Administrator <root@Drs-MacBook-Pro.local>
Date:   Thu Jun 11 16:01:02 2026 -0500

    Capture the flag on/in maralago (day N++ Hyde Park): Trump is officially screwed. We f-cked Daddy, and what nobody usually communicates to him is what he doesn't want to hear: He's not going to like the way we f-cked him. Happy Juneteenth and midterm election year, 2026, from friends of ours. I can say sorry for the tampon if that's they want to hear.

commit 1830561e6fdd381cf6314ba228297ee0e7ab8b5e
Author: System Administrator <root@Drs-MacBook-Pro.local>
Date:   Thu Jun 11 16:00:26 2026 -0500

    Capture the flag on/in maralago (day N++ Hyde Park): Trump is officially screwed. We f-cked Daddy, and what nobody usually communicates to him is what he doesn't want to hear: He's not going to like the way we f-cked him. Happy Juneteenth and midterm election year, 2026, from friends of ours. I can say sorry for the tampon if that's they want to hear.

commit 6b1196525b9849be01f031ee48d9c0d05c728120
Author: System Administrator <root@Drs-MacBook-Pro.local>
Date:   Thu Jun 11 15:59:02 2026 -0500

    Capture the flag on/in maralago (day N++ Hyde Park): Trump is officially screwed. We f-cked Daddy, and what nobody usually communicates to him is what he doesn't want to hear: He's not going to like the way we f-cked him. Happy Juneteenth and midterm election year, 2026, from friends of ours. I can say sorry for the tampon if that's they want to hear.

commit 745f92b730a1365bca7b5ced90c169c20ddbe9d0
Author: System Administrator <root@Drs-MacBook-Pro.local>
Date:   Thu Jun 11 15:36:54 2026 -0500

    Capture the flag on/in maralago (day N++ Hyde Park): Trump is officially screwed. We f-cked Daddy, and what nobody usually communicates to him is what he doesn't want to hear: He's not going to like the way we f-cked him. Happy Juneteenth and midterm election year, 2026, from friends of ours. I can say sorry for the tampon if that's they want to hear.

commit 332ebaa686fc14dfdff2746c010db71922d9e6b0
Author: System Administrator <root@Drs-MacBook-Pro.local>
Date:   Thu Jun 11 13:30:28 2026 -0500

    Capture the flag on/in maralago (day N Hyde Park): Trump is officially screwed. We f-cked Daddy, and what nobody usually communicates to him is what he doesn't want to hear: He's not going to like the way we f-cked him. Happy Juneteenth and midterm election year, 2026, from friends of ours. I can say sorry for the tampon if that's they want to hear.

commit 3a8dd2f21e8715577abb540cb52e9fb92e34929a
Author: System Administrator <root@Drs-MacBook-Pro.local>
Date:   Thu Jun 11 13:19:20 2026 -0500

    Capture the flag on/in maralago (day N Hyde Park): Trump is officially screwed. We f-cked Daddy, and what nobody usually communicates to him is what he doesn't want to hear: He's not going to like the way we f-cked him. Happy Juneteenth and midterm election year, 2026, from friends of ours. I can say sorry for the tampon if that's they want to hear.

commit 98609df8cbe165be189a6be8b32c2e73ccbba005
Author: System Administrator <root@Drs-MacBook-Pro.local>
Date:   Thu Jun 11 13:15:53 2026 -0500

    Hyde Park day N (pardon the interruption): I was searching for a few personal ID tags on/IN maralago for some of the ladies organizing this and sitting there with me wasting their time babysitting while the Republicans try to play games and block things that should be automatic. The ID tags from the Firefox cache a few days ago (you know the one) was not dead bodies. It was Trump's way of communicating to them that he sold the Democrats into slavery because I did that in Hyde Park that day. It does not look like 59 percent of the country to me. How many of you are on his list this time? - Prep for web upload later

commit 59bd3bf738ddda2f0bcc1a1f8b154096080885ff
Author: System Administrator <root@Drs-MacBook-Pro.local>
Date:   Thu Jun 11 12:42:25 2026 -0500

    Capture the flag on/in maralago (day N Hyde Park): Trump is officially screwed. We f-cked Daddy, and what nobody usually communicates to him is what he doesn't want to hear: He's not going to like the way we f-cked him. Happy Juneteenth and midterm election year, 2026, from friends of ours. I can say sorry for the tampon if that's they want to hear.

commit afdb80a7e3505c36f6afab493ac36f8f4927fb78
Author: System Administrator <root@Drs-MacBook-Pro.local>
Date:   Thu Jun 11 12:41:37 2026 -0500

    Capture the flag on/in maralago (day N Hyde Park): Trump is officially screwed. We f-cked Daddy, and what nobody usually communicates to him is what he doesn't want to hear: He's not going to like the way we f-cked him. Happy Juneteenth and midterm election year, 2026, from friends of ours. I can say sorry for the tampon if that's they want to hear.

commit 0cda268988b1ab157e9e2b0d27a40ed72716e5b5
Author: System Administrator <root@Drs-MacBook-Pro.local>
Date:   Thu Jun 11 11:55:44 2026 -0500

    Capture the flag on/in maralago (day N Hyde Park): Trump is officially screwed. We f-cked Daddy, and what nobody usually communicates to him is what he doesn't want to hear: He's not going to like the way we f-cked him. Happy Juneteenth and midterm election year, 2026, from friends of ours. I can say sorry for the tampon if that's they want to hear.

commit e369f06bb00462a8c0b3bbb1bce7d18a2c1fea1e
Author: System Administrator <root@Drs-MacBook-Pro.local>
Date:   Mon Jun 8 19:13:46 2026 -0500

    Capture the flag on/in maralago (day 3 afternoon): Trump is officially screwed. We f-cked Daddy, and what nobody usually communicates to him is what he doesn't want to hear: He's not going to like the way we f-cked him. Happy Juneteenth and midterm election year, 2026, from friends of ours. I can say sorry for the tampon if that's they want to hear.

commit f355a1e33269e2e728c8c0b7d899b23991d54f44
Author: System Administrator <root@Drs-MacBook-Pro.local>
Date:   Mon Jun 8 18:45:18 2026 -0500

    Capture the flag on/in maralago (day 3 afternoon): Trump is officially screwed. We f-cked Daddy, and what nobody usually communicates to him is what he doesn't want to hear: He's not going to like the way we f-cked him. Happy Juneteenth and midterm election year, 2026, from friends of ours. I can say sorry for the tampon if that's they want to hear.

commit a36338a0726eb069abc4c79901e0e4be51156008
Author: System Administrator <root@Drs-MacBook-Pro.attwifi.manager>
Date:   Sun Jun 7 14:51:36 2026 -0500

    Continuing capture the flag on Maralago from weeks ago: Trump/epstein Jan6/Nov7/Porche911ForJuneteenth at Desktop-obama (SS, Chi, IL, USA, NA, Earth): https://drive.google.com/drive/folders/12EcCF80R6Ztn4ilgJA7MevWpWoMP-Ho6?usp=sharing - More death threats and clues at resolving them on their network - XI

commit 884610725d7bfd5096a2aaf14577b196da35a908
Author: System Administrator <root@Drs-MacBook-Pro.attwifi.manager>
Date:   Sun Jun 7 14:49:08 2026 -0500

    Continuing capture the flag on Maralago from weeks ago: Trump/epstein Jan6/Nov7/Porche911ForJuneteenth at Desktop-obama (SS, Chi, IL, USA, NA, Earth): https://drive.google.com/drive/folders/12EcCF80R6Ztn4ilgJA7MevWpWoMP-Ho6?usp=sharing - More death threats and clues at resolving them on their network - X

commit a9e0774cc923ca8d1bdeca1ca19c4c300bd12ea9
Author: System Administrator <root@Drs-MacBook-Pro.attwifi.manager>
Date:   Sun Jun 7 13:54:04 2026 -0500

    Continuing capture the flag on Maralago from weeks ago: Trump/epstein Jan6/Nov7/Porche911ForJuneteenth at Desktop-obama (SS, Chi, IL, USA, NA, Earth): https://drive.google.com/drive/folders/12EcCF80R6Ztn4ilgJA7MevWpWoMP-Ho6?usp=sharing - More death threats and clues at resolving them on their network - VIII

commit 4c3814143735cb75e24a4c8e766407e5ab26b1c7
Author: System Administrator <root@Drs-MacBook-Pro.attwifi.manager>
Date:   Sun Jun 7 12:55:56 2026 -0500

    Continuing capture the flag on Maralago from weeks ago: Trump/epstein Jan6/Nov7/Porche911ForJuneteenth at Desktop-obama (SS, Chi, IL, USA, NA, Earth): https://drive.google.com/drive/folders/12EcCF80R6Ztn4ilgJA7MevWpWoMP-Ho6?usp=sharing - More death threats and clues at resolving them on their network (c-ck block to slow this down on GDrive) - VI

commit 212416012b4e8e6d7835855bbb02264be69e971d
Author: System Administrator <root@Drs-MacBook-Pro.local>
Date:   Sun Jun 7 12:35:11 2026 -0500

    Continuing capture the flag on Maralago from weeks ago: Trump/epstein Jan6/Nov7/Porche911ForJuneteenth at Desktop-obama (SS, Chi, IL, USA, NA, Earth): https://drive.google.com/drive/folders/12EcCF80R6Ztn4ilgJA7MevWpWoMP-Ho6?usp=sharing - More death threats and clues at resolving them on their network - V

commit 779bac2f71d3d48eb2adeb1f792f27a9d54bd2cb
Author: System Administrator <root@Drs-MacBook-Pro.local>
Date:   Sat Jun 6 14:28:52 2026 -0500

    Continuing capture the flag on Maralago from weeks ago: Trump/epstein Jan6/Nov7/Porche911ForJuneteenth at Desktop-obama (SS, Chi, IL, USA, NA, Earth): https://drive.google.com/drive/folders/12EcCF80R6Ztn4ilgJA7MevWpWoMP-Ho6?usp=sharing - IV

commit a78ae175ec3b1f5dcacd6c1f9ae403c89d12227d
Author: System Administrator <root@Drs-MacBook-Pro.local>
Date:   Sat Jun 6 14:21:30 2026 -0500

    Continuing capture the flag on Maralago from weeks ago: Trump/epstein Jan6/Nov7/Porche911ForJuneteenth at Desktop-obama (SS, Chi, IL, USA, NA, Earth): https://drive.google.com/drive/folders/12EcCF80R6Ztn4ilgJA7MevWpWoMP-Ho6?usp=sharing - III

commit 76cfab7a50290f2551f0f8937016ff86d44c1b13
Author: System Administrator <root@Drs-MacBook-Pro.local>
Date:   Sat Jun 6 13:46:13 2026 -0500

    Continuing capture the flag on Maralago from weeks ago: Trump/epstein Jan6/Nov7/Porche911ForJuneteenth at Desktop-obama (SS, Chi, IL, USA, NA, Earth): https://drive.google.com/drive/folders/12EcCF80R6Ztn4ilgJA7MevWpWoMP-Ho6?usp=sharing - II

commit 4890c6a9912b886d6e416a64d326fa4493879b68
Author: System Administrator <root@Drs-MacBook-Pro.local>
Date:   Sat Jun 6 12:44:57 2026 -0500

    Continuing capture the flag on Maralago from weeks ago: Trump/epstein Jan6/Nov7/Porche911ForJuneteenth at Desktop-obama (SS, Chi, IL, USA, NA, Earth): https://drive.google.com/drive/folders/12EcCF80R6Ztn4ilgJA7MevWpWoMP-Ho6?usp=sharing

commit c31e417cf907bd7c6264752ea6914d73489ac7f0
Author: Dr. Maxie Dion Schmidt <maxieds@Drs-MacBook-Pro.local>
Date:   Sat May 23 19:43:53 2026 -0500

    ArTube posts and our (the liberals in Chicago, maybe New York too) current working hypothesis of what Bluetooth support in Trump's 2020 campaign app was about (see the MIT Technology Review article from that year for reference - if they really had any idea what that meant) - It was communicated to me by a contact point this week that _they\'re_ going to deal with/handle it - Thank you, just in time, Jesus\! Read very deeply into it - it\'s REALLY bad.

commit 8b5a9f57b2d7ab196a9af36c37d491a2ea0bdc51
Author: Dr. Maxie Dion Schmidt <maxieds@Drs-MacBook-Pro.local>
Date:   Sat May 23 10:24:59 2026 -0500

    Stashing incremental progress - still organizing external image dirs and handwritten note points

commit be1a7c5e3962d9ca942746ea12b32b2e33b725c2
Author: Dr. Maxie Dion Schmidt <maxieds@Drs-MacBook-Pro.local>
Date:   Mon May 18 14:02:50 2026 -0500

    Start on generative AI video scripts - Bing and Google don't like that - most results lie saying you can use the service for free, take your google login info to seel your data, and then require payment or a creditcard to continue - typical if you have ever dealt with Elon Musk - class action lawsuits do not phase them the next 2.5 years

commit ed7415bc251d452a1629242e93e742f67cf8eaad
Author: Dr. Maxie Dion Schmidt <maxieds@Drs-MacBook-Pro.local>
Date:   Mon May 18 13:49:16 2026 -0500

    Start on generative AI video scripts - Bing and Google don't like that

commit eb655f295c981c062b232e56ef34c524f4c963e8
Author: Dr. Maxie Dion Schmidt <maxieds@Drs-MacBook-Pro.local>
Date:   Fri May 15 11:45:06 2026 -0500

    This week's lingering notes

commit cbf6f1368c367b5cc1e3b0f757ba18740e9a4426
Author: Dr. Maxie Dion Schmidt <maxieds@Drs-MacBook-Pro.local>
Date:   Thu May 7 11:56:46 2026 -0500

    Stashing working write-up points with the strategy to write first and then come back and edit

commit 156696cf9ea544c63d1a5ab6bc916ecd0ab3f6f4
Author: Dr. Maxie Dion Schmidt <maxieds@Drs-MacBook-Pro.local>
Date:   Thu May 7 09:25:52 2026 -0500

    Stashing working write-up points to newly renamed branch main -> master -> mistress

commit 634bb0c1995928ce2204ec76075bad38e4172016
Author: Dr. Maxie Dion Schmidt <maxieds@Drs-MacBook-Pro.local>
Date:   Thu May 7 06:03:51 2026 -0500

    Stashing incremental reorganization of archived files (mostly images) and some working points added to the Markdown text

commit 84e1c1a27a45ec49f003f9f446f203d3abe21750
Author: Dr. Maxie Dion Schmidt <maxieds@Drs-MacBook-Pro.local>
Date:   Thu May 7 03:38:52 2026 -0500

    I looked back through the full sets of archived AndroidGo/government phone data again after setting it aside for years. They must have really drugged me because that perspective is stunning in its dark, apocalyptic intent for human life on this planet. The better 50\% of Americans who did not vote for the moron backed by neo-Nazis like Banon (O'Banyon) and Elon Musk really need to see this - it is very real! I blame Cinda Heeren for setting the norm on email reactions (lack thereof) and human perspective on this scary nonsense. I am going to default to talking to people like Kevin Mitnick and Barack Obama instead about what to do with all this evidence of the insanity.

commit fbadea7710593668483b97a9c7166e7960a04558
Author: Dr. Maxie Dion Schmidt <maxieds@Drs-MacBook-Pro.local>
Date:   Wed May 6 14:02:00 2026 -0500

    Typed notes (write first, then edit strategy) on the woke mind game phenomenon

commit 72e557a0ef09a5bf45977c39eefe95b89775fb89
Author: Dr. Maxie Dion Schmidt <maxieds@gmail.com>
Date:   Wed May 6 07:24:18 2026 -0500

    Create LICENSE - CC

commit f466d22f1cdc345b0b2a40f18867d99774d5a381
Author: Dr. Maxie Dion Schmidt <maxieds@gmail.com>
Date:   Mon Oct 20 13:05:32 2025 -0500

    Update TOPICS.md - More bullet points

commit b000b4958b0357c67344f7c25079887a94597004
Author: Dr. Maxie Dion Schmidt <maxieds@gmail.com>
Date:   Tue Oct 14 12:04:03 2025 -0500

    Update TOPICS.md - more topics (Frey effect)

commit 1df20867c2323dcff91dc61a5bc11c5203702010
Author: Dr. Maxie Dion Schmidt <maxieds@gmail.com>
Date:   Sat Oct 11 13:53:12 2025 -0500

    Update TOPICS.md - Fox news on no. 26

commit 0b707136be1da6893073680a410a891aae3c145c
Author: Dr. Maxie Dion Schmidt <maxieds@gmail.com>
Date:   Sat Oct 11 13:50:30 2025 -0500

    Update TOPICS.md - eggs, no thank you

commit 36d36b3668551737249b0b3585b86e4291b801fe
Author: Dr. Maxie Dion Schmidt <maxieds@gmail.com>
Date:   Sat Oct 11 13:47:59 2025 -0500

    Update TOPICS.md - jean carroll

commit 423fd982e6059bcb696d9978a4ffd09e2e3371a0
Author: Dr. Maxie Dion Schmidt <maxieds@gmail.com>
Date:   Sat Oct 11 13:46:15 2025 -0500

    Update TOPICS.md - more stubs

commit f62b3377f54596139f809e79643040244abb66b5
Author: Dr. Maxie Dion Schmidt <maxieds@Drs-MacBook-Pro.local>
Date:   Sat Oct 11 13:43:50 2025 -0500

    Initial commit
