078e6600 : setSystemTargetUUID will use / as the target
078e6600 : Found update container: LPAPFSContainer: AppleAPFSMedia, UUID: C423623B-8279-4D1C-AE12-20702CC1C05E
078e6600 : Found update volume: LPAPFSVolume: Update, Mount: /System/Volumes/Update
078e6600 : Will open restore file at: /System/Volumes/Update/restore.log
0fb37600 : setSystemTargetUUID will use / as the target
0fb37600 : Found update container: LPAPFSContainer: AppleAPFSMedia, UUID: C423623B-8279-4D1C-AE12-20702CC1C05E
0fb37600 : Found update volume: LPAPFSVolume: Update, Mount: /System/Volumes/Update
0fb37600 : Will open restore file at: /System/Volumes/Update/restore.log
0bde4600 : setSystemTargetUUID will use / as the target
0bde4600 : Found update container: LPAPFSContainer: AppleAPFSMedia, UUID: C423623B-8279-4D1C-AE12-20702CC1C05E
0bde4600 : Found update volume: LPAPFSVolume: Update, Mount: /System/Volumes/Update
0bde4600 : Will open restore file at: /System/Volumes/Update/restore.log
117df600 : setSystemTargetUUID will use / as the target
117df600 : Found update container: LPAPFSContainer: AppleAPFSMedia, UUID: C423623B-8279-4D1C-AE12-20702CC1C05E
117df600 : Found update volume: LPAPFSVolume: Update, Mount: /System/Volumes/Update
117df600 : Will open restore file at: /System/Volumes/Update/restore.log
14417600 : Brain operations will run at their default(UTILITY) QOS
0a236000 : Running event handler at QoS 0x11
0a236000 : Running event handler at QoS 0x11
0a236000 : setSystemTargetUUID will use / as the target
0a236000 : Found update container: LPAPFSContainer: AppleAPFSMedia, UUID: C423623B-8279-4D1C-AE12-20702CC1C05E
0a236000 : Found update volume: LPAPFSVolume: Update, Mount: /System/Volumes/Update
0a236000 : Will open restore file at: /System/Volumes/Update/restore.log
07b78600 : setSystemTargetUUID will use / as the target
07b78600 : Found update container: LPAPFSContainer: AppleAPFSMedia, UUID: C423623B-8279-4D1C-AE12-20702CC1C05E
07b78600 : Found update volume: LPAPFSVolume: Update, Mount: /System/Volumes/Update
07b78600 : Will open restore file at: /System/Volumes/Update/restore.log
10b54600 : setSystemTargetUUID will use / as the target
10b54600 : Found update container: LPAPFSContainer: AppleAPFSMedia, UUID: C423623B-8279-4D1C-AE12-20702CC1C05E
10b54600 : Found update volume: LPAPFSVolume: Update, Mount: /System/Volumes/Update
10b54600 : Will open restore file at: /System/Volumes/Update/restore.log
1280e600 : setSystemTargetUUID will use / as the target
1280e600 : Found update container: LPAPFSContainer: AppleAPFSMedia, UUID: C423623B-8279-4D1C-AE12-20702CC1C05E
1280e600 : Found update volume: LPAPFSVolume: Update, Mount: /System/Volumes/Update
1280e600 : Will open restore file at: /System/Volumes/Update/restore.log
1ae65600 : setSystemTargetUUID will use / as the target
1ae65600 : Found update container: LPAPFSContainer: AppleAPFSMedia, UUID: C423623B-8279-4D1C-AE12-20702CC1C05E
1ae65600 : Found update volume: LPAPFSVolume: Update, Mount: /System/Volumes/Update
1ae65600 : Will open restore file at: /System/Volumes/Update/restore.log
16cfe600 : setSystemTargetUUID will use / as the target
16cfe600 : Found update container: LPAPFSContainer: AppleAPFSMedia, UUID: C423623B-8279-4D1C-AE12-20702CC1C05E
16cfe600 : Found update volume: LPAPFSVolume: Update, Mount: /System/Volumes/Update
16cfe600 : Will open restore file at: /System/Volumes/Update/restore.log
0db4b600 : setSystemTargetUUID will use / as the target
0db4b600 : Found update container: LPAPFSContainer: AppleAPFSMedia, UUID: C423623B-8279-4D1C-AE12-20702CC1C05E
0db4b600 : Found update volume: LPAPFSVolume: Update, Mount: /System/Volumes/Update
0db4b600 : Will open restore file at: /System/Volumes/Update/restore.log
01b3e600 : setSystemTargetUUID will use / as the target
01b3e600 : Found update container: LPAPFSContainer: AppleAPFSMedia, UUID: C423623B-8279-4D1C-AE12-20702CC1C05E
01b3e600 : Found update volume: LPAPFSVolume: Update, Mount: /System/Volumes/Update
01b3e600 : Will open restore file at: /System/Volumes/Update/restore.log
0b2a5600 : setSystemTargetUUID will use / as the target
0b2a5600 : Found update container: LPAPFSContainer: AppleAPFSMedia, UUID: C423623B-8279-4D1C-AE12-20702CC1C05E
0b2a5600 : Found update volume: LPAPFSVolume: Update, Mount: /System/Volumes/Update
0b2a5600 : Will open restore file at: /System/Volumes/Update/restore.log
0d83c600 : setSystemTargetUUID will use / as the target
0d83c600 : Found update container: LPAPFSContainer: AppleAPFSMedia, UUID: C423623B-8279-4D1C-AE12-20702CC1C05E
0d83c600 : Found update volume: LPAPFSVolume: Update, Mount: /System/Volumes/Update
0d83c600 : Will open restore file at: /System/Volumes/Update/restore.log
082e1600 : setSystemTargetUUID will use / as the target
082e1600 : Found update container: LPAPFSContainer: AppleAPFSMedia, UUID: C423623B-8279-4D1C-AE12-20702CC1C05E
082e1600 : Found update volume: LPAPFSVolume: Update, Mount: /System/Volumes/Update
082e1600 : Will open restore file at: /System/Volumes/Update/restore.log
15ce8600 : setSystemTargetUUID will use / as the target
15ce8600 : Found update container: LPAPFSContainer: AppleAPFSMedia, UUID: C423623B-8279-4D1C-AE12-20702CC1C05E
15ce8600 : Found update volume: LPAPFSVolume: Update, Mount: /System/Volumes/Update
15ce8600 : Will open restore file at: /System/Volumes/Update/restore.log
05013600 : setSystemTargetUUID will use / as the target
05013600 : Found update container: LPAPFSContainer: AppleAPFSMedia, UUID: C423623B-8279-4D1C-AE12-20702CC1C05E
05013600 : Found update volume: LPAPFSVolume: Update, Mount: /System/Volumes/Update
05013600 : Will open restore file at: /System/Volumes/Update/restore.log
0911a600 : setSystemTargetUUID will use / as the target
0911a600 : Found update container: LPAPFSContainer: AppleAPFSMedia, UUID: C423623B-8279-4D1C-AE12-20702CC1C05E
0911a600 : Found update volume: LPAPFSVolume: Update, Mount: /System/Volumes/Update
0911a600 : Will open restore file at: /System/Volumes/Update/restore.log
0b7e8600 : setSystemTargetUUID will use / as the target
0b7e8600 : Found update container: LPAPFSContainer: AppleAPFSMedia, UUID: C423623B-8279-4D1C-AE12-20702CC1C05E
0b7e8600 : Found update volume: LPAPFSVolume: Update, Mount: /System/Volumes/Update
0b7e8600 : Will open restore file at: /System/Volumes/Update/restore.log
0886a600 : setSystemTargetUUID will use / as the target
0886a600 : Found update container: LPAPFSContainer: AppleAPFSMedia, UUID: C423623B-8279-4D1C-AE12-20702CC1C05E
0886a600 : Found update volume: LPAPFSVolume: Update, Mount: /System/Volumes/Update
0886a600 : Will open restore file at: /System/Volumes/Update/restore.log
12f93600 : setSystemTargetUUID will use / as the target
12f93600 : Found update container: LPAPFSContainer: AppleAPFSMedia, UUID: C423623B-8279-4D1C-AE12-20702CC1C05E
12f93600 : Found update volume: LPAPFSVolume: Update, Mount: /System/Volumes/Update
12f93600 : Will open restore file at: /System/Volumes/Update/restore.log
16a01600 : setSystemTargetUUID will use / as the target
16a01600 : Found update container: LPAPFSContainer: AppleAPFSMedia, UUID: C423623B-8279-4D1C-AE12-20702CC1C05E
16a01600 : Found update volume: LPAPFSVolume: Update, Mount: /System/Volumes/Update
16a01600 : Will open restore file at: /System/Volumes/Update/restore.log
18a74600 : setSystemTargetUUID will use / as the target
18a74600 : Found update container: LPAPFSContainer: AppleAPFSMedia, UUID: C423623B-8279-4D1C-AE12-20702CC1C05E
18a74600 : Found update volume: LPAPFSVolume: Update, Mount: /System/Volumes/Update
18a74600 : Will open restore file at: /System/Volumes/Update/restore.log
0b789600 : setSystemTargetUUID will use / as the target
0b789600 : Found update container: LPAPFSContainer: AppleAPFSMedia, UUID: C423623B-8279-4D1C-AE12-20702CC1C05E
0b789600 : Found update volume: LPAPFSVolume: Update, Mount: /System/Volumes/Update
0b789600 : Will open restore file at: /System/Volumes/Update/restore.log
02e01600 : setSystemTargetUUID will use / as the target
02e01600 : Found update container: LPAPFSContainer: AppleAPFSMedia, UUID: C423623B-8279-4D1C-AE12-20702CC1C05E
02e01600 : Found update volume: LPAPFSVolume: Update, Mount: /System/Volumes/Update
02e01600 : Will open restore file at: /System/Volumes/Update/restore.log
18e95600 : setSystemTargetUUID will use / as the target
18e95600 : Found update container: LPAPFSContainer: AppleAPFSMedia, UUID: C423623B-8279-4D1C-AE12-20702CC1C05E
18e95600 : Found update volume: LPAPFSVolume: Update, Mount: /System/Volumes/Update
18e95600 : Will open restore file at: /System/Volumes/Update/restore.log
142e9600 : setSystemTargetUUID will use / as the target
142e9600 : Found update container: LPAPFSContainer: AppleAPFSMedia, UUID: C423623B-8279-4D1C-AE12-20702CC1C05E
142e9600 : Found update volume: LPAPFSVolume: Update, Mount: /System/Volumes/Update
142e9600 : Will open restore file at: /System/Volumes/Update/restore.log
10a60600 : setSystemTargetUUID will use / as the target
10a60600 : Found update container: LPAPFSContainer: AppleAPFSMedia, UUID: C423623B-8279-4D1C-AE12-20702CC1C05E
10a60600 : Found update volume: LPAPFSVolume: Update, Mount: /System/Volumes/Update
10a60600 : Will open restore file at: /System/Volumes/Update/restore.log
0721e600 : setSystemTargetUUID will use / as the target
0721e600 : Found update container: LPAPFSContainer: AppleAPFSMedia, UUID: C423623B-8279-4D1C-AE12-20702CC1C05E
0721e600 : Found update volume: LPAPFSVolume: Update, Mount: /System/Volumes/Update
0721e600 : Will open restore file at: /System/Volumes/Update/restore.log
0bc9f600 : setSystemTargetUUID will use / as the target
0bc9f600 : Found update container: LPAPFSContainer: AppleAPFSMedia, UUID: C423623B-8279-4D1C-AE12-20702CC1C05E
0bc9f600 : Found update volume: LPAPFSVolume: Update, Mount: /System/Volumes/Update
0bc9f600 : Will open restore file at: /System/Volumes/Update/restore.log
10e69600 : setSystemTargetUUID will use / as the target
10e69600 : Found update container: LPAPFSContainer: AppleAPFSMedia, UUID: C423623B-8279-4D1C-AE12-20702CC1C05E
10e69600 : Found update volume: LPAPFSVolume: Update, Mount: /System/Volumes/Update
10e69600 : Will open restore file at: /System/Volumes/Update/restore.log
10db9600 : setSystemTargetUUID will use / as the target
10db9600 : Found update container: LPAPFSContainer: AppleAPFSMedia, UUID: C423623B-8279-4D1C-AE12-20702CC1C05E
10db9600 : Found update volume: LPAPFSVolume: Update, Mount: /System/Volumes/Update
10db9600 : Will open restore file at: /System/Volumes/Update/restore.log
11a03600 : setSystemTargetUUID will use / as the target
11a03600 : Found update container: LPAPFSContainer: AppleAPFSMedia, UUID: C423623B-8279-4D1C-AE12-20702CC1C05E
11a03600 : Found update volume: LPAPFSVolume: Update, Mount: /System/Volumes/Update
11a03600 : Will open restore file at: /System/Volumes/Update/restore.log
159fb600 : setSystemTargetUUID will use / as the target
159fb600 : Found update container: LPAPFSContainer: AppleAPFSMedia, UUID: C423623B-8279-4D1C-AE12-20702CC1C05E
159fb600 : Found update volume: LPAPFSVolume: Update, Mount: /System/Volumes/Update
159fb600 : Will open restore file at: /System/Volumes/Update/restore.log
15b77600 : setSystemTargetUUID will use / as the target
15b77600 : Found update container: LPAPFSContainer: AppleAPFSMedia, UUID: C423623B-8279-4D1C-AE12-20702CC1C05E
15b77600 : Found update volume: LPAPFSVolume: Update, Mount: /System/Volumes/Update
15b77600 : Will open restore file at: /System/Volumes/Update/restore.log
199bc600 : setSystemTargetUUID will use / as the target
199bc600 : Found update container: LPAPFSContainer: AppleAPFSMedia, UUID: C423623B-8279-4D1C-AE12-20702CC1C05E
199bc600 : Found update volume: LPAPFSVolume: Update, Mount: /System/Volumes/Update
199bc600 : Will open restore file at: /System/Volumes/Update/restore.log
13e54600 : setSystemTargetUUID will use / as the target
13e54600 : Found update container: LPAPFSContainer: AppleAPFSMedia, UUID: C423623B-8279-4D1C-AE12-20702CC1C05E
13e54600 : Found update volume: LPAPFSVolume: Update, Mount: /System/Volumes/Update
13e54600 : Will open restore file at: /System/Volumes/Update/restore.log
07c0b600 : setSystemTargetUUID will use / as the target
07c0b600 : Found update container: LPAPFSContainer: AppleAPFSMedia, UUID: C423623B-8279-4D1C-AE12-20702CC1C05E
07c0b600 : Found update volume: LPAPFSVolume: Update, Mount: /System/Volumes/Update
07c0b600 : Will open restore file at: /System/Volumes/Update/restore.log
18465600 : setSystemTargetUUID will use / as the target
18465600 : Found update container: LPAPFSContainer: AppleAPFSMedia, UUID: C423623B-8279-4D1C-AE12-20702CC1C05E
18465600 : Found update volume: LPAPFSVolume: Update, Mount: /System/Volumes/Update
18465600 : Will open restore file at: /System/Volumes/Update/restore.log
12601600 : setSystemTargetUUID will use / as the target
12601600 : Found update container: LPAPFSContainer: AppleAPFSMedia, UUID: C423623B-8279-4D1C-AE12-20702CC1C05E
12601600 : Found update volume: LPAPFSVolume: Update, Mount: /System/Volumes/Update
12601600 : Will open restore file at: /System/Volumes/Update/restore.log
0d61c600 : setSystemTargetUUID will use / as the target
0d61c600 : Found update container: LPAPFSContainer: AppleAPFSMedia, UUID: C423623B-8279-4D1C-AE12-20702CC1C05E
0d61c600 : Found update volume: LPAPFSVolume: Update, Mount: /System/Volumes/Update
0d61c600 : Will open restore file at: /System/Volumes/Update/restore.log
06bd2600 : setSystemTargetUUID will use / as the target
06bd2600 : Found update container: LPAPFSContainer: AppleAPFSMedia, UUID: C423623B-8279-4D1C-AE12-20702CC1C05E
06bd2600 : Found update volume: LPAPFSVolume: Update, Mount: /System/Volumes/Update
06bd2600 : Will open restore file at: /System/Volumes/Update/restore.log
097b4600 : setSystemTargetUUID will use / as the target
097b4600 : Found update container: LPAPFSContainer: AppleAPFSMedia, UUID: C423623B-8279-4D1C-AE12-20702CC1C05E
097b4600 : Found update volume: LPAPFSVolume: Update, Mount: /System/Volumes/Update
097b4600 : Will open restore file at: /System/Volumes/Update/restore.log
18c39600 : setSystemTargetUUID will use / as the target
18c39600 : Found update container: LPAPFSContainer: AppleAPFSMedia, UUID: C423623B-8279-4D1C-AE12-20702CC1C05E
18c39600 : Found update volume: LPAPFSVolume: Update, Mount: /System/Volumes/Update
18c39600 : Will open restore file at: /System/Volumes/Update/restore.log
0e3de600 : setSystemTargetUUID will use / as the target
0e3de600 : Found update container: LPAPFSContainer: AppleAPFSMedia, UUID: C423623B-8279-4D1C-AE12-20702CC1C05E
0e3de600 : Found update volume: LPAPFSVolume: Update, Mount: /System/Volumes/Update
0e3de600 : Will open restore file at: /System/Volumes/Update/restore.log
17b1e600 : setSystemTargetUUID will use / as the target
17b1e600 : Found update container: LPAPFSContainer: AppleAPFSMedia, UUID: C423623B-8279-4D1C-AE12-20702CC1C05E
17b1e600 : Found update volume: LPAPFSVolume: Update, Mount: /System/Volumes/Update
17b1e600 : Will open restore file at: /System/Volumes/Update/restore.log
0fce7600 : setSystemTargetUUID will use / as the target
0fce7600 : Found update container: LPAPFSContainer: AppleAPFSMedia, UUID: C423623B-8279-4D1C-AE12-20702CC1C05E
0fce7600 : Found update volume: LPAPFSVolume: Update, Mount: /System/Volumes/Update
0fce7600 : Will open restore file at: /System/Volumes/Update/restore.log
1756c600 : setSystemTargetUUID will use / as the target
1756c600 : Found update container: LPAPFSContainer: AppleAPFSMedia, UUID: C423623B-8279-4D1C-AE12-20702CC1C05E
1756c600 : Found update volume: LPAPFSVolume: Update, Mount: /System/Volumes/Update
1756c600 : Will open restore file at: /System/Volumes/Update/restore.log
055c9600 : setSystemTargetUUID will use / as the target
055c9600 : Found update container: LPAPFSContainer: AppleAPFSMedia, UUID: C423623B-8279-4D1C-AE12-20702CC1C05E
055c9600 : Found update volume: LPAPFSVolume: Update, Mount: /System/Volumes/Update
055c9600 : Will open restore file at: /System/Volumes/Update/restore.log
11f8b600 : setSystemTargetUUID will use / as the target
11f8b600 : Found update container: LPAPFSContainer: AppleAPFSMedia, UUID: C423623B-8279-4D1C-AE12-20702CC1C05E
11f8b600 : Found update volume: LPAPFSVolume: Update, Mount: /System/Volumes/Update
11f8b600 : Will open restore file at: /System/Volumes/Update/restore.log
12700600 : setSystemTargetUUID will use / as the target
12700600 : Found update container: LPAPFSContainer: AppleAPFSMedia, UUID: C423623B-8279-4D1C-AE12-20702CC1C05E
12700600 : Found update volume: LPAPFSVolume: Update, Mount: /System/Volumes/Update
12700600 : Will open restore file at: /System/Volumes/Update/restore.log
15d37600 : setSystemTargetUUID will use / as the target
15d37600 : Found update container: LPAPFSContainer: AppleAPFSMedia, UUID: C423623B-8279-4D1C-AE12-20702CC1C05E
15d37600 : Found update volume: LPAPFSVolume: Update, Mount: /System/Volumes/Update
15d37600 : Will open restore file at: /System/Volumes/Update/restore.log
1582c600 : setSystemTargetUUID will use / as the target
1582c600 : Found update container: LPAPFSContainer: AppleAPFSMedia, UUID: C423623B-8279-4D1C-AE12-20702CC1C05E
1582c600 : Found update volume: LPAPFSVolume: Update, Mount: /System/Volumes/Update
1582c600 : Will open restore file at: /System/Volumes/Update/restore.log
048d9600 : setSystemTargetUUID will use / as the target
048d9600 : Found update container: LPAPFSContainer: AppleAPFSMedia, UUID: C423623B-8279-4D1C-AE12-20702CC1C05E
048d9600 : Found update volume: LPAPFSVolume: Update, Mount: /System/Volumes/Update
048d9600 : Will open restore file at: /System/Volumes/Update/restore.log
11b34600 : setSystemTargetUUID will use / as the target
11b34600 : Found update container: LPAPFSContainer: AppleAPFSMedia, UUID: C423623B-8279-4D1C-AE12-20702CC1C05E
11b34600 : Found update volume: LPAPFSVolume: Update, Mount: /System/Volumes/Update
11b34600 : Will open restore file at: /System/Volumes/Update/restore.log
12ea3600 : setSystemTargetUUID will use / as the target
12ea3600 : Found update container: LPAPFSContainer: AppleAPFSMedia, UUID: C423623B-8279-4D1C-AE12-20702CC1C05E
12ea3600 : Found update volume: LPAPFSVolume: Update, Mount: /System/Volumes/Update
12ea3600 : Will open restore file at: /System/Volumes/Update/restore.log
1de06600 : setSystemTargetUUID will use / as the target
1de06600 : Found update container: LPAPFSContainer: AppleAPFSMedia, UUID: C423623B-8279-4D1C-AE12-20702CC1C05E
1de06600 : Found update volume: LPAPFSVolume: Update, Mount: /System/Volumes/Update
1de06600 : Will open restore file at: /System/Volumes/Update/restore.log
06cd4600 : setSystemTargetUUID will use / as the target
06cd4600 : Found update container: LPAPFSContainer: AppleAPFSMedia, UUID: C423623B-8279-4D1C-AE12-20702CC1C05E
06cd4600 : Found update volume: LPAPFSVolume: Update, Mount: /System/Volumes/Update
06cd4600 : Will open restore file at: /System/Volumes/Update/restore.log
18b16600 : setSystemTargetUUID will use / as the target
18b16600 : Found update container: LPAPFSContainer: AppleAPFSMedia, UUID: C423623B-8279-4D1C-AE12-20702CC1C05E
18b16600 : Found update volume: LPAPFSVolume: Update, Mount: /System/Volumes/Update
18b16600 : Will open restore file at: /System/Volumes/Update/restore.log
1728e600 : setSystemTargetUUID will use / as the target
1728e600 : Found update container: LPAPFSContainer: AppleAPFSMedia, UUID: C423623B-8279-4D1C-AE12-20702CC1C05E
1728e600 : Found update volume: LPAPFSVolume: Update, Mount: /System/Volumes/Update
1728e600 : Will open restore file at: /System/Volumes/Update/restore.log
0ec81600 : setSystemTargetUUID will use / as the target
0ec81600 : Found update container: LPAPFSContainer: AppleAPFSMedia, UUID: C423623B-8279-4D1C-AE12-20702CC1C05E
0ec81600 : Found update volume: LPAPFSVolume: Update, Mount: /System/Volumes/Update
0ec81600 : Will open restore file at: /System/Volumes/Update/restore.log
13b40600 : setSystemTargetUUID will use / as the target
13b40600 : Found update container: LPAPFSContainer: AppleAPFSMedia, UUID: C423623B-8279-4D1C-AE12-20702CC1C05E
13b40600 : Found update volume: LPAPFSVolume: Update, Mount: /System/Volumes/Update
13b40600 : Will open restore file at: /System/Volumes/Update/restore.log
07e6d600 : setSystemTargetUUID will use / as the target
07e6d600 : Found update container: LPAPFSContainer: AppleAPFSMedia, UUID: C423623B-8279-4D1C-AE12-20702CC1C05E
07e6d600 : Found update volume: LPAPFSVolume: Update, Mount: /System/Volumes/Update
07e6d600 : Will open restore file at: /System/Volumes/Update/restore.log
0c95a600 : setSystemTargetUUID will use / as the target
0c95a600 : Found update container: LPAPFSContainer: AppleAPFSMedia, UUID: C423623B-8279-4D1C-AE12-20702CC1C05E
0c95a600 : Found update volume: LPAPFSVolume: Update, Mount: /System/Volumes/Update
0c95a600 : Will open restore file at: /System/Volumes/Update/restore.log
0edfe600 : setSystemTargetUUID will use / as the target
0edfe600 : Found update container: LPAPFSContainer: AppleAPFSMedia, UUID: C423623B-8279-4D1C-AE12-20702CC1C05E
0edfe600 : Found update volume: LPAPFSVolume: Update, Mount: /System/Volumes/Update
0edfe600 : Will open restore file at: /System/Volumes/Update/restore.log
0daa6600 : setSystemTargetUUID will use / as the target
0daa6600 : Found update container: LPAPFSContainer: AppleAPFSMedia, UUID: C423623B-8279-4D1C-AE12-20702CC1C05E
0daa6600 : Found update volume: LPAPFSVolume: Update, Mount: /System/Volumes/Update
0daa6600 : Will open restore file at: /System/Volumes/Update/restore.log
085d3600 : setSystemTargetUUID will use / as the target
085d3600 : Found update container: LPAPFSContainer: AppleAPFSMedia, UUID: C423623B-8279-4D1C-AE12-20702CC1C05E
085d3600 : Found update volume: LPAPFSVolume: Update, Mount: /System/Volumes/Update
085d3600 : Will open restore file at: /System/Volumes/Update/restore.log
15191600 : setSystemTargetUUID will use / as the target
15191600 : Found update container: LPAPFSContainer: AppleAPFSMedia, UUID: C423623B-8279-4D1C-AE12-20702CC1C05E
15191600 : Found update volume: LPAPFSVolume: Update, Mount: /System/Volumes/Update
15191600 : Will open restore file at: /System/Volumes/Update/restore.log
05107600 : setSystemTargetUUID will use / as the target
05107600 : Found update container: LPAPFSContainer: AppleAPFSMedia, UUID: C423623B-8279-4D1C-AE12-20702CC1C05E
05107600 : Found update volume: LPAPFSVolume: Update, Mount: /System/Volumes/Update
05107600 : Will open restore file at: /System/Volumes/Update/restore.log
106c5600 : setSystemTargetUUID will use / as the target
106c5600 : Found update container: LPAPFSContainer: AppleAPFSMedia, UUID: C423623B-8279-4D1C-AE12-20702CC1C05E
106c5600 : Found update volume: LPAPFSVolume: Update, Mount: /System/Volumes/Update
106c5600 : Will open restore file at: /System/Volumes/Update/restore.log
0967f600 : setSystemTargetUUID will use / as the target
0967f600 : Found update container: LPAPFSContainer: AppleAPFSMedia, UUID: C423623B-8279-4D1C-AE12-20702CC1C05E
0967f600 : Found update volume: LPAPFSVolume: Update, Mount: /System/Volumes/Update
0967f600 : Will open restore file at: /System/Volumes/Update/restore.log
13652600 : setSystemTargetUUID will use / as the target
13652600 : Found update container: LPAPFSContainer: AppleAPFSMedia, UUID: C423623B-8279-4D1C-AE12-20702CC1C05E
13652600 : Found update volume: LPAPFSVolume: Update, Mount: /System/Volumes/Update
13652600 : Will open restore file at: /System/Volumes/Update/restore.log
0530f600 : setSystemTargetUUID will use / as the target
0530f600 : Found update container: LPAPFSContainer: AppleAPFSMedia, UUID: C423623B-8279-4D1C-AE12-20702CC1C05E
0530f600 : Found update volume: LPAPFSVolume: Update, Mount: /System/Volumes/Update
0530f600 : Will open restore file at: /System/Volumes/Update/restore.log
067bc600 : setSystemTargetUUID will use / as the target
067bc600 : Found update container: LPAPFSContainer: AppleAPFSMedia, UUID: C423623B-8279-4D1C-AE12-20702CC1C05E
067bc600 : Found update volume: LPAPFSVolume: Update, Mount: /System/Volumes/Update
067bc600 : Will open restore file at: /System/Volumes/Update/restore.log
0bbfc600 : setSystemTargetUUID will use / as the target
0bbfc600 : Found update container: LPAPFSContainer: AppleAPFSMedia, UUID: C423623B-8279-4D1C-AE12-20702CC1C05E
0bbfc600 : Found update volume: LPAPFSVolume: Update, Mount: /System/Volumes/Update
0bbfc600 : Will open restore file at: /System/Volumes/Update/restore.log
0efce600 : setSystemTargetUUID will use / as the target
0efce600 : Found update container: LPAPFSContainer: AppleAPFSMedia, UUID: C423623B-8279-4D1C-AE12-20702CC1C05E
0efce600 : Found update volume: LPAPFSVolume: Update, Mount: /System/Volumes/Update
0efce600 : Will open restore file at: /System/Volumes/Update/restore.log
0c37b600 : setSystemTargetUUID will use / as the target
0c37b600 : Found update container: LPAPFSContainer: AppleAPFSMedia, UUID: C423623B-8279-4D1C-AE12-20702CC1C05E
0c37b600 : Found update volume: LPAPFSVolume: Update, Mount: /System/Volumes/Update
0c37b600 : Will open restore file at: /System/Volumes/Update/restore.log
0d97b600 : setSystemTargetUUID will use / as the target
0d97b600 : Found update container: LPAPFSContainer: AppleAPFSMedia, UUID: C423623B-8279-4D1C-AE12-20702CC1C05E
0d97b600 : Found update volume: LPAPFSVolume: Update, Mount: /System/Volumes/Update
0d97b600 : Will open restore file at: /System/Volumes/Update/restore.log
13e76600 : setSystemTargetUUID will use / as the target
13e76600 : Found update container: LPAPFSContainer: AppleAPFSMedia, UUID: C423623B-8279-4D1C-AE12-20702CC1C05E
13e76600 : Found update volume: LPAPFSVolume: Update, Mount: /System/Volumes/Update
13e76600 : Will open restore file at: /System/Volumes/Update/restore.log
0c97f600 : setSystemTargetUUID will use / as the target
0c97f600 : Found update container: LPAPFSContainer: AppleAPFSMedia, UUID: C423623B-8279-4D1C-AE12-20702CC1C05E
0c97f600 : Found update volume: LPAPFSVolume: Update, Mount: /System/Volumes/Update
0c97f600 : Will open restore file at: /System/Volumes/Update/restore.log
114fc600 : setSystemTargetUUID will use / as the target
114fc600 : Found update container: LPAPFSContainer: AppleAPFSMedia, UUID: C423623B-8279-4D1C-AE12-20702CC1C05E
114fc600 : Found update volume: LPAPFSVolume: Update, Mount: /System/Volumes/Update
114fc600 : Will open restore file at: /System/Volumes/Update/restore.log
1480a600 : setSystemTargetUUID will use / as the target
1480a600 : Found update container: LPAPFSContainer: AppleAPFSMedia, UUID: C423623B-8279-4D1C-AE12-20702CC1C05E
1480a600 : Found update volume: LPAPFSVolume: Update, Mount: /System/Volumes/Update
1480a600 : Will open restore file at: /System/Volumes/Update/restore.log
0f687600 : setSystemTargetUUID will use / as the target
0f687600 : Found update container: LPAPFSContainer: AppleAPFSMedia, UUID: C423623B-8279-4D1C-AE12-20702CC1C05E
0f687600 : Found update volume: LPAPFSVolume: Update, Mount: /System/Volumes/Update
0f687600 : Will open restore file at: /System/Volumes/Update/restore.log
08dc6600 : setSystemTargetUUID will use / as the target
08dc6600 : Found update container: LPAPFSContainer: AppleAPFSMedia, UUID: C423623B-8279-4D1C-AE12-20702CC1C05E
08dc6600 : Found update volume: LPAPFSVolume: Update, Mount: /System/Volumes/Update
08dc6600 : Will open restore file at: /System/Volumes/Update/restore.log
040fa600 : setSystemTargetUUID will use / as the target
040fa600 : Found update container: LPAPFSContainer: AppleAPFSMedia, UUID: C423623B-8279-4D1C-AE12-20702CC1C05E
040fa600 : Found update volume: LPAPFSVolume: Update, Mount: /System/Volumes/Update
040fa600 : Will open restore file at: /System/Volumes/Update/restore.log
09c4f600 : setSystemTargetUUID will use / as the target
09c4f600 : Found update container: LPAPFSContainer: AppleAPFSMedia, UUID: C423623B-8279-4D1C-AE12-20702CC1C05E
09c4f600 : Found update volume: LPAPFSVolume: Update, Mount: /System/Volumes/Update
09c4f600 : Will open restore file at: /System/Volumes/Update/restore.log
02559600 : setSystemTargetUUID will use / as the target
02559600 : Found update container: LPAPFSContainer: AppleAPFSMedia, UUID: C423623B-8279-4D1C-AE12-20702CC1C05E
02559600 : Found update volume: LPAPFSVolume: Update, Mount: /System/Volumes/Update
02559600 : Will open restore file at: /System/Volumes/Update/restore.log
1dbea600 : setSystemTargetUUID will use / as the target
1dbea600 : Found update container: LPAPFSContainer: AppleAPFSMedia, UUID: C423623B-8279-4D1C-AE12-20702CC1C05E
1dbea600 : Found update volume: LPAPFSVolume: Update, Mount: /System/Volumes/Update
1dbea600 : Will open restore file at: /System/Volumes/Update/restore.log
09179600 : setSystemTargetUUID will use / as the target
09179600 : Found update container: LPAPFSContainer: AppleAPFSMedia, UUID: C423623B-8279-4D1C-AE12-20702CC1C05E
09179600 : Found update volume: LPAPFSVolume: Update, Mount: /System/Volumes/Update
09179600 : Will open restore file at: /System/Volumes/Update/restore.log
0c3c5600 : setSystemTargetUUID will use / as the target
0c3c5600 : Found update container: LPAPFSContainer: AppleAPFSMedia, UUID: C423623B-8279-4D1C-AE12-20702CC1C05E
0c3c5600 : Found update volume: LPAPFSVolume: Update, Mount: /System/Volumes/Update
0c3c5600 : Will open restore file at: /System/Volumes/Update/restore.log
05f1c600 : setSystemTargetUUID will use / as the target
05f1c600 : Found update container: LPAPFSContainer: AppleAPFSMedia, UUID: C423623B-8279-4D1C-AE12-20702CC1C05E
05f1c600 : Found update volume: LPAPFSVolume: Update, Mount: /System/Volumes/Update
05f1c600 : Will open restore file at: /System/Volumes/Update/restore.log
145d4600 : setSystemTargetUUID will use / as the target
145d4600 : Found update container: LPAPFSContainer: AppleAPFSMedia, UUID: C423623B-8279-4D1C-AE12-20702CC1C05E
145d4600 : Found update volume: LPAPFSVolume: Update, Mount: /System/Volumes/Update
145d4600 : Will open restore file at: /System/Volumes/Update/restore.log
155b4600 : setSystemTargetUUID will use / as the target
155b4600 : Found update container: LPAPFSContainer: AppleAPFSMedia, UUID: C423623B-8279-4D1C-AE12-20702CC1C05E
155b4600 : Found update volume: LPAPFSVolume: Update, Mount: /System/Volumes/Update
155b4600 : Will open restore file at: /System/Volumes/Update/restore.log
09b34600 : setSystemTargetUUID will use / as the target
09b34600 : Found update container: LPAPFSContainer: AppleAPFSMedia, UUID: C423623B-8279-4D1C-AE12-20702CC1C05E
09b34600 : Found update volume: LPAPFSVolume: Update, Mount: /System/Volumes/Update
09b34600 : Will open restore file at: /System/Volumes/Update/restore.log
0ee6e600 : setSystemTargetUUID will use / as the target
0ee6e600 : Found update container: LPAPFSContainer: AppleAPFSMedia, UUID: C423623B-8279-4D1C-AE12-20702CC1C05E
0ee6e600 : Found update volume: LPAPFSVolume: Update, Mount: /System/Volumes/Update
0ee6e600 : Will open restore file at: /System/Volumes/Update/restore.log
0912b600 : setSystemTargetUUID will use / as the target
0912b600 : Found update container: LPAPFSContainer: AppleAPFSMedia, UUID: C423623B-8279-4D1C-AE12-20702CC1C05E
0912b600 : Found update volume: LPAPFSVolume: Update, Mount: /System/Volumes/Update
0912b600 : Will open restore file at: /System/Volumes/Update/restore.log
0af97600 : setSystemTargetUUID will use / as the target
0af97600 : Found update container: LPAPFSContainer: AppleAPFSMedia, UUID: C423623B-8279-4D1C-AE12-20702CC1C05E
0af97600 : Found update volume: LPAPFSVolume: Update, Mount: /System/Volumes/Update
0af97600 : Will open restore file at: /System/Volumes/Update/restore.log
162cb600 : setSystemTargetUUID will use / as the target
162cb600 : Found update container: LPAPFSContainer: AppleAPFSMedia, UUID: C423623B-8279-4D1C-AE12-20702CC1C05E
162cb600 : Found update volume: LPAPFSVolume: Update, Mount: /System/Volumes/Update
162cb600 : Will open restore file at: /System/Volumes/Update/restore.log
08b70600 : setSystemTargetUUID will use / as the target
08b70600 : Found update container: LPAPFSContainer: AppleAPFSMedia, UUID: C423623B-8279-4D1C-AE12-20702CC1C05E
08b70600 : Found update volume: LPAPFSVolume: Update, Mount: /System/Volumes/Update
08b70600 : Will open restore file at: /System/Volumes/Update/restore.log
11d6a600 : setSystemTargetUUID will use / as the target
11d6a600 : Found update container: LPAPFSContainer: AppleAPFSMedia, UUID: C423623B-8279-4D1C-AE12-20702CC1C05E
11d6a600 : Found update volume: LPAPFSVolume: Update, Mount: /System/Volumes/Update
11d6a600 : Will open restore file at: /System/Volumes/Update/restore.log
0837f600 : setSystemTargetUUID will use / as the target
0837f600 : Found update container: LPAPFSContainer: AppleAPFSMedia, UUID: C423623B-8279-4D1C-AE12-20702CC1C05E
0837f600 : Found update volume: LPAPFSVolume: Update, Mount: /System/Volumes/Update
0837f600 : Will open restore file at: /System/Volumes/Update/restore.log
0e8f3600 : setSystemTargetUUID will use / as the target
0e8f3600 : Found update container: LPAPFSContainer: AppleAPFSMedia, UUID: C423623B-8279-4D1C-AE12-20702CC1C05E
0e8f3600 : Found update volume: LPAPFSVolume: Update, Mount: /System/Volumes/Update
0e8f3600 : Will open restore file at: /System/Volumes/Update/restore.log
0c3b4600 : setSystemTargetUUID will use / as the target
0c3b4600 : Found update container: LPAPFSContainer: AppleAPFSMedia, UUID: C423623B-8279-4D1C-AE12-20702CC1C05E
0c3b4600 : Found update volume: LPAPFSVolume: Update, Mount: /System/Volumes/Update
0c3b4600 : Will open restore file at: /System/Volumes/Update/restore.log
0b507600 : setSystemTargetUUID will use / as the target
0b507600 : Found update container: LPAPFSContainer: AppleAPFSMedia, UUID: C423623B-8279-4D1C-AE12-20702CC1C05E
0b507600 : Found update volume: LPAPFSVolume: Update, Mount: /System/Volumes/Update
0b507600 : Will open restore file at: /System/Volumes/Update/restore.log
0b8d1600 : setSystemTargetUUID will use / as the target
0b8d1600 : Found update container: LPAPFSContainer: AppleAPFSMedia, UUID: C423623B-8279-4D1C-AE12-20702CC1C05E
0b8d1600 : Found update volume: LPAPFSVolume: Update, Mount: /System/Volumes/Update
0b8d1600 : Will open restore file at: /System/Volumes/Update/restore.log
04c7e600 : setSystemTargetUUID will use / as the target
04c7e600 : Found update container: LPAPFSContainer: AppleAPFSMedia, UUID: C423623B-8279-4D1C-AE12-20702CC1C05E
04c7e600 : Found update volume: LPAPFSVolume: Update, Mount: /System/Volumes/Update
04c7e600 : Will open restore file at: /System/Volumes/Update/restore.log
0724b600 : setSystemTargetUUID will use / as the target
0724b600 : Found update container: LPAPFSContainer: AppleAPFSMedia, UUID: C423623B-8279-4D1C-AE12-20702CC1C05E
0724b600 : Found update volume: LPAPFSVolume: Update, Mount: /System/Volumes/Update
0724b600 : Will open restore file at: /System/Volumes/Update/restore.log
141ff600 : setSystemTargetUUID will use / as the target
141ff600 : Found update container: LPAPFSContainer: AppleAPFSMedia, UUID: C423623B-8279-4D1C-AE12-20702CC1C05E
141ff600 : Found update volume: LPAPFSVolume: Update, Mount: /System/Volumes/Update
141ff600 : Will open restore file at: /System/Volumes/Update/restore.log
1adf6600 : setSystemTargetUUID will use / as the target
1adf6600 : Found update container: LPAPFSContainer: AppleAPFSMedia, UUID: C423623B-8279-4D1C-AE12-20702CC1C05E
1adf6600 : Found update volume: LPAPFSVolume: Update, Mount: /System/Volumes/Update
1adf6600 : Will open restore file at: /System/Volumes/Update/restore.log
0c7a3600 : setSystemTargetUUID will use / as the target
0c7a3600 : Found update container: LPAPFSContainer: AppleAPFSMedia, UUID: C423623B-8279-4D1C-AE12-20702CC1C05E
0c7a3600 : Found update volume: LPAPFSVolume: Update, Mount: /System/Volumes/Update
0c7a3600 : Will open restore file at: /System/Volumes/Update/restore.log
0a8b2600 : setSystemTargetUUID will use / as the target
0a8b2600 : Found update container: LPAPFSContainer: AppleAPFSMedia, UUID: C423623B-8279-4D1C-AE12-20702CC1C05E
0a8b2600 : Found update volume: LPAPFSVolume: Update, Mount: /System/Volumes/Update
0a8b2600 : Will open restore file at: /System/Volumes/Update/restore.log
0e471600 : setSystemTargetUUID will use / as the target
0e471600 : Found update container: LPAPFSContainer: AppleAPFSMedia, UUID: C423623B-8279-4D1C-AE12-20702CC1C05E
0e471600 : Found update volume: LPAPFSVolume: Update, Mount: /System/Volumes/Update
0e471600 : Will open restore file at: /System/Volumes/Update/restore.log
0dcce600 : setSystemTargetUUID will use / as the target
0dcce600 : Found update container: LPAPFSContainer: AppleAPFSMedia, UUID: C423623B-8279-4D1C-AE12-20702CC1C05E
0dcce600 : Found update volume: LPAPFSVolume: Update, Mount: /System/Volumes/Update
0dcce600 : Will open restore file at: /System/Volumes/Update/restore.log
13427600 : setSystemTargetUUID will use / as the target
13427600 : Found update container: LPAPFSContainer: AppleAPFSMedia, UUID: C423623B-8279-4D1C-AE12-20702CC1C05E
13427600 : Found update volume: LPAPFSVolume: Update, Mount: /System/Volumes/Update
13427600 : Will open restore file at: /System/Volumes/Update/restore.log
0b5d3600 : setSystemTargetUUID will use / as the target
0b5d3600 : Found update container: LPAPFSContainer: AppleAPFSMedia, UUID: C423623B-8279-4D1C-AE12-20702CC1C05E
0b5d3600 : Found update volume: LPAPFSVolume: Update, Mount: /System/Volumes/Update
0b5d3600 : Will open restore file at: /System/Volumes/Update/restore.log
104c9600 : setSystemTargetUUID will use / as the target
104c9600 : Found update container: LPAPFSContainer: AppleAPFSMedia, UUID: C423623B-8279-4D1C-AE12-20702CC1C05E
104c9600 : Found update volume: LPAPFSVolume: Update, Mount: /System/Volumes/Update
104c9600 : Will open restore file at: /System/Volumes/Update/restore.log
1ba96600 : setSystemTargetUUID will use / as the target
1ba96600 : Found update container: LPAPFSContainer: AppleAPFSMedia, UUID: C423623B-8279-4D1C-AE12-20702CC1C05E
1ba96600 : Found update volume: LPAPFSVolume: Update, Mount: /System/Volumes/Update
1ba96600 : Will open restore file at: /System/Volumes/Update/restore.log
14a78600 : setSystemTargetUUID will use / as the target
14a78600 : Found update container: LPAPFSContainer: AppleAPFSMedia, UUID: C423623B-8279-4D1C-AE12-20702CC1C05E
14a78600 : Found update volume: LPAPFSVolume: Update, Mount: /System/Volumes/Update
14a78600 : Will open restore file at: /System/Volumes/Update/restore.log
132b2600 : setSystemTargetUUID will use / as the target
132b2600 : Found update container: LPAPFSContainer: AppleAPFSMedia, UUID: C423623B-8279-4D1C-AE12-20702CC1C05E
132b2600 : Found update volume: LPAPFSVolume: Update, Mount: /System/Volumes/Update
132b2600 : Will open restore file at: /System/Volumes/Update/restore.log
19db1600 : setSystemTargetUUID will use / as the target
19db1600 : Found update container: LPAPFSContainer: AppleAPFSMedia, UUID: C423623B-8279-4D1C-AE12-20702CC1C05E
19db1600 : Found update volume: LPAPFSVolume: Update, Mount: /System/Volumes/Update
19db1600 : Will open restore file at: /System/Volumes/Update/restore.log
05706600 : setSystemTargetUUID will use / as the target
05706600 : Found update container: LPAPFSContainer: AppleAPFSMedia, UUID: C423623B-8279-4D1C-AE12-20702CC1C05E
05706600 : Found update volume: LPAPFSVolume: Update, Mount: /System/Volumes/Update
05706600 : Will open restore file at: /System/Volumes/Update/restore.log
06c86600 : setSystemTargetUUID will use / as the target
06c86600 : Found update container: LPAPFSContainer: AppleAPFSMedia, UUID: C423623B-8279-4D1C-AE12-20702CC1C05E
06c86600 : Found update volume: LPAPFSVolume: Update, Mount: /System/Volumes/Update
06c86600 : Will open restore file at: /System/Volumes/Update/restore.log
0d48a600 : setSystemTargetUUID will use / as the target
0d48a600 : Found update container: LPAPFSContainer: AppleAPFSMedia, UUID: C423623B-8279-4D1C-AE12-20702CC1C05E
0d48a600 : Found update volume: LPAPFSVolume: Update, Mount: /System/Volumes/Update
0d48a600 : Will open restore file at: /System/Volumes/Update/restore.log
1cef8600 : setSystemTargetUUID will use / as the target
1cef8600 : Found update container: LPAPFSContainer: AppleAPFSMedia, UUID: C423623B-8279-4D1C-AE12-20702CC1C05E
1cef8600 : Found update volume: LPAPFSVolume: Update, Mount: /System/Volumes/Update
1cef8600 : Will open restore file at: /System/Volumes/Update/restore.log
195ce600 : setSystemTargetUUID will use / as the target
195ce600 : Found update container: LPAPFSContainer: AppleAPFSMedia, UUID: C423623B-8279-4D1C-AE12-20702CC1C05E
195ce600 : Found update volume: LPAPFSVolume: Update, Mount: /System/Volumes/Update
195ce600 : Will open restore file at: /System/Volumes/Update/restore.log
09f4e600 : setSystemTargetUUID will use / as the target
09f4e600 : Found update container: LPAPFSContainer: AppleAPFSMedia, UUID: C423623B-8279-4D1C-AE12-20702CC1C05E
09f4e600 : Found update volume: LPAPFSVolume: Update, Mount: /System/Volumes/Update
09f4e600 : Will open restore file at: /System/Volumes/Update/restore.log
13214600 : setSystemTargetUUID will use / as the target
13214600 : Found update container: LPAPFSContainer: AppleAPFSMedia, UUID: C423623B-8279-4D1C-AE12-20702CC1C05E
13214600 : Found update volume: LPAPFSVolume: Update, Mount: /System/Volumes/Update
13214600 : Will open restore file at: /System/Volumes/Update/restore.log
12ea1600 : setSystemTargetUUID will use / as the target
12ea1600 : Found update container: LPAPFSContainer: AppleAPFSMedia, UUID: C423623B-8279-4D1C-AE12-20702CC1C05E
12ea1600 : Found update volume: LPAPFSVolume: Update, Mount: /System/Volumes/Update
12ea1600 : Will open restore file at: /System/Volumes/Update/restore.log
18377600 : setSystemTargetUUID will use / as the target
18377600 : Found update container: LPAPFSContainer: AppleAPFSMedia, UUID: C423623B-8279-4D1C-AE12-20702CC1C05E
18377600 : Found update volume: LPAPFSVolume: Update, Mount: /System/Volumes/Update
18377600 : Will open restore file at: /System/Volumes/Update/restore.log
1185d600 : setSystemTargetUUID will use / as the target
1185d600 : Found update container: LPAPFSContainer: AppleAPFSMedia, UUID: C423623B-8279-4D1C-AE12-20702CC1C05E
1185d600 : Found update volume: LPAPFSVolume: Update, Mount: /System/Volumes/Update
1185d600 : Will open restore file at: /System/Volumes/Update/restore.log
10722600 : setSystemTargetUUID will use / as the target
10722600 : Found update container: LPAPFSContainer: AppleAPFSMedia, UUID: C423623B-8279-4D1C-AE12-20702CC1C05E
10722600 : Found update volume: LPAPFSVolume: Update, Mount: /System/Volumes/Update
10722600 : Will open restore file at: /System/Volumes/Update/restore.log
0802f600 : setSystemTargetUUID will use / as the target
0802f600 : Found update container: LPAPFSContainer: AppleAPFSMedia, UUID: C423623B-8279-4D1C-AE12-20702CC1C05E
0802f600 : Found update volume: LPAPFSVolume: Update, Mount: /System/Volumes/Update
0802f600 : Will open restore file at: /System/Volumes/Update/restore.log
0efd4600 : setSystemTargetUUID will use / as the target
0efd4600 : Found update container: LPAPFSContainer: AppleAPFSMedia, UUID: C423623B-8279-4D1C-AE12-20702CC1C05E
0efd4600 : Found update volume: LPAPFSVolume: Update, Mount: /System/Volumes/Update
0efd4600 : Will open restore file at: /System/Volumes/Update/restore.log
0ca64600 : setSystemTargetUUID will use / as the target
0ca64600 : Found update container: LPAPFSContainer: AppleAPFSMedia, UUID: C423623B-8279-4D1C-AE12-20702CC1C05E
0ca64600 : Found update volume: LPAPFSVolume: Update, Mount: /System/Volumes/Update
0ca64600 : Will open restore file at: /System/Volumes/Update/restore.log
1bc39600 : setSystemTargetUUID will use / as the target
1bc39600 : Found update container: LPAPFSContainer: AppleAPFSMedia, UUID: C423623B-8279-4D1C-AE12-20702CC1C05E
1bc39600 : Found update volume: LPAPFSVolume: Update, Mount: /System/Volumes/Update
1bc39600 : Will open restore file at: /System/Volumes/Update/restore.log
1287a600 : setSystemTargetUUID will use / as the target
1287a600 : Found update container: LPAPFSContainer: AppleAPFSMedia, UUID: C423623B-8279-4D1C-AE12-20702CC1C05E
1287a600 : Found update volume: LPAPFSVolume: Update, Mount: /System/Volumes/Update
1287a600 : Will open restore file at: /System/Volumes/Update/restore.log
13211600 : setSystemTargetUUID will use / as the target
13211600 : Found update container: LPAPFSContainer: AppleAPFSMedia, UUID: C423623B-8279-4D1C-AE12-20702CC1C05E
13211600 : Found update volume: LPAPFSVolume: Update, Mount: /System/Volumes/Update
13211600 : Will open restore file at: /System/Volumes/Update/restore.log
1a559600 : setSystemTargetUUID will use / as the target
1a559600 : Found update container: LPAPFSContainer: AppleAPFSMedia, UUID: C423623B-8279-4D1C-AE12-20702CC1C05E
1a559600 : Found update volume: LPAPFSVolume: Update, Mount: /System/Volumes/Update
1a559600 : Will open restore file at: /System/Volumes/Update/restore.log
14037600 : setSystemTargetUUID will use / as the target
14037600 : Found update container: LPAPFSContainer: AppleAPFSMedia, UUID: C423623B-8279-4D1C-AE12-20702CC1C05E
14037600 : Found update volume: LPAPFSVolume: Update, Mount: /System/Volumes/Update
14037600 : Will open restore file at: /System/Volumes/Update/restore.log
0fb80600 : setSystemTargetUUID will use / as the target
0fb80600 : Found update container: LPAPFSContainer: AppleAPFSMedia, UUID: C423623B-8279-4D1C-AE12-20702CC1C05E
0fb80600 : Found update volume: LPAPFSVolume: Update, Mount: /System/Volumes/Update
0fb80600 : Will open restore file at: /System/Volumes/Update/restore.log
06245600 : setSystemTargetUUID will use / as the target
06245600 : Found update container: LPAPFSContainer: AppleAPFSMedia, UUID: C423623B-8279-4D1C-AE12-20702CC1C05E
06245600 : Found update volume: LPAPFSVolume: Update, Mount: /System/Volumes/Update
06245600 : Will open restore file at: /System/Volumes/Update/restore.log
13a64600 : setSystemTargetUUID will use / as the target
13a64600 : Found update container: LPAPFSContainer: AppleAPFSMedia, UUID: C423623B-8279-4D1C-AE12-20702CC1C05E
13a64600 : Found update volume: LPAPFSVolume: Update, Mount: /System/Volumes/Update
13a64600 : Will open restore file at: /System/Volumes/Update/restore.log
0ecf3600 : setSystemTargetUUID will use / as the target
0ecf3600 : Found update container: LPAPFSContainer: AppleAPFSMedia, UUID: C423623B-8279-4D1C-AE12-20702CC1C05E
0ecf3600 : Found update volume: LPAPFSVolume: Update, Mount: /System/Volumes/Update
0ecf3600 : Will open restore file at: /System/Volumes/Update/restore.log
0a5cb600 : setSystemTargetUUID will use / as the target
0a5cb600 : Found update container: LPAPFSContainer: AppleAPFSMedia, UUID: C423623B-8279-4D1C-AE12-20702CC1C05E
0a5cb600 : Found update volume: LPAPFSVolume: Update, Mount: /System/Volumes/Update
0a5cb600 : Will open restore file at: /System/Volumes/Update/restore.log
0fed5600 : setSystemTargetUUID will use / as the target
0fed5600 : Found update container: LPAPFSContainer: AppleAPFSMedia, UUID: C423623B-8279-4D1C-AE12-20702CC1C05E
0fed5600 : Found update volume: LPAPFSVolume: Update, Mount: /System/Volumes/Update
0fed5600 : Will open restore file at: /System/Volumes/Update/restore.log
0df15600 : setSystemTargetUUID will use / as the target
0df15600 : Found update container: LPAPFSContainer: AppleAPFSMedia, UUID: C423623B-8279-4D1C-AE12-20702CC1C05E
0df15600 : Found update volume: LPAPFSVolume: Update, Mount: /System/Volumes/Update
0df15600 : Will open restore file at: /System/Volumes/Update/restore.log
16248600 : setSystemTargetUUID will use / as the target
16248600 : Found update container: LPAPFSContainer: AppleAPFSMedia, UUID: C423623B-8279-4D1C-AE12-20702CC1C05E
16248600 : Found update volume: LPAPFSVolume: Update, Mount: /System/Volumes/Update
16248600 : Will open restore file at: /System/Volumes/Update/restore.log
126ff600 : setSystemTargetUUID will use / as the target
126ff600 : Found update container: LPAPFSContainer: AppleAPFSMedia, UUID: C423623B-8279-4D1C-AE12-20702CC1C05E
126ff600 : Found update volume: LPAPFSVolume: Update, Mount: /System/Volumes/Update
126ff600 : Will open restore file at: /System/Volumes/Update/restore.log
11b77600 : setSystemTargetUUID will use / as the target
11b77600 : Found update container: LPAPFSContainer: AppleAPFSMedia, UUID: C423623B-8279-4D1C-AE12-20702CC1C05E
11b77600 : Found update volume: LPAPFSVolume: Update, Mount: /System/Volumes/Update
11b77600 : Will open restore file at: /System/Volumes/Update/restore.log
098b0600 : setSystemTargetUUID will use / as the target
098b0600 : Found update container: LPAPFSContainer: AppleAPFSMedia, UUID: C423623B-8279-4D1C-AE12-20702CC1C05E
098b0600 : Found update volume: LPAPFSVolume: Update, Mount: /System/Volumes/Update
098b0600 : Will open restore file at: /System/Volumes/Update/restore.log
1862a600 : setSystemTargetUUID will use / as the target
1862a600 : Found update container: LPAPFSContainer: AppleAPFSMedia, UUID: C423623B-8279-4D1C-AE12-20702CC1C05E
1862a600 : Found update volume: LPAPFSVolume: Update, Mount: /System/Volumes/Update
1862a600 : Will open restore file at: /System/Volumes/Update/restore.log
1e540600 : setSystemTargetUUID will use / as the target
1e540600 : Found update container: LPAPFSContainer: AppleAPFSMedia, UUID: C423623B-8279-4D1C-AE12-20702CC1C05E
1e540600 : Found update volume: LPAPFSVolume: Update, Mount: /System/Volumes/Update
1e540600 : Will open restore file at: /System/Volumes/Update/restore.log
159b2600 : setSystemTargetUUID will use / as the target
159b2600 : Found update container: LPAPFSContainer: AppleAPFSMedia, UUID: C423623B-8279-4D1C-AE12-20702CC1C05E
159b2600 : Found update volume: LPAPFSVolume: Update, Mount: /System/Volumes/Update
159b2600 : Will open restore file at: /System/Volumes/Update/restore.log
11cbb600 : setSystemTargetUUID will use / as the target
11cbb600 : Found update container: LPAPFSContainer: AppleAPFSMedia, UUID: C423623B-8279-4D1C-AE12-20702CC1C05E
11cbb600 : Found update volume: LPAPFSVolume: Update, Mount: /System/Volumes/Update
11cbb600 : Will open restore file at: /System/Volumes/Update/restore.log
14b86600 : setSystemTargetUUID will use / as the target
14b86600 : Found update container: LPAPFSContainer: AppleAPFSMedia, UUID: C423623B-8279-4D1C-AE12-20702CC1C05E
14b86600 : Found update volume: LPAPFSVolume: Update, Mount: /System/Volumes/Update
14b86600 : Will open restore file at: /System/Volumes/Update/restore.log
15824600 : setSystemTargetUUID will use / as the target
15824600 : Found update container: LPAPFSContainer: AppleAPFSMedia, UUID: C423623B-8279-4D1C-AE12-20702CC1C05E
15824600 : Found update volume: LPAPFSVolume: Update, Mount: /System/Volumes/Update
15824600 : Will open restore file at: /System/Volumes/Update/restore.log
08f34600 : setSystemTargetUUID will use / as the target
08f34600 : Found update container: LPAPFSContainer: AppleAPFSMedia, UUID: C423623B-8279-4D1C-AE12-20702CC1C05E
08f34600 : Found update volume: LPAPFSVolume: Update, Mount: /System/Volumes/Update
08f34600 : Will open restore file at: /System/Volumes/Update/restore.log
14901600 : setSystemTargetUUID will use / as the target
14901600 : Found update container: LPAPFSContainer: AppleAPFSMedia, UUID: C423623B-8279-4D1C-AE12-20702CC1C05E
14901600 : Found update volume: LPAPFSVolume: Update, Mount: /System/Volumes/Update
14901600 : Will open restore file at: /System/Volumes/Update/restore.log
15ea4600 : setSystemTargetUUID will use / as the target
15ea4600 : Found update container: LPAPFSContainer: AppleAPFSMedia, UUID: C423623B-8279-4D1C-AE12-20702CC1C05E
15ea4600 : Found update volume: LPAPFSVolume: Update, Mount: /System/Volumes/Update
15ea4600 : Will open restore file at: /System/Volumes/Update/restore.log
107e2600 : setSystemTargetUUID will use / as the target
107e2600 : Found update container: LPAPFSContainer: AppleAPFSMedia, UUID: C423623B-8279-4D1C-AE12-20702CC1C05E
107e2600 : Found update volume: LPAPFSVolume: Update, Mount: /System/Volumes/Update
107e2600 : Will open restore file at: /System/Volumes/Update/restore.log
09615600 : setSystemTargetUUID will use / as the target
09615600 : Found update container: LPAPFSContainer: AppleAPFSMedia, UUID: C423623B-8279-4D1C-AE12-20702CC1C05E
09615600 : Found update volume: LPAPFSVolume: Update, Mount: /System/Volumes/Update
09615600 : Will open restore file at: /System/Volumes/Update/restore.log
1af69600 : setSystemTargetUUID will use / as the target
1af69600 : Found update container: LPAPFSContainer: AppleAPFSMedia, UUID: C423623B-8279-4D1C-AE12-20702CC1C05E
1af69600 : Found update volume: LPAPFSVolume: Update, Mount: /System/Volumes/Update
1af69600 : Will open restore file at: /System/Volumes/Update/restore.log
121d2600 : setSystemTargetUUID will use / as the target
121d2600 : Found update container: LPAPFSContainer: AppleAPFSMedia, UUID: C423623B-8279-4D1C-AE12-20702CC1C05E
121d2600 : Found update volume: LPAPFSVolume: Update, Mount: /System/Volumes/Update
121d2600 : Will open restore file at: /System/Volumes/Update/restore.log
0ff73600 : setSystemTargetUUID will use / as the target
0ff73600 : Found update container: LPAPFSContainer: AppleAPFSMedia, UUID: C423623B-8279-4D1C-AE12-20702CC1C05E
0ff73600 : Found update volume: LPAPFSVolume: Update, Mount: /System/Volumes/Update
0ff73600 : Will open restore file at: /System/Volumes/Update/restore.log
0616d600 : setSystemTargetUUID will use / as the target
0616d600 : Found update container: LPAPFSContainer: AppleAPFSMedia, UUID: C423623B-8279-4D1C-AE12-20702CC1C05E
0616d600 : Found update volume: LPAPFSVolume: Update, Mount: /System/Volumes/Update
0616d600 : Will open restore file at: /System/Volumes/Update/restore.log
181c4600 : setSystemTargetUUID will use / as the target
181c4600 : Found update container: LPAPFSContainer: AppleAPFSMedia, UUID: C423623B-8279-4D1C-AE12-20702CC1C05E
181c4600 : Found update volume: LPAPFSVolume: Update, Mount: /System/Volumes/Update
181c4600 : Will open restore file at: /System/Volumes/Update/restore.log
06439600 : setSystemTargetUUID will use / as the target
06439600 : Found update container: LPAPFSContainer: AppleAPFSMedia, UUID: C423623B-8279-4D1C-AE12-20702CC1C05E
06439600 : Found update volume: LPAPFSVolume: Update, Mount: /System/Volumes/Update
06439600 : Will open restore file at: /System/Volumes/Update/restore.log
08c48600 : setSystemTargetUUID will use / as the target
08c48600 : Found update container: LPAPFSContainer: AppleAPFSMedia, UUID: C423623B-8279-4D1C-AE12-20702CC1C05E
08c48600 : Found update volume: LPAPFSVolume: Update, Mount: /System/Volumes/Update
08c48600 : Will open restore file at: /System/Volumes/Update/restore.log
15598600 : setSystemTargetUUID will use / as the target
15598600 : Found update container: LPAPFSContainer: AppleAPFSMedia, UUID: C423623B-8279-4D1C-AE12-20702CC1C05E
15598600 : Found update volume: LPAPFSVolume: Update, Mount: /System/Volumes/Update
15598600 : Will open restore file at: /System/Volumes/Update/restore.log
15e49600 : setSystemTargetUUID will use / as the target
15e49600 : Found update container: LPAPFSContainer: AppleAPFSMedia, UUID: C423623B-8279-4D1C-AE12-20702CC1C05E
15e49600 : Found update volume: LPAPFSVolume: Update, Mount: /System/Volumes/Update
15e49600 : Will open restore file at: /System/Volumes/Update/restore.log
1277b600 : setSystemTargetUUID will use / as the target
1277b600 : Found update container: LPAPFSContainer: AppleAPFSMedia, UUID: C423623B-8279-4D1C-AE12-20702CC1C05E
1277b600 : Found update volume: LPAPFSVolume: Update, Mount: /System/Volumes/Update
1277b600 : Will open restore file at: /System/Volumes/Update/restore.log
1592e600 : setSystemTargetUUID will use / as the target
1592e600 : Found update container: LPAPFSContainer: AppleAPFSMedia, UUID: C423623B-8279-4D1C-AE12-20702CC1C05E
1592e600 : Found update volume: LPAPFSVolume: Update, Mount: /System/Volumes/Update
1592e600 : Will open restore file at: /System/Volumes/Update/restore.log
1404c600 : setSystemTargetUUID will use / as the target
1404c600 : Found update container: LPAPFSContainer: AppleAPFSMedia, UUID: C423623B-8279-4D1C-AE12-20702CC1C05E
1404c600 : Found update volume: LPAPFSVolume: Update, Mount: /System/Volumes/Update
1404c600 : Will open restore file at: /System/Volumes/Update/restore.log
11e20600 : setSystemTargetUUID will use / as the target
11e20600 : Found update container: LPAPFSContainer: AppleAPFSMedia, UUID: C423623B-8279-4D1C-AE12-20702CC1C05E
11e20600 : Found update volume: LPAPFSVolume: Update, Mount: /System/Volumes/Update
11e20600 : Will open restore file at: /System/Volumes/Update/restore.log
0c49f600 : setSystemTargetUUID will use / as the target
0c49f600 : Found update container: LPAPFSContainer: AppleAPFSMedia, UUID: C423623B-8279-4D1C-AE12-20702CC1C05E
0c49f600 : Found update volume: LPAPFSVolume: Update, Mount: /System/Volumes/Update
0c49f600 : Will open restore file at: /System/Volumes/Update/restore.log
0980f600 : setSystemTargetUUID will use / as the target
0980f600 : Found update container: LPAPFSContainer: AppleAPFSMedia, UUID: C423623B-8279-4D1C-AE12-20702CC1C05E
0980f600 : Found update volume: LPAPFSVolume: Update, Mount: /System/Volumes/Update
0980f600 : Will open restore file at: /System/Volumes/Update/restore.log
0cdaa600 : setSystemTargetUUID will use / as the target
0cdaa600 : Found update container: LPAPFSContainer: AppleAPFSMedia, UUID: C423623B-8279-4D1C-AE12-20702CC1C05E
0cdaa600 : Found update volume: LPAPFSVolume: Update, Mount: /System/Volumes/Update
0cdaa600 : Will open restore file at: /System/Volumes/Update/restore.log
14886600 : setSystemTargetUUID will use / as the target
14886600 : Found update container: LPAPFSContainer: AppleAPFSMedia, UUID: C423623B-8279-4D1C-AE12-20702CC1C05E
14886600 : Found update volume: LPAPFSVolume: Update, Mount: /System/Volumes/Update
14886600 : Will open restore file at: /System/Volumes/Update/restore.log
0e20f600 : setSystemTargetUUID will use / as the target
0e20f600 : Found update container: LPAPFSContainer: AppleAPFSMedia, UUID: C423623B-8279-4D1C-AE12-20702CC1C05E
0e20f600 : Found update volume: LPAPFSVolume: Update, Mount: /System/Volumes/Update
0e20f600 : Will open restore file at: /System/Volumes/Update/restore.log
0ffc2600 : setSystemTargetUUID will use / as the target
0ffc2600 : Found update container: LPAPFSContainer: AppleAPFSMedia, UUID: C423623B-8279-4D1C-AE12-20702CC1C05E
0ffc2600 : Found update volume: LPAPFSVolume: Update, Mount: /System/Volumes/Update
0ffc2600 : Will open restore file at: /System/Volumes/Update/restore.log
192fb600 : setSystemTargetUUID will use / as the target
192fb600 : Found update container: LPAPFSContainer: AppleAPFSMedia, UUID: C423623B-8279-4D1C-AE12-20702CC1C05E
192fb600 : Found update volume: LPAPFSVolume: Update, Mount: /System/Volumes/Update
192fb600 : Will open restore file at: /System/Volumes/Update/restore.log
184b1600 : setSystemTargetUUID will use / as the target
184b1600 : Found update container: LPAPFSContainer: AppleAPFSMedia, UUID: C423623B-8279-4D1C-AE12-20702CC1C05E
184b1600 : Found update volume: LPAPFSVolume: Update, Mount: /System/Volumes/Update
184b1600 : Will open restore file at: /System/Volumes/Update/restore.log
10064600 : setSystemTargetUUID will use / as the target
10064600 : Found update container: LPAPFSContainer: AppleAPFSMedia, UUID: C423623B-8279-4D1C-AE12-20702CC1C05E
10064600 : Found update volume: LPAPFSVolume: Update, Mount: /System/Volumes/Update
10064600 : Will open restore file at: /System/Volumes/Update/restore.log
05ddf600 : setSystemTargetUUID will use / as the target
05ddf600 : Found update container: LPAPFSContainer: AppleAPFSMedia, UUID: C423623B-8279-4D1C-AE12-20702CC1C05E
05ddf600 : Found update volume: LPAPFSVolume: Update, Mount: /System/Volumes/Update
05ddf600 : Will open restore file at: /System/Volumes/Update/restore.log
1099a600 : setSystemTargetUUID will use / as the target
1099a600 : Found update container: LPAPFSContainer: AppleAPFSMedia, UUID: C423623B-8279-4D1C-AE12-20702CC1C05E
1099a600 : Found update volume: LPAPFSVolume: Update, Mount: /System/Volumes/Update
1099a600 : Will open restore file at: /System/Volumes/Update/restore.log
12a6a600 : setSystemTargetUUID will use / as the target
12a6a600 : Found update container: LPAPFSContainer: AppleAPFSMedia, UUID: C423623B-8279-4D1C-AE12-20702CC1C05E
12a6a600 : Found update volume: LPAPFSVolume: Update, Mount: /System/Volumes/Update
12a6a600 : Will open restore file at: /System/Volumes/Update/restore.log
16103600 : setSystemTargetUUID will use / as the target
16103600 : Found update container: LPAPFSContainer: AppleAPFSMedia, UUID: C423623B-8279-4D1C-AE12-20702CC1C05E
16103600 : Found update volume: LPAPFSVolume: Update, Mount: /System/Volumes/Update
16103600 : Will open restore file at: /System/Volumes/Update/restore.log
1a1aa600 : setSystemTargetUUID will use / as the target
1a1aa600 : Found update container: LPAPFSContainer: AppleAPFSMedia, UUID: C423623B-8279-4D1C-AE12-20702CC1C05E
1a1aa600 : Found update volume: LPAPFSVolume: Update, Mount: /System/Volumes/Update
1a1aa600 : Will open restore file at: /System/Volumes/Update/restore.log
06364600 : setSystemTargetUUID will use / as the target
06364600 : Found update container: LPAPFSContainer: AppleAPFSMedia, UUID: C423623B-8279-4D1C-AE12-20702CC1C05E
06364600 : Found update volume: LPAPFSVolume: Update, Mount: /System/Volumes/Update
06364600 : Will open restore file at: /System/Volumes/Update/restore.log
15ba0600 : setSystemTargetUUID will use / as the target
15ba0600 : Found update container: LPAPFSContainer: AppleAPFSMedia, UUID: C423623B-8279-4D1C-AE12-20702CC1C05E
15ba0600 : Found update volume: LPAPFSVolume: Update, Mount: /System/Volumes/Update
15ba0600 : Will open restore file at: /System/Volumes/Update/restore.log
11eb2600 : setSystemTargetUUID will use / as the target
11eb2600 : Found update container: LPAPFSContainer: AppleAPFSMedia, UUID: C423623B-8279-4D1C-AE12-20702CC1C05E
11eb2600 : Found update volume: LPAPFSVolume: Update, Mount: /System/Volumes/Update
11eb2600 : Will open restore file at: /System/Volumes/Update/restore.log
0acba600 : setSystemTargetUUID will use / as the target
0acba600 : Found update container: LPAPFSContainer: AppleAPFSMedia, UUID: C423623B-8279-4D1C-AE12-20702CC1C05E
0acba600 : Found update volume: LPAPFSVolume: Update, Mount: /System/Volumes/Update
0acba600 : Will open restore file at: /System/Volumes/Update/restore.log
16c3f600 : setSystemTargetUUID will use / as the target
16c3f600 : Found update container: LPAPFSContainer: AppleAPFSMedia, UUID: C423623B-8279-4D1C-AE12-20702CC1C05E
16c3f600 : Found update volume: LPAPFSVolume: Update, Mount: /System/Volumes/Update
16c3f600 : Will open restore file at: /System/Volumes/Update/restore.log
0d4ac600 : setSystemTargetUUID will use / as the target
0d4ac600 : Found update container: LPAPFSContainer: AppleAPFSMedia, UUID: C423623B-8279-4D1C-AE12-20702CC1C05E
0d4ac600 : Found update volume: LPAPFSVolume: Update, Mount: /System/Volumes/Update
0d4ac600 : Will open restore file at: /System/Volumes/Update/restore.log
0a0c5600 : setSystemTargetUUID will use / as the target
0a0c5600 : Found update container: LPAPFSContainer: AppleAPFSMedia, UUID: C423623B-8279-4D1C-AE12-20702CC1C05E
0a0c5600 : Found update volume: LPAPFSVolume: Update, Mount: /System/Volumes/Update
0a0c5600 : Will open restore file at: /System/Volumes/Update/restore.log
12714600 : setSystemTargetUUID will use / as the target
12714600 : Found update container: LPAPFSContainer: AppleAPFSMedia, UUID: C423623B-8279-4D1C-AE12-20702CC1C05E
12714600 : Found update volume: LPAPFSVolume: Update, Mount: /System/Volumes/Update
12714600 : Will open restore file at: /System/Volumes/Update/restore.log
162f1600 : setSystemTargetUUID will use / as the target
162f1600 : Found update container: LPAPFSContainer: AppleAPFSMedia, UUID: C423623B-8279-4D1C-AE12-20702CC1C05E
162f1600 : Found update volume: LPAPFSVolume: Update, Mount: /System/Volumes/Update
162f1600 : Will open restore file at: /System/Volumes/Update/restore.log
180d8600 : setSystemTargetUUID will use / as the target
180d8600 : Found update container: LPAPFSContainer: AppleAPFSMedia, UUID: C423623B-8279-4D1C-AE12-20702CC1C05E
180d8600 : Found update volume: LPAPFSVolume: Update, Mount: /System/Volumes/Update
180d8600 : Will open restore file at: /System/Volumes/Update/restore.log
06484600 : setSystemTargetUUID will use / as the target
06484600 : Found update container: LPAPFSContainer: AppleAPFSMedia, UUID: C423623B-8279-4D1C-AE12-20702CC1C05E
06484600 : Found update volume: LPAPFSVolume: Update, Mount: /System/Volumes/Update
06484600 : Will open restore file at: /System/Volumes/Update/restore.log
1c3c1600 : setSystemTargetUUID will use / as the target
1c3c1600 : Found update container: LPAPFSContainer: AppleAPFSMedia, UUID: C423623B-8279-4D1C-AE12-20702CC1C05E
1c3c1600 : Found update volume: LPAPFSVolume: Update, Mount: /System/Volumes/Update
1c3c1600 : Will open restore file at: /System/Volumes/Update/restore.log
0cfca600 : setSystemTargetUUID will use / as the target
0cfca600 : Found update container: LPAPFSContainer: AppleAPFSMedia, UUID: C423623B-8279-4D1C-AE12-20702CC1C05E
0cfca600 : Found update volume: LPAPFSVolume: Update, Mount: /System/Volumes/Update
0cfca600 : Will open restore file at: /System/Volumes/Update/restore.log
0b76e600 : setSystemTargetUUID will use / as the target
0b76e600 : Found update container: LPAPFSContainer: AppleAPFSMedia, UUID: C423623B-8279-4D1C-AE12-20702CC1C05E
0b76e600 : Found update volume: LPAPFSVolume: Update, Mount: /System/Volumes/Update
0b76e600 : Will open restore file at: /System/Volumes/Update/restore.log
1ae7b600 : setSystemTargetUUID will use / as the target
1ae7b600 : Found update container: LPAPFSContainer: AppleAPFSMedia, UUID: C423623B-8279-4D1C-AE12-20702CC1C05E
1ae7b600 : Found update volume: LPAPFSVolume: Update, Mount: /System/Volumes/Update
1ae7b600 : Will open restore file at: /System/Volumes/Update/restore.log
1a985600 : setSystemTargetUUID will use / as the target
1a985600 : Found update container: LPAPFSContainer: AppleAPFSMedia, UUID: C423623B-8279-4D1C-AE12-20702CC1C05E
1a985600 : Found update volume: LPAPFSVolume: Update, Mount: /System/Volumes/Update
1a985600 : Will open restore file at: /System/Volumes/Update/restore.log
1678b600 : setSystemTargetUUID will use / as the target
1678b600 : Found update container: LPAPFSContainer: AppleAPFSMedia, UUID: C423623B-8279-4D1C-AE12-20702CC1C05E
1678b600 : Found update volume: LPAPFSVolume: Update, Mount: /System/Volumes/Update
1678b600 : Will open restore file at: /System/Volumes/Update/restore.log
1af66600 : setSystemTargetUUID will use / as the target
1af66600 : Found update container: LPAPFSContainer: AppleAPFSMedia, UUID: C423623B-8279-4D1C-AE12-20702CC1C05E
1af66600 : Found update volume: LPAPFSVolume: Update, Mount: /System/Volumes/Update
1af66600 : Will open restore file at: /System/Volumes/Update/restore.log
0e010600 : setSystemTargetUUID will use / as the target
0e010600 : Found update container: LPAPFSContainer: AppleAPFSMedia, UUID: C423623B-8279-4D1C-AE12-20702CC1C05E
0e010600 : Found update volume: LPAPFSVolume: Update, Mount: /System/Volumes/Update
0e010600 : Will open restore file at: /System/Volumes/Update/restore.log
0e10c600 : setSystemTargetUUID will use / as the target
0e10c600 : Found update container: LPAPFSContainer: AppleAPFSMedia, UUID: C423623B-8279-4D1C-AE12-20702CC1C05E
0e10c600 : Found update volume: LPAPFSVolume: Update, Mount: /System/Volumes/Update
0e10c600 : Will open restore file at: /System/Volumes/Update/restore.log
0ea74600 : setSystemTargetUUID will use / as the target
0ea74600 : Found update container: LPAPFSContainer: AppleAPFSMedia, UUID: C423623B-8279-4D1C-AE12-20702CC1C05E
0ea74600 : Found update volume: LPAPFSVolume: Update, Mount: /System/Volumes/Update
0ea74600 : Will open restore file at: /System/Volumes/Update/restore.log
0cb74600 : setSystemTargetUUID will use / as the target
0cb74600 : Found update container: LPAPFSContainer: AppleAPFSMedia, UUID: C423623B-8279-4D1C-AE12-20702CC1C05E
0cb74600 : Found update volume: LPAPFSVolume: Update, Mount: /System/Volumes/Update
0cb74600 : Will open restore file at: /System/Volumes/Update/restore.log
176e1600 : setSystemTargetUUID will use / as the target
176e1600 : Found update container: LPAPFSContainer: AppleAPFSMedia, UUID: C423623B-8279-4D1C-AE12-20702CC1C05E
176e1600 : Found update volume: LPAPFSVolume: Update, Mount: /System/Volumes/Update
176e1600 : Will open restore file at: /System/Volumes/Update/restore.log
1243b600 : setSystemTargetUUID will use / as the target
1243b600 : Found update container: LPAPFSContainer: AppleAPFSMedia, UUID: C423623B-8279-4D1C-AE12-20702CC1C05E
1243b600 : Found update volume: LPAPFSVolume: Update, Mount: /System/Volumes/Update
1243b600 : Will open restore file at: /System/Volumes/Update/restore.log
10f68600 : setSystemTargetUUID will use / as the target
10f68600 : Found update container: LPAPFSContainer: AppleAPFSMedia, UUID: C423623B-8279-4D1C-AE12-20702CC1C05E
10f68600 : Found update volume: LPAPFSVolume: Update, Mount: /System/Volumes/Update
10f68600 : Will open restore file at: /System/Volumes/Update/restore.log
0a850600 : setSystemTargetUUID will use / as the target
0a850600 : Found update container: LPAPFSContainer: AppleAPFSMedia, UUID: C423623B-8279-4D1C-AE12-20702CC1C05E
0a850600 : Found update volume: LPAPFSVolume: Update, Mount: /System/Volumes/Update
0a850600 : Will open restore file at: /System/Volumes/Update/restore.log
07b27600 : setSystemTargetUUID will use / as the target
07b27600 : Found update container: LPAPFSContainer: AppleAPFSMedia, UUID: C423623B-8279-4D1C-AE12-20702CC1C05E
07b27600 : Found update volume: LPAPFSVolume: Update, Mount: /System/Volumes/Update
07b27600 : Will open restore file at: /System/Volumes/Update/restore.log
051f7600 : setSystemTargetUUID will use / as the target
051f7600 : Found update container: LPAPFSContainer: AppleAPFSMedia, UUID: C423623B-8279-4D1C-AE12-20702CC1C05E
051f7600 : Found update volume: LPAPFSVolume: Update, Mount: /System/Volumes/Update
051f7600 : Will open restore file at: /System/Volumes/Update/restore.log
14e3b600 : setSystemTargetUUID will use / as the target
14e3b600 : Found update container: LPAPFSContainer: AppleAPFSMedia, UUID: C423623B-8279-4D1C-AE12-20702CC1C05E
14e3b600 : Found update volume: LPAPFSVolume: Update, Mount: /System/Volumes/Update
14e3b600 : Will open restore file at: /System/Volumes/Update/restore.log
14e41600 : setSystemTargetUUID will use / as the target
14e41600 : Found update container: LPAPFSContainer: AppleAPFSMedia, UUID: C423623B-8279-4D1C-AE12-20702CC1C05E
14e41600 : Found update volume: LPAPFSVolume: Update, Mount: /System/Volumes/Update
14e41600 : Will open restore file at: /System/Volumes/Update/restore.log
1caa9600 : setSystemTargetUUID will use / as the target
1caa9600 : Found update container: LPAPFSContainer: AppleAPFSMedia, UUID: C423623B-8279-4D1C-AE12-20702CC1C05E
1caa9600 : Found update volume: LPAPFSVolume: Update, Mount: /System/Volumes/Update
1caa9600 : Will open restore file at: /System/Volumes/Update/restore.log
15686600 : setSystemTargetUUID will use / as the target
15686600 : Found update container: LPAPFSContainer: AppleAPFSMedia, UUID: C423623B-8279-4D1C-AE12-20702CC1C05E
15686600 : Found update volume: LPAPFSVolume: Update, Mount: /System/Volumes/Update
15686600 : Will open restore file at: /System/Volumes/Update/restore.log
1522a600 : setSystemTargetUUID will use / as the target
1522a600 : Found update container: LPAPFSContainer: AppleAPFSMedia, UUID: C423623B-8279-4D1C-AE12-20702CC1C05E
1522a600 : Found update volume: LPAPFSVolume: Update, Mount: /System/Volumes/Update
1522a600 : Will open restore file at: /System/Volumes/Update/restore.log
13eb9600 : setSystemTargetUUID will use / as the target
13eb9600 : Found update container: LPAPFSContainer: AppleAPFSMedia, UUID: C423623B-8279-4D1C-AE12-20702CC1C05E
13eb9600 : Found update volume: LPAPFSVolume: Update, Mount: /System/Volumes/Update
13eb9600 : Will open restore file at: /System/Volumes/Update/restore.log
19ba0600 : setSystemTargetUUID will use / as the target
19ba0600 : Found update container: LPAPFSContainer: AppleAPFSMedia, UUID: C423623B-8279-4D1C-AE12-20702CC1C05E
19ba0600 : Found update volume: LPAPFSVolume: Update, Mount: /System/Volumes/Update
19ba0600 : Will open restore file at: /System/Volumes/Update/restore.log
09f2e600 : setSystemTargetUUID will use / as the target
09f2e600 : Found update container: LPAPFSContainer: AppleAPFSMedia, UUID: C423623B-8279-4D1C-AE12-20702CC1C05E
09f2e600 : Found update volume: LPAPFSVolume: Update, Mount: /System/Volumes/Update
09f2e600 : Will open restore file at: /System/Volumes/Update/restore.log
0ab0e600 : setSystemTargetUUID will use / as the target
0ab0e600 : Found update container: LPAPFSContainer: AppleAPFSMedia, UUID: C423623B-8279-4D1C-AE12-20702CC1C05E
0ab0e600 : Found update volume: LPAPFSVolume: Update, Mount: /System/Volumes/Update
0ab0e600 : Will open restore file at: /System/Volumes/Update/restore.log
1207f600 : setSystemTargetUUID will use / as the target
1207f600 : Found update container: LPAPFSContainer: AppleAPFSMedia, UUID: C423623B-8279-4D1C-AE12-20702CC1C05E
1207f600 : Found update volume: LPAPFSVolume: Update, Mount: /System/Volumes/Update
1207f600 : Will open restore file at: /System/Volumes/Update/restore.log
18be4600 : setSystemTargetUUID will use / as the target
18be4600 : Found update container: LPAPFSContainer: AppleAPFSMedia, UUID: C423623B-8279-4D1C-AE12-20702CC1C05E
18be4600 : Found update volume: LPAPFSVolume: Update, Mount: /System/Volumes/Update
18be4600 : Will open restore file at: /System/Volumes/Update/restore.log
134b5600 : setSystemTargetUUID will use / as the target
134b5600 : Found update container: LPAPFSContainer: AppleAPFSMedia, UUID: C423623B-8279-4D1C-AE12-20702CC1C05E
134b5600 : Found update volume: LPAPFSVolume: Update, Mount: /System/Volumes/Update
134b5600 : Will open restore file at: /System/Volumes/Update/restore.log
0a62e600 : setSystemTargetUUID will use / as the target
0a62e600 : Found update container: LPAPFSContainer: AppleAPFSMedia, UUID: C423623B-8279-4D1C-AE12-20702CC1C05E
0a62e600 : Found update volume: LPAPFSVolume: Update, Mount: /System/Volumes/Update
0a62e600 : Will open restore file at: /System/Volumes/Update/restore.log
0ea1c600 : setSystemTargetUUID will use / as the target
0ea1c600 : Found update container: LPAPFSContainer: AppleAPFSMedia, UUID: C423623B-8279-4D1C-AE12-20702CC1C05E
0ea1c600 : Found update volume: LPAPFSVolume: Update, Mount: /System/Volumes/Update
0ea1c600 : Will open restore file at: /System/Volumes/Update/restore.log
0d79a600 : setSystemTargetUUID will use / as the target
0d79a600 : Found update container: LPAPFSContainer: AppleAPFSMedia, UUID: C423623B-8279-4D1C-AE12-20702CC1C05E
0d79a600 : Found update volume: LPAPFSVolume: Update, Mount: /System/Volumes/Update
0d79a600 : Will open restore file at: /System/Volumes/Update/restore.log
04281600 : setSystemTargetUUID will use / as the target
04281600 : Found update container: LPAPFSContainer: AppleAPFSMedia, UUID: C423623B-8279-4D1C-AE12-20702CC1C05E
04281600 : Found update volume: LPAPFSVolume: Update, Mount: /System/Volumes/Update
04281600 : Will open restore file at: /System/Volumes/Update/restore.log
14bc8600 : setSystemTargetUUID will use / as the target
14bc8600 : Found update container: LPAPFSContainer: AppleAPFSMedia, UUID: C423623B-8279-4D1C-AE12-20702CC1C05E
14bc8600 : Found update volume: LPAPFSVolume: Update, Mount: /System/Volumes/Update
14bc8600 : Will open restore file at: /System/Volumes/Update/restore.log
106fb600 : setSystemTargetUUID will use / as the target
106fb600 : Found update container: LPAPFSContainer: AppleAPFSMedia, UUID: C423623B-8279-4D1C-AE12-20702CC1C05E
106fb600 : Found update volume: LPAPFSVolume: Update, Mount: /System/Volumes/Update
106fb600 : Will open restore file at: /System/Volumes/Update/restore.log
05af8600 : setSystemTargetUUID will use / as the target
05af8600 : Found update container: LPAPFSContainer: AppleAPFSMedia, UUID: C423623B-8279-4D1C-AE12-20702CC1C05E
05af8600 : Found update volume: LPAPFSVolume: Update, Mount: /System/Volumes/Update
05af8600 : Will open restore file at: /System/Volumes/Update/restore.log
0b2f4600 : setSystemTargetUUID will use / as the target
0b2f4600 : Found update container: LPAPFSContainer: AppleAPFSMedia, UUID: C423623B-8279-4D1C-AE12-20702CC1C05E
0b2f4600 : Found update volume: LPAPFSVolume: Update, Mount: /System/Volumes/Update
0b2f4600 : Will open restore file at: /System/Volumes/Update/restore.log
159c4600 : setSystemTargetUUID will use / as the target
159c4600 : Found update container: LPAPFSContainer: AppleAPFSMedia, UUID: C423623B-8279-4D1C-AE12-20702CC1C05E
159c4600 : Found update volume: LPAPFSVolume: Update, Mount: /System/Volumes/Update
159c4600 : Will open restore file at: /System/Volumes/Update/restore.log
04640600 : setSystemTargetUUID will use / as the target
04640600 : Found update container: LPAPFSContainer: AppleAPFSMedia, UUID: C423623B-8279-4D1C-AE12-20702CC1C05E
04640600 : Found update volume: LPAPFSVolume: Update, Mount: /System/Volumes/Update
04640600 : Will open restore file at: /System/Volumes/Update/restore.log
1607e600 : setSystemTargetUUID will use / as the target
1607e600 : Found update container: LPAPFSContainer: AppleAPFSMedia, UUID: C423623B-8279-4D1C-AE12-20702CC1C05E
1607e600 : Found update volume: LPAPFSVolume: Update, Mount: /System/Volumes/Update
1607e600 : Will open restore file at: /System/Volumes/Update/restore.log
10c83600 : setSystemTargetUUID will use / as the target
10c83600 : Found update container: LPAPFSContainer: AppleAPFSMedia, UUID: C423623B-8279-4D1C-AE12-20702CC1C05E
10c83600 : Found update volume: LPAPFSVolume: Update, Mount: /System/Volumes/Update
10c83600 : Will open restore file at: /System/Volumes/Update/restore.log
0c66a600 : setSystemTargetUUID will use / as the target
0c66a600 : Found update container: LPAPFSContainer: AppleAPFSMedia, UUID: C423623B-8279-4D1C-AE12-20702CC1C05E
0c66a600 : Found update volume: LPAPFSVolume: Update, Mount: /System/Volumes/Update
0c66a600 : Will open restore file at: /System/Volumes/Update/restore.log
05ca3600 : setSystemTargetUUID will use / as the target
05ca3600 : Found update container: LPAPFSContainer: AppleAPFSMedia, UUID: C423623B-8279-4D1C-AE12-20702CC1C05E
05ca3600 : Found update volume: LPAPFSVolume: Update, Mount: /System/Volumes/Update
05ca3600 : Will open restore file at: /System/Volumes/Update/restore.log
0f8c9600 : setSystemTargetUUID will use / as the target
0f8c9600 : Found update container: LPAPFSContainer: AppleAPFSMedia, UUID: C423623B-8279-4D1C-AE12-20702CC1C05E
0f8c9600 : Found update volume: LPAPFSVolume: Update, Mount: /System/Volumes/Update
0f8c9600 : Will open restore file at: /System/Volumes/Update/restore.log
14992600 : setSystemTargetUUID will use / as the target
14992600 : Found update container: LPAPFSContainer: AppleAPFSMedia, UUID: C423623B-8279-4D1C-AE12-20702CC1C05E
14992600 : Found update volume: LPAPFSVolume: Update, Mount: /System/Volumes/Update
14992600 : Will open restore file at: /System/Volumes/Update/restore.log
18ac4600 : setSystemTargetUUID will use / as the target
18ac4600 : Found update container: LPAPFSContainer: AppleAPFSMedia, UUID: C423623B-8279-4D1C-AE12-20702CC1C05E
18ac4600 : Found update volume: LPAPFSVolume: Update, Mount: /System/Volumes/Update
18ac4600 : Will open restore file at: /System/Volumes/Update/restore.log
1c848600 : setSystemTargetUUID will use / as the target
1c848600 : Found update container: LPAPFSContainer: AppleAPFSMedia, UUID: C423623B-8279-4D1C-AE12-20702CC1C05E
1c848600 : Found update volume: LPAPFSVolume: Update, Mount: /System/Volumes/Update
1c848600 : Will open restore file at: /System/Volumes/Update/restore.log
09191600 : setSystemTargetUUID will use / as the target
09191600 : Found update container: LPAPFSContainer: AppleAPFSMedia, UUID: C423623B-8279-4D1C-AE12-20702CC1C05E
09191600 : Found update volume: LPAPFSVolume: Update, Mount: /System/Volumes/Update
09191600 : Will open restore file at: /System/Volumes/Update/restore.log
09388600 : setSystemTargetUUID will use / as the target
09388600 : Found update container: LPAPFSContainer: AppleAPFSMedia, UUID: C423623B-8279-4D1C-AE12-20702CC1C05E
09388600 : Found update volume: LPAPFSVolume: Update, Mount: /System/Volumes/Update
09388600 : Will open restore file at: /System/Volumes/Update/restore.log
0f4c1600 : setSystemTargetUUID will use / as the target
0f4c1600 : Found update container: LPAPFSContainer: AppleAPFSMedia, UUID: C423623B-8279-4D1C-AE12-20702CC1C05E
0f4c1600 : Found update volume: LPAPFSVolume: Update, Mount: /System/Volumes/Update
0f4c1600 : Will open restore file at: /System/Volumes/Update/restore.log
17b7d600 : setSystemTargetUUID will use / as the target
17b7d600 : Found update container: LPAPFSContainer: AppleAPFSMedia, UUID: C423623B-8279-4D1C-AE12-20702CC1C05E
17b7d600 : Found update volume: LPAPFSVolume: Update, Mount: /System/Volumes/Update
17b7d600 : Will open restore file at: /System/Volumes/Update/restore.log
0c05a600 : setSystemTargetUUID will use / as the target
0c05a600 : Found update container: LPAPFSContainer: AppleAPFSMedia, UUID: C423623B-8279-4D1C-AE12-20702CC1C05E
0c05a600 : Found update volume: LPAPFSVolume: Update, Mount: /System/Volumes/Update
0c05a600 : Will open restore file at: /System/Volumes/Update/restore.log
17a29600 : setSystemTargetUUID will use / as the target
17a29600 : Found update container: LPAPFSContainer: AppleAPFSMedia, UUID: C423623B-8279-4D1C-AE12-20702CC1C05E
17a29600 : Found update volume: LPAPFSVolume: Update, Mount: /System/Volumes/Update
17a29600 : Will open restore file at: /System/Volumes/Update/restore.log
0561a600 : setSystemTargetUUID will use / as the target
0561a600 : Found update container: LPAPFSContainer: AppleAPFSMedia, UUID: C423623B-8279-4D1C-AE12-20702CC1C05E
0561a600 : Found update volume: LPAPFSVolume: Update, Mount: /System/Volumes/Update
0561a600 : Will open restore file at: /System/Volumes/Update/restore.log
188d4600 : setSystemTargetUUID will use / as the target
188d4600 : Found update container: LPAPFSContainer: AppleAPFSMedia, UUID: C423623B-8279-4D1C-AE12-20702CC1C05E
188d4600 : Found update volume: LPAPFSVolume: Update, Mount: /System/Volumes/Update
188d4600 : Will open restore file at: /System/Volumes/Update/restore.log
0ebf2600 : setSystemTargetUUID will use / as the target
0ebf2600 : Found update container: LPAPFSContainer: AppleAPFSMedia, UUID: C423623B-8279-4D1C-AE12-20702CC1C05E
0ebf2600 : Found update volume: LPAPFSVolume: Update, Mount: /System/Volumes/Update
0ebf2600 : Will open restore file at: /System/Volumes/Update/restore.log
0ff04600 : setSystemTargetUUID will use / as the target
0ff04600 : Found update container: LPAPFSContainer: AppleAPFSMedia, UUID: C423623B-8279-4D1C-AE12-20702CC1C05E
0ff04600 : Found update volume: LPAPFSVolume: Update, Mount: /System/Volumes/Update
0ff04600 : Will open restore file at: /System/Volumes/Update/restore.log
09e9a600 : setSystemTargetUUID will use / as the target
09e9a600 : Found update container: LPAPFSContainer: AppleAPFSMedia, UUID: C423623B-8279-4D1C-AE12-20702CC1C05E
09e9a600 : Found update volume: LPAPFSVolume: Update, Mount: /System/Volumes/Update
09e9a600 : Will open restore file at: /System/Volumes/Update/restore.log
18bf8600 : setSystemTargetUUID will use / as the target
18bf8600 : Found update container: LPAPFSContainer: AppleAPFSMedia, UUID: C423623B-8279-4D1C-AE12-20702CC1C05E
18bf8600 : Found update volume: LPAPFSVolume: Update, Mount: /System/Volumes/Update
18bf8600 : Will open restore file at: /System/Volumes/Update/restore.log
0c3fb600 : setSystemTargetUUID will use / as the target
0c3fb600 : Found update container: LPAPFSContainer: AppleAPFSMedia, UUID: C423623B-8279-4D1C-AE12-20702CC1C05E
0c3fb600 : Found update volume: LPAPFSVolume: Update, Mount: /System/Volumes/Update
0c3fb600 : Will open restore file at: /System/Volumes/Update/restore.log
0bbaf600 : setSystemTargetUUID will use / as the target
0bbaf600 : Found update container: LPAPFSContainer: AppleAPFSMedia, UUID: C423623B-8279-4D1C-AE12-20702CC1C05E
0bbaf600 : Found update volume: LPAPFSVolume: Update, Mount: /System/Volumes/Update
0bbaf600 : Will open restore file at: /System/Volumes/Update/restore.log
08645600 : setSystemTargetUUID will use / as the target
08645600 : Found update container: LPAPFSContainer: AppleAPFSMedia, UUID: C423623B-8279-4D1C-AE12-20702CC1C05E
08645600 : Found update volume: LPAPFSVolume: Update, Mount: /System/Volumes/Update
08645600 : Will open restore file at: /System/Volumes/Update/restore.log
16d6e600 : setSystemTargetUUID will use / as the target
16d6e600 : Found update container: LPAPFSContainer: AppleAPFSMedia, UUID: C423623B-8279-4D1C-AE12-20702CC1C05E
16d6e600 : Found update volume: LPAPFSVolume: Update, Mount: /System/Volumes/Update
16d6e600 : Will open restore file at: /System/Volumes/Update/restore.log
1b5cd600 : setSystemTargetUUID will use / as the target
1b5cd600 : Found update container: LPAPFSContainer: AppleAPFSMedia, UUID: C423623B-8279-4D1C-AE12-20702CC1C05E
1b5cd600 : Found update volume: LPAPFSVolume: Update, Mount: /System/Volumes/Update
1b5cd600 : Will open restore file at: /System/Volumes/Update/restore.log
0f51c600 : setSystemTargetUUID will use / as the target
0f51c600 : Found update container: LPAPFSContainer: AppleAPFSMedia, UUID: C423623B-8279-4D1C-AE12-20702CC1C05E
0f51c600 : Found update volume: LPAPFSVolume: Update, Mount: /System/Volumes/Update
0f51c600 : Will open restore file at: /System/Volumes/Update/restore.log
16074600 : setSystemTargetUUID will use / as the target
16074600 : Found update container: LPAPFSContainer: AppleAPFSMedia, UUID: C423623B-8279-4D1C-AE12-20702CC1C05E
16074600 : Found update volume: LPAPFSVolume: Update, Mount: /System/Volumes/Update
16074600 : Will open restore file at: /System/Volumes/Update/restore.log
118ff600 : setSystemTargetUUID will use / as the target
118ff600 : Found update container: LPAPFSContainer: AppleAPFSMedia, UUID: C423623B-8279-4D1C-AE12-20702CC1C05E
118ff600 : Found update volume: LPAPFSVolume: Update, Mount: /System/Volumes/Update
118ff600 : Will open restore file at: /System/Volumes/Update/restore.log
0a497600 : setSystemTargetUUID will use / as the target
0a497600 : Found update container: LPAPFSContainer: AppleAPFSMedia, UUID: C423623B-8279-4D1C-AE12-20702CC1C05E
0a497600 : Found update volume: LPAPFSVolume: Update, Mount: /System/Volumes/Update
0a497600 : Will open restore file at: /System/Volumes/Update/restore.log
11579600 : setSystemTargetUUID will use / as the target
11579600 : Found update container: LPAPFSContainer: AppleAPFSMedia, UUID: C423623B-8279-4D1C-AE12-20702CC1C05E
11579600 : Found update volume: LPAPFSVolume: Update, Mount: /System/Volumes/Update
11579600 : Will open restore file at: /System/Volumes/Update/restore.log
0405e600 : setSystemTargetUUID will use / as the target
0405e600 : Found update container: LPAPFSContainer: AppleAPFSMedia, UUID: C423623B-8279-4D1C-AE12-20702CC1C05E
0405e600 : Found update volume: LPAPFSVolume: Update, Mount: /System/Volumes/Update
0405e600 : Will open restore file at: /System/Volumes/Update/restore.log
17fc5600 : setSystemTargetUUID will use / as the target
17fc5600 : Found update container: LPAPFSContainer: AppleAPFSMedia, UUID: C423623B-8279-4D1C-AE12-20702CC1C05E
17fc5600 : Found update volume: LPAPFSVolume: Update, Mount: /System/Volumes/Update
17fc5600 : Will open restore file at: /System/Volumes/Update/restore.log
10c58600 : setSystemTargetUUID will use / as the target
10c58600 : Found update container: LPAPFSContainer: AppleAPFSMedia, UUID: C423623B-8279-4D1C-AE12-20702CC1C05E
10c58600 : Found update volume: LPAPFSVolume: Update, Mount: /System/Volumes/Update
10c58600 : Will open restore file at: /System/Volumes/Update/restore.log
10279600 : setSystemTargetUUID will use / as the target
10279600 : Found update container: LPAPFSContainer: AppleAPFSMedia, UUID: C423623B-8279-4D1C-AE12-20702CC1C05E
10279600 : Found update volume: LPAPFSVolume: Update, Mount: /System/Volumes/Update
10279600 : Will open restore file at: /System/Volumes/Update/restore.log
0c24e600 : setSystemTargetUUID will use / as the target
0c24e600 : Found update container: LPAPFSContainer: AppleAPFSMedia, UUID: C423623B-8279-4D1C-AE12-20702CC1C05E
0c24e600 : Found update volume: LPAPFSVolume: Update, Mount: /System/Volumes/Update
0c24e600 : Will open restore file at: /System/Volumes/Update/restore.log
0a0fa600 : setSystemTargetUUID will use / as the target
0a0fa600 : Found update container: LPAPFSContainer: AppleAPFSMedia, UUID: C423623B-8279-4D1C-AE12-20702CC1C05E
0a0fa600 : Found update volume: LPAPFSVolume: Update, Mount: /System/Volumes/Update
0a0fa600 : Will open restore file at: /System/Volumes/Update/restore.log
02982600 : setSystemTargetUUID will use / as the target
02982600 : Found update container: LPAPFSContainer: AppleAPFSMedia, UUID: C423623B-8279-4D1C-AE12-20702CC1C05E
02982600 : Found update volume: LPAPFSVolume: Update, Mount: /System/Volumes/Update
02982600 : Will open restore file at: /System/Volumes/Update/restore.log
158bc600 : setSystemTargetUUID will use / as the target
158bc600 : Found update container: LPAPFSContainer: AppleAPFSMedia, UUID: C423623B-8279-4D1C-AE12-20702CC1C05E
158bc600 : Found update volume: LPAPFSVolume: Update, Mount: /System/Volumes/Update
158bc600 : Will open restore file at: /System/Volumes/Update/restore.log
10e41600 : setSystemTargetUUID will use / as the target
10e41600 : Found update container: LPAPFSContainer: AppleAPFSMedia, UUID: C423623B-8279-4D1C-AE12-20702CC1C05E
10e41600 : Found update volume: LPAPFSVolume: Update, Mount: /System/Volumes/Update
10e41600 : Will open restore file at: /System/Volumes/Update/restore.log
0af71600 : setSystemTargetUUID will use / as the target
0af71600 : Found update container: LPAPFSContainer: AppleAPFSMedia, UUID: C423623B-8279-4D1C-AE12-20702CC1C05E
0af71600 : Found update volume: LPAPFSVolume: Update, Mount: /System/Volumes/Update
0af71600 : Will open restore file at: /System/Volumes/Update/restore.log
0d29f600 : setSystemTargetUUID will use / as the target
0d29f600 : Found update container: LPAPFSContainer: AppleAPFSMedia, UUID: C423623B-8279-4D1C-AE12-20702CC1C05E
0d29f600 : Found update volume: LPAPFSVolume: Update, Mount: /System/Volumes/Update
0d29f600 : Will open restore file at: /System/Volumes/Update/restore.log
13a50600 : setSystemTargetUUID will use / as the target
13a50600 : Found update container: LPAPFSContainer: AppleAPFSMedia, UUID: C423623B-8279-4D1C-AE12-20702CC1C05E
13a50600 : Found update volume: LPAPFSVolume: Update, Mount: /System/Volumes/Update
13a50600 : Will open restore file at: /System/Volumes/Update/restore.log
11cbd600 : setSystemTargetUUID will use / as the target
11cbd600 : Found update container: LPAPFSContainer: AppleAPFSMedia, UUID: C423623B-8279-4D1C-AE12-20702CC1C05E
11cbd600 : Found update volume: LPAPFSVolume: Update, Mount: /System/Volumes/Update
11cbd600 : Will open restore file at: /System/Volumes/Update/restore.log
17659600 : setSystemTargetUUID will use / as the target
17659600 : Found update container: LPAPFSContainer: AppleAPFSMedia, UUID: C423623B-8279-4D1C-AE12-20702CC1C05E
17659600 : Found update volume: LPAPFSVolume: Update, Mount: /System/Volumes/Update
17659600 : Will open restore file at: /System/Volumes/Update/restore.log
14479600 : setSystemTargetUUID will use / as the target
14479600 : Found update container: LPAPFSContainer: AppleAPFSMedia, UUID: C423623B-8279-4D1C-AE12-20702CC1C05E
14479600 : Found update volume: LPAPFSVolume: Update, Mount: /System/Volumes/Update
14479600 : Will open restore file at: /System/Volumes/Update/restore.log
155cc600 : setSystemTargetUUID will use / as the target
155cc600 : Found update container: LPAPFSContainer: AppleAPFSMedia, UUID: C423623B-8279-4D1C-AE12-20702CC1C05E
155cc600 : Found update volume: LPAPFSVolume: Update, Mount: /System/Volumes/Update
155cc600 : Will open restore file at: /System/Volumes/Update/restore.log
08c51600 : setSystemTargetUUID will use / as the target
08c51600 : Found update container: LPAPFSContainer: AppleAPFSMedia, UUID: C423623B-8279-4D1C-AE12-20702CC1C05E
08c51600 : Found update volume: LPAPFSVolume: Update, Mount: /System/Volumes/Update
08c51600 : Will open restore file at: /System/Volumes/Update/restore.log
1b71a600 : setSystemTargetUUID will use / as the target
1b71a600 : Found update container: LPAPFSContainer: AppleAPFSMedia, UUID: C423623B-8279-4D1C-AE12-20702CC1C05E
1b71a600 : Found update volume: LPAPFSVolume: Update, Mount: /System/Volumes/Update
1b71a600 : Will open restore file at: /System/Volumes/Update/restore.log
0d2f3600 : setSystemTargetUUID will use / as the target
0d2f3600 : Found update container: LPAPFSContainer: AppleAPFSMedia, UUID: C423623B-8279-4D1C-AE12-20702CC1C05E
0d2f3600 : Found update volume: LPAPFSVolume: Update, Mount: /System/Volumes/Update
0d2f3600 : Will open restore file at: /System/Volumes/Update/restore.log
10cfc600 : setSystemTargetUUID will use / as the target
10cfc600 : Found update container: LPAPFSContainer: AppleAPFSMedia, UUID: C423623B-8279-4D1C-AE12-20702CC1C05E
10cfc600 : Found update volume: LPAPFSVolume: Update, Mount: /System/Volumes/Update
10cfc600 : Will open restore file at: /System/Volumes/Update/restore.log
0966c600 : setSystemTargetUUID will use / as the target
0966c600 : Found update container: LPAPFSContainer: AppleAPFSMedia, UUID: C423623B-8279-4D1C-AE12-20702CC1C05E
0966c600 : Found update volume: LPAPFSVolume: Update, Mount: /System/Volumes/Update
0966c600 : Will open restore file at: /System/Volumes/Update/restore.log
19abc600 : setSystemTargetUUID will use / as the target
19abc600 : Found update container: LPAPFSContainer: AppleAPFSMedia, UUID: C423623B-8279-4D1C-AE12-20702CC1C05E
19abc600 : Found update volume: LPAPFSVolume: Update, Mount: /System/Volumes/Update
19abc600 : Will open restore file at: /System/Volumes/Update/restore.log
