dev=/dev/rdisk1 uuid=00000000-0000-0000-0000-000000000000 vers=1934.141.2.701.1 default_ans=n result=65 fp=2 fl=156 repairs=0 time=0 iter=1
fsck_apfs completed at Sat Jul 18 13:08:12 2026
dev=/dev/rdisk1 uuid=00000000-0000-0000-0000-000000000000 vers=1934.141.2.701.1 default_ans=n result=65 fp=2 fl=156 repairs=0 time=0 iter=1
fsck_apfs completed at Sat Jul 18 13:08:12 2026
dev= uuid=00000000-0000-0000-0000-000000000000 vers=1934.141.2.701.1 default_ans=n result=0 fp=0 fl=-1 repairs=0 time=0 iter=1
fsck_apfs completed at Sat Jul 18 13:08:13 2026
dev=/dev/rdisk1 uuid=00000000-0000-0000-0000-000000000000 vers=1934.141.2.701.1 default_ans=n result=65 fp=2 fl=156 repairs=0 time=0 iter=1
fsck_apfs completed at Sat Jul 18 13:08:13 2026
dev= uuid=00000000-0000-0000-0000-000000000000 vers=1934.141.2.701.1 default_ans=n result=0 fp=0 fl=-1 repairs=0 time=0 iter=1
fsck_apfs completed at Sat Jul 18 13:08:13 2026
dev=/dev/rdisk1 uuid=00000000-0000-0000-0000-000000000000 vers=1934.141.2.701.1 default_ans=n result=65 fp=2 fl=156 repairs=0 time=0 iter=1
fsck_apfs completed at Sat Jul 18 13:08:13 2026
dev= uuid=00000000-0000-0000-0000-000000000000 vers=1934.141.2.701.1 default_ans=n result=0 fp=0 fl=-1 repairs=0 time=0 iter=1
fsck_apfs completed at Sat Jul 18 13:08:13 2026
dev=/dev/rdisk1 uuid=00000000-0000-0000-0000-000000000000 vers=1934.141.2.701.1 default_ans=n result=65 fp=2 fl=156 repairs=0 time=0 iter=1
fsck_apfs completed at Thu Jul 23 13:14:19 2026
dev=/dev/rdisk1 uuid=00000000-0000-0000-0000-000000000000 vers=1934.141.2.701.1 default_ans=n result=65 fp=2 fl=156 repairs=0 time=0 iter=1
fsck_apfs completed at Thu Jul 23 13:14:19 2026
dev= uuid=00000000-0000-0000-0000-000000000000 vers=1934.141.2.701.1 default_ans=n result=0 fp=0 fl=-1 repairs=0 time=0 iter=1
fsck_apfs completed at Thu Jul 23 13:14:20 2026
dev=/dev/rdisk1 uuid=00000000-0000-0000-0000-000000000000 vers=1934.141.2.701.1 default_ans=n result=65 fp=2 fl=156 repairs=0 time=0 iter=1
fsck_apfs completed at Thu Jul 23 13:14:20 2026
dev= uuid=00000000-0000-0000-0000-000000000000 vers=1934.141.2.701.1 default_ans=n result=0 fp=0 fl=-1 repairs=0 time=0 iter=1
fsck_apfs completed at Thu Jul 23 13:14:20 2026
dev=/dev/rdisk1 uuid=00000000-0000-0000-0000-000000000000 vers=1934.141.2.701.1 default_ans=n result=65 fp=2 fl=156 repairs=0 time=0 iter=1
fsck_apfs completed at Thu Jul 23 13:14:20 2026
dev= uuid=00000000-0000-0000-0000-000000000000 vers=1934.141.2.701.1 default_ans=n result=0 fp=0 fl=-1 repairs=0 time=0 iter=1
fsck_apfs completed at Thu Jul 23 13:14:20 2026
dev=/dev/rdisk1 uuid=00000000-0000-0000-0000-000000000000 vers=1934.141.2.701.1 default_ans=n result=65 fp=2 fl=156 repairs=0 time=0 iter=1
fsck_apfs completed at Thu Jul 23 13:16:12 2026
dev=/dev/rdisk1 uuid=00000000-0000-0000-0000-000000000000 vers=1934.141.2.701.1 default_ans=n result=65 fp=2 fl=156 repairs=0 time=0 iter=1
fsck_apfs completed at Thu Jul 23 13:16:12 2026
dev= uuid=00000000-0000-0000-0000-000000000000 vers=1934.141.2.701.1 default_ans=n result=0 fp=0 fl=-1 repairs=0 time=0 iter=1
fsck_apfs completed at Thu Jul 23 13:16:12 2026
dev=/dev/rdisk1 uuid=00000000-0000-0000-0000-000000000000 vers=1934.141.2.701.1 default_ans=n result=65 fp=2 fl=156 repairs=0 time=0 iter=1
fsck_apfs completed at Thu Jul 23 13:16:12 2026
dev= uuid=00000000-0000-0000-0000-000000000000 vers=1934.141.2.701.1 default_ans=n result=0 fp=0 fl=-1 repairs=0 time=0 iter=1
fsck_apfs completed at Thu Jul 23 13:16:13 2026
dev=/dev/rdisk1 uuid=00000000-0000-0000-0000-000000000000 vers=1934.141.2.701.1 default_ans=n result=65 fp=2 fl=156 repairs=0 time=0 iter=1
fsck_apfs completed at Thu Jul 23 13:16:13 2026
dev= uuid=00000000-0000-0000-0000-000000000000 vers=1934.141.2.701.1 default_ans=n result=0 fp=0 fl=-1 repairs=0 time=0 iter=1
fsck_apfs completed at Thu Jul 23 13:16:13 2026
dev=/dev/rdisk1 uuid=00000000-0000-0000-0000-000000000000 vers=1934.141.2.701.1 default_ans=n result=65 fp=2 fl=156 repairs=0 time=0 iter=1
fsck_apfs completed at Fri Jul 24 12:39:33 2026
dev=/dev/rdisk1 uuid=00000000-0000-0000-0000-000000000000 vers=1934.141.2.701.1 default_ans=n result=65 fp=2 fl=156 repairs=0 time=0 iter=1
fsck_apfs completed at Fri Jul 24 12:39:33 2026
dev= uuid=00000000-0000-0000-0000-000000000000 vers=1934.141.2.701.1 default_ans=n result=0 fp=0 fl=-1 repairs=0 time=0 iter=1
fsck_apfs completed at Fri Jul 24 12:39:33 2026
dev=/dev/rdisk1 uuid=00000000-0000-0000-0000-000000000000 vers=1934.141.2.701.1 default_ans=n result=65 fp=2 fl=156 repairs=0 time=0 iter=1
fsck_apfs completed at Fri Jul 24 12:39:34 2026
dev= uuid=00000000-0000-0000-0000-000000000000 vers=1934.141.2.701.1 default_ans=n result=0 fp=0 fl=-1 repairs=0 time=0 iter=1
fsck_apfs completed at Fri Jul 24 12:39:34 2026
dev=/dev/rdisk1 uuid=00000000-0000-0000-0000-000000000000 vers=1934.141.2.701.1 default_ans=n result=65 fp=2 fl=156 repairs=0 time=0 iter=1
fsck_apfs completed at Fri Jul 24 12:39:34 2026
dev= uuid=00000000-0000-0000-0000-000000000000 vers=1934.141.2.701.1 default_ans=n result=0 fp=0 fl=-1 repairs=0 time=0 iter=1
fsck_apfs completed at Fri Jul 24 12:39:34 2026
