Jul 12 00:02:56 Drs-MacBook-Pro syslogd[132]: ASL Sender Statistics
Jul 12 00:12:27 Drs-MacBook-Pro login[7722]: USER_PROCESS: 7722 ttys007
Jul 12 00:13:01 Drs-MacBook-Pro syslogd[132]: ASL Sender Statistics
Jul 12 00:21:49 Drs-MacBook-Pro login[7722]: DEAD_PROCESS: 7722 ttys007
Jul 12 00:23:08 Drs-MacBook-Pro syslogd[132]: ASL Sender Statistics
Jul 12 00:30:00 Drs-MacBook-Pro syslogd[132]: Configuration Notice:
	ASL Module "com.apple.cdscheduler" claims selected messages.
	Those messages may not appear in standard system log files or in the ASL database.
Jul 12 00:30:00 Drs-MacBook-Pro syslogd[132]: Configuration Notice:
	ASL Module "com.apple.install" claims selected messages.
	Those messages may not appear in standard system log files or in the ASL database.
Jul 12 00:30:00 Drs-MacBook-Pro syslogd[132]: Configuration Notice:
	ASL Module "com.apple.authd" sharing output destination "/var/log/asl" with ASL Module "com.apple.asl".
	Output parameters from ASL Module "com.apple.asl" override any specified in ASL Module "com.apple.authd".
Jul 12 00:30:00 Drs-MacBook-Pro syslogd[132]: Configuration Notice:
	ASL Module "com.apple.authd" sharing output destination "/var/log/system.log" with ASL Module "com.apple.asl".
	Output parameters from ASL Module "com.apple.asl" override any specified in ASL Module "com.apple.authd".
Jul 12 00:30:00 Drs-MacBook-Pro syslogd[132]: Configuration Notice:
	ASL Module "com.apple.authd" claims selected messages.
	Those messages may not appear in standard system log files or in the ASL database.
Jul 12 00:30:00 Drs-MacBook-Pro syslogd[132]: Configuration Notice:
	ASL Module "com.apple.eventmonitor" claims selected messages.
	Those messages may not appear in standard system log files or in the ASL database.
Jul 12 00:30:00 Drs-MacBook-Pro syslogd[132]: Configuration Notice:
	ASL Module "com.apple.mail" claims selected messages.
	Those messages may not appear in standard system log files or in the ASL database.
Jul 12 00:30:00 Drs-MacBook-Pro syslogd[132]: Configuration Notice:
	ASL Module "com.apple.performance" claims selected messages.
	Those messages may not appear in standard system log files or in the ASL database.
Jul 12 00:30:00 Drs-MacBook-Pro syslogd[132]: Configuration Notice:
	ASL Module "com.apple.iokit.power" claims selected messages.
	Those messages may not appear in standard system log files or in the ASL database.
Jul 12 00:30:00 Drs-MacBook-Pro syslogd[132]: Configuration Notice:
	ASL Module "com.apple.contacts.ContactsAutocomplete" claims selected messages.
	Those messages may not appear in standard system log files or in the ASL database.
Jul 12 00:30:00 Drs-MacBook-Pro syslogd[132]: Configuration Notice:
	ASL Module "com.apple.mkb" sharing output destination "/private/var/log/keybagd.log" with ASL Module "com.apple.mkb.internal".
	Output parameters from ASL Module "com.apple.mkb.internal" override any specified in ASL Module "com.apple.mkb".
Jul 12 00:30:00 Drs-MacBook-Pro syslogd[132]: Configuration Notice:
	ASL Module "com.apple.mkb" claims selected messages.
	Those messages may not appear in standard system log files or in the ASL database.
Jul 12 00:30:00 Drs-MacBook-Pro syslogd[132]: Configuration Notice:
	ASL Module "com.apple.MessageTracer" claims selected messages.
	Those messages may not appear in standard system log files or in the ASL database.
Jul 12 00:34:40 Drs-MacBook-Pro syslogd[132]: ASL Sender Statistics
Jul 12 00:44:42 Drs-MacBook-Pro syslogd[132]: ASL Sender Statistics
Jul 12 00:49:13 Drs-MacBook-Pro login[7604]: DEAD_PROCESS: 7604 ttys004
Jul 12 00:49:37 Drs-MacBook-Pro login[7623]: DEAD_PROCESS: 7623 ttys006
Jul 12 00:50:42 Drs-MacBook-Pro login[8048]: USER_PROCESS: 8048 ttys004
Jul 12 00:51:33 Drs-MacBook-Pro login[8048]: DEAD_PROCESS: 8048 ttys004
Jul 12 00:53:29 Drs-MacBook-Pro login[7423]: DEAD_PROCESS: 7423 ttys000
Jul 12 00:55:53 Drs-MacBook-Pro login[852]: DEAD_PROCESS: 852 ttys001
Jul 12 00:55:53 Drs-MacBook-Pro syslogd[132]: ASL Sender Statistics
Jul 12 00:58:14 Drs-MacBook-Pro login[8229]: USER_PROCESS: 8229 ttys000
Jul 12 00:58:34 Drs-MacBook-Pro login[8229]: DEAD_PROCESS: 8229 ttys000
Jul 12 00:58:43 Drs-MacBook-Pro login[7497]: DEAD_PROCESS: 7497 ttys002
Jul 12 01:06:50 Drs-MacBook-Pro login[8300]: USER_PROCESS: 8300 ttys000
Jul 12 01:06:50 Drs-MacBook-Pro syslogd[132]: ASL Sender Statistics
Jul 12 01:07:14 Drs-MacBook-Pro login[8300]: DEAD_PROCESS: 8300 ttys000
Jul 12 01:16:59 Drs-MacBook-Pro syslogd[132]: ASL Sender Statistics
Jul 12 01:20:54 Drs-MacBook-Pro login[35402]: USER_PROCESS: 35402 ttys000
Jul 12 01:24:46 Drs-MacBook-Pro login[35425]: USER_PROCESS: 35425 ttys001
Jul 12 01:25:00 Drs-MacBook-Pro login[35425]: DEAD_PROCESS: 35425 ttys001
Jul 12 01:27:04 Drs-MacBook-Pro syslogd[132]: ASL Sender Statistics
Jul 12 01:39:15 Drs-MacBook-Pro syslogd[132]: ASL Sender Statistics
Jul 12 01:42:51 Drs-MacBook-Pro login[49363]: USER_PROCESS: 49363 ttys001
Jul 12 01:51:15 Drs-MacBook-Pro syslogd[132]: ASL Sender Statistics
Jul 12 02:01:54 Drs-MacBook-Pro syslogd[132]: ASL Sender Statistics
Jul 12 02:12:00 Drs-MacBook-Pro syslogd[132]: ASL Sender Statistics
Jul 12 02:15:59 Drs-MacBook-Pro login[49363]: DEAD_PROCESS: 49363 ttys001
Jul 12 02:16:06 Drs-MacBook-Pro login[35402]: DEAD_PROCESS: 35402 ttys000
Jul 12 02:16:18 Drs-MacBook-Pro login[63042]: USER_PROCESS: 63042 ttys000
Jul 12 02:17:19 Drs-MacBook-Pro login[64767]: USER_PROCESS: 64767 ttys001
Jul 12 02:22:02 Drs-MacBook-Pro syslogd[132]: ASL Sender Statistics
Jul 12 02:22:22 Drs-MacBook-Pro login[64767]: DEAD_PROCESS: 64767 ttys001
Jul 12 02:22:54 Drs-MacBook-Pro login[73079]: USER_PROCESS: 73079 ttys001
Jul 12 02:22:56 Drs-MacBook-Pro login[7518]: DEAD_PROCESS: 7518 ttys003
Jul 12 02:23:01 Drs-MacBook-Pro login[63042]: DEAD_PROCESS: 63042 ttys000
Jul 12 02:26:44 Drs-MacBook-Pro login[73856]: USER_PROCESS: 73856 ttys000
Jul 12 02:27:09 Drs-MacBook-Pro login[73856]: DEAD_PROCESS: 73856 ttys000
Jul 12 02:33:53 Drs-MacBook-Pro syslogd[132]: ASL Sender Statistics
Jul 12 02:37:29 Drs-MacBook-Pro login[89743]: USER_PROCESS: 89743 ttys000
Jul 12 02:37:32 Drs-MacBook-Pro login[89743]: DEAD_PROCESS: 89743 ttys000
Jul 12 02:37:37 Drs-MacBook-Pro login[89764]: USER_PROCESS: 89764 ttys000
Jul 12 02:40:42 Drs-MacBook-Pro login[89788]: USER_PROCESS: 89788 ttys002
Jul 12 02:41:10 Drs-MacBook-Pro login[89799]: USER_PROCESS: 89799 ttys003
Jul 12 02:41:28 Drs-MacBook-Pro login[89811]: USER_PROCESS: 89811 ttys004
Jul 12 02:42:37 Drs-MacBook-Pro login[89868]: USER_PROCESS: 89868 ttys006
Jul 12 02:44:09 Drs-MacBook-Pro login[89868]: DEAD_PROCESS: 89868 ttys006
Jul 12 02:44:09 Drs-MacBook-Pro syslogd[132]: ASL Sender Statistics
Jul 12 02:45:38 Drs-MacBook-Pro login[89799]: DEAD_PROCESS: 89799 ttys003
Jul 12 02:47:24 Drs-MacBook-Pro login[89811]: DEAD_PROCESS: 89811 ttys004
Jul 12 02:47:30 Drs-MacBook-Pro login[89764]: DEAD_PROCESS: 89764 ttys000
Jul 12 02:54:22 Drs-MacBook-Pro syslogd[132]: ASL Sender Statistics
Jul 12 03:06:00 Drs-MacBook-Pro syslogd[132]: ASL Sender Statistics
Jul 12 03:07:05 Drs-MacBook-Pro login[89788]: DEAD_PROCESS: 89788 ttys002
Jul 12 03:07:10 Drs-MacBook-Pro login[90183]: USER_PROCESS: 90183 ttys000
Jul 12 03:16:30 Drs-MacBook-Pro syslogd[132]: ASL Sender Statistics
Jul 12 03:18:13 Drs-MacBook-Pro login[90256]: USER_PROCESS: 90256 ttys002
Jul 12 03:21:33 Drs-MacBook-Pro login[90275]: USER_PROCESS: 90275 ttys003
Jul 12 03:26:13 Drs-MacBook-Pro login[90275]: DEAD_PROCESS: 90275 ttys003
Jul 12 03:26:33 Drs-MacBook-Pro login[90317]: USER_PROCESS: 90317 ttys003
Jul 12 03:26:33 Drs-MacBook-Pro syslogd[132]: ASL Sender Statistics
Jul 12 03:29:57 Drs-MacBook-Pro login[90256]: DEAD_PROCESS: 90256 ttys002
Jul 12 03:35:47 Drs-MacBook-Pro login[90455]: USER_PROCESS: 90455 ttys002
Jul 12 03:36:36 Drs-MacBook-Pro syslogd[132]: ASL Sender Statistics
Jul 12 03:36:38 Drs-MacBook-Pro login[90455]: DEAD_PROCESS: 90455 ttys002
Jul 12 03:46:01 Drs-MacBook-Pro login[90650]: USER_PROCESS: 90650 ttys002
Jul 12 03:46:37 Drs-MacBook-Pro login[90650]: DEAD_PROCESS: 90650 ttys002
Jul 12 03:46:37 Drs-MacBook-Pro syslogd[132]: ASL Sender Statistics
Jul 12 03:57:02 Drs-MacBook-Pro syslogd[132]: ASL Sender Statistics
Jul 12 04:07:27 Drs-MacBook-Pro syslogd[132]: ASL Sender Statistics
Jul 12 04:15:05 Drs-MacBook-Pro login[91179]: USER_PROCESS: 91179 ttys002
Jul 12 04:17:43 Drs-MacBook-Pro syslogd[132]: ASL Sender Statistics
Jul 12 04:27:52 Drs-MacBook-Pro syslogd[132]: ASL Sender Statistics
Jul 12 04:39:57 Drs-MacBook-Pro login[91630]: USER_PROCESS: 91630 ttys004
Jul 12 04:39:57 Drs-MacBook-Pro syslogd[132]: ASL Sender Statistics
Jul 12 04:42:07 Drs-MacBook-Pro login[91630]: DEAD_PROCESS: 91630 ttys004
Jul 12 04:42:35 Drs-MacBook-Pro login[91671]: USER_PROCESS: 91671 ttys004
Jul 12 04:45:27 Drs-MacBook-Pro login[91671]: DEAD_PROCESS: 91671 ttys004
Jul 12 04:50:07 Drs-MacBook-Pro syslogd[132]: ASL Sender Statistics
Jul 12 05:00:09 Drs-MacBook-Pro syslogd[132]: ASL Sender Statistics
Jul 12 05:09:39 Drs-MacBook-Pro login[91179]: DEAD_PROCESS: 91179 ttys002
Jul 12 05:10:11 Drs-MacBook-Pro syslogd[132]: ASL Sender Statistics
Jul 12 05:12:31 Drs-MacBook-Pro login[92118]: USER_PROCESS: 92118 ttys002
Jul 12 05:13:23 Drs-MacBook-Pro login[92118]: DEAD_PROCESS: 92118 ttys002
Jul 12 05:18:58 Drs-MacBook-Pro login[92200]: USER_PROCESS: 92200 ttys002
Jul 12 05:21:02 Drs-MacBook-Pro login[92223]: USER_PROCESS: 92223 ttys004
Jul 12 05:21:02 Drs-MacBook-Pro syslogd[132]: ASL Sender Statistics
Jul 12 05:31:37 Drs-MacBook-Pro syslogd[132]: ASL Sender Statistics
Jul 12 05:34:41 Drs-MacBook-Pro login[99317]: USER_PROCESS: 99317 ttys006
Jul 12 05:41:54 Drs-MacBook-Pro syslogd[132]: ASL Sender Statistics
Jul 12 05:55:09 Drs-MacBook-Pro syslogd[132]: ASL Sender Statistics
Jul 12 06:05:16 Drs-MacBook-Pro syslogd[132]: ASL Sender Statistics
Jul 12 06:17:06 Drs-MacBook-Pro syslogd[132]: ASL Sender Statistics
Jul 12 06:21:11 Drs-MacBook-Pro login[92200]: DEAD_PROCESS: 92200 ttys002
Jul 12 06:30:24 Drs-MacBook-Pro syslogd[132]: ASL Sender Statistics
Jul 12 06:30:39 Drs-MacBook-Pro login[159]: USER_PROCESS: 159 ttys002
Jul 12 06:30:51 Drs-MacBook-Pro login[159]: DEAD_PROCESS: 159 ttys002
Jul 12 06:33:09 Drs-MacBook-Pro login[257]: USER_PROCESS: 257 ttys002
Jul 12 06:41:25 Drs-MacBook-Pro syslogd[132]: ASL Sender Statistics
Jul 12 06:46:50 Drs-MacBook-Pro login[618]: USER_PROCESS: 618 ttys007
Jul 12 06:47:05 Drs-MacBook-Pro login[618]: DEAD_PROCESS: 618 ttys007
Jul 12 06:50:48 Drs-MacBook-Pro login[700]: USER_PROCESS: 700 ttys007
Jul 12 06:51:52 Drs-MacBook-Pro login[700]: DEAD_PROCESS: 700 ttys007
Jul 12 06:51:52 Drs-MacBook-Pro syslogd[132]: ASL Sender Statistics
Jul 12 07:00:43 Drs-MacBook-Pro login[939]: USER_PROCESS: 939 ttys007
Jul 12 07:02:03 Drs-MacBook-Pro syslogd[132]: ASL Sender Statistics
Jul 12 07:08:07 Drs-MacBook-Pro login[99317]: DEAD_PROCESS: 99317 ttys006
Jul 12 07:11:12 Drs-MacBook-Pro login[939]: DEAD_PROCESS: 939 ttys007
Jul 12 07:12:26 Drs-MacBook-Pro syslogd[132]: ASL Sender Statistics
Jul 12 07:12:56 Drs-MacBook-Pro login[92223]: DEAD_PROCESS: 92223 ttys004
Jul 12 07:13:46 Drs-MacBook-Pro login[73079]: DEAD_PROCESS: 73079 ttys001
Jul 12 07:18:30 Drs-MacBook-Pro login[1334]: USER_PROCESS: 1334 ttys001
Jul 12 07:18:37 Drs-MacBook-Pro login[257]: DEAD_PROCESS: 257 ttys002
Jul 12 07:29:04 Drs-MacBook-Pro syslogd[132]: ASL Sender Statistics
Jul 12 07:31:11 Drs-MacBook-Pro login[1367]: USER_PROCESS: 1367 ttys002
Jul 12 07:31:32 Drs-MacBook-Pro login[1374]: USER_PROCESS: 1374 ttys004
Jul 12 07:43:03 Drs-MacBook-Pro syslogd[132]: ASL Sender Statistics
Jul 12 07:45:56 Drs-MacBook-Pro login[1367]: DEAD_PROCESS: 1367 ttys002
Jul 12 07:45:56 Drs-MacBook-Pro login[1374]: DEAD_PROCESS: 1374 ttys004
Jul 12 07:46:48 Drs-MacBook-Pro login[1334]: DEAD_PROCESS: 1334 ttys001
Jul 12 07:53:25 Drs-MacBook-Pro syslogd[132]: ASL Sender Statistics
Jul 12 07:57:03 Drs-MacBook-Pro login[90317]: DEAD_PROCESS: 90317 ttys003
Jul 12 07:57:03 Drs-MacBook-Pro login[90183]: DEAD_PROCESS: 90183 ttys000
Jul 12 07:57:03 Drs-MacBook-Pro login[7611]: DEAD_PROCESS: 7611 ttys005
Jul 12 07:57:04 Drs-MacBook-Pro sessionlogoutd[2125]: DEAD_PROCESS: 171 console
Jul 12 07:57:04 Drs-MacBook-Pro shutdown[2126]: SHUTDOWN_TIME: 1783861024 538365
Jul 12 08:56:17 localhost bootlog[0]: BOOT_TIME 1783864577 0
Jul 12 08:56:21 localhost syslogd[132]: Configuration Notice:
	ASL Module "com.apple.cdscheduler" claims selected messages.
	Those messages may not appear in standard system log files or in the ASL database.
Jul 12 08:56:21 localhost syslogd[132]: Configuration Notice:
	ASL Module "com.apple.install" claims selected messages.
	Those messages may not appear in standard system log files or in the ASL database.
Jul 12 08:56:21 localhost syslogd[132]: Configuration Notice:
	ASL Module "com.apple.authd" sharing output destination "/var/log/asl" with ASL Module "com.apple.asl".
	Output parameters from ASL Module "com.apple.asl" override any specified in ASL Module "com.apple.authd".
Jul 12 08:56:21 localhost syslogd[132]: Configuration Notice:
	ASL Module "com.apple.authd" sharing output destination "/var/log/system.log" with ASL Module "com.apple.asl".
	Output parameters from ASL Module "com.apple.asl" override any specified in ASL Module "com.apple.authd".
Jul 12 08:56:21 localhost syslogd[132]: Configuration Notice:
	ASL Module "com.apple.authd" claims selected messages.
	Those messages may not appear in standard system log files or in the ASL database.
Jul 12 08:56:21 localhost syslogd[132]: Configuration Notice:
	ASL Module "com.apple.eventmonitor" claims selected messages.
	Those messages may not appear in standard system log files or in the ASL database.
Jul 12 08:56:21 localhost syslogd[132]: Configuration Notice:
	ASL Module "com.apple.mail" claims selected messages.
	Those messages may not appear in standard system log files or in the ASL database.
Jul 12 08:56:21 localhost syslogd[132]: Configuration Notice:
	ASL Module "com.apple.performance" claims selected messages.
	Those messages may not appear in standard system log files or in the ASL database.
Jul 12 08:56:21 localhost syslogd[132]: Configuration Notice:
	ASL Module "com.apple.iokit.power" claims selected messages.
	Those messages may not appear in standard system log files or in the ASL database.
Jul 12 08:56:21 localhost syslogd[132]: Configuration Notice:
	ASL Module "com.apple.contacts.ContactsAutocomplete" claims selected messages.
	Those messages may not appear in standard system log files or in the ASL database.
Jul 12 08:56:21 localhost syslogd[132]: Configuration Notice:
	ASL Module "com.apple.mkb" sharing output destination "/private/var/log/keybagd.log" with ASL Module "com.apple.mkb.internal".
	Output parameters from ASL Module "com.apple.mkb.internal" override any specified in ASL Module "com.apple.mkb".
Jul 12 08:56:21 localhost syslogd[132]: Configuration Notice:
	ASL Module "com.apple.mkb" claims selected messages.
	Those messages may not appear in standard system log files or in the ASL database.
Jul 12 08:56:21 localhost syslogd[132]: Configuration Notice:
	ASL Module "com.apple.MessageTracer" claims selected messages.
	Those messages may not appear in standard system log files or in the ASL database.
Jul 12 08:56:21 localhost Installer Progress[129]: Progress UI App Starting
Jul 12 08:56:21 localhost syslogd[132]: ASL Sender Statistics
Jul 12 08:56:39 Drs-MacBook-Pro Installer Progress[129]: 1 Boot windows acquired
Jul 12 08:56:39 Drs-MacBook-Pro Installer Progress[129]: Enable display of the Cinematic Boot windows
Jul 12 08:56:40 Drs-MacBook-Pro Installer Progress[129]: _ShowUnmanagedSpace: 15503: Showing Unmanaged Space 2
Jul 12 08:56:40 Drs-MacBook-Pro Installer Progress[129]: Hiding the cursor in Progress UI
Jul 12 08:56:40 Drs-MacBook-Pro Installer Progress[129]: Configuration is deferred 0
Jul 12 08:56:40 Drs-MacBook-Pro Installer Progress[129]: IASGetCurrentInstallPhaseList: phases = (
	        {
	        ConclusionDelay = 0;
	        InstallPhase = "IOKit Boot";
	        InstallPhaseActualPercentageKey = "34.375";
	        InstallPhasePercentageKey = 34;
	    },
	        {
	        ConclusionDelay = "-1";
	        InstallPhase = "loginwindow Boot";
	        InstallPhaseActualPercentageKey = "65.625";
	        InstallPhasePercentageKey = 66;
	    }
	)
Jul 12 08:56:40 Drs-MacBook-Pro Installer Progress[129]: IASGetCurrentInstallPhase: Current phase name is "loginwindow Boot"
Jul 12 08:56:40 Drs-MacBook-Pro Installer Progress[129]: Advance to phase named = "loginwindow Boot"
Jul 12 08:56:40 Drs-MacBook-Pro Installer Progress[129]: currentPhase = "<IASPPhase: 0x600003e5b9e0: 'loginwindow Boot', percentage 65.6, delay -1>", phases = (
	    "<IASPPhase: 0x600003e5b960: 'IOKit Boot', percentage 34.4, delay 0>",
	    "<IASPPhase: 0x600003e5b9e0: 'loginwindow Boot', percentage 65.6, delay -1>"
	)
Jul 12 08:56:40 Drs-MacBook-Pro Installer Progress[129]: Progress app is loading…
Jul 12 08:56:40 Drs-MacBook-Pro Installer Progress[129]: Progress app is running…
Jul 12 08:56:40 Drs-MacBook-Pro loginwindow[171]: Clearing phase info
Jul 12 08:56:40 Drs-MacBook-Pro loginwindow[171]: calling progress app remoteObjectProxy
Jul 12 08:56:40 Drs-MacBook-Pro loginwindow[171]: Creating connection
Jul 12 08:56:40 Drs-MacBook-Pro loginwindow[171]: Connection = 0x600002a88a00, callers = (
	    "<IASUPCaller: 0x60000199d570>"
	)
Jul 12 08:56:40 Drs-MacBook-Pro Installer Progress[129]: caller = /System/Library/CoreServices/loginwindow.app/Contents/MacOS/loginwindow
Jul 12 08:56:40 Drs-MacBook-Pro Installer Progress[129]: Version 2
Jul 12 08:56:40 Drs-MacBook-Pro loginwindow[171]: version = 2
Jul 12 08:56:40 Drs-MacBook-Pro loginwindow[171]: isModernOS = 1
Jul 12 08:56:40 Drs-MacBook-Pro loginwindow[171]: Add phase named "IOKit Boot", progress 34.375000, delayInSeconds 0
Jul 12 08:56:40 Drs-MacBook-Pro Installer Progress[129]: Clearing phase info
Jul 12 08:56:40 Drs-MacBook-Pro Installer Progress[129]: IASClearInstallProgress: Clearing Registry
Jul 12 08:56:40 Drs-MacBook-Pro loginwindow[171]: Add phase named "loginwindow Boot", progress 65.625000, delayInSeconds -1
Jul 12 08:56:40 Drs-MacBook-Pro Installer Progress[129]: totalPercentage = 0.000000
Jul 12 08:56:40 Drs-MacBook-Pro loginwindow[171]: Connection = 0x600002a88a00, callers = (
	    "<IASUPCaller: 0x60000199d570>",
	    "<IASUPCaller: 0x600001980d40>"
	)
Jul 12 08:56:40 Drs-MacBook-Pro Installer Progress[129]: currentPhase = "(null)", phases = (
	    "<IASPPhase: 0x600003e46860: 'IOKit Boot', percentage 34.4, delay 0>"
	)
Jul 12 08:56:40 Drs-MacBook-Pro loginwindow[171]: client 0x600000ea9600: phaseName = "loginwindow Boot", registering connection
Jul 12 08:56:40 Drs-MacBook-Pro loginwindow[171]: client 0x600000ea9600: phaseName = "loginwindow Boot" was created
Jul 12 08:56:40 Drs-MacBook-Pro Installer Progress[129]: IASSetCurrentInstallPhaseList: phases set to (
	        {
	        ConclusionDelay = 0;
	        InstallPhase = "IOKit Boot";
	        InstallPhaseActualPercentageKey = "34.375";
	        InstallPhasePercentageKey = 34;
	    }
	)
Jul 12 08:56:40 Drs-MacBook-Pro loginwindow[171]: Connection = 0x600002a88a00, callers = (
	    "<IASUPCaller: 0x60000199d570>",
	    "<IASUPCaller: 0x600001980d40>",
	    "<IASUPCaller: 0x600001980d30>"
	)
Jul 12 08:56:40 Drs-MacBook-Pro loginwindow[171]: client 0x600000ea91c0: phaseName = "IOKit Boot", registering connection
Jul 12 08:56:40 Drs-MacBook-Pro Installer Progress[129]: IASSetCurrentInstallPhase: Current phase name set to "IOKit Boot"
Jul 12 08:56:40 Drs-MacBook-Pro Installer Progress[129]: totalPercentage = 34.375000
Jul 12 08:56:40 Drs-MacBook-Pro loginwindow[171]: client 0x600000ea91c0: phaseName = "IOKit Boot" was created
Jul 12 08:56:40 Drs-MacBook-Pro Installer Progress[129]: currentPhase = "<IASPPhase: 0x600003e46860: 'IOKit Boot', percentage 34.4, delay 0>", phases = (
	    "<IASPPhase: 0x600003e46860: 'IOKit Boot', percentage 34.4, delay 0>",
	    "<IASPPhase: 0x600003e468c0: 'loginwindow Boot', percentage 65.6, delay -1>"
	)
Jul 12 08:56:40 Drs-MacBook-Pro loginwindow[171]: client 0x600000ea91c0: phaseName = "IOKit Boot", show progress UI called
Jul 12 08:56:40 Drs-MacBook-Pro loginwindow[171]: ISAP: Show progress UI called
Jul 12 08:56:40 Drs-MacBook-Pro loginwindow[171]: client 0x600000ea91c0: phaseName = "IOKit Boot" is done
Jul 12 08:56:40 Drs-MacBook-Pro loginwindow[171]: ISAP: Done with Phase "IOKit Boot"
Jul 12 08:56:40 Drs-MacBook-Pro Installer Progress[129]: IASSetCurrentInstallPhaseList: phases set to (
	        {
	        ConclusionDelay = 0;
	        InstallPhase = "IOKit Boot";
	        InstallPhaseActualPercentageKey = "34.375";
	        InstallPhasePercentageKey = 34;
	    },
	        {
	        ConclusionDelay = "-1";
	        InstallPhase = "loginwindow Boot";
	        InstallPhaseActualPercentageKey = "65.625";
	        InstallPhasePercentageKey = 66;
	    }
	)
Jul 12 08:56:40 Drs-MacBook-Pro Installer Progress[129]: Register process 171, phaseName loginwindow Boot, uuid 5D2D9204-160D-4DB4-809E-B869D4292636
Jul 12 08:56:40 Drs-MacBook-Pro loginwindow[171]: client 0x600000ea91c0: phaseName = "IOKit Boot" is being released
Jul 12 08:56:40 Drs-MacBook-Pro Installer Progress[129]: Connected processes {
	    "5D2D9204-160D-4DB4-809E-B869D4292636" =     {
	        "Phase Name" = "loginwindow Boot";
	        "Process ID" = 171;
	        UUID = "5D2D9204-160D-4DB4-809E-B869D4292636";
	    };
	}
Jul 12 08:56:40 Drs-MacBook-Pro loginwindow[171]: Releasing Connection
Jul 12 08:56:40 Drs-MacBook-Pro Installer Progress[129]: Saving completion handler for phase loginwindow Boot
Jul 12 08:56:40 Drs-MacBook-Pro Installer Progress[129]: Connected processes {
	    "5D2D9204-160D-4DB4-809E-B869D4292636" =     {
	        CompletionHandlerKey = "<__NSMallocBlock__: 0x600001d59130>";
	        "Phase Name" = "loginwindow Boot";
	        "Process ID" = 171;
	        UUID = "5D2D9204-160D-4DB4-809E-B869D4292636";
	    };
	}
Jul 12 08:56:40 Drs-MacBook-Pro Installer Progress[129]: Register process 171, phaseName IOKit Boot, uuid 1D83C7F4-436C-4372-BC9F-498AE152264A
Jul 12 08:56:40 Drs-MacBook-Pro loginwindow[171]: client 0x600000ea9600: handler = 0x7ff7b24a5198
Jul 12 08:56:40 Drs-MacBook-Pro Installer Progress[129]: Connected processes {
	    "1D83C7F4-436C-4372-BC9F-498AE152264A" =     {
	        "Phase Name" = "IOKit Boot";
	        "Process ID" = 171;
	        UUID = "1D83C7F4-436C-4372-BC9F-498AE152264A";
	    };
	    "5D2D9204-160D-4DB4-809E-B869D4292636" =     {
	        CompletionHandlerKey = "<__NSMallocBlock__: 0x600001d59130>";
	        "Phase Name" = "loginwindow Boot";
	        "Process ID" = 171;
	        UUID = "5D2D9204-160D-4DB4-809E-B869D4292636";
	    };
	}
Jul 12 08:56:40 Drs-MacBook-Pro Installer Progress[129]: Saving completion handler for phase IOKit Boot
Jul 12 08:56:40 Drs-MacBook-Pro Installer Progress[129]: Connected processes {
	    "1D83C7F4-436C-4372-BC9F-498AE152264A" =     {
	        CompletionHandlerKey = "<__NSMallocBlock__: 0x600001d59180>";
	        "Phase Name" = "IOKit Boot";
	        "Process ID" = 171;
	        UUID = "1D83C7F4-436C-4372-BC9F-498AE152264A";
	    };
	    "5D2D9204-160D-4DB4-809E-B869D4292636" =     {
	        CompletionHandlerKey = "<__NSMallocBlock__: 0x600001d59130>";
	        "Phase Name" = "loginwindow Boot";
	        "Process ID" = 171;
	        UUID = "5D2D9204-160D-4DB4-809E-B869D4292636";
	    };
	}
Jul 12 08:56:40 Drs-MacBook-Pro Installer Progress[129]: Progress Updated: currentPhase = "IOKit Boot", phase progress = 100.000, total progress = 34.375
Jul 12 08:56:40 Drs-MacBook-Pro Installer Progress[129]: IASGetCurrentInstallPhaseList: phases = (
	        {
	        ConclusionDelay = 0;
	        InstallPhase = "IOKit Boot";
	        InstallPhaseActualPercentageKey = "34.375";
	        InstallPhasePercentageKey = 34;
	    },
	        {
	        ConclusionDelay = "-1";
	        InstallPhase = "loginwindow Boot";
	        InstallPhaseActualPercentageKey = "65.625";
	        InstallPhasePercentageKey = 66;
	    }
	)
Jul 12 08:56:40 Drs-MacBook-Pro Installer Progress[129]: IASGetCurrentInstallPhase: Current phase name is "IOKit Boot"
Jul 12 08:56:40 Drs-MacBook-Pro Installer Progress[129]: Advance to phase named = "IOKit Boot"
Jul 12 08:56:40 Drs-MacBook-Pro Installer Progress[129]: currentPhase = "<IASPPhase: 0x600003e5ee00: 'IOKit Boot', percentage 34.4, delay 0>", phases = (
	    "<IASPPhase: 0x600003e5ee00: 'IOKit Boot', percentage 34.4, delay 0>",
	    "<IASPPhase: 0x600003e5ee80: 'loginwindow Boot', percentage 65.6, delay -1>"
	)
Jul 12 08:56:40 Drs-MacBook-Pro Installer Progress[129]: Showing Progress UI
Jul 12 08:56:40 Drs-MacBook-Pro Installer Progress[129]: HotKeys disabled
Jul 12 08:56:40 Drs-MacBook-Pro Installer Progress[129]: Progress app set to foreground app
Jul 12 08:56:40 Drs-MacBook-Pro Installer Progress[129]: _LSSetMetaApplicationInformationItem add to frontmost list success
Jul 12 08:56:40 Drs-MacBook-Pro Installer Progress[129]: Showing the windows
Jul 12 08:56:40 Drs-MacBook-Pro Installer Progress[129]: There are 0 window(s) and 1 display(s), 1 window(s) will be added
Jul 12 08:56:40 Drs-MacBook-Pro Installer Progress[129]: Created a window at {{0, 0}, {1280, 800}}
Jul 12 08:56:40 Drs-MacBook-Pro Installer Progress[129]: Adding Apple Logo
Jul 12 08:56:40 Drs-MacBook-Pro Installer Progress[129]: Apple logo view created
Jul 12 08:56:40 Drs-MacBook-Pro Installer Progress[129]: Status is ""
Jul 12 08:56:40 Drs-MacBook-Pro Installer Progress[129]: Alternate status is ""
Jul 12 08:56:40 Drs-MacBook-Pro Installer Progress[129]: IASPIsUsingFileVault NO
Jul 12 08:56:40 Drs-MacBook-Pro Installer Progress[129]: IASPGetBootMode Standard
Jul 12 08:56:40 Drs-MacBook-Pro Installer Progress[129]: no background for progress added because:
Jul 12 08:56:40 Drs-MacBook-Pro Installer Progress[129]:        and / or NOT booting from EFI loginwindow
Jul 12 08:56:40 Drs-MacBook-Pro Installer Progress[129]: Setting window alpha values to 1.0
Jul 12 08:56:40 Drs-MacBook-Pro Installer Progress[129]: Ordering windows front
Jul 12 08:56:40 Drs-MacBook-Pro Installer Progress[129]: Created CG Shield Window
Jul 12 08:56:40 Drs-MacBook-Pro Installer Progress[129]: Enable the display of progress windows
Jul 12 08:56:40 Drs-MacBook-Pro Installer Progress[129]: Using AppKit display change notification
Jul 12 08:56:40 Drs-MacBook-Pro Installer Progress[129]: Done with phase = "IOKit Boot"
Jul 12 08:56:40 Drs-MacBook-Pro Installer Progress[129]: Progress Updated: currentPhase = "IOKit Boot", phase progress = 100.000, total progress = 34.375
Jul 12 08:56:40 Drs-MacBook-Pro Installer Progress[129]: IASSetCurrentInstallPhase: Current phase name set to "loginwindow Boot"
Jul 12 08:56:40 Drs-MacBook-Pro Installer Progress[129]: Saving completion handler for phase IOKit Boot
Jul 12 08:56:40 Drs-MacBook-Pro Installer Progress[129]: Connected processes {
	    "1D83C7F4-436C-4372-BC9F-498AE152264A" =     {
	        CompletionHandlerKey = "<__NSMallocBlock__: 0x600001d50f50>";
	        "Phase Name" = "IOKit Boot";
	        "Process ID" = 171;
	        UUID = "1D83C7F4-436C-4372-BC9F-498AE152264A";
	    };
	    "5D2D9204-160D-4DB4-809E-B869D4292636" =     {
	        CompletionHandlerKey = "<__NSMallocBlock__: 0x600001d59130>";
	        "Phase Name" = "loginwindow Boot";
	        "Process ID" = 171;
	        UUID = "5D2D9204-160D-4DB4-809E-B869D4292636";
	    };
	}
Jul 12 08:56:40 Drs-MacBook-Pro Installer Progress[129]: Unregister process 171, phaseName IOKit Boot, uuid 1D83C7F4-436C-4372-BC9F-498AE152264A
Jul 12 08:56:40 Drs-MacBook-Pro Installer Progress[129]: Connected processes {
	    "5D2D9204-160D-4DB4-809E-B869D4292636" =     {
	        CompletionHandlerKey = "<__NSMallocBlock__: 0x600001d59130>";
	        "Phase Name" = "loginwindow Boot";
	        "Process ID" = 171;
	        UUID = "5D2D9204-160D-4DB4-809E-B869D4292636";
	    };
	}
Jul 12 08:56:40 Drs-MacBook-Pro Installer Progress[129]: Progress Updated: currentPhase = "loginwindow Boot", phase progress = 10.000, total progress = 40.938
Jul 12 08:56:40 Drs-MacBook-Pro Installer Progress[129]: Progress Updated: currentPhase = "loginwindow Boot", phase progress = 30.000, total progress = 54.062
Jul 12 08:56:40 Drs-MacBook-Pro Installer Progress[129]: Releasing the boot windows
Jul 12 08:56:41 Drs-MacBook-Pro Installer Progress[129]: Progress Updated: currentPhase = "loginwindow Boot", phase progress = 55.000, total progress = 70.469
Jul 12 08:56:41 Drs-MacBook-Pro loginwindow[171]: USER_PROCESS: 171 console
Jul 12 08:57:15 Drs-MacBook-Pro loginwindow[171]: client 0x600000ea9600: phaseName = "loginwindow Boot" is done
Jul 12 08:57:15 Drs-MacBook-Pro loginwindow[171]: ISAP: Done with Phase "loginwindow Boot"
Jul 12 08:57:15 Drs-MacBook-Pro Installer Progress[129]: Progress Updated: currentPhase = "loginwindow Boot", phase progress = 100.000, total progress = 100.000
Jul 12 08:57:15 Drs-MacBook-Pro Installer Progress[129]: Done with phase = "loginwindow Boot"
Jul 12 08:57:15 Drs-MacBook-Pro Installer Progress[129]: Progress Updated: currentPhase = "loginwindow Boot", phase progress = 100.000, total progress = 100.000
Jul 12 08:57:15 Drs-MacBook-Pro Installer Progress[129]: IASClearInstallProgress: Clearing Registry
Jul 12 08:57:15 Drs-MacBook-Pro Setup Assistant[547]: Creating connection
Jul 12 08:57:15 Drs-MacBook-Pro Setup Assistant[547]: Connection = 0x6000028124e0, callers = (
	    "<IASUPCaller: 0x600001b18910>"
	)
Jul 12 08:57:15 Drs-MacBook-Pro Setup Assistant[547]: client 0x600000c311c0: phaseName = "Setup Assistant", registering connection
Jul 12 08:57:15 Drs-MacBook-Pro Installer Progress[129]: caller = /System/Library/CoreServices/Setup Assistant.app/Contents/MacOS/Setup Assistant
Jul 12 08:57:15 Drs-MacBook-Pro Setup Assistant[547]: client 0x600000c311c0: phaseName = "Setup Assistant" was created
Jul 12 08:57:15 Drs-MacBook-Pro Setup Assistant[547]: client 0x600000c311c0: phaseName = "Setup Assistant" is done
Jul 12 08:57:15 Drs-MacBook-Pro Setup Assistant[547]: ISAP: Done with Phase "Setup Assistant"
Jul 12 08:57:15 Drs-MacBook-Pro Setup Assistant[547]: client 0x600000c311c0: phaseName = "Setup Assistant", hide progress UI called
Jul 12 08:57:15 Drs-MacBook-Pro Installer Progress[129]: Register process 547, phaseName Setup Assistant, uuid CCBAFA85-913A-4A78-9EF2-3E4D6F97ED32
Jul 12 08:57:15 Drs-MacBook-Pro Setup Assistant[547]: ISAP: hide progress UI called
Jul 12 08:57:15 Drs-MacBook-Pro Installer Progress[129]: Connected processes {
	    "5D2D9204-160D-4DB4-809E-B869D4292636" =     {
	        CompletionHandlerKey = "<__NSMallocBlock__: 0x600001d59130>";
	        "Phase Name" = "loginwindow Boot";
	        "Process ID" = 171;
	        UUID = "5D2D9204-160D-4DB4-809E-B869D4292636";
	    };
	    "CCBAFA85-913A-4A78-9EF2-3E4D6F97ED32" =     {
	        "Phase Name" = "Setup Assistant";
	        "Process ID" = 547;
	        UUID = "CCBAFA85-913A-4A78-9EF2-3E4D6F97ED32";
	    };
	}
Jul 12 08:57:15 Drs-MacBook-Pro Installer Progress[129]: Saving completion handler for phase Setup Assistant
Jul 12 08:57:15 Drs-MacBook-Pro Installer Progress[129]: Connected processes {
	    "5D2D9204-160D-4DB4-809E-B869D4292636" =     {
	        CompletionHandlerKey = "<__NSMallocBlock__: 0x600001d59130>";
	        "Phase Name" = "loginwindow Boot";
	        "Process ID" = 171;
	        UUID = "5D2D9204-160D-4DB4-809E-B869D4292636";
	    };
	    "CCBAFA85-913A-4A78-9EF2-3E4D6F97ED32" =     {
	        CompletionHandlerKey = "<__NSMallocBlock__: 0x600001d5d630>";
	        "Phase Name" = "Setup Assistant";
	        "Process ID" = 547;
	        UUID = "CCBAFA85-913A-4A78-9EF2-3E4D6F97ED32";
	    };
	}
Jul 12 08:57:15 Drs-MacBook-Pro Installer Progress[129]: Ignoring the progress update because "Setup Assistant" isn't one of the phases (null)
Jul 12 08:57:15 Drs-MacBook-Pro Installer Progress[129]: Done with phase = "Setup Assistant"
Jul 12 08:57:15 Drs-MacBook-Pro Installer Progress[129]: Phase "Setup Assistant" is not a registered phase, ending progress
Jul 12 08:57:15 Drs-MacBook-Pro Installer Progress[129]: IASClearInstallProgress: Clearing Registry
Jul 12 08:57:15 Drs-MacBook-Pro Installer Progress[129]: Ending progress UI via 100% progress
Jul 12 08:57:15 Drs-MacBook-Pro Installer Progress[129]: GUI session is logged in
Jul 12 08:57:15 Drs-MacBook-Pro Installer Progress[129]: Order Out CG Shield Window
Jul 12 08:57:15 Drs-MacBook-Pro Installer Progress[129]: Setting window alpha values to 0.0
Jul 12 08:57:15 Drs-MacBook-Pro Installer Progress[129]: Hiding Progress UI
Jul 12 08:57:15 Drs-MacBook-Pro Installer Progress[129]: Showing the cursor in Progress UI
Jul 12 08:57:15 Drs-MacBook-Pro Installer Progress[129]: Already hiding windows
Jul 12 08:57:15 Drs-MacBook-Pro Installer Progress[129]: Progress app removed from the frontmost only list
Jul 12 08:57:15 Drs-MacBook-Pro Installer Progress[129]: Progress app set to Background only app
Jul 12 08:57:15 Drs-MacBook-Pro Installer Progress[129]: HotKeys enabled
Jul 12 08:57:15 Drs-MacBook-Pro Installer Progress[129]: Start quit timer, will attempt to quit in 5 second(s) at 8:57:20 AM
Jul 12 08:57:15 Drs-MacBook-Pro Installer Progress[129]: Finder is not running
Jul 12 08:57:15 Drs-MacBook-Pro Installer Progress[129]: No application to bring forward
Jul 12 08:57:15 Drs-MacBook-Pro Setup Assistant[547]: client 0x600000c311c0: phaseName = "Setup Assistant" is being released
Jul 12 08:57:15 Drs-MacBook-Pro Setup Assistant[547]: Releasing Connection
Jul 12 08:57:15 Drs-MacBook-Pro Installer Progress[129]: Saving completion handler for phase Setup Assistant
Jul 12 08:57:15 Drs-MacBook-Pro Installer Progress[129]: Connected processes {
	    "5D2D9204-160D-4DB4-809E-B869D4292636" =     {
	        CompletionHandlerKey = "<__NSMallocBlock__: 0x600001d59130>";
	        "Phase Name" = "loginwindow Boot";
	        "Process ID" = 171;
	        UUID = "5D2D9204-160D-4DB4-809E-B869D4292636";
	    };
	    "CCBAFA85-913A-4A78-9EF2-3E4D6F97ED32" =     {
	        CompletionHandlerKey = "<__NSMallocBlock__: 0x600001d5c870>";
	        "Phase Name" = "Setup Assistant";
	        "Process ID" = 547;
	        UUID = "CCBAFA85-913A-4A78-9EF2-3E4D6F97ED32";
	    };
	}
Jul 12 08:57:15 Drs-MacBook-Pro Installer Progress[129]: Unregister process 547, phaseName Setup Assistant, uuid CCBAFA85-913A-4A78-9EF2-3E4D6F97ED32
Jul 12 08:57:15 Drs-MacBook-Pro Installer Progress[129]: Connected processes {
	    "5D2D9204-160D-4DB4-809E-B869D4292636" =     {
	        CompletionHandlerKey = "<__NSMallocBlock__: 0x600001d59130>";
	        "Phase Name" = "loginwindow Boot";
	        "Process ID" = 171;
	        UUID = "5D2D9204-160D-4DB4-809E-B869D4292636";
	    };
	}
Jul 12 08:57:15 Drs-MacBook-Pro Installer Progress[129]: Ordering windows out
Jul 12 08:57:15 Drs-MacBook-Pro Installer Progress[129]: Calling animation completion handler
Jul 12 08:57:15 Drs-MacBook-Pro Installer Progress[129]: Progress complete, notifying registered clients
Jul 12 08:57:15 Drs-MacBook-Pro Installer Progress[129]: Calling completion handler for phase "loginwindow Boot"
Jul 12 08:57:15 Drs-MacBook-Pro loginwindow[171]: Calling completion handler for 0x600000ea9600
Jul 12 08:57:15 Drs-MacBook-Pro loginwindow[171]: client 0x600000ea9600: phaseName = "loginwindow Boot", hide progress UI called
Jul 12 08:57:15 Drs-MacBook-Pro loginwindow[171]: ISAP: hide progress UI called
Jul 12 08:57:15 Drs-MacBook-Pro loginwindow[171]: client 0x600000ea9600: phaseName = "loginwindow Boot" is being released
Jul 12 08:57:15 Drs-MacBook-Pro Installer Progress[129]: The Progress UI has been hidden
Jul 12 08:57:15 Drs-MacBook-Pro loginwindow[171]: Releasing Connection
Jul 12 08:57:15 Drs-MacBook-Pro Installer Progress[129]: Saving completion handler for phase loginwindow Boot
Jul 12 08:57:15 Drs-MacBook-Pro Installer Progress[129]: Connected processes {
	    "5D2D9204-160D-4DB4-809E-B869D4292636" =     {
	        CompletionHandlerKey = "<__NSMallocBlock__: 0x600001d50f50>";
	        "Phase Name" = "loginwindow Boot";
	        "Process ID" = 171;
	        UUID = "5D2D9204-160D-4DB4-809E-B869D4292636";
	    };
	}
Jul 12 08:57:15 Drs-MacBook-Pro Installer Progress[129]: Unregister process 171, phaseName loginwindow Boot, uuid 5D2D9204-160D-4DB4-809E-B869D4292636
Jul 12 08:57:15 Drs-MacBook-Pro Installer Progress[129]: Connected processes {
	}
Jul 12 08:57:15 Drs-MacBook-Pro Installer Progress[129]: Start quit timer, will attempt to quit in 1 second(s) at 8:57:16 AM
Jul 12 08:57:16 Drs-MacBook-Pro Installer Progress[129]: Quitting because there are no phases. There are no connected processes. The UI is not showing.
Jul 12 08:57:16 Drs-MacBook-Pro Installer Progress[129]: Quitting Progress App
Jul 12 08:57:16 Drs-MacBook-Pro Installer Progress[129]: Showing the cursor in Progress UI
Jul 12 08:57:16 Drs-MacBook-Pro Installer Progress[129]: GUI session is logged in
Jul 12 08:57:16 Drs-MacBook-Pro Installer Progress[129]: Order Out CG Shield Window
Jul 12 08:57:16 Drs-MacBook-Pro Installer Progress[129]: Setting window alpha values to 0.0
Jul 12 08:57:16 Drs-MacBook-Pro Installer Progress[129]: Showing the cursor in Progress UI
Jul 12 08:57:16 Drs-MacBook-Pro Setup Assistant[547]: The connection was interrupted, calling interruption handlers
Jul 12 08:57:16 Drs-MacBook-Pro loginwindow[171]: The connection was interrupted, calling interruption handlers
Jul 12 08:57:21 Drs-MacBook-Pro login[592]: USER_PROCESS: 592 ttys000
Jul 12 08:57:40 Drs-MacBook-Pro loginwindow[171]: There is still an active connection
Jul 12 08:58:15 Drs-MacBook-Pro loginwindow[171]: There is still an active connection
Jul 12 09:01:52 Drs-MacBook-Pro login[655]: USER_PROCESS: 655 ttys001
Jul 12 09:02:28 Drs-MacBook-Pro login[686]: USER_PROCESS: 686 ttys002
Jul 12 09:05:09 Drs-MacBook-Pro login[745]: USER_PROCESS: 745 ttys003
Jul 12 09:05:29 Drs-MacBook-Pro login[745]: DEAD_PROCESS: 745 ttys003
Jul 12 09:06:14 Drs-MacBook-Pro login[813]: USER_PROCESS: 813 ttys003
Jul 12 09:06:32 Drs-MacBook-Pro syslogd[132]: ASL Sender Statistics
Jul 12 09:08:21 Drs-MacBook-Pro login[865]: USER_PROCESS: 865 ttys004
Jul 12 09:13:15 Drs-MacBook-Pro login[918]: USER_PROCESS: 918 ttys005
Jul 12 09:13:50 Drs-MacBook-Pro login[934]: USER_PROCESS: 934 ttys006
Jul 12 09:14:12 Drs-MacBook-Pro login[942]: USER_PROCESS: 942 ttys007
Jul 12 09:16:45 Drs-MacBook-Pro syslogd[132]: ASL Sender Statistics
Jul 12 09:20:23 Drs-MacBook-Pro login[993]: USER_PROCESS: 993 ttys008
Jul 12 09:21:22 Drs-MacBook-Pro login[934]: DEAD_PROCESS: 934 ttys006
Jul 12 09:21:28 Drs-MacBook-Pro login[1018]: USER_PROCESS: 1018 ttys006
Jul 12 09:25:04 Drs-MacBook-Pro login[1018]: DEAD_PROCESS: 1018 ttys006
Jul 12 09:26:46 Drs-MacBook-Pro syslogd[132]: ASL Sender Statistics
Jul 12 09:28:04 Drs-MacBook-Pro login[918]: DEAD_PROCESS: 918 ttys005
Jul 12 09:31:08 Drs-MacBook-Pro login[865]: DEAD_PROCESS: 865 ttys004
Jul 12 09:32:07 Drs-MacBook-Pro login[942]: DEAD_PROCESS: 942 ttys007
Jul 12 09:35:28 Drs-MacBook-Pro login[686]: DEAD_PROCESS: 686 ttys002
Jul 12 09:35:32 Drs-MacBook-Pro login[1187]: USER_PROCESS: 1187 ttys002
Jul 12 09:36:57 Drs-MacBook-Pro syslogd[132]: ASL Sender Statistics
Jul 12 09:38:16 Drs-MacBook-Pro login[1459]: USER_PROCESS: 1459 ttys004
Jul 12 09:41:08 Drs-MacBook-Pro login[1853]: USER_PROCESS: 1853 ttys005
Jul 12 09:46:59 Drs-MacBook-Pro syslogd[132]: ASL Sender Statistics
Jul 12 09:47:18 Drs-MacBook-Pro login[1187]: DEAD_PROCESS: 1187 ttys002
Jul 12 09:48:00 Drs-MacBook-Pro login[1853]: DEAD_PROCESS: 1853 ttys005
Jul 12 09:49:35 Drs-MacBook-Pro login[592]: DEAD_PROCESS: 592 ttys000
Jul 12 09:50:09 Drs-MacBook-Pro login[5308]: USER_PROCESS: 5308 ttys000
Jul 12 09:50:26 Drs-MacBook-Pro login[5308]: DEAD_PROCESS: 5308 ttys000
Jul 12 09:51:50 Drs-MacBook-Pro login[5366]: USER_PROCESS: 5366 ttys000
Jul 12 09:56:10 Drs-MacBook-Pro login[5366]: DEAD_PROCESS: 5366 ttys000
Jul 12 09:56:59 Drs-MacBook-Pro syslogd[132]: ASL Sender Statistics
Jul 12 09:57:43 Drs-MacBook-Pro login[813]: DEAD_PROCESS: 813 ttys003
Jul 12 10:04:57 Drs-MacBook-Pro login[8811]: USER_PROCESS: 8811 ttys000
Jul 12 10:07:47 Drs-MacBook-Pro syslogd[132]: ASL Sender Statistics
Jul 12 10:10:43 Drs-MacBook-Pro login[9335]: USER_PROCESS: 9335 ttys002
Jul 12 10:18:14 Drs-MacBook-Pro syslogd[132]: ASL Sender Statistics
Jul 12 10:22:25 Drs-MacBook-Pro login[9335]: DEAD_PROCESS: 9335 ttys002
Jul 12 10:22:42 Drs-MacBook-Pro login[8811]: DEAD_PROCESS: 8811 ttys000
Jul 12 10:24:04 Drs-MacBook-Pro login[13694]: USER_PROCESS: 13694 ttys000
Jul 12 10:24:43 Drs-MacBook-Pro login[13694]: DEAD_PROCESS: 13694 ttys000
Jul 12 10:30:16 Drs-MacBook-Pro login[16928]: USER_PROCESS: 16928 ttys000
Jul 12 10:30:16 Drs-MacBook-Pro syslogd[132]: ASL Sender Statistics
Jul 12 10:34:43 Drs-MacBook-Pro login[16928]: DEAD_PROCESS: 16928 ttys000
Jul 12 10:39:47 Drs-MacBook-Pro login[20806]: USER_PROCESS: 20806 ttys000
Jul 12 10:40:34 Drs-MacBook-Pro syslogd[132]: ASL Sender Statistics
Jul 12 10:44:01 Drs-MacBook-Pro login[20876]: USER_PROCESS: 20876 ttys002
Jul 12 10:50:35 Drs-MacBook-Pro login[20876]: DEAD_PROCESS: 20876 ttys002
Jul 12 10:50:35 Drs-MacBook-Pro syslogd[132]: ASL Sender Statistics
Jul 12 10:51:06 Drs-MacBook-Pro login[20961]: USER_PROCESS: 20961 ttys002
Jul 12 11:06:08 Drs-MacBook-Pro syslogd[132]: ASL Sender Statistics
Jul 12 11:11:45 Drs-MacBook-Pro login[20806]: DEAD_PROCESS: 20806 ttys000
Jul 12 11:17:05 Drs-MacBook-Pro syslogd[132]: ASL Sender Statistics
Jul 12 11:28:52 Drs-MacBook-Pro syslogd[132]: ASL Sender Statistics
Jul 12 11:29:03 Drs-MacBook-Pro login[21230]: USER_PROCESS: 21230 ttys000
Jul 12 11:30:41 Drs-MacBook-Pro login[21230]: DEAD_PROCESS: 21230 ttys000
Jul 12 11:33:19 Drs-MacBook-Pro login[21275]: USER_PROCESS: 21275 ttys000
Jul 12 11:38:52 Drs-MacBook-Pro syslogd[132]: ASL Sender Statistics
Jul 12 11:49:57 Drs-MacBook-Pro syslogd[132]: ASL Sender Statistics
Jul 12 11:53:50 Drs-MacBook-Pro login[21275]: DEAD_PROCESS: 21275 ttys000
Jul 12 12:00:03 Drs-MacBook-Pro syslogd[132]: ASL Sender Statistics
Jul 12 12:01:08 Drs-MacBook-Pro login[20961]: DEAD_PROCESS: 20961 ttys002
Jul 12 12:03:11 Drs-MacBook-Pro login[21487]: USER_PROCESS: 21487 ttys000
Jul 12 12:06:33 Drs-MacBook-Pro login[21487]: DEAD_PROCESS: 21487 ttys000
Jul 12 12:10:25 Drs-MacBook-Pro syslogd[132]: ASL Sender Statistics
Jul 12 12:15:33 Drs-MacBook-Pro login[21567]: USER_PROCESS: 21567 ttys000
Jul 12 12:17:13 Drs-MacBook-Pro login[21576]: USER_PROCESS: 21576 ttys002
Jul 12 12:17:19 Drs-MacBook-Pro login[21576]: DEAD_PROCESS: 21576 ttys002
Jul 12 12:22:40 Drs-MacBook-Pro syslogd[132]: ASL Sender Statistics
Jul 12 12:35:11 Drs-MacBook-Pro syslogd[132]: ASL Sender Statistics
Jul 12 12:44:09 Drs-MacBook-Pro login[21629]: USER_PROCESS: 21629 ttys002
Jul 12 12:44:15 Drs-MacBook-Pro login[21629]: DEAD_PROCESS: 21629 ttys002
Jul 12 12:44:18 Drs-MacBook-Pro login[21651]: USER_PROCESS: 21651 ttys002
Jul 12 12:50:05 Drs-MacBook-Pro syslogd[132]: ASL Sender Statistics
Jul 12 12:53:56 Drs-MacBook-Pro login[21651]: DEAD_PROCESS: 21651 ttys002
Jul 12 13:01:58 Drs-MacBook-Pro syslogd[132]: ASL Sender Statistics
Jul 12 13:12:55 Drs-MacBook-Pro syslogd[132]: ASL Sender Statistics
Jul 12 13:19:39 Drs-MacBook-Pro login[21770]: USER_PROCESS: 21770 ttys002
Jul 12 13:21:33 Drs-MacBook-Pro login[21770]: DEAD_PROCESS: 21770 ttys002
