Jul 12 00:30:00 Drs-MacBook-Pro newsyslog[7812]: logfile turned over
Sun Jul 12 00:52:56.807 <kernel> en0: setting diversity to: -1
Sun Jul 12 00:52:56.808 <kernel> en0: Error configuring antenna diversity (index = -1).
Sun Jul 12 00:52:56.808 <kernel> en0: setting tx antenna: -1
Sun Jul 12 00:52:56.808 <kernel> en0: Error configuring transmit antenna (index = -1).
Sun Jul 12 00:52:56.808 <airport[196]> -[dpsManager handleDPSEventWithType:eventInfo:networkName:BSSID:channelInfo:isCriticalAppInUse:]_block_invoke: Ignoring non-dps events while not in monitoring period/ Ignoring DPS event while in monitoring period
Sun Jul 12 00:52:57.066 <kernel> parseRSNIE: groupCipherType = 5 pairwiseCipherType = 5 authSel = 8
Sun Jul 12 00:52:57.066 <kernel> initWithInterfaceAndIE: _myMacAddress 98:01:a7:af:6b:15
Sun Jul 12 00:52:57.066 <kernel> setPSKPMK: PMK SET!
Sun Jul 12 00:52:57.203 <kernel> Failed test for valid apple80211_postMessage_tlv_types in data, 65535
Sun Jul 12 00:52:57.203 <kernel> Message to APPLE80211_M_AUTH has PMK length 32 pmkid length 16
Sun Jul 12 00:52:57.203 <kernel> setPMK: PMK SET!
Sun Jul 12 00:52:57.203 <kernel> setPMK: PMKID SET!
Sun Jul 12 00:52:57.203 <kernel> Unexpected payload found for message 74, dataLen 104
Sun Jul 12 00:52:57.204 <kernel> payload Data ff ff 00 00 00 00 00 00 2e d7 3b 64 bf 55 00 00 20 00 00 00 5e fd cc 89 04 cc 96 bc 66 10 ab 21 5e b8 4b 3c 2e e9 33 2f c1 70 27 d6 6b 17 86 72 b9 a9 85 bf 00 00 00 00 00 00 00 00 00 00 00 00 00 00 00 00 00 00 00 00 00 00 00 00 00 00 00 00 00 00 00 00 10 00 00 00 a1 a4 ff 77 06 8a 6a 1b cc 09 72 f1 02 51 0f 23 
Sun Jul 12 00:52:57.204 <kernel> Error storing postMessage 74
Sun Jul 12 00:52:57.213 <kernel> postMessage::1412 APPLE80211_M_BSSID_CHANGED received
Sun Jul 12 00:52:57.214  <kernel> No InterfaceAverageCCA
Sun Jul 12 00:52:57.214 <kernel> Adding setInterfaceAverageCCA with cca 0
Sun Jul 12 00:52:57.214 <kernel> Added known cca 0 for channel 1 into setInterfaceAverageCCA 
Sun Jul 12 00:52:57.218 <kernel> en0: Received EAPOL packet (length = 135)
Sun Jul 12 00:52:57.218 <kernel> inputEAPOLFrame: 0 extra bytes present in EAPOL frame.
Sun Jul 12 00:52:57.218 <kernel> inputEAPOLFrame: Received message 1 of 4
Sun Jul 12 00:52:57.218 <kernel> FULL RSN IE FOUND:
Sun Jul 12 00:52:57.218 [00000000] 30 18 01 00 00 0F AC 04 01 00 00 0F AC 04 02 00 00 0F AC 02 00 0F AC 08 8C 00 
Sun Jul 12 00:52:57.218 <kernel> storeFullRSNIE: getAP_IE_LIST returned 0
Sun Jul 12 00:52:57.218 <kernel> parseRSNIE: groupCipherType = 5 pairwiseCipherType = 5 authSel = 8
Sun Jul 12 00:52:57.218 <kernel> process1of4: authsel is 8
Sun Jul 12 00:52:57.218 <kernel> PMK:
Sun Jul 12 00:52:57.218 [00000000] 5E FD CC 89 04 CC 96 BC 66 10 AB 21 5E B8 4B 3C 2E E9 33 2F C1 70 27 D6 6B 17 86 72 B9 A9 
Sun Jul 12 00:52:57.218 [0000001E] 85 BF 
Sun Jul 12 00:52:57.218 <kernel> TPTK:
Sun Jul 12 00:52:57.218 [00000000] 19 D0 AB 28 A9 FD 91 72 7B F8 47 5C D1 45 71 D1 3A 42 C9 6E B3 3D FF 48 30 A9 29 49 C0 98 
Sun Jul 12 00:52:57.218 [0000001E] 17 4D 89 13 E8 87 BC 46 C8 6B 47 48 D9 A0 B1 50 39 5B 00 00 00 00 00 00 00 00 00 00 00 00 
Sun Jul 12 00:52:57.219 [0000003C] 00 00 00 00 
Sun Jul 12 00:52:57.219 <kernel> KEY MIC:
Sun Jul 12 00:52:57.219 [00000000] 0F 97 D4 D2 CD 72 F0 DF 64 A4 5E 1B 6B 91 5B 75 
Sun Jul 12 00:52:57.219 <kernel> process1of4: sending replyPacket 153 bytes
Sun Jul 12 00:52:57.225 <kernel> en0: Received EAPOL packet (length = 201)
Sun Jul 12 00:52:57.225 <kernel> inputEAPOLFrame: 0 extra bytes present in EAPOL frame.
Sun Jul 12 00:52:57.225 <kernel> inputEAPOLFrame: decrypting key data
Sun Jul 12 00:52:57.225 <kernel> inputEAPOLFrame: Received message 3 of 4
Sun Jul 12 00:52:57.225 <kernel> process3of4: Performing IE check.
Sun Jul 12 00:52:57.225 <kernel> process3of4: sending replyPacket ( len = 113 ).
Sun Jul 12 00:52:57.225 <kernel> process3of4: received pairwise GTK
Sun Jul 12 00:52:57.225 <kernel> process3of4: received pairwise GTK_BIP 
Sun Jul 12 00:52:57.225 <kernel> ptkThread: Sleeping!
Sun Jul 12 00:52:57.226 <kernel> ptkThread: Sleeping!
Sun Jul 12 00:52:57.227 <kernel> ptkThread: Installing PTK!
Sun Jul 12 00:52:57.227 <kernel> PTK:
Sun Jul 12 00:52:57.227 [00000000] 89 13 E8 87 BC 46 C8 6B 47 48 D9 A0 B1 50 39 5B 
Sun Jul 12 00:52:57.228 <kernel> ptkThread: Installing GTK!
Sun Jul 12 00:52:57.228 <kernel> installGTK: setting cipher key (flags = 0x0)
Sun Jul 12 00:52:57.228 <kernel> GTK-RSC:
Sun Jul 12 00:52:57.228 [00000000] 00 00 00 00 00 00 
Sun Jul 12 00:52:57.228 <kernel> GTK:
Sun Jul 12 00:52:57.228 [00000000] 03 AD 6A F4 99 D4 61 26 69 32 38 CA B3 EB 3D 49 
Sun Jul 12 00:52:57.228 <kernel> installGTK: GTK installed
Sun Jul 12 00:52:57.228 <kernel> IGTK-RSC:
Sun Jul 12 00:52:57.228 [00000000] 00 00 00 00 00 00 
Sun Jul 12 00:52:57.228 <kernel> IGTK:
Sun Jul 12 00:52:57.228 [00000000] CE 8E FE 5E 1A 92 B4 E9 14 40 38 1F 03 AC 9F 95 
Sun Jul 12 00:52:57.228 <kernel> installGTK: IGTK installed
Sun Jul 12 00:52:57.245 <kernel> Unexpected payload found for message 9, dataLen 0
Sun Jul 12 00:52:57.245 <kernel> Error storing postMessage 9
Sun Jul 12 00:52:57.248 <airport[196]> -[dpsManager handleDPSEventWithType:eventInfo:networkName:BSSID:channelInfo:isCriticalAppInUse:]_block_invoke: Ignoring non-dps events while not in monitoring period/ Ignoring DPS event while in monitoring period
Sun Jul 12 00:52:57.264 <airport[196]> ERROR: sharingd (441) is not entitled for com.apple.wifi.join_history, will not allow request
Sun Jul 12 00:52:57.264 <airport[196]> ERROR: rapportd (412) is not entitled for com.apple.wifi.join_history, will not allow request
Sun Jul 12 00:52:57.282 <airport[196]> ERROR: rapportd (412) is not entitled for com.apple.wifi.join_history, will not allow request
Sun Jul 12 00:52:57.284 <airport[196]> ERROR: sharingd (441) is not entitled for com.apple.wifi.join_history, will not allow request
Sun Jul 12 00:52:57.290 <airport[196]> ERROR: rapportd (412) is not entitled for com.apple.wifi.join_history, will not allow request
Sun Jul 12 00:52:57.292 <airport[196]> ERROR: sharingd (441) is not entitled for com.apple.wifi.join_history, will not allow request
Sun Jul 12 00:52:57.360 <kernel> Setting BTCoex Config: enable_2G:1, profile_2g:0, enable_5G:1, profile_5G:0
Sun Jul 12 00:53:00.047 <airport[196]> _processIPv4Changes: ARP/NDP offloads disabled, not programming the offload
Sun Jul 12 00:53:00.918 <airport[196]> _processIPv4Changes: ARP/NDP offloads disabled, not programming the offload
Sun Jul 12 00:53:01.432 <airport[196]> -[dpsManager handleDPSEventWithType:eventInfo:networkName:BSSID:channelInfo:isCriticalAppInUse:]_block_invoke: Ignoring non-dps events while not in monitoring period/ Ignoring DPS event while in monitoring period
Sun Jul 12 00:53:01.470 <airport[196]> -[dpsManager handleDPSEventWithType:eventInfo:networkName:BSSID:channelInfo:isCriticalAppInUse:]_block_invoke: Ignoring non-dps events while not in monitoring period/ Ignoring DPS event while in monitoring period
Sun Jul 12 00:53:01.613 <airport[196]> _processIPv4Changes: ARP/NDP offloads disabled, not programming the offload
Sun Jul 12 00:53:04.968 <airport[196]> -[dpsManager handleDPSEventWithType:eventInfo:networkName:BSSID:channelInfo:isCriticalAppInUse:]_block_invoke: Ignoring non-dps events while not in monitoring period/ Ignoring DPS event while in monitoring period
Sun Jul 12 00:53:16.290 Apple80211Set:10289 Processing APPLE80211_IOC_ROAM
Sun Jul 12 00:53:16.290 Apple80211Set:10303 Processing APPLE80211_IOC_ROAM dataRef:0x7f7b3ef4ffb0
Sun Jul 12 00:53:16.290 Apple80211Set:10324 CFType is CFData
Sun Jul 12 02:53:02.778 <airport[196]> _processIPv4Changes: ARP/NDP offloads disabled, not programming the offload
Sun Jul 12 02:53:03.223 <airport[196]> -[dpsManager handleDPSEventWithType:eventInfo:networkName:BSSID:channelInfo:isCriticalAppInUse:]_block_invoke: Ignoring non-dps events while not in monitoring period/ Ignoring DPS event while in monitoring period
Sun Jul 12 02:53:03.230 <airport[196]> -[dpsManager handleDPSEventWithType:eventInfo:networkName:BSSID:channelInfo:isCriticalAppInUse:]_block_invoke: Ignoring non-dps events while not in monitoring period/ Ignoring DPS event while in monitoring period
Sun Jul 12 02:53:06.282 <airport[196]> _processIPv4Changes: ARP/NDP offloads disabled, not programming the offload
Sun Jul 12 04:10:09.605 <kernel> wl0: setup_keepalive: interval 900, retry_interval 30, retry_count 10
Sun Jul 12 04:10:09.606 <kernel> wl0: setup_keepalive: Local IP: 192.168.65.111
Sun Jul 12 04:10:09.606 <kernel> wl0: setup_keepalive: Remote IP: 17.57.144.245
Sun Jul 12 04:10:09.606 <kernel> wl0: setup_keepalive: Local port: 49179, Remote port: 5223
Sun Jul 12 04:10:09.606 <kernel> wl0: setup_keepalive: Seq: 89578329, Ack: 2750701436, Win size: 2048
Sun Jul 12 04:10:09.606 <kernel> wl0: MDNS: IPV4 Addr: 192.168.65.111
Sun Jul 12 04:10:09.606 <kernel> wl0: MDNS: IPV6 Addr: fe80:0:0:0:86:4e3b:b4c8:9341
Sun Jul 12 04:10:09.606 <kernel> wl0: MDNS: IPV6 Addr: 2600:381:d58b:7bd6:186c:a080:e270:2783
Sun Jul 12 04:10:09.606 <kernel> wl0: MDNS: IPV6 Addr: 2600:381:d58b:7bd6:78a7:3504:a839:1aef
Sun Jul 12 04:10:09.606 <kernel> wl0: MDNS: 0 SRV Recs, 0 TXT Recs
Sun Jul 12 04:11:33.003 <kernel> IO80211VirtualInterface::controllerWillChangePowerState : Bringing down link
Sun Jul 12 04:11:33.003 <kernel> IO80211VirtualInterface::handleSIOCSIFFLAGS : Source controllerWillChangePowerState calling peerManager->disable
Sun Jul 12 04:11:33.003 <kernel> wl0: wl_update_tcpkeep_seq: Original Seq: 89578329, Ack: 2750701436, Win size: 2048
Sun Jul 12 04:11:33.003 <kernel> wl0: wl_update_tcpkeep_seq: Updated seq/ack/win from UserClient Seq 89578783, Ack 2750701436, Win size 249
Sun Jul 12 04:11:33.003 <kernel> wl0: leaveModulePoweredForOffloads: Wi-Fi will stay on.
Sun Jul 12 04:11:33.003 <kernel> AirPort_Brcm43xx::platformWoWEnable: WWEN[enable], in_fatal_err[0]
Sun Jul 12 04:11:33.003 <kernel> AirPort_Brcm43xx::syncPowerState: WWEN[enabled]
Sun Jul 12 04:11:33.708 <kernel> en0: setting diversity to: -1
Sun Jul 12 04:11:33.708 <kernel> en0: Error configuring antenna diversity (index = -1).
Sun Jul 12 04:11:33.708 <kernel> en0: setting tx antenna: -1
Sun Jul 12 04:11:33.708 <kernel> en0: Error configuring transmit antenna (index = -1).
Sun Jul 12 04:11:33.711 <kernel> AirPort_Brcm43xx::platformWoWEnable: WWEN[disable], in_fatal_err[0]
Sun Jul 12 04:11:33.716 <airport[196]> airportdProcessDLILEvent: <en0> event=1, flags=0xFFFF8863, lastPowerPref=on
Sun Jul 12 04:11:33.717 <airport[196]> airportdProcessDLILEvent: en0 marked UP, applying user power preferences (ON).
Sun Jul 12 04:11:33.717 <airport[196]> airportdProcessDLILEvent: <en0> Setting power ON
Sun Jul 12 04:11:33.819 <airport[196]> ERROR: rapportd (412) is not entitled for com.apple.wifi.join_history, will not allow request
Sun Jul 12 04:11:33.848 <airport[196]> ERROR: sharingd (441) is not entitled for com.apple.wifi.join_history, will not allow request
Sun Jul 12 04:11:33.867 <airport[196]> ERROR: sharingd (441) is not entitled for com.apple.wifi.join_history, will not allow request
Sun Jul 12 04:11:33.871 <airport[196]> ERROR: rapportd (412) is not entitled for com.apple.wifi.join_history, will not allow request
Sun Jul 12 04:11:33.943 <airport[196]> ERROR: sharingd (441) is not entitled for com.apple.wifi.join_history, will not allow request
Sun Jul 12 04:11:33.950 <airport[196]> ERROR: rapportd (412) is not entitled for com.apple.wifi.join_history, will not allow request
Sun Jul 12 04:11:57.910 Apple80211Set:10289 Processing APPLE80211_IOC_ROAM
Sun Jul 12 04:11:57.910 Apple80211Set:10303 Processing APPLE80211_IOC_ROAM dataRef:0x7f7b3f869310
Sun Jul 12 04:11:57.910 Apple80211Set:10324 CFType is CFData
Sun Jul 12 04:54:25.724 <airport[196]> _processIPv4Changes: ARP/NDP offloads disabled, not programming the offload
Sun Jul 12 04:54:26.036 <airport[196]> -[dpsManager handleDPSEventWithType:eventInfo:networkName:BSSID:channelInfo:isCriticalAppInUse:]_block_invoke: Ignoring non-dps events while not in monitoring period/ Ignoring DPS event while in monitoring period
Sun Jul 12 04:54:28.189 <airport[196]> _processIPv4Changes: ARP/NDP offloads disabled, not programming the offload
Sun Jul 12 06:54:28.500 <airport[196]> _processIPv4Changes: ARP/NDP offloads disabled, not programming the offload
Sun Jul 12 06:54:29.154 <airport[196]> -[dpsManager handleDPSEventWithType:eventInfo:networkName:BSSID:channelInfo:isCriticalAppInUse:]_block_invoke: Ignoring non-dps events while not in monitoring period/ Ignoring DPS event while in monitoring period
Sun Jul 12 06:54:29.154 <airport[196]> -[dpsManager handleDPSEventWithType:eventInfo:networkName:BSSID:channelInfo:isCriticalAppInUse:]_block_invoke: Ignoring non-dps events while not in monitoring period/ Ignoring DPS event while in monitoring period
Sun Jul 12 06:54:29.498 <airport[196]> -[dpsManager handleDPSEventWithType:eventInfo:networkName:BSSID:channelInfo:isCriticalAppInUse:]_block_invoke: Ignoring non-dps events while not in monitoring period/ Ignoring DPS event while in monitoring period
Sun Jul 12 06:54:30.267 <airport[196]> _processIPv4Changes: ARP/NDP offloads disabled, not programming the offload
Sun Jul 12 06:54:33.495 <airport[196]> -[dpsManager handleDPSEventWithType:eventInfo:networkName:BSSID:channelInfo:isCriticalAppInUse:]_block_invoke: Ignoring non-dps events while not in monitoring period/ Ignoring DPS event while in monitoring period
Sun Jul 12 06:54:33.496 <airport[196]> -[dpsManager handleDPSEventWithType:eventInfo:networkName:BSSID:channelInfo:isCriticalAppInUse:]_block_invoke: Ignoring non-dps events while not in monitoring period/ Ignoring DPS event while in monitoring period
Sun Jul 12 07:08:54.489 <kernel> en0: link down event, informing supplicant.
Sun Jul 12 07:08:54.489 <kernel> postMessage::1412 APPLE80211_M_BSSID_CHANGED received
Sun Jul 12 07:08:54.489  Sun Jul 12 07:08:54.491 <kernel> IO80211VirtualInterface::controllerWillChangePowerState : Bringing down link
Sun Jul 12 07:08:54.491 <kernel> IO80211VirtualInterface::handleSIOCSIFFLAGS : Source controllerWillChangePowerState calling peerManager->disable
Sun Jul 12 07:08:54.491 <kernel> IO80211VirtualInterface::controllerWillChangePowerState : Bringing down link
Sun Jul 12 07:08:54.492 <kernel> AirPort_BrcmNIC::getSSIDData(): Get failure: APPLE80211_IOC_SSID: 6
Sun Jul 12 07:08:54.495 <kernel> AirPort_Brcm43xx::syncPowerState: WWEN[disabled]
Sun Jul 12 07:08:54.509 <airport[196]> _handleLinkEvent: WiFi is not powered. Resetting state variables.
Sun Jul 12 07:08:54.512 <airport[196]> -[dpsManager handleDPSEventWithType:eventInfo:networkName:BSSID:channelInfo:isCriticalAppInUse:]_block_invoke: Ignoring non-dps events while not in monitoring period/ Ignoring DPS event while in monitoring period
Sun Jul 12 07:08:54.522 <airport[196]> -[dpsManager handleDPSEventWithType:eventInfo:networkName:BSSID:channelInfo:isCriticalAppInUse:]_block_invoke: Ignoring non-dps events while not in monitoring period/ Ignoring DPS event while in monitoring period
Sun Jul 12 07:08:54.607 <kernel>  IOCTL (from pid 196) not recognized: 381 out of 380
Sun Jul 12 07:08:54.711 <airport[196]> _processIPv4Changes: ARP/NDP offloads disabled, not programming the offload
Sun Jul 12 07:08:54.720 <airport[196]> _processIPv4Changes: ARP/NDP offloads disabled, not programming the offload
Sun Jul 12 07:20:18.271 <airport[196]> _configureTCPKeepAlive: Unable to enable TCP keep-alive on en0 (Device power is off)
Sun Jul 12 07:29:04.001 <kernel> wl0: leaveModulePoweredForOffloads: Wi-Fi will stay on.
Sun Jul 12 07:29:04.001 <kernel> AirPort_Brcm43xx::syncPowerState: WWEN[disabled]
Sun Jul 12 07:29:04.013 <kernel> wl0: leaveModulePoweredForOffloads: Wi-Fi will stay on.
Sun Jul 12 07:29:04.013 <kernel> AirPort_Brcm43xx::syncPowerState: WWEN[disabled]
Sun Jul 12 07:29:04.017 <airport[196]> airportdProcessDLILEvent: <en0> event=1, flags=0xFFFF8863, lastPowerPref=off
Sun Jul 12 07:29:04.018 <airport[196]> airportdProcessDLILEvent: en0 marked UP, applying user power preferences (OFF).
Sun Jul 12 07:29:04.018 <airport[196]> airportdProcessDLILEvent: <en0> Setting power OFF
Sun Jul 12 07:29:04.019 <airport[196]> _configureTCPKeepAlive: Unable to enable TCP keep-alive on en0 (Device power is off)
Sun Jul 12 07:29:04.022 <kernel>  IOCTL (from pid 196) not recognized: 381 out of 380
Sun Jul 12 07:29:04.554 <kernel> AirPort_Brcm43xx::platformWoWEnable: WWEN[disable], in_fatal_err[0]
Sun Jul 12 07:29:05.330 <kernel> AirPort_Brcm43xx::syncPowerState: WWEN[disabled]
Sun Jul 12 08:56:38.831 Usb Host Notification NOT activated
Sun Jul 12 08:56:38.839 <airport[200]> _bsdDriver_init: registration for monitoring bssSteeringRequest event 
Sun Jul 12 08:56:38.839 
Sun Jul 12 08:56:38.842 <kernel> Not adding subscription due to missing boot-arg wlan.iorsubscriptions
Sun Jul 12 08:56:39.314 <kernel> Not adding subscription due to missing boot-arg wlan.iorsubscriptions
Sun Jul 12 08:56:39.314 <kernel>  Creating all peerManager reporters
Sun Jul 12 08:56:39.316 <kernel> Not adding subscription due to missing boot-arg wlan.iorsubscriptions
Sun Jul 12 08:56:39.318 <airport[200]> _initInterface: Failed to query current SSID (Operation not supported)
Sun Jul 12 08:56:39.322 <kernel>  IOCTL (from pid 200) not recognized: 383 out of 380
Sun Jul 12 08:56:39.322 Apple80211SetProperty: ioctl failed: bsdErr=-1, errno=102
Sun Jul 12 08:56:39.350 <kernel>  IOCTL (from pid 200) not recognized: 381 out of 380
Sun Jul 12 08:56:39.374 <airport[200]> ERROR: bluetoothd (160) is not entitled for com.apple.wifi.events, but allowing anyways for event type 1
Sun Jul 12 08:56:39.374 <airport[200]> ERROR: bluetoothd (160) is not entitled for com.apple.wifi.events, but allowing anyways for event type 5
Sun Jul 12 08:56:39.374 <airport[200]> ERROR: bluetoothd (160) is not entitled for com.apple.wifi.events.private, will not register for event type 100
Sun Jul 12 08:56:39.376 <airport[200]> ERROR: bluetoothd (160) is not entitled for com.apple.wifi.events.private, will not register for event type 130
Sun Jul 12 08:56:39.384 <airport[200]> ERROR: bluetoothd (160) is not entitled for com.apple.wifi.events.private, will not register for event type 122
Sun Jul 12 08:56:39.384 <airport[200]> ERROR: bluetoothd (160) is not entitled for com.apple.wifi.events.private, will not register for event type 123
Sun Jul 12 08:56:39.384 <airport[200]> ERROR: bluetoothd (160) is not entitled for com.apple.wifi.events, but allowing anyways for event type 5
Sun Jul 12 08:56:39.384 <airport[200]> ERROR: bluetoothd (160) is not entitled for com.apple.wifi.events, but allowing anyways for event type 7
Sun Jul 12 08:56:39.384 <airport[200]> ERROR: bluetoothd (160) is not entitled for com.apple.wifi.events, but allowing anyways for event type 1
Sun Jul 12 08:56:39.384 <airport[200]> ERROR: bluetoothd (160) is not entitled for com.apple.wifi.events, but allowing anyways for event type 2
Sun Jul 12 08:56:39.393 <airport[200]> airportdProcessDLILEvent: <en0> event=9, flags=0xFFFF8863, lastPowerPref=off
Sun Jul 12 08:56:39.393 <airport[200]> airportdProcessDLILEvent: en0 attached (up)
Sun Jul 12 08:56:39.394 <kernel>  IOCTL (from pid 200) not recognized: 10 out of 380
Sun Jul 12 08:56:39.394 <kernel>  IOCTL (from pid 200) not recognized: 216 out of 380
Sun Jul 12 08:56:39.394 <kernel>  IOCTL (from pid 200) not recognized: 216 out of 380
Sun Jul 12 08:56:39.452 <kernel> AirPort_Brcm43xx::syncPowerState: WWEN[disabled]
Sun Jul 12 08:56:39.487 <airport[200]> _bsdDriver_init: registration for monitoring bssSteeringRequest event 
Sun Jul 12 08:56:39.487 
Sun Jul 12 08:56:39.500 <airport[200]> _bsdDriver_init: registration for monitoring bssSteeringRequest event 
Sun Jul 12 08:56:39.500 
Sun Jul 12 08:56:39.505 <kernel>  IOCTL (from pid 200) not recognized: 381 out of 380
Sun Jul 12 08:56:56.187 <airport[200]> Could not set property APPLE80211_REGKEY_AWDL_MAC_ADDRESS_IN_USE to 0
Sun Jul 12 08:56:56.249 <airport[200]> Could not set property APPLE80211_REGKEY_AWDL_MAC_ADDRESS_IN_USE to 0
Sun Jul 12 08:57:17.910 <airport[200]> ERROR: ControlCenter (554) is not entitled for com.apple.wifi.events, but allowing anyways for event type 2
Sun Jul 12 08:57:17.910 <airport[200]> ERROR: ControlCenter (554) is not entitled for com.apple.wifi.events, but allowing anyways for event type 3
Sun Jul 12 08:57:17.910 <airport[200]> ERROR: ControlCenter (554) is not entitled for com.apple.wifi.events, but allowing anyways for event type 1
Sun Jul 12 08:57:17.911 <airport[200]> ERROR: ControlCenter (554) is not entitled for com.apple.wifi.events, but allowing anyways for event type 5
Sun Jul 12 08:57:17.911 <airport[200]> ERROR: ControlCenter (554) is not entitled for com.apple.wifi.events, but allowing anyways for event type 7
Sun Jul 12 09:01:55.937 <kernel> en0: setting diversity to: -1
Sun Jul 12 09:01:55.937 <kernel> en0: Error configuring antenna diversity (index = -1).
Sun Jul 12 09:01:55.937 <kernel> en0: setting tx antenna: -1
Sun Jul 12 09:01:55.937 <kernel> en0: Error configuring transmit antenna (index = -1).
Sun Jul 12 09:01:55.939 <airport[200]> -[dpsManager handleDPSEventWithType:eventInfo:networkName:BSSID:channelInfo:isCriticalAppInUse:]_block_invoke: Ignoring non-dps events while not in monitoring period/ Ignoring DPS event while in monitoring period
Sun Jul 12 09:01:55.948 <kernel> Setting BTCoex Profile: band:8
Sun Jul 12 09:01:55.948 <kernel> Profile[0]: mode:7; desense:0; desense_level:0; chain_power_offset:<kernel> 0,<kernel> 0,<kernel> 0,<kernel> 0,<kernel> 
Sun Jul 12 09:01:55.948 <kernel> Profile[1]: mode:7; desense:0; desense_level:0; chain_power_offset:<kernel> 0,<kernel> 0,<kernel> -7,<kernel> 0,<kernel> 
Sun Jul 12 09:01:55.948 <kernel> Profile[2]: mode:7; desense:1; desense_level:3; chain_power_offset:<kernel> 0,<kernel> 0,<kernel> -7,<kernel> 0,<kernel> 
Sun Jul 12 09:01:55.948 <kernel> Setting BTCoex Profile: band:2
Sun Jul 12 09:01:55.948 <kernel> Profile[0]: mode:0; desense:0; desense_level:0; chain_power_offset:<kernel> 0,<kernel> 0,<kernel> 0,<kernel> 0,<kernel> 
Sun Jul 12 09:01:55.949 <kernel> Setting BTCoex Config: enable_2G:1, profile_2g:0, enable_5G:1, profile_5G:0
Sun Jul 12 09:01:55.965 <airport[200]> systemWokenByWiFi: System Wake Reason not found
Sun Jul 12 09:01:57.298 <kernel> Adding setInterfaceAverageCCA with cca 0
Sun Jul 12 09:02:01.121 <airport[200]> systemWokenByWiFi: System Wake Reason not found
Sun Jul 12 09:02:04.889 <kernel> parseRSNIE: groupCipherType = 5 pairwiseCipherType = 5 authSel = 8
Sun Jul 12 09:02:04.889 <kernel> initWithInterfaceAndIE: _myMacAddress 98:01:a7:af:6b:15
Sun Jul 12 09:02:04.889 <kernel> setPSKPMK: PMK SET!
Sun Jul 12 09:02:06.230 <airport[200]> systemWokenByWiFi: System Wake Reason not found
Sun Jul 12 09:02:08.096 <kernel> Failed test for valid apple80211_postMessage_tlv_types in data, 65535
Sun Jul 12 09:02:08.096 <kernel> Message to APPLE80211_M_AUTH has PMK length 32 pmkid length 16
Sun Jul 12 09:02:08.096 <kernel> setPMK: PMK SET!
Sun Jul 12 09:02:08.096 <kernel> setPMK: PMKID SET!
Sun Jul 12 09:02:08.096 <kernel> Unexpected payload found for message 74, dataLen 104
Sun Jul 12 09:02:08.097 <kernel> payload Data ff ff 00 00 00 00 00 00 0a 33 ed eb 1d 55 00 00 20 00 00 00 4e ef 12 7d 82 f7 ea 7a af e0 8c 04 31 30 62 b9 cc 99 3e ea 5f 8c 5b 27 8d 6e 2f c2 55 63 75 1c 00 00 00 00 00 00 00 00 00 00 00 00 00 00 00 00 00 00 00 00 00 00 00 00 00 00 00 00 00 00 00 00 10 00 00 00 5d f8 9c b0 bd 2f 22 e6 07 bb 5c 28 6f c9 69 b9 
Sun Jul 12 09:02:08.097 <kernel> Error storing postMessage 74
Sun Jul 12 09:02:08.108 <kernel> postMessage::1412 APPLE80211_M_BSSID_CHANGED received
Sun Jul 12 09:02:08.108  <kernel> No InterfaceAverageCCA
Sun Jul 12 09:02:08.108 <kernel> Adding setInterfaceAverageCCA with cca 0
Sun Jul 12 09:02:08.109 <kernel> Added known cca 0 for channel 4 into setInterfaceAverageCCA 
Sun Jul 12 09:02:08.111 <kernel> en0: Received EAPOL packet (length = 135)
Sun Jul 12 09:02:08.111 <kernel> inputEAPOLFrame: 0 extra bytes present in EAPOL frame.
Sun Jul 12 09:02:08.111 <kernel> inputEAPOLFrame: Received message 1 of 4
Sun Jul 12 09:02:08.111 <kernel> FULL RSN IE FOUND:
Sun Jul 12 09:02:08.112 [00000000] 30 18 01 00 00 0F AC 04 01 00 00 0F AC 04 02 00 00 0F AC 02 00 0F AC 08 8C 00 
Sun Jul 12 09:02:08.112 <kernel> storeFullRSNIE: getAP_IE_LIST returned 0
Sun Jul 12 09:02:08.112 <kernel> parseRSNIE: groupCipherType = 5 pairwiseCipherType = 5 authSel = 8
Sun Jul 12 09:02:08.112 <kernel> process1of4: authsel is 8
Sun Jul 12 09:02:08.112 <kernel> PMK:
Sun Jul 12 09:02:08.112 [00000000] 4E EF 12 7D 82 F7 EA 7A AF E0 8C 04 31 30 62 B9 CC 99 3E EA 5F 8C 5B 27 8D 6E 2F C2 55 63 
Sun Jul 12 09:02:08.112 [0000001E] 75 1C 
Sun Jul 12 09:02:08.112 <kernel> TPTK:
Sun Jul 12 09:02:08.112 [00000000] 7A 9B 4C 7A 4E B8 AC F7 05 54 FE 87 9A 8A 85 EF 86 72 2C CA E3 97 B9 BA CE 24 B7 FF 7A 2E 
Sun Jul 12 09:02:08.112 [0000001E] E0 C1 C9 BC 37 16 27 11 ED BE DC 34 F6 1B 9A E0 EE 07 00 00 00 00 00 00 00 00 00 00 00 00 
Sun Jul 12 09:02:08.112 [0000003C] 00 00 00 00 
Sun Jul 12 09:02:08.112 <kernel> KEY MIC:
Sun Jul 12 09:02:08.112 [00000000] 0F D5 67 46 88 F7 4E 08 B5 7D EF 4C 1F 3F 86 36 
Sun Jul 12 09:02:08.112 <kernel> process1of4: sending replyPacket 153 bytes
Sun Jul 12 09:02:08.143 <airport[200]> -[dpsManager handleDPSEventWithType:eventInfo:networkName:BSSID:channelInfo:isCriticalAppInUse:]_block_invoke: Ignoring non-dps events while not in monitoring period/ Ignoring DPS event while in monitoring period
Sun Jul 12 09:02:08.154 <kernel> Unexpected payload found for message 9, dataLen 0
Sun Jul 12 09:02:08.154 <kernel> Error storing postMessage 9
Sun Jul 12 09:02:08.158 <airport[200]> ERROR: sharingd (476) is not entitled for com.apple.wifi.join_history, will not allow request
Sun Jul 12 09:02:08.160 <airport[200]> ERROR: rapportd (393) is not entitled for com.apple.wifi.join_history, will not allow request
Sun Jul 12 09:02:08.189 <airport[200]> ERROR: sharingd (476) is not entitled for com.apple.wifi.join_history, will not allow request
Sun Jul 12 09:02:08.189 <airport[200]> ERROR: rapportd (393) is not entitled for com.apple.wifi.join_history, will not allow request
Sun Jul 12 09:02:08.478 <kernel> en0: Received EAPOL packet (length = 209)
Sun Jul 12 09:02:08.478 <kernel> inputEAPOLFrame: 0 extra bytes present in EAPOL frame.
Sun Jul 12 09:02:08.478 <kernel> inputEAPOLFrame: decrypting key data
Sun Jul 12 09:02:08.478 <kernel> inputEAPOLFrame: Received message 3 of 4
Sun Jul 12 09:02:08.478 <kernel> process3of4: Unknown Elem ID 244
Sun Jul 12 09:02:08.478 <kernel> process3of4: Unknown Elem ID 221
Sun Jul 12 09:02:08.478 <kernel> process3of4: Unknown Elem ID 0
Sun Jul 12 09:02:08.478 <kernel> process3of4: Performing IE check.
Sun Jul 12 09:02:08.479 <kernel> process3of4: sending replyPacket ( len = 113 ).
Sun Jul 12 09:02:08.479 <kernel> process3of4: received pairwise GTK
Sun Jul 12 09:02:08.479 <kernel> process3of4: received pairwise GTK_BIP 
Sun Jul 12 09:02:08.479 <kernel> ptkThread: Sleeping!
Sun Jul 12 09:02:08.479 <kernel> ptkThread: Sleeping!
Sun Jul 12 09:02:08.481 <kernel> ptkThread: Installing PTK!
Sun Jul 12 09:02:08.481 <kernel> PTK:
Sun Jul 12 09:02:08.481 [00000000] C9 BC 37 16 27 11 ED BE DC 34 F6 1B 9A E0 EE 07 
Sun Jul 12 09:02:08.481 <kernel> ptkThread: Installing GTK!
Sun Jul 12 09:02:08.481 <kernel> installGTK: setting cipher key (flags = 0x0)
Sun Jul 12 09:02:08.481 <kernel> GTK-RSC:
Sun Jul 12 09:02:08.481 [00000000] 00 00 00 00 00 00 
Sun Jul 12 09:02:08.481 <kernel> GTK:
Sun Jul 12 09:02:08.481 [00000000] CB DB 79 07 D3 69 E2 D8 26 AC 41 34 17 48 FA 2E 
Sun Jul 12 09:02:08.481 <kernel> installGTK: GTK installed
Sun Jul 12 09:02:08.482 <kernel> IGTK-RSC:
Sun Jul 12 09:02:08.482 [00000000] 00 00 00 00 00 00 
Sun Jul 12 09:02:08.482 <kernel> IGTK:
Sun Jul 12 09:02:08.482 [00000000] EE 21 83 CA A9 E1 52 5F 3E 8A 84 64 6F B6 12 FF 
Sun Jul 12 09:02:08.482 <kernel> installGTK: IGTK installed
Sun Jul 12 09:02:08.506 <airport[200]> ERROR: sharingd (476) is not entitled for com.apple.wifi.join_history, will not allow request
Sun Jul 12 09:02:08.506 <airport[200]> ERROR: rapportd (393) is not entitled for com.apple.wifi.join_history, will not allow request
Sun Jul 12 09:02:08.559 <kernel> Setting BTCoex Config: enable_2G:1, profile_2g:0, enable_5G:1, profile_5G:0
Sun Jul 12 09:02:08.586 <airport[200]> systemWokenByWiFi: System Wake Reason not found
Sun Jul 12 09:02:08.622 <airport[200]> systemWokenByWiFi: System Wake Reason not found
Sun Jul 12 09:02:08.688 <airport[200]> systemWokenByWiFi: System Wake Reason not found
Sun Jul 12 09:02:12.223 <airport[200]> _processIPv4Changes: ARP/NDP offloads disabled, not programming the offload
Sun Jul 12 09:02:23.588 <airport[200]> systemWokenByWiFi: System Wake Reason not found
Sun Jul 12 09:02:52.324 <airport[200]> _processIPv4Changes: ARP/NDP offloads disabled, not programming the offload
Sun Jul 12 09:02:53.418 <airport[200]> -[dpsManager handleDPSEventWithType:eventInfo:networkName:BSSID:channelInfo:isCriticalAppInUse:]_block_invoke: Ignoring non-dps events while not in monitoring period/ Ignoring DPS event while in monitoring period
Sun Jul 12 09:02:53.422 <airport[200]> -[dpsManager handleDPSEventWithType:eventInfo:networkName:BSSID:channelInfo:isCriticalAppInUse:]_block_invoke: Ignoring non-dps events while not in monitoring period/ Ignoring DPS event while in monitoring period
Sun Jul 12 09:53:23.599 <kernel> en0: Received EAPOL packet (length = 177)
Sun Jul 12 09:53:23.601 <kernel> inputEAPOLFrame: 0 extra bytes present in EAPOL frame.
Sun Jul 12 09:53:23.601 <kernel> inputEAPOLFrame: decrypting key data
Sun Jul 12 09:53:23.601 <kernel> inputEAPOLFrame: Received message 1 of 2
Sun Jul 12 09:53:23.601 <kernel> process1of2: received pairwise GTK_BIP 
Sun Jul 12 09:53:23.601 <kernel> installGTK: setting cipher key (flags = 0x0)
Sun Jul 12 09:53:23.601 <kernel> GTK-RSC:
Sun Jul 12 09:53:23.601 [00000000] 00 00 00 00 00 00 
Sun Jul 12 09:53:23.601 <kernel> GTK:
Sun Jul 12 09:53:23.601 [00000000] 16 A6 72 70 CA 8F 2A 1D 06 E6 65 44 CA 44 DD 84 
Sun Jul 12 09:53:23.601 <kernel> installGTK: GTK installed
Sun Jul 12 09:53:23.601 <kernel> IGTK-RSC:
Sun Jul 12 09:53:23.601 [00000000] 00 00 00 00 00 00 
Sun Jul 12 09:53:23.601 <kernel> IGTK:
Sun Jul 12 09:53:23.601 [00000000] 92 D1 29 C6 9A E2 C9 27 D3 A1 74 D0 2E 5C 22 41 
Sun Jul 12 09:53:23.601 <kernel> installGTK: IGTK installed
Sun Jul 12 09:53:26.159 <kernel> en0: Received EAPOL packet (length = 177)
Sun Jul 12 09:53:26.160 <kernel> inputEAPOLFrame: 0 extra bytes present in EAPOL frame.
Sun Jul 12 09:53:26.160 <kernel> inputEAPOLFrame: decrypting key data
Sun Jul 12 09:53:26.160 <kernel> inputEAPOLFrame: Received message 1 of 2
Sun Jul 12 09:53:26.160 <kernel> wpaGTKToAppleGTK: GTK replay received.
Sun Jul 12 09:53:26.160 <kernel> process1of2: received pairwise GTK_BIP 
Sun Jul 12 09:53:26.160 <kernel> wpaBIPGTKToAppleBIPGTK: iGTK replay received.
Sun Jul 12 10:04:15.635 <kernel> AWDL Sync Enabled 1, data path state[1]
Sun Jul 12 10:04:19.843 <kernel> AWDL Sync Enabled 0, data path state[1]
Sun Jul 12 10:53:25.670 <kernel> en0: Received EAPOL packet (length = 177)
Sun Jul 12 10:53:25.671 <kernel> inputEAPOLFrame: 0 extra bytes present in EAPOL frame.
Sun Jul 12 10:53:25.671 <kernel> inputEAPOLFrame: decrypting key data
Sun Jul 12 10:53:25.671 <kernel> inputEAPOLFrame: Received message 1 of 2
Sun Jul 12 10:53:25.671 <kernel> process1of2: received pairwise GTK_BIP 
Sun Jul 12 10:53:25.671 <kernel> installGTK: setting cipher key (flags = 0x0)
Sun Jul 12 10:53:25.671 <kernel> GTK-RSC:
Sun Jul 12 10:53:25.671 [00000000] 00 00 00 00 00 00 
Sun Jul 12 10:53:25.671 <kernel> GTK:
Sun Jul 12 10:53:25.671 [00000000] A0 8B 29 B8 B2 43 01 70 83 D0 44 14 7C 9F 10 F1 
Sun Jul 12 10:53:25.671 <kernel> installGTK: GTK installed
Sun Jul 12 10:53:25.671 <kernel> IGTK-RSC:
Sun Jul 12 10:53:25.671 [00000000] 00 00 00 00 00 00 
Sun Jul 12 10:53:25.672 <kernel> IGTK:
Sun Jul 12 10:53:25.672 [00000000] E9 3C 52 83 FA 49 0E 8E 56 BA 25 BD 9D F7 FC 32 
Sun Jul 12 10:53:25.672 <kernel> installGTK: IGTK installed
Sun Jul 12 11:53:28.234 <kernel> en0: Received EAPOL packet (length = 177)
Sun Jul 12 11:53:28.235 <kernel> inputEAPOLFrame: 0 extra bytes present in EAPOL frame.
Sun Jul 12 11:53:28.235 <kernel> inputEAPOLFrame: decrypting key data
Sun Jul 12 11:53:28.235 <kernel> inputEAPOLFrame: Received message 1 of 2
Sun Jul 12 11:53:28.235 <kernel> process1of2: received pairwise GTK_BIP 
Sun Jul 12 11:53:28.235 <kernel> installGTK: setting cipher key (flags = 0x0)
Sun Jul 12 11:53:28.235 <kernel> GTK-RSC:
Sun Jul 12 11:53:28.235 [00000000] 00 00 00 00 00 00 
Sun Jul 12 11:53:28.235 <kernel> GTK:
Sun Jul 12 11:53:28.235 [00000000] 83 81 A2 0A 59 A6 8D 5D 52 BD 83 D8 1C D0 93 B9 
Sun Jul 12 11:53:28.235 <kernel> installGTK: GTK installed
Sun Jul 12 11:53:28.235 <kernel> IGTK-RSC:
Sun Jul 12 11:53:28.235 [00000000] 00 00 00 00 00 00 
Sun Jul 12 11:53:28.235 <kernel> IGTK:
Sun Jul 12 11:53:28.235 [00000000] 40 AF DD 23 61 8A FE 69 C3 48 05 98 86 50 19 86 
Sun Jul 12 11:53:28.235 <kernel> installGTK: IGTK installed
Sun Jul 12 12:53:30.876 <kernel> en0: Received EAPOL packet (length = 177)
Sun Jul 12 12:53:30.877 <kernel> inputEAPOLFrame: 0 extra bytes present in EAPOL frame.
Sun Jul 12 12:53:30.878 <kernel> inputEAPOLFrame: decrypting key data
Sun Jul 12 12:53:30.878 <kernel> inputEAPOLFrame: Received message 1 of 2
Sun Jul 12 12:53:30.878 <kernel> process1of2: received pairwise GTK_BIP 
Sun Jul 12 12:53:30.878 <kernel> installGTK: setting cipher key (flags = 0x0)
Sun Jul 12 12:53:30.878 <kernel> GTK-RSC:
Sun Jul 12 12:53:30.878 [00000000] 00 00 00 00 00 00 
Sun Jul 12 12:53:30.878 <kernel> GTK:
Sun Jul 12 12:53:30.878 [00000000] 04 3A 4A 87 92 D8 8F FE A2 A2 18 64 48 6B 0D 18 
Sun Jul 12 12:53:30.878 <kernel> installGTK: GTK installed
Sun Jul 12 12:53:30.878 <kernel> IGTK-RSC:
Sun Jul 12 12:53:30.878 [00000000] 00 00 00 00 00 00 
Sun Jul 12 12:53:30.878 <kernel> IGTK:
Sun Jul 12 12:53:30.878 [00000000] BE 9B 47 B9 35 5E 4D 9C 53 99 D1 51 7D 66 70 3C 
Sun Jul 12 12:53:30.878 <kernel> installGTK: IGTK installed
Sun Jul 12 12:53:34.986 <kernel> en0: Received EAPOL packet (length = 177)
Sun Jul 12 12:53:34.986 <kernel> inputEAPOLFrame: 0 extra bytes present in EAPOL frame.
Sun Jul 12 12:53:34.986 <kernel> inputEAPOLFrame: decrypting key data
Sun Jul 12 12:53:34.986 <kernel> inputEAPOLFrame: Received message 1 of 2
Sun Jul 12 12:53:34.986 <kernel> wpaGTKToAppleGTK: GTK replay received.
Sun Jul 12 12:53:34.986 <kernel> process1of2: received pairwise GTK_BIP 
Sun Jul 12 12:53:34.986 <kernel> wpaBIPGTKToAppleBIPGTK: iGTK replay received.
