EBGaramond-Italic--oml-ebgaramond EBGaramond-Italic "AutoEnc_oml_ebgaramond_1 ReEncodeFont" <[oml-ebgaramond-1.enc <EBGaramond-Italic.pfb
EBGaramond-BoldItalic--oml-ebgaramond EBGaramond-BoldItalic "AutoEnc_oml_ebgaramond_1 ReEncodeFont" <[oml-ebgaramond-1.enc <EBGaramond-BoldItalic.pfb
EBGaramond-ExtraBoldItalic--oml-ebgaramond EBGaramond-ExtraBoldItalic "AutoEnc_oml_ebgaramond_1 ReEncodeFont" <[oml-ebgaramond-1.enc <EBGaramond-ExtraBoldItalic.pfb
EBGaramond-MediumItalic--oml-ebgaramond EBGaramond-MediumItalic "AutoEnc_oml_ebgaramond_1 ReEncodeFont" <[oml-ebgaramond-1.enc <EBGaramond-MediumItalic.pfb
EBGaramond-SemiBoldItalic--oml-ebgaramond EBGaramond-SemiBoldItalic "AutoEnc_oml_ebgaramond_1 ReEncodeFont" <[oml-ebgaramond-1.enc <EBGaramond-SemiBoldItalic.pfb
EBGaramond-ExtraBoldItalic--oml-ebgaramond EBGaramond-ExtraBoldItalic "AutoEnc_oml_ebgaramond_1 ReEncodeFont" <[oml-ebgaramond-1.enc <EBGaramond-ExtraBoldItalic.pfb
EBGaramond-BoldItalic--oml-ebgaramond EBGaramond-BoldItalic "AutoEnc_oml_ebgaramond_1 ReEncodeFont" <[oml-ebgaramond-1.enc <EBGaramond-BoldItalic.pfb
EBGaramond-SemiBoldItalic--oml-ebgaramond EBGaramond-SemiBoldItalic "AutoEnc_oml_ebgaramond_1 ReEncodeFont" <[oml-ebgaramond-1.enc <EBGaramond-SemiBoldItalic.pfb
EBGaramond-Italic--oml-ebgaramond EBGaramond-Italic "AutoEnc_oml_ebgaramond_1 ReEncodeFont" <[oml-ebgaramond-1.enc <EBGaramond-Italic.pfb
EBGaramond-MediumItalic--oml-ebgaramond EBGaramond-MediumItalic "AutoEnc_oml_ebgaramond_1 ReEncodeFont" <[oml-ebgaramond-1.enc <EBGaramond-MediumItalic.pfb
