adblock2privoxy @2.3.1 (www, haskell)
Convert adblock config files to privoxy format

android-platform-tools @36.0.2 (java, devel)
Platform-Tools for Google Android SDK (adb and fastboot)

android-platform-tools-i386 @23.0.1 (java, devel)
Platform-Tools for Google Android SDK (adb and fastboot): legacy version for 32-bit Intel CPUs

android-platform-tools-latest @36.0.2 (java, devel)
Platform-Tools for Google Android SDK (adb and fastboot)

android-platform-tools-no_sse4 @31.0.3 (java, devel)
Platform-Tools for Google Android SDK (adb and fastboot): legacy version for non-SSE4 64-bit Intel CPUs

DeaDBeeF @1.9.5 (multimedia)
DeaDBeeF is a modular cross-platform audio player

libzdb-mariadb @2.12_1 (databases, devel)
Enable MySQL support for mariadb

macos-fortress-easylistpac @2020.12.13 (net, security)
EasyList Tracker and Adblocks to Proxy Auto Configuration (PAC) File

mariadb @5.5.68 (databases)
Multithreaded SQL database server

mariadb-10.0 @10.0.38_3 (databases)
Obsolete port, replaced by mariadb-10.5

mariadb-10.0-server @10.0.38_2 (databases)
Obsolete port, replaced by mariadb-10.5-server

mariadb-10.1 @10.1.48_2 (databases)
Obsolete port, replaced by mariadb-10.5

mariadb-10.1-server @10.1.48_1 (databases)
Obsolete port, replaced by mariadb-10.5-server

mariadb-10.2 @10.2.44_2 (databases)
Obsolete port, replaced by mariadb-10.5

mariadb-10.2-server @10.2.44_1 (databases)
Obsolete port, replaced by mariadb-10.5-server

mariadb-10.3 @10.3.39 (databases)
Multithreaded SQL database server

mariadb-10.3-server @10.3.39 (databases)
Run mariadb-10.3 as server

mariadb-10.4 @10.4.34 (databases)
Multithreaded SQL database server

mariadb-10.4-server @10.4.34 (databases)
Run mariadb-10.4 as server

mariadb-10.5 @10.5.28 (databases)
Multithreaded SQL database server

mariadb-10.5-server @10.5.28 (databases)
Run mariadb-10.5 as server

mariadb-10.6 @10.6.21 (databases)
Multithreaded SQL database server

mariadb-10.6-server @10.6.21 (databases)
Run mariadb-10.6 as server

mariadb-10.7 @10.7.8 (databases)
Multithreaded SQL database server

mariadb-10.7-server @10.7.8 (databases)
Run mariadb-10.7 as server

mariadb-10.8 @10.8.8 (databases)
Multithreaded SQL database server

mariadb-10.8-server @10.8.8 (databases)
Run mariadb-10.8 as server

mariadb-10.9 @10.9.8 (databases)
Multithreaded SQL database server

mariadb-10.9-server @10.9.8 (databases)
Run mariadb-10.9 as server

mariadb-10.10 @10.10.7 (databases)
Multithreaded SQL database server

mariadb-10.10-server @10.10.7 (databases)
Run mariadb-10.10 as server

mariadb-10.11 @10.11.13 (databases)
Multithreaded SQL database server

mariadb-10.11-server @10.11.13 (databases)
Run mariadb-10.11 as server

mariadb-11.4 @11.4.7 (databases)
Multithreaded SQL database server

mariadb-11.4-server @11.4.7 (databases)
Run mariadb-11.4 as server

mariadb-connector-cpp @1.1.9_1 (databases)
The MySQL Connector/C++ for mariadb.

mariadb-lib_mysqludf_fPROJ4 @0.1.0_3 (databases, lang)
Based on program PROJ.4, lib_mysqludf_fPROJ4 converts geographic longitude and latitude coordinates into cartesian coordinates.

mariadb-lib_mysqludf_json @0.0.2 (databases, lang)
Map database data to the JSON.

mariadb-lib_mysqludf_preg @1.1_2 (databases, lang)
lib_mysqludf_preg is a library of mysql UDFs (user-defined-functions) that provide access to the PCRE (perl compatible-regular-expressions) library for pattern matching.

mariadb-lib_mysqludf_xql @1.0.0 (databases, lang)
The lib_mysqludf_xql library provides an array of functions, which can be used to create XML output directly from MySQL using a single SQL query.

mariadb-server @5.5.68 (databases)
Run mariadb as server

p5-dbd-mariadb @1.240.0 (perl, sysutils, www)
Perl DBI driver for access to MariaDB and MySQL databases

p5-file-readbackwards @1.60.0 (perl)
This module reads a file backwards line by line.

p5.28-dbd-mariadb @1.240.0 (perl, sysutils, www)
Perl DBI driver for access to MariaDB and MySQL databases

p5.28-file-readbackwards @1.60.0 (perl)
This module reads a file backwards line by line.

p5.30-dbd-mariadb @1.240.0 (perl, sysutils, www)
Perl DBI driver for access to MariaDB and MySQL databases

p5.30-file-readbackwards @1.60.0 (perl)
This module reads a file backwards line by line.

p5.32-dbd-mariadb @1.240.0 (perl, sysutils, www)
Perl DBI driver for access to MariaDB and MySQL databases

p5.32-file-readbackwards @1.60.0 (perl)
This module reads a file backwards line by line.

p5.34-dbd-mariadb @1.240.0 (perl, sysutils, www)
Perl DBI driver for access to MariaDB and MySQL databases

p5.34-file-readbackwards @1.60.0 (perl)
This module reads a file backwards line by line.

phpmyadmin @5.2.3 (www, php, databases)
A tool written in PHP intended to handle the administration of MySQL and MariaDB over the Web.

py-mysqlclient @2.2.7 (python, devel, databases)
Python3 interface to MySQL/MariaDB, fork of MySQL-python

py310-mysqlclient @2.2.7 (python, devel, databases)
Python3 interface to MySQL/MariaDB, fork of MySQL-python

py311-mysqlclient @2.2.7 (python, devel, databases)
Python3 interface to MySQL/MariaDB, fork of MySQL-python

py312-mysqlclient @2.2.7 (python, devel, databases)
Python3 interface to MySQL/MariaDB, fork of MySQL-python

qt4-mac-mariadb-10.0-plugin @4.8.7_1 (aqua, databases)
Qt MySQL database plugin for mariadb-10.0

qt4-mac-mariadb-10.1-plugin @4.8.7_1 (aqua, databases)
Qt MySQL database plugin for mariadb-10.1

qt4-mac-mariadb-plugin @4.8.7_1 (aqua, databases)
Qt MySQL database plugin for mariadb

R-adbcdrivermanager @0.14.0 (R, science, databases)
Arrow Database Connectivity (ADBC) driver manager

R-adbcpostgresql @0.14.0 (R, science, databases)
Arrow Database Connectivity (ADBC) SQLite driver

R-adbcsqlite @0.14.0 (R, science, databases)
Arrow Database Connectivity (ADBC) SQLite driver

R-adbi @0.1.1_1 (R, science, databases)
DBI-compliant database access using ADBC

R-readbitmap @0.1.5_2 (R, science, graphics)
Simple unified interface to read bitmap images (BMP, JPEG, PNG, TIFF)

R-RMariaDB @1.3.3 (R, science, databases)
Database interface and MariaDB driver

R-RMySQL @0.10.29 (R, science, databases)
Legacy R-DBI interface to MySQL/MariaDB

Sequel-Ace @2.3.1 (aqua, devel, databases)
MySQL/MariaDB database management for macOS

sequelpro-devel @20200622 (aqua, devel, databases)
MySQL/MariaDB database management for macOS

Found 68 ports.
