ArtResources @0.1.2_1 (gnustep)
FreeFonts and Vera fonts for gnustep art backend.

birdfont @2.29.6 (graphics)
Font editor

bitstream-vera @1.10_2 (graphics)
Bitstream Vera Fonts for use with Freetype/Fontconfig

cfonts @1.3.0 (textproc)
Sexy ANSI fonts for the console

dejavu-fonts @2.37 (x11, fonts)
The DejaVu fonts are a font family based on the Vera Fonts.

disvf @0 (tex, print, japanese)
A perl script to convert Japanese Virtual Font files to Virtual Property Lists.

efont-unicode @0.4.2_1 (x11, fonts)
efont Unicode Bitmap Fonts

eot-utils @1.1 (www)
W3C Embeddable OpenType font (eot) creation tools

fluid-soundfont @3.1-5.3 (audio)
SoundFont definitions for FluidSynth and compatible applications.

fluidsynth @2.3.4_1 (multimedia, audio)
FluidSynth is a real-time software synthesizer based on the SoundFont 2 specifications.

fntsample @4.1_4 (graphics, fonts, print)
Font samples generator

fondu @060102_1 (print)
A set of programs to interconvert between Mac font formats and pfb, ttf, otf and bdf files on UNIX.

font-adobe-75dpi @1.0.3_1 (x11, x11-font, graphics)
X.org Adobe 75 DPI font

font-adobe-100dpi @1.0.3_1 (x11, x11-font, graphics)
X.org Adobe 100 DPI font

font-adobe-utopia-75dpi @1.0.4_1 (x11, x11-font, graphics)
X.org Adobe Utopia 75 DPI font

font-adobe-utopia-100dpi @1.0.4_1 (x11, x11-font, graphics)
X.org Adobe Utopia 100 DPI font

font-adobe-utopia-type1 @1.0.4_1 (x11, x11-font, graphics)
X.org Adobe Type1 Utopia fonts

font-alias @1.0.4 (x11, x11-font, graphics)
X.org default fonts.alias files

font-arabic-misc @1.0.3_1 (x11, x11-font, graphics)
X.org Arabic font

font-bh-75dpi @1.0.3_1 (x11, x11-font, graphics)
X.org Bigelow & Holmes 75 DPI font

font-bh-100dpi @1.0.3_1 (x11, x11-font, graphics)
X.org Bigelow & Holmes 100 DPI font

font-bh-lucidatypewriter-75dpi @1.0.3_1 (x11, x11-font, graphics)
X.org Bigelow & Holmes Lucida Typewriter 75 DPI font

font-bh-lucidatypewriter-100dpi @1.0.3_1 (x11, x11-font, graphics)
X.org Bigelow & Holmes Lucida Typewriter 100 DPI font

font-bh-ttf @1.0.3_1 (x11, x11-font, graphics)
X.org Bigelow & Holmes TrueType fonts

font-bh-type1 @1.0.3_1 (x11, x11-font, graphics)
X.org Bigelow & Holmes Type1 fonts

font-bitstream-75dpi @1.0.3_1 (x11, x11-font, graphics)
X.org Bitstream 75 DPI font

font-bitstream-100dpi @1.0.3_1 (x11, x11-font, graphics)
X.org Bitstream 100 DPI font

font-bitstream-speedo @1.0.2_1 (x11, x11-font, graphics)
X.org Bitstream Speedo fonts

font-bitstream-type1 @1.0.3_1 (x11, x11-font, graphics)
X.org Bitstream Type1 fonts

font-cronyx-cyrillic @1.0.3_1 (x11, x11-font, graphics)
X.org Cronyx Cyrillic font

font-cursor-misc @1.0.3_1 (x11, x11-font, graphics)
X.org Cursor font

font-daewoo-misc @1.0.3_1 (x11, x11-font, graphics)
X.org Daewoo miscellaneous fonts

font-dec-misc @1.0.3_1 (x11, x11-font, graphics)
X.org DEC/Compaq/HP miscellaneous fonts

font-ibm-type1 @1.0.3_1 (x11, x11-font, graphics)
X.org IBM Type1 fonts

font-isas-misc @1.0.3_1 (x11, x11-font, graphics)
X.org ISAS miscellaneous fonts

font-jis-misc @1.0.3_1 (x11, x11-font, graphics)
X.org JIS miscellaneous fonts

font-manager @0.9.4 (sysutils, office, print)
Simple font management application for GTK Desktop Environments

font-micro-misc @1.0.3_1 (x11, x11-font, graphics)
X.org Micro miscellaneous font

font-misc-cyrillic @1.0.3_1 (x11, x11-font, graphics)
X.org Miscellaneous Cyrillic font

font-misc-ethiopic @1.0.4 (x11, x11-font, graphics)
X.org Ethiopic TrueType fonts

font-misc-meltho @1.0.3_1 (x11, x11-font, graphics)
X.org Meltho TrueType fonts

font-misc-misc @1.1.2_1 (x11, x11-font, graphics)
X.org various miscellaneous fonts

font-mutt-misc @1.0.3_1 (x11, x11-font, graphics)
X.org Mutt miscellaneous fonts

font-schumacher-misc @1.1.2_1 (x11, x11-font, graphics)
X.org Schumacher miscellaneous fonts

font-screen-cyrillic @1.0.4_1 (x11, x11-font, graphics)
X.org Cronyx screen Cyrillic font

font-sony-misc @1.0.3_1 (x11, x11-font, graphics)
X.org Sony miscellaneous fonts

font-spleen @1.9.1 (x11, x11-font, graphics, fonts)
monospaced bitmapped font

font-sun-misc @1.0.3_1 (x11, x11-font, graphics)
X.org Sun miscellaneous fonts

font-winitzki-cyrillic @1.0.3_1 (x11, x11-font, graphics)
X.org Winitzki Cyrillic font

font-xfree86-type1 @1.0.4_1 (x11, x11-font, graphics)
X.org XFree86 Type1 font

fontconfig @2.15.0 (graphics)
An XML-based font configuration API for X Windows

fontforge @20230101_1 (graphics, fonts)
Outline and bitmap font editor/converter for many formats

fontmatrix @0.9.100_1 (sysutils, print)
Free font collections manager

fonttools-utils @20180828_1 (print)
Font-related tools based on FontTools

fonttools_select @0.1_1 (python)
common files for selecting default fonttools version

fonttosfnt @1.2.2 (x11, graphics)
Wrap a bitmap font in a sfnt (TrueType) wrapper

freefont-ttf @20120503 (x11, fonts)
Free UCS Outline Fonts

freetype @2.13.3 (print, graphics)
A software font engine

fslsfonts @1.0.5 (x11, graphics)
List fonts served by X11 font server

fstobdf @1.0.6 (x11, graphics)
Convert font from X11 server to BDF

generaluser-soundfont @1.471 (audio)
SoundFont definitions for FluidSynth and compatible applications.

ghostscript-fonts-hiragino @9.54.0 (print, japanese, chinese)
Hiragino font for ghostscript 9.54.0

gnome-font-viewer @3.24.0_1 (gnome)
GNOME font viewer and thumbnailer.

graphite2 @1.3.14 (graphics)
a “smart font” system for lesser-known languages

kcharselect @4.14.3_3 (kde, kde4)
Select special characters from any font.

kochi-substitute @20030809_1 (x11, fonts)
Free Japanese TrueType fonts named 'Kochi Mincho' and 'Kochi Gothic'

lcdf-typetools @2.110_1 (print, tex)
Tools for manipulating fonts.

liberation-fonts @2.1.5_1 (x11, fonts)
replacements for the three commonly used fonts on Microsoft systems

libotf @0.9.16 (print)
Library for handling OpenType fonts

libsdl2_ttf @2.24.0 (devel, graphics)
add on library for libSDL for rendering TrueType fonts

libsdl_ttf @2.0.11-20220526 (devel, graphics)
add on library for libSDL for rendering TrueType fonts

makejvf @1.1a (tex, print, japanese)
Japanese Virtual Font file maker.

mftrace @1.2.16_1 (graphics)
Trace TeX bitmap font to PFA, PFB, or TTF font

mikachanfont @8.9_1 (x11, fonts)
Mikachan-font is Japanese font written by Mikachan

mkfontscale @1.2.3 (x11)
X11 mkfontscale

monafont @2.90_2 (x11, fonts)
Japanese proportional font to show Japanese text arts correctly

mplus-fonts @2.2.4_2 (x11, fonts)
simple and highly readable bitmap Japanese fonts

OpenSansEmoji @2013.06.03 (graphics)
OpenSans based font which includes the full iOS Emoji set

p5-font-afm @1.200.0_2 (perl)
Interface to Adobe Font Metrics files.

p5-font-freetype @0.160.0 (perl)
Font::FreeType - read font files and render glyphs from Perl using FreeType2

p5-font-ttf @1.60.0 (perl)
TTF font support for Perl

p5-postscript-font @1.10.03 (perl, print)
Module to fetch data from PostScript fonts

p5.28-font-afm @1.200.0_2 (perl)
Interface to Adobe Font Metrics files.

p5.28-font-freetype @0.160.0 (perl)
Font::FreeType - read font files and render glyphs from Perl using FreeType2

p5.28-font-ttf @1.60.0 (perl)
TTF font support for Perl

p5.28-postscript-font @1.10.03 (perl, print)
Module to fetch data from PostScript fonts

p5.30-font-afm @1.200.0_2 (perl)
Interface to Adobe Font Metrics files.

p5.30-font-freetype @0.160.0 (perl)
Font::FreeType - read font files and render glyphs from Perl using FreeType2

p5.30-font-ttf @1.60.0 (perl)
TTF font support for Perl

p5.30-postscript-font @1.10.03 (perl, print)
Module to fetch data from PostScript fonts

p5.32-font-afm @1.200.0_2 (perl)
Interface to Adobe Font Metrics files.

p5.32-font-freetype @0.160.0 (perl)
Font::FreeType - read font files and render glyphs from Perl using FreeType2

p5.32-font-ttf @1.60.0 (perl)
TTF font support for Perl

p5.32-postscript-font @1.10.03 (perl, print)
Module to fetch data from PostScript fonts

p5.34-font-afm @1.200.0_2 (perl)
Interface to Adobe Font Metrics files.

p5.34-font-freetype @0.160.0 (perl)
Font::FreeType - read font files and render glyphs from Perl using FreeType2

p5.34-font-ttf @1.60.0 (perl)
TTF font support for Perl

p5.34-postscript-font @1.10.03 (perl, print)
Module to fetch data from PostScript fonts

py-fontaine @1.4.0 (python, devel, print)
a font analyzing tool

py-fonttools @4.61.1 (python, print)
XML<->TrueType/OpenType Converter

py-qtawesome @1.4.1 (python)
Iconic Fonts in PyQt and PySide applications.

py-scikit-hep-mplhep_data @0.0.3 (python)
Sub-package to hold data (fonts) for mplhep.

py-ttfquery @2.0.0b1 (python, devel, multimedia, graphics)
FontTools-based package for querying system fonts

py39-fonttools @4.60.2 (python, print)
XML<->TrueType/OpenType Converter

py310-fonttools @4.61.1 (python, print)
XML<->TrueType/OpenType Converter

py310-qtawesome @1.4.1 (python)
Iconic Fonts in PyQt and PySide applications.

py310-scikit-hep-mplhep_data @0.0.3 (python)
Sub-package to hold data (fonts) for mplhep.

py310-ttfquery @2.0.0b1 (python, devel, multimedia, graphics)
FontTools-based package for querying system fonts

py311-fonttools @4.61.1 (python, print)
XML<->TrueType/OpenType Converter

py311-qtawesome @1.4.1 (python)
Iconic Fonts in PyQt and PySide applications.

py311-scikit-hep-mplhep_data @0.0.3 (python)
Sub-package to hold data (fonts) for mplhep.

py311-ttfquery @2.0.0b1 (python, devel, multimedia, graphics)
FontTools-based package for querying system fonts

py312-fontaine @1.4.0 (python, devel, print)
a font analyzing tool

py312-fonttools @4.61.1 (python, print)
XML<->TrueType/OpenType Converter

py312-qtawesome @1.4.1 (python)
Iconic Fonts in PyQt and PySide applications.

py312-scikit-hep-mplhep_data @0.0.3 (python)
Sub-package to hold data (fonts) for mplhep.

py312-ttfquery @2.0.0b1 (python, devel, multimedia, graphics)
FontTools-based package for querying system fonts

py313-fonttools @4.61.1 (python, print)
XML<->TrueType/OpenType Converter

py313-qtawesome @1.4.1 (python)
Iconic Fonts in PyQt and PySide applications.

py313-scikit-hep-mplhep_data @0.0.3 (python)
Sub-package to hold data (fonts) for mplhep.

py313-ttfquery @2.0.0b1 (python, devel, multimedia, graphics)
FontTools-based package for querying system fonts

py314-fonttools @4.61.1 (python, print)
XML<->TrueType/OpenType Converter

py314-qtawesome @1.4.1 (python)
Iconic Fonts in PyQt and PySide applications.

R-emojifont @0.5.5_1 (R, science, graphics)
Emoji and fontawesome in base and ggplot2 graphics both

R-extrafont @0.19_2 (R, science)
Tools for using fonts

R-extrafontdb @1.0_2 (R, science)
Package for holding the database for the extrafont package

R-fontawesome @0.5.2_1 (R, science)
Easily work with Font Awesome icons

R-fontBitstreamVera @0.1.1_2 (R, science)
Bitstream Vera Fonts

R-fontLiberation @0.1.0_2 (R, science)
Liberation Fonts

R-fontquiver @0.2.1_2 (R, science)
Set of installed fonts

R-gdtools @0.4.1 (R, science, graphics)
Utilities for graphical rendering and fonts management

R-gfonts @0.2.0_2 (R, science)
Offline Google fonts for Markdown and Shiny

R-showtext @0.9-7_1 (R, science)
Using fonts more easily in R graphs

R-showtextdb @3.0_2 (R, science)
Font files for the showtext package

R-sysfonts @0.8.9_1 (R, science)
Loading fonts into R

R-systemfonts @1.1.0 (R, science, sysutils)
System Native Font Handling in R

sazanami-font @20040629_1 (x11, fonts)
Japanese proportional TrueType font

SDL3_ttf @3.2.2_1 (devel, graphics)
add on library for libSDL for rendering TrueType fonts

showfont @1.0.5 (x11, graphics)
Font dumper for X11 font server

t1lib @5.1.2_3 (devel, graphics, fonts)
Library for generating glyphs from Type 1 fonts

t1utils @1.42 (graphics, print, fonts)
Command line tools for dealing with Type 1 fonts

terminus-font @4.49.1 (x11)
A clean monospaced font

texlive-fonts-extra @74512 (tex)
TeX Live: Additional fonts

texlive-fonts-recommended @68624_1 (tex)
TeX Live: Recommended fonts

texlive-fontutils @74240 (tex)
TeX Live: Graphics and font utilities

texlive-metapost @74168 (tex)
TeX Live: MetaPost and Metafont packages

ttf-arphic-ukai @0.1.20060928 (x11, fonts)
AR PL ZenKai Uni and AR PL ZenKai Uni MBE Unicode Fonts

ttf-arphic-uming @0.1.20060928 (x11, fonts)
AR PL ShanHeiSun Uni and AR PL ShanHeiSun Uni MBE Unicode Fonts

ttf-nerd-fonts-symbols @3.4.0 (fonts)
High number of extra glyphs from popular 'iconic fonts'

ttf2eot @0.0.3 (print, www)
TrueType font (ttf) to Embeddable OpenType font (eot) converter

ttf2pt1 @3.4.4 (print)
TrueType Font to PostScript Type 1 Converter

ttfautohint @1.8.4 (graphics, fonts)
A library to autohint TrueType fonts

unifont-ttf @15.0.06 (x11, fonts)
GNU Unifont

urw-core35-fonts @2017-08-04 (x11, fonts)
URW core35 fonts in various formats

urw-fonts @1.0.7pre44 (x11, fonts)
Cyrillized free URW fonts

woff2 @1.0.2 (print, www)
A set of tools for converting ttf fonts to/from woff2

xfd @1.1.3 (x11)
Display all the characters in an X11 font

xfontsel @1.0.6 (x11, graphics)
Point and click selection of X11 font names

xfs @1.2.0_1 (x11, graphics)
X11 font server

xfsinfo @1.0.6 (x11, graphics)
X11 font server information utility

Xft2 @2.3.9 (x11)
client-side font API for X applications

xlsfonts @1.0.6 (x11)
List available fonts on an X11 server

xorg-encodings @1.0.5_1 (x11, x11-font, graphics)
X.org font encodings

xorg-font-util @1.3.2 (x11, graphics)
X.org font utilities bdftruncate and ucs2any

xorg-fonts @20090102_1 (x11)
X.org fonts meta-package

xorg-libfontenc @1.1.8 (x11, devel)
X.org libfontenc

xorg-libXfont @1.5.4_2 (x11, devel)
X.org libXfont

xorg-libXfont2 @2.0.7 (x11, devel)
X.org libXfont

xorg-libXfontcache @1.0.5_2 (x11, devel)
X.org libXfontcache

xorg-scripts @1.0.1 (x11)
Several useful X11 scripts: fontname.sh, fontprop.sh, xon

Found 170 ports.
