cl-tld @20220217 (lisp, devel)
Extracts the TLD(Top Level Domain) from domain, for Common Lisp

p5-net-domain-tld @1.750.0 (perl)
Net::Domain::TLD - Work with TLD names

p5.28-net-domain-tld @1.750.0 (perl)
Net::Domain::TLD - Work with TLD names

p5.30-net-domain-tld @1.750.0 (perl)
Net::Domain::TLD - Work with TLD names

p5.32-net-domain-tld @1.750.0 (perl)
Net::Domain::TLD - Work with TLD names

p5.34-net-domain-tld @1.750.0 (perl)
Net::Domain::TLD - Work with TLD names

pure-stldict @0.8 (pure, devel)
a Pure interface to the C++ dictionary containers

py-tldextract @5.3.1 (python, net)
tldextract accurately separates the gTLD or ccTLD (generic or country code top-level domain) from the registered domain and subdomains of a URL.

py310-tldextract @5.3.1 (python, net)
tldextract accurately separates the gTLD or ccTLD (generic or country code top-level domain) from the registered domain and subdomains of a URL.

py311-tldextract @5.3.1 (python, net)
tldextract accurately separates the gTLD or ccTLD (generic or country code top-level domain) from the registered domain and subdomains of a URL.

py312-tldextract @5.3.1 (python, net)
tldextract accurately separates the gTLD or ccTLD (generic or country code top-level domain) from the registered domain and subdomains of a URL.

py313-tldextract @5.3.1 (python, net)
tldextract accurately separates the gTLD or ccTLD (generic or country code top-level domain) from the registered domain and subdomains of a URL.

py314-tldextract @5.3.1 (python, net)
tldextract accurately separates the gTLD or ccTLD (generic or country code top-level domain) from the registered domain and subdomains of a URL.

RigCtldGUI @20220406-d49f88b9_1 (science, comms)
a graphical user interface for rig control, offering also rigctld functionality

tealdeer @1.8.1 (sysutils)
Tealdeer is a very fast implementation of tldr in Rust: Simplified, example based and community-driven man pages.

tldr-cpp-client @1.6.1 (sysutils)
tldr c client - simplified and community-driven man pages

tldr-pages @20251209-cb3985b (devel)
The tldr-pages project is a collection of community-maintained help pages for command-line tools

tlrc @1.12.0 (net)
Official tldr client written in Rust

Found 18 ports.
