dino @0.5.0_1 (net, www)
Modern XMPP (Jabber) chat client

ejabberd @24.02 (net)
ejabberd is an XMPP application server.

gajim @1.9.5 (net, chat, x11)
A full featured and easy to use Jabber client.

gloox @1.0.28 (net, devel)
C++ Jabber/XMPP library taking care of the low-level protocol

iksemel @1.4_4 (textproc)
XML parser library for Jabber applications

jabber @1.6.1.1_2 (net)
Online presence and instant messaging server

jabberd @2.3.4_4 (net)
Jabber messaging (XMPP) server

loudmouth @1.5.4 (net, devel)
A lightweight C library for the jabber protocol.

mcabber @1.1.2_1 (net)
Console Jabber client

prosody @0.12.3_3 (net, chat)
Prosody is a modern flexible communications server for Jabber/XMPP written in Lua.

psi @1.5 (net, chat)
jabber-based instant messaging client

py-nbxmpp @5.0.4 (python, net, chat)
Non blocking Jabber/XMPP module

py-pyxmpp @1.1.2 (python, crypto, devel)
Python Jabber/XMPP implementation

py-xmpppy @0.4.1_1 (python, net)
python library providing easy scripting with jabber

py27-pyxmpp @1.1.2 (python, crypto, devel)
Python Jabber/XMPP implementation

py27-xmpppy @0.4.1_1 (python, net)
python library providing easy scripting with jabber

py310-nbxmpp @5.0.4 (python, net, chat)
Non blocking Jabber/XMPP module

py311-nbxmpp @5.0.4 (python, net, chat)
Non blocking Jabber/XMPP module

py312-nbxmpp @5.0.4 (python, net, chat)
Non blocking Jabber/XMPP module

rb-jabber4r @0.8.0 (ruby)
Library allowing Ruby apps to talk to a Jabber IM system.

tsung @1.8.0 (erlang, devel)
Load test tool for HTTP, PostgreSQL, Jabber and others.

Found 21 ports.
