freedroidclassic @1.0.2_2 (games)
Freedoid Classic is a Paradroid clone.

howdoi @2.0.20 (devel, python)
instant coding answers via the command line

libsexy @0.1.11_3 (x11, devel)
Doing naughty things to good Gtk+ widgets

ncbi_tools @20120620_1 (science)
Blast is a set of tools for doing nucleotide and protein searches

ntl @11.5.1 (math, devel)
NTL: A Library for doing Number Theory

py-jellyfish @1.2.1 (python)
A library for doing approximate and phonetic matching of strings.

py-pydash @8.0.5 (python, devel)
The kitchen sink of Python utility libraries for doing stuff in a functional way. Based on the Lo-Dash Javascript library.

py310-jellyfish @1.2.1 (python)
A library for doing approximate and phonetic matching of strings.

py310-pydash @8.0.5 (python, devel)
The kitchen sink of Python utility libraries for doing stuff in a functional way. Based on the Lo-Dash Javascript library.

py311-jellyfish @1.2.1 (python)
A library for doing approximate and phonetic matching of strings.

py311-pydash @8.0.5 (python, devel)
The kitchen sink of Python utility libraries for doing stuff in a functional way. Based on the Lo-Dash Javascript library.

py312-jellyfish @1.2.1 (python)
A library for doing approximate and phonetic matching of strings.

py312-pydash @8.0.5 (python, devel)
The kitchen sink of Python utility libraries for doing stuff in a functional way. Based on the Lo-Dash Javascript library.

py313-jellyfish @1.2.1 (python)
A library for doing approximate and phonetic matching of strings.

py313-pydash @8.0.5 (python, devel)
The kitchen sink of Python utility libraries for doing stuff in a functional way. Based on the Lo-Dash Javascript library.

py314-jellyfish @1.2.1 (python)
A library for doing approximate and phonetic matching of strings.

R-ClusterR @1.3.3 (R, science, math)
Gaussian mixture models, k-means, mini-batch-kmeans, k-medoids and affinity propagation clustering

R-parallelpam @1.4.3 (R, science, math)
Parallel partitioning-around-medoids (PAM) for big sets of data

rq @1.0.4 (textproc)
Record Query - A tool for doing record analysis and transformation

todoist-cli @0.22.0 (office)
Todoist CLI Client

Found 20 ports.
