audacious @4.5.1 (audio)
Meta port for audacious-core and audacious-plugins. Please check the variants on both audacious-core and audacious-plugins.

botan @2.19.5 (security, devel)
cryptographic algorithms and formats library in C++

botan1 @1.10.17_2 (security, devel)
legacy version of C++ cryptographic library

bottom @0.12.3 (sysutils)
Yet another cross-platform graphical process/system monitor

buildbot @3.10.1 (devel)
buildmaster for Buildbot continuous integration system

buildbot-0.8 @0.8.14_1 (devel, python)
buildmaster for Buildbot continuous integration system

buildbot-console-view @3.10.1 (devel)
console view plugin for Buildbot web UI

buildbot-grid-view @3.10.1 (devel)
grid view plugin for Buildbot web UI

buildbot-macports-custom-views @0.1.2_2 (devel)
MacPorts custom views plugin for Buildbot web UI

buildbot-pkg @3.10.1 (devel)
packaging tools for Buildbot

buildbot-slave-0.8 @0.8.14 (devel, python)
build slave for Buildbot continuous integration system

buildbot-waterfall-view @3.10.1 (devel)
waterfall view plugin for Buildbot web UI

buildbot-worker @3.10.1 (devel)
build worker for Buildbot continuous integration system

buildbot-www @3.10.1 (devel)
web UI server for Buildbot

buildbot-www-react @3.10.1 (devel)
new web UI server for Buildbot written in React

certbot @5.3.0 (security)
An ACME Let's Encrypt client that can obtain certs and extensibly update server configurations.

certbot-apache @5.3.0 (security)
The certbot Apache plugin for http-01 challenges

certbot-dns-cloudflare @5.3.0 (security)
The certbot dns_cloudflare plugin for dns-01 challenges

certbot-dns-digitalocean @5.3.0 (security)
The certbot dns_digitalocean plugin for dns-01 challenges

certbot-dns-dnsimple @5.3.0 (security)
The certbot dns_dnsimple plugin for dns-01 challenges

certbot-dns-dnsmadeeasy @5.3.0 (security)
The certbotdns_dnsmadeeasy plugin for dns-01 challenges

certbot-dns-gehirn @5.3.0 (security)
The certbot gehirn plugin for dns-01 challenges

certbot-dns-google @5.3.0 (security)
The certbot google plugin for dns-01 challenges

certbot-dns-linode @5.3.0 (security)
The certbot linode plugin for dns-01 challenges

certbot-dns-luadns @5.3.0 (security)
The certbot luadns plugin for dns-01 challenges

certbot-dns-namecheap @1.0.0_1 (security)
The certbot namecheap.com plugin for dns-01 challenges

certbot-dns-nsone @5.3.0 (security)
The certbot nsone plugin for dns-01 challenges

certbot-dns-ovh @5.3.0 (security)
The certbot ovh plugin for dns-01 challenges

certbot-dns-rfc2136 @5.3.0 (security)
The certbot rfc2136 plugin for dns-01 challenges

certbot-dns-route53 @5.3.0 (security)
The certbot route53 plugin for dns-01 challenges

certbot-dns-sakuracloud @5.3.0 (security)
The certbot sakuracloud plugin for dns-01 challenges

certbot-nginx @5.3.0 (security)
The certbot Nginx plugin for http-01 challenges

choose-gui @1.5.0 (aqua)
Fuzzy matcher for OS X that uses both std{in,out} and a native GUI

eggdrop @1.10.1 (irc)
Eggdrop is the world's most popular Internet Relay Chat (IRC) bot.

FastAD @3.2.1 (math)
FastAD is a C++ implementation of automatic differentiation both forward and reverse mode

ggc @7.0.5 (devel)
A modern Git CLI tool with both traditional command-line and interactive incremental-search UI.

infobot @0.45.3_1 (irc)
IRC Bot written in Perl with a rabid AI

jujutsu @0.37.0 (devel)
A Git-compatible DVCS that is both simple and powerful

katomic @4.14.3_3 (kde, kde4, games)
Katomic is both fun and educational game built around molecular geometry.

killbots @4.14.3_3 (kde, kde4, games)
Killbots is a simple game of evading killer robots.

libconfig-hr @1.7.3 (devel)
A new libconfig implementation with both C and C++ bindings.

libotf @0.9.16 (print)
Library for handling OpenType fonts

libotr @4.1.1 (security)
Off-the-Record Messaging Library

libots @0.5.0 (textproc)
Open Text Summarizer

libsql @0.5.0 (databases, devel)
Fork of SQLite that is both Open Source, and Open Contributions.

Maude @2.7.1 (lang)
high-performance reflective language and system supporting both equational and rewriting logic specification and programming

orthorobot @1.1.1_1 (games, love)
perspective-based puzzle game

p5-data-dumper @2.183.0 (perl)
Stringified Perl data structures, suitable for both printing and eval

p5-dbix-admin-dsnmanager @2.20.0 (perl)
DBIx::Admin::DSNManager - Manage a file of DSNs, for both testing and production

p5-getopt-mixed @1.120.0 (perl, devel)
alternate module supports both long and short options

p5-io-socket-ip @0.430.0 (perl)
IO::Socket::IP - Family-neutral IP socket supporting both IPv4 and IPv6

p5-io-socket-socks @0.740.0 (perl)
Provides a way to create socks client or server both 4 and 5 version

p5-module-load @0.360.0 (perl)
runtime require of both modules and files

p5-perlx-maybe @1.202.0 (perl)
PerlX::Maybe - return a pair only if they are both defined

p5-www-robotrules @6.20.0_1 (perl)
Parse /robots.txt file

p5.28-data-dumper @2.183.0 (perl)
Stringified Perl data structures, suitable for both printing and eval

p5.28-dbix-admin-dsnmanager @2.20.0 (perl)
DBIx::Admin::DSNManager - Manage a file of DSNs, for both testing and production

p5.28-getopt-mixed @1.120.0 (perl, devel)
alternate module supports both long and short options

p5.28-io-socket-ip @0.430.0 (perl)
IO::Socket::IP - Family-neutral IP socket supporting both IPv4 and IPv6

p5.28-io-socket-socks @0.740.0 (perl)
Provides a way to create socks client or server both 4 and 5 version

p5.28-module-load @0.360.0 (perl)
runtime require of both modules and files

p5.28-perlx-maybe @1.202.0 (perl)
PerlX::Maybe - return a pair only if they are both defined

p5.28-www-robotrules @6.20.0_1 (perl)
Parse /robots.txt file

p5.30-data-dumper @2.183.0 (perl)
Stringified Perl data structures, suitable for both printing and eval

p5.30-dbix-admin-dsnmanager @2.20.0 (perl)
DBIx::Admin::DSNManager - Manage a file of DSNs, for both testing and production

p5.30-getopt-mixed @1.120.0 (perl, devel)
alternate module supports both long and short options

p5.30-io-socket-ip @0.430.0 (perl)
IO::Socket::IP - Family-neutral IP socket supporting both IPv4 and IPv6

p5.30-io-socket-socks @0.740.0 (perl)
Provides a way to create socks client or server both 4 and 5 version

p5.30-module-load @0.360.0 (perl)
runtime require of both modules and files

p5.30-perlx-maybe @1.202.0 (perl)
PerlX::Maybe - return a pair only if they are both defined

p5.30-www-robotrules @6.20.0_1 (perl)
Parse /robots.txt file

p5.32-data-dumper @2.183.0 (perl)
Stringified Perl data structures, suitable for both printing and eval

p5.32-dbix-admin-dsnmanager @2.20.0 (perl)
DBIx::Admin::DSNManager - Manage a file of DSNs, for both testing and production

p5.32-getopt-mixed @1.120.0 (perl, devel)
alternate module supports both long and short options

p5.32-io-socket-ip @0.430.0 (perl)
IO::Socket::IP - Family-neutral IP socket supporting both IPv4 and IPv6

p5.32-io-socket-socks @0.740.0 (perl)
Provides a way to create socks client or server both 4 and 5 version

p5.32-module-load @0.360.0 (perl)
runtime require of both modules and files

p5.32-perlx-maybe @1.202.0 (perl)
PerlX::Maybe - return a pair only if they are both defined

p5.32-www-robotrules @6.20.0_1 (perl)
Parse /robots.txt file

p5.34-data-dumper @2.183.0 (perl)
Stringified Perl data structures, suitable for both printing and eval

p5.34-dbix-admin-dsnmanager @2.20.0 (perl)
DBIx::Admin::DSNManager - Manage a file of DSNs, for both testing and production

p5.34-getopt-mixed @1.120.0 (perl, devel)
alternate module supports both long and short options

p5.34-io-socket-ip @0.430.0 (perl)
IO::Socket::IP - Family-neutral IP socket supporting both IPv4 and IPv6

p5.34-io-socket-socks @0.740.0 (perl)
Provides a way to create socks client or server both 4 and 5 version

p5.34-module-load @0.360.0 (perl)
runtime require of both modules and files

p5.34-perlx-maybe @1.202.0 (perl)
PerlX::Maybe - return a pair only if they are both defined

p5.34-www-robotrules @6.20.0_1 (perl)
Parse /robots.txt file

pidgin-bot-sentry @1.3.0 (net, chat)
Pidgin plugin to prevent spam.

playerstage-player @3.0.2_9 (science)
Player/Stage robotic platform

playerstage-stage @3.2.2_7 (science)
Player/Stage robotic platform

py-aiobotocore @2.26.0 (python, devel)
Async client for Amazon services

py-boto3 @1.42.39 (python)
The AWS SDK for Python

py-botocore @1.42.39 (python)
Low level data driven core of boto 3.

py-bottle @0.13.4 (python, devel)
Fast, simple and lightweight WSGI micro web-framework for python

py-bottleneck @1.6.0_1 (python, math)
Fast NumPy array functions written in Cython

py-bottlenose @1.1.10_1 (python, devel)
A Python wrapper for the Amazon Product Advertising API.

py-cloudscraper @1.2.71 (python)
A Python module to bypass Cloudflare's anti-bot page

py-protego @0.5.0 (python)
Protego is a pure-Python `robots.txt` parser with support for modern conventions.

py-pyviz_comms @3.0.6 (python, devel)
Offers a simple bidirectional communication architecture for PyViz tools including support for Jupyter comms in both the classic notebook and Jupyterlab.

py-robotframework @4.1.2 (python, devel)
ATDD framework

py-robotframework-ride @1.7.3.1 (python, devel)
Robot Framework test case editor

py-robotframework-selenium2library @1.8.0 (python, devel)
Robot Framework library to run web-based tests

py-robotframework-seleniumlibrary @5.1.3 (python, devel)
Robot Framework library to run web-based tests

py-robotframework-sshlibrary @2.1.3 (python, devel)
Robot Framework library to handle ssh

py-robotremoteserver @1.1.1 (python, devel)
Remote server hosting test libraries

py-tropycal @1.4 (python, science)
Tropycal is a Python package intended to simplify the process of retrieving and analyzing tropical cyclone data, both for past storms and in real time, and is geared towards the research and operational meteorology sectors.

py27-robotframework @4.1.2 (python, devel)
ATDD framework

py27-robotframework-ride @1.7.3.1 (python, devel)
Robot Framework test case editor

py27-robotframework-selenium2library @1.8.0 (python, devel)
Robot Framework library to run web-based tests

py27-robotframework-sshlibrary @2.1.3 (python, devel)
Robot Framework library to handle ssh

py39-cloudscraper @1.2.71 (python)
A Python module to bypass Cloudflare's anti-bot page

py39-robotframework @4.1.2 (python, devel)
ATDD framework

py39-robotframework-seleniumlibrary @5.1.3 (python, devel)
Robot Framework library to run web-based tests

py310-aiobotocore @2.26.0 (python, devel)
Async client for Amazon services

py310-boto3 @1.42.39 (python)
The AWS SDK for Python

py310-botocore @1.42.39 (python)
Low level data driven core of boto 3.

py310-bottle @0.13.4 (python, devel)
Fast, simple and lightweight WSGI micro web-framework for python

py310-bottleneck @1.6.0_1 (python, math)
Fast NumPy array functions written in Cython

py310-bottlenose @1.1.10_1 (python, devel)
A Python wrapper for the Amazon Product Advertising API.

py310-cloudscraper @1.2.71 (python)
A Python module to bypass Cloudflare's anti-bot page

py310-protego @0.5.0 (python)
Protego is a pure-Python `robots.txt` parser with support for modern conventions.

py310-pyviz_comms @3.0.6 (python, devel)
Offers a simple bidirectional communication architecture for PyViz tools including support for Jupyter comms in both the classic notebook and Jupyterlab.

py310-tropycal @1.4 (python, science)
Tropycal is a Python package intended to simplify the process of retrieving and analyzing tropical cyclone data, both for past storms and in real time, and is geared towards the research and operational meteorology sectors.

py311-aiobotocore @2.26.0 (python, devel)
Async client for Amazon services

py311-boto3 @1.42.39 (python)
The AWS SDK for Python

py311-botocore @1.42.39 (python)
Low level data driven core of boto 3.

py311-bottle @0.13.4 (python, devel)
Fast, simple and lightweight WSGI micro web-framework for python

py311-bottleneck @1.6.0_1 (python, math)
Fast NumPy array functions written in Cython

py311-bottlenose @1.1.10_1 (python, devel)
A Python wrapper for the Amazon Product Advertising API.

py311-cloudscraper @1.2.71 (python)
A Python module to bypass Cloudflare's anti-bot page

py311-protego @0.5.0 (python)
Protego is a pure-Python `robots.txt` parser with support for modern conventions.

py311-pyviz_comms @3.0.6 (python, devel)
Offers a simple bidirectional communication architecture for PyViz tools including support for Jupyter comms in both the classic notebook and Jupyterlab.

py311-robotremoteserver @1.1.1 (python, devel)
Remote server hosting test libraries

py311-tropycal @1.4 (python, science)
Tropycal is a Python package intended to simplify the process of retrieving and analyzing tropical cyclone data, both for past storms and in real time, and is geared towards the research and operational meteorology sectors.

py312-aiobotocore @2.26.0 (python, devel)
Async client for Amazon services

py312-boto3 @1.42.39 (python)
The AWS SDK for Python

py312-botocore @1.42.39 (python)
Low level data driven core of boto 3.

py312-bottle @0.13.4 (python, devel)
Fast, simple and lightweight WSGI micro web-framework for python

py312-bottleneck @1.6.0_1 (python, math)
Fast NumPy array functions written in Cython

py312-bottlenose @1.1.10_1 (python, devel)
A Python wrapper for the Amazon Product Advertising API.

py312-cloudscraper @1.2.71 (python)
A Python module to bypass Cloudflare's anti-bot page

py312-protego @0.5.0 (python)
Protego is a pure-Python `robots.txt` parser with support for modern conventions.

py312-pyviz_comms @3.0.6 (python, devel)
Offers a simple bidirectional communication architecture for PyViz tools including support for Jupyter comms in both the classic notebook and Jupyterlab.

py312-tropycal @1.4 (python, science)
Tropycal is a Python package intended to simplify the process of retrieving and analyzing tropical cyclone data, both for past storms and in real time, and is geared towards the research and operational meteorology sectors.

py313-aiobotocore @2.26.0 (python, devel)
Async client for Amazon services

py313-boto3 @1.42.39 (python)
The AWS SDK for Python

py313-botocore @1.42.39 (python)
Low level data driven core of boto 3.

py313-bottle @0.13.4 (python, devel)
Fast, simple and lightweight WSGI micro web-framework for python

py313-bottleneck @1.6.0_1 (python, math)
Fast NumPy array functions written in Cython

py313-bottlenose @1.1.10_1 (python, devel)
A Python wrapper for the Amazon Product Advertising API.

py313-cloudscraper @1.2.71 (python)
A Python module to bypass Cloudflare's anti-bot page

py313-protego @0.5.0 (python)
Protego is a pure-Python `robots.txt` parser with support for modern conventions.

py313-pyviz_comms @3.0.6 (python, devel)
Offers a simple bidirectional communication architecture for PyViz tools including support for Jupyter comms in both the classic notebook and Jupyterlab.

py313-tropycal @1.4 (python, science)
Tropycal is a Python package intended to simplify the process of retrieving and analyzing tropical cyclone data, both for past storms and in real time, and is geared towards the research and operational meteorology sectors.

py314-aiobotocore @2.26.0 (python, devel)
Async client for Amazon services

py314-boto3 @1.42.39 (python)
The AWS SDK for Python

py314-botocore @1.42.39 (python)
Low level data driven core of boto 3.

py314-bottle @0.13.4 (python, devel)
Fast, simple and lightweight WSGI micro web-framework for python

py314-bottleneck @1.6.0_1 (python, math)
Fast NumPy array functions written in Cython

py314-cloudscraper @1.2.71 (python)
A Python module to bypass Cloudflare's anti-bot page

py314-pyviz_comms @3.0.6 (python, devel)
Offers a simple bidirectional communication architecture for PyViz tools including support for Jupyter comms in both the classic notebook and Jupyterlab.

R-bbotk @1.4.1 (R, science, math)
Black-Box Optimization Toolkit

R-emojifont @0.5.5_1 (R, science, graphics)
Emoji and fontawesome in base and ggplot2 graphics both

R-RStata @1.1.1_1 (R, science)
Simple R–Stata interface allowing to execute Stata commands (both inline and from a .do file) from R

rapidjson @1.1.0_2 (devel)
A fast JSON parser/generator for C++ with both SAX/DOM style API.

rapidjson-devel @20241202 (devel)
A fast JSON parser/generator for C++ with both SAX/DOM style API.

rb-rbot @0.9.14_1 (ruby, irc)
a ruby IRC bot

rfksay @0.1 (textproc, amusements)
Generates a kitten finding robot with a text bubble

roboctl @0.3.7_1 (devel)
Communication tools for Lego and VEX robots

robodoc @4.99.44 (devel)
Bot used to document source code.

robotfindskitten @2.8284271.702 (games)
You are robot. Your job is to find kitten.

sollya @8.0 (science)
Sollya is both a tool environment and a library for safe floating-point code development

textmate2 @2.0.23_4 (editors, aqua)
TextMate brings Apple's approach to operating systems into the world of text editors. By bridging UNIX underpinnings and GUI, TextMate cherry-picks the best of both worlds to the benefit of expert scripters and novice users alike.

wemux @3.2.0_2 (devel)
wemux enhances tmux to make multi-user terminal multiplexing both easier and more powerful.

Found 174 ports.
