bibclean @2.17 (tex)
BibTeX bibliography prettyprinter and syntax checker

biblatex-biber @2.20 (tex)
a BibTeX replacement for users of biblatex

bibledit @4.8_2 (textproc)
A USFM text editor for Bible translators using Linux and Mac OS X.

bibletime @3.0 (textproc)
Bible study tool

biblioteq @2024.03.25 (databases)
professional archiving, cataloging, and library management suite.

bibtex2html @1.99_1 (textproc, www)
Bibtex to HTML translator

BibTool @2.68 (tex)
Tool for manipulating BibTeX databases.

bibutils @4.12_1 (tex)
bibliography conversion utilities

brs @4.03_1 (textproc)
An interactive King James Bible

macsword @1.4.3 (aqua, textproc)
Aqua application based on the Sword project for Bible reading

p5-text-bibtex @0.910.0 (perl)
Text::BibTeX - interface to read and parse BibTeX files

p5.28-text-bibtex @0.910.0 (perl)
Text::BibTeX - interface to read and parse BibTeX files

p5.30-text-bibtex @0.910.0 (perl)
Text::BibTeX - interface to read and parse BibTeX files

p5.32-text-bibtex @0.910.0 (perl)
Text::BibTeX - interface to read and parse BibTeX files

p5.34-text-bibtex @0.910.0 (perl)
Text::BibTeX - interface to read and parse BibTeX files

py-pybtex @0.25.1 (python, textproc)
A BibTeX-compatible bibliography processor in Python.

py-sphinxcontrib-bibtex @2.6.1 (python, textproc, devel)
Sphinx extension for BibTeX style citations

py27-pybtex @0.24.0 (python, textproc)
A BibTeX-compatible bibliography processor in Python.

py310-pybtex @0.25.1 (python, textproc)
A BibTeX-compatible bibliography processor in Python.

py310-sphinxcontrib-bibtex @2.6.1 (python, textproc, devel)
Sphinx extension for BibTeX style citations

py311-pybtex @0.25.1 (python, textproc)
A BibTeX-compatible bibliography processor in Python.

py311-sphinxcontrib-bibtex @2.6.1 (python, textproc, devel)
Sphinx extension for BibTeX style citations

py312-pybtex @0.25.1 (python, textproc)
A BibTeX-compatible bibliography processor in Python.

py312-sphinxcontrib-bibtex @2.6.1 (python, textproc, devel)
Sphinx extension for BibTeX style citations

py313-pybtex @0.25.1 (python, textproc)
A BibTeX-compatible bibliography processor in Python.

R-bib2df @1.1.2.0 (R, science)
Parse a BibTeX file to a data frame

R-bibs @1.1.1_1 (R, science, math)
Bayesian Inference for the Birnbaum–Saunders distribution

R-bibtex @0.5.1_2 (R, science)
Utility to parse bibtex files

R-libbib @1.6.4_1 (R, science)
Various utilities for library science/assessment and cataloging

R-rbibutils @2.3 (R, science)
Read Bibtex files and convert between bibliography formats

R-rebib @0.3.2_1 (R, science)
Convert and aggregate bibliographies

R-RefManageR @1.4.0_1 (R, science)
Straightforward BibTeX and BibLaTeX bibliography management

R-softbib @0.0.2_1 (R, science)
Software Bibliographies for R projects

sword @1.9.0_6 (textproc)
cross-platform API/library for Bible software

sword-bible-akjv @1.4 (textproc)
American King James Version

sword-bible-asv @1.3 (textproc)
American Standard Version (1901), includes footnotes

sword-bible-darby @1.1 (textproc)
Darby Bible (1889)

sword-bible-kjv @2.3 (textproc)
King James Version (1769) with Strongs Numbers and Morphology

sword-bible-web @3.1 (textproc)
World English Bible, includes footnotes

sword-commentary-jfb @2.2_2 (textproc)
Jamieson Fausset Brown Bible Commentary

sword-dictionary-nave @1.1_2 (textproc)
Nave's Topical Bible

sword-dictionary-strongsgreek @1.2_2 (textproc)
Strong's Greek Bible Dictionary

sword-dictionary-strongshebrew @1.2_2 (textproc)
Strong's Hebrew Bible Dictionary

tetex-frogg @0.4-3 (tex, print)
Little collection of French LaTeX/BiBTeX styles

texlive-bibtex-extra @74417 (tex)
TeX Live: BibTeX additional styles

Found 45 ports.
