bing @1.0.5_1 (net)
Bandwidth measurement tool

bwping @2.6 (net)
Tool to measure bandwidth and RTT between two hosts using ICMP

cccc @3.1.4_1 (lang)
tool for measurement of source code related metrics

dnsviz @0.11.1 (net)
DNS measurement and diagnostic tool suite

ethr @1.0.0 (net, sysutils, www)
Ethr is a Network Performance Measurement Tool for TCP, UDP & HTTP.

iperf3 @3.20 (net)
Measures the maximum achievable bandwidth on IP networks

javancss @28.49 (java, devel)
Java Source Measurement Suite

libebur128 @1.2.6 (audio)
loudness measure according to EBU R128

p5-net-oping @1.210.0 (perl)
Net::Oping - ICMP latency measurement module using the oping library.

p5.28-net-oping @1.210.0 (perl)
Net::Oping - ICMP latency measurement module using the oping library.

p5.30-net-oping @1.210.0 (perl)
Net::Oping - ICMP latency measurement module using the oping library.

p5.32-net-oping @1.210.0 (perl)
Net::Oping - ICMP latency measurement module using the oping library.

p5.34-net-oping @1.210.0 (perl)
Net::Oping - ICMP latency measurement module using the oping library.

py-about-time @4.2.2 (python, devel)
Easily measure timing and throughput of code blocks, with beautiful human friendly representations.

py-benchexec @3.27 (python, graphics)
A Framework for Reliable Benchmarking and Resource Measurement

py-coverage @7.13.3 (python, devel)
Code coverage measurement for Python

py-instrumentkit @0.6.0 (python)
Test and measurement communication library

py-pympler @1.1 (python, devel)
measure, monitor and analyze the memory behavior of Python objects

py-segregation @2.5.3 (python, gis)
Segregation Measurement, Inferential Statistics and Decomposition Analysis

py39-coverage @7.10.7 (python, devel)
Code coverage measurement for Python

py310-about-time @4.2.2 (python, devel)
Easily measure timing and throughput of code blocks, with beautiful human friendly representations.

py310-coverage @7.13.3 (python, devel)
Code coverage measurement for Python

py310-instrumentkit @0.6.0 (python)
Test and measurement communication library

py310-pympler @1.1 (python, devel)
measure, monitor and analyze the memory behavior of Python objects

py310-segregation @2.5.3 (python, gis)
Segregation Measurement, Inferential Statistics and Decomposition Analysis

py311-about-time @4.2.2 (python, devel)
Easily measure timing and throughput of code blocks, with beautiful human friendly representations.

py311-coverage @7.13.3 (python, devel)
Code coverage measurement for Python

py311-pympler @1.1 (python, devel)
measure, monitor and analyze the memory behavior of Python objects

py311-segregation @2.5.3 (python, gis)
Segregation Measurement, Inferential Statistics and Decomposition Analysis

py312-about-time @4.2.2 (python, devel)
Easily measure timing and throughput of code blocks, with beautiful human friendly representations.

py312-coverage @7.13.3 (python, devel)
Code coverage measurement for Python

py312-pympler @1.1 (python, devel)
measure, monitor and analyze the memory behavior of Python objects

py312-segregation @2.5.3 (python, gis)
Segregation Measurement, Inferential Statistics and Decomposition Analysis

py313-about-time @4.2.2 (python, devel)
Easily measure timing and throughput of code blocks, with beautiful human friendly representations.

py313-benchexec @3.27 (python, graphics)
A Framework for Reliable Benchmarking and Resource Measurement

py313-coverage @7.13.3 (python, devel)
Code coverage measurement for Python

py313-pympler @1.1 (python, devel)
measure, monitor and analyze the memory behavior of Python objects

py313-segregation @2.5.3 (python, gis)
Segregation Measurement, Inferential Statistics and Decomposition Analysis

py314-about-time @4.2.2 (python, devel)
Easily measure timing and throughput of code blocks, with beautiful human friendly representations.

py314-coverage @7.13.3 (python, devel)
Code coverage measurement for Python

R-accessibility @1.4.0_1 (R, science)
Transport accessibility measures

R-aricode @1.0.3_1 (R, science, math)
Efficient computations of standard clustering comparison measures

R-asymmetry.measures @0.2_1 (R, science, math)
Asymmetry measures for probability density functions

R-AUC @0.3.2_1 (R, science, math)
Threshold-independent performance measures for probabilistic classifiers

R-benchr @0.2.5_2 (R, science, devel)
High-precision measurement of R expressions execution time

R-bioDist @1.76.0 (R, science, bioconductor)
Different distance measures

R-chisquare @1.1.1 (R, science, math)
Chi-Square and g-square test of independence, residual analysis and measures of categorical association

R-EDMeasure @1.2.0_1 (R, science, math)
Energy-based dependence measures

R-EValue @4.1.3_2 (R, science)
Sensitivity analyses for unmeasured confounding and other biases in observational studies and meta-analyses

R-gaussDiff @1.1_1 (R, science, math)
Difference measures for multivariate Gaussian probability density functions

R-hmeasure @1.0-2_1 (R, science)
H-measure and other scalar classification performance metrics

R-infotheo @1.2.0.1_1 (R, science, math)
Information-theoretic measures

R-joineR @1.2.8 (R, science)
Joint modelling of repeated measurements and time-to-event data

R-kantorovich @3.2.0_1 (R, science, math)
Kantorovich distance between probability measures

R-kappalab @0.4-12_1 (R, science, math)
Non-additive measure and integral manipulation functions

R-LAD @0.1.0_1 (R, science, math)
Derive leaf angle distribution (LAD) from measured leaf inclination angles

R-LMMstar @1.1.0 (R, science, math)
Repeated measurement models for discrete times

R-mclustcomp @0.3.3_2 (R, science, math)
Measures for comparing clusters

R-measr @1.0.0_2 (R, science)
Bayesian psychometric measurement using RStan

R-measurementProtocol @0.1.1 (R, science, devel)
Send data from R to the Measurement Protocol

R-measurements @1.5.1_1 (R, science)
Tools for units of measurement

R-measures @0.3_1 (R, science, math)
Performance measures for statistical learning

R-MetricsWeighted @1.0.3_1 (R, science)
Weighted metrics, scoring functions and performance measures for machine learning

R-microbenchmark @1.5.0 (R, science)
Infrastructure to accurately measure and compare the execution time of R expressions

R-MIRES @0.1.0_2 (R, science, math)
Measurement invariance assessment using random effects models and shrinkage

R-mlr3measures @1.0.0 (R, science)
Performance measures for R-mlr3

R-mmrm @0.3.14 (R, science, math)
Mixed Models for Repeated Measures

R-mrfDepth @1.0.17 (R, science, math)
Depth measures in multivariate, regression and functional settings

R-mvinfluence @0.9.0_1 (R, science)
Influence measures and diagnostic plots for multivariate linear models

R-netseg @1.0-3_1 (R, science, math)
Measures of network segregation and homophily

R-Newdistns @2.1_2 (R, science, math)
Computes PDF, CDF, quantile, random numbers and measures of inference for 19 general families of distributions.

R-NovelDistns @0.1.0_2 (R, science, math)
Computes PDF, CDF, quantile, random numbers and measures of inference for 3 general families of distributions.

R-panelr @0.7.8_1 (R, science, math)
Regression models and utilities for repeated measures and panel data

R-powerindexR @1.6 (R, science, economics)
Measure the power in voting systems

R-proxy @0.4-27_2 (R, science)
Distance and Similarity Measures

R-r2mlm @0.3.7_1 (R, science, math)
R-squared measures for multilevel models

R-RcmdrPlugin.aRnova @0.0.5_1 (R, science)
R Commander plug-in for repeated-measures ANOVA

R-repeated @1.1.9 (R, science)
Non-normal repeated measurements models

R-rmBayes @0.1.16_2 (R, science, math)
Performing Bayesian inference for repeated-measures designs

R-rmcorr @0.7.0 (R, science, math)
Repeated Measures Correlation

R-rmfanova @0.1.0_1 (R, science, math)
Repeated measures functional analysis of variance

R-rmutil @1.1.10_2 (R, science, math)
Utilities for non-linear regression and repeated measurements models

R-rsq @2.7 (R, science, math)
R-squared and related measures

R-seg @0.5-7_1 (R, science, math)
Measure spatial segregation

R-semidist @0.1.0_1 (R, science, math)
Measure dependence between categorical and continuous variables

R-simex @1.8_1 (R, science, math)
SIMEX- and MCSIMEX-algorithm for measurement error models

R-statcomp @0.1.0_1 (R, science, math)
Statistical complexity and information measures for time series analysis

R-tauProcess @2.1.3_1 (R, science, math)
Tau measure with right-censored data

R-ufRisk @1.0.7_1 (R, science, finance)
Risk measure calculation in financial time series

R-units @0.8-5_1 (R, science)
Measurement units for R vectors

R-varImp @0.4_1 (R, science, math)
RF variable importance for arbitrary measures

R-wdm @0.2.4_1 (R, science, math)
Weighted Dependence Measures

R-zebu @0.2.2.0_1 (R, science, math)
Local association measures

scamper @20260105 (net)
Conduct Internet measurements

Found 94 ports.
