KlustaKwik @2.0.1_1 (science)
A program for automatic clustering of continuous data into a mixture of Gaussians.

maskedKlustaKwik @3.0.2 (science)
A program for automatic clustering of continuous data into a mixture of Gaussians.

R-aldvmm @0.8.8_1 (R, science, math)
Adjusted Limited Dependent Variable Mixture Models

R-bayesanova @1.6_1 (R, science, math)
Bayesian inference in the Analysis of Variance via Markov Chain Monte Carlo in gaussian mixture models

R-BayesBinMix @1.4.1_2 (R, science, math)
Bayesian estimation of mixtures of multivariate Bernoulli distributions

R-bayesmix @0.7-6_2 (R, science, math)
Bayesian Mixture models with JAGS

R-bayest @1.5_1 (R, science, math)
Effect size targeted Bayesian two-sample t-tests via Markov chain Monte Carlo in Gaussian mixture models

R-bgmm @1.8.5_1 (R, science, math)
Gaussian mixture modelling algorithms and the belief-based mixture modelling

R-bpgmm @1.0.9_2 (R, science, math)
Bayesian model selection approach for parsimonious Gaussian mixture models

R-ClusterR @1.3.3 (R, science, math)
Gaussian mixture models, k-means, mini-batch-kmeans, k-medoids and affinity propagation clustering

R-depmixS4 @1.5-0_1 (R, science, math)
Dependent mixture models – hidden Markov models of GLMs and other distributions in S4

R-DirichletMultinomial @1.46.0_1 (R, science, bioconductor)
Dirichlet-multinomial mixture model machine learning for microbiome data

R-disclapmix @1.7.4_2 (R, science, math)
Discrete Laplace mixture inference using the EM algorithm

R-disclapmix2 @0.6.1_2 (R, science, math)
Mixtures of discrete Laplace distributions using numerical optimisation

R-DPBBM @0.2.5_1 (R, science, math)
Dirichlet process Beta-binomial mixture

R-DPP @0.1.2_1 (R, science, math)
Inference of parameters of normal distributions from a mixture of normals

R-dynmix @2.0_1 (R, science, math)
Estimation of dynamic finite mixtures

R-EMCluster @0.2-16 (R, science, math)
EM algorithm for model-based clustering of finite mixture Gaussian distribution

R-evmix @2.12_1 (R, science, math)
Extreme value mixture modelling, threshold estimation and boundary-corrected kernel density estimation

R-fabMix @5.1_1 (R, science, math)
Overfitting Bayesian mixtures of factor analyzers with parsimonious covariance

R-FitDynMix @1.0.0_1 (R, science, math)
Estimation of dynamic mixtures

R-flexmix @2.3-19_2 (R, science, math)
Flexible mixture modeling

R-flexmixNL @0.0.1_1 (R, science, math)
Finite mixture modeling of generalized non-linear models

R-fmx @0.1.2 (R, science, math)
Finite Mixture Parametrization

R-gamlss.mx @6.0-1_1 (R, science, math)
Fit mixture distributions with GAMLSS

R-GLDEX @2.0.0.9.3_1 (R, science, math)
Fitting single and mixture of generalised Lambda distributions

R-GMCM @1.4_1 (R, science, math)
Fast estimation of Gaussian mixture copula models

R-gmvarkit @2.1.3 (R, science, math)
Estimate Gaussian and Student t mixture vector autoregressive models

R-GSM @1.3.2_1 (R, science, math)
Gamma Shape Mixture

R-label.switching @1.8_2 (R, science, math)
Relabelling MCMC outputs of mixture models

R-leptokurticMixture @1.1_1 (R, science, math)
Parsimonious finite mixtures of multivariate elliptical leptokurtic-normals

R-Lmoments @1.3-1_1 (R, science, math)
L-moments and quantile mixtures

R-LNPar @0.1.0_1 (R, science, math)
Estimation and testing for a Lognormal-Pareto mixture

R-lqmix @1.0_1 (R, science, math)
Linear Quantile Mixture models

R-ManlyMix @0.1.15.1 (R, science, math)
Manly mixture modeling and model-based clustering

R-markovmix @0.1.3_1 (R, science, math)
Mixture of Markov chains with support of higher orders and multiple sequences

R-mclust @6.1.1 (R, science, math)
Gaussian mixture modelling for model-based clustering, classification and density estimation

R-mda @0.5-5 (R, science, math)
Mixture and flexible discriminant analysis

R-MGMM @1.0.1.1_1 (R, science, math)
Missingness-aware Gaussian Mixture Models

R-mistr @0.0.6_1 (R, science, math)
Mixture and composite distributions

R-mixAK @5.8 (R, science, math)
Multivariate normal mixture models and mixtures of generalized linear mixed models including model-based clustering

R-mixdist @0.5-5_2 (R, science, math)
Finite Mixture Distribution models

R-MixSemiRob @1.1.0_1 (R, science, math)
Mixture models: parametric, semiparametric and robust

R-mixsmsn @1.1-10_1 (R, science, math)
Fit a finite mixture of scale mixture of skew-normal distributions

R-mixSPE @0.9.2_1 (R, science, math)
Mixtures of power exponential and skew power exponential distributions for use in model-based clustering and classification

R-mixsqp @0.3-54_1 (R, science, math)
Sequential quadratic programming for fast maximum-likelihood estimation of mixture proportions

R-mixtools @2.0.0_2 (R, science, math)
Tools for analyzing finite mixture models

R-mixture @2.1.1_3 (R, science, math)
Mixture models for clustering and classification

R-mmeln @1.5_1 (R, science, math)
Estimation of multinormal mixture distribution

R-morpheus @1.0-4_1 (R, science, math)
Estimate parameters of mixtures of logistic regressions

R-movMF @0.2-9 (R, science, math)
Mixtures of von Mises–Fisher distributions

R-nlsem @0.8-1_1 (R, science, math)
Fitting structural equation mixture models

R-Nmix @2.0.5_1 (R, science, math)
Bayesian inference on univariate normal mixtures

R-nor1mix @1.3-3_1 (R, science, math)
Gaussian mixture models (S3 classes and methods)

R-norMmix @0.2-0 (R, science, math)
Direct MLE for multivariate normal mixture distributions

R-pgmm @1.2.7_1 (R, science, math)
Parsimonious Gaussian Mixture Models

R-PLMIX @2.1.1_1 (R, science, math)
Bayesian analysis of finite mixtures of Plackett–Luce models for partial rankings/orderings

R-rebmix @2.16.0 (R, science, math)
Finite mixture modelling, clustering and classification

R-RGMM @2.1.0_1 (R, science, math)
Robust Mixture Model

R-Rmixmod @2.1.10_1 (R, science, math)
Classification with mixture modelling

R-RMixtComp @4.1.4_1 (R, science, math)
Mixture models with heterogeneous and (partially) missing data

R-robmixglm @1.2-4 (R, science, math)
Robust generalized linear models (GLM) using a mixture method

R-rrMixture @0.1-2_1 (R, science, math)
Reduced-Rank Mixture models

R-SAGMM @0.2.4_1 (R, science, math)
Clustering via stochastic approximation and Gaussian mixture models

R-seqHMM @1.2.6_1 (R, science, math)
Mixture hidden Markov models for social sequence data and other multivariate, multichannel categorical time series

R-skewlmm @1.1.0_1 (R, science, math)
Scale mixture of skew-normal linear mixed models

R-skewMLRM @1.6_1 (R, science, math)
Estimation for scale-shape mixtures of skew-normal distributions

R-sparseLDA @0.1-9_1 (R, science, math)
Sparse linear discriminant analysis for Gaussians and mixture of Gaussian models

R-telescope @0.1-0 (R, science, math)
Bayesian mixtures with an unknown number of components

R-watson @0.4_1 (R, science, math)
Fit and simulate mixtures of Watson distributions

Found 70 ports.
