cl-marshal @20231025 (lisp, devel)
Simple and fast serialization of all kinds of Common Lisp data structures.

cpp-peglib @1.9.1 (devel)
A single file C++ header-only PEG (Parsing Expression Grammars) library

diehard @0.1 (math)
Marsaglia's Diehard Battery of Tests of Randomness

dmd @2.088.0 (lang)
dmd Digital Mars D compiler

dmd-bootstrap @2.088.0 (lang)
dmd Digital Mars D bootstrap compiler

lua-lpeg @1.1.0 (lua, devel)
Parsing Expression Grammars For Lua

lua51-lpeg @1.1.0 (lua, devel)
Parsing Expression Grammars For Lua

lua52-lpeg @1.1.0 (lua, devel)
Parsing Expression Grammars For Lua

lua53-lpeg @1.1.0 (lua, devel)
Parsing Expression Grammars For Lua

lua54-lpeg @1.1.0 (lua, devel)
Parsing Expression Grammars For Lua

mars @4.4 (java, devel)
MARS (MIPS Assembler and Runtime Simulator)

marst @2.7 (lang, algol)
Algol-to-C translator

py-marshmallow @3.23.1 (python, devel)
Light-weight library for converting complex datatypes to and from native Python datatypes

py-tatsu @5.13.2 (python, devel, textproc)
Tool that takes grammars in a variation of EBNF as input, and outputs memoizing PEG parsers in Python.

py-xdis @6.1.8 (python)
Python cross-version byte-code disassembler and marshal routines

py310-marshmallow @3.23.1 (python, devel)
Light-weight library for converting complex datatypes to and from native Python datatypes

py310-xdis @6.1.8 (python)
Python cross-version byte-code disassembler and marshal routines

py311-marshmallow @3.23.1 (python, devel)
Light-weight library for converting complex datatypes to and from native Python datatypes

py311-tatsu @5.13.2 (python, devel, textproc)
Tool that takes grammars in a variation of EBNF as input, and outputs memoizing PEG parsers in Python.

py311-xdis @6.1.8 (python)
Python cross-version byte-code disassembler and marshal routines

py312-marshmallow @3.23.1 (python, devel)
Light-weight library for converting complex datatypes to and from native Python datatypes

py312-tatsu @5.13.2 (python, devel, textproc)
Tool that takes grammars in a variation of EBNF as input, and outputs memoizing PEG parsers in Python.

py312-xdis @6.1.8 (python)
Python cross-version byte-code disassembler and marshal routines

py313-marshmallow @3.23.1 (python, devel)
Light-weight library for converting complex datatypes to and from native Python datatypes

py313-tatsu @5.13.2 (python, devel, textproc)
Tool that takes grammars in a variation of EBNF as input, and outputs memoizing PEG parsers in Python.

py313-xdis @6.1.8 (python)
Python cross-version byte-code disassembler and marshal routines

py314-marshmallow @3.23.1 (python, devel)
Light-weight library for converting complex datatypes to and from native Python datatypes

py314-tatsu @5.13.2 (python, devel, textproc)
Tool that takes grammars in a variation of EBNF as input, and outputs memoizing PEG parsers in Python.

py314-xdis @6.1.8 (python)
Python cross-version byte-code disassembler and marshal routines

R-MARSS @3.11.9_1 (R, science, math)
Multivariate Auto-Regressive State-Space modelling

R-marssTMB @0.0.14_1 (R, science, math)
Fast fitting of MARSS models with TMB

R-piton @1.0.0_1 (R, science, devel)
Parsing of expression grammars in Rcpp

Found 32 ports.
