abiword-x11 @3.0.6 (editors, textproc, gnome)
A word processor with Gnome support.

aewm @1.3.12 (x11, x11-wm)
aewm is a minimalist window manager for X11.

appres @1.0.5 (x11)
Show resources seen by an X11 application

bdftopcf @1.1 (x11)
X11 bdftopcf

bitmap @1.0.9 (x11, graphics)
Bitmap editor and converter utilities for X11

editres @1.0.7 (x11, graphics)
Dynamic resource editor for X11 Toolkit applications

evas @1.7.10_1 (devel, x11)
Evas is a hardware-accelerated canvas API for X11.

fireworkx @2.2_1 (x11)
pyrotechnic simulation eye-candy for X11

freeciv-x11 @2.6.4 (games)
An empire-building strategy game

fslsfonts @1.0.5 (x11, graphics)
List fonts served by X11 font server

fstobdf @1.0.6 (x11, graphics)
Convert font from X11 server to BDF

fvwm2 @2.7.0 (x11, x11-wm)
Version 2.x of FVWM, an X11 window manager.

ivtools @1.0.7 (graphics)
X11 based drawing editors for PostScript, TeX, web graphics

libxkbcommon-x11 @1.7.0 (devel)
library to handle keyboard descriptions

listres @1.0.4 (x11, graphics)
List resources in X11 widgets

MacOSX11.sdk @11.3.1-20E241 (devel)
macOS Big Sur v11.3.1 (20E241) SDK

magicpoint @1.13a_1 (graphics)
An X11 based presentation tool.

mkfontscale @1.2.3 (x11)
X11 mkfontscale

mlterm @3.9.4_2 (x11)
Multi-lingual X11 terminal emulator

mozplugger @1.14.6_1 (www, x11)
Use popular X11 applications as plugins for firefox

nabi @1.0.1 (x11)
Korean Input Method for X11

oclock @1.0.4 (x11)
Round X11 clock

openjfx11 @11.0.2 (java, devel)
OpenJFX 11

openmotif @2.3.8_5 (x11)
The Open Motif toolkit for X11

osx2x @2.4.0_9 (aqua)
small Aqua application to control X11 servers from Mac OS X

p5-x11-protocol @0.560.0_3 (perl)
Perl module for the X Window System Protocol, version 11

p5-x11-protocol-other @31 (perl)
X11::Protocol::Other provides a number of utitiles related to X11.

p5.28-x11-protocol @0.560.0_3 (perl)
Perl module for the X Window System Protocol, version 11

p5.28-x11-protocol-other @31 (perl)
X11::Protocol::Other provides a number of utitiles related to X11.

p5.30-x11-protocol @0.560.0_3 (perl)
Perl module for the X Window System Protocol, version 11

p5.30-x11-protocol-other @31 (perl)
X11::Protocol::Other provides a number of utitiles related to X11.

p5.32-x11-protocol @0.560.0_3 (perl)
Perl module for the X Window System Protocol, version 11

p5.32-x11-protocol-other @31 (perl)
X11::Protocol::Other provides a number of utitiles related to X11.

p5.34-x11-protocol @0.560.0_3 (perl)
Perl module for the X Window System Protocol, version 11

p5.34-x11-protocol-other @31 (perl)
X11::Protocol::Other provides a number of utitiles related to X11.

quartz-wm @1.3.2_1 (x11)
Apple's Window Manager for X11

rendercheck @1.5_1 (x11)
Test suite for the X11 RENDER extension

setxkbmap @1.3.2 (x11)
Set the keyboard using the X11 keyboard extension

showfont @1.0.5 (x11, graphics)
Font dumper for X11 font server

smproxy @1.0.6 (x11)
X11 Session Manager

tk-x11 @8.6.17 (x11)
Tcl Tool Kit

transmission-x11 @4.0.6_1 (net, x11, p2p)
Lightweight BitTorrent client

transset @1.0.2 (x11)
transset is an utility for setting opacity property on X11 windows

twm @1.0.10 (x11, x11-wm)
Tab Window Manager for X11

vnc @4.1.3 (x11, vnc)
Remote display system for X11 applications

windowmaker @0.96.0_1 (x11, x11-wm)
Window Maker is a X11 window manager supporting GNUstep

wmii @3.1_1 (x11, x11-wm)
Window Manager Improved is a dynamic window manager for X11

wxgtk-3.0-cxx11 @3.0.5.1_6 (graphics, devel)
C++ framework for cross-platform GUI development

wxWidgets-3.0-cxx11 @3.0.5.1_6 (graphics, devel)
C++ framework for cross-platform GUI development

x11perf @1.6.1 (x11)
X11 server performance test program

xauth @1.1.4 (x11)
X11 authority file utility

xcalc @1.1.0 (x11, math, science)
Scientific calculator for X11

xcb @2.4_3 (x11)
tool for managing X11 cut-buffers

xclip @0.13 (x11)
Command line interface to the X11 clipboard

xclipboard @1.1.3 (x11)
X11 clipboard client

xclock @1.0.9 (x11)
Analog/digital clock for X11

xcompmgr @1.1.8 (x11)
sample compositing manager for X11

xconsole @1.0.7 (x11)
Monitor system console messages with X11

xcursorgen @1.0.7 (x11)
Create an X11 cursor file from a collection of PNG images

xdialog @2.3.1_5 (x11)
X11 drop in replacement for dialog or cdialog

xditview @1.0.5 (x11)
Display ditroff output on an X11 display

xdm @1.1.12 (x11)
X11 display manager with support for XDMCP, host chooser

xdotool @3.20211022.1 (x11, devel)
X11 keyboard and mouse simulation utility

xdpyinfo @1.3.2 (x11)
Display information utility for X11

xedit @1.2.2 (x11, editors)
Simple text editor for X11

xev @1.2.4 (x11)
Print contents of X11 events

xeyes @1.3.1 (x11)
X11 xeyes demo app

xfd @1.1.3 (x11)
Display all the characters in an X11 font

xfig @3.2.9a (graphics, x11)
Facility for Interactive Generation of figures under X11

xfindproxy @1.0.4_1 (x11)
xfindproxy utilizes the Proxy Management Protocol to communicate with a proxy manager to locate available X11 proxy services.

xfontsel @1.0.6 (x11, graphics)
Point and click selection of X11 font names

xforms @1.2.4_1 (x11)
A graphical user interface toolkit for X based on the X11 Xlib library

xfs @1.2.0_1 (x11, graphics)
X11 font server

xfsinfo @1.0.6 (x11, graphics)
X11 font server information utility

xgamma @1.0.6 (x11)
Monitor gamma utility for X11

xgc @1.0.5 (x11, graphics)
Demonstrates various features of the X11 graphics primitives

xhost @1.0.8 (x11)
Server access control program for X11

xinit @1.4.1_1 (x11)
X11 startup script processor

xkeyboard-config @2.5.1_1 (x11)
X11 XKB keyboard descriptions

xkill @1.0.5 (x11)
Kill a client by its X11 resource

xload @1.1.3 (x11)
System load average display for X11

xlogo @1.0.5 (x11)
X11 Window System logo

xlsatoms @1.1.3 (x11)
List interned atoms defined on an X11 server

xlsclients @1.1.5 (x11)
List client applications running on an X11 display

xlsfonts @1.0.6 (x11)
List available fonts on an X11 server

xmag @1.0.6 (x11, graphics)
Magnify parts of the X11 screen

xman @1.1.5 (x11)
Manual page display program for the X11 Window System

xmessage @1.0.5 (x11)
Display a message or query in a window (X11-based /bin/echo)

xmh @1.0.3 (x11, mail)
Send and read mail with an X11 interface to MH

xmodmap @1.0.10 (x11)
Modify keymaps and pointer button mappings in X11

xmore @1.0.3 (x11)
Plain text display program for the X11 Window System

xorg-libX11 @1.8.12 (x11, devel)
X.org libX11

xorg-scripts @1.0.1 (x11)
Several useful X11 scripts: fontname.sh, fontprop.sh, xon

xpr @1.0.5 (x11)
Print an X11 window dump

xprop @1.2.5 (x11)
Property displayer for X11

xrandr @1.5.2 (x11)
Primitive command line interface to RandR X11 extension

xrdb @1.2.1 (x11)
X11 server resource database utility

xrefresh @1.0.6 (x11)
Refresh all or part of an X11 screen

xsane @0.999_3 (graphics, x11)
X11 frontend for SANE

xscope @1.4.1_1 (x11)
X11 protocol debugger

xscreensaver @6.09 (x11)
X11 screen saver

xset @1.2.4_1 (x11)
User preference utility for X11

xsetmode @1.0.0_1 (x11)
Set the mode for an X11 input device

xsetpointer @1.0.1_1 (x11)
Set an X11 input device as the main pointer

xsetroot @1.1.2 (x11)
Root window parameter setting utility for X11

xskat @4.0_2 (games, x11)
X11 graphical skat card game

xsm @1.0.4 (x11)
X11 session manager

xstdcmap @1.0.4 (x11)
X11 standard colormap utility

xwd @1.0.8 (x11, graphics)
Dump an image of an X11 window

xwininfo @1.1.5 (x11)
Window information utility for X11

xwud @1.0.5 (x11, graphics)
Image displayer for X11

Found 111 ports.
