4ti2 @1.6.13 (math)
A software package for algebraic, geometric and combinatorial problems on linear spaces.

ce @2004-07-06_1 (science)
Combinatorial Extension (CE) Method for 3D protein structure comparison and alignment

cl-parser-combinators @20231023 (lisp, www, devel)
An experimental implementation of parser combinators in Common Lisp Resources

cocoa-tlassemble @1.0 (sysutils)
tlassemble is a simple Mac OS X command line utility that combines a sequence of images into a movie.

edbrowse @3.8.6 (www)
A combination editor, browser, and mail client that is 100% text based.

gnudatalanguage @1.1.3 (math, science)
a free IDL combatible incremental compiler

kluctl @2.27.0 (sysutils)
Kluctl combines Helm, Kustomize and more to handle large deployments in a manageable and unified way.

mhddfs @0.1.10_4 (fuse)
FUSE-based filesystem for combined mountpoints

ocaml-angstrom @0.16.1 (ocaml, devel)
Parser combinators built for speed and memory-efficiency

ocaml-fmt @0.9.0 (ocaml, devel)
Fmt exposes combinators to devise format pretty-printing functions

ocaml-rresult @0.7.0 (ocaml, devel)
Result value combinators for OCaml

p5-algorithm-combinatorics @0.270.0 (perl)
Algorithm::Combinatorics - Efficient generation of combinatorial sequences

p5-data-tumbler @0.10.0 (perl)
Data::Tumbler - Dynamic generation of nested combinations of variants

p5-io-tiecombine @1.5.0 (perl)
IO::TieCombine - produce tied (and other) separate but combined variables

p5-math-combinatorics @0.90.0_1 (perl)
Math::Combinatorics - Perform combinations and permutations on lists.

p5-regexp-assemble @0.380.0 (perl)
Combine several regular expressions into one

p5-test-writevariants @0.14.0 (perl)
Test::WriteVariants - Dynamic generation of tests in nested combinations of contexts

p5-text-wrapi18n @0.60.0_1 (perl)
Line wrapping module with support for multibyte, fullwidth, and combining characters and languages without whitespaces between words

p5.28-algorithm-combinatorics @0.270.0 (perl)
Algorithm::Combinatorics - Efficient generation of combinatorial sequences

p5.28-data-tumbler @0.10.0 (perl)
Data::Tumbler - Dynamic generation of nested combinations of variants

p5.28-io-tiecombine @1.5.0 (perl)
IO::TieCombine - produce tied (and other) separate but combined variables

p5.28-math-combinatorics @0.90.0_1 (perl)
Math::Combinatorics - Perform combinations and permutations on lists.

p5.28-regexp-assemble @0.380.0 (perl)
Combine several regular expressions into one

p5.28-test-writevariants @0.14.0 (perl)
Test::WriteVariants - Dynamic generation of tests in nested combinations of contexts

p5.28-text-wrapi18n @0.60.0_1 (perl)
Line wrapping module with support for multibyte, fullwidth, and combining characters and languages without whitespaces between words

p5.30-algorithm-combinatorics @0.270.0 (perl)
Algorithm::Combinatorics - Efficient generation of combinatorial sequences

p5.30-data-tumbler @0.10.0 (perl)
Data::Tumbler - Dynamic generation of nested combinations of variants

p5.30-io-tiecombine @1.5.0 (perl)
IO::TieCombine - produce tied (and other) separate but combined variables

p5.30-math-combinatorics @0.90.0_1 (perl)
Math::Combinatorics - Perform combinations and permutations on lists.

p5.30-regexp-assemble @0.380.0 (perl)
Combine several regular expressions into one

p5.30-test-writevariants @0.14.0 (perl)
Test::WriteVariants - Dynamic generation of tests in nested combinations of contexts

p5.30-text-wrapi18n @0.60.0_1 (perl)
Line wrapping module with support for multibyte, fullwidth, and combining characters and languages without whitespaces between words

p5.32-algorithm-combinatorics @0.270.0 (perl)
Algorithm::Combinatorics - Efficient generation of combinatorial sequences

p5.32-data-tumbler @0.10.0 (perl)
Data::Tumbler - Dynamic generation of nested combinations of variants

p5.32-io-tiecombine @1.5.0 (perl)
IO::TieCombine - produce tied (and other) separate but combined variables

p5.32-math-combinatorics @0.90.0_1 (perl)
Math::Combinatorics - Perform combinations and permutations on lists.

p5.32-regexp-assemble @0.380.0 (perl)
Combine several regular expressions into one

p5.32-test-writevariants @0.14.0 (perl)
Test::WriteVariants - Dynamic generation of tests in nested combinations of contexts

p5.32-text-wrapi18n @0.60.0_1 (perl)
Line wrapping module with support for multibyte, fullwidth, and combining characters and languages without whitespaces between words

p5.34-algorithm-combinatorics @0.270.0 (perl)
Algorithm::Combinatorics - Efficient generation of combinatorial sequences

p5.34-data-tumbler @0.10.0 (perl)
Data::Tumbler - Dynamic generation of nested combinations of variants

p5.34-io-tiecombine @1.5.0 (perl)
IO::TieCombine - produce tied (and other) separate but combined variables

p5.34-math-combinatorics @0.90.0_1 (perl)
Math::Combinatorics - Perform combinations and permutations on lists.

p5.34-regexp-assemble @0.380.0 (perl)
Combine several regular expressions into one

p5.34-test-writevariants @0.14.0 (perl)
Test::WriteVariants - Dynamic generation of tests in nested combinations of contexts

p5.34-text-wrapi18n @0.60.0_1 (perl)
Line wrapping module with support for multibyte, fullwidth, and combining characters and languages without whitespaces between words

pooler @1.89 (science)
Optimise combinations of primers

py-allpairspy @2.4.0 (python, devel)
Pairwise (aka ‘all-pairs’) test combinations generator written in Python.

py-funcparserlib @1.0.1 (python, devel)
Recursive descent parsing library based on functional combinators

py-plumbum @1.8.2 (python, devel)
Plumbum: Shell Combinators for Python

py-pygmsh @7.1.17 (python, science)
PyGmsh combines power of Gmsh.

py39-funcparserlib @1.0.1 (python, devel)
Recursive descent parsing library based on functional combinators

py310-allpairspy @2.4.0 (python, devel)
Pairwise (aka ‘all-pairs’) test combinations generator written in Python.

py310-funcparserlib @1.0.1 (python, devel)
Recursive descent parsing library based on functional combinators

py310-pygmsh @7.1.17 (python, science)
PyGmsh combines power of Gmsh.

py311-allpairspy @2.4.0 (python, devel)
Pairwise (aka ‘all-pairs’) test combinations generator written in Python.

py311-funcparserlib @1.0.1 (python, devel)
Recursive descent parsing library based on functional combinators

py311-plumbum @1.8.2 (python, devel)
Plumbum: Shell Combinators for Python

py312-allpairspy @2.4.0 (python, devel)
Pairwise (aka ‘all-pairs’) test combinations generator written in Python.

py312-funcparserlib @1.0.1 (python, devel)
Recursive descent parsing library based on functional combinators

py312-plumbum @1.8.2 (python, devel)
Plumbum: Shell Combinators for Python

py313-allpairspy @2.4.0 (python, devel)
Pairwise (aka ‘all-pairs’) test combinations generator written in Python.

py313-funcparserlib @1.0.1 (python, devel)
Recursive descent parsing library based on functional combinators

py314-allpairspy @2.4.0 (python, devel)
Pairwise (aka ‘all-pairs’) test combinations generator written in Python.

py314-funcparserlib @1.0.1 (python, devel)
Recursive descent parsing library based on functional combinators

R-abind @1.4-8 (R, science)
Combine multidimensional arrays

R-arrangements @1.1.9_1 (R, science, math)
Fast generators and iterators for permutations, combinations, integer partitions and compositions

R-bayeslincom @1.3.0_2 (R, science, math)
Linear combinations of Bayesian posterior samples

R-cocosoR @0.1.0_1 (R, science, math)
Combined Compromise Solution method for MCDA

R-combinat @0.0-8_2 (R, science, math)
Combinatorics utilities

R-gpboost @1.5.4 (R, science, math)
Combining tree-boosting with Gaussian process and mixed effects models

R-iterpc @0.4.2_1 (R, science, math)
Efficient iterator for permutations and combinations

R-kSamples @1.2-10_1 (R, science, math)
K-sample rank tests and their combinations

R-metaBLUE @1.0.0_1 (R, science)
BLUE for combining location and scale information in a meta-analysis

R-modelfactory @1.0.0_1 (R, science)
Combine statistical models into a tibble for comparison

R-plyr @1.8.9_1 (R, science, devel)
Tools for splitting, applying and combining data

R-qpdf @1.3.4 (R, science, print)
Split, combine and compress PDF files

R-RcppAlgos @2.8.5 (R, science, math)
High-performance tools for combinatorics and computational mathematics

R-RegCombin @0.4.1_1 (R, science, economics)
Partially linear regression under data combination

R-SPIA @2.56.0 (R, science, bioconductor)
Signaling Pathway Impact Analysis (SPIA) using combined evidence of pathway over-representation and unusual signalling perturbations

R-splitfngr @0.1.2_2 (R, science, math)
Combined evaluation and split access of functions

R-taber @0.1.2_1 (R, science, systools)
Split and recombine your data

R-tatoo @1.1.2_2 (R, science)
Combine and export data frames

R-TFisher @0.2.0_2 (R, science)
Optimal thresholding Fisher’s p-value combination method

rb-super_random @3.2.230213 (ruby, devel)
rb-super_random combines sources of entropy to generate super-random bytes!

rb30-super_random @3.2.230213 (ruby, devel)
rb-super_random combines sources of entropy to generate super-random bytes!

rb31-super_random @3.2.230213 (ruby, devel)
rb-super_random combines sources of entropy to generate super-random bytes!

rb32-super_random @3.2.230213 (ruby, devel)
rb-super_random combines sources of entropy to generate super-random bytes!

rb33-super_random @3.2.230213 (ruby, devel)
rb-super_random combines sources of entropy to generate super-random bytes!

topfew @2.0.0 (textproc)
Finds the fields (or combinations of fields) which appear most often in a stream of records.

Found 90 ports.
