duktape @2.7.0 (devel)
Duktape is an embeddable Javascript engine, with a focus on portability and compact footprint.

jimtcl @0.83 (lang, devel)
Jim is a small footprint implementation of the Tcl programming language written from scratch.

kicad-footprints @7.0.11_2 (science)
Kicad footprints

libcotp @3.1.0 (security, devel, crypto)
C library that generates TOTP and HOTP

libyubikey @1.13 (security)
Low-level library for decrypting and parsing Yubikey One-Time Passwords (OTP) in C.

metakit @2.4.9.8 (databases)
an efficient embedded database library with a small footprint

mfa @20210617 (security)
Generate TOTP(Time-based One-time Password) token with CLI.

mod_authn_otp @1.1.5_2 (www)
module for one-time password authentication

notpacman @1.0.4_1 (games, love)
Pacman with physics

pass-otp @1.2.0_1 (security)
A pass extension for managing one-time-password (OTP) tokens

py-plotpy @2.8.3 (python)
Curve and image plotting tools for Python/Qt applications

py-pyotp @2.9.0 (python)
Python One-Time Password Library

py310-pyotp @2.9.0 (python)
Python One-Time Password Library

py311-pyotp @2.9.0 (python)
Python One-Time Password Library

py312-pyotp @2.9.0 (python)
Python One-Time Password Library

py313-plotpy @2.8.3 (python)
Curve and image plotting tools for Python/Qt applications

py313-pyotp @2.9.0 (python)
Python One-Time Password Library

py314-plotpy @2.8.3 (python)
Curve and image plotting tools for Python/Qt applications

R-BootPR @1.0_1 (R, science, math)
Bootstrap prediction intervals and bias-corrected forecasting

rb-totp @1.0.0 (ruby, devel)
Time-based One-Time Passwords

rb30-totp @1.0.0 (ruby, devel)
Time-based One-Time Passwords

rb31-totp @1.0.0 (ruby, devel)
Time-based One-Time Passwords

rb32-totp @1.0.0 (ruby, devel)
Time-based One-Time Passwords

rb33-totp @1.0.0 (ruby, devel)
Time-based One-Time Passwords

skey @1.1.5_1 (sysutils, security)
OpenBSD One Time Passwords (OTP)

step-cli @0.28.7 (security)
A zero trust swiss army knife for working with X509, OAuth, JWT, OATH OTP, etc.

tinyows @1.2.1_1 (gis)
TinyOWS is a small footprint WFS server

totp-cli @1.9.2 (security)
Authy/Google Authenticator like TOTP CLI tool written in Go.

yubico-c-client @2.15 (security)
C library to validate a YubiKey OTP against a validation server

Found 29 ports.
