cl-parachute @20241105 (lisp, devel)
Common lisp implementation of unicode normalization functions

cl-ppcre-unicode @2.1.2 (lisp, devel)
Portable Perl-compatible regular expressions for Common Lisp

cl-uax-15 @0.1.3 (lisp, devel)
Common lisp implementation of unicode normalization functions

cl-unicode @0.1.6_1 (lisp, devel)
Portable Unicode library for Common Lisp

courier-unicode @2.3.0 (devel, mail)
Courier Unicode Library implements several algorithms related to the Unicode Standard

efont-unicode @0.4.2_1 (x11, fonts)
efont Unicode Bitmap Fonts

fribidi @1.0.16 (textproc)
Free Implementation of the Unicode BiDi algorithm

gucharmap @15.0.4 (gnome)
gucharmap is a featureful unicode character map.

icu @76.1 (devel, textproc)
International Components for Unicode

icu-devel @78.2 (devel, textproc)
International Components for Unicode

icu-devel-docs @78.2 (devel, textproc)
International Components for Unicode (documentation)

icu-docs @76.1 (devel, textproc)
International Components for Unicode (documentation)

icu58 @58.3_1 (devel, textproc)
International Components for Unicode -- Legacy Version

libgrapheme @3.0.0 (textproc)
extremely simple freestanding C99 library providing utilities for properly handling strings according to the latest Unicode standard

libLASi @1.1.3_1 (print)
unicode PostScript printing engine

liblightgrep @1.5.0_1 (devel)
Search for regular expressions as defined in Unicode Technical Standard 18

liblinebreak @2.0 (devel)
Unicode linebreak library

libuninameslist @20230916 (devel, textproc)
A Library of Unicode annotation data

libuninum @2.7_1 (textproc)
library for converting Unicode strings to numbers and vice versa

libunistring @1.4.1 (textproc)
library for manipulating Unicode strings

libutf8proc @2.11.3 (textproc)
library for processing UTF-8 encoded Unicode strings

mp3unicode @1.2.1 (audio)
A command line utility to convert ID3 tags in mp3 files between different encodings

ocaml-sedlex @3.3 (ocaml, devel)
Unicode-friendly lexer generator for OCaml

ocaml-ulex @1.2_1 (ocaml, devel, textproc)
lexer generator for Unicode and OCaml

ocaml-unidecode @0.4.0 (ocaml, devel)
Convert unicode strings into its ASCII representation

ocaml-uucp @15.1.0 (ocaml, textproc)
Unicode character properties for OCaml

ocaml-uunf @15.1.0 (ocaml, textproc)
Unicode text normalization for OCaml

ocaml-uuseg @15.1.0 (ocaml, textproc)
Unicode text segmentation for OCaml

ocaml-uutf @1.0.3 (ocaml, devel)
Non-blocking streaming Unicode codec for OCaml

p5-text-unidecode @1.300.0 (perl)
Text::Unidecode -- plain ASCII transliterations of Unicode text

p5-unicode-checkutf8 @1.30.0 (perl)
Unicode::CheckUTF8 - checks if scalar is valid UTF-8

p5-unicode-collate @1.310.0 (perl)
Unicode Collation Algorithm

p5-unicode-eastasianwidth @12.0.0 (perl)
Unicode::EastAsianWidth - East Asian Width properties

p5-unicode-escape @0.0.2 (perl)
Escape and unescape Unicode characters

p5-unicode-linebreak @2019.1.0_1 (perl)
Unicode::LineBreak - UAX #14 Unicode Line Breaking Algorithm

p5-unicode-normalize @1.260.0 (perl)
Unicode::Normalize - Unicode Normalization Forms

p5-unicode-string @2.100.0 (perl)
String of Unicode characters (UCS2/UTF16)

p5-unicode-utf8 @0.630.0 (perl)
Unicode::UTF8 - Encoding and decoding of UTF-8 encoding form

p5-utf8-all @0.26.0 (perl)
utf8::all - turn on Unicode - all of it

p5.28-text-unidecode @1.300.0 (perl)
Text::Unidecode -- plain ASCII transliterations of Unicode text

p5.28-unicode-checkutf8 @1.30.0 (perl)
Unicode::CheckUTF8 - checks if scalar is valid UTF-8

p5.28-unicode-collate @1.310.0 (perl)
Unicode Collation Algorithm

p5.28-unicode-eastasianwidth @12.0.0 (perl)
Unicode::EastAsianWidth - East Asian Width properties

p5.28-unicode-escape @0.0.2 (perl)
Escape and unescape Unicode characters

p5.28-unicode-linebreak @2019.1.0_1 (perl)
Unicode::LineBreak - UAX #14 Unicode Line Breaking Algorithm

p5.28-unicode-normalize @1.260.0 (perl)
Unicode::Normalize - Unicode Normalization Forms

p5.28-unicode-string @2.100.0 (perl)
String of Unicode characters (UCS2/UTF16)

p5.28-unicode-utf8 @0.630.0 (perl)
Unicode::UTF8 - Encoding and decoding of UTF-8 encoding form

p5.28-utf8-all @0.26.0 (perl)
utf8::all - turn on Unicode - all of it

p5.30-text-unidecode @1.300.0 (perl)
Text::Unidecode -- plain ASCII transliterations of Unicode text

p5.30-unicode-checkutf8 @1.30.0 (perl)
Unicode::CheckUTF8 - checks if scalar is valid UTF-8

p5.30-unicode-collate @1.310.0 (perl)
Unicode Collation Algorithm

p5.30-unicode-eastasianwidth @12.0.0 (perl)
Unicode::EastAsianWidth - East Asian Width properties

p5.30-unicode-escape @0.0.2 (perl)
Escape and unescape Unicode characters

p5.30-unicode-linebreak @2019.1.0_1 (perl)
Unicode::LineBreak - UAX #14 Unicode Line Breaking Algorithm

p5.30-unicode-normalize @1.260.0 (perl)
Unicode::Normalize - Unicode Normalization Forms

p5.30-unicode-string @2.100.0 (perl)
String of Unicode characters (UCS2/UTF16)

p5.30-unicode-utf8 @0.630.0 (perl)
Unicode::UTF8 - Encoding and decoding of UTF-8 encoding form

p5.30-utf8-all @0.26.0 (perl)
utf8::all - turn on Unicode - all of it

p5.32-text-unidecode @1.300.0 (perl)
Text::Unidecode -- plain ASCII transliterations of Unicode text

p5.32-unicode-checkutf8 @1.30.0 (perl)
Unicode::CheckUTF8 - checks if scalar is valid UTF-8

p5.32-unicode-collate @1.310.0 (perl)
Unicode Collation Algorithm

p5.32-unicode-eastasianwidth @12.0.0 (perl)
Unicode::EastAsianWidth - East Asian Width properties

p5.32-unicode-escape @0.0.2 (perl)
Escape and unescape Unicode characters

p5.32-unicode-linebreak @2019.1.0_1 (perl)
Unicode::LineBreak - UAX #14 Unicode Line Breaking Algorithm

p5.32-unicode-normalize @1.260.0 (perl)
Unicode::Normalize - Unicode Normalization Forms

p5.32-unicode-string @2.100.0 (perl)
String of Unicode characters (UCS2/UTF16)

p5.32-unicode-utf8 @0.630.0 (perl)
Unicode::UTF8 - Encoding and decoding of UTF-8 encoding form

p5.32-utf8-all @0.26.0 (perl)
utf8::all - turn on Unicode - all of it

p5.34-text-unidecode @1.300.0 (perl)
Text::Unidecode -- plain ASCII transliterations of Unicode text

p5.34-unicode-checkutf8 @1.30.0 (perl)
Unicode::CheckUTF8 - checks if scalar is valid UTF-8

p5.34-unicode-collate @1.310.0 (perl)
Unicode Collation Algorithm

p5.34-unicode-eastasianwidth @12.0.0 (perl)
Unicode::EastAsianWidth - East Asian Width properties

p5.34-unicode-escape @0.0.2 (perl)
Escape and unescape Unicode characters

p5.34-unicode-linebreak @2019.1.0_1 (perl)
Unicode::LineBreak - UAX #14 Unicode Line Breaking Algorithm

p5.34-unicode-normalize @1.260.0 (perl)
Unicode::Normalize - Unicode Normalization Forms

p5.34-unicode-string @2.100.0 (perl)
String of Unicode characters (UCS2/UTF16)

p5.34-unicode-utf8 @0.630.0 (perl)
Unicode::UTF8 - Encoding and decoding of UTF-8 encoding form

p5.34-utf8-all @0.26.0 (perl)
utf8::all - turn on Unicode - all of it

paps @0.8.0_1 (print)
Command line program for converting Unicode text encoded in UTF-8 to postscript and pdf by using pango

py-doctest-ignore-unicode @0.1.2 (python, devel)
Add flag to ignore unicode literal prefixes in doctests

py-grapheme @0.6.0 (python, devel)
Unicode grapheme helpers

py-linkify-it-py @2.0.3 (python)
Links recognition library with full unicode support.

py-precis-i18n @1.1.1 (python)
PRECIS framework for Unicode

py-pyuca @1.2 (python, devel)
a Python implementation of the Unicode Collation Algorithm

py-slugify @8.0.4 (python, textproc)
A Python Slugify application that handles Unicode

py-uc-micro-py @1.0.3 (python)
Micro subset of unicode data files for linkify-it-py projects.

py-unicodecsv @0.14.1 (python, devel)
Python 2's csv module which supports unicode strings.

py-unicodedata2 @17.0.0 (python)
Unicodedata backport for Python 2/3 updated to the latest Unicode version.

py-unidecode @1.4.0 (python, textproc)
ASCII transliterations of Unicode text

py27-unicodecsv @0.14.1 (python, devel)
Python 2's csv module which supports unicode strings.

py39-linkify-it-py @2.0.3 (python)
Links recognition library with full unicode support.

py39-uc-micro-py @1.0.3 (python)
Micro subset of unicode data files for linkify-it-py projects.

py39-unicodedata2 @17.0.0 (python)
Unicodedata backport for Python 2/3 updated to the latest Unicode version.

py310-doctest-ignore-unicode @0.1.2 (python, devel)
Add flag to ignore unicode literal prefixes in doctests

py310-grapheme @0.6.0 (python, devel)
Unicode grapheme helpers

py310-linkify-it-py @2.0.3 (python)
Links recognition library with full unicode support.

py310-precis-i18n @1.1.1 (python)
PRECIS framework for Unicode

py310-pyuca @1.2 (python, devel)
a Python implementation of the Unicode Collation Algorithm

py310-slugify @8.0.4 (python, textproc)
A Python Slugify application that handles Unicode

py310-uc-micro-py @1.0.3 (python)
Micro subset of unicode data files for linkify-it-py projects.

py310-unicodedata2 @17.0.0 (python)
Unicodedata backport for Python 2/3 updated to the latest Unicode version.

py310-unidecode @1.4.0 (python, textproc)
ASCII transliterations of Unicode text

py311-doctest-ignore-unicode @0.1.2 (python, devel)
Add flag to ignore unicode literal prefixes in doctests

py311-grapheme @0.6.0 (python, devel)
Unicode grapheme helpers

py311-linkify-it-py @2.0.3 (python)
Links recognition library with full unicode support.

py311-precis-i18n @1.1.1 (python)
PRECIS framework for Unicode

py311-pyuca @1.2 (python, devel)
a Python implementation of the Unicode Collation Algorithm

py311-slugify @8.0.4 (python, textproc)
A Python Slugify application that handles Unicode

py311-uc-micro-py @1.0.3 (python)
Micro subset of unicode data files for linkify-it-py projects.

py311-unicodedata2 @17.0.0 (python)
Unicodedata backport for Python 2/3 updated to the latest Unicode version.

py311-unidecode @1.4.0 (python, textproc)
ASCII transliterations of Unicode text

py312-doctest-ignore-unicode @0.1.2 (python, devel)
Add flag to ignore unicode literal prefixes in doctests

py312-grapheme @0.6.0 (python, devel)
Unicode grapheme helpers

py312-linkify-it-py @2.0.3 (python)
Links recognition library with full unicode support.

py312-precis-i18n @1.1.1 (python)
PRECIS framework for Unicode

py312-pyuca @1.2 (python, devel)
a Python implementation of the Unicode Collation Algorithm

py312-slugify @8.0.4 (python, textproc)
A Python Slugify application that handles Unicode

py312-uc-micro-py @1.0.3 (python)
Micro subset of unicode data files for linkify-it-py projects.

py312-unicodedata2 @17.0.0 (python)
Unicodedata backport for Python 2/3 updated to the latest Unicode version.

py312-unidecode @1.4.0 (python, textproc)
ASCII transliterations of Unicode text

py313-doctest-ignore-unicode @0.1.2 (python, devel)
Add flag to ignore unicode literal prefixes in doctests

py313-grapheme @0.6.0 (python, devel)
Unicode grapheme helpers

py313-linkify-it-py @2.0.3 (python)
Links recognition library with full unicode support.

py313-pyuca @1.2 (python, devel)
a Python implementation of the Unicode Collation Algorithm

py313-slugify @8.0.4 (python, textproc)
A Python Slugify application that handles Unicode

py313-uc-micro-py @1.0.3 (python)
Micro subset of unicode data files for linkify-it-py projects.

py313-unicodedata2 @17.0.0 (python)
Unicodedata backport for Python 2/3 updated to the latest Unicode version.

py313-unidecode @1.4.0 (python, textproc)
ASCII transliterations of Unicode text

py314-grapheme @0.6.0 (python, devel)
Unicode grapheme helpers

py314-linkify-it-py @2.0.3 (python)
Links recognition library with full unicode support.

py314-pyuca @1.2 (python, devel)
a Python implementation of the Unicode Collation Algorithm

py314-slugify @8.0.4 (python, textproc)
A Python Slugify application that handles Unicode

py314-uc-micro-py @1.0.3 (python)
Micro subset of unicode data files for linkify-it-py projects.

py314-unicodedata2 @17.0.0 (python)
Unicodedata backport for Python 2/3 updated to the latest Unicode version.

py314-unidecode @1.4.0 (python, textproc)
ASCII transliterations of Unicode text

R-clisymbols @1.2.0_2 (R, science)
Unicode symbols for CLI applications, with fallbacks

R-Unicode @15.1.0-1_1 (R, science, textproc)
Unicode data and utilities

rb-uconv @0.6.1 (ruby)
Ruby API to convert Unicode characters

rb-unf @0.1.4 (ruby, devel)
Wrapper library to bring Unicode Normalization Form support to Ruby/JRuby

rb-unf_ext @0.0.9.1 (ruby, devel)
Unicode Normalization Form support library for CRuby

rb-unicode @0.4.4.5 (ruby, devel)
Unicode normalization library

rb-unicode-display_width @2.6.0 (ruby, devel)
Monospace Unicode character width in Ruby

rb19-uconv @0.6.1 (ruby)
Ruby API to convert Unicode characters

rb31-unf @0.1.4 (ruby, devel)
Wrapper library to bring Unicode Normalization Form support to Ruby/JRuby

rb31-unf_ext @0.0.9.1 (ruby, devel)
Unicode Normalization Form support library for CRuby

rb31-unicode @0.4.4.5 (ruby, devel)
Unicode normalization library

rb31-unicode-display_width @2.6.0 (ruby, devel)
Monospace Unicode character width in Ruby

rb32-unf @0.1.4 (ruby, devel)
Wrapper library to bring Unicode Normalization Form support to Ruby/JRuby

rb32-unf_ext @0.0.9.1 (ruby, devel)
Unicode Normalization Form support library for CRuby

rb32-unicode @0.4.4.5 (ruby, devel)
Unicode normalization library

rb32-unicode-display_width @2.6.0 (ruby, devel)
Monospace Unicode character width in Ruby

rb33-unf @0.1.4 (ruby, devel)
Wrapper library to bring Unicode Normalization Form support to Ruby/JRuby

rb33-unf_ext @0.0.9.1 (ruby, devel)
Unicode Normalization Form support library for CRuby

rb33-unicode @0.4.4.5 (ruby, devel)
Unicode normalization library

rb33-unicode-display_width @2.6.0 (ruby, devel)
Monospace Unicode character width in Ruby

re-flex @6.0.0 (devel)
regex-centric, fast lexical analyzer generator for C++ with full Unicode support

rxvt-unicode @9.31_1 (x11)
Unicode-aware rxvt clone.

ttf-arphic-ukai @0.1.20060928 (x11, fonts)
AR PL ZenKai Uni and AR PL ZenKai Uni MBE Unicode Fonts

ttf-arphic-uming @0.1.20060928 (x11, fonts)
AR PL ShanHeiSun Uni and AR PL ShanHeiSun Uni MBE Unicode Fonts

uni @2.9.0 (textproc)
uni queries the Unicode database from the commandline.

uni2ascii @4.18_1 (textproc)
converts between UTF-8 Unicode and 7-bit ASCII equivalents

unicode @3.2 (textproc)
displays properties for a given Unicode character or searches for a given character name

unicodeconverter-java @2.0 (java, textproc)
Convert various encodings to UTF-8

yudit @2.9.6 (editors)
unicode text editor for X

Found 165 ports.
