ale @0.8.11.2 (graphics)
antilamenessing engine

angle @2.1.26821 (graphics, devel)
OpenGL ES implementation

antigraingeometry @2.5_3 (graphics, devel)
A high quality rendering engine for C++

apitrace @13.0 (graphics, devel)
OpenGL API inspector

apktool @2.12.1 (java, devel)
A tool for reverse engineering 3rd party, closed, binary Android apps

appengine-java-sdk @1.9.78 (java, devel)
Google App Engine SDK for Java

ascent @0.7.1 (math, science)
C++ simulation engine and differential equation solver

aspell-dict-bn @0.01.1-1 (textproc)
Bengali dictionary for aspell

aspell-dict-en @2020.12.07-0 (textproc)
English dictionary for aspell

basex @12.2 (databases)
high-performance XML database engine

binwalk @3.1.0 (cross)
firmware analyzing and reverse engineering tool

binwalk2 @2.4.3_2 (cross)
Binwalk is a fast, easy to use tool for analyzing, reverse engineering, and extracting firmware images

box2d @2.4.1_1 (devel)
Box2D Physics Engine

bullet @3.25 (devel)
Bullet Physics Engine

capstone @5.0.6 (devel)
Capstone disassembly engine

certbot-apache @5.3.0 (security)
The certbot Apache plugin for http-01 challenges

certbot-dns-cloudflare @5.3.0 (security)
The certbot dns_cloudflare plugin for dns-01 challenges

certbot-dns-digitalocean @5.3.0 (security)
The certbot dns_digitalocean plugin for dns-01 challenges

certbot-dns-dnsimple @5.3.0 (security)
The certbot dns_dnsimple plugin for dns-01 challenges

certbot-dns-dnsmadeeasy @5.3.0 (security)
The certbotdns_dnsmadeeasy plugin for dns-01 challenges

certbot-dns-gehirn @5.3.0 (security)
The certbot gehirn plugin for dns-01 challenges

certbot-dns-google @5.3.0 (security)
The certbot google plugin for dns-01 challenges

certbot-dns-linode @5.3.0 (security)
The certbot linode plugin for dns-01 challenges

certbot-dns-luadns @5.3.0 (security)
The certbot luadns plugin for dns-01 challenges

certbot-dns-namecheap @1.0.0_1 (security)
The certbot namecheap.com plugin for dns-01 challenges

certbot-dns-nsone @5.3.0 (security)
The certbot nsone plugin for dns-01 challenges

certbot-dns-ovh @5.3.0 (security)
The certbot ovh plugin for dns-01 challenges

certbot-dns-rfc2136 @5.3.0 (security)
The certbot rfc2136 plugin for dns-01 challenges

certbot-dns-route53 @5.3.0 (security)
The certbot route53 plugin for dns-01 challenges

certbot-dns-sakuracloud @5.3.0 (security)
The certbot sakuracloud plugin for dns-01 challenges

certbot-nginx @5.3.0 (security)
The certbot Nginx plugin for http-01 challenges

cfengine3 @3.18.0_1 (sysutils)
network configuration-management tool

cl-clss @20230703 (lisp, devel)
A DOM tree searching engine based on CSS selectors.

cl-montezuma @20170216 (lisp, devel)
Montezuma is a port of the Lucene text search engine library.

cl-webengine @20210225 (lisp, devel, lisp)
An FFI binding to WebEngine in Qt

cl-webengine-lib @20210225 (lisp, devel)
An FFI binding to WebEngine in Qt

cloudwiki @1.1_2 (www, python)
stand-alone wiki engine written in python

clucene @2.3.3.4_3 (devel)
Clucene is a C++ port of Lucene: the high-performance, full-featured text search engine written in Java.

clucene-devel @3025_1 (devel)
the open-source, C++ search engine

Coin @3.1.3_7 (graphics, devel)
cross platform C++ OpenGL scene graph library

Coin-framework @3.1.3_6 (graphics, devel)
cross platform C++ OpenGL scene graph library

criticalmass @1.0.2_3 (games)
Critical Mass is an SDL/OpenGL space shoot'em up game.

csvdb @0.6 (databases)
csvdb - an SQL engine for csv

cutter-rizin @2.4.1_1 (devel, aqua)
Free and Open Source Reverse Engineering Platform powered by rizin

docker @28.3.3 (devel)
Utilities for the open-source application container engine

duktape @2.7.0 (devel)
Duktape is an embeddable Javascript engine, with a focus on portability and compact footprint.

ejdb2 @2024.02.17 (databases)
Embeddable JSON database engine

elasticsearch @7.16.1 (databases, java)
Distributed RESTful search engine built for the cloud

esdl @1.2_1 (graphics, devel, erlang)
Erlang OpenGL/SDL API and Utilities

falcon @0.9.6.8_3 (lang)
simple, fast and powerful programming language, easy to learn and to feel comfortable with, and a scripting engine ready to empower mission-critical multithreaded applications.

FFView @0.9.10_1 (aqua, graphics)
fast OpenGL-powered picture viewer

fheroes2 @1.1.11 (games)
Free implementation of Heroes of Might and Magic II game engine

fife @0.3.5_4 (games, python)
The FIFE game engine

flite @2.2 (audio, devel)
a small fast run-time text to speech engine

freedink @1.08.20090120_6 (games)
FreeDink is a portable and enhanced version of the Dink Smallwood game engine.

freeglut @3.6.0 (x11, graphics)
The Free OpenGL Utility Toolkit

freetype @2.13.3 (print, graphics)
A software font engine

ftgl @2.4.0_1 (graphics)
Freetype / OpenGL bridge

gauche-gl @0.4.4 (lang)
OpenGL binding for the Gauche

gengetopt @2.23 (devel)
Generates a C function that uses getopt_long function

geos @3.14.1 (science, math, gis)
GEOS Geometry Engine - Open Source

geos2 @2.2.3 (science)
GEOS Geometry Engine - Open Source

ghidra @12.0.1 (devel)
A software reverse engineering (SRE) suite of tools developed by NSA's Research Directorate in support of the Cybersecurity mission

gl-headers @2019.1.0_1 (devel)
OpenGL headers for building GStreamer's OpenGL support

gl2ps @1.4.2 (graphics, print)
an OpenGL to PostScript printing library

GLC_lib @2.2.0 (graphics)
C++ class library that enables the quick creation of an OpenGL application based on QT4.

gle-graphics @4.2.5_4 (graphics, aqua)
Graphics Layout Engine

glew @2.3.1 (graphics, devel)
OpenGL Extension Wrangler Library

glfw @3.4 (graphics)
GLFW is a free, open-source, portable library for OpenGL and OpenGL ES application development

glfw-devel @20250718-ac107684 (graphics)
GLFW is a free, open-source, portable library for OpenGL and OpenGL ES application development

glimpse @4.18.6_1 (textproc)
text search engine

glitz @0.5.6_3 (graphics, devel, x11)
Glitz is an OpenGL image compositing library.

gliv @1.9.6 (graphics, x11)
GLiv is an OpenGL image viewer.

glm @1.0.3 (devel)
OpenGL Mathematics (GLM) C++ library

glpng @1.46_1 (graphics)
OpenGL library for loading PNG images

glpong @1.3 (games)
Implementation of pong using OpenGL, playable vs. AI.

glslang @1.4.335.0 (graphics, devel)
OpenGL shader compiler libraries & tools

glw @20120116_2 (x11, devel, graphics)
Mesa OpenGL widget library

grantlee @0.5.1 (devel, kde, kde4)
string template engine based on the Django template system

groonga @13.0.1_1 (databases)
An embeddable fulltext search engine

gtk-engines2 @2.20.2_4 (x11)
Theme engine for gtk2

gtk-nodoka-engine @0.7.5_4 (x11, gnome)
Nodoka GTK2 Theme Engine

gtk-quartz-engine @0.2_2 (gnome, aqua)
Quartz theme engine for Gtk+

gtk-xfce-engine @2.10.1 (xfce)
Port of xfce engine to GTK+-2.0

gtk2-aurora @1.5.1_2 (gnome, x11, gtk)
Aurora Gtk Engine

gtk2-murrine @0.98.2 (gnome, x11, gtk)
Murrine is a GTK2 engine

gtkglarea2 @2.1.0 (x11, devel)
GtkGLArea is an OpenGL context provider for GTK+ 2.

gtkglext @1.2.0_11 (devel)
OpenGL Extension to GTK

gtkglextmm @1.2.0_1 (devel)
OpenGL Extension to GTK, C++ bindings

hapi @1.4.0 (graphics)
Header and library files for HAPI haptics engine.

harfbuzz @11.2.1_1 (graphics)
OpenType text shaping engine

harfbuzz-devel @11.2.1_1 (graphics)
OpenType text shaping engine

hts_engine_API @1.10 (audio)
HMM-Based Speech Synthesis Engine

hunspell-dict-en_NZ @2002-05-18 (textproc)
English (New Zealand) dictionary for hunspell

hunspell-dict-en_ZA @2006-01-20 (textproc)
English (South Africa) dictionary for hunspell

hunspell-en @2020.12.07 (textproc)
SCOWL based hunspell english dictionaries.

hunspell-en_AU @2020.12.07 (textproc)
SCOWL based hunspell english dictionaries.

hunspell-en_AU_large @2020.12.07 (textproc)
SCOWL based hunspell english dictionaries.

hunspell-en_CA @2020.12.07 (textproc)
SCOWL based hunspell english dictionaries.

hunspell-en_CA_large @2020.12.07 (textproc)
SCOWL based hunspell english dictionaries.

hunspell-en_GB_ise @2020.12.07 (textproc)
SCOWL based hunspell english dictionaries.

hunspell-en_GB_ize @2020.12.07 (textproc)
SCOWL based hunspell english dictionaries.

hunspell-en_GB_large @2020.12.07 (textproc)
SCOWL based hunspell english dictionaries.

hunspell-en_US @2020.12.07 (textproc)
SCOWL based hunspell english dictionaries.

hunspell-en_US_large @2020.12.07 (textproc)
SCOWL based hunspell english dictionaries.

icu-le-hb @2.0.0_1 (devel, textproc)
library implementing the ICU Layout Engine (icu-le) API

iowow @1.4.18 (databases, devel)
C11 utility library and persistent key/value storage engine

irrlicht @1.8.5 (devel)
lightning fast realtime 3D game engine

iv @2015.03.24 (devel)
iv is ECMA262 5.1 lexer and parser and engine project

jaxen @1.1.2 (java, devel, textproc)
Java XPath engine

jive @1.1_1 (textproc)
Convert English text to Jive

JSE @2024.06.18 (devel)
JSON Spec Engine

julius @4.6 (audio, japanese)
Large Vocabulary Continuous Speech Recognition (LVCSR) Engine

kde-l10n-en_GB @4.14.3 (kde, kde4)
KDE uk-english language files.

kopete @4.14.3_12 (kde, kde4)
KDE-based instant messenger

lablgl @1.06 (graphics, ocaml)
Objective Caml interface to OpenGL

lexbor @2.6.0 (net, www)
a fast embeddable web browser engine

lgeneral @1.1.1 (games)
Turn-based strategy engine heavily inspired by Panzer General

libepoxy @1.5.10_4 (graphics)
Epoxy is a library for handling OpenGL function pointer management for you

libepubgen @0.1.1_1 (devel, textproc)
EPUB generator for librevenge

libGLU @9.0.3_1 (x11, graphics)
SGI's OpenGL Utility Library

libgtkhtml @2.11.1_3 (gnome, www)
Lightweight HTML rendering/printing/editing engine

libgtkhtml3 @3.32.2_7 (gnome)
GTK HTML rendering engine.

libgtkhtml4 @4.10.0 (gnome)
GTK+ 3 HTML rendering/editing engine.

libhsplasma @0.0-20111023_5 (devel)
library for reading Plasma game engine files

libLASi @1.1.3_1 (print)
unicode PostScript printing engine

libmsn @4.2.1 (net)
MSN Messenger library

libpeas @2.0.7 (gnome)
libpeas is a GObject-based plugins engine

libpeas1 @1.36.0 (gnome)
libpeas is a GObject-based plugins engine

libQGLViewer @2.6.4_1 (graphics)
A C++ library based on Qt that eases the creation of OpenGL 3D viewers

librevenge @0.0.5 (textproc)
librevenge provides a generic API for file converters

librime @1.15.0_1 (devel)
Rime Input Method Engine, the core library

librime-devel @20251124_1 (devel)
Rime Input Method Engine, the core library

libsphinxclient @2.2.11_1 (textproc, net)
C library to talk to the Sphinx full-text search engine

libVLC2 @2.2.8_24 (multimedia, devel)
The core engine and interface to VLC's multimedia framework

lilypond @2.24.4_1 (textproc)
An automated engraving system for typesetting sheet music.

lilypond-devel @2.25.13_1 (textproc)
An automated engraving system for typesetting sheet music.

litehtml @0.6_1 (devel, www)
fast, lightweight HTML/CSS rendering engine

lua-glut @0.5_1 (lua, devel)
a set of libraries providing OpenGL and GLUT bindings for Lua 5

lua51-glut @0.5_1 (lua, devel)
a set of libraries providing OpenGL and GLUT bindings for Lua 5

luametatex @2.11.07 (tex)
LuaMetaTeX engine for ConTeXt

LucenePlusPlus @3.0.9 (devel)
High-performance, full-featured text search engine for C++

markscribe @0.6.0 (textproc)
Your personal markdown scribe with template-engine and Git(Hub) & RSS powers

mediawiki @1.23.2 (www, php)
The wiki engine used by Wikipedia

misspell @0.3.4 (textproc, devel)
Correct commonly misspelled English words in source files

mod_security2 @2.9.12 (www, security)
Apache 2 intrusion detection and prevention engine for web applications

mozjs52 @52.6.0_9 (lang)
JavaScript-C Engine

mozjs60 @60.8.0 (lang)
JavaScript-C Engine

mozjs68 @68.4.2 (lang)
JavaScript-C Engine

mozjs91 @91.5.0 (lang)
JavaScript-C Engine

mozjs102 @102.1.0 (lang)
JavaScript-C Engine

mozjs115 @115.2.0_1 (lang)
JavaScript-C Engine

mozjs128 @128.1.0 (lang)
JavaScript-C Engine

musikcube @3.0.4_1 (multimedia, audio)
A cross-platform, terminal-based music player, audio engine, metadata indexer and server in C++

naim @0.11.8.3.2 (net)
ncurses-based client for multiple messenger systems.

nanogui @20200404-21e5cbc8_1 (graphics)
minimalistic C++/Python GUI library for OpenGL, GLES2/3, Metal, and WebAssembly/WebGL

nanogui-wjakob @20190922-e9ec8a1a_1 (graphics)
minimalistic C++/Python GUI library for OpenGL 3+

nanovg @20190524 (graphics)
antialiased 2-D vector drawing library on top of OpenGL for UI and visualizations

newmat @11 (math)
This C++ library is intended for scientists and engineers who need to manipulate a variety of types of matrices using standard matrix operations.

NicePlayer @0.95_1 (aqua, multimedia)
Multi-engine Fullscreen Video Player

ocaml-jingoo @1.5.0 (ocaml, devel)
Template engine almost compatible with Jinja2(python template engine)

ocaml-zed @3.2.3 (ocaml, textproc)
Abstract engine for text edition in OCaml

ogre @14.0.1_1 (graphics)
Object-Oriented Graphics Rendering Engine

oh-my-posh @29.0.2 (sysutils, shells)
A prompt theme engine for any shell.

omniawrite @1.3.2 (editors)
OmniaWrite is a text editor engineered for creative writing.

OpenCSG @1.4.2_5 (science, cad)
OpenCSG is a library that does image-based CSG rendering using OpenGL

openttd-opengfx @7.1 (games, aqua)
OpenGFX is a free set of graphics for OpenTTD.

p5-catalyst-engine-apache @1.160.0_3 (perl)
Catalyst Apache Engines

p5-code-tidyall @0.850.0 (perl)
Code::TidyAll - Engine for tidyall, your all-in-one code tidier and validator

p5-javascript-spidermonkey @0.250.0 (perl, www)
Perl interface to the JavaScript Engine

p5-lingua-en-findnumber @1.320.0 (perl)
Lingua::EN::FindNumber - Locate (written) numbers in English text

p5-lingua-en-inflect-phrase @0.200.0 (perl)
Inflect short English Phrases

p5-lingua-en-number-isordinal @0.50.0 (perl)
Lingua::EN::Number::IsOrdinal - detect if English number is ordinal or cardinal

p5-lingua-en-pluraltosingular @0.210.0 (perl)
Lingua::EN::PluralToSingular - change an English plural to a singular

p5-lingua-en-tagger @0.310.0 (perl)
Part-of-speech tagger for English natural language processing

p5-lingua-en-words2nums @0.180.0 (perl)
Lingua::EN::Words2Nums - convert English text to numbers

p5-lwp-curl @0.140.0 (perl)
LWP::Curl - LWP methods implementation with Curl engine

p5-mce @1.902.0 (perl)
MCE - Many-Core Engine for Perl providing parallel processing capabilities

p5-net-server @2.16.0 (perl)
Net::Server - Extensible, general Perl server engine

p5-opengl @0.700.0_1 (perl)
Perl OpenGL: a.k.a. POGL

p5-opengl-glfw @0.40.300 (perl)
OpenGL::GLFW - Perl bindings for the GLFW library

p5-opengl-glut @0.720.0_1 (perl)
Obsolete port, replaced by p5-opengl

p5-opengl-modern @0.40.300 (perl)
OpenGL::Modern - Perl extension to Modern OpenGL API up to 4.6

p5-sql-statement @1.414.0 (perl)
SQL parsing and processing engine

p5-string-toidentifier-en @0.120.0 (perl)
String::ToIdentifier::EN - Convert Strings to English Program Identifiers

p5-string-ttylength @0.30.0 (perl)
String::TtyLength - length or width of string excluding ANSI tty codes

p5-text-template-simple @0.910.0 (perl)
Text::Template::Simple - Simple text template engine

p5-text-xslate @3.5.9 (perl)
Text::Xslate - Scalable template engine for Perl5

p5-time-duration @1.210.0 (perl)
Rounded or exact English expression of durations

p5-www-search @2.519.0 (perl)
WWW::Search provides access to search engines

p5-xml-bare @0.530.0 (perl)
XML::Bare - Minimal XML parser implemented via a C state engine

p5-xml-dom-xpath @0.140.0_3 (perl)
Adds XPath support to XML::DOM, using XML::XPath engine

p5-xml-xpathengine @0.140.0 (perl)
a re-usable XPath engine for DOM-like trees

p5.28-catalyst-engine-apache @1.160.0_3 (perl)
Catalyst Apache Engines

p5.28-code-tidyall @0.850.0 (perl)
Code::TidyAll - Engine for tidyall, your all-in-one code tidier and validator

p5.28-javascript-spidermonkey @0.250.0 (perl, www)
Perl interface to the JavaScript Engine

p5.28-lingua-en-findnumber @1.320.0 (perl)
Lingua::EN::FindNumber - Locate (written) numbers in English text

p5.28-lingua-en-inflect-phrase @0.200.0 (perl)
Inflect short English Phrases

p5.28-lingua-en-number-isordinal @0.50.0 (perl)
Lingua::EN::Number::IsOrdinal - detect if English number is ordinal or cardinal

p5.28-lingua-en-pluraltosingular @0.210.0 (perl)
Lingua::EN::PluralToSingular - change an English plural to a singular

p5.28-lingua-en-tagger @0.310.0 (perl)
Part-of-speech tagger for English natural language processing

p5.28-lingua-en-words2nums @0.180.0 (perl)
Lingua::EN::Words2Nums - convert English text to numbers

p5.28-lwp-curl @0.140.0 (perl)
LWP::Curl - LWP methods implementation with Curl engine

p5.28-mce @1.902.0 (perl)
MCE - Many-Core Engine for Perl providing parallel processing capabilities

p5.28-net-server @2.16.0 (perl)
Net::Server - Extensible, general Perl server engine

p5.28-opengl @0.700.0_1 (perl)
Perl OpenGL: a.k.a. POGL

p5.28-opengl-glfw @0.40.300 (perl)
OpenGL::GLFW - Perl bindings for the GLFW library

p5.28-opengl-glut @0.720.0_1 (perl)
Obsolete port, replaced by p5.28-opengl

p5.28-opengl-modern @0.40.300 (perl)
OpenGL::Modern - Perl extension to Modern OpenGL API up to 4.6

p5.28-sql-statement @1.414.0 (perl)
SQL parsing and processing engine

p5.28-string-toidentifier-en @0.120.0 (perl)
String::ToIdentifier::EN - Convert Strings to English Program Identifiers

p5.28-string-ttylength @0.30.0 (perl)
String::TtyLength - length or width of string excluding ANSI tty codes

p5.28-text-template-simple @0.910.0 (perl)
Text::Template::Simple - Simple text template engine

p5.28-text-xslate @3.5.9 (perl)
Text::Xslate - Scalable template engine for Perl5

p5.28-time-duration @1.210.0 (perl)
Rounded or exact English expression of durations

p5.28-www-search @2.519.0 (perl)
WWW::Search provides access to search engines

p5.28-xml-bare @0.530.0 (perl)
XML::Bare - Minimal XML parser implemented via a C state engine

p5.28-xml-dom-xpath @0.140.0_3 (perl)
Adds XPath support to XML::DOM, using XML::XPath engine

p5.28-xml-xpathengine @0.140.0 (perl)
a re-usable XPath engine for DOM-like trees

p5.30-catalyst-engine-apache @1.160.0_3 (perl)
Catalyst Apache Engines

p5.30-code-tidyall @0.850.0 (perl)
Code::TidyAll - Engine for tidyall, your all-in-one code tidier and validator

p5.30-javascript-spidermonkey @0.250.0 (perl, www)
Perl interface to the JavaScript Engine

p5.30-lingua-en-findnumber @1.320.0 (perl)
Lingua::EN::FindNumber - Locate (written) numbers in English text

p5.30-lingua-en-inflect-phrase @0.200.0 (perl)
Inflect short English Phrases

p5.30-lingua-en-number-isordinal @0.50.0 (perl)
Lingua::EN::Number::IsOrdinal - detect if English number is ordinal or cardinal

p5.30-lingua-en-pluraltosingular @0.210.0 (perl)
Lingua::EN::PluralToSingular - change an English plural to a singular

p5.30-lingua-en-tagger @0.310.0 (perl)
Part-of-speech tagger for English natural language processing

p5.30-lingua-en-words2nums @0.180.0 (perl)
Lingua::EN::Words2Nums - convert English text to numbers

p5.30-lwp-curl @0.140.0 (perl)
LWP::Curl - LWP methods implementation with Curl engine

p5.30-mce @1.902.0 (perl)
MCE - Many-Core Engine for Perl providing parallel processing capabilities

p5.30-net-server @2.16.0 (perl)
Net::Server - Extensible, general Perl server engine

p5.30-opengl @0.700.0_1 (perl)
Perl OpenGL: a.k.a. POGL

p5.30-opengl-glfw @0.40.300 (perl)
OpenGL::GLFW - Perl bindings for the GLFW library

p5.30-opengl-glut @0.720.0_1 (perl)
Obsolete port, replaced by p5.30-opengl

p5.30-opengl-modern @0.40.300 (perl)
OpenGL::Modern - Perl extension to Modern OpenGL API up to 4.6

p5.30-sql-statement @1.414.0 (perl)
SQL parsing and processing engine

p5.30-string-toidentifier-en @0.120.0 (perl)
String::ToIdentifier::EN - Convert Strings to English Program Identifiers

p5.30-string-ttylength @0.30.0 (perl)
String::TtyLength - length or width of string excluding ANSI tty codes

p5.30-text-template-simple @0.910.0 (perl)
Text::Template::Simple - Simple text template engine

p5.30-text-xslate @3.5.9 (perl)
Text::Xslate - Scalable template engine for Perl5

p5.30-time-duration @1.210.0 (perl)
Rounded or exact English expression of durations

p5.30-www-search @2.519.0 (perl)
WWW::Search provides access to search engines

p5.30-xml-bare @0.530.0 (perl)
XML::Bare - Minimal XML parser implemented via a C state engine

p5.30-xml-dom-xpath @0.140.0_3 (perl)
Adds XPath support to XML::DOM, using XML::XPath engine

p5.30-xml-xpathengine @0.140.0 (perl)
a re-usable XPath engine for DOM-like trees

p5.32-catalyst-engine-apache @1.160.0_3 (perl)
Catalyst Apache Engines

p5.32-code-tidyall @0.850.0 (perl)
Code::TidyAll - Engine for tidyall, your all-in-one code tidier and validator

p5.32-javascript-spidermonkey @0.250.0 (perl, www)
Perl interface to the JavaScript Engine

p5.32-lingua-en-findnumber @1.320.0 (perl)
Lingua::EN::FindNumber - Locate (written) numbers in English text

p5.32-lingua-en-inflect-phrase @0.200.0 (perl)
Inflect short English Phrases

p5.32-lingua-en-number-isordinal @0.50.0 (perl)
Lingua::EN::Number::IsOrdinal - detect if English number is ordinal or cardinal

p5.32-lingua-en-pluraltosingular @0.210.0 (perl)
Lingua::EN::PluralToSingular - change an English plural to a singular

p5.32-lingua-en-tagger @0.310.0 (perl)
Part-of-speech tagger for English natural language processing

p5.32-lingua-en-words2nums @0.180.0 (perl)
Lingua::EN::Words2Nums - convert English text to numbers

p5.32-lwp-curl @0.140.0 (perl)
LWP::Curl - LWP methods implementation with Curl engine

p5.32-mce @1.902.0 (perl)
MCE - Many-Core Engine for Perl providing parallel processing capabilities

p5.32-net-server @2.16.0 (perl)
Net::Server - Extensible, general Perl server engine

p5.32-opengl @0.700.0_1 (perl)
Perl OpenGL: a.k.a. POGL

p5.32-opengl-glfw @0.40.300 (perl)
OpenGL::GLFW - Perl bindings for the GLFW library

p5.32-opengl-glut @0.720.0_1 (perl)
Obsolete port, replaced by p5.32-opengl

p5.32-opengl-modern @0.40.300 (perl)
OpenGL::Modern - Perl extension to Modern OpenGL API up to 4.6

p5.32-sql-statement @1.414.0 (perl)
SQL parsing and processing engine

p5.32-string-toidentifier-en @0.120.0 (perl)
String::ToIdentifier::EN - Convert Strings to English Program Identifiers

p5.32-string-ttylength @0.30.0 (perl)
String::TtyLength - length or width of string excluding ANSI tty codes

p5.32-text-template-simple @0.910.0 (perl)
Text::Template::Simple - Simple text template engine

p5.32-text-xslate @3.5.9 (perl)
Text::Xslate - Scalable template engine for Perl5

p5.32-time-duration @1.210.0 (perl)
Rounded or exact English expression of durations

p5.32-www-search @2.519.0 (perl)
WWW::Search provides access to search engines

p5.32-xml-bare @0.530.0 (perl)
XML::Bare - Minimal XML parser implemented via a C state engine

p5.32-xml-dom-xpath @0.140.0_3 (perl)
Adds XPath support to XML::DOM, using XML::XPath engine

p5.32-xml-xpathengine @0.140.0 (perl)
a re-usable XPath engine for DOM-like trees

p5.34-catalyst-engine-apache @1.160.0_3 (perl)
Catalyst Apache Engines

p5.34-code-tidyall @0.850.0 (perl)
Code::TidyAll - Engine for tidyall, your all-in-one code tidier and validator

p5.34-javascript-spidermonkey @0.250.0 (perl, www)
Perl interface to the JavaScript Engine

p5.34-lingua-en-findnumber @1.320.0 (perl)
Lingua::EN::FindNumber - Locate (written) numbers in English text

p5.34-lingua-en-inflect-phrase @0.200.0 (perl)
Inflect short English Phrases

p5.34-lingua-en-number-isordinal @0.50.0 (perl)
Lingua::EN::Number::IsOrdinal - detect if English number is ordinal or cardinal

p5.34-lingua-en-pluraltosingular @0.210.0 (perl)
Lingua::EN::PluralToSingular - change an English plural to a singular

p5.34-lingua-en-tagger @0.310.0 (perl)
Part-of-speech tagger for English natural language processing

p5.34-lingua-en-words2nums @0.180.0 (perl)
Lingua::EN::Words2Nums - convert English text to numbers

p5.34-lwp-curl @0.140.0 (perl)
LWP::Curl - LWP methods implementation with Curl engine

p5.34-mce @1.902.0 (perl)
MCE - Many-Core Engine for Perl providing parallel processing capabilities

p5.34-net-server @2.16.0 (perl)
Net::Server - Extensible, general Perl server engine

p5.34-opengl @0.700.0_1 (perl)
Perl OpenGL: a.k.a. POGL

p5.34-opengl-glfw @0.40.300 (perl)
OpenGL::GLFW - Perl bindings for the GLFW library

p5.34-opengl-glut @0.720.0_1 (perl)
Obsolete port, replaced by p5.34-opengl

p5.34-opengl-modern @0.40.300 (perl)
OpenGL::Modern - Perl extension to Modern OpenGL API up to 4.6

p5.34-sql-statement @1.414.0 (perl)
SQL parsing and processing engine

p5.34-string-toidentifier-en @0.120.0 (perl)
String::ToIdentifier::EN - Convert Strings to English Program Identifiers

p5.34-string-ttylength @0.30.0 (perl)
String::TtyLength - length or width of string excluding ANSI tty codes

p5.34-text-template-simple @0.910.0 (perl)
Text::Template::Simple - Simple text template engine

p5.34-text-xslate @3.5.9 (perl)
Text::Xslate - Scalable template engine for Perl5

p5.34-time-duration @1.210.0 (perl)
Rounded or exact English expression of durations

p5.34-www-search @2.519.0 (perl)
WWW::Search provides access to search engines

p5.34-xml-bare @0.530.0 (perl)
XML::Bare - Minimal XML parser implemented via a C state engine

p5.34-xml-dom-xpath @0.140.0_3 (perl)
Adds XPath support to XML::DOM, using XML::XPath engine

p5.34-xml-xpathengine @0.140.0 (perl)
a re-usable XPath engine for DOM-like trees

pads @1.2_1 (net, security)
network sniffer with a rule-based detection engine

Pangolin @0.8_2 (graphics)
Pangolin is a lightweight portable rapid development library for managing OpenGL display

php-openswoole @22.0.0_1 (php, net, devel)
an event-driven asynchronous & concurrent & coroutine networking engine with high performance for PHP

php-swoole @5.0.3_1 (php, net, devel)
an event-driven asynchronous & concurrent & coroutine networking engine with high performance for PHP

php-text-template @1.1.4 (php, devel)
simple template engine for PHP

php-Twig @1.16.2 (php, devel)
Enhances the performance of the Twig runtime engine.

php52-gmp @5.2.17 (php, devel, math)
a PHP interface to GMP, the GNU multiprocessing library through which you can work with arbitrary-length integers

php53-gmp @5.3.29 (php, devel, math)
a PHP interface to GMP, the GNU multiprocessing library through which you can work with arbitrary-length integers

php53-swoole @1.10.5_6 (php, net, devel)
an event-driven asynchronous & concurrent & coroutine networking engine with high performance for PHP

php53-text-template @1.1.4 (php, devel)
simple template engine for PHP

php53-Twig @1.16.2 (php, devel)
Enhances the performance of the Twig runtime engine.

php54-gmp @5.4.45 (php, devel, math)
a PHP interface to GMP, the GNU multiprocessing library through which you can work with arbitrary-length integers

php54-swoole @1.10.5_6 (php, net, devel)
an event-driven asynchronous & concurrent & coroutine networking engine with high performance for PHP

php54-text-template @1.1.4 (php, devel)
simple template engine for PHP

php54-Twig @1.16.2 (php, devel)
Enhances the performance of the Twig runtime engine.

php55-gmp @5.5.38 (php, devel, math)
a PHP interface to GMP, the GNU multiprocessing library through which you can work with arbitrary-length integers

php55-swoole @2.0.11_6 (php, net, devel)
an event-driven asynchronous & concurrent & coroutine networking engine with high performance for PHP

php55-text-template @1.1.4 (php, devel)
simple template engine for PHP

php55-Twig @1.16.2 (php, devel)
Enhances the performance of the Twig runtime engine.

php56-gmp @5.6.40 (php, devel, math)
a PHP interface to GMP, the GNU multiprocessing library through which you can work with arbitrary-length integers

php56-swoole @2.0.11_6 (php, net, devel)
an event-driven asynchronous & concurrent & coroutine networking engine with high performance for PHP

php56-Twig @1.16.2 (php, devel)
Enhances the performance of the Twig runtime engine.

php70-gmp @7.0.33 (php, devel, math)
a PHP interface to GMP, the GNU multiprocessing library through which you can work with arbitrary-length integers

php70-swoole @4.3.6_3 (php, net, devel)
an event-driven asynchronous & concurrent & coroutine networking engine with high performance for PHP

php71-gmp @7.1.33 (php, devel, math)
a PHP interface to GMP, the GNU multiprocessing library through which you can work with arbitrary-length integers

php71-swoole @4.5.11_3 (php, net, devel)
an event-driven asynchronous & concurrent & coroutine networking engine with high performance for PHP

php72-gmp @7.2.34 (php, devel, math)
a PHP interface to GMP, the GNU multiprocessing library through which you can work with arbitrary-length integers

php72-openswoole @4.10.0_2 (php, net, devel)
an event-driven asynchronous & concurrent & coroutine networking engine with high performance for PHP

php72-swoole @4.8.13_1 (php, net, devel)
an event-driven asynchronous & concurrent & coroutine networking engine with high performance for PHP

php73-gmp @7.3.33 (php, devel, math)
a PHP interface to GMP, the GNU multiprocessing library through which you can work with arbitrary-length integers

php73-openswoole @4.10.0_2 (php, net, devel)
an event-driven asynchronous & concurrent & coroutine networking engine with high performance for PHP

php73-swoole @4.8.13_1 (php, net, devel)
an event-driven asynchronous & concurrent & coroutine networking engine with high performance for PHP

php74-gmp @7.4.33 (php, devel, math)
a PHP interface to GMP, the GNU multiprocessing library through which you can work with arbitrary-length integers

php74-openswoole @22.0.0_1 (php, net, devel)
an event-driven asynchronous & concurrent & coroutine networking engine with high performance for PHP

php74-swoole @4.8.13_1 (php, net, devel)
an event-driven asynchronous & concurrent & coroutine networking engine with high performance for PHP

php80-gmp @8.0.30 (php, devel, math)
a PHP interface to GMP, the GNU multiprocessing library through which you can work with arbitrary-length integers

php80-openswoole @22.0.0_1 (php, net, devel)
an event-driven asynchronous & concurrent & coroutine networking engine with high performance for PHP

php80-swoole @5.0.3_1 (php, net, devel)
an event-driven asynchronous & concurrent & coroutine networking engine with high performance for PHP

php81-gmp @8.1.30 (php, devel, math)
a PHP interface to GMP, the GNU multiprocessing library through which you can work with arbitrary-length integers

php81-openswoole @22.0.0_1 (php, net, devel)
an event-driven asynchronous & concurrent & coroutine networking engine with high performance for PHP

php81-swoole @5.0.3_1 (php, net, devel)
an event-driven asynchronous & concurrent & coroutine networking engine with high performance for PHP

php82-gmp @8.2.24 (php, devel, math)
a PHP interface to GMP, the GNU multiprocessing library through which you can work with arbitrary-length integers

php82-openswoole @22.0.0_1 (php, net, devel)
an event-driven asynchronous & concurrent & coroutine networking engine with high performance for PHP

php82-swoole @5.0.3_1 (php, net, devel)
an event-driven asynchronous & concurrent & coroutine networking engine with high performance for PHP

php83-gmp @8.3.12 (php, devel, math)
a PHP interface to GMP, the GNU multiprocessing library through which you can work with arbitrary-length integers

php84-gmp @8.4.0RC1 (php, devel, math)
a PHP interface to GMP, the GNU multiprocessing library through which you can work with arbitrary-length integers

pkcs11-helper @1.29.0 (security)
Library that simplifies the interaction with PKCS#11 providers for end-user applications using a simple API and optional OpenSSL engine

PlasmaClient @0.0.4a-434_7 (games)
open-source Plasma engine

prek @0.2.18 (devel)
Better `pre-commit`, re-engineered in Rust

proselint @0.14.0_1 (textproc, python)
A linter for English prose

pure-gl @0.9 (pure, graphics)
an interface to access OpenGL functions from Pure

py-acora @2.5 (python, textproc, devel)
Fast multi-keyword search engine for text strings.

py-cheetah @3.3.3 (python, www)
Cheetah is a Python-powered template engine and code generator

py-engineio @4.13.0 (python)
Python Engine.IO server and client

py-g2p-en @2.1.0 (python)
A Simple Python Module for English Grapheme To Phoneme Conversion

py-glcontext @2.3.5 (python)
glcontext is a library providing OpenGL implementation for ModernGL

py-jinja2 @3.1.6 (python, devel)
Python based sandboxed template engine

py-kraken @4.2.0 (python)
OCR/HTR engine for all the languages

py-moderngl @5.6.4 (python)
Modern OpenGL binding for python

py-moin @1.9.10 (python, www)
a Python-based WikiEngine

py-mongoengine @0.29.1 (python)
MongoEngine is a Document-Object Mapper (think ORM, but for document databases) for working with MongoDB from Python.

py-napari-plugin-engine @0.2.0 (python)
napari-plugin-engine is a fork of pluggy, modified by the napari team.

py-ode @1.2.1 (python, games, graphics)
Python bindings for The Open Dynamics Engine

py-opengl @3.1.10 (python, graphics)
Python binding to OpenGL

py-opengl-accelerate @3.1.10 (python, graphics)
Acceleration code for PyOpenGL

py-pyke @1.1.1 (python, lang, devel)
Python Knowledge Engine (PyKE)

py-pyqrcodeng @1.3.6_1 (python)
The PyQRCodeNG module is a QR code generator that is simple to use and written in pure Python

py-pyqt5-webengine @5.15.7 (python, devel)
PyQt5 Webengine bindings

py-pyqt6-webengine @6.10.0 (python, devel)
Python bindings for the Qt WebEngine framework

py-rabbyt @0.8.3 (python)
A fast 2D sprite engine using OpenGL

py-reportlab @4.4.6 (python, textproc)
Engine for creating PDF documents

py-scikit-rf @1.8.0 (python)
scikit-rf (aka skrf): a Python package for RF engineering

py-spaCy @3.5.0 (python)
Industrial-strength Natural Language Processing (NLP) with Python and Cython

py-timelib @0.3.0 (python, textproc)
parse english textual date descriptions

py-zxcvbn @4.4.28 (python, security)
Implementation of Dropbox’s realistic password strength estimator

py27-cheetah @3.3.3 (python, www)
Cheetah is a Python-powered template engine and code generator

py27-jinja2 @2.11.3 (python, devel)
Python based sandboxed template engine

py27-moin @1.9.10 (python, www)
a Python-based WikiEngine

py27-ode @1.2.1 (python, games, graphics)
Python bindings for The Open Dynamics Engine

py27-opengl @3.1.10 (python, graphics)
Python binding to OpenGL

py27-opengl-accelerate @3.1.10 (python, graphics)
Acceleration code for PyOpenGL

py27-pyqt5-webengine @5.15.5 (python, devel)
PyQt5 Webengine bindings

py27-rabbyt @0.8.3 (python)
A fast 2D sprite engine using OpenGL

py38-jinja2 @3.1.6 (python, devel)
Python based sandboxed template engine

py39-cheetah @3.3.3 (python, www)
Cheetah is a Python-powered template engine and code generator

py39-jinja2 @3.1.6 (python, devel)
Python based sandboxed template engine

py39-opengl @3.1.10 (python, graphics)
Python binding to OpenGL

py39-opengl-accelerate @3.1.10 (python, graphics)
Acceleration code for PyOpenGL

py39-pyqrcodeng @1.3.6_1 (python)
The PyQRCodeNG module is a QR code generator that is simple to use and written in pure Python

py310-acora @2.5 (python, textproc, devel)
Fast multi-keyword search engine for text strings.

py310-cheetah @3.3.3 (python, www)
Cheetah is a Python-powered template engine and code generator

py310-engineio @4.13.0 (python)
Python Engine.IO server and client

py310-g2p-en @2.1.0 (python)
A Simple Python Module for English Grapheme To Phoneme Conversion

py310-glcontext @2.3.5 (python)
glcontext is a library providing OpenGL implementation for ModernGL

py310-jinja2 @3.1.6 (python, devel)
Python based sandboxed template engine

py310-kraken @4.2.0 (python)
OCR/HTR engine for all the languages

py310-moderngl @5.6.4 (python)
Modern OpenGL binding for python

py310-mongoengine @0.29.1 (python)
MongoEngine is a Document-Object Mapper (think ORM, but for document databases) for working with MongoDB from Python.

py310-napari-plugin-engine @0.2.0 (python)
napari-plugin-engine is a fork of pluggy, modified by the napari team.

py310-opengl @3.1.10 (python, graphics)
Python binding to OpenGL

py310-opengl-accelerate @3.1.10 (python, graphics)
Acceleration code for PyOpenGL

py310-pyqt5-webengine @5.15.7 (python, devel)
PyQt5 Webengine bindings

py310-pyqt6-webengine @6.10.0 (python, devel)
Python bindings for the Qt WebEngine framework

py310-reportlab @4.4.6 (python, textproc)
Engine for creating PDF documents

py310-scikit-rf @1.8.0 (python)
scikit-rf (aka skrf): a Python package for RF engineering

py310-spaCy @3.5.0 (python)
Industrial-strength Natural Language Processing (NLP) with Python and Cython

py310-timelib @0.3.0 (python, textproc)
parse english textual date descriptions

py310-zxcvbn @4.4.28 (python, security)
Implementation of Dropbox’s realistic password strength estimator

py311-acora @2.5 (python, textproc, devel)
Fast multi-keyword search engine for text strings.

py311-cheetah @3.3.3 (python, www)
Cheetah is a Python-powered template engine and code generator

py311-engineio @4.13.0 (python)
Python Engine.IO server and client

py311-g2p-en @2.1.0 (python)
A Simple Python Module for English Grapheme To Phoneme Conversion

py311-jinja2 @3.1.6 (python, devel)
Python based sandboxed template engine

py311-mongoengine @0.29.1 (python)
MongoEngine is a Document-Object Mapper (think ORM, but for document databases) for working with MongoDB from Python.

py311-napari-plugin-engine @0.2.0 (python)
napari-plugin-engine is a fork of pluggy, modified by the napari team.

py311-opengl @3.1.10 (python, graphics)
Python binding to OpenGL

py311-opengl-accelerate @3.1.10 (python, graphics)
Acceleration code for PyOpenGL

py311-pyke @1.1.1 (python, lang, devel)
Python Knowledge Engine (PyKE)

py311-pyqt5-webengine @5.15.7 (python, devel)
PyQt5 Webengine bindings

py311-pyqt6-webengine @6.10.0 (python, devel)
Python bindings for the Qt WebEngine framework

py311-reportlab @4.4.6 (python, textproc)
Engine for creating PDF documents

py311-scikit-rf @1.8.0 (python)
scikit-rf (aka skrf): a Python package for RF engineering

py311-timelib @0.3.0 (python, textproc)
parse english textual date descriptions

py311-zxcvbn @4.4.28 (python, security)
Implementation of Dropbox’s realistic password strength estimator

py312-acora @2.5 (python, textproc, devel)
Fast multi-keyword search engine for text strings.

py312-cheetah @3.3.3 (python, www)
Cheetah is a Python-powered template engine and code generator

py312-engineio @4.13.0 (python)
Python Engine.IO server and client

py312-g2p-en @2.1.0 (python)
A Simple Python Module for English Grapheme To Phoneme Conversion

py312-jinja2 @3.1.6 (python, devel)
Python based sandboxed template engine

py312-napari-plugin-engine @0.2.0 (python)
napari-plugin-engine is a fork of pluggy, modified by the napari team.

py312-opengl @3.1.10 (python, graphics)
Python binding to OpenGL

py312-opengl-accelerate @3.1.10 (python, graphics)
Acceleration code for PyOpenGL

py312-pyqt5-webengine @5.15.7 (python, devel)
PyQt5 Webengine bindings

py312-pyqt6-webengine @6.10.0 (python, devel)
Python bindings for the Qt WebEngine framework

py312-reportlab @4.4.6 (python, textproc)
Engine for creating PDF documents

py312-scikit-rf @1.8.0 (python)
scikit-rf (aka skrf): a Python package for RF engineering

py312-timelib @0.3.0 (python, textproc)
parse english textual date descriptions

py312-zxcvbn @4.4.28 (python, security)
Implementation of Dropbox’s realistic password strength estimator

py313-engineio @4.13.0 (python)
Python Engine.IO server and client

py313-jinja2 @3.1.6 (python, devel)
Python based sandboxed template engine

py313-napari-plugin-engine @0.2.0 (python)
napari-plugin-engine is a fork of pluggy, modified by the napari team.

py313-opengl @3.1.10 (python, graphics)
Python binding to OpenGL

py313-opengl-accelerate @3.1.10 (python, graphics)
Acceleration code for PyOpenGL

py313-pyqt5-webengine @5.15.7 (python, devel)
PyQt5 Webengine bindings

py313-pyqt6-webengine @6.10.0 (python, devel)
Python bindings for the Qt WebEngine framework

py313-reportlab @4.4.6 (python, textproc)
Engine for creating PDF documents

py313-scikit-rf @1.8.0 (python)
scikit-rf (aka skrf): a Python package for RF engineering

py313-timelib @0.3.0 (python, textproc)
parse english textual date descriptions

py314-jinja2 @3.1.6 (python, devel)
Python based sandboxed template engine

py314-pyqt5-webengine @5.15.7 (python, devel)
PyQt5 Webengine bindings

py314-pyqt6-webengine @6.10.0 (python, devel)
Python bindings for the Qt WebEngine framework

py314-reportlab @4.4.6 (python, textproc)
Engine for creating PDF documents

qt5-qtenginio @5.15.18 (aqua)
Obsolete port

qt5-qtenginio-docs @5.15.18 (aqua)
Obsolete port

qt5-qtwebengine @5.15.19 (aqua)
Tools and Module(s) for Qt Tool Kit 5

qt5-qtwebengine-docs @5.15.19 (aqua)
Documentation for the port qt5-qtwebengine

qt5-qtwebengine-gn @20221209 (devel)
meta-build system for Ninja (for building qtwebengine)

qt6-qtwebengine @6.10.2 (aqua)
Tools and Module(s) for Qt Tool Kit 6

qt6-qtwebengine-docs @6.10.2 (aqua)
Documentation for Qt Tool Kit 6

qt53-qtenginio @5.3.2 (aqua)
Tools and Module(s) for Qt Tool Kit 5

qt53-qtenginio-docs @5.3.2 (aqua)
Documentation for the port qt53-qtenginio

qt55-qtenginio @5.5.1_1 (aqua)
Tools and Module(s) for Qt Tool Kit 5

qt55-qtenginio-docs @5.5.1_1 (aqua)
Documentation for the port qt55-qtenginio

qt55-qtwebengine @5.5.1_1 (aqua)
Tools and Module(s) for Qt Tool Kit 5

qt55-qtwebengine-docs @5.5.1_1 (aqua)
Documentation for the port qt55-qtwebengine

qt56-qtenginio @5.6.3 (aqua)
Tools and Module(s) for Qt Tool Kit 5

qt56-qtenginio-docs @5.6.3 (aqua)
Documentation for the port qt56-qtenginio

qt56-qtwebengine @5.6.3 (aqua)
Tools and Module(s) for Qt Tool Kit 5

qt56-qtwebengine-docs @5.6.3 (aqua)
Documentation for the port qt56-qtwebengine

qt57-qtwebengine @5.7.1 (aqua)
Tools and Module(s) for Qt Tool Kit 5

qt57-qtwebengine-docs @5.7.1 (aqua)
Documentation for the port qt57-qtwebengine

qt58-qtwebengine @5.8.0 (aqua)
Tools and Module(s) for Qt Tool Kit 5

qt58-qtwebengine-docs @5.8.0 (aqua)
Documentation for the port qt58-qtwebengine

qt59-qtwebengine @5.9.9 (aqua)
Tools and Module(s) for Qt Tool Kit 5

qt59-qtwebengine-docs @5.9.9 (aqua)
Documentation for the port qt59-qtwebengine

qt64-qtwebengine @6.4.3_7 (aqua)
Tools and Module(s) for Qt Tool Kit 6

qt64-qtwebengine-docs @6.4.3_7 (aqua)
Documentation for Qt Tool Kit 6

qt67-qtwebengine @6.7.3 (aqua)
Tools and Module(s) for Qt Tool Kit 6

qt67-qtwebengine-docs @6.7.3 (aqua)
Documentation for Qt Tool Kit 6

qt68-qtwebengine @6.8.3 (aqua)
Tools and Module(s) for Qt Tool Kit 6

qt68-qtwebengine-docs @6.8.3 (aqua)
Documentation for Qt Tool Kit 6

qt69-qtwebengine @6.9.3 (aqua)
Tools and Module(s) for Qt Tool Kit 6

qt69-qtwebengine-docs @6.9.3 (aqua)
Documentation for Qt Tool Kit 6

qt511-qtwebengine @5.11.3 (aqua)
Tools and Module(s) for Qt Tool Kit 5

qt511-qtwebengine-docs @5.11.3 (aqua)
Documentation for the port qt511-qtwebengine

qt513-qtwebengine @5.13.2_11 (aqua)
Tools and Module(s) for Qt Tool Kit 5

qt513-qtwebengine-docs @5.13.2_11 (aqua)
Documentation for the port qt513-qtwebengine

quesoglc @0.7.2_1 (graphics)
QuesoGLC is a free implementation of the OpenGL Character Renderer (GLC).

quickfix @1.15.1 (devel, finance)
FIX engine implementation

quickjs @20250913 (devel)
A small and embeddable Javascript engine

quickjs-devel @20251129 (devel)
A small and embeddable Javascript engine

R-censored @0.3.2 (R, science)
R-parsnip engines for survival models

R-compareMCMCs @0.6.0 (R, science, math)
Compare MCMC efficiency from nimble and/or other MCMC engines

R-densEstBayes @1.0-2.2_2 (R, science, math)
Density estimation via Bayesian inference engines

R-english @1.2-6_2 (R, science)
Translate integers into English

R-geos @0.2.4_1 (R, science, math)
Open Source Geometry Engine (GEOS) R API

R-googleComputeEngineR @0.3.0.9000_1 (R, science, www)
R interface for Google Compute Engine

R-jenga @1.3.0_1 (R, science, math)
Fast extrapolation of time features using k-nearest neighbors

R-jinjar @0.3.1_1 (R, science, textproc)
Template engine inspired by Jinja

R-knitr @1.49 (R, science, devel)
General-purpose literate programming engine

R-libgeos @3.11.1-2_1 (R, science, math)
Open Source Geometry Engine (GEOS) C API

R-mcgibbsit @1.2.2_1 (R, science, math)
Warnes and Raftery’s MCGibbsit MCMC run length and convergence diagnostic

R-mixvlmc @0.2.1_1 (R, science, math)
Variable length Markov chains with covariates

R-NetSwan @0.1_1 (R, science, math)
Network Strengths and Weaknesses Analysis

R-palmerpenguins @0.1.1_2
Palmer Archipelago (Antarctica) penguin data

R-QuickJSR @1.4.0 (R, science, devel)
Interface for the QuickJS light-weight JavaScript engine

R-recipes @1.1.0 (R, science)
Preprocessing and feature engineering steps for modelling

R-rgeos @0.6-4_1 (R, science, math)
Interface to Geometry Engine Open Source (GEOS)

R-rgl @1.3.14 (R, science, graphics)
3D visualization using OpenGL

R-rle @0.9.2_2 (R, science, math)
Common functions for run-length encoded vectors

R-simplermarkdown @0.0.6_2 (R, science)
Simple engine for generating reports using R

R-sylly.en @0.1-3_1 (R, science, textproc)
Language support for R-sylly: English

R-symengine @0.2.6_3 (R, science, math)
Interface to the SymEngine library

R-tesseract @5.2.2 (R, science, textproc)
Open Source OCR Engine

R-tiledb @0.30.2 (R, science, databases)
Universal storage engine for sparse and dense multidimensional arrays

R-titanic @0.1.0_2 (R, science)
Titanic passenger survival data set

R-V8 @4.4.2_1 (R, science, devel)
Embedded javascript and webassembly engine for R

R-VLMC @1.4-4 (R, science, math)
Variable Length Markov Chains models

R-VLMCX @1.0_1 (R, science, math)
Variable Length Markov Chain with Exogenous Covariates

rb-erubi @1.13.0 (ruby, devel)
Erubi is a ERB template engine for Ruby. It is a simplified fork of Erubis

rb-opengl @0.32g (ruby, graphics)
OpenGL bindings for Ruby

rb-sqlite @2.2.3 (ruby, databases)
Interface to the SQLite DB engine from Ruby

rb-sqlite3 @1.2.5 (ruby, databases)
Interface to the SQLite3 DB engine from Ruby

rb19-sqlite3 @1.3.3 (ruby, databases)
Interface to the SQLite3 DB engine from Ruby

rb30-erubi @1.13.0 (ruby, devel)
Erubi is a ERB template engine for Ruby. It is a simplified fork of Erubis

rb31-erubi @1.13.0 (ruby, devel)
Erubi is a ERB template engine for Ruby. It is a simplified fork of Erubis

rb32-erubi @1.13.0 (ruby, devel)
Erubi is a ERB template engine for Ruby. It is a simplified fork of Erubis

rb33-erubi @1.13.0 (ruby, devel)
Erubi is a ERB template engine for Ruby. It is a simplified fork of Erubis

resource_dasm @2023.03.15 (devel)
Tools for reverse-engineering classic Mac OS applications and games.

rhino @1.7R2_1 (lang, java, devel)
Mozilla JavaScript engine for Java

rizin @0.8.2 (devel)
UNIX-like reverse engineering framework and command-line toolset

rke @1.7.1 (devel)
Rancher Kubernetes Engine (RKE), an extremely simple, lightning fast Kubernetes distribution that runs entirely within containers.

salt @3007.3 (sysutils, python)
Salt is a Python-based remote execution, automation, configuration, and orchestration engine.

scummvm @2.9.0_2 (emulators, games)
cross-platform interpreter for several adventure engines

scummvm-devel @20231109_1 (emulators, games)
cross-platform interpreter for several adventure engines

SDRangel @7.13.0 (science)
SDRangel is an Open Source Qt5 / OpenGL 3.0+ SDR and signal analyzer frontend to various hardware.

see @3.1.1424_3 (lang)
Simple ECMAScript Engine

senna @1.1.4 (textproc)
embeddable fulltext search engine

smokegen @4.14.3_3 (kde, kde4)
Scripting Meta Object Kompiler Engine

smokekde @4.14.3_6 (kde, kde4, devel)
Scripting Meta Object Kompiler Engine (SMOKE) KDE bindings.

smokeqt @4.14.3_3 (kde, kde4, devel)
Scripting Meta Object Kompiler Engine (SMOKE) Qt bindings.

sphinx @2.2.11_1 (textproc, net)
Sphinx is a full-text search engine

spidermonkey @1.7.0_8 (lang)
JavaScript-C Engine

spidermonkey185 @1.0.0_2 (lang)
JavaScript-C Engine

sqlcipher @4.6.1 (databases)
An security extesion to the embedded SQL database engine

sqlite2 @2.8.17_2 (databases)
an embedded SQL database engine

sqlite3 @3.51.2 (databases)
an embedded SQL database engine

sqlite3-tcl @3.51.2 (databases)
an embedded SQL database engine

stanford-corenlp-english @3.9.2 (textproc, java)
A Java suite of core NLP tools

stanford-corenlp-english-kbp @3.9.2 (textproc, java)
A Java suite of core NLP tools

sword-bible-web @3.1 (textproc)
World English Bible, includes footnotes

symengine @0.13.0 (math, science)
a fast symbolic manipulation library

tclsqlite2 @2.8.17 (devel, databases, tcl)
TCL bindings for the SQLite embedded database engine

tectonic @0.14.1_2 (tex)
A modernized, complete, self-contained TeX/LaTeX engine, powered by XeTeX and TeXLive

tesseract @5.4.1_4 (textproc, graphics, pdf)
Open source OCR engine

tesseract-afr @4.1.0 (textproc, graphics, pdf)
Afrikaans language data for the Tesseract OCR engine

tesseract-amh @4.1.0 (textproc, graphics, pdf)
Amharic language data for the Tesseract OCR engine

tesseract-ara @4.1.0 (textproc, graphics, pdf)
Arabic language data for the Tesseract OCR engine

tesseract-asm @4.1.0 (textproc, graphics, pdf)
Assamese language data for the Tesseract OCR engine

tesseract-aze @4.1.0 (textproc, graphics, pdf)
Azerbaijani language data for the Tesseract OCR engine

tesseract-aze-cyrl @4.1.0 (textproc, graphics, pdf)
Azerbaijani-cyrillic language data for the Tesseract OCR engine

tesseract-bel @4.1.0 (textproc, graphics, pdf)
Belarusian language data for the Tesseract OCR engine

tesseract-ben @4.1.0 (textproc, graphics, pdf)
Bengali language data for the Tesseract OCR engine

tesseract-bod @4.1.0 (textproc, graphics, pdf)
Tibetan language data for the Tesseract OCR engine

tesseract-bos @4.1.0 (textproc, graphics, pdf)
Bosnian language data for the Tesseract OCR engine

tesseract-bul @4.1.0 (textproc, graphics, pdf)
Bulgarian language data for the Tesseract OCR engine

tesseract-cat @4.1.0 (textproc, graphics, pdf)
Catalan language data for the Tesseract OCR engine

tesseract-ceb @4.1.0 (textproc, graphics, pdf)
Cebuano language data for the Tesseract OCR engine

tesseract-ces @4.1.0 (textproc, graphics, pdf)
Czech language data for the Tesseract OCR engine

tesseract-chi-sim @4.1.0 (textproc, graphics, pdf)
Chinese-simple language data for the Tesseract OCR engine

tesseract-chi-tra @4.1.0 (textproc, graphics, pdf)
Chinese-traditional language data for the Tesseract OCR engine

tesseract-chr @4.1.0 (textproc, graphics, pdf)
Cherokee language data for the Tesseract OCR engine

tesseract-cym @4.1.0 (textproc, graphics, pdf)
Welsh language data for the Tesseract OCR engine

tesseract-dan @4.1.0 (textproc, graphics, pdf)
Danish language data for the Tesseract OCR engine

tesseract-deu @4.1.0 (textproc, graphics, pdf)
German language data for the Tesseract OCR engine

tesseract-dzo @4.1.0 (textproc, graphics, pdf)
Dzongkha language data for the Tesseract OCR engine

tesseract-ell @4.1.0 (textproc, graphics, pdf)
Modern language data for the Tesseract OCR engine

tesseract-eng @4.1.0 (textproc, graphics, pdf)
English language data for the Tesseract OCR engine

tesseract-enm @4.1.0 (textproc, graphics, pdf)
Middle language data for the Tesseract OCR engine

tesseract-epo @4.1.0 (textproc, graphics, pdf)
Esperanto language data for the Tesseract OCR engine

tesseract-est @4.1.0 (textproc, graphics, pdf)
Estonian language data for the Tesseract OCR engine

tesseract-eus @4.1.0 (textproc, graphics, pdf)
Basque language data for the Tesseract OCR engine

tesseract-fas @4.1.0 (textproc, graphics, pdf)
Persian language data for the Tesseract OCR engine

tesseract-fin @4.1.0 (textproc, graphics, pdf)
Finnish language data for the Tesseract OCR engine

tesseract-fra @4.1.0 (textproc, graphics, pdf)
French language data for the Tesseract OCR engine

tesseract-frm @4.1.0 (textproc, graphics, pdf)
Middle language data for the Tesseract OCR engine

tesseract-gle @4.1.0 (textproc, graphics, pdf)
Irish language data for the Tesseract OCR engine

tesseract-glg @4.1.0 (textproc, graphics, pdf)
Galician language data for the Tesseract OCR engine

tesseract-grc @4.1.0 (textproc, graphics, pdf)
Ancient language data for the Tesseract OCR engine

tesseract-guj @4.1.0 (textproc, graphics, pdf)
Gujarati language data for the Tesseract OCR engine

tesseract-hat @4.1.0 (textproc, graphics, pdf)
Haitian language data for the Tesseract OCR engine

tesseract-heb @4.1.0 (textproc, graphics, pdf)
Hebrew language data for the Tesseract OCR engine

tesseract-hin @4.1.0 (textproc, graphics, pdf)
Hindi language data for the Tesseract OCR engine

tesseract-hrv @4.1.0 (textproc, graphics, pdf)
Croatian language data for the Tesseract OCR engine

tesseract-hun @4.1.0 (textproc, graphics, pdf)
Hungarian language data for the Tesseract OCR engine

tesseract-iku @4.1.0 (textproc, graphics, pdf)
Inuktitut language data for the Tesseract OCR engine

tesseract-ind @4.1.0 (textproc, graphics, pdf)
Indonesian language data for the Tesseract OCR engine

tesseract-isl @4.1.0 (textproc, graphics, pdf)
Icelandic language data for the Tesseract OCR engine

tesseract-ita @4.1.0 (textproc, graphics, pdf)
Italian language data for the Tesseract OCR engine

tesseract-jav @4.1.0 (textproc, graphics, pdf)
Javanese language data for the Tesseract OCR engine

tesseract-jpn @4.1.0 (textproc, graphics, pdf)
Japanese language data for the Tesseract OCR engine

tesseract-kan @4.1.0 (textproc, graphics, pdf)
Kannada language data for the Tesseract OCR engine

tesseract-kat @4.1.0 (textproc, graphics, pdf)
Georgian language data for the Tesseract OCR engine

tesseract-kaz @4.1.0 (textproc, graphics, pdf)
Kazakh language data for the Tesseract OCR engine

tesseract-khm @4.1.0 (textproc, graphics, pdf)
Central language data for the Tesseract OCR engine

tesseract-kir @4.1.0 (textproc, graphics, pdf)
Kirghiz language data for the Tesseract OCR engine

tesseract-kmr @4.1.0 (textproc, graphics, pdf)
Kurdish language data for the Tesseract OCR engine

tesseract-kor @4.1.0 (textproc, graphics, pdf)
Korean language data for the Tesseract OCR engine

tesseract-kur @4.1.0 (textproc, graphics, pdf)
Kurdish language data for the Tesseract OCR engine

tesseract-lao @4.1.0 (textproc, graphics, pdf)
Lao language data for the Tesseract OCR engine

tesseract-lat @4.1.0 (textproc, graphics, pdf)
Latin language data for the Tesseract OCR engine

tesseract-lav @4.1.0 (textproc, graphics, pdf)
Latvian language data for the Tesseract OCR engine

tesseract-lit @4.1.0 (textproc, graphics, pdf)
Lithuanian language data for the Tesseract OCR engine

tesseract-mal @4.1.0 (textproc, graphics, pdf)
Malayalam language data for the Tesseract OCR engine

tesseract-mar @4.1.0 (textproc, graphics, pdf)
Marathi language data for the Tesseract OCR engine

tesseract-mkd @4.1.0 (textproc, graphics, pdf)
Macedonian language data for the Tesseract OCR engine

tesseract-mlt @4.1.0 (textproc, graphics, pdf)
Maltese language data for the Tesseract OCR engine

tesseract-msa @4.1.0 (textproc, graphics, pdf)
Malay language data for the Tesseract OCR engine

tesseract-mya @4.1.0 (textproc, graphics, pdf)
Burmese language data for the Tesseract OCR engine

tesseract-nep @4.1.0 (textproc, graphics, pdf)
Nepali language data for the Tesseract OCR engine

tesseract-nld @4.1.0 (textproc, graphics, pdf)
Dutch language data for the Tesseract OCR engine

tesseract-nor @4.1.0 (textproc, graphics, pdf)
Norwegian language data for the Tesseract OCR engine

tesseract-ori @4.1.0 (textproc, graphics, pdf)
Odiya language data for the Tesseract OCR engine

tesseract-osd @4.1.0 (textproc, graphics, pdf)
OSD language data for the Tesseract OCR engine

tesseract-pan @4.1.0 (textproc, graphics, pdf)
Panjabi language data for the Tesseract OCR engine

tesseract-pol @4.1.0 (textproc, graphics, pdf)
Polish language data for the Tesseract OCR engine

tesseract-por @4.1.0 (textproc, graphics, pdf)
Portuguese language data for the Tesseract OCR engine

tesseract-pus @4.1.0 (textproc, graphics, pdf)
Pushto language data for the Tesseract OCR engine

tesseract-ron @4.1.0 (textproc, graphics, pdf)
Romanian language data for the Tesseract OCR engine

tesseract-rus @4.1.0 (textproc, graphics, pdf)
Russian language data for the Tesseract OCR engine

tesseract-san @4.1.0 (textproc, graphics, pdf)
Sanskrit language data for the Tesseract OCR engine

tesseract-sin @4.1.0 (textproc, graphics, pdf)
Sinhala language data for the Tesseract OCR engine

tesseract-slk @4.1.0 (textproc, graphics, pdf)
Slovak language data for the Tesseract OCR engine

tesseract-slv @4.1.0 (textproc, graphics, pdf)
Slovenian language data for the Tesseract OCR engine

tesseract-spa @4.1.0 (textproc, graphics, pdf)
Spanish language data for the Tesseract OCR engine

tesseract-sqi @4.1.0 (textproc, graphics, pdf)
Albanian language data for the Tesseract OCR engine

tesseract-srp @4.1.0 (textproc, graphics, pdf)
Serbian language data for the Tesseract OCR engine

tesseract-srp-latn @4.1.0 (textproc, graphics, pdf)
Serbian-latin language data for the Tesseract OCR engine

tesseract-swa @4.1.0 (textproc, graphics, pdf)
Swahili language data for the Tesseract OCR engine

tesseract-swe @4.1.0 (textproc, graphics, pdf)
Swedish language data for the Tesseract OCR engine

tesseract-syr @4.1.0 (textproc, graphics, pdf)
Syriac language data for the Tesseract OCR engine

tesseract-tam @4.1.0 (textproc, graphics, pdf)
Tamil language data for the Tesseract OCR engine

tesseract-tel @4.1.0 (textproc, graphics, pdf)
Telugu language data for the Tesseract OCR engine

tesseract-tgk @4.1.0 (textproc, graphics, pdf)
Tajik language data for the Tesseract OCR engine

tesseract-tgl @4.1.0 (textproc, graphics, pdf)
Tagalog language data for the Tesseract OCR engine

tesseract-tha @4.1.0 (textproc, graphics, pdf)
Thai language data for the Tesseract OCR engine

tesseract-tir @4.1.0 (textproc, graphics, pdf)
Tigrinya language data for the Tesseract OCR engine

tesseract-training @5.4.1_4 (textproc, graphics, pdf)
Open source OCR engine

tesseract-tur @4.1.0 (textproc, graphics, pdf)
Turkish language data for the Tesseract OCR engine

tesseract-uig @4.1.0 (textproc, graphics, pdf)
Uighur language data for the Tesseract OCR engine

tesseract-ukr @4.1.0 (textproc, graphics, pdf)
Ukrainian language data for the Tesseract OCR engine

tesseract-urd @4.1.0 (textproc, graphics, pdf)
Urdu language data for the Tesseract OCR engine

tesseract-uzb @4.1.0 (textproc, graphics, pdf)
Uzbek language data for the Tesseract OCR engine

tesseract-uzb-cyrl @4.1.0 (textproc, graphics, pdf)
Uzbek-cyrillic language data for the Tesseract OCR engine

tesseract-vie @4.1.0 (textproc, graphics, pdf)
Vietnamese language data for the Tesseract OCR engine

tesseract-yid @4.1.0 (textproc, graphics, pdf)
Yiddish language data for the Tesseract OCR engine

texlive-lang-english @74022 (tex)
TeX Live: US and UK English

tiledb @2.26.2_2 (databases)
The universal storage engine

tiron @0.1.7 (sysutils)
Reasonable Automation Engine

Togl @2.1_6 (x11)
A Tcl/Tk widget for OpenGL rendering

Togl-2.0 @2.0 (x11)
A Tcl/Tk widget for OpenGL rendering

toxcore @0.2.20_1 (net, security, devel)
Tox is a peer to peer (serverless) instant messenger aimed at making security and privacy easy to obtain for regular users. It uses NaCl for its encryption and authentication.

translate-toolkit @3.16.3 (textproc)
Tools and API for translation and localization engineering.

tuxmath @2.0.3_1 (games, education)
Kids math game - help Tux, the Linux Penguin shoot down attacking math questions!

tuxtype @1.8.3_1 (games, education)
Learn to type with Tux, the Linux Penguin!

udis86 @1.7.2 (devel)
Udis86 is a disassembler engine that interprets and decodes a stream of binary machine code bytes as opcodes defined in the x86 and x86-64 class of Instruction Set Architectures.

v8-8.3 @8.3.110.13_1 (lang, devel)
Google’s open-source JavaScript engine

v8-11.6 @11.6.189.4 (lang, devel)
Google’s open-source JavaScript engine

virglrenderer @0.10.4e_2 (graphics)
VirGL virtual OpenGL renderer

vis5d @1.3.0-beta_18 (science, graphics)
OpenGL-based scientific visualization program

wordnet @3.0_3 (textproc)
Lexical database for the English language

xine-lib @1.2.13_6 (multimedia)
xine-lib is a free multimedia engine, released under the GPL.

xmoto @0.5.11_1 (games)
X-Moto is a challenging 2D motocross platform game

yorick-gl @1.1.0.git20120925 (science, yorick)
OpenGL 3D graphics support for the Yorick language

yubico-pam @2.27 (security)
PAM module to authenticate against a YubiKey validation server or via challenge-response against a local YubiKey

Found 672 ports.
