bali-phy @4.1 (science)
Bayesian co-estimation of phylogenies and multiple alignments via MCMC

bali-phy-devel @08162025-472371dc (science)
Bayesian co-estimation of phylogenies and multiple alignments via MCMC

bayon @0.1.1_1 (math, textproc)
a simple and fast hard-clustering tool

bmf @0.9.4 (mail)
Bayesian Mail Filter

bogofilter @1.2.5_2 (mail)
Fast Bayesian Spam Filter

dbacl @1.14_2 (textproc)
dbacl is a digramic Bayesian text classifier

esniper @2.35.0_3 (net)
esniper is a simple, lightweight tool for sniping ebay auctions.

libayatana-appindicator @0.5.93_1 (devel, gnome)
Ayatana Application Indicators Shared Library

libayatana-indicator @0.9.4 (devel, gnome)
Ayatana Indicators Shared Library

mcsim @6.2.0 (math, science)
Monte Carlo stochastic simulations and Bayesian inference

midi_patchbay @1.0.3 (audio)
Pass MIDI data between inputs/outputs and apply filters.

py-arviz @0.23.3 (python)
Exploratory analysis of Bayesian models

py-pymc @5.27.1 (python)
Probabilistic Programming in Python: Bayesian Modeling and Probabilistic Machine Learning with Aesara

py-reverend @0.3 (python, textproc)
Reverend is a general purpose Bayesian classifier.

py27-reverend @0.3 (python, textproc)
Reverend is a general purpose Bayesian classifier.

py310-arviz @0.23.3 (python)
Exploratory analysis of Bayesian models

py311-arviz @0.23.3 (python)
Exploratory analysis of Bayesian models

py311-pymc @5.27.1 (python)
Probabilistic Programming in Python: Bayesian Modeling and Probabilistic Machine Learning with Aesara

py312-arviz @0.23.3 (python)
Exploratory analysis of Bayesian models

py312-pymc @5.27.1 (python)
Probabilistic Programming in Python: Bayesian Modeling and Probabilistic Machine Learning with Aesara

py313-arviz @0.23.3 (python)
Exploratory analysis of Bayesian models

py313-pymc @5.27.1 (python)
Probabilistic Programming in Python: Bayesian Modeling and Probabilistic Machine Learning with Aesara

py314-arviz @0.23.3 (python)
Exploratory analysis of Bayesian models

py314-pymc @5.27.1 (python)
Probabilistic Programming in Python: Bayesian Modeling and Probabilistic Machine Learning with Aesara

R-abglasso @0.1.1_1 (R, science, math)
Adaptive Bayesian graphical lasso

R-abn @3.1.1 (R, science, math)
Modelling multivariate data with additive Bayesian networks

R-acebayes @1.10_2 (R, science, math)
Optimal Bayesian experimental design using the ACE algorithm

R-aghq @0.4.1_1 (R, science, math)
Adaptive Gauss hermite quadrature for Bayesian inference

R-ashr @2.2-63_1 (R, science, math)
Methods for adaptive shrinkage, using Empirical Bayes

R-bacr @1.0.1_1 (R, science, math)
Bayesian Adjustment for Confounding

R-baggr @0.7.8_2 (R, science, math)
Bayesian aggregate treatment effects

R-bain @0.2.11 (R, science, math)
Bayes Factors for Informative hypotheses

R-bamlss @1.2-5 (R, science, math)
Bayesian additive models for location, scale and shape

R-BANAM @0.2.2 (R, science, math)
Bayesian Analysis of the Network Autocorrelation Model

R-bang @1.0.4 (R, science, math)
Bayesian Analysis, No Gibbs

R-BANOVA @1.2.1_2 (R, science)
Hierarchical Bayesian ANOVA models

R-bark @1.0.5 (R, science, math)
Bayesian Additive Regression Kernels

R-BART @2.9.9 (R, science, math)
Bayesian Additive Regression Trees

R-bartBMA @1.0_1 (R, science, math)
Bayesian Additive Regression Trees using Bayesian Model Averaging

R-bartCause @1.0-9 (R, science, math)
Causal inference using Bayesian Additive Regression Trees

R-bartcs @1.2.2 (R, science, math)
Bayesian Additive Regression Trees for Confounder Selection

R-BAS @1.7.5 (R, science, math)
Bayesian variable selection and model averaging via Bayesian adaptive sampling

R-basad @0.3.0_2 (R, science, math)
Bayesian variable selection with shrinking and diffusing priors

R-BASS @1.3.1_1 (R, science, math)
Bayesian Adaptive Spline Surfaces

R-baycn @1.2.0_1 (R, science, math)
Bayesian inference for causal networks

R-bayefdr @0.2.1_2 (R, science)
Bayesian estimation and optimisation of expected FDR and expected FNR

R-bayes4psy @1.2.12_2 (R, science)
User-friendly Bayesian data analysis for psychology

R-bayesAB @1.1.3_1 (R, science, math)
Fast Bayesian methods for A/B testing

R-bayesammi @0.3.0 (R, science, math)
Bayesian estimation of the Additive Main effects and Multiplicative Interaction model

R-bayesanova @1.6_1 (R, science, math)
Bayesian inference in the Analysis of Variance via Markov Chain Monte Carlo in gaussian mixture models

R-BayesBinMix @1.4.1_2 (R, science, math)
Bayesian estimation of mixtures of multivariate Bernoulli distributions

R-BayesBP @1.1_1 (R, science, math)
Bayesian estimation using Bernstein polynomial fits rate matrix

R-bayesbr @0.0.1.0_4 (R, science, math)
Bayesian Beta regression in R

R-bayescopulareg @0.1.3_2 (R, science, math)
Bayesian copula regression

R-bayescount @0.9.99-9_1 (R, science, math)
Power calculations and Bayesian analysis of count distributions and FECRT Data using MCMC

R-BayesDA @2012.04-1_1 (R, science, math)
Functions and datasets for Bayesian Data Analysis (2nd ed.)

R-bayesDccGarch @3.0.4_2 (R, science, math)
Methods and tools for Bayesian analysis of DCC-GARCH(1,1) model

R-BayesDesign @0.1.1_1 (R, science, math)
Bayesian single-arm design with survival endpoints

R-bayesdfa @1.3.3_2 (R, science, math)
Bayesian Dynamic Factor Analysis (DFA) with Stan

R-BayesESS @0.1.19_2 (R, science, math)
Determines effective sample size of a parametric prior distribution in Bayesian models

R-BayesFactor @0.9.12-4.7_1 (R, science, math)
Computation of Bayes factors for common designs

R-bayesforecast @1.0.1_4 (R, science, math)
Bayesian time series modeling with Stan

R-bayesGAM @0.0.2_4 (R, science, math)
Multivariate response generalized additive models using Hamiltonian Monte Carlo

R-bayesGARCH @2.1.10_1 (R, science, math)
Bayesian estimation of the GARCH(1,1) model with Student-t innovations

R-BayesGOF @5.2_2 (R, science, math)
Bayesian modeling via frequentist goodness-of-fit

R-bayesian @1.0.1 (R, science, math)
Bindings for Bayesian TidyModels

R-BayesianNetwork @0.3.2 (R, science, math)
Bayesian network modelling and analysis

R-BayesianTools @0.1.8_1 (R, science, math)
General-purpose MCMC and SMC samplers and tools for Bayesian statistics

R-Bayesiantreg @1.0.1_1 (R, science, math)
Bayesian t regression for modelling mean and scale parameters

R-bayesianVARs @0.1.5 (R, science, math)
MCMC estimation of Bayesian vector autoregressions

R-BayesKnockdown @1.30.0 (R, science, bioconductor)
Posterior probabilities for edges from knockdown data

R-bayeslincom @1.3.0_2 (R, science, math)
Linear combinations of Bayesian posterior samples

R-BayesLN @0.2.10_1 (R, science, math)
Bayesian inference for log-normal data

R-BayesLogit @2.1_1 (R, science, math)
PolyaGamma sampling

R-bayesm @3.1-6_1 (R, science, economics)
Bayesian inference for marketing and micro-econometrics

R-BayesMallows @2.2.2 (R, science, math)
Bayesian preference learning with the Mallows rank model

R-bayesMeanScale @0.1.4 (R, science, math)
Bayesian Post-Estimation on the Mean Scale

R-bayesmeta @3.4_1 (R, science, math)
Bayesian random-effects meta-analysis and meta-regression

R-bayesmix @0.7-6_2 (R, science, math)
Bayesian Mixture models with JAGS

R-bayesmlogit @1.0.1_1 (R, science)
Multistate Life Table (MSLT) methodology based on Bayesian approach

R-BayesMultiMode @0.7.3 (R, science, math)
Bayesian mode inference

R-bayesnec @2.1.3.0 (R, science, math)
Bayesian No-Effect-Concentration (NEC) algorithm

R-BayesNetBP @1.6.1_2 (R, science, math)
Bayesian Network Belief Propagation

R-BayesNSGP @0.1.2 (R, science, math)
Bayesian analysis of non-stationary gaussian process models

R-bayesplay @0.9.3_2 (R, science, math)
Bayes factor playground

R-bayesplot @1.11.1_1 (R, science, graphics, math)
Plotting for Bayesian Models

R-bayespm @0.2.0_1 (R, science, math)
Bayesian Statistical Process Monitoring

R-bayesPO @0.5.0_1 (R, science, math)
Bayesian inference for presence-only data

R-BayesPPD @1.1.2_1 (R, science, math)
Bayesian Power Prior Design

R-BayesPPDSurv @1.0.3_1 (R, science, math)
Bayesian Power Prior Design for Survival data

R-BayesProject @1.0_1 (R, science, math)
Fast projection direction for multivariate changepoint detection

R-bayesQR @2.4_1 (R, science, math)
Bayesian Quantile Regression

R-BayesQVGEL @0.1.2_1 (R, science, math)
Bayesian quantile variable selection for G–E in longitudinal studies

R-bayesRecon @0.3.2 (R, science, math)
Provides methods for probabilistic reconciliation of hierarchical forecasts of time series

R-bayesreg @1.3 (R, science, math)
Bayesian regression models with global-local shrinkage priors

R-Bayesrel @0.7.7_2 (R, science, math)
Bayesian reliability estimation

R-BayesRep @0.42.2_1 (R, science, math)
Bayesian analysis of replication studies

R-BayesReversePLLH @1.5_1 (R, science, math)
Fit Bayesian piece-wise linear log-hazard model

R-BayesRGMM @2.2_2 (R, science, math)
Bayesian Robust Generalized Mixed Models for longitudinal data

R-bayesROE @0.2_1 (R, science, math)
Bayesian Regions of Evidence

R-BayesRS @0.1.3_1 (R, science, math)
Bayes factors for hierarchical linear models with continuous predictors

R-bayess @1.6_1 (R, science, math)
Bayesian Essentials with R

R-BayesSenMC @0.1.5_4 (R, science, math)
Different models of posterior distributions of adjusted odds ratio

R-BayesSUR @2.2-1 (R, science, math)
Bayesian Seemingly Unrelated Regression

R-bayesSurv @3.8 (R, science)
Bayesian survival regression with flexible error and random effects distributions

R-BayesSurvival @0.2.0_1 (R, science, math)
Bayesian survival analysis for right-censored data

R-bayest @1.5_1 (R, science, math)
Effect size targeted Bayesian two-sample t-tests via Markov chain Monte Carlo in Gaussian mixture models

R-bayestestR @0.15.0 (R, science, math, economics)
Understand and describe Bayesian models and posterior distributions

R-BayesTools @0.2.17_1 (R, science, math)
Tools for Bayesian Analyses

R-BayesTree @0.3-1.5_1 (R, science, math)
Bayesian additive regression trees

R-BayesVarSel @2.2.5_3 (R, science, math)
Bayes factors, model choice and variable selection in linear models

R-bayesvl @0.8.5_2 (R, science, math)
Visually learning the graphical structure of Bayesian networks and performing MCMC with Stan

R-bayesWatch @0.1.3_1 (R, science)
Bayesian change-point detection for process monitoring with fault detection

R-BayesX @0.3-3_1 (R, science, math)
R utilities accompanying the software package BayesX

R-BayesXsrc @3.0-5_2 (R, science, math)
Distribution of the BayesX C++ sources

R-bayesZIB @0.0.5_1 (R, science, math)
Bayesian zero-inflated Bernoulli regression model

R-baygel @0.3.0_2 (R, science, math)
Bayesian estimators for Gaussian graphical models

R-BBcor @1.0.3_2 (R, science, math)
Bayesian bootstrapping correlations

R-bbl @1.0.0_1 (R, science, math)
Boltzmann Bayes Learner

R-bbnet @1.0.1 (R, science, economics)
Create simple predictive models on Bayesian Belief Networks

R-BBSSL @0.1.0_1 (R, science, math)
Bayesian bootstrap spike-and-slab lassO

R-BCDAG @1.1.1 (R, science, math)
Bayesian structure and causal learning of Gaussian directed graphs

R-BCEE @1.3.2_1 (R, science, math)
Bayesian causal effect estimation algorithm

R-bcgam @1.0_2 (R, science, math)
Bayesian constrained generalised linear models

R-bcp @4.0.3_1 (R, science)
Bayesian analysis of change point problems

R-BCSub @0.5_1 (R, science, math)
Bayesian semi-parametric factor analysis model for subtype identification (clustering)

R-BDgraph @2.73 (R, science, math)
Bayesian structure learning in graphical models using birth-death MCMC

R-bdlim @0.4.2 (R, science, math)
Bayesian Distributed Lag Interaction Models

R-beanz @3.1_2 (R, science, math)
Bayesian analysis of heterogeneous treatment effect

R-beast @1.1_1 (R, science, math)
Bayesian estimation of change-points in the slope of multivariate time-series

R-BEND @1.0_1 (R, science, math)
Bayesian Estimation of Non-linear Data (BEND)

R-BeQut @0.1.0_1 (R, science, math)
Bayesian estimation for quantile regression mixed models

R-Bergm @5.0.7_1 (R, science, math)
Bayesian Exponential Random Graph Models

R-betaBayes @1.0.1_2 (R, science, math)
Bayesian Beta regression

R-BFF @4.2.1 (R, science, math)
Bayes Factor Functions

R-bfp @0.0-48_1 (R, science, math)
Bayesian Fractional Polynomials

R-BFpack @1.4.0 (R, science, math)
Flexible Bayes factor testing of scientific expectations

R-BGGM @2.1.4 (R, science, math)
Bayesian Gaussian Graphical Models

R-bggum @1.0.2_2 (R, science, math)
Bayesian estimation of generalized graded unfolding model parameters

R-BGLR @1.1.3 (R, science, math)
Bayesian Generalized Linear Regression

R-bgms @0.1.4.2 (R, science, math)
Bayesian variable selection for networks of binary and/or ordinal variables

R-BGVAR @2.5.8 (R, science, math)
Bayesian global vector autoregressions

R-bibs @1.1.1_1 (R, science, math)
Bayesian Inference for the Birnbaum–Saunders distribution

R-BiDAG @2.1.4_1 (R, science, math)
Bayesian inference for directed acyclic graphs

R-bisque @1.0.2_2 (R, science, math)
Approximate Bayesian Inference via Sparse Grid Quadrature Evaluation (BISQuE) for hierarchical models

R-blatent @0.1.2_1 (R, science, math)
Bayesian latent variable models

R-blavaan @0.5-6 (R, science, math, economics)
Bayesian latent variable analysis

R-bliss @1.1.1 (R, science, math)
Bayesian functional linear regression with sparse step functions

R-blme @1.0-6 (R, science, math)
Bayesian Linear Mixed Effect models

R-BLSM @0.1.0_1 (R, science, math)
Bayesian Latent Space Model

R-bltm @0.1.0_1 (R, science, math)
Bayesian Latent Threshold Modelling

R-BMA @3.18.19 (R, science, economics, math)
Bayesian Model Averaging

R-bmass @1.0.3_1 (R, science, math)
Bayesian Multivariate Analysis of Summary Statistics

R-bmgarch @2.0.0_2 (R, science, math)
Bayesian multivariate GARCH models

R-bmlm @1.3.15_2 (R, science, math)
Bayesian multilevel mediation models in R

R-BMRMM @1.0.1_1 (R, science, math)
Implementation of the Bayesian Markov (Renewal) Mixed Models

R-BMS @0.3.5_1 (R, science, math, economics)
Bayesian model averaging library

R-BMTAR @0.1.1_1 (R, science, math)
Bayesian approach for MTAR models with missing data

R-bnclassify @0.4.8_1 (R, science)
Learning discrete Bayesian network classifiers from data

R-bnlearn @5.0.1 (R, science, math)
Bayesian network structure learning, parameter learning and inference

R-bnma @1.6.0_1 (R, science, math)
Bayesian Network Meta-Analysis using JAGS

R-bnmonitor @0.2.2 (R, science, math)
Implementation of sensitivity analysis in Bayesian networks

R-bnmr @0.4.02_1 (R, science, math)
Bayesian Non-parametric Monotone Regression

R-bnpmr @1.2_3 (R, science, math)
Bayesian Monotonic Non-parametric Regression

R-BNSL @0.1.4_2 (R, science, math)
Bayesian network structure learning

R-BNSP @2.2.3_2 (R, science, math)
Bayesian non- and semi-parametric model fitting

R-bnstruct @1.0.15_1 (R, science, math)
Bayesian network structure learning from data with missing values

R-boinet @1.1.0 (R, science, math)
Conduct simulation study of Bayesian optimal interval design with BOIN-ET family

R-Bolstad @0.2.42 (R, science, math)
Functions for elementary Bayesian inference

R-Boom @0.9.15_1 (R, science, math)
Bayesian Object-Oriented Modelling

R-boral @2.0.2_1 (R, science, math)
Bayesian Ordination and Regression AnaLysis

R-bpgmm @1.0.9_2 (R, science, math)
Bayesian model selection approach for parsimonious Gaussian mixture models

R-bpnreg @2.0.3_1 (R, science, math)
Bayesian projected normal regression models for circular data

R-bpp @1.0.4_2 (R, science, math)
Computations around Bayesian Predictive Power

R-bpr @1.0.8_1 (R, science, math)
Fitting Bayesian Poisson regression

R-bqror @1.7.1 (R, science, math)
Bayesian quantile regression for ordinal models

R-bqtl @1.0-38 (R, science)
Bayesian QTL mapping tool-kit

R-bravo @3.2.2 (R, science, math)
Bayesian screening and variable selection

R-bridgesampling @1.1-2_2 (R, science, math)
Bridge Sampling for Marginal Likelihoods and Bayes Factors

R-brisk @0.1.0_1 (R, science, math)
Bayesian benefit–risk analysis

R-brms @2.22.6 (R, science, math, economics)
Bayesian applied regression modelling via RStan

R-brms.mmrm @1.1.1 (R, science, math)
Bayesian MMRMs using R-brms

R-brmsmargins @0.2.0_2 (R, science, math)
Bayesian marginal effects for brms models

R-brnn @0.9.3_1 (R, science)
Bayesian regularization for feed-forward neural networks

R-Brq @3.0_1 (R, science, math)
Bayesian analysis of quantile regression models

R-brr @1.0.0_1 (R, science, math)
Bayesian inference on the ratio of two Poisson rates

R-brxx @0.1.2_2 (R, science, math)
Bayesian test reliability estimation

R-bsitar @0.2.1_1 (R, science, math)
Bayesian super-imposition by translation and rotation growth curve analysis

R-BsMD @2023.920_1 (R, science, math)
Bayes screening and model discrimination

R-bsplinePsd @0.6.0_1 (R, science, math)
Bayesian non-parametric spectral density estimation using b-spline priors

R-bspmma @0.1-2_1 (R, science, math)
Bayesian Semiparametric Models for Meta-Analysis

R-bssm @2.0.2_1 (R, science, math)
Bayesian inference of non-linear and non-Gaussian state space models

R-bsts @0.9.10_1 (R, science, math)
Bayesian Structural Time Series

R-bsvars @3.2 (R, science, economics, math)
Bayesian estimation of structural vector autoregressive models

R-bsynth @1.0 (R, science, math)
Bayesian Synthetic Control

R-BVAR @1.0.5_1 (R, science, math)
Hierarchical Bayesian Vector Autoregression

R-bvarsv @1.1_2 (R, science, math)
Bayesian analysis of a vector autoregressive model with stochastic volatility and time-varying parameters

R-bvartools @0.2.4_1 (R, science, math)
Bayesian inference of vector autoregressive and error correction models

R-BVARverse @0.0.1_1 (R, science, math)
Tidy Bayesian Vector Autoregression

R-bvhar @2.1.2 (R, science, math)
Bayesian Vector Heterogeneous Autoregressive Modelling

R-BVSNLP @1.1.9_2 (R, science, math)
Bayesian variable selection in high-dimensional settings using non-local priors

R-bWGR @2.2.13 (R, science, biology)
Bayesian whole-genome regression

R-bws @0.1.0_4 (R, science)
Bayesian Weighted Sums

R-calibrator @1.2-8_2 (R, science)
Bayesian calibration of complex computer codes

R-CARBayesdata @3.0_1 (R, science)
Data used in the vignettes accompanying the CARBayes and CARBayesST packages

R-cbass @0.1_1 (R, science, math)
Multiclass Classification version of Bayesian Adaptive Smoothing Splines (CBASS)

R-CBnetworkMA @0.1.0_1 (R, science)
Contrast-based Bayesian network meta-analysis

R-CircSpaceTime @0.9.0_1 (R, science, math)
Spatial and spatio-temporal Bayesian model for circular data

R-coalitions @0.6.24_1 (R, science, economics)
Bayesian now-cast estimation of event probabilities in multi-party democracies

R-conformalbayes @0.1.2_2 (R, science, math)
Jackknife predictive intervals for Bayesian models

R-dbarts @0.9-30 (R, science, math)
Discrete Bayesian Additive Regression Trees sampler

R-deconvolveR @1.2-1_1 (R, science, math)
Empirical Bayes estimation strategies

R-deepgp @1.1.3 (R, science, math)
Bayesian Deep Gaussian Processes using MCMC

R-densEstBayes @1.0-2.2_2 (R, science, math)
Density estimation via Bayesian inference engines

R-DFBA @0.1.0_1 (R, science, math)
Distribution-Free Bayesian Analysis

R-dga @2.0.1_1 (R, science, math)
Capture–recapture estimation using Bayesian model averaging

R-DIRECT @1.1.0_1 (R, science, math)
Bayesian clustering of multivariate data under the Dirichlet-process prior

R-dirichletprocess @0.4.2_1 (R, science, math)
Build Dirichlet process objects for Bayesian modelling

R-dlbayes @0.1.0_1 (R, science, math)
Use Dirichlet Laplace prior to solve linear regression problem and do variable selection

R-dlm @1.1-6.1 (R, science, math)
Bayesian and likelihood analysis of dynamic linear models

R-dlmtree @1.0.0 (R, science, math)
Bayesian Treed Distributed Lag Models

R-dynamite @1.5.5 (R, science, math)
Bayesian modeling and causal inference for multivariate longitudinal data

R-easybgm @0.1.2_1 (R, science, math)
Extract and visualize Bayesian graphical models

R-ebdbNet @1.2.8_1 (R, science, math)
Empirical Bayes Estimation of Dynamic Bayesian Networks

R-EBEN @5.2 (R, science, math)
Empirical Bayesian Elastic Net

R-EBglmnet @6.0_1 (R, science, math)
Empirical Bayesian lasso and elastic net methods for generalized linear models

R-ebmstate @0.1.4_1 (R, science, math)
Empirical Bayes Multi-state Cox model

R-ebnm @1.1-2_1 (R, science, math)
Solve the Empirical Bayes Normal Means problem

R-ebreg @0.1.3_2 (R, science, math)
Implementation of the Empirical Bayes method

R-eBsc @4.17_1 (R, science, math)
Empirical Bayes smoothing splines with correlated errors

R-ebTobit @1.0.2_1 (R, science, math)
Empirical Bayesian tobit matrix estimation

R-elhmc @1.2.1 (R, science, math)
Sampling from an Empirical Likelihood Bayesian posterior of parameters using Hamiltonian Monte Carlo

R-emBayes @0.1.6 (R, science, math)
Robust Bayesian variable selection via expectation maximization

R-emulator @1.2-24_1 (R, science)
Bayesian emulation of computer programs

R-evdbayes @1.1-3_2 (R, science, math)
Bayesian analysis in extreme value theory

R-ExGaussEstim @0.1.2_1 (R, science, math)
Quantile maximization likelihood estimation and Bayesian ex-Gaussian estimation

R-extras @0.7.3 (R, science, math)
Helper functions for Bayesian analyses

R-fabMix @5.1_1 (R, science, math)
Overfitting Bayesian mixtures of factor analyzers with parsimonious covariance

R-factorstochvol @1.1.0_1 (R, science, math)
Bayesian estimation of (sparse) latent factor stochastic volatility models

R-FAmle @1.3.7_1 (R, science, math)
Maximum likelihood and Bayesian estimation of univariate probability distributions

R-FAVAR @0.1.3_1 (R, science, math)
Bayesian analysis of a FAVAR model

R-FBMS @1.0_1 (R, science, math)
Flexible Bayesian Model Selection and model averaging

R-fido @1.1.1 (R, science, math)
Bayesian multinomial logistic normal regression

R-flashier @1.0.7_1 (R, science, math)
Empirical Bayes matrix factorization

R-gamselBayes @2.0-1_1 (R, science, math)
Bayesian generalized additive model selection

R-gemtc @1.0-2_1 (R, science, math)
Network meta-analysis using Bayesian methods

R-geostan @0.8.1 (R, science, math)
Bayesian spatial analysis

R-geostatsp @2.0.6_1 (R, science, gis)
Geostatistical modelling with likelihood and Bayes

R-ggmcmc @1.5.1.1_1 (R, science, math, graphics)
Tools for analyzing MCMC simulations from Bayesian inference

R-GLMMselect @1.2.0_1 (R, science, math)
Bayesian model selection for generalized linear mixed models

R-gRaven @1.1.8_1 (R, science, math)
Bayes Nets

R-GroupBN @1.2.0_1 (R, science)
Infer group Bayesian networks via hierarchical feature clustering

R-gsbDesign @1.0-3_1 (R, science)
Group Sequential Bayes Design

R-hbamr @2.3.2 (R, science, math)
Hierarchical Bayesian Aldrich–McKelvey scaling via Stan

R-hBayesDM @1.2.1_2 (R, science, math)
Fit an array of decision-making tasks with computational models in a hierarchical Bayesian framework using Stan

R-hbbr @1.1.2_1 (R, science)
Hierarchical bayesian benefit-risk assessment using discrete choice experiment

R-hdbm @0.9.0_1 (R, science)
High-dimensional Bayesian mediation analysis

R-hdbma @1.0_1 (R, science, math)
Bayesian mediation analysis with high-dimensional data

R-hibayes @3.0.3_1 (R, science, math)
Individual-level, summary-level and single-step Bayesian regression model

R-hmer @1.6.0 (R, science, math)
R package for Bayes linear emulation and history matching

R-HWEintrinsic @1.2.3_1 (R, science, math)
Objective Bayesian testing for the Hardy–Weinberg equilibrium problem

R-jaggR @0.1.1_1 (R, science, math)
Supporting files and functions for the Bayesian Modelling with JAGS

R-jagstargets @1.2.2 (R, science, sysutils, math)
Reproducible Bayesian data analysis pipelines with R-targets and JAGS

R-JMbayes @0.8-85_2 (R, science, math)
Joint modelling of longitudinal and time-to-event data under a Bayesian approach

R-JMbayes2 @0.5-0 (R, science, math)
Network meta-analysis using Bayesian methods

R-kDGLM @1.2.0 (R, science, economics, math)
Bayesian analysis of Dynamic Generalized Linear Models

R-LaplacesDemon @16.1.6_2 (R, science, math)
Complete environment for Bayesian inference

R-lcra @1.1.5_1 (R, science, math)
Bayesian joint latent class and regression models

R-LearnBayes @2.15.1_1 (R, science)
Functions for learning Bayesian inference

R-lestat @1.9_1 (R, science, math)
Some simple objects and functions to do statistics using linear models and a Bayesian framework

R-llbayesireg @1.0.0_2 (R, science, math)
L-logistic Bayesian regression

R-loo @2.8.0 (R, science, math)
Efficient Leave-One-Out Cross-Validation and WAIC for Bayesian Models.

R-MBSP @4.0_1 (R, science, math)
Multivariate Bayesian model with shrinkage priors

R-mbsts @3.0_1 (R, science, math)
Multivariate Bayesian Structural Time Series

R-mBvs @1.92_2 (R, science, math)
Bayesian variable selection methods for multivariate data

R-measr @1.0.0_2 (R, science)
Bayesian psychometric measurement using RStan

R-metaBMA @0.6.9_2 (R, science, math)
Bayesian model averaging for random and fixed effects meta-analysis

R-mHMMbayes @1.1.0_1 (R, science, math)
Multilevel Hidden Markov Models via Bayesian estimation

R-MixSIAR @3.1.12_1 (R, science, math)
Bayesian mixing models in R

R-mlr3mbo @0.2.5 (R, science, math)
Flexible Bayesian optimization

R-mlrMBO @1.1.5.1_1 (R, science, math)
Bayesian optimization and model-based optimization of expensive black-box functions

R-mlsbm @0.99.2_1 (R, science, math)
Efficient estimation of Bayesian SBMs & MLSBMs

R-MMVBVS @0.8.0_1 (R, science, math)
Missing Multivariate Bayesian Variable Selection

R-mombf @3.5.4_1 (R, science, math)
Model selection with Bayesian methods and information criteria

R-monoreg @2.1_2 (R, science, math)
Bayesian monotonic regression using a marked point process construction

R-multilevelcoda @1.3.1 (R, science, math)
Estimate Bayesian multilevel models for compositional data

R-multinma @0.7.2 (R, science, math)
Bayesian network meta-analysis of individual and aggregate data

R-mvst @1.1.1_2 (R, science, math)
Bayesian inference for the multivariate skew-t model

R-MXM @1.5.5_2 (R, science, math)
Feature selection and Bayesian networks

R-naivebayes @1.0.0_1 (R, science, math)
High-performance implementation of the Naïve Bayes algorithm

R-NegBinBetaBinreg @1.0_1 (R, science, math)
Negative Binomial and Beta-binomial Bayesian regression models

R-nftbart @2.1_1 (R, science, math)
Non-parametric failure time Bayesian additive regression trees

R-Nmix @2.0.5_1 (R, science, math)
Bayesian inference on univariate normal mixtures

R-NPflow @0.13.5_2 (R, science)
Bayesian Non-parametrics for automatic gating of flow-cytometry data

R-NPP @0.6.0_1 (R, science, math)
Normalized Power Prior Bayesian analysis

R-OBsMD @12.0 (R, science, math)
Objective Bayesian model discrimination in follow-up designs

R-ordbetareg @0.7.2 (R, science, math)
Understand and describe Bayesian models and posterior distributions

R-pchc @1.3 (R, science, math)
Bayesian network learning with the PCHC

R-pcnetmeta @2.8_1 (R, science)
Bayesian arm-based network meta-analysis for datasets with binary, continuous and count outcomes

R-PLMIX @2.1.1_1 (R, science, math)
Bayesian analysis of finite mixtures of Plackett–Luce models for partial rankings/orderings

R-pqrBayes @1.0.2_1 (R, science, math)
Bayesian penalized quantile regression

R-PReMiuM @3.2.13_1 (R, science, math)
Dirichlet process Bayesian clustering, profile regression

R-ProbBayes @1.1_1 (R, science)
Functions and datasets to accompany Probability and Bayesian Modeling (2019)

R-psborrow @0.2.1_1 (R, science, finance)
Bayesian dynamic borrowing with propensity score

R-publipha @0.1.2_4 (R, science, math)
Bayesian meta-analysis with publications bias and p-hacking

R-r.blip @1.1_1 (R, science, math)
Bayesian network learning improved project

R-R2BayesX @1.1-5_1 (R, science, math)
Estimate structured additive regression models with BayesX

R-ra4bayesmeta @1.0-8_1 (R, science)
Reference analysis for Bayesian meta-analysis

R-rBayesianOptimization @1.2.1_1 (R, science, math)
Bayesian optimization of hyperparameters

R-RBesT @1.7-4 (R, science, math)
R Bayesian Evidence Synthesis Tools

R-rbmn @0.9-6_1 (R, science, math)
Handling of linear Gaussian Bayesian networks

R-REBayes @2.56 (R, science, math)
Empirical Bayes Estimation and Inference

R-revdbayes @1.5.5 (R, science, math)
Ratio-of-uniforms sampling for bayesian extreme value analysis

R-rjags @4-16 (R, science, math)
Bayesian graphical models using MCMC

R-Rlgt @0.2-2 (R, science, math)
Bayesian exponential smoothing models with trend modifications

R-rmBayes @0.1.16_2 (R, science, math)
Performing Bayesian inference for repeated-measures designs

R-rmsb @1.1-1 (R, science, math)
Bayesian Regression Modelling Strategies

R-rnmamod @0.4.0_1 (R, science, math)
Bayesian network meta-analysis with missing participants

R-RoBMA @3.2.0 (R, science, math)
Robust Bayesian Meta-Analyses

R-RoBSA @1.0.2_1 (R, science, math)
Robust Bayesian survival analysis

R-RoBTT @1.3.1 (R, science, math)
Robust Bayesian t-test

R-RobustBayesianCopas @2.0_2 (R, science, math)
Robust Bayesian Copas selection model

R-robustBLME @0.1.3_1 (R, science, math)
Robust Bayesian linear mixed-effects models using ABC

R-robustsae @0.1.0_1 (R, science, math)
Robust Bayesian Small Area Estimation

R-RprobitB @1.1.4_1 (R, science, economics)
Bayesian Probit choice modelling

R-rrum @0.2.1_1 (R, science)
Bayesian estimation of the reduced reparameterized unified model with Gibbs sampling

R-RSGHB @1.2.2_2 (R, science, math)
Functions for hierarchical Bayesian estimation: a flexible approach

R-rstanarm @2.32.1_2 (R, science, math)
Bayesian applied regression modeling via Stan

R-SBICgraph @1.0.0_1 (R, science, math)
Structural Bayesian information criterion for graphical models

R-SeBR @1.0.0_1 (R, science, math)
Semi-parametric Bayesian regression analysis

R-SequenceSpikeSlab @1.0.1_1 (R, science, math)
Exact Bayesian model selection methods for the sparse normal sequence model

R-shinystan @2.6.0_2 (R, science, math)
Interactive visual and numerical diagnostics and posterior analysis for Bayesian models.

R-sparsevb @0.1.0_2 (R, science, math)
Spike-and-slab Variational Bayes for linear and logistic regression

R-spatialprobit @1.0.4_1 (R, science, economics)
Bayesian estimation of spatial Probit and Tobit models

R-spBayes @0.4-8 (R, science, math)
Univariate and multivariate spatial-temporal modelling

R-spBFA @1.3_1 (R, science, math)
Spatial Bayesian Factor Analysis

R-spikeSlabGAM @1.1-19_1 (R, science, math)
Bayesian variable selection and model choice for generalized additive mixed models

R-spTimer @3.3.3 (R, science, math, gis)
Spatio-temporal Bayesian modelling

R-ssgraph @1.15_2 (R, science, math)
Bayesian graph structure learning using spike-and-slab priors

R-SSNbayes @0.0.3_1 (R, science, math)
Bayesian spatio-temporal analysis in stream networks

R-stan4bart @0.0-10 (R, science, math)
Uses Stan sampler and math library to semi-parametrically fit linear and multi-level models with additive Bayesian Additive Regression Tree (BART) components

R-STAREG @1.0.3_1 (R, science)
Empirical Bayes approach for replicability analysis across two studies

R-stochvol @3.2.5 (R, science, math)
Efficient Bayesian inference for stochastic volatility (SV) models

R-telescope @0.1-0 (R, science, math)
Bayesian mixtures with an unknown number of components

R-tgp @2.4-23 (R, science, math)
Bayesian Treed Gaussian Process models

R-tidybayes @3.0.7 (R, science, math)
Tidy data and Geoms for Bayesian models

R-tidyposterior @1.0.1_1 (R, science, math)
Bayesian analysis to compare models using resampling statistics

R-truelies @0.2.0_1 (R, science, math)
Bayesian methods to estimate the proportion of liars in coin flip experiments

R-truncnormbayes @0.0.3_2 (R, science, math)
Estimates moments for a truncated normal distribution via Stan

R-universals @0.0.5.9000_1 (R, science, math)
S3 generics for Bayesian analyses

R-UPG @0.3.4_1 (R, science, math)
Efficient Bayesian algorithms for binary and categorical data regression models

R-varbvs @2.6-10_1 (R, science, math)
Large-scale Bayesian variable selection using variational methods

R-walker @1.0.10 (R, science, math)
Bayesian generalized linear models with time-varying coefficients

R-yodel @1.0.0_1 (R, science, math)
General Bayesian model averaging helper

R-zic @0.9.1_1 (R, science, math)
Bayesian inference for zero-inflated count models

R-zoib @1.6_1 (R, science, math)
Bayesian inference for beta regression and zero-or-one inflated beta regression

R-zoid @1.3.1_2 (R, science, math)
Bayesian Zero-and-One Inflated Dirichlet regression modelling

spamprobe @1.2a_2 (mail)
Spam detector that uses Bayesian analysis

stan @2.35.0 (math)
C++ package for Bayesian inference, maximum likelihood estimation etc.

Found 359 ports.
