p5-digest-crc @0.240.0 (perl)
Generic CRC functions

p5-string-crc32 @2.100.0 (perl)
Perl interface for cyclic redundency check generation

p5.28-digest-crc @0.240.0 (perl)
Generic CRC functions

p5.28-string-crc32 @2.100.0 (perl)
Perl interface for cyclic redundency check generation

p5.30-digest-crc @0.240.0 (perl)
Generic CRC functions

p5.30-string-crc32 @2.100.0 (perl)
Perl interface for cyclic redundency check generation

p5.32-digest-crc @0.240.0 (perl)
Generic CRC functions

p5.32-string-crc32 @2.100.0 (perl)
Perl interface for cyclic redundency check generation

p5.34-digest-crc @0.240.0 (perl)
Generic CRC functions

p5.34-string-crc32 @2.100.0 (perl)
Perl interface for cyclic redundency check generation

py-crc32c @2.8 (python, devel)
A python package implementing the crc32c algorithm in hardware and software.

py-crcmod @1.7 (python)
Python module for creating functions computing the Cyclic Redundancy Check (CRC).

py-google-crc32c @1.7.1 (python, devel)
Python wrapper of Google CRC32C library

py-yenc @0.4.0 (python)
provides raw yEnc encoding/decoding with crc32 calculation

py27-yenc @0.4.0 (python)
provides raw yEnc encoding/decoding with crc32 calculation

py39-crcmod @1.7 (python)
Python module for creating functions computing the Cyclic Redundancy Check (CRC).

py310-crc32c @2.8 (python, devel)
A python package implementing the crc32c algorithm in hardware and software.

py310-crcmod @1.7 (python)
Python module for creating functions computing the Cyclic Redundancy Check (CRC).

py310-google-crc32c @1.7.1 (python, devel)
Python wrapper of Google CRC32C library

py311-crc32c @2.8 (python, devel)
A python package implementing the crc32c algorithm in hardware and software.

py311-crcmod @1.7 (python)
Python module for creating functions computing the Cyclic Redundancy Check (CRC).

py311-google-crc32c @1.7.1 (python, devel)
Python wrapper of Google CRC32C library

py312-crc32c @2.8 (python, devel)
A python package implementing the crc32c algorithm in hardware and software.

py312-crcmod @1.7 (python)
Python module for creating functions computing the Cyclic Redundancy Check (CRC).

py312-google-crc32c @1.7.1 (python, devel)
Python wrapper of Google CRC32C library

py313-crc32c @2.8 (python, devel)
A python package implementing the crc32c algorithm in hardware and software.

py313-crcmod @1.7 (python)
Python module for creating functions computing the Cyclic Redundancy Check (CRC).

py313-google-crc32c @1.7.1 (python, devel)
Python wrapper of Google CRC32C library

py314-crc32c @2.8 (python, devel)
A python package implementing the crc32c algorithm in hardware and software.

py314-crcmod @1.7 (python)
Python module for creating functions computing the Cyclic Redundancy Check (CRC).

R-crc32c @0.0.2_1 (R, science)
Cyclic redundancy check with CPU-specific acceleration

R-crch @1.2-1 (R, science, math)
Censored Regression with Conditional Heteroscedasticity

R-crctStepdown @0.5.2_2 (R, science, math)
Univariate analysis of cluster trials with multiple outcomes

scrcpy @3.3 (multimedia)
Display and control your Android device

Found 34 ports.
