flann @1.9.2_3 (science, devel)
Fast Library for Approximate Nearest Neighbors

libANN @1.1.2_1 (science, devel)
A Library for Approximate Nearest Neighbor Searching

nanoflann @1.7.1 (math, science)
A C++11 header-only library for Nearest Neighbor (NN) search wih KD-trees

py-annoy @1.17.3 (python, devel)
Approximate Nearest Neighbors in C++/Python

py-pynndescent @0.6.0 (python, math)
Nearest Neighbor Descent

py-scikits-ann @0.2_1 (python, science)
scikits.ann is a SWIG python wrapper for the Approximate Nearest Neighbor (ANN) Library

py27-scikits-ann @0.2_1 (python, science)
scikits.ann is a SWIG python wrapper for the Approximate Nearest Neighbor (ANN) Library

py312-annoy @1.17.3 (python, devel)
Approximate Nearest Neighbors in C++/Python

py313-annoy @1.17.3 (python, devel)
Approximate Nearest Neighbors in C++/Python

py313-pynndescent @0.6.0 (python, math)
Nearest Neighbor Descent

R-BiocNeighbors @1.22.0 (R, science, bioconductor)
Nearest neighbor detection for Bioconductor packages

R-dann @1.0.0_1 (R, science, math)
Discriminant-Adaptive Nearest Neighbor classification

R-FNN @1.1.4.1 (R, science, math)
Fast Nearest Neighbor search algorithms and applications

R-jenga @1.3.0_1 (R, science, math)
Fast extrapolation of time features using k-nearest neighbors

R-KernelKnn @1.1.5_2 (R, science, math)
Kernel k-nearest neighbors

R-kknn @1.3.1_2 (R, science, math)
Weighted k-nearest neighbors

R-knnmi @1.0_1 (R, science, math)
k-Nearest Neighbor Mutual Information estimator

R-nabor @0.5.0_2 (R, science, math)
R package wrapping libnabo: fast k nearest neighbor search for low dimensions

R-neighbr @1.0.3_1 (R, science)
Classification, regression, clustering with k-nearest neighbors

R-nna @0.0.2.1_1 (R, science, math)
Nearest-Neighbor Analysis

R-RcppAnnoy @0.0.22_1 (R, science)
Rcpp bindings for Annoy, a library for approximate nearest neighbors

R-RcppHNSW @0.6.0_1 (R, science)
Rcpp bindings for the approximate nearest neighbors library hnswlib

R-Rnanoflann @0.0.3_1 (R, science, math)
Extremely fast nearest neighbor search

R-rnndescent @0.1.6 (R, science, math)
Nearest neighbor descent method for approximate nearest neighbors

R-Rtsne @0.17_1 (R, science, math)
T-distributed stochastic neighbor embedding using a Barnes–Hut implementation

R-SKNN @4.0 (R, science, math)
Super K-Nearest Neighbor (SKNN) classification algorithm

R-spNNGP @1.0.1 (R, science, math)
Spatial regression models for large datasets using nearest neighbor Gaussian processes

R-tsfknn @0.6.0_1 (R, science, math)
Time series forecasting using nearest neighbors

R-yaImpute @1.0-34.1 (R, science, math)
Nearest-neighbor observation imputation and evaluation tools

Found 29 ports.
