adwaita-icon-theme @44.0_1 (gnome)
Adwaita icon theme

archimedes @2.0.1 (science)
semiconductor design tool

asitop @0.0.24_3 (sysutils, python)
Performance monitoring CLI tool for Apple Silicon

ciment-icons @200909 (kde, kf5, gnome)
Ciment for KDE

cl-babel @0.5.0 (lisp, devel)
Babel is a charset encoding/decoding library, not unlike GNU libiconv, written in pure Common Lisp.

cl-parachute @20241105 (lisp, devel)
Common lisp implementation of unicode normalization functions

cl-ppcre-unicode @2.1.2 (lisp, devel)
Portable Perl-compatible regular expressions for Common Lisp

cl-uax-15 @0.1.3 (lisp, devel)
Common lisp implementation of unicode normalization functions

cl-unicode @0.1.6_1 (lisp, devel)
Portable Unicode library for Common Lisp

courier-unicode @2.3.0 (devel, mail)
Courier Unicode Library implements several algorithms related to the Unicode Standard

dcm2niix @1.0.20250506 (science)
DICOM to NifTI converter

dcmtk @3.7.0 (graphics)
The DICOM Toolkit.

dcmtk-static @3.7.0 (graphics)
The DICOM Toolkit.

desklaunch @1.1.8 (x11)
DeskLaunch is a small utility for creating desktop icons.

efont-unicode @0.4.2_1 (x11, fonts)
efont Unicode Bitmap Fonts

folderify @4.1.1 (sysutils, amusements)
Generate pretty, beveled macOS folder icons

fribidi @1.0.16 (textproc)
Free Implementation of the Unicode BiDi algorithm

gdcm @3.2.2 (science, graphics)
a C++ library for DICOM medical files

gdcm2 @2.8.9_5 (science, graphics)
a C++ library for DICOM medical files

gucharmap @15.0.4 (gnome)
gucharmap is a featureful unicode character map.

hicolor-icon-theme @0.18 (gnome)
A default fallback theme.

hunspell-dict-es_MX @2005-05-05 (textproc)
Spanish (Mexico) dictionary for hunspell

icns-gimp @0.1_3 (graphics)
Gimp file format plug-in for Macintosh icon files (.icns)

ico @1.0.5 (x11, graphics)
Animate an icosahedron or other polyhedron

icoconvert @2.0_1 (graphics)
convert Windows .ico icon files into .xpm and .png files

icompile @0.5.7_1 (devel)
icompile is an autocompile tool for C++ projects

icon @9.5.25a (lang)
The Icon Programming Language

icon-naming-utils @0.8.90_7 (gnome)
An icon naming utility

icoutils @0.32.3_1 (graphics)
Programs for extracting and converting Windows icons

icu @76.1 (devel, textproc)
International Components for Unicode

icu-devel @78.2 (devel, textproc)
International Components for Unicode

icu-devel-docs @78.2 (devel, textproc)
International Components for Unicode (documentation)

icu-docs @76.1 (devel, textproc)
International Components for Unicode (documentation)

icu58 @58.3_1 (devel, textproc)
International Components for Unicode -- Legacy Version

lexicon_select @0.1_2 (python)
common files for selecting default lexicon version

libdicom @1.2.0 (science)
C library and tools for reading DICOM data sets

libgrapheme @3.0.0 (textproc)
extremely simple freestanding C99 library providing utilities for properly handling strings according to the latest Unicode standard

libiconv @1.17 (textproc)
Character set conversion library

libLASi @1.1.3_1 (print)
unicode PostScript printing engine

liblightgrep @1.5.0_1 (devel)
Search for regular expressions as defined in Unicode Technical Standard 18

liblinebreak @2.0 (devel)
Unicode linebreak library

libticonv @1.1.5 (math)
TILibs

libtranscript @0.3.3 (devel, textproc)
libtranscript is a character-set conversion library, much like the iconv set of functions.

libu2f-host @1.1.10 (security)
Yubico Universal 2nd Factor (U2F) Host C Library

libu2f-server @1.1.0_4 (security)
Yubico Universal 2nd Factor (U2F) Server C Library

libuninameslist @20230916 (devel, textproc)
A Library of Unicode annotation data

libuninum @2.7_1 (textproc)
library for converting Unicode strings to numbers and vice versa

libunistring @1.4.1 (textproc)
library for manipulating Unicode strings

libutf8proc @2.11.3 (textproc)
library for processing UTF-8 encoded Unicode strings

lua-ansicolors @1.0.2 (lua, devel)
Ansicolors is a simple Lua function for printing to the console in color

lua51-ansicolors @1.0.2 (lua, devel)
Ansicolors is a simple Lua function for printing to the console in color

lua52-ansicolors @1.0.2 (lua, devel)
Ansicolors is a simple Lua function for printing to the console in color

lua53-ansicolors @1.0.2 (lua, devel)
Ansicolors is a simple Lua function for printing to the console in color

lua54-ansicolors @1.0.2 (lua, devel)
Ansicolors is a simple Lua function for printing to the console in color

m1ddc @1.2.0 (sysutils)
Controls external displays using DDC/CI on Apple Silicon Macs

macmon @0.6.1 (sysutils)
Sudoless performance monitoring CLI tool for Apple Silicon processors

mactop @2.0.8 (sysutils)
Apple Silicon Monitor Top written in Golang

mate-icons @1.12.0 (kde, kf5, gnome)
the official icon themes from the Mate desktop

mico @2.3.13_6 (devel)
Fully compliant CORBA implementation

minicom @2.10 (comms)
Menu driven communications program

mp3unicode @1.2.1 (audio)
A command line utility to convert ID3 tags in mp3 files between different encodings

mutationpp @1.0.5 (science)
The MUlticomponent Thermodynamic And Transport library for IONized gases in C++

nano @8.7 (editors)
Nano is ANOther editor - enhanced free Pico Clone

nicotine-plus @3.3.6 (www, p2p, python)
Nicotine+ is a graphical client for the Soulseek peer-to-peer network

ocaml-parmap @1.2.5 (ocaml, devel)
Parmap is a library for multicore architecture for OCaml programs

ocaml-sedlex @3.3 (ocaml, devel)
Unicode-friendly lexer generator for OCaml

ocaml-ulex @1.2_1 (ocaml, devel, textproc)
lexer generator for Unicode and OCaml

ocaml-unidecode @0.4.0 (ocaml, devel)
Convert unicode strings into its ASCII representation

ocaml-uucp @15.1.0 (ocaml, textproc)
Unicode character properties for OCaml

ocaml-uunf @15.1.0 (ocaml, textproc)
Unicode text normalization for OCaml

ocaml-uuseg @15.1.0 (ocaml, textproc)
Unicode text segmentation for OCaml

ocaml-uutf @1.0.3 (ocaml, devel)
Non-blocking streaming Unicode codec for OCaml

octave-control @4.2.1 (octave, math, science)
Computer-Aided Control System Design (CACSD) Tools for GNU Octave, based on the SLICOT Library.

octave-dicom @0.7.1_1 (octave, math, science)
Digital communications in medicine (DICOM) file io.

octave-secs1d @0.0.9_5 (octave, math, science)
A Drift-Diffusion simulator for 1d semiconductor devices.

omnicompiler @1.3.1 (lang, devel, parallel)
code transformation compilers for C, Fortran and OpenACC

OSXdg-icons @3.10 (kde, kf5, gnome)
MBuntu-OSX icon theme for XDG/Freedesktop (Gnome or KDE)

osxiconutils @2020.08.04 (sysutils)
A suite of command line utilities for working with Mac icons

oxygen-icons @4.14.3 (kde, kde4)
Oxygen icon theme

p5-auth-yubikey_webclient @4.20.0 (perl)
Authenticating the Yubikey against the Yubico Web API

p5-html-wikiconverter @0.680.0_3 (perl)
Convert HTML to wiki markup

p5-html-wikiconverter-confluence @0.10.0_2 (perl)
HTML::WikiConverter::Confluence - Convert Confluence wiki markup

p5-html-wikiconverter-dokuwiki @0.530.0_2 (perl)
HTML::WikiConverter::DokuWiki - Convert DokuWiki markup

p5-html-wikiconverter-googlecode @0.120.0_2 (perl)
HTML::WikiConverter::GoogleCode - Convert Google Code wiki markup

p5-html-wikiconverter-kwiki @0.510.0_2 (perl)
HTML::WikiConverter::Kwiki - Convert Kwiki markup

p5-html-wikiconverter-markdown @0.60.0 (perl)
HTML::WikiConverter::Markdown - Convert Markdown markup

p5-html-wikiconverter-mediawiki @0.590.0_2 (perl)
HTML::WikiConverter::MediaWiki - Convert MediaWiki markup

p5-html-wikiconverter-moinmoin @0.540.0_2 (perl)
HTML::WikiConverter::MoinMoin - Convert MoinMoin wiki markup

p5-html-wikiconverter-multimarkdown @0.20.0_2 (perl)
HTML::WikiConverter::MultiMarkdown - Convert MultiMarkdown markup

p5-html-wikiconverter-oddmuse @0.520.0_2 (perl)
HTML::WikiConverter::Oddmuse - Convert Oddmuse wiki markup

p5-html-wikiconverter-pbwiki @0.10.0_2 (perl)
HTML::WikiConverter::PbWiki - Convert PbWiki markup

p5-html-wikiconverter-phpwiki @0.510.0_2 (perl)
HTML::WikiConverter::PhpWiki - Convert PhpWiki markup

p5-html-wikiconverter-pmwiki @0.510.0_2 (perl)
HTML::WikiConverter::PmWiki - Convert PmWiki markup

p5-html-wikiconverter-snipsnap @0.500.0_2 (perl)
HTML::WikiConverter::SnipSnap - Convert SnipSnap wiki markup

p5-html-wikiconverter-xwiki @0.20.0_2 (perl)
HTML::WikiConverter::XWiki - Convert XWiki markup

p5-locale-maketext-lexicon @1.0.0 (perl)
Use other catalog formats in Maketext.

p5-locale-maketext-simple @0.210.0_3 (perl)
Simple interface to Locale::Maketext::Lexicon.

p5-term-ansicolor @5.10.0 (perl)
Term::ANSIColor - Color screen output using ANSI escape sequences

p5-text-iconv @1.700.0 (perl)
Perl interface to iconv() codeset conversion function

p5-text-unidecode @1.300.0 (perl)
Text::Unidecode -- plain ASCII transliterations of Unicode text

p5-unicode-checkutf8 @1.30.0 (perl)
Unicode::CheckUTF8 - checks if scalar is valid UTF-8

p5-unicode-collate @1.310.0 (perl)
Unicode Collation Algorithm

p5-unicode-eastasianwidth @12.0.0 (perl)
Unicode::EastAsianWidth - East Asian Width properties

p5-unicode-escape @0.0.2 (perl)
Escape and unescape Unicode characters

p5-unicode-linebreak @2019.1.0_1 (perl)
Unicode::LineBreak - UAX #14 Unicode Line Breaking Algorithm

p5-unicode-normalize @1.260.0 (perl)
Unicode::Normalize - Unicode Normalization Forms

p5-unicode-string @2.100.0 (perl)
String of Unicode characters (UCS2/UTF16)

p5-unicode-utf8 @0.630.0 (perl)
Unicode::UTF8 - Encoding and decoding of UTF-8 encoding form

p5-utf8-all @0.26.0 (perl)
utf8::all - turn on Unicode - all of it

p5.28-auth-yubikey_webclient @4.20.0 (perl)
Authenticating the Yubikey against the Yubico Web API

p5.28-html-wikiconverter @0.680.0_3 (perl)
Convert HTML to wiki markup

p5.28-html-wikiconverter-confluence @0.10.0_2 (perl)
HTML::WikiConverter::Confluence - Convert Confluence wiki markup

p5.28-html-wikiconverter-dokuwiki @0.530.0_2 (perl)
HTML::WikiConverter::DokuWiki - Convert DokuWiki markup

p5.28-html-wikiconverter-googlecode @0.120.0_2 (perl)
HTML::WikiConverter::GoogleCode - Convert Google Code wiki markup

p5.28-html-wikiconverter-kwiki @0.510.0_2 (perl)
HTML::WikiConverter::Kwiki - Convert Kwiki markup

p5.28-html-wikiconverter-markdown @0.60.0 (perl)
HTML::WikiConverter::Markdown - Convert Markdown markup

p5.28-html-wikiconverter-mediawiki @0.590.0_2 (perl)
HTML::WikiConverter::MediaWiki - Convert MediaWiki markup

p5.28-html-wikiconverter-moinmoin @0.540.0_2 (perl)
HTML::WikiConverter::MoinMoin - Convert MoinMoin wiki markup

p5.28-html-wikiconverter-multimarkdown @0.20.0_2 (perl)
HTML::WikiConverter::MultiMarkdown - Convert MultiMarkdown markup

p5.28-html-wikiconverter-oddmuse @0.520.0_2 (perl)
HTML::WikiConverter::Oddmuse - Convert Oddmuse wiki markup

p5.28-html-wikiconverter-pbwiki @0.10.0_2 (perl)
HTML::WikiConverter::PbWiki - Convert PbWiki markup

p5.28-html-wikiconverter-phpwiki @0.510.0_2 (perl)
HTML::WikiConverter::PhpWiki - Convert PhpWiki markup

p5.28-html-wikiconverter-pmwiki @0.510.0_2 (perl)
HTML::WikiConverter::PmWiki - Convert PmWiki markup

p5.28-html-wikiconverter-snipsnap @0.500.0_2 (perl)
HTML::WikiConverter::SnipSnap - Convert SnipSnap wiki markup

p5.28-html-wikiconverter-xwiki @0.20.0_2 (perl)
HTML::WikiConverter::XWiki - Convert XWiki markup

p5.28-locale-maketext-lexicon @1.0.0 (perl)
Use other catalog formats in Maketext.

p5.28-locale-maketext-simple @0.210.0_3 (perl)
Simple interface to Locale::Maketext::Lexicon.

p5.28-term-ansicolor @5.10.0 (perl)
Term::ANSIColor - Color screen output using ANSI escape sequences

p5.28-text-iconv @1.700.0 (perl)
Perl interface to iconv() codeset conversion function

p5.28-text-unidecode @1.300.0 (perl)
Text::Unidecode -- plain ASCII transliterations of Unicode text

p5.28-unicode-checkutf8 @1.30.0 (perl)
Unicode::CheckUTF8 - checks if scalar is valid UTF-8

p5.28-unicode-collate @1.310.0 (perl)
Unicode Collation Algorithm

p5.28-unicode-eastasianwidth @12.0.0 (perl)
Unicode::EastAsianWidth - East Asian Width properties

p5.28-unicode-escape @0.0.2 (perl)
Escape and unescape Unicode characters

p5.28-unicode-linebreak @2019.1.0_1 (perl)
Unicode::LineBreak - UAX #14 Unicode Line Breaking Algorithm

p5.28-unicode-normalize @1.260.0 (perl)
Unicode::Normalize - Unicode Normalization Forms

p5.28-unicode-string @2.100.0 (perl)
String of Unicode characters (UCS2/UTF16)

p5.28-unicode-utf8 @0.630.0 (perl)
Unicode::UTF8 - Encoding and decoding of UTF-8 encoding form

p5.28-utf8-all @0.26.0 (perl)
utf8::all - turn on Unicode - all of it

p5.30-auth-yubikey_webclient @4.20.0 (perl)
Authenticating the Yubikey against the Yubico Web API

p5.30-html-wikiconverter @0.680.0_3 (perl)
Convert HTML to wiki markup

p5.30-html-wikiconverter-confluence @0.10.0_2 (perl)
HTML::WikiConverter::Confluence - Convert Confluence wiki markup

p5.30-html-wikiconverter-dokuwiki @0.530.0_2 (perl)
HTML::WikiConverter::DokuWiki - Convert DokuWiki markup

p5.30-html-wikiconverter-googlecode @0.120.0_2 (perl)
HTML::WikiConverter::GoogleCode - Convert Google Code wiki markup

p5.30-html-wikiconverter-kwiki @0.510.0_2 (perl)
HTML::WikiConverter::Kwiki - Convert Kwiki markup

p5.30-html-wikiconverter-markdown @0.60.0 (perl)
HTML::WikiConverter::Markdown - Convert Markdown markup

p5.30-html-wikiconverter-mediawiki @0.590.0_2 (perl)
HTML::WikiConverter::MediaWiki - Convert MediaWiki markup

p5.30-html-wikiconverter-moinmoin @0.540.0_2 (perl)
HTML::WikiConverter::MoinMoin - Convert MoinMoin wiki markup

p5.30-html-wikiconverter-multimarkdown @0.20.0_2 (perl)
HTML::WikiConverter::MultiMarkdown - Convert MultiMarkdown markup

p5.30-html-wikiconverter-oddmuse @0.520.0_2 (perl)
HTML::WikiConverter::Oddmuse - Convert Oddmuse wiki markup

p5.30-html-wikiconverter-pbwiki @0.10.0_2 (perl)
HTML::WikiConverter::PbWiki - Convert PbWiki markup

p5.30-html-wikiconverter-phpwiki @0.510.0_2 (perl)
HTML::WikiConverter::PhpWiki - Convert PhpWiki markup

p5.30-html-wikiconverter-pmwiki @0.510.0_2 (perl)
HTML::WikiConverter::PmWiki - Convert PmWiki markup

p5.30-html-wikiconverter-snipsnap @0.500.0_2 (perl)
HTML::WikiConverter::SnipSnap - Convert SnipSnap wiki markup

p5.30-html-wikiconverter-xwiki @0.20.0_2 (perl)
HTML::WikiConverter::XWiki - Convert XWiki markup

p5.30-locale-maketext-lexicon @1.0.0 (perl)
Use other catalog formats in Maketext.

p5.30-locale-maketext-simple @0.210.0_3 (perl)
Simple interface to Locale::Maketext::Lexicon.

p5.30-term-ansicolor @5.10.0 (perl)
Term::ANSIColor - Color screen output using ANSI escape sequences

p5.30-text-iconv @1.700.0 (perl)
Perl interface to iconv() codeset conversion function

p5.30-text-unidecode @1.300.0 (perl)
Text::Unidecode -- plain ASCII transliterations of Unicode text

p5.30-unicode-checkutf8 @1.30.0 (perl)
Unicode::CheckUTF8 - checks if scalar is valid UTF-8

p5.30-unicode-collate @1.310.0 (perl)
Unicode Collation Algorithm

p5.30-unicode-eastasianwidth @12.0.0 (perl)
Unicode::EastAsianWidth - East Asian Width properties

p5.30-unicode-escape @0.0.2 (perl)
Escape and unescape Unicode characters

p5.30-unicode-linebreak @2019.1.0_1 (perl)
Unicode::LineBreak - UAX #14 Unicode Line Breaking Algorithm

p5.30-unicode-normalize @1.260.0 (perl)
Unicode::Normalize - Unicode Normalization Forms

p5.30-unicode-string @2.100.0 (perl)
String of Unicode characters (UCS2/UTF16)

p5.30-unicode-utf8 @0.630.0 (perl)
Unicode::UTF8 - Encoding and decoding of UTF-8 encoding form

p5.30-utf8-all @0.26.0 (perl)
utf8::all - turn on Unicode - all of it

p5.32-auth-yubikey_webclient @4.20.0 (perl)
Authenticating the Yubikey against the Yubico Web API

p5.32-html-wikiconverter @0.680.0_3 (perl)
Convert HTML to wiki markup

p5.32-html-wikiconverter-confluence @0.10.0_2 (perl)
HTML::WikiConverter::Confluence - Convert Confluence wiki markup

p5.32-html-wikiconverter-dokuwiki @0.530.0_2 (perl)
HTML::WikiConverter::DokuWiki - Convert DokuWiki markup

p5.32-html-wikiconverter-googlecode @0.120.0_2 (perl)
HTML::WikiConverter::GoogleCode - Convert Google Code wiki markup

p5.32-html-wikiconverter-kwiki @0.510.0_2 (perl)
HTML::WikiConverter::Kwiki - Convert Kwiki markup

p5.32-html-wikiconverter-markdown @0.60.0 (perl)
HTML::WikiConverter::Markdown - Convert Markdown markup

p5.32-html-wikiconverter-mediawiki @0.590.0_2 (perl)
HTML::WikiConverter::MediaWiki - Convert MediaWiki markup

p5.32-html-wikiconverter-moinmoin @0.540.0_2 (perl)
HTML::WikiConverter::MoinMoin - Convert MoinMoin wiki markup

p5.32-html-wikiconverter-multimarkdown @0.20.0_2 (perl)
HTML::WikiConverter::MultiMarkdown - Convert MultiMarkdown markup

p5.32-html-wikiconverter-oddmuse @0.520.0_2 (perl)
HTML::WikiConverter::Oddmuse - Convert Oddmuse wiki markup

p5.32-html-wikiconverter-pbwiki @0.10.0_2 (perl)
HTML::WikiConverter::PbWiki - Convert PbWiki markup

p5.32-html-wikiconverter-phpwiki @0.510.0_2 (perl)
HTML::WikiConverter::PhpWiki - Convert PhpWiki markup

p5.32-html-wikiconverter-pmwiki @0.510.0_2 (perl)
HTML::WikiConverter::PmWiki - Convert PmWiki markup

p5.32-html-wikiconverter-snipsnap @0.500.0_2 (perl)
HTML::WikiConverter::SnipSnap - Convert SnipSnap wiki markup

p5.32-html-wikiconverter-xwiki @0.20.0_2 (perl)
HTML::WikiConverter::XWiki - Convert XWiki markup

p5.32-locale-maketext-lexicon @1.0.0 (perl)
Use other catalog formats in Maketext.

p5.32-locale-maketext-simple @0.210.0_3 (perl)
Simple interface to Locale::Maketext::Lexicon.

p5.32-term-ansicolor @5.10.0 (perl)
Term::ANSIColor - Color screen output using ANSI escape sequences

p5.32-text-iconv @1.700.0 (perl)
Perl interface to iconv() codeset conversion function

p5.32-text-unidecode @1.300.0 (perl)
Text::Unidecode -- plain ASCII transliterations of Unicode text

p5.32-unicode-checkutf8 @1.30.0 (perl)
Unicode::CheckUTF8 - checks if scalar is valid UTF-8

p5.32-unicode-collate @1.310.0 (perl)
Unicode Collation Algorithm

p5.32-unicode-eastasianwidth @12.0.0 (perl)
Unicode::EastAsianWidth - East Asian Width properties

p5.32-unicode-escape @0.0.2 (perl)
Escape and unescape Unicode characters

p5.32-unicode-linebreak @2019.1.0_1 (perl)
Unicode::LineBreak - UAX #14 Unicode Line Breaking Algorithm

p5.32-unicode-normalize @1.260.0 (perl)
Unicode::Normalize - Unicode Normalization Forms

p5.32-unicode-string @2.100.0 (perl)
String of Unicode characters (UCS2/UTF16)

p5.32-unicode-utf8 @0.630.0 (perl)
Unicode::UTF8 - Encoding and decoding of UTF-8 encoding form

p5.32-utf8-all @0.26.0 (perl)
utf8::all - turn on Unicode - all of it

p5.34-auth-yubikey_webclient @4.20.0 (perl)
Authenticating the Yubikey against the Yubico Web API

p5.34-html-wikiconverter @0.680.0_3 (perl)
Convert HTML to wiki markup

p5.34-html-wikiconverter-confluence @0.10.0_2 (perl)
HTML::WikiConverter::Confluence - Convert Confluence wiki markup

p5.34-html-wikiconverter-dokuwiki @0.530.0_2 (perl)
HTML::WikiConverter::DokuWiki - Convert DokuWiki markup

p5.34-html-wikiconverter-googlecode @0.120.0_2 (perl)
HTML::WikiConverter::GoogleCode - Convert Google Code wiki markup

p5.34-html-wikiconverter-kwiki @0.510.0_2 (perl)
HTML::WikiConverter::Kwiki - Convert Kwiki markup

p5.34-html-wikiconverter-markdown @0.60.0 (perl)
HTML::WikiConverter::Markdown - Convert Markdown markup

p5.34-html-wikiconverter-mediawiki @0.590.0_2 (perl)
HTML::WikiConverter::MediaWiki - Convert MediaWiki markup

p5.34-html-wikiconverter-moinmoin @0.540.0_2 (perl)
HTML::WikiConverter::MoinMoin - Convert MoinMoin wiki markup

p5.34-html-wikiconverter-multimarkdown @0.20.0_2 (perl)
HTML::WikiConverter::MultiMarkdown - Convert MultiMarkdown markup

p5.34-html-wikiconverter-oddmuse @0.520.0_2 (perl)
HTML::WikiConverter::Oddmuse - Convert Oddmuse wiki markup

p5.34-html-wikiconverter-pbwiki @0.10.0_2 (perl)
HTML::WikiConverter::PbWiki - Convert PbWiki markup

p5.34-html-wikiconverter-phpwiki @0.510.0_2 (perl)
HTML::WikiConverter::PhpWiki - Convert PhpWiki markup

p5.34-html-wikiconverter-pmwiki @0.510.0_2 (perl)
HTML::WikiConverter::PmWiki - Convert PmWiki markup

p5.34-html-wikiconverter-snipsnap @0.500.0_2 (perl)
HTML::WikiConverter::SnipSnap - Convert SnipSnap wiki markup

p5.34-html-wikiconverter-xwiki @0.20.0_2 (perl)
HTML::WikiConverter::XWiki - Convert XWiki markup

p5.34-locale-maketext-lexicon @1.0.0 (perl)
Use other catalog formats in Maketext.

p5.34-locale-maketext-simple @0.210.0_3 (perl)
Simple interface to Locale::Maketext::Lexicon.

p5.34-term-ansicolor @5.10.0 (perl)
Term::ANSIColor - Color screen output using ANSI escape sequences

p5.34-text-iconv @1.700.0 (perl)
Perl interface to iconv() codeset conversion function

p5.34-text-unidecode @1.300.0 (perl)
Text::Unidecode -- plain ASCII transliterations of Unicode text

p5.34-unicode-checkutf8 @1.30.0 (perl)
Unicode::CheckUTF8 - checks if scalar is valid UTF-8

p5.34-unicode-collate @1.310.0 (perl)
Unicode Collation Algorithm

p5.34-unicode-eastasianwidth @12.0.0 (perl)
Unicode::EastAsianWidth - East Asian Width properties

p5.34-unicode-escape @0.0.2 (perl)
Escape and unescape Unicode characters

p5.34-unicode-linebreak @2019.1.0_1 (perl)
Unicode::LineBreak - UAX #14 Unicode Line Breaking Algorithm

p5.34-unicode-normalize @1.260.0 (perl)
Unicode::Normalize - Unicode Normalization Forms

p5.34-unicode-string @2.100.0 (perl)
String of Unicode characters (UCS2/UTF16)

p5.34-unicode-utf8 @0.630.0 (perl)
Unicode::UTF8 - Encoding and decoding of UTF-8 encoding form

p5.34-utf8-all @0.26.0 (perl)
utf8::all - turn on Unicode - all of it

paps @0.8.0_1 (print)
Command line program for converting Unicode text encoded in UTF-8 to postscript and pdf by using pango

pficommon @2.0.0_2 (devel)
Common Library of C++

php52-iconv @5.2.17 (php, textproc)
a PHP interface to the libiconv character encoding conversion functions

php53-iconv @5.3.29 (php, textproc)
a PHP interface to the libiconv character encoding conversion functions

php54-iconv @5.4.45 (php, textproc)
a PHP interface to the libiconv character encoding conversion functions

php55-iconv @5.5.38 (php, textproc)
a PHP interface to the libiconv character encoding conversion functions

php56-iconv @5.6.40 (php, textproc)
a PHP interface to the libiconv character encoding conversion functions

php70-iconv @7.0.33 (php, textproc)
a PHP interface to the libiconv character encoding conversion functions

php71-iconv @7.1.33 (php, textproc)
a PHP interface to the libiconv character encoding conversion functions

php72-iconv @7.2.34 (php, textproc)
a PHP interface to the libiconv character encoding conversion functions

php73-iconv @7.3.33 (php, textproc)
a PHP interface to the libiconv character encoding conversion functions

php74-iconv @7.4.33 (php, textproc)
a PHP interface to the libiconv character encoding conversion functions

php80-iconv @8.0.30 (php, textproc)
a PHP interface to the libiconv character encoding conversion functions

php81-iconv @8.1.30 (php, textproc)
a PHP interface to the libiconv character encoding conversion functions

php82-iconv @8.2.24 (php, textproc)
a PHP interface to the libiconv character encoding conversion functions

php83-iconv @8.3.12 (php, textproc)
a PHP interface to the libiconv character encoding conversion functions

php84-iconv @8.4.0RC1 (php, textproc)
a PHP interface to the libiconv character encoding conversion functions

picocom @2023-04 (comms)
Minimal dumb-terminal emulation program

picosat @965 (math, science)
picosat is a SAT solver

picotls @2025.09.12 (net, security)
picotls is a TLS 1.3 (RFC 8446) protocol stack written in C

png2ico @2002-12-08_4 (graphics)
Converts PNG files to Windows icon resource files.

pserv @3.4 (www)
Pico Server is a small web server.

psiconv @0.9.9_5 (databases)
A utility for converting Psion files.

py-ansicolor @0.3.2 (python, devel)
A library to produce ANSI color output

py-ansicolors @1.1.8 (python)
ANSI colors for Python

py-dns-lexicon @3.23.2 (python, net)
Manipulate DNS records on various DNS providers in a standardized/agnostic way.

py-doctest-ignore-unicode @0.1.2 (python, devel)
Add flag to ignore unicode literal prefixes in doctests

py-grapheme @0.6.0 (python, devel)
Unicode grapheme helpers

py-gunicorn @23.0.0 (python)
WSGI HTTP Server for UNIX

py-iniconfig @2.3.0 (python, devel)
iniconfig is a small and simple INI-file parser module.

py-linkify-it-py @2.0.3 (python)
Links recognition library with full unicode support.

py-precis-i18n @1.1.1 (python)
PRECIS framework for Unicode

py-pydicom @3.0.1 (python)
Python Module for working with DICOM files

py-pynetdicom @3.0.4 (python)
A Python implementation of the DICOM networking protocol

py-pyuca @1.2 (python, devel)
a Python implementation of the Unicode Collation Algorithm

py-qtawesome @1.4.1 (python)
Iconic Fonts in PyQt and PySide applications.

py-rubicon-objc @0.5.3 (python, devel)
Rubicon-ObjC is a bridge between Objective-C and Python

py-slugify @8.0.4 (python, textproc)
A Python Slugify application that handles Unicode

py-uc-micro-py @1.0.3 (python)
Micro subset of unicode data files for linkify-it-py projects.

py-unicodecsv @0.14.1 (python, devel)
Python 2's csv module which supports unicode strings.

py-unicodedata2 @17.0.0 (python)
Unicodedata backport for Python 2/3 updated to the latest Unicode version.

py-unidecode @1.4.0 (python, textproc)
ASCII transliterations of Unicode text

py-uvicorn @0.40.0 (python)
The lightning fast ASGI server.

py-yubico @1.3.3 (python, security)
Python code for talking to Yubico’s YubiKeys

py27-eggtrayicon @2.25.3_2 (gnome, python)
Extra Python modules for some GNOME Desktop libraries.

py27-unicodecsv @0.14.1 (python, devel)
Python 2's csv module which supports unicode strings.

py36-iniconfig @1.1.1 (python, devel)
iniconfig is a small and simple INI-file parser module.

py37-iniconfig @2.0.0 (python, devel)
iniconfig is a small and simple INI-file parser module.

py38-iniconfig @2.1.0 (python, devel)
iniconfig is a small and simple INI-file parser module.

py39-iniconfig @2.3.0 (python, devel)
iniconfig is a small and simple INI-file parser module.

py39-linkify-it-py @2.0.3 (python)
Links recognition library with full unicode support.

py39-uc-micro-py @1.0.3 (python)
Micro subset of unicode data files for linkify-it-py projects.

py39-unicodedata2 @17.0.0 (python)
Unicodedata backport for Python 2/3 updated to the latest Unicode version.

py310-ansicolors @1.1.8 (python)
ANSI colors for Python

py310-dns-lexicon @3.23.2 (python, net)
Manipulate DNS records on various DNS providers in a standardized/agnostic way.

py310-doctest-ignore-unicode @0.1.2 (python, devel)
Add flag to ignore unicode literal prefixes in doctests

py310-grapheme @0.6.0 (python, devel)
Unicode grapheme helpers

py310-iniconfig @2.3.0 (python, devel)
iniconfig is a small and simple INI-file parser module.

py310-linkify-it-py @2.0.3 (python)
Links recognition library with full unicode support.

py310-precis-i18n @1.1.1 (python)
PRECIS framework for Unicode

py310-pydicom @3.0.1 (python)
Python Module for working with DICOM files

py310-pynetdicom @3.0.4 (python)
A Python implementation of the DICOM networking protocol

py310-pyuca @1.2 (python, devel)
a Python implementation of the Unicode Collation Algorithm

py310-qtawesome @1.4.1 (python)
Iconic Fonts in PyQt and PySide applications.

py310-rubicon-objc @0.5.3 (python, devel)
Rubicon-ObjC is a bridge between Objective-C and Python

py310-slugify @8.0.4 (python, textproc)
A Python Slugify application that handles Unicode

py310-uc-micro-py @1.0.3 (python)
Micro subset of unicode data files for linkify-it-py projects.

py310-unicodedata2 @17.0.0 (python)
Unicodedata backport for Python 2/3 updated to the latest Unicode version.

py310-unidecode @1.4.0 (python, textproc)
ASCII transliterations of Unicode text

py310-uvicorn @0.40.0 (python)
The lightning fast ASGI server.

py310-yubico @1.3.3 (python, security)
Python code for talking to Yubico’s YubiKeys

py311-ansicolors @1.1.8 (python)
ANSI colors for Python

py311-dns-lexicon @3.23.2 (python, net)
Manipulate DNS records on various DNS providers in a standardized/agnostic way.

py311-doctest-ignore-unicode @0.1.2 (python, devel)
Add flag to ignore unicode literal prefixes in doctests

py311-grapheme @0.6.0 (python, devel)
Unicode grapheme helpers

py311-iniconfig @2.3.0 (python, devel)
iniconfig is a small and simple INI-file parser module.

py311-linkify-it-py @2.0.3 (python)
Links recognition library with full unicode support.

py311-precis-i18n @1.1.1 (python)
PRECIS framework for Unicode

py311-pydicom @3.0.1 (python)
Python Module for working with DICOM files

py311-pynetdicom @3.0.4 (python)
A Python implementation of the DICOM networking protocol

py311-pyuca @1.2 (python, devel)
a Python implementation of the Unicode Collation Algorithm

py311-qtawesome @1.4.1 (python)
Iconic Fonts in PyQt and PySide applications.

py311-rubicon-objc @0.5.3 (python, devel)
Rubicon-ObjC is a bridge between Objective-C and Python

py311-slugify @8.0.4 (python, textproc)
A Python Slugify application that handles Unicode

py311-uc-micro-py @1.0.3 (python)
Micro subset of unicode data files for linkify-it-py projects.

py311-unicodedata2 @17.0.0 (python)
Unicodedata backport for Python 2/3 updated to the latest Unicode version.

py311-unidecode @1.4.0 (python, textproc)
ASCII transliterations of Unicode text

py311-uvicorn @0.40.0 (python)
The lightning fast ASGI server.

py311-yubico @1.3.3 (python, security)
Python code for talking to Yubico’s YubiKeys

py312-ansicolors @1.1.8 (python)
ANSI colors for Python

py312-dns-lexicon @3.23.2 (python, net)
Manipulate DNS records on various DNS providers in a standardized/agnostic way.

py312-doctest-ignore-unicode @0.1.2 (python, devel)
Add flag to ignore unicode literal prefixes in doctests

py312-grapheme @0.6.0 (python, devel)
Unicode grapheme helpers

py312-gunicorn @23.0.0 (python)
WSGI HTTP Server for UNIX

py312-iniconfig @2.3.0 (python, devel)
iniconfig is a small and simple INI-file parser module.

py312-linkify-it-py @2.0.3 (python)
Links recognition library with full unicode support.

py312-precis-i18n @1.1.1 (python)
PRECIS framework for Unicode

py312-pydicom @3.0.1 (python)
Python Module for working with DICOM files

py312-pynetdicom @3.0.4 (python)
A Python implementation of the DICOM networking protocol

py312-pyuca @1.2 (python, devel)
a Python implementation of the Unicode Collation Algorithm

py312-qtawesome @1.4.1 (python)
Iconic Fonts in PyQt and PySide applications.

py312-rubicon-objc @0.5.3 (python, devel)
Rubicon-ObjC is a bridge between Objective-C and Python

py312-slugify @8.0.4 (python, textproc)
A Python Slugify application that handles Unicode

py312-uc-micro-py @1.0.3 (python)
Micro subset of unicode data files for linkify-it-py projects.

py312-unicodedata2 @17.0.0 (python)
Unicodedata backport for Python 2/3 updated to the latest Unicode version.

py312-unidecode @1.4.0 (python, textproc)
ASCII transliterations of Unicode text

py312-uvicorn @0.40.0 (python)
The lightning fast ASGI server.

py312-yubico @1.3.3 (python, security)
Python code for talking to Yubico’s YubiKeys

py313-ansicolors @1.1.8 (python)
ANSI colors for Python

py313-dns-lexicon @3.23.2 (python, net)
Manipulate DNS records on various DNS providers in a standardized/agnostic way.

py313-doctest-ignore-unicode @0.1.2 (python, devel)
Add flag to ignore unicode literal prefixes in doctests

py313-grapheme @0.6.0 (python, devel)
Unicode grapheme helpers

py313-iniconfig @2.3.0 (python, devel)
iniconfig is a small and simple INI-file parser module.

py313-linkify-it-py @2.0.3 (python)
Links recognition library with full unicode support.

py313-pydicom @3.0.1 (python)
Python Module for working with DICOM files

py313-pynetdicom @3.0.4 (python)
A Python implementation of the DICOM networking protocol

py313-pyuca @1.2 (python, devel)
a Python implementation of the Unicode Collation Algorithm

py313-qtawesome @1.4.1 (python)
Iconic Fonts in PyQt and PySide applications.

py313-rubicon-objc @0.5.3 (python, devel)
Rubicon-ObjC is a bridge between Objective-C and Python

py313-slugify @8.0.4 (python, textproc)
A Python Slugify application that handles Unicode

py313-uc-micro-py @1.0.3 (python)
Micro subset of unicode data files for linkify-it-py projects.

py313-unicodedata2 @17.0.0 (python)
Unicodedata backport for Python 2/3 updated to the latest Unicode version.

py313-unidecode @1.4.0 (python, textproc)
ASCII transliterations of Unicode text

py313-uvicorn @0.40.0 (python)
The lightning fast ASGI server.

py314-ansicolor @0.3.2 (python, devel)
A library to produce ANSI color output

py314-dns-lexicon @3.23.2 (python, net)
Manipulate DNS records on various DNS providers in a standardized/agnostic way.

py314-grapheme @0.6.0 (python, devel)
Unicode grapheme helpers

py314-iniconfig @2.3.0 (python, devel)
iniconfig is a small and simple INI-file parser module.

py314-linkify-it-py @2.0.3 (python)
Links recognition library with full unicode support.

py314-pyuca @1.2 (python, devel)
a Python implementation of the Unicode Collation Algorithm

py314-qtawesome @1.4.1 (python)
Iconic Fonts in PyQt and PySide applications.

py314-rubicon-objc @0.5.3 (python, devel)
Rubicon-ObjC is a bridge between Objective-C and Python

py314-slugify @8.0.4 (python, textproc)
A Python Slugify application that handles Unicode

py314-uc-micro-py @1.0.3 (python)
Micro subset of unicode data files for linkify-it-py projects.

py314-unicodedata2 @17.0.0 (python)
Unicodedata backport for Python 2/3 updated to the latest Unicode version.

py314-unidecode @1.4.0 (python, textproc)
ASCII transliterations of Unicode text

py314-uvicorn @0.40.0 (python)
The lightning fast ASGI server.

R-aricode @1.0.3_1 (R, science, math)
Efficient computations of standard clustering comparison measures

R-assessor @1.1.0_1 (R, science, math)
Assessment tools for regression models with discrete and semicontinuous outcomes

R-bsicons @0.1.2_1 (R, science)
Easily work with bootstrap icons

R-clisymbols @1.2.0_2 (R, science)
Unicode symbols for CLI applications, with fallbacks

R-collinear @2.0.0 (R, science, math)
Seamless multicollinearity management for categorical and numeric variables

R-directlabels @2024.1.21_1 (R, science, graphics)
Direct labels for multicolor plots

R-fontawesome @0.5.2_1 (R, science)
Easily work with Font Awesome icons

R-isqg @1.4_2 (R, science)
In Silico Quantitative Genetics

R-MTest @1.0.2_1 (R, science, math)
Procedure for multicollinearity testing using bootstrap

R-multicool @1.0.1_1 (R, science)
Permutations of multisets in Cool-lex order

R-scico @1.5.0_1 (R, science)
Palettes for R based on the scientific color-maps

R-SimMultiCorrData @0.2.2 (R, science, math)
Simulation of correlated data with multiple variable types

R-ulid @0.4.0 (R, science)
Generate universally unique lexicographically sortable identifiers

R-Unicode @15.1.0-1_1 (R, science, textproc)
Unicode data and utilities

rb-hpricot @0.6.161 (ruby)
a swift, liberal HTML parser with a fantastic library

rb-iconv @1.1.0 (ruby, devel)
iconv wrapper library

rb-term-ansicolor @1.0.4 (ruby)
Small Ruby library that colors strings using ANSI escape sequences.

rb-uconv @0.6.1 (ruby)
Ruby API to convert Unicode characters

rb-unf @0.1.4 (ruby, devel)
Wrapper library to bring Unicode Normalization Form support to Ruby/JRuby

rb-unf_ext @0.0.9.1 (ruby, devel)
Unicode Normalization Form support library for CRuby

rb-unicode @0.4.4.5 (ruby, devel)
Unicode normalization library

rb-unicode-display_width @2.6.0 (ruby, devel)
Monospace Unicode character width in Ruby

rb19-hpricot @0.8.6 (ruby)
a swift, liberal HTML parser with a fantastic library

rb19-term-ansicolor @1.2.2 (ruby, devel)
Ruby library that colors strings using ANSI escape sequences

rb19-uconv @0.6.1 (ruby)
Ruby API to convert Unicode characters

rb19-unicorn @1.0.0_1 (ruby, www)
HTTP server for Rack applications designed for Unix

rb31-iconv @1.1.0 (ruby, devel)
iconv wrapper library

rb31-unf @0.1.4 (ruby, devel)
Wrapper library to bring Unicode Normalization Form support to Ruby/JRuby

rb31-unf_ext @0.0.9.1 (ruby, devel)
Unicode Normalization Form support library for CRuby

rb31-unicode @0.4.4.5 (ruby, devel)
Unicode normalization library

rb31-unicode-display_width @2.6.0 (ruby, devel)
Monospace Unicode character width in Ruby

rb32-iconv @1.1.0 (ruby, devel)
iconv wrapper library

rb32-unf @0.1.4 (ruby, devel)
Wrapper library to bring Unicode Normalization Form support to Ruby/JRuby

rb32-unf_ext @0.0.9.1 (ruby, devel)
Unicode Normalization Form support library for CRuby

rb32-unicode @0.4.4.5 (ruby, devel)
Unicode normalization library

rb32-unicode-display_width @2.6.0 (ruby, devel)
Monospace Unicode character width in Ruby

rb33-iconv @1.1.0 (ruby, devel)
iconv wrapper library

rb33-unf @0.1.4 (ruby, devel)
Wrapper library to bring Unicode Normalization Form support to Ruby/JRuby

rb33-unf_ext @0.0.9.1 (ruby, devel)
Unicode Normalization Form support library for CRuby

rb33-unicode @0.4.4.5 (ruby, devel)
Unicode normalization library

rb33-unicode-display_width @2.6.0 (ruby, devel)
Monospace Unicode character width in Ruby

re-flex @6.0.0 (devel)
regex-centric, fast lexical analyzer generator for C++ with full Unicode support

rxvt-unicode @9.31_1 (x11)
Unicode-aware rxvt clone.

silicon @0.5.3 (graphics, devel)
Create beautiful images of your source code.

starpu @1.4.7 (devel)
Unified runtime system for heterogeneous multicore architectures

starpu13 @1.3.11_3 (devel)
Unified runtime system for heterogeneous multicore architectures

tango-icon-theme @0.8.90 (x11)
A collection of icons from the Tango Desktop Project.

tango-icon-theme-extras @0.1.0_1 (x11)
A collection of extra icons for the Tango theme.

tellico @2.3.12_7 (kde, kde4)
application for organizing your collections

ttf-arphic-ukai @0.1.20060928 (x11, fonts)
AR PL ZenKai Uni and AR PL ZenKai Uni MBE Unicode Fonts

ttf-arphic-uming @0.1.20060928 (x11, fonts)
AR PL ShanHeiSun Uni and AR PL ShanHeiSun Uni MBE Unicode Fonts

ttf-nerd-fonts-symbols @3.4.0 (fonts)
High number of extra glyphs from popular 'iconic fonts'

uni @2.9.0 (textproc)
uni queries the Unicode database from the commandline.

uni2ascii @4.18_1 (textproc)
converts between UTF-8 Unicode and 7-bit ASCII equivalents

unicode @3.2 (textproc)
displays properties for a given Unicode character or searches for a given character name

unicodeconverter-java @2.0 (java, textproc)
Convert various encodings to UTF-8

unicorn @2.1.4 (devel)
CPU emulator framework

vsh @0.14.0 (security)
HashiCorp Vault interactive shell and cli tool

wander @1.1.0 (net)
A terminal app/TUI for HashiCorp Nomad

ykpers @1.20.0_1 (security)
Easily personalize Yubico's USB keys.

yubico-authenticator @5.1.0_4 (aqua, security)
Tool for generating one-time password codes with YubiKey

yubico-c-client @2.15 (security)
C library to validate a YubiKey OTP against a validation server

yubico-pam @2.27 (security)
PAM module to authenticate against a YubiKey validation server or via challenge-response against a local YubiKey

yubico-piv-tool @2.3.1 (security)
Command line tool for the YubiKey PIV application

yudit @2.9.6 (editors)
unicode text editor for X

yuicompressor @2.4.8 (www)
The Yahoo! JavaScript and CSS Compressor

Found 432 ports.
