ab-av1 @0.10.3 (multimedia)
AV1 re-encoding using ffmpeg, svt-av1 & vmaf

abcl @1.9.2_5 (lang, java)
A Common Lisp implementation that runs on the JVM

asciidoctorj @3.0.1 (textproc, java)
AsciidoctorJ is the official library for running Asciidoctor on the JVM.

atomvm @0.6.5 (erlang, devel)
Tiny Erlang VM

cargo-asm @0.1.13 (devel)
cargo subcommand showing the assembly or llvm-ir generated for Rust code

convmv @2.05 (sysutils, perl)
Convert filenames from one encoding to another

docker-machine-driver-qemu @20220617 (devel)
Docker machine driver for pure qemu/kvm - no libvirt

drip @0.2.4-17-ga4bd00d (java, sysutils)
Fast JVM launching without the hassle of persistent JVMs

flang-11 @11.1.0_1 (lang)
LLVM Fortran compiler

flang-13 @13.0.1_1 (lang)
LLVM Fortran compiler

flang-14 @14.0.6_1 (lang)
LLVM Fortran compiler

flang-15 @15.0.7_2 (lang)
LLVM Fortran compiler

flang-16 @16.0.6_2 (lang)
LLVM Fortran compiler

flang-17 @17.0.6_2 (lang)
LLVM Fortran compiler

flang-18 @18.1.8_1 (lang)
LLVM Fortran compiler

flang-19 @19.1.7 (lang)
LLVM Fortran compiler

flang-20 @20.1.8 (lang)
LLVM Fortran compiler

flang-21 @21.1.8 (lang)
LLVM Fortran compiler

flang-devel @20250908-408a2e7c (lang)
LLVM Fortran compiler

fvm @4.0.5 (devel)
A simple CLI to manage Flutter SDK versions

gleam @1.14.0 (lang)
A type safe language for the Erlang VM

guestfs-tools @1.54.0_1 (sysutils)
tools for accessing and modifying VM disk images

jacobin @0.4.0-pre-alpha (devel, lang)
A more than minimal JVM written in Go and capable of running Java 17 classes.

janet @1.40.1 (lang)
A dynamic language and bytecode vm

jdk17-graalvm @17.0.12 (java, devel)
Oracle GraalVM for JDK 17

jdk21-graalvm @21.0.10 (java, devel)
Oracle GraalVM for JDK 21

jdk22-graalvm @22.0.2 (java, devel)
Oracle GraalVM for JDK 22 (Short Term Support until September 2024)

jdk23-graalvm @23.0.2 (java, devel)
Oracle GraalVM for JDK 23 (Short Term Support until March 2025)

jdk24-graalvm @24.0.2 (java, devel)
Oracle GraalVM for JDK 24 (Short Term Support until September 2025)

jikesrvm @2.3.3 (lang, java, devel)
the Jikes (Java) Research Virtual Machine

jruby @10.0.2.0 (lang, ruby, java)
JRuby is an implementation of the Ruby language using the JVM.

kaffe @1.1.7 (lang)
A complete java VM and class library.

kcat @1.7.1 (net)
Generic command line non-JVM Apache Kafka producer and consumer

kotlin @2.3.0 (lang, java)
Statically typed programming language for the JVM, Android and the browser

levmar @2.6_3 (math)
Levenberg-Marquardt nonlinear least squares algorithm

libguestfs @1.58.1 (devel)
tools for accessing and modifying VM disk images

libomp @21.1.7 (lang)
The OpenMP subproject of LLVM

libsvm @3.36 (math)
A free Support Vector Machine implementation

libvmaf @3.0.0_1 (multimedia)
Video Multi-Method Assessment Fusion - Perceptual video quality assessment

libvmime @0.9.2_3 (mail, devel)
library for dealing with RFC-822, 2822, MIME messages

lldb-5.0 @5.0.2_2 (lang)
the LLVM debugger

lldb-6.0 @6.0.1_2 (lang)
the LLVM debugger

lldb-7.0 @7.1.0_2 (lang)
the LLVM debugger

lldb-8.0 @8.0.1_2 (lang)
the LLVM debugger

lldb-9.0 @9.0.1_3 (lang)
the LLVM debugger

lldb-10 @10.0.1_5 (lang)
the LLVM debugger

lldb-11 @11.1.0_4 (lang)
the LLVM debugger

lldb-12 @12.0.1_5 (lang)
the LLVM debugger

lldb-13 @13.0.1_4 (lang)
the LLVM debugger

lldb-14 @14.0.6_3 (lang)
the LLVM debugger

lldb-15 @15.0.7_4 (lang)
the LLVM debugger

lldb-16 @16.0.6_4 (lang)
the LLVM debugger

lldb-17 @17.0.6_3 (lang)
the LLVM debugger

lldb-18 @18.1.8_2 (lang)
the LLVM debugger

lldb-19 @19.1.7_1 (lang)
the LLVM debugger

lldb-20 @20.1.8_1 (lang)
the LLVM debugger

lldb-21 @21.1.8 (lang)
the LLVM debugger

lldb-devel @20250908-408a2e7c (lang)
the LLVM debugger

llvm-3.3 @3.3_14 (lang)
llvm is a next generation compiler infrastructure

llvm-3.4 @3.4.2_17 (lang)
llvm is a next generation compiler infrastructure

llvm-3.7 @3.7.1_8 (lang)
llvm is a next generation compiler infrastructure

llvm-5.0 @5.0.2_5 (lang)
llvm is a next generation compiler infrastructure

llvm-6.0 @6.0.1_5 (lang)
llvm is a next generation compiler infrastructure

llvm-7.0 @7.1.0_4 (lang)
llvm is a next generation compiler infrastructure

llvm-8.0 @8.0.1_4 (lang)
llvm is a next generation compiler infrastructure

llvm-9.0 @9.0.1_4 (lang)
llvm is a next generation compiler infrastructure

llvm-10 @10.0.1_4 (lang)
llvm is a next generation compiler infrastructure

llvm-11 @11.1.0_6 (lang)
llvm is a next generation compiler infrastructure

llvm-12 @12.0.1_4 (lang)
llvm is a next generation compiler infrastructure

llvm-13 @13.0.1_3 (lang)
llvm is a next generation compiler infrastructure

llvm-14 @14.0.6_1 (lang)
llvm is a next generation compiler infrastructure

llvm-15 @15.0.7_2 (lang)
llvm is a next generation compiler infrastructure

llvm-16 @16.0.6_2 (lang)
llvm is a next generation compiler infrastructure

llvm-17 @17.0.6_2 (lang)
llvm is a next generation compiler infrastructure

llvm-18 @18.1.8_1 (lang)
llvm is a next generation compiler infrastructure

llvm-19 @19.1.7_1 (lang)
llvm is a next generation compiler infrastructure

llvm-20 @20.1.8_1 (lang)
llvm is a next generation compiler infrastructure

llvm-21 @21.1.8 (lang)
llvm is a next generation compiler infrastructure

llvm-cx @22.1.1_2 (lang)
CodeWeavers custom compiler for -mwine32 targets 22.1.1.

llvm-devel @20250908-408a2e7c_1 (lang)
llvm is a next generation compiler infrastructure

llvm-gcc42 @2336.11_4 (lang)
llvm-gcc42 is a gcc compiler frontend for llvm

llvm_select @2_1 (sysutils)
common files for selecting default llvm version

llvm_select-3.3 @2_1 (sysutils)
common files for selecting default llvm version

llvm_select-3.4 @2_1 (sysutils)
common files for selecting default llvm version

llvm_select-3.7 @2_1 (sysutils)
common files for selecting default llvm version

llvm_select-5.0 @2_1 (sysutils)
common files for selecting default llvm version

llvm_select-6.0 @2_1 (sysutils)
common files for selecting default llvm version

llvm_select-7.0 @2_1 (sysutils)
common files for selecting default llvm version

llvm_select-8.0 @2_1 (sysutils)
common files for selecting default llvm version

llvm_select-9.0 @2_1 (sysutils)
common files for selecting default llvm version

llvm_select-10 @2_1 (sysutils)
common files for selecting default llvm version

llvm_select-11 @2_1 (sysutils)
common files for selecting default llvm version

llvm_select-12 @2_1 (sysutils)
common files for selecting default llvm version

llvm_select-13 @2_1 (sysutils)
common files for selecting default llvm version

llvm_select-14 @2_1 (sysutils)
common files for selecting default llvm version

llvm_select-15 @2_1 (sysutils)
common files for selecting default llvm version

llvm_select-16 @2_1 (sysutils)
common files for selecting default llvm version

llvm_select-17 @2_1 (sysutils)
common files for selecting default llvm version

llvm_select-18 @2_1 (sysutils)
common files for selecting default llvm version

llvm_select-19 @2_1 (sysutils)
common files for selecting default llvm version

llvm_select-20 @2_1 (sysutils)
common files for selecting default llvm version

llvm_select-21 @2_1 (sysutils)
common files for selecting default llvm version

llvm_select-devel @2_1 (sysutils)
common files for selecting default llvm version

macpine @1.1.5 (sysutils)
Lightweight Linux VMs on MacOS

macports-libcxx @11.1.0 (lang)
provides a newer libc++ from llvm for older systems

micronaut @4.10.7 (java)
Micronaut is a modern, JVM-based, full-stack framework for building modular, easily testable microservice and serverless applications.

minivmac @36.04 (emulators, aqua)
an emulator of the Macintosh Plus and other early Macintosh models

minivmac-128k @36.04 (emulators, aqua)
a Macintosh 128K emulator

minivmac-128k-devel @37.03 (emulators, aqua)
a Macintosh 128K emulator

minivmac-512k @36.04 (emulators, aqua)
a Macintosh 512K emulator

minivmac-512k-devel @37.03 (emulators, aqua)
a Macintosh 512K emulator

minivmac-512ke @36.04 (emulators, aqua)
a Macintosh 512Ke emulator

minivmac-512ke-devel @37.03 (emulators, aqua)
a Macintosh 512Ke emulator

minivmac-classic @36.04 (emulators, aqua)
a Macintosh Classic emulator

minivmac-classic-devel @37.03 (emulators, aqua)
a Macintosh Classic emulator

minivmac-custom @36.04 (emulators, aqua)
an emulator of the Macintosh Plus and other early Macintosh models

minivmac-custom-devel @37.03 (emulators, aqua)
an emulator of the Macintosh Plus and other early Macintosh models

minivmac-devel @37.03 (emulators, aqua)
an emulator of the Macintosh Plus and other early Macintosh models

minivmac-ii @36.04 (emulators, aqua)
a Macintosh II emulator

minivmac-ii-devel @37.03 (emulators, aqua)
a Macintosh II emulator

minivmac-plus @36.04 (emulators, aqua)
a Macintosh Plus emulator

minivmac-plus-devel @37.03 (emulators, aqua)
a Macintosh Plus emulator

minivmac-se @36.04 (emulators, aqua)
a Macintosh SE emulator

minivmac-se-devel @37.03 (emulators, aqua)
a Macintosh SE emulator

minivmac-sefdhd @36.04 (emulators, aqua)
a Macintosh SE FDHD emulator

minivmac-sefdhd-devel @37.03 (emulators, aqua)
a Macintosh SE FDHD emulator

MoarVM @2025.05 (lang, devel)
A virtual machine for NQP and Rakudo

nvm @0.40.3 (devel)
Node version manager

openjdk8-openj9 @8u482 (java, devel)
IBM Semeru with Eclipse OpenJ9 VM distribution, based on OpenJDK 8 (Long Term Support)

openjdk11-graalvm @22.3.3_2 (java, devel)
GraalVM Community Edition based on OpenJDK 11

openjdk11-graalvm-native-image @22.3.3_2 (java, devel)
Native Image component for GraalVM

openjdk11-openj9 @11.0.30 (java, devel)
IBM Semeru with Eclipse OpenJ9 VM distribution, based on OpenJDK 11 (Long Term Support)

openjdk17-graalvm @17.0.9 (java, devel)
GraalVM Community Edition based on OpenJDK 17

openjdk17-graalvm-native-image @17.0.9 (java, devel)
Former Native Image component for GraalVM

openjdk17-openj9 @17.0.18 (java, devel)
IBM Semeru with Eclipse OpenJ9 VM distribution, based on OpenJDK 17 (Long Term Support)

openjdk21-graalvm @21.0.2 (java, devel)
GraalVM Community Edition based on OpenJDK 21 (Short Term Support ended in March 2024)

openjdk21-openj9 @21.0.10 (java, devel)
IBM Semeru with Eclipse OpenJ9 VM distribution, based on OpenJDK 21 (Long Term Support)

openjdk22-graalvm @22.0.2 (java, devel)
GraalVM Community Edition based on OpenJDK 22 (Short Term Support ended in September 2024)

openjdk22-openj9 @22.0.2_1 (java, devel)
IBM Semeru with Eclipse OpenJ9 VM distribution, based on OpenJDK 22 (Short Term Support until September 2024)

openjdk23-openj9 @23.0.2 (java, devel)
IBM Semeru with Eclipse OpenJ9 VM distribution, based on OpenJDK 23 (Short Term Support until March 2025)

openjdk24-graalvm @24.0.2 (java, devel)
GraalVM Community Edition based on OpenJDK 24 (Short Term Support ended in September 2025)

openjdk24-openj9 @24.0.2 (java, devel)
IBM Semeru with Eclipse OpenJ9 VM distribution, based on OpenJDK 24 (Short Term Support until September 2025)

openjdk25-graalvm @25.0.1 (java, devel)
GraalVM Community Edition based on OpenJDK 25 (Short Term Support until March 2026)

openjdk25-openj9 @25.0.2 (java, devel)
IBM Semeru with Eclipse OpenJ9 VM distribution, based on OpenJDK 25 (Long Term Support)

p5-authen-dechpwd @2.7.0 (perl)
Authen::DecHpwd - DEC VMS password hashing

p5.28-authen-dechpwd @2.7.0 (perl)
Authen::DecHpwd - DEC VMS password hashing

p5.30-authen-dechpwd @2.7.0 (perl)
Authen::DecHpwd - DEC VMS password hashing

p5.32-authen-dechpwd @2.7.0 (perl)
Authen::DecHpwd - DEC VMS password hashing

p5.34-authen-dechpwd @2.7.0 (perl)
Authen::DecHpwd - DEC VMS password hashing

parrot @8.1.0_12 (lang, devel)
Obsolete port, replaced by MoarVM

php-svm @0.2.3_4 (php, math)
PHP bindings for libsvm, a support vector machine implementation

php53-svm @0.1.9_5 (php, math)
PHP bindings for libsvm, a support vector machine implementation

php54-svm @0.1.9_5 (php, math)
PHP bindings for libsvm, a support vector machine implementation

php55-svm @0.1.9_5 (php, math)
PHP bindings for libsvm, a support vector machine implementation

php56-svm @0.1.9_5 (php, math)
PHP bindings for libsvm, a support vector machine implementation

php70-svm @0.2.3_4 (php, math)
PHP bindings for libsvm, a support vector machine implementation

php71-svm @0.2.3_4 (php, math)
PHP bindings for libsvm, a support vector machine implementation

php72-svm @0.2.3_4 (php, math)
PHP bindings for libsvm, a support vector machine implementation

php73-svm @0.2.3_4 (php, math)
PHP bindings for libsvm, a support vector machine implementation

php74-svm @0.2.3_4 (php, math)
PHP bindings for libsvm, a support vector machine implementation

php80-svm @0.2.3_4 (php, math)
PHP bindings for libsvm, a support vector machine implementation

php81-svm @0.2.3_4 (php, math)
PHP bindings for libsvm, a support vector machine implementation

php82-svm @0.2.3_4 (php, math)
PHP bindings for libsvm, a support vector machine implementation

php83-svm @0.2.3_4 (php, math)
PHP bindings for libsvm, a support vector machine implementation

pvm @3.4.6 (science, parallel, net)
pvm permits a network of computers to act as a cluster

py-llvmlite @0.46.0 (python, devel, science)
A lightweight LLVM python binding for writing JIT compilers

py-pyavm @0.9.8 (python, science)
Pure-Python AVM library

py310-libsvm @3.36 (math, python)
Python 3.10 bindings for libsvm

py310-llvmlite @0.46.0 (python, devel, science)
A lightweight LLVM python binding for writing JIT compilers

py311-libsvm @3.36 (math, python)
Python 3.11 bindings for libsvm

py311-llvmlite @0.46.0 (python, devel, science)
A lightweight LLVM python binding for writing JIT compilers

py312-libsvm @3.36 (math, python)
Python 3.12 bindings for libsvm

py312-llvmlite @0.46.0 (python, devel, science)
A lightweight LLVM python binding for writing JIT compilers

py313-libsvm @3.36 (math, python)
Python 3.13 bindings for libsvm

py313-llvmlite @0.46.0 (python, devel, science)
A lightweight LLVM python binding for writing JIT compilers

py313-pyavm @0.9.8 (python, science)
Pure-Python AVM library

py314-llvmlite @0.46.0 (python, devel, science)
A lightweight LLVM python binding for writing JIT compilers

R-aldvmm @0.8.8_1 (R, science, math)
Adjusted Limited Dependent Variable Mixture Models

R-cvms @1.6.2 (R, science, math)
Cross-validation for model selection

R-evmix @2.12_1 (R, science, math)
Extreme value mixture modelling, threshold estimation and boundary-corrected kernel density estimation

R-freqdom @2.0.5_1 (R, science)
Implementation of dynamic principal component analysis (DPCA), simulation of VAR and VMA processes and frequency domain tools

R-gllvm @1.4.3_1 (R, science, math)
Generalized Linear Latent Variable Models

R-ivmodel @1.9.1_2 (R, science, math)
Statistical inference and sensitivity analysis for instrumental variables model

R-levmaR @0.0.1_1 (R, science, math)
Interface for the Levenberg–Marquardt optimization algorithm provided by the levmar Library

R-lvmcomp @1.2_1 (R, science, math)
Stochastic EM algorithms for latent variable models with a high-dimensional latent space

R-markovmix @0.1.3_1 (R, science, math)
Mixture of Markov chains with support of higher orders and multiple sequences

R-movMF @0.2-9 (R, science, math)
Mixtures of von Mises–Fisher distributions

R-mvmesh @1.6_2 (R, science, math)
Multivariate meshes and histograms in arbitrary dimensions

R-mvmeta @1.0.3_1 (R, science)
Multivariate and univariate meta-analysis and meta-regression

R-penalizedSVM @1.1.4_1 (R, science)
Feature selection SVM using penalty functions

R-readsparse @0.1.5-6_1 (R, science, math)
Read and write sparse matrices in SVMLight and LibSVM formats

R-rvMF @0.1.0_1 (R, science, math)
Fast generation of von Mises-Fisher-distributed pseudo-random vectors

R-Rvmmin @2018-4.17.1_1 (R, science, math)
Variable metric non-linear function minimization with bounds constraints

R-SurvMetrics @0.5.0_1 (R, science)
Predictive evaluation metrics in survival analysis

R-survminer @0.4.9_1 (R, science)
Draw survival curves using R-ggplot2

R-survMisc @0.5.6_1 (R, science, math)
Miscellaneous functions for survival data

R-svMisc @1.3.1_1 (R, science, devel)
Miscellaneous functions for SciViews::R or general use

R-tmvmixnorm @1.1.1_1 (R, science, math)
Sampling from truncated multivariate normal and t distributions

R-tvm @0.5.2_1 (R, science, finance)
Functions for managing cashflows and interest rate curves

R-vMF @0.0.3_1 (R, science, math)
Sampling from the von Mises–Fisher distribution

R-WeightSVM @1.7-13_1 (R, science, math)
Subject-weighted support vector machines

retdec @5.0 (devel)
RetDec is a retargetable machine-code decompiler based on LLVM

retdec-devel @20230920 (devel)
RetDec is a retargetable machine-code decompiler based on LLVM

rvm @1.11 (sysutils, net)
archive manager to manage backups of multiple clients

scummvm @2.9.0_2 (emulators, games)
cross-platform interpreter for several adventure engines

scummvm-devel @20231109_1 (emulators, games)
cross-platform interpreter for several adventure engines

socket_vmnet @1.2.1_1 (net)
vmnet.framework support for rootless QEMU

svmlin @1.0 (math)
Fast linear SVM solvers for supervised and semi-supervised learning

TinySVM @0.09_1 (math)
Support Vector Machines (SVMs)

vfkit @0.6.3 (sysutils)
Simple command line tool to start VMs through virtualization framework

virt-viewer @11.0 (emulators)
connects to VMs via VNC/SPICE and libvirt

VisualVM @2.1.7 (java)
All-in-One Java Troubleshooting Tool

vm-pop3d @1.1.6_3 (mail)
POP3 server for Postfix that supports virtual domains and mailboxes

vmd @1.34.0 (textproc)
Preview markdown files

vmdktool @1.4 (sysutils, emulators)
converts raw filesystems to VMDK files and vice versa

vmips @1.5.1 (emulators)
MIPS R3000 emulator

vmrun-wrapper @20160915 (sysutils)
Control vmrun with launchd

vms-empire @1.17 (games)
war simulation game

vmtouch @1.3.1 (sysutils)
portable file system cache diagnostics and control

xorg-libXvMC @1.0.14 (x11, devel)
X.org libXvMC

xorg-libXxf86vm @1.1.5 (x11, devel)
X.org libXxf86vm

Found 221 ports.
