arpack @3.9.1_1 (math)
Package for solving large-scale eigenvalue problems

bfg @1.15.0 (java, devel)
Removes large or troublesome blobs like git-filter-branch does, but faster.

bitkeeper @7.3.3_1 (devel)
BitKeeper is a fast, enterprise-ready, distributed SCM that scales up to very large projects and down to tiny ones.

boost-build @2.0-m12_2 (devel)
Build system for large project software construction

bpack @3.2.0 (math, science)
ButterflyPACK is a mathematical software for rapidly solving large-scale dense linear systems that exhibit off-diagonal rank-deficiency

ceres-solver @2.2.0_1 (math)
Library for modeling and solving large, complicated optimization problems.

codemod @55a92a8ef237568302173e45bc282a0f8d1f2fad_1 (devel, python)
A tool to assist with large-scale codebase refactors

dmenu @4.9 (x11)
dmenu is a dynamic menu for X, originally designed for dwm. It manages large numbers of user-defined menu items efficiently.

elmerfem @2024.11.29_1 (science)
Elmer is a tool that can solve a large number of partial differential equations

git-lfs @3.7.1 (devel)
Git Large File Storage

hercules @3.13 (emulators)
The Hercules IBM Large Systems Emulator

hunspell-en_AU_large @2020.12.07 (textproc)
SCOWL based hunspell english dictionaries.

hunspell-en_CA_large @2020.12.07 (textproc)
SCOWL based hunspell english dictionaries.

hunspell-en_GB_large @2020.12.07 (textproc)
SCOWL based hunspell english dictionaries.

hunspell-en_US_large @2020.12.07 (textproc)
SCOWL based hunspell english dictionaries.

jigdo @0.7.3 (net)
A tool designed to ease the distribution of very large files

julius @4.6 (audio, japanese)
Large Vocabulary Continuous Speech Recognition (LVCSR) Engine

kluctl @2.27.0 (sysutils)
Kluctl combines Helm, Kustomize and more to handle large deployments in a manageable and unified way.

laspack @1.12.2 (math)
Package for solving large sparse systems of linear equations

liblinear @2.47 (math)
A simple package for solving large-scale regularized linear classification.

mahout @0.9 (java, math)
A scalable machine learning library that supports large data sets

msieve @1.53 (math)
A library for factoring large integers

msieve-devel @1045 (math)
A library for factoring large integers

nmap @7.98 (net)
Port scanning utility for large networks

ocaml-mpi @1.01_7 (science, devel, ocaml)
Caml bindings for a large subset of MPI functions

octave-ltfat @2.6.0_3 (octave, math, science)
The Large Time-Frequency Analysis Toolbox

openspecfun @0.5.7 (math)
The OpenSpecFun library largely includes two libraries, AMOS and Faddeeva.

p5-test-classapi @1.70.0 (perl)
Provides basic first-pass API testing for large class trees

p5.28-test-classapi @1.70.0 (perl)
Provides basic first-pass API testing for large class trees

p5.30-test-classapi @1.70.0 (perl)
Provides basic first-pass API testing for large class trees

p5.32-test-classapi @1.70.0 (perl)
Provides basic first-pass API testing for large class trees

p5.34-test-classapi @1.70.0 (perl)
Provides basic first-pass API testing for large class trees

py-npx @0.1.6 (python)
NumPy is a large library used everywhere in scientific computing. That's why breaking backwards-compatibility comes at a significant cost and is almost always avoided, even if the API of some methods is arguably lacking. This package provides drop-in wrappers fixing those.

py-smart_open @7.3.0.post1 (python, textproc)
Utils for streaming large files (S3, HDFS, gzip, bz2...)

py-tstables @0.0.15 (python, science)
Handles large time series using PyTables and Pandas

py310-npx @0.1.6 (python)
NumPy is a large library used everywhere in scientific computing. That's why breaking backwards-compatibility comes at a significant cost and is almost always avoided, even if the API of some methods is arguably lacking. This package provides drop-in wrappers fixing those.

py310-smart_open @7.3.0.post1 (python, textproc)
Utils for streaming large files (S3, HDFS, gzip, bz2...)

py311-npx @0.1.6 (python)
NumPy is a large library used everywhere in scientific computing. That's why breaking backwards-compatibility comes at a significant cost and is almost always avoided, even if the API of some methods is arguably lacking. This package provides drop-in wrappers fixing those.

py311-smart_open @7.3.0.post1 (python, textproc)
Utils for streaming large files (S3, HDFS, gzip, bz2...)

py311-tstables @0.0.15 (python, science)
Handles large time series using PyTables and Pandas

py312-npx @0.1.6 (python)
NumPy is a large library used everywhere in scientific computing. That's why breaking backwards-compatibility comes at a significant cost and is almost always avoided, even if the API of some methods is arguably lacking. This package provides drop-in wrappers fixing those.

py312-smart_open @7.3.0.post1 (python, textproc)
Utils for streaming large files (S3, HDFS, gzip, bz2...)

py313-smart_open @7.3.0.post1 (python, textproc)
Utils for streaming large files (S3, HDFS, gzip, bz2...)

R-BB @2019.10-1_2 (R, science, math)
Solving and optimizing large-scale non-linear systems

R-bigBits @1.3 (R, science, math)
Perform Boolean operations on large numbers

R-bigreadr @0.2.5_2 (R, science, textproc)
Read large text files by splitting them in smaller files

R-bigsplines @1.1-1_1 (R, science, math)
Smoothing splines for large samples

R-bigstep @1.1.1_1 (R, science, math)
Stepwise selection for large data sets

R-bigtime @0.2.3_1 (R, science, math)
Sparse estimation of large time series models

R-bigutilsr @0.3.4_2 (R, science)
Utility functions for large-scale data

R-BlockCov @0.1.1_1 (R, science, math)
Estimation of large block covariance matrices

R-Brobdingnag @1.2-9_2 (R, science, math)
Very large numbers in R

R-BTtest @0.10.3 (R, science, math)
Estimate the number of factors in large non-stationary datasets

R-dfsaneacc @1.0.3 (R, science, math)
Accelerated derivative-free method for large-scale non-linear systems of equations

R-disk.frame @0.8.3_1 (R, science, sysutils)
Larger-than-RAM disk-based data manipulation framework

R-DTSg @1.1.3_1 (R, science)
Class for working with time series data based on data.table and R6 with largely optional reference semantics

R-eimpute @0.2.4 (R, science, math)
Efficiently impute large scale incomplete matrix

R-ff @4.5.0 (R, science, devel)
Memory-efficient storage of large data on disk and fast access functions.

R-gptstudio @0.4.0 (R, science, www)
Use large language models directly in your development environment

R-LaF @0.8.6 (R, science)
Fast access to Large ASCII Files

R-lazyarray @1.1.0.9000_1 (R, science, devel)
Persistent large data array with lazy-loading on demand

R-lbfgsb3c @2024-3.5 (R, science, math)
Solving and optimizing large-scale non-linear systems

R-logOfGamma @0.0.1_1 (R, science, math)
Natural logarithms of the gamma function for large values

R-mapdata @2.3.1_1 (R, science, gis)
Supplement to maps package, providing some larger and/or higher-resolution databases

R-memuse @4.2-3_2 (R, science, sysutils)
Utility functions for large-scale data

R-mixl @1.3.4_1 (R, science, math)
Simulated maximum likelihood estimation of mixed logit models for large datasets

R-MplusAutomation @1.1.1_3 (R, science, math)
Facilitate large-scale latent variable analyses in Mplus

R-nebula @1.5.3 (R, science)
Negative binomial mixed models using large-sample approximation for differential expression analysis of ScRNA-Seq data

R-proxyC @0.4.1_1 (R, science, math)
Computes proximity between rows or columns of large matrices efficiently in C++

R-RALSA @1.5.0 (R, science)
R Analyzer for Large-Scale Assessments

R-rARPACK @0.11-0_2 (R, science, math)
Solvers for large-scale eigenvalue and SVD problems

R-RMVL @1.1.0.1 (R, science, math)
Mappable vector library for handling large datasets

R-rootWishart @0.4.1_1 (R, science, math)
Distribution of largest root for single and double Wishart settings

R-RSpectra @0.16-2 (R, science)
Solvers for large-scale eigenvalue and SVD problems

R-rtape @2.2_1 (R, science)
Manage and manipulate large collections of R objects stored as tape-like files

R-sanic @0.0.2_1 (R, science, math)
Routines for solving large systems of linear equations in R

R-SeqArray @1.44.2 (R, science, bioconductor)
Data management of large-scale whole-genome sequence variant calls

R-spatstat.Knet @3.1-2 (R, science, math)
Extension for R-spatstat for large datasets on a linear network

R-spDataLarge @2.1.1_1 (R, science)
Large datasets for spatial analysis

R-speedglm @0.3-5_1 (R, science, math)
Fitting linear models and generalized linear models to large data sets by updating algorithms

R-spNNGP @1.0.1 (R, science, math)
Spatial regression models for large datasets using nearest neighbor Gaussian processes

R-varbvs @2.6-10_1 (R, science, math)
Large-scale Bayesian variable selection using variational methods

R-VeryLargeIntegers @0.2.1_1 (R, science, math)
Store and operate with arbitrarily large integers

R-xdcclarge @0.1.0_1 (R, science, math)
Estimating a (c)DCC-GARCH model in large dimensions

rb-rufus-mnemo @1.2.3 (ruby)
Turns (large) integers into Japanese-sounding words and vice versa

rb30-rufus-mnemo @1.2.3 (ruby)
Turns (large) integers into Japanese-sounding words and vice versa

rb31-rufus-mnemo @1.2.3 (ruby)
Turns (large) integers into Japanese-sounding words and vice versa

rb32-rufus-mnemo @1.2.3 (ruby)
Turns (large) integers into Japanese-sounding words and vice versa

rb33-rufus-mnemo @1.2.3 (ruby)
Turns (large) integers into Japanese-sounding words and vice versa

rzip64 @3.0 (archivers)
a parallelized large file compression program

shogun @2.1.0_26 (math, science)
The machine-learning toolbox's focus is on large-scale kernel methods

shogun-devel @4.0.0_23 (math, science)
The machine learning toolbox's focus is on large scale kernel methods

sloccount @2.26 (textproc, devel)
program for counting lines of code in a large number of languages

sparkey @0.2.99_1 (databases)
Simple constant key/value storage library, for read-heavy systems with infrequent large bulk inserts.

tippecanoe @2.79.0 (gis)
Build vector tilesets from large collections of GeoJSON features

xtide @2.15.5 (science, x11)
Tide prediction software, with a large database of locations.

yorick-optimpack @1.3.2 (science, yorick)
Optimization of large scale problems for the Yorick language

Found 97 ports.
