amazon-ecr-credential-helper @0.11.0 (sysutils)
Automatically gets credentials for Amazon ECR on docker push/docker pull

appstream-glib @0.8.3_1 (devel)
This library provides objects and helper methods to help reading and writing AppStream metadata.

cidr @2.3.2_1 (net)
RFC 1878 subnet helper

cl-anonfun @20111202 (lisp, devel)
Anonymous function helpers for Common Lisp

cl-nasdf @20230923 (lisp, devel)
ASDF helpers for system setup, testing and installation.

docker-credential-helper-ecr @0.8.0
Obsolete port, replaced by amazon-ecr-credential-helper

docker-credential-helper-osxkeychain @0.9.3 (devel)
Docker credential helper for macOS

ghsum @0.1.1_1 (devel, shells, macports)
Helper to checksum GitHub tags

git-cinnabar @0.7.3 (devel, python)
Git remote helper to interact with mercurial repositories.

git-credential-azure @0.3.1 (security, devel)
git-credential-azure is a Git credential helper that authenticates to Azure Repos (dev.azure.com). Azure Repos is part of Azure DevOps.

git-credential-email @5.6.2 (security)
git credential helpers for email providers

git-credential-gopass @1.16.1 (security)
Gopass git-credentials helper

git-credential-oauth @0.17.2 (security, devel)
A Git credential helper that securely authenticates to GitHub, GitLab and BitBucket using OAuth.

git-toolbelt @1.9.3 (devel)
Helper tools to make everyday life with Git much easier

gklib @20230327 (math)
KarypisLab library of various helper routines and frameworks used by the lab's software

gloomhaven-helper @8.4.8 (games)
Helper application for Gloomhaven board game.

gupnp-av @0.14.1 (net, gnome)
GUPnP-AV is a collection of helpers for building AV (audio/video) applications using GUPnP.

gws @0.1.16 (devel, sysutils)
helper for git workspaces

iTunesMatchHelper @0.1a (aqua)
Fixes missing metadata for songs that iTunes has matched

jgoodies-common @1.4.0 (java)
Helper classes for other jgoodies-* packages

k3d @5.8.3 (sysutils)
Helper to run Rancher Lab's k3s in Docker

nasty @0.6_2 (security)
passphrase revovery helper for PGP and GPG keys

obs-build-helpers @2.5.0_1 (devel, python)
Helper tools distributed with obs-build

ocaml-configurator @0.11.0 (ocaml, devel)
helper library for gathering system configuration

ocaml-expect_test_helpers_core @0.16.0_1 (ocaml, devel)
Library to be used with expect tests

ocaml-expect_test_helpers_kernel @0.13.0_1 (ocaml, devel)
Helpers for writing expectation tests

ocaml-lwt_react @1.2.0_1 (ocaml, devel)
Helpers for using React with Lwt

ocaml-merlin @4.14-414 (ocaml, devel)
Editor helper, provides completion, typing and source browsing in Vim and Emacs

ocaml-merlin-lib @4.14-414 (ocaml, devel)
Editor helper, provides completion, typing and source browsing in Vim and Emacs

ocaml-ocamlnet @4.1.9 (ocaml, devel)
Internet protocols and helper data structures for OCaml.

p5-b-cow @0.7.0 (perl)
B::COW - additional B helpers to check Copy-On-Write status

p5-b-utils @0.270.0 (perl)
B::Utils - Helper functions for op tree manipulation

p5-bio-db-ncbihelper @1.7.8 (perl)
Bio::DB::NCBIHelper - A collection of routines useful for queries to NCBI databases

p5-catalyst-helper-authdbic @0.170.0 (perl)
Helper to provide a simple authentication scaffold for a Catalyst application.

p5-catalyst-model-adaptor @0.100.0_1 (perl)
helper for the incredibly lazy

p5-catalyst-model-dbic-schema @0.660.0 (perl)
Helper for DBIC Schema Models

p5-catalyst-view-tt @0.460.0 (perl)
Helper for TT view which builds a skeleton web site

p5-catalyst-view-xslt @0.90.0 (perl)
Helper for XSLT Views

p5-extutils-f77 @1.260.0_1 (perl)
Helper for linking C with Fortran subroutines

p5-extutils-helpers @0.28.0 (perl)
ExtUtils::Helpers - Various portability utilities for module builders

p5-find-lib @1.40.0 (perl)
Find::Lib - Helper to smartly find libs to use in the filesystem tree

p5-sub-exporter-formethods @0.100.55 (perl)
Sub::Exporter::ForMethods - helper routines for using Sub::Exporter to build methods

p5-test-fatal @0.18.0 (perl)
Test::Fatal - incredibly simple helpers for testing code with exceptions

p5-xstring @0.5.0 (perl)
XString - Isolated String helpers from B

p5.28-b-cow @0.7.0 (perl)
B::COW - additional B helpers to check Copy-On-Write status

p5.28-b-utils @0.270.0 (perl)
B::Utils - Helper functions for op tree manipulation

p5.28-bio-db-ncbihelper @1.7.8 (perl)
Bio::DB::NCBIHelper - A collection of routines useful for queries to NCBI databases

p5.28-catalyst-helper-authdbic @0.170.0 (perl)
Helper to provide a simple authentication scaffold for a Catalyst application.

p5.28-catalyst-model-adaptor @0.100.0_1 (perl)
helper for the incredibly lazy

p5.28-catalyst-model-dbic-schema @0.660.0 (perl)
Helper for DBIC Schema Models

p5.28-catalyst-view-tt @0.460.0 (perl)
Helper for TT view which builds a skeleton web site

p5.28-catalyst-view-xslt @0.90.0 (perl)
Helper for XSLT Views

p5.28-extutils-f77 @1.260.0_1 (perl)
Helper for linking C with Fortran subroutines

p5.28-extutils-helpers @0.28.0 (perl)
ExtUtils::Helpers - Various portability utilities for module builders

p5.28-find-lib @1.40.0 (perl)
Find::Lib - Helper to smartly find libs to use in the filesystem tree

p5.28-sub-exporter-formethods @0.100.55 (perl)
Sub::Exporter::ForMethods - helper routines for using Sub::Exporter to build methods

p5.28-test-fatal @0.18.0 (perl)
Test::Fatal - incredibly simple helpers for testing code with exceptions

p5.28-xstring @0.5.0 (perl)
XString - Isolated String helpers from B

p5.30-b-cow @0.7.0 (perl)
B::COW - additional B helpers to check Copy-On-Write status

p5.30-b-utils @0.270.0 (perl)
B::Utils - Helper functions for op tree manipulation

p5.30-bio-db-ncbihelper @1.7.8 (perl)
Bio::DB::NCBIHelper - A collection of routines useful for queries to NCBI databases

p5.30-catalyst-helper-authdbic @0.170.0 (perl)
Helper to provide a simple authentication scaffold for a Catalyst application.

p5.30-catalyst-model-adaptor @0.100.0_1 (perl)
helper for the incredibly lazy

p5.30-catalyst-model-dbic-schema @0.660.0 (perl)
Helper for DBIC Schema Models

p5.30-catalyst-view-tt @0.460.0 (perl)
Helper for TT view which builds a skeleton web site

p5.30-catalyst-view-xslt @0.90.0 (perl)
Helper for XSLT Views

p5.30-extutils-f77 @1.260.0_1 (perl)
Helper for linking C with Fortran subroutines

p5.30-extutils-helpers @0.28.0 (perl)
ExtUtils::Helpers - Various portability utilities for module builders

p5.30-find-lib @1.40.0 (perl)
Find::Lib - Helper to smartly find libs to use in the filesystem tree

p5.30-sub-exporter-formethods @0.100.55 (perl)
Sub::Exporter::ForMethods - helper routines for using Sub::Exporter to build methods

p5.30-test-fatal @0.18.0 (perl)
Test::Fatal - incredibly simple helpers for testing code with exceptions

p5.30-xstring @0.5.0 (perl)
XString - Isolated String helpers from B

p5.32-b-cow @0.7.0 (perl)
B::COW - additional B helpers to check Copy-On-Write status

p5.32-b-utils @0.270.0 (perl)
B::Utils - Helper functions for op tree manipulation

p5.32-bio-db-ncbihelper @1.7.8 (perl)
Bio::DB::NCBIHelper - A collection of routines useful for queries to NCBI databases

p5.32-catalyst-helper-authdbic @0.170.0 (perl)
Helper to provide a simple authentication scaffold for a Catalyst application.

p5.32-catalyst-model-adaptor @0.100.0_1 (perl)
helper for the incredibly lazy

p5.32-catalyst-model-dbic-schema @0.660.0 (perl)
Helper for DBIC Schema Models

p5.32-catalyst-view-tt @0.460.0 (perl)
Helper for TT view which builds a skeleton web site

p5.32-catalyst-view-xslt @0.90.0 (perl)
Helper for XSLT Views

p5.32-extutils-f77 @1.260.0_1 (perl)
Helper for linking C with Fortran subroutines

p5.32-extutils-helpers @0.28.0 (perl)
ExtUtils::Helpers - Various portability utilities for module builders

p5.32-find-lib @1.40.0 (perl)
Find::Lib - Helper to smartly find libs to use in the filesystem tree

p5.32-sub-exporter-formethods @0.100.55 (perl)
Sub::Exporter::ForMethods - helper routines for using Sub::Exporter to build methods

p5.32-test-fatal @0.18.0 (perl)
Test::Fatal - incredibly simple helpers for testing code with exceptions

p5.32-xstring @0.5.0 (perl)
XString - Isolated String helpers from B

p5.34-b-cow @0.7.0 (perl)
B::COW - additional B helpers to check Copy-On-Write status

p5.34-b-utils @0.270.0 (perl)
B::Utils - Helper functions for op tree manipulation

p5.34-bio-db-ncbihelper @1.7.8 (perl)
Bio::DB::NCBIHelper - A collection of routines useful for queries to NCBI databases

p5.34-catalyst-helper-authdbic @0.170.0 (perl)
Helper to provide a simple authentication scaffold for a Catalyst application.

p5.34-catalyst-model-adaptor @0.100.0_1 (perl)
helper for the incredibly lazy

p5.34-catalyst-model-dbic-schema @0.660.0 (perl)
Helper for DBIC Schema Models

p5.34-catalyst-view-tt @0.460.0 (perl)
Helper for TT view which builds a skeleton web site

p5.34-catalyst-view-xslt @0.90.0 (perl)
Helper for XSLT Views

p5.34-extutils-f77 @1.260.0_1 (perl)
Helper for linking C with Fortran subroutines

p5.34-extutils-helpers @0.28.0 (perl)
ExtUtils::Helpers - Various portability utilities for module builders

p5.34-find-lib @1.40.0 (perl)
Find::Lib - Helper to smartly find libs to use in the filesystem tree

p5.34-sub-exporter-formethods @0.100.55 (perl)
Sub::Exporter::ForMethods - helper routines for using Sub::Exporter to build methods

p5.34-test-fatal @0.18.0 (perl)
Test::Fatal - incredibly simple helpers for testing code with exceptions

p5.34-xstring @0.5.0 (perl)
XString - Isolated String helpers from B

pearl @0.2.0_5 (devel, macports)
Helper for maintaining Macports Portfiles

pkcs11-helper @1.29.0 (security)
Library that simplifies the interaction with PKCS#11 providers for end-user applications using a simple API and optional OpenSSL engine

py-astropy-helpers @4.0.1 (python, science)
Helpers for Astropy and Affiliated packages

py-cli-helpers @2.4.0 (python)
Helpers for building command-line apps

py-extension-helpers @1.4.0 (python, devel, science)
Helpers to assist with building Python packages with compiled C/Cython extensions

py-google-i18n-address @3.1.1 (python, devel)
Address validation helpers for Google's i18n address database

py-grapheme @0.6.0 (python, devel)
Unicode grapheme helpers

py-gsecrets @1.3.3 (python, security, sysutils)
Helper library and CLI for interacting with the secrets store

py-itsdangerous @2.2.0 (python)
Various helpers to pass trusted data to untrusted environments and back

py-pygtkhelpers @0.4.3_1 (python)
A library to assist the building of PyGTK applications.

py-rfc3987-syntax @1.1.0 (python)
Helper functions to parse and validate the syntax of terms defined in RFC 3987 — the IETF standard for Internationalized Resource Identifiers (IRIs).

py-ropemode @0.5 (python)
ropemode, a helper for using rope refactoring library in IDEs

py-scikit-hep-mplhep @0.3.32 (python)
A set of helpers for matplotlib to more easily produce plots typically needed in HEP.

py-semver @3.0.4 (python)
Python helper for Semantic Versioning

py-serverlessrepo @0.1.10 (python, devel)
A Python library with convenience helpers for working with the AWS Serverless Application Repository.

py-testfixtures @10.0.0_1 (python, devel)
A collection of helpers and mock objects for tests

py-threadpoolctl @3.6.0 (python, science)
Helpers to limit the number of threads used in the common native libraries.

py-webhelpers @1.3 (python)
Web Helpers is a library of helper functions intended to make writing web applications easier.

py-webtest @3.0.0 (python)
Helper to test WSGI applications

py27-itsdangerous @1.1.0 (python)
Various helpers to pass trusted data to untrusted environments and back

py27-pygtkhelpers @0.4.3_1 (python)
A library to assist the building of PyGTK applications.

py27-ropemode @0.5 (python)
ropemode, a helper for using rope refactoring library in IDEs

py27-webhelpers @1.3 (python)
Web Helpers is a library of helper functions intended to make writing web applications easier.

py39-threadpoolctl @3.6.0 (python, science)
Helpers to limit the number of threads used in the common native libraries.

py310-astropy-helpers @4.0.1 (python, science)
Helpers for Astropy and Affiliated packages

py310-cli-helpers @2.4.0 (python)
Helpers for building command-line apps

py310-extension-helpers @1.4.0 (python, devel, science)
Helpers to assist with building Python packages with compiled C/Cython extensions

py310-grapheme @0.6.0 (python, devel)
Unicode grapheme helpers

py310-gsecrets @1.3.3 (python, security, sysutils)
Helper library and CLI for interacting with the secrets store

py310-itsdangerous @2.2.0 (python)
Various helpers to pass trusted data to untrusted environments and back

py310-rfc3987-syntax @1.1.0 (python)
Helper functions to parse and validate the syntax of terms defined in RFC 3987 — the IETF standard for Internationalized Resource Identifiers (IRIs).

py310-scikit-hep-mplhep @0.3.32 (python)
A set of helpers for matplotlib to more easily produce plots typically needed in HEP.

py310-semver @3.0.4 (python)
Python helper for Semantic Versioning

py310-serverlessrepo @0.1.10 (python, devel)
A Python library with convenience helpers for working with the AWS Serverless Application Repository.

py310-testfixtures @8.3.0_1 (python, devel)
A collection of helpers and mock objects for tests

py310-threadpoolctl @3.6.0 (python, science)
Helpers to limit the number of threads used in the common native libraries.

py310-webtest @3.0.0 (python)
Helper to test WSGI applications

py311-cli-helpers @2.4.0 (python)
Helpers for building command-line apps

py311-extension-helpers @1.4.0 (python, devel, science)
Helpers to assist with building Python packages with compiled C/Cython extensions

py311-grapheme @0.6.0 (python, devel)
Unicode grapheme helpers

py311-gsecrets @1.3.3 (python, security, sysutils)
Helper library and CLI for interacting with the secrets store

py311-itsdangerous @2.2.0 (python)
Various helpers to pass trusted data to untrusted environments and back

py311-rfc3987-syntax @1.1.0 (python)
Helper functions to parse and validate the syntax of terms defined in RFC 3987 — the IETF standard for Internationalized Resource Identifiers (IRIs).

py311-scikit-hep-mplhep @0.3.32 (python)
A set of helpers for matplotlib to more easily produce plots typically needed in HEP.

py311-semver @3.0.4 (python)
Python helper for Semantic Versioning

py311-testfixtures @10.0.0_1 (python, devel)
A collection of helpers and mock objects for tests

py311-threadpoolctl @3.6.0 (python, science)
Helpers to limit the number of threads used in the common native libraries.

py311-webtest @3.0.0 (python)
Helper to test WSGI applications

py312-cli-helpers @2.4.0 (python)
Helpers for building command-line apps

py312-extension-helpers @1.4.0 (python, devel, science)
Helpers to assist with building Python packages with compiled C/Cython extensions

py312-google-i18n-address @3.1.1 (python, devel)
Address validation helpers for Google's i18n address database

py312-grapheme @0.6.0 (python, devel)
Unicode grapheme helpers

py312-gsecrets @1.3.3 (python, security, sysutils)
Helper library and CLI for interacting with the secrets store

py312-itsdangerous @2.2.0 (python)
Various helpers to pass trusted data to untrusted environments and back

py312-rfc3987-syntax @1.1.0 (python)
Helper functions to parse and validate the syntax of terms defined in RFC 3987 — the IETF standard for Internationalized Resource Identifiers (IRIs).

py312-scikit-hep-mplhep @0.3.32 (python)
A set of helpers for matplotlib to more easily produce plots typically needed in HEP.

py312-semver @3.0.4 (python)
Python helper for Semantic Versioning

py312-testfixtures @10.0.0_1 (python, devel)
A collection of helpers and mock objects for tests

py312-threadpoolctl @3.6.0 (python, science)
Helpers to limit the number of threads used in the common native libraries.

py312-webtest @3.0.0 (python)
Helper to test WSGI applications

py313-cli-helpers @2.4.0 (python)
Helpers for building command-line apps

py313-extension-helpers @1.4.0 (python, devel, science)
Helpers to assist with building Python packages with compiled C/Cython extensions

py313-google-i18n-address @3.1.1 (python, devel)
Address validation helpers for Google's i18n address database

py313-grapheme @0.6.0 (python, devel)
Unicode grapheme helpers

py313-itsdangerous @2.2.0 (python)
Various helpers to pass trusted data to untrusted environments and back

py313-rfc3987-syntax @1.1.0 (python)
Helper functions to parse and validate the syntax of terms defined in RFC 3987 — the IETF standard for Internationalized Resource Identifiers (IRIs).

py313-scikit-hep-mplhep @0.3.32 (python)
A set of helpers for matplotlib to more easily produce plots typically needed in HEP.

py313-semver @3.0.4 (python)
Python helper for Semantic Versioning

py313-testfixtures @10.0.0_1 (python, devel)
A collection of helpers and mock objects for tests

py313-threadpoolctl @3.6.0 (python, science)
Helpers to limit the number of threads used in the common native libraries.

py314-extension-helpers @1.4.0 (python, devel, science)
Helpers to assist with building Python packages with compiled C/Cython extensions

py314-google-i18n-address @3.1.1 (python, devel)
Address validation helpers for Google's i18n address database

py314-grapheme @0.6.0 (python, devel)
Unicode grapheme helpers

py314-rfc3987-syntax @1.1.0 (python)
Helper functions to parse and validate the syntax of terms defined in RFC 3987 — the IETF standard for Internationalized Resource Identifiers (IRIs).

py314-semver @3.0.4 (python)
Python helper for Semantic Versioning

py314-testfixtures @10.0.0_1 (python, devel)
A collection of helpers and mock objects for tests

py314-threadpoolctl @3.6.0 (python, science)
Helpers to limit the number of threads used in the common native libraries.

R-arrayhelpers @1.1-0_2 (R, science)
Convenience functions for arrays

R-BBmisc @1.13_2 (R, science, devel)
Miscellaneous helper functions

R-broom.helpers @1.17.0 (R, science)
Helpers for model coefficients tibbles

R-cellranger @1.1.0_2 (R, science)
Helper functions to work with spreadsheets

R-extras @0.7.3 (R, science, math)
Helper functions for Bayesian analyses

R-fauxpas @0.5.2_1 (R, science, net)
HTTP status code helper

R-forge @0.2.0_2 (R, science, devel)
Helper functions with a consistent interface to coerce and verify the types and shapes of values for input checking.

R-fritools @4.3.0_1 (R, science, sysutils)
Miscellaneous utilities, tools and helper functions for finding and searching files on disk, searching for and removing R objects from the workspace

R-ftExtra @0.6.4 (R, science)
Helper functions for R-flextable package

R-hexSticker @0.4.9_1 (R, science)
Helper functions for creating reproducible hexagon sticker purely in R

R-httpcode @0.3.0_2 (R, science)
HTTP status code helper

R-httptest2 @1.1.0 (R, science)
Test helpers for R-httr2

R-jagshelper @0.4.1 (R, science, math)
Extracting and visualizing output from R-jagsUI

R-jstor @0.3.11_1 (R, science)
Functions and helpers to import metadata, ngrams and full-texts delivered by Data for Research by JSTOR

R-mlr3misc @0.15.1 (R, science)
Helper functions for R-mlr3

R-ooplah @0.2.0_2 (R, science, devel)
Helper functions for class object-oriented programming in R with an emphasis on R6

R-orgutils @0.5-0_1 (R, science)
Helper functions for Org files

R-ParamHelpers @1.14.1_1 (R, science, math)
Helpers for parameters in black-box optimization, tuning and machine learning

R-RcppInt64 @0.0.5 (R, science, devel)
Rcpp-based helper functions to pass Int64 values between R and C++

R-reactR @0.6.1 (R, science)
React helpers

R-RMKdiscrete @0.2_1 (R, science, math)
Sundry discrete probability distributions and helper functions

R-semhelpinghands @0.1.12 (R, science, math)
Helper functions for structural equation modelling

R-sloop @1.0.1_1 (R, science, devel)
Helpers for OOP in R

R-sqlhelper @0.2.1_1 (R, science, databases)
Easier SQL integration

R-sqlHelpers @0.1.2_1 (R, science, databases)
Collection of SQL utilities

R-tidyformula @0.1.0_2 (R, science)
Build formulas using tidy selection helpers

R-tidyterra @0.6.1 (R, science, math)
R-tidyverse methods and R-ggplot2 helpers for R-terra objects

R-tinytex @0.54 (R, science, tex)
Helper functions to install and maintain TeX Live, and compile LaTeX documents

R-vek @1.0.0 (R, science)
Predicate helper functions for testing simple atomic vectors

R-wrappr @0.1.0_1 (R, science)
Helper functions to easily add functionality to functions

R-yodel @1.0.0_1 (R, science, math)
General Bayesian model averaging helper

rb19-hoe @2.9.1 (ruby)
rake/rubygems helper for project Rakefiles

td_lib @20250928 (devel)
Helper library for Thomas Dickey tools

zopeedit @0.8_1 (www, zope, python)
Client helper application for Zope ExternalEditor support

Found 211 ports.
