GaussianLib @2023.02.17 (devel, math)
Basic linear algebra C++ library for 2D and 3D applications

KlustaKwik @2.0.1_1 (science)
A program for automatic clustering of continuous data into a mixture of Gaussians.

libint @2.0.3 (science)
a library for the evaluation of molecular integrals of many-body operators over Gaussian functions

maskedKlustaKwik @3.0.2 (science)
A program for automatic clustering of continuous data into a mixture of Gaussians.

R-aghq @0.4.1_1 (R, science, math)
Adaptive Gauss hermite quadrature for Bayesian inference

R-bayesanova @1.6_1 (R, science, math)
Bayesian inference in the Analysis of Variance via Markov Chain Monte Carlo in gaussian mixture models

R-BayesNSGP @0.1.2 (R, science, math)
Bayesian analysis of non-stationary gaussian process models

R-bayest @1.5_1 (R, science, math)
Effect size targeted Bayesian two-sample t-tests via Markov chain Monte Carlo in Gaussian mixture models

R-baygel @0.3.0_2 (R, science, math)
Bayesian estimators for Gaussian graphical models

R-BCDAG @1.1.1 (R, science, math)
Bayesian structure and causal learning of Gaussian directed graphs

R-BGGM @2.1.4 (R, science, math)
Bayesian Gaussian Graphical Models

R-bgmm @1.8.5_1 (R, science, math)
Gaussian mixture modelling algorithms and the belief-based mixture modelling

R-bigGP @0.1.8_1 (R, science, math, parallel)
Distributed Gaussian process calculations

R-bpgmm @1.0.9_2 (R, science, math)
Bayesian model selection approach for parsimonious Gaussian mixture models

R-bssm @2.0.2_1 (R, science, math)
Bayesian inference of non-linear and non-Gaussian state space models

R-cglasso @2.0.7_1 (R, science, math)
Conditional graphical lasso for Gaussian graphical models with censored and missing values

R-CGNM @0.9.0 (R, science, math)
Cluster Gauss–Newton Method

R-CGP @2.1-1_1 (R, science, math)
Composite Gaussian Process Models

R-ClusterR @1.3.3 (R, science, math)
Gaussian mixture models, k-means, mini-batch-kmeans, k-medoids and affinity propagation clustering

R-ClusVis @1.2.0_2 (R, science)
Gaussian-based visualization of Gaussian and non-Gaussian model-based clustering

R-cmvnorm @1.0-7_2 (R, science, math)
Complex multivariate Gaussian distribution

R-deepgp @1.1.3 (R, science, math)
Bayesian Deep Gaussian Processes using MCMC

R-EMCluster @0.2-16 (R, science, math)
EM algorithm for model-based clustering of finite mixture Gaussian distribution

R-emg @1.0.9_1 (R, science, math)
Exponentially-Modified Gaussian (EMG) distribution

R-ExGaussEstim @0.1.2_1 (R, science, math)
Quantile maximization likelihood estimation and Bayesian ex-Gaussian estimation

R-FastGaSP @0.5.3 (R, science, math)
Fast and exact computation of Gaussian stochastic process

R-fastGHQuad @1.0.1_2 (R, science, math)
Fast Rcpp implementation of Gauss–Hermite quadrature

R-FastGP @1.2_1 (R, science, math)
Efficiently use Gaussian processes with R-Rcpp and R-RcppEigen

R-gausscov @1.1.3 (R, science, math)
Gaussian covariate method for variable selection

R-gaussDiff @1.1_1 (R, science, math)
Difference measures for multivariate Gaussian probability density functions

R-GaussianHMM1d @1.1.1_1 (R, science, math)
Inference, goodness-of-fit and forecast for univariate Gaussian hidden Markov models

R-gaussquad @1.0-3_2 (R, science, math)
Collection of functions for gaussian quadrature

R-ggmr @0.1.1_1 (R, science, math)
Generalized Gauss Markov Regression

R-glasso @1.11_2 (R, science, math)
Graphical lasso: estimation of gaussian graphical models

R-GLMMadaptive @0.9-1_1 (R, science, math)
Generalized linear mixed models using adaptive Gaussian quadrature

R-GMCM @1.4_1 (R, science, math)
Fast estimation of Gaussian mixture copula models

R-gmvarkit @2.1.3 (R, science, math)
Estimate Gaussian and Student t mixture vector autoregressive models

R-GPareto @1.1.8_1 (R, science, math)
Gaussian processes for Pareto front estimation and optimization

R-gpboost @1.5.4 (R, science, math)
Combining tree-boosting with Gaussian process and mixed effects models

R-GPFDA @3.1.3_1 (R, science, math)
Gaussian Process for Functional Data Analysis

R-GPfit @1.0-8_2 (R, science, math)
Gaussian Processes modeling

R-GpGp @0.5.0_2 (R, science, math)
Fast Gaussian process computation using Vecchiaʼs approximation

R-GPM @3.0.1_1 (R, science, math)
Gaussian process modeling of multi-response and possibly noisy datasets

R-gppm @0.2.0_2 (R, science, math)
Implementation of Gaussian process panel modeling in R

R-gRc @0.5.0_1 (R, science, math)
Inference in graphical Gaussian models with edge and vertex symmetries

R-HeteroGGM @1.0.1_1 (R, science, math)
Gaussian graphical model-based heterogeneity analysis

R-hetGP @1.1.7 (R, science, math)
Heteroskedastic Gaussian process modelling and design under replication

R-hypergeo @1.2-13_2 (R, science, math)
The Gaussian hypergeometric function for complex numbers

R-jeek @1.1.1_1 (R, science, math)
Fast and scalable joint estimator for integrating additional knowledge in learning multiple related sparse gaussian graphical models

R-laGP @1.5-9_1 (R, science, math)
Local approximate gaussian process regression

R-LambertW @0.6.9-1_1 (R, science, math)
Probabilistic models to analyze and gaussianize heavy-tailed, skewed data

R-lg @0.4.1_1 (R, science, math)
Locally Gaussian distributions – estimation and methods

R-lgpr @1.2.4_2 (R, science, math)
Longitudinal Gaussian Process Regression

R-localgauss @0.41_1 (R, science, math)
Estimation of local Gaussian parameters

R-LVGP @2.1.5_1 (R, science, math)
Latent variable gaussian process modeling with qualitative and quantitative input variables

R-magi @1.2.4 (R, science, math)
Manifold-constrained Gaussian process inference

R-mcgf @1.1.1 (R, science, math)
Markov Chain Gaussian Fields simulation and parameter estimation

R-mclust @6.1.1 (R, science, math)
Gaussian mixture modelling for model-based clustering, classification and density estimation

R-mdgc @0.1.7_1 (R, science, math)
Missing data imputation using gaussian copulas

R-mggd @1.3.1 (R, science, math)
Multivariate Generalised Gaussian Distribution

R-MGMM @1.0.1.1_1 (R, science, math)
Missingness-aware Gaussian Mixture Models

R-mlegp @3.1.9_2 (R, science, math)
Maximum Likelihood Estimates of Gaussian Processes

R-mvgb @0.0.6 (R, science, math)
Generate multivariate sub-gaussian stable probabilities using the QRSVN algorithm

R-nlme @3.1-166 (R, science, math, economics)
Fit and compare Gaussian linear and nonlinear mixed-effects models

R-nor1mix @1.3-3_1 (R, science, math)
Gaussian mixture models (S3 classes and methods)

R-pgmm @1.2.7_1 (R, science, math)
Parsimonious Gaussian Mixture Models

R-psgp @0.3-21_1 (R, science, math)
Projected spatial Gaussian process methods

R-qGaussian @0.1.8_2 (R, science, math)
q-Gaussian distribution

R-rbmn @0.9-6_1 (R, science, math)
Handling of linear Gaussian Bayesian networks

R-regress @1.3-21_1 (R, science, math)
Gaussian linear models with linear covariance structure

R-Rgbp @1.1.4_2 (R, science, math)
Hierarchical modelling and frequency method checking on overdispersed Gaussian, Poisson and Binomial data

R-RGN @1.0.0_1 (R, science, math)
Robust Gauss–Newton (RGN) optimization of sum-of-squares objective function

R-RobustAFT @1.4-7_1 (R, science, math)
Truncated maximum likelihood fit and robust accelerated failure time regression for Gaussian and log-Weibull case

R-RobustGaSP @0.6.6_1 (R, science, math)
Robust Gaussian stochastic process emulation

R-SAGMM @0.2.4_1 (R, science, math)
Clustering via stochastic approximation and Gaussian mixture models

R-singR @0.1.2_1 (R, science, math)
Simultaneous non-gaussian component analysis

R-sparseLDA @0.1-9_1 (R, science, math)
Sparse linear discriminant analysis for Gaussians and mixture of Gaussian models

R-spNNGP @1.0.1 (R, science, math)
Spatial regression models for large datasets using nearest neighbor Gaussian processes

R-TAG @0.5.1_1 (R, science, math)
Transformed Additive Gaussian processes

R-tgp @2.4-23 (R, science, math)
Bayesian Treed Gaussian Process models

R-truncreg @0.2-5_1 (R, science, math)
Truncated Gaussian regression models

Found 81 ports.
