abaddon @0.2.1_3 (net, www)
Alternative Discord client with voice support

abook @0.5.6_3 (mail)
Address book with mutt support

add @20250914 (math)
Fixed-point, full screen calculator.

addrwatch @1.0.2 (net)
a tool similar to arpwatch for IPv4/IPv6 and ethernet address pairing monitoring

arpd @0.2_6 (net, security)
user space ARP (Address Resolution Protocol) daemon

arping @2.26 (net)
utility to find out if an IP address is already taken on a LAN

audacious-plugins @4.5.1_2 (audio)
Adds I/O, audio decoding, audio transforming and UI plugins.

beets-noimport @0.1.0b5 (audio)
Beets plugin to add directories to the incremental import 'do not import' list

blt @2.5.3_1 (x11)
BLT is an extension to the Tk toolkit, adding new widgets, geometry managers, and miscellaneous commands.

BwanaDik @3.3 (aqua, net)
IP address (WAN and LAN) reporter.

bzr-git @0.6.8 (devel, python)
Plugin that adds support for git repositories

caddy @2.10.2 (www)
Fast, multi-platform web server with automatic HTTPS

cl-nibbles @20230920 (lisp, devel)
A Common Lisp library for accessing octet-addressed blocks of data

contacts @1.1_1 (sysutils)
command line tool to access Mac OS X's Address Book

dlume @0.2.4 (x11, databases)
A gtk2-based addressbook.

dvdisaster @0.72.3 (sysutils)
Additional error correction for CD, DVD and BD media.

evolution-data-server @3.36.5_12 (gnome)
Addressbook and calender libs for GNOME.

evolution-data-server-gtk4 @3.52.4_1 (gnome)
Addressbook and calender libs for GNOME.

GASNet @1.26.3_1 (devel, net, parallel, net, science)
Global-Address Space Networking

gauche-readline @0.1_1 (devel)
gauche-readline adds input line editing feature to Gauche

grepcidr @2.0_2 (sysutils, net)
Filter IPv4 and IPv6 addresses matching CIDR patterns

hg-evolve @11.1.8_1 (devel)
Additional history rewriting commands for Mercurial.

hledger-iadd @1.3.21 (finance, haskell)
A terminal UI as drop-in replacement for hledger add

ipcalc @0.51 (net)
calculates various network masks etc. from given ip-address

iplike @2.3.0 (databases)
PostgreSQL IP address query interface

ipv6calc @4.4.0 (net)
A small utility to manipulate (not only) IPv6 addresses.

kdeartwork @4.14.3_3 (kde, kde4)
This package contains additional themes, screensaver, sounds, wallpapers, widget styles and window styles for KDE.

kiriki @4.14.3_3 (kde, kde4, games)
Kiriki is an addictive and fun dice game for KDE.

klines @4.14.3_3 (kde, kde4, games)
KLines is a simple but highly addictive, one player game for KDE.

legacy-support @1.5.2 (devel)
Installs wrapper headers and a runtime library to add missing functionality to legacy OSX versions.

legacy-support-devel @20250924 (devel)
Installs wrapper headers and a runtime library to add missing functionality to legacy OSX versions.

libgeoip @1.6.12 (devel, net)
Gets country code by IP address

libipgeo @1.3_2 (net)
A small library written on top of the IP2LOCATION database allowing the user to do geo-targeting of IP addresses

libpostal @1.1.4 (textproc)
A C library for parsing/normalizing street addresses around the world

librfc822 @1.2 (mail)
complete parser for RFC822 addresses

libsdl2_image @2.8.8 (devel, graphics)
Add on library for libSDL handling several image formats

libsdl2_ttf @2.24.0 (devel, graphics)
add on library for libSDL for rendering TrueType fonts

libsdl_image @1.2.12-20220527_1 (devel, graphics)
Add on library for libSDL handling several image formats

libsdl_ttf @2.0.11-20220526 (devel, graphics)
add on library for libSDL for rendering TrueType fonts

libtapi @1300.6.5-20231128 (devel)
libtapi adds ld64 linker support for text-based API libraries.

macchanger @1.6.1 (net, security)
Change your mac address, for macOS/OS X

maddy @0.7.1 (mail)
Composable all-in-one mail server

maddy-parser @1.3.0 (devel)
C++ markdown to HTML header-only parser library

mod_dnssd @0.6_1 (www)
Apache module to add Zeroconf support via DNS-SD using Avahi

mono-addins @1.3.3 (devel)
Mono.Addins is a framework for creating extensible applications

mpvim @20191228 (editors, macports)
mpvim adds MacPorts support to vim.

neomutt @20240329_1 (mail)
The Mutt E-Mail Client (patched version with added features)

notmuch-addrlookup @8 (mail)
Address lookup tool for Notmuch in C using GLib and libnotmuch

ocaml-not-ocamlfind @0.13 (ocaml, devel)
A small frontend for ocamlfind that adds a few useful commands

ocrmypdf @16.13.0 (textproc)
ocrmypdf adds an OCR text layer to scanned PDF files, allowing them to be searched

octave-financial @0.5.4 (octave, math, science)
Financial manipulation, plotting functions and additional date manipulation tools.

octave-linear-algebra @2.2.3_1 (octave, math, science)
Additional linear algebra code, including general SVD and matrix functions.

octave-splines @1.3.5 (octave, math, science)
Additional Cubic spline functions.

octave-statistics @1.8.0 (octave, math, science)
Additional statistics functions for Octave.

octave-strings @1.3.1_2 (octave, math, science)
Additional manipulation functions.

octave-struct @1.0.18_4 (octave, math, science)
Additional Structure manipulations functions.

octave-timer @0.1.2 (octave, math, science)
Matlab-compatible superclass allowing to add new properties dynamically.

octave-video @2.1.3 (octave, math, science)
A wrapper for ffmpeg's libavformat and libavcodec, implementing addframe, avifile, aviinfo, and aviread

openspecfun @0.5.7 (math)
The OpenSpecFun library largely includes two libraries, AMOS and Faddeeva.

oui @2.0.6 (net)
MAC Address CLI Toolkit

p5-b-cow @0.7.0 (perl)
B::COW - additional B helpers to check Copy-On-Write status

p5-class-trigger @0.150.0 (perl)
Mixin to add / call inheritable triggers

p5-crypt-ssleay @0.720.0_3 (perl)
module to add SSL support to LWP

p5-dbix-contextualfetch @1.30.0_3 (perl)
Add contextual fetches to DBI

p5-devel-declare @0.6.22 (perl)
(DEPRECATED) Devel::Declare - Adding keywords to perl, in perl

p5-dist-zilla-plugin-authority @1.9.0 (perl)
Dist::Zilla::Plugin::Authority - Add the AUTHORITY variable and metadata to your distribution

p5-dist-zilla-plugin-git-contributors @0.38.0 (perl)
Dist::Zilla::Plugin::Git::Contributors - Add contributor names from git to your distribution

p5-dist-zilla-plugin-git-describe @0.8.0 (perl)
Dist::Zilla::Plugin::Git::Describe - add the results of `git describe` (roughly) to your main module

p5-dist-zilla-plugin-keywords @0.7.0 (perl)
Dist::Zilla::Plugin::Keywords - Add keywords to metadata in your distribution

p5-dist-zilla-plugin-metamergefile @0.5.0 (perl)
Dist::Zilla::Plugin::MetaMergeFile - Add arbitrary metadata using a mergefile

p5-dist-zilla-plugin-prereqs-authordeps @0.7.0 (perl)
Dist::Zilla::Plugin::Prereqs::AuthorDeps - Add Dist::Zilla authordeps to META files as develop prereqs

p5-dist-zilla-role-pluginbundle-pluginremover @0.105.0 (perl)
Dist::Zilla::Role::PluginBundle::PluginRemover - Add '-remove' functionality to a bundle

p5-email-address @1.913.0 (perl)
Email::Address - RFC 2822 Address Parsing and Creation

p5-email-address-xs @1.50.0 (perl)
Email::Address::XS - Parse and format RFC 2822 email addresses and groups

p5-email-valid @1.204.0 (perl)
Check validity of Internet email addresses

p5-geo-coder-osm @0.30.0 (perl)
Geo::Coder::OSM - Geocode addresses with the OpenStreetMap Nominatim API

p5-geo-ip @1.510.0 (perl)
Look up location and network information by IP Address

p5-html-treebuilder-xpath @0.140.0_1 (perl)
add XPath support to HTML::TreeBuilder

p5-http-response-encoding @0.60.0_3 (perl)
Adds encoding() to HTTP::Response

p5-http-tiny-multipart @0.80.0 (perl)
HTTP::Tiny::Multipart - Add post_multipart to HTTP::Tiny

p5-ip-country @2.280.0 (perl, net)
Fast lookup of country codes from IP addresses

p5-lib-relative @1.2.0 (perl)
lib::relative - Add paths relative to the current file to @INC

p5-mail-rfc822-address @0.300.0 (perl)
Perl extension for validating email addresses according to RFC822

p5-masonx-request-withapachesession @0.310.0_3 (perl)
Add a session to the Mason Request object

p5-memoize-expirelru @0.560.0 (perl)
Expiry plug-in for Memoize that adds LRU cache expiration

p5-net-cidr-lite @0.220.0 (perl)
Net::CIDR::Lite - Perl extension for merging IPv4 or IPv6 CIDR addresses

p5-net-ip @1.260.0_1 (perl)
Perl extension for manipulating IPv4/IPv6 addresses

p5-net-ip-checker @0.30.0 (perl)
Net::IP::Checker - IPv4/IPv6 addresses validator

p5-net-ip-match-regexp @1.10.0_3 (perl)
Net::IP::Match::Regexp - Efficiently match IP addresses against ranges

p5-net-ipv4addr @0.100.0_3 (perl)
Parse IPv4 addresses in traditional and CIDR formats

p5-net-ipv6addr @1.20.0 (perl)
functions for parsing IPv6 addresses

p5-net-patricia @1.240.0 (perl)
Net::Patricia - Patricia Trie perl module for fast IP address lookups

p5-netaddr-ip @4.79.0 (perl, net)
Manages IPv4 and IPv6 addresses and subnets

p5-pdf-api2-xs @1.2.0 (perl)
PDF::API2::XS - Optional PDF::API2 add-on using XS to speed up expensive operations

p5-perlio-via-timeout @0.320.0 (perl)
a PerlIO layer that adds read & write timeout to a handle

p5-regexp-ipv4 @0.3.0 (perl)
Regexp::IPv4 - Regular expression for IPv4 addresses

p5-regexp-ipv6 @0.30.0 (perl)
Regexp::IPv6 - Regular expression for IPv6 addresses

p5-sys-hostip @2.120.0 (perl)
Sys::HostIP - Try extra hard to get IP address related info

p5-test-failwarnings @0.8.0 (perl)
Test::FailWarnings - Add test failures if warnings are caught

p5-xml-dom-xpath @0.140.0_3 (perl)
Adds XPath support to XML::DOM, using XML::XPath engine

p5.28-b-cow @0.7.0 (perl)
B::COW - additional B helpers to check Copy-On-Write status

p5.28-class-trigger @0.150.0 (perl)
Mixin to add / call inheritable triggers

p5.28-crypt-ssleay @0.720.0_3 (perl)
module to add SSL support to LWP

p5.28-dbix-contextualfetch @1.30.0_3 (perl)
Add contextual fetches to DBI

p5.28-devel-declare @0.6.22 (perl)
(DEPRECATED) Devel::Declare - Adding keywords to perl, in perl

p5.28-dist-zilla-plugin-authority @1.9.0 (perl)
Dist::Zilla::Plugin::Authority - Add the AUTHORITY variable and metadata to your distribution

p5.28-dist-zilla-plugin-git-contributors @0.38.0 (perl)
Dist::Zilla::Plugin::Git::Contributors - Add contributor names from git to your distribution

p5.28-dist-zilla-plugin-git-describe @0.8.0 (perl)
Dist::Zilla::Plugin::Git::Describe - add the results of `git describe` (roughly) to your main module

p5.28-dist-zilla-plugin-keywords @0.7.0 (perl)
Dist::Zilla::Plugin::Keywords - Add keywords to metadata in your distribution

p5.28-dist-zilla-plugin-metamergefile @0.5.0 (perl)
Dist::Zilla::Plugin::MetaMergeFile - Add arbitrary metadata using a mergefile

p5.28-dist-zilla-plugin-prereqs-authordeps @0.7.0 (perl)
Dist::Zilla::Plugin::Prereqs::AuthorDeps - Add Dist::Zilla authordeps to META files as develop prereqs

p5.28-dist-zilla-role-pluginbundle-pluginremover @0.105.0 (perl)
Dist::Zilla::Role::PluginBundle::PluginRemover - Add '-remove' functionality to a bundle

p5.28-email-address @1.913.0 (perl)
Email::Address - RFC 2822 Address Parsing and Creation

p5.28-email-address-xs @1.50.0 (perl)
Email::Address::XS - Parse and format RFC 2822 email addresses and groups

p5.28-email-valid @1.204.0 (perl)
Check validity of Internet email addresses

p5.28-geo-coder-osm @0.30.0 (perl)
Geo::Coder::OSM - Geocode addresses with the OpenStreetMap Nominatim API

p5.28-geo-ip @1.510.0 (perl)
Look up location and network information by IP Address

p5.28-html-treebuilder-xpath @0.140.0_1 (perl)
add XPath support to HTML::TreeBuilder

p5.28-http-response-encoding @0.60.0_3 (perl)
Adds encoding() to HTTP::Response

p5.28-http-tiny-multipart @0.80.0 (perl)
HTTP::Tiny::Multipart - Add post_multipart to HTTP::Tiny

p5.28-ip-country @2.280.0 (perl, net)
Fast lookup of country codes from IP addresses

p5.28-lib-relative @1.2.0 (perl)
lib::relative - Add paths relative to the current file to @INC

p5.28-mail-rfc822-address @0.300.0 (perl)
Perl extension for validating email addresses according to RFC822

p5.28-masonx-request-withapachesession @0.310.0_3 (perl)
Add a session to the Mason Request object

p5.28-memoize-expirelru @0.560.0 (perl)
Expiry plug-in for Memoize that adds LRU cache expiration

p5.28-net-cidr-lite @0.220.0 (perl)
Net::CIDR::Lite - Perl extension for merging IPv4 or IPv6 CIDR addresses

p5.28-net-ip @1.260.0_1 (perl)
Perl extension for manipulating IPv4/IPv6 addresses

p5.28-net-ip-checker @0.30.0 (perl)
Net::IP::Checker - IPv4/IPv6 addresses validator

p5.28-net-ip-match-regexp @1.10.0_3 (perl)
Net::IP::Match::Regexp - Efficiently match IP addresses against ranges

p5.28-net-ipv4addr @0.100.0_3 (perl)
Parse IPv4 addresses in traditional and CIDR formats

p5.28-net-ipv6addr @1.20.0 (perl)
functions for parsing IPv6 addresses

p5.28-net-patricia @1.240.0 (perl)
Net::Patricia - Patricia Trie perl module for fast IP address lookups

p5.28-netaddr-ip @4.79.0 (perl, net)
Manages IPv4 and IPv6 addresses and subnets

p5.28-pdf-api2-xs @1.2.0 (perl)
PDF::API2::XS - Optional PDF::API2 add-on using XS to speed up expensive operations

p5.28-perlio-via-timeout @0.320.0 (perl)
a PerlIO layer that adds read & write timeout to a handle

p5.28-regexp-ipv4 @0.3.0 (perl)
Regexp::IPv4 - Regular expression for IPv4 addresses

p5.28-regexp-ipv6 @0.30.0 (perl)
Regexp::IPv6 - Regular expression for IPv6 addresses

p5.28-sys-hostip @2.120.0 (perl)
Sys::HostIP - Try extra hard to get IP address related info

p5.28-test-failwarnings @0.8.0 (perl)
Test::FailWarnings - Add test failures if warnings are caught

p5.28-xml-dom-xpath @0.140.0_3 (perl)
Adds XPath support to XML::DOM, using XML::XPath engine

p5.30-b-cow @0.7.0 (perl)
B::COW - additional B helpers to check Copy-On-Write status

p5.30-class-trigger @0.150.0 (perl)
Mixin to add / call inheritable triggers

p5.30-crypt-ssleay @0.720.0_3 (perl)
module to add SSL support to LWP

p5.30-dbix-contextualfetch @1.30.0_3 (perl)
Add contextual fetches to DBI

p5.30-devel-declare @0.6.22 (perl)
(DEPRECATED) Devel::Declare - Adding keywords to perl, in perl

p5.30-dist-zilla-plugin-authority @1.9.0 (perl)
Dist::Zilla::Plugin::Authority - Add the AUTHORITY variable and metadata to your distribution

p5.30-dist-zilla-plugin-git-contributors @0.38.0 (perl)
Dist::Zilla::Plugin::Git::Contributors - Add contributor names from git to your distribution

p5.30-dist-zilla-plugin-git-describe @0.8.0 (perl)
Dist::Zilla::Plugin::Git::Describe - add the results of `git describe` (roughly) to your main module

p5.30-dist-zilla-plugin-keywords @0.7.0 (perl)
Dist::Zilla::Plugin::Keywords - Add keywords to metadata in your distribution

p5.30-dist-zilla-plugin-metamergefile @0.5.0 (perl)
Dist::Zilla::Plugin::MetaMergeFile - Add arbitrary metadata using a mergefile

p5.30-dist-zilla-plugin-prereqs-authordeps @0.7.0 (perl)
Dist::Zilla::Plugin::Prereqs::AuthorDeps - Add Dist::Zilla authordeps to META files as develop prereqs

p5.30-dist-zilla-role-pluginbundle-pluginremover @0.105.0 (perl)
Dist::Zilla::Role::PluginBundle::PluginRemover - Add '-remove' functionality to a bundle

p5.30-email-address @1.913.0 (perl)
Email::Address - RFC 2822 Address Parsing and Creation

p5.30-email-address-xs @1.50.0 (perl)
Email::Address::XS - Parse and format RFC 2822 email addresses and groups

p5.30-email-valid @1.204.0 (perl)
Check validity of Internet email addresses

p5.30-geo-coder-osm @0.30.0 (perl)
Geo::Coder::OSM - Geocode addresses with the OpenStreetMap Nominatim API

p5.30-geo-ip @1.510.0 (perl)
Look up location and network information by IP Address

p5.30-html-treebuilder-xpath @0.140.0_1 (perl)
add XPath support to HTML::TreeBuilder

p5.30-http-response-encoding @0.60.0_3 (perl)
Adds encoding() to HTTP::Response

p5.30-http-tiny-multipart @0.80.0 (perl)
HTTP::Tiny::Multipart - Add post_multipart to HTTP::Tiny

p5.30-ip-country @2.280.0 (perl, net)
Fast lookup of country codes from IP addresses

p5.30-lib-relative @1.2.0 (perl)
lib::relative - Add paths relative to the current file to @INC

p5.30-mail-rfc822-address @0.300.0 (perl)
Perl extension for validating email addresses according to RFC822

p5.30-masonx-request-withapachesession @0.310.0_3 (perl)
Add a session to the Mason Request object

p5.30-memoize-expirelru @0.560.0 (perl)
Expiry plug-in for Memoize that adds LRU cache expiration

p5.30-net-cidr-lite @0.220.0 (perl)
Net::CIDR::Lite - Perl extension for merging IPv4 or IPv6 CIDR addresses

p5.30-net-ip @1.260.0_1 (perl)
Perl extension for manipulating IPv4/IPv6 addresses

p5.30-net-ip-checker @0.30.0 (perl)
Net::IP::Checker - IPv4/IPv6 addresses validator

p5.30-net-ip-match-regexp @1.10.0_3 (perl)
Net::IP::Match::Regexp - Efficiently match IP addresses against ranges

p5.30-net-ipv4addr @0.100.0_3 (perl)
Parse IPv4 addresses in traditional and CIDR formats

p5.30-net-ipv6addr @1.20.0 (perl)
functions for parsing IPv6 addresses

p5.30-net-patricia @1.240.0 (perl)
Net::Patricia - Patricia Trie perl module for fast IP address lookups

p5.30-netaddr-ip @4.79.0 (perl, net)
Manages IPv4 and IPv6 addresses and subnets

p5.30-pdf-api2-xs @1.2.0 (perl)
PDF::API2::XS - Optional PDF::API2 add-on using XS to speed up expensive operations

p5.30-perlio-via-timeout @0.320.0 (perl)
a PerlIO layer that adds read & write timeout to a handle

p5.30-regexp-ipv4 @0.3.0 (perl)
Regexp::IPv4 - Regular expression for IPv4 addresses

p5.30-regexp-ipv6 @0.30.0 (perl)
Regexp::IPv6 - Regular expression for IPv6 addresses

p5.30-sys-hostip @2.120.0 (perl)
Sys::HostIP - Try extra hard to get IP address related info

p5.30-test-failwarnings @0.8.0 (perl)
Test::FailWarnings - Add test failures if warnings are caught

p5.30-xml-dom-xpath @0.140.0_3 (perl)
Adds XPath support to XML::DOM, using XML::XPath engine

p5.32-b-cow @0.7.0 (perl)
B::COW - additional B helpers to check Copy-On-Write status

p5.32-class-trigger @0.150.0 (perl)
Mixin to add / call inheritable triggers

p5.32-crypt-ssleay @0.720.0_3 (perl)
module to add SSL support to LWP

p5.32-dbix-contextualfetch @1.30.0_3 (perl)
Add contextual fetches to DBI

p5.32-devel-declare @0.6.22 (perl)
(DEPRECATED) Devel::Declare - Adding keywords to perl, in perl

p5.32-dist-zilla-plugin-authority @1.9.0 (perl)
Dist::Zilla::Plugin::Authority - Add the AUTHORITY variable and metadata to your distribution

p5.32-dist-zilla-plugin-git-contributors @0.38.0 (perl)
Dist::Zilla::Plugin::Git::Contributors - Add contributor names from git to your distribution

p5.32-dist-zilla-plugin-git-describe @0.8.0 (perl)
Dist::Zilla::Plugin::Git::Describe - add the results of `git describe` (roughly) to your main module

p5.32-dist-zilla-plugin-keywords @0.7.0 (perl)
Dist::Zilla::Plugin::Keywords - Add keywords to metadata in your distribution

p5.32-dist-zilla-plugin-metamergefile @0.5.0 (perl)
Dist::Zilla::Plugin::MetaMergeFile - Add arbitrary metadata using a mergefile

p5.32-dist-zilla-plugin-prereqs-authordeps @0.7.0 (perl)
Dist::Zilla::Plugin::Prereqs::AuthorDeps - Add Dist::Zilla authordeps to META files as develop prereqs

p5.32-dist-zilla-role-pluginbundle-pluginremover @0.105.0 (perl)
Dist::Zilla::Role::PluginBundle::PluginRemover - Add '-remove' functionality to a bundle

p5.32-email-address @1.913.0 (perl)
Email::Address - RFC 2822 Address Parsing and Creation

p5.32-email-address-xs @1.50.0 (perl)
Email::Address::XS - Parse and format RFC 2822 email addresses and groups

p5.32-email-valid @1.204.0 (perl)
Check validity of Internet email addresses

p5.32-geo-coder-osm @0.30.0 (perl)
Geo::Coder::OSM - Geocode addresses with the OpenStreetMap Nominatim API

p5.32-geo-ip @1.510.0 (perl)
Look up location and network information by IP Address

p5.32-html-treebuilder-xpath @0.140.0_1 (perl)
add XPath support to HTML::TreeBuilder

p5.32-http-response-encoding @0.60.0_3 (perl)
Adds encoding() to HTTP::Response

p5.32-http-tiny-multipart @0.80.0 (perl)
HTTP::Tiny::Multipart - Add post_multipart to HTTP::Tiny

p5.32-ip-country @2.280.0 (perl, net)
Fast lookup of country codes from IP addresses

p5.32-lib-relative @1.2.0 (perl)
lib::relative - Add paths relative to the current file to @INC

p5.32-mail-rfc822-address @0.300.0 (perl)
Perl extension for validating email addresses according to RFC822

p5.32-masonx-request-withapachesession @0.310.0_3 (perl)
Add a session to the Mason Request object

p5.32-memoize-expirelru @0.560.0 (perl)
Expiry plug-in for Memoize that adds LRU cache expiration

p5.32-net-cidr-lite @0.220.0 (perl)
Net::CIDR::Lite - Perl extension for merging IPv4 or IPv6 CIDR addresses

p5.32-net-ip @1.260.0_1 (perl)
Perl extension for manipulating IPv4/IPv6 addresses

p5.32-net-ip-checker @0.30.0 (perl)
Net::IP::Checker - IPv4/IPv6 addresses validator

p5.32-net-ip-match-regexp @1.10.0_3 (perl)
Net::IP::Match::Regexp - Efficiently match IP addresses against ranges

p5.32-net-ipv4addr @0.100.0_3 (perl)
Parse IPv4 addresses in traditional and CIDR formats

p5.32-net-ipv6addr @1.20.0 (perl)
functions for parsing IPv6 addresses

p5.32-net-patricia @1.240.0 (perl)
Net::Patricia - Patricia Trie perl module for fast IP address lookups

p5.32-netaddr-ip @4.79.0 (perl, net)
Manages IPv4 and IPv6 addresses and subnets

p5.32-pdf-api2-xs @1.2.0 (perl)
PDF::API2::XS - Optional PDF::API2 add-on using XS to speed up expensive operations

p5.32-perlio-via-timeout @0.320.0 (perl)
a PerlIO layer that adds read & write timeout to a handle

p5.32-regexp-ipv4 @0.3.0 (perl)
Regexp::IPv4 - Regular expression for IPv4 addresses

p5.32-regexp-ipv6 @0.30.0 (perl)
Regexp::IPv6 - Regular expression for IPv6 addresses

p5.32-sys-hostip @2.120.0 (perl)
Sys::HostIP - Try extra hard to get IP address related info

p5.32-test-failwarnings @0.8.0 (perl)
Test::FailWarnings - Add test failures if warnings are caught

p5.32-xml-dom-xpath @0.140.0_3 (perl)
Adds XPath support to XML::DOM, using XML::XPath engine

p5.34-b-cow @0.7.0 (perl)
B::COW - additional B helpers to check Copy-On-Write status

p5.34-class-trigger @0.150.0 (perl)
Mixin to add / call inheritable triggers

p5.34-crypt-ssleay @0.720.0_3 (perl)
module to add SSL support to LWP

p5.34-dbix-contextualfetch @1.30.0_3 (perl)
Add contextual fetches to DBI

p5.34-devel-declare @0.6.22 (perl)
(DEPRECATED) Devel::Declare - Adding keywords to perl, in perl

p5.34-dist-zilla-plugin-authority @1.9.0 (perl)
Dist::Zilla::Plugin::Authority - Add the AUTHORITY variable and metadata to your distribution

p5.34-dist-zilla-plugin-git-contributors @0.38.0 (perl)
Dist::Zilla::Plugin::Git::Contributors - Add contributor names from git to your distribution

p5.34-dist-zilla-plugin-git-describe @0.8.0 (perl)
Dist::Zilla::Plugin::Git::Describe - add the results of `git describe` (roughly) to your main module

p5.34-dist-zilla-plugin-keywords @0.7.0 (perl)
Dist::Zilla::Plugin::Keywords - Add keywords to metadata in your distribution

p5.34-dist-zilla-plugin-metamergefile @0.5.0 (perl)
Dist::Zilla::Plugin::MetaMergeFile - Add arbitrary metadata using a mergefile

p5.34-dist-zilla-plugin-prereqs-authordeps @0.7.0 (perl)
Dist::Zilla::Plugin::Prereqs::AuthorDeps - Add Dist::Zilla authordeps to META files as develop prereqs

p5.34-dist-zilla-role-pluginbundle-pluginremover @0.105.0 (perl)
Dist::Zilla::Role::PluginBundle::PluginRemover - Add '-remove' functionality to a bundle

p5.34-email-address @1.913.0 (perl)
Email::Address - RFC 2822 Address Parsing and Creation

p5.34-email-address-xs @1.50.0 (perl)
Email::Address::XS - Parse and format RFC 2822 email addresses and groups

p5.34-email-valid @1.204.0 (perl)
Check validity of Internet email addresses

p5.34-geo-coder-osm @0.30.0 (perl)
Geo::Coder::OSM - Geocode addresses with the OpenStreetMap Nominatim API

p5.34-geo-ip @1.510.0 (perl)
Look up location and network information by IP Address

p5.34-html-treebuilder-xpath @0.140.0_1 (perl)
add XPath support to HTML::TreeBuilder

p5.34-http-response-encoding @0.60.0_3 (perl)
Adds encoding() to HTTP::Response

p5.34-http-tiny-multipart @0.80.0 (perl)
HTTP::Tiny::Multipart - Add post_multipart to HTTP::Tiny

p5.34-ip-country @2.280.0 (perl, net)
Fast lookup of country codes from IP addresses

p5.34-lib-relative @1.2.0 (perl)
lib::relative - Add paths relative to the current file to @INC

p5.34-mail-rfc822-address @0.300.0 (perl)
Perl extension for validating email addresses according to RFC822

p5.34-masonx-request-withapachesession @0.310.0_3 (perl)
Add a session to the Mason Request object

p5.34-memoize-expirelru @0.560.0 (perl)
Expiry plug-in for Memoize that adds LRU cache expiration

p5.34-net-cidr-lite @0.220.0 (perl)
Net::CIDR::Lite - Perl extension for merging IPv4 or IPv6 CIDR addresses

p5.34-net-ip @1.260.0_1 (perl)
Perl extension for manipulating IPv4/IPv6 addresses

p5.34-net-ip-checker @0.30.0 (perl)
Net::IP::Checker - IPv4/IPv6 addresses validator

p5.34-net-ip-match-regexp @1.10.0_3 (perl)
Net::IP::Match::Regexp - Efficiently match IP addresses against ranges

p5.34-net-ipv4addr @0.100.0_3 (perl)
Parse IPv4 addresses in traditional and CIDR formats

p5.34-net-ipv6addr @1.20.0 (perl)
functions for parsing IPv6 addresses

p5.34-net-patricia @1.240.0 (perl)
Net::Patricia - Patricia Trie perl module for fast IP address lookups

p5.34-netaddr-ip @4.79.0 (perl, net)
Manages IPv4 and IPv6 addresses and subnets

p5.34-pdf-api2-xs @1.2.0 (perl)
PDF::API2::XS - Optional PDF::API2 add-on using XS to speed up expensive operations

p5.34-perlio-via-timeout @0.320.0 (perl)
a PerlIO layer that adds read & write timeout to a handle

p5.34-regexp-ipv4 @0.3.0 (perl)
Regexp::IPv4 - Regular expression for IPv4 addresses

p5.34-regexp-ipv6 @0.30.0 (perl)
Regexp::IPv6 - Regular expression for IPv6 addresses

p5.34-sys-hostip @2.120.0 (perl)
Sys::HostIP - Try extra hard to get IP address related info

p5.34-test-failwarnings @0.8.0 (perl)
Test::FailWarnings - Add test failures if warnings are caught

p5.34-xml-dom-xpath @0.140.0_3 (perl)
Adds XPath support to XML::DOM, using XML::XPath engine

pangoxsl @1.6.0.3_1 (textproc)
Extends Pango with additional XSL properties.

php-geoip @1.1.1 (php, devel)
Map IP address to geographic places

php-SPL_Types @0.4.0 (php, devel)
Standard PHP Library, Types Addon

php52-posix @5.2.17 (php, sysutils)
a PHP interface to additional POSIX functions

php53-geoip @1.0.8_1 (php, devel)
Map IP address to geographic places

php53-posix @5.3.29 (php, sysutils)
a PHP interface to additional POSIX functions

php53-SPL_Types @0.4.0 (php, devel)
Standard PHP Library, Types Addon

php54-geoip @1.0.8_1 (php, devel)
Map IP address to geographic places

php54-posix @5.4.45 (php, sysutils)
a PHP interface to additional POSIX functions

php54-SPL_Types @0.4.0 (php, devel)
Standard PHP Library, Types Addon

php55-geoip @1.0.8_1 (php, devel)
Map IP address to geographic places

php55-posix @5.5.38 (php, sysutils)
a PHP interface to additional POSIX functions

php55-SPL_Types @0.4.0 (php, devel)
Standard PHP Library, Types Addon

php56-geoip @1.0.8_1 (php, devel)
Map IP address to geographic places

php56-posix @5.6.40 (php, sysutils)
a PHP interface to additional POSIX functions

php56-SPL_Types @0.4.0 (php, devel)
Standard PHP Library, Types Addon

php70-geoip @1.1.1 (php, devel)
Map IP address to geographic places

php70-posix @7.0.33 (php, sysutils)
a PHP interface to additional POSIX functions

php71-geoip @1.1.1 (php, devel)
Map IP address to geographic places

php71-posix @7.1.33 (php, sysutils)
a PHP interface to additional POSIX functions

php72-geoip @1.1.1 (php, devel)
Map IP address to geographic places

php72-posix @7.2.34 (php, sysutils)
a PHP interface to additional POSIX functions

php73-geoip @1.1.1 (php, devel)
Map IP address to geographic places

php73-posix @7.3.33 (php, sysutils)
a PHP interface to additional POSIX functions

php74-geoip @1.1.1 (php, devel)
Map IP address to geographic places

php74-posix @7.4.33 (php, sysutils)
a PHP interface to additional POSIX functions

php80-geoip @1.1.1 (php, devel)
Map IP address to geographic places

php80-posix @8.0.30 (php, sysutils)
a PHP interface to additional POSIX functions

php81-geoip @1.1.1 (php, devel)
Map IP address to geographic places

php81-posix @8.1.30 (php, sysutils)
a PHP interface to additional POSIX functions

php82-geoip @1.1.1 (php, devel)
Map IP address to geographic places

php82-posix @8.2.24 (php, sysutils)
a PHP interface to additional POSIX functions

php83-geoip @1.1.1 (php, devel)
Map IP address to geographic places

php83-posix @8.3.12 (php, sysutils)
a PHP interface to additional POSIX functions

php84-posix @8.4.0RC1 (php, sysutils)
a PHP interface to additional POSIX functions

posix-macos-addons @20211014 (devel)
Some missing bits of POSIX for macOS.

prips @1.2.2 (net)
prips is a tool that can be used to print all of the IP address on a given range.

prips.sh @0.1.0 (net)
Print the IP addresses in a given range

py-agate-dbf @0.2.4 (python)
Adds read support for DBF files to agate

py-agate-excel @0.2.5 (python)
Adds read support for Excel files (xls and xlsx) to agate

py-agate-sql @0.5.8 (python)
agate-sql adds SQL read/write support to agate.

py-backports_abc @0.5 (python, devel)
A backport of recent additions to the 'collections.abc' module from Python 3.5.

py-cidrize @2.1.0 (python, devel)
Cidrize parses IPv4/IPv6 addresses, CIDRs, ranges, and wildcard matches.

py-cymruwhois @1.6 (python)
Perform lookups by ip address and return ASN, Country Code, and Netblock Owner.

py-doctest-ignore-unicode @0.1.2 (python, devel)
Add flag to ignore unicode literal prefixes in doctests

py-enrich @1.2.7 (python)
Enrich adds few missing features to the wonderful rich library.

py-flask-babel @4.0.0 (python, www)
Adds i18n/l10n support to Flask applications

py-google-i18n-address @3.1.1 (python, devel)
Address validation helpers for Google's i18n address database

py-hatch-jupyter-builder @0.9.1 (python, devel)
A build hook plugin for Hatch that adds a build step for use with Jupyter packages.

py-ifaddr @0.2.0 (python)
Cross-platform network interface and IP address enumeration library

py-ipaddress @1.0.23 (python, devel)
IPv4/IPv6 manipulation library

py-ipwhois @1.2.0 (python, net, devel)
py-ipwhois is a simple package for retrieving and parsing whois data for IPv4 and IPv6 addresses.

py-ipy @1.01 (python, devel, net)
python module for handling IPv4 and IPv6 addresses and networks

py-jaraco.functools @4.3.0 (python)
Additional functools in the spirit of stdlib's functools.

py-napari-console @0.1.4 (python)
A plugin that adds a console to napari.

py-netaddr @1.3.0 (python, devel)
A network address manipulation library for Python

py-netifaces @0.11.0 (python)
an easy way to get the address(es) of the machine’s network interfaces from Python

py-pypostal @1.1.11 (python, textproc)
International address parsing/normalization

py-pytest-runner @6.0.1 (python, devel)
pytest-runner adds test support to setup.py scripts

py-python-dotenv @1.2.1 (python, devel)
Add .env support to your django/flask apps in development and deployments

py-python-json-logger @4.0.0 (python, devel)
A python library adding a json log formatter

py-requests-futures @1.0.2 (python)
Small add-on for the python requests http library.

py-setuptools_scm_git_archive @1.4.1 (python, devel)
Plugin for setuptools_scm that add support for git archives.

py-sphinx-copybutton @0.3.1 (python)
A Sphinx plugin to add a little “copy” button to your code.

py-strpdatetime @0.4.0 (python, devel)
Parse strings into Python datetime objects, extends Python's datetime.strptime() with additional features.

py-typedapi @0.2.0 (python)
Typedapi gradually add types hints to your public API.

py-unpaddedbase64 @2.1.0 (python, devel)
Encode and decode Base64 without = padding

py-userpath @1.9.2 (python, devel)
A tool and library for adding locations to user PATH

py27-backports_abc @0.5 (python, devel)
A backport of recent additions to the 'collections.abc' module from Python 3.5.

py27-ipaddress @1.0.23 (python, devel)
IPv4/IPv6 manipulation library

py27-pytest-runner @5.2 (python, devel)
pytest-runner adds test support to setup.py scripts

py38-netaddr @1.3.0 (python, devel)
A network address manipulation library for Python

py38-pytest-runner @6.0.1 (python, devel)
pytest-runner adds test support to setup.py scripts

py39-hatch-jupyter-builder @0.9.1 (python, devel)
A build hook plugin for Hatch that adds a build step for use with Jupyter packages.

py39-pytest-runner @6.0.1 (python, devel)
pytest-runner adds test support to setup.py scripts

py39-python-json-logger @4.0.0 (python, devel)
A python library adding a json log formatter

py39-typedapi @0.2.0 (python)
Typedapi gradually add types hints to your public API.

py310-agate-dbf @0.2.4 (python)
Adds read support for DBF files to agate

py310-agate-excel @0.2.5 (python)
Adds read support for Excel files (xls and xlsx) to agate

py310-agate-sql @0.5.8 (python)
agate-sql adds SQL read/write support to agate.

py310-cidrize @2.1.0 (python, devel)
Cidrize parses IPv4/IPv6 addresses, CIDRs, ranges, and wildcard matches.

py310-cymruwhois @1.6 (python)
Perform lookups by ip address and return ASN, Country Code, and Netblock Owner.

py310-doctest-ignore-unicode @0.1.2 (python, devel)
Add flag to ignore unicode literal prefixes in doctests

py310-enrich @1.2.7 (python)
Enrich adds few missing features to the wonderful rich library.

py310-flask-babel @4.0.0 (python, www)
Adds i18n/l10n support to Flask applications

py310-hatch-jupyter-builder @0.9.1 (python, devel)
A build hook plugin for Hatch that adds a build step for use with Jupyter packages.

py310-ifaddr @0.2.0 (python)
Cross-platform network interface and IP address enumeration library

py310-ipaddress @1.0.23 (python, devel)
IPv4/IPv6 manipulation library

py310-jaraco.functools @4.3.0 (python)
Additional functools in the spirit of stdlib's functools.

py310-napari-console @0.1.4 (python)
A plugin that adds a console to napari.

py310-netaddr @1.3.0 (python, devel)
A network address manipulation library for Python

py310-netifaces @0.11.0 (python)
an easy way to get the address(es) of the machine’s network interfaces from Python

py310-pypostal @1.1.11 (python, textproc)
International address parsing/normalization

py310-pytest-runner @6.0.1 (python, devel)
pytest-runner adds test support to setup.py scripts

py310-python-dotenv @1.2.1 (python, devel)
Add .env support to your django/flask apps in development and deployments

py310-python-json-logger @4.0.0 (python, devel)
A python library adding a json log formatter

py310-requests-futures @1.0.2 (python)
Small add-on for the python requests http library.

py310-setuptools_scm_git_archive @1.4.1 (python, devel)
Plugin for setuptools_scm that add support for git archives.

py310-sphinx-copybutton @0.3.1 (python)
A Sphinx plugin to add a little “copy” button to your code.

py310-strpdatetime @0.4.0 (python, devel)
Parse strings into Python datetime objects, extends Python's datetime.strptime() with additional features.

py310-unpaddedbase64 @2.1.0 (python, devel)
Encode and decode Base64 without = padding

py310-userpath @1.9.2 (python, devel)
A tool and library for adding locations to user PATH

py311-agate-dbf @0.2.4 (python)
Adds read support for DBF files to agate

py311-agate-excel @0.2.5 (python)
Adds read support for Excel files (xls and xlsx) to agate

py311-agate-sql @0.5.8 (python)
agate-sql adds SQL read/write support to agate.

py311-cidrize @2.1.0 (python, devel)
Cidrize parses IPv4/IPv6 addresses, CIDRs, ranges, and wildcard matches.

py311-cymruwhois @1.6 (python)
Perform lookups by ip address and return ASN, Country Code, and Netblock Owner.

py311-doctest-ignore-unicode @0.1.2 (python, devel)
Add flag to ignore unicode literal prefixes in doctests

py311-enrich @1.2.7 (python)
Enrich adds few missing features to the wonderful rich library.

py311-flask-babel @4.0.0 (python, www)
Adds i18n/l10n support to Flask applications

py311-hatch-jupyter-builder @0.9.1 (python, devel)
A build hook plugin for Hatch that adds a build step for use with Jupyter packages.

py311-ifaddr @0.2.0 (python)
Cross-platform network interface and IP address enumeration library

py311-ipaddress @1.0.23 (python, devel)
IPv4/IPv6 manipulation library

py311-jaraco.functools @4.3.0 (python)
Additional functools in the spirit of stdlib's functools.

py311-napari-console @0.1.4 (python)
A plugin that adds a console to napari.

py311-netaddr @1.3.0 (python, devel)
A network address manipulation library for Python

py311-netifaces @0.11.0 (python)
an easy way to get the address(es) of the machine’s network interfaces from Python

py311-pypostal @1.1.11 (python, textproc)
International address parsing/normalization

py311-pytest-runner @6.0.1 (python, devel)
pytest-runner adds test support to setup.py scripts

py311-python-dotenv @1.2.1 (python, devel)
Add .env support to your django/flask apps in development and deployments

py311-python-json-logger @4.0.0 (python, devel)
A python library adding a json log formatter

py311-requests-futures @1.0.2 (python)
Small add-on for the python requests http library.

py311-setuptools_scm_git_archive @1.4.1 (python, devel)
Plugin for setuptools_scm that add support for git archives.

py311-sphinx-copybutton @0.3.1 (python)
A Sphinx plugin to add a little “copy” button to your code.

py311-strpdatetime @0.4.0 (python, devel)
Parse strings into Python datetime objects, extends Python's datetime.strptime() with additional features.

py311-unpaddedbase64 @2.1.0 (python, devel)
Encode and decode Base64 without = padding

py311-userpath @1.9.2 (python, devel)
A tool and library for adding locations to user PATH

py312-agate-dbf @0.2.4 (python)
Adds read support for DBF files to agate

py312-agate-excel @0.2.5 (python)
Adds read support for Excel files (xls and xlsx) to agate

py312-agate-sql @0.5.8 (python)
agate-sql adds SQL read/write support to agate.

py312-cymruwhois @1.6 (python)
Perform lookups by ip address and return ASN, Country Code, and Netblock Owner.

py312-doctest-ignore-unicode @0.1.2 (python, devel)
Add flag to ignore unicode literal prefixes in doctests

py312-enrich @1.2.7 (python)
Enrich adds few missing features to the wonderful rich library.

py312-flask-babel @4.0.0 (python, www)
Adds i18n/l10n support to Flask applications

py312-google-i18n-address @3.1.1 (python, devel)
Address validation helpers for Google's i18n address database

py312-hatch-jupyter-builder @0.9.1 (python, devel)
A build hook plugin for Hatch that adds a build step for use with Jupyter packages.

py312-ifaddr @0.2.0 (python)
Cross-platform network interface and IP address enumeration library

py312-ipaddress @1.0.23 (python, devel)
IPv4/IPv6 manipulation library

py312-ipwhois @1.2.0 (python, net, devel)
py-ipwhois is a simple package for retrieving and parsing whois data for IPv4 and IPv6 addresses.

py312-ipy @1.01 (python, devel, net)
python module for handling IPv4 and IPv6 addresses and networks

py312-jaraco.functools @4.3.0 (python)
Additional functools in the spirit of stdlib's functools.

py312-napari-console @0.1.4 (python)
A plugin that adds a console to napari.

py312-netaddr @1.3.0 (python, devel)
A network address manipulation library for Python

py312-pypostal @1.1.11 (python, textproc)
International address parsing/normalization

py312-pytest-runner @6.0.1 (python, devel)
pytest-runner adds test support to setup.py scripts

py312-python-dotenv @1.2.1 (python, devel)
Add .env support to your django/flask apps in development and deployments

py312-python-json-logger @4.0.0 (python, devel)
A python library adding a json log formatter

py312-requests-futures @1.0.2 (python)
Small add-on for the python requests http library.

py312-setuptools_scm_git_archive @1.4.1 (python, devel)
Plugin for setuptools_scm that add support for git archives.

py312-sphinx-copybutton @0.3.1 (python)
A Sphinx plugin to add a little “copy” button to your code.

py312-strpdatetime @0.4.0 (python, devel)
Parse strings into Python datetime objects, extends Python's datetime.strptime() with additional features.

py312-unpaddedbase64 @2.1.0 (python, devel)
Encode and decode Base64 without = padding

py312-userpath @1.9.2 (python, devel)
A tool and library for adding locations to user PATH

py313-agate-dbf @0.2.4 (python)
Adds read support for DBF files to agate

py313-agate-excel @0.2.5 (python)
Adds read support for Excel files (xls and xlsx) to agate

py313-agate-sql @0.5.8 (python)
agate-sql adds SQL read/write support to agate.

py313-cymruwhois @1.6 (python)
Perform lookups by ip address and return ASN, Country Code, and Netblock Owner.

py313-doctest-ignore-unicode @0.1.2 (python, devel)
Add flag to ignore unicode literal prefixes in doctests

py313-enrich @1.2.7 (python)
Enrich adds few missing features to the wonderful rich library.

py313-flask-babel @4.0.0 (python, www)
Adds i18n/l10n support to Flask applications

py313-google-i18n-address @3.1.1 (python, devel)
Address validation helpers for Google's i18n address database

py313-hatch-jupyter-builder @0.9.1 (python, devel)
A build hook plugin for Hatch that adds a build step for use with Jupyter packages.

py313-ifaddr @0.2.0 (python)
Cross-platform network interface and IP address enumeration library

py313-ipaddress @1.0.23 (python, devel)
IPv4/IPv6 manipulation library

py313-jaraco.functools @4.3.0 (python)
Additional functools in the spirit of stdlib's functools.

py313-napari-console @0.1.4 (python)
A plugin that adds a console to napari.

py313-netaddr @1.3.0 (python, devel)
A network address manipulation library for Python

py313-pypostal @1.1.11 (python, textproc)
International address parsing/normalization

py313-pytest-runner @6.0.1 (python, devel)
pytest-runner adds test support to setup.py scripts

py313-python-dotenv @1.2.1 (python, devel)
Add .env support to your django/flask apps in development and deployments

py313-python-json-logger @4.0.0 (python, devel)
A python library adding a json log formatter

py313-requests-futures @1.0.2 (python)
Small add-on for the python requests http library.

py313-setuptools_scm_git_archive @1.4.1 (python, devel)
Plugin for setuptools_scm that add support for git archives.

py313-sphinx-copybutton @0.3.1 (python)
A Sphinx plugin to add a little “copy” button to your code.

py313-strpdatetime @0.4.0 (python, devel)
Parse strings into Python datetime objects, extends Python's datetime.strptime() with additional features.

py313-unpaddedbase64 @2.1.0 (python, devel)
Encode and decode Base64 without = padding

py313-userpath @1.9.2 (python, devel)
A tool and library for adding locations to user PATH

py314-cymruwhois @1.6 (python)
Perform lookups by ip address and return ASN, Country Code, and Netblock Owner.

py314-enrich @1.2.7 (python)
Enrich adds few missing features to the wonderful rich library.

py314-google-i18n-address @3.1.1 (python, devel)
Address validation helpers for Google's i18n address database

py314-hatch-jupyter-builder @0.9.1 (python, devel)
A build hook plugin for Hatch that adds a build step for use with Jupyter packages.

py314-jaraco.functools @4.3.0 (python)
Additional functools in the spirit of stdlib's functools.

py314-pytest-runner @6.0.1 (python, devel)
pytest-runner adds test support to setup.py scripts

py314-python-json-logger @4.0.0 (python, devel)
A python library adding a json log formatter

py314-setuptools_scm_git_archive @1.4.1 (python, devel)
Plugin for setuptools_scm that add support for git archives.

py314-userpath @1.9.2 (python, devel)
A tool and library for adding locations to user PATH

pywhat @5.1.0_1 (security, python)
pyWhat easily lets you identify emails, IP addresses, and more

R-abn @3.1.1 (R, science, math)
Modelling multivariate data with additive Bayesian networks

R-aides @1.3.3_1 (R, science, math)
Additive Information & Details of Evidence Synthesis

R-amen @1.4.5_1 (R, science, math)
Additive and multiplicative effects models for networks and relational data

R-bamlss @1.2-5 (R, science, math)
Bayesian additive models for location, scale and shape

R-bark @1.0.5 (R, science, math)
Bayesian Additive Regression Kernels

R-BART @2.9.9 (R, science, math)
Bayesian Additive Regression Trees

R-bartBMA @1.0_1 (R, science, math)
Bayesian Additive Regression Trees using Bayesian Model Averaging

R-bartCause @1.0-9 (R, science, math)
Causal inference using Bayesian Additive Regression Trees

R-bartcs @1.2.2 (R, science, math)
Bayesian Additive Regression Trees for Confounder Selection

R-bayesammi @0.3.0 (R, science, math)
Bayesian estimation of the Additive Main effects and Multiplicative Interaction model

R-bayesGAM @0.0.2_4 (R, science, math)
Multivariate response generalized additive models using Hamiltonian Monte Carlo

R-BayesTree @0.3-1.5_1 (R, science, math)
Bayesian additive regression trees

R-bfast @1.7.0 (R, science, economics)
Breaks for Additive Season and Trend in time series

R-cgam @1.21_1 (R, science, math)
Constrained Generalized Additive Model

R-dawai @1.2.6_1 (R, science, math)
Discriminant Analysis with Additional Information

R-dbarts @0.9-30 (R, science, math)
Discrete Bayesian Additive Regression Trees sampler

R-evgam @1.0.0_1 (R, science, math)
Generalised additive extreme value models

R-extendedFamily @0.2.4_1 (R, science, math)
Additional families for generalized linear models

R-extraDistr @1.10.0_1 (R, science, math)
Additional univariate and multivariate distributions

R-ezglm @1.0_1 (R, science, math)
Selects significant non-additive interaction between two variables using fast GLM implementation

R-finetune @1.2.0_1 (R, science, economics, math)
Additional functions for model tuning

R-FlexGAM @0.7.2_1 (R, science, math)
Generalized additive models with flexible response functions

R-gam @1.22-5 (R, science, math)
Generalized Additive Models

R-gam.hp @0.0-2 (R, science, math)
Hierarchical partitioning of adjusted R2 and explained deviance for generalized additive models

R-gamCopula @0.0-7_1 (R, science, math)
Generalized additive models for bivariate conditional dependence structures and vine copulas

R-gamlss @5.4-22_1 (R, science, math)
Generalised Additive Models for Location Scale and Shape

R-gamlss.add @5.1-13_1 (R, science, math)
Extra additive terms for generalized additive models for location scale and shape

R-gamlss.data @6.0-6_1 (R, science)
Data for generalised additive models for location scale and shape

R-gamlss.dist @6.1-1_1 (R, science, math)
Distributions for generalized additive models for location scale and shape

R-gamlss.ggplots @2.1-12_1 (R, science, graphics)
Plotting functions for generalised additive models for location scale and shape

R-gamlss.lasso @1.0-1_1 (R, science, math)
Extra lasso-type additive terms for GAMLSS

R-gamlss.spatial @3.0-2_1 (R, science, math)
Spatial terms in generalized additive models for location scale and shape models

R-gamm4 @0.2-6_2 (R, science, math)
Generalized Additive Mixed Models using mgcv and lme4

R-gammSlice @2.0-2_1 (R, science, math)
Generalized additive mixed model analysis via slice sampling

R-gamselBayes @2.0-1_1 (R, science, math)
Bayesian generalized additive model selection

R-getip @0.1-4_1 (R, science, net)
IP address lookup

R-ggExtra @0.10.1_1 (R, science)
Add marginal histograms to ggplot2, and more ggplot2 enhancements

R-ggip @0.3.2_2 (R, science, net)
Data visualization for IP addresses and networks

R-ggtreeExtra @1.14.0 (R, science, bioconductor, graphics)
Add geometric layers on circular or other layout tree of ggtree

R-graphlayouts @1.2.1 (R, science)
Additional layout algorithms for network visualizations

R-ipaddress @1.0.2_1 (R, science, net)
Data analysis for IP addresses and networks

R-jeek @1.1.1_1 (R, science, math)
Fast and scalable joint estimator for integrating additional knowledge in learning multiple related sparse gaussian graphical models

R-kappalab @0.4-12_1 (R, science, math)
Non-additive measure and integral manipulation functions

R-lm.beta @1.7-2_2 (R, science)
Add standardized regression coefficients to linear-model objects

R-locateip @0.1.2_1 (R, science, net)
Locate IP addresses with ip-api

R-mgcViz @0.1.11 (R, science)
Visualisations for generalized additive models

R-miceadds @3.17-44_1 (R, science, math)
Additional multiple imputation functions for R-mice

R-mlt.docreg @1.1-10 (R, science, math)
Additional documentation, a package vignette and regression tests for R-mlt

R-MRFcov @1.0.39_2 (R, science, math)
Markov random fields with additional covariates

R-multipleDL @1.0.0_2 (R, science, math)
Addressing detection limits by cumulative probability models (CPMs)

R-mvgam @1.1.3 (R, science, math)
Multivariate (Dynamic) Generalized Additive Models

R-nadiv @2.18.0 (R, science)
(Non)additive genetic relatedness matrices

R-nftbart @2.1_1 (R, science, math)
Non-parametric failure time Bayesian additive regression trees

R-operators @0.1-8_2 (R, science)
Additional binary operators

R-ordgam @0.9.1_1 (R, science, math)
Additive model for ordinal data using Laplace p-splines

R-packagefinder @0.3.5_1 (R, science)
Search for R packages on CRAN, either directly from the R console or with an RStudio add-in

R-pammtools @0.5.93_1 (R, science, math)
Piece-wise exponential additive mixed modeling tools for survival analysis

R-partitions @1.10-7_2 (R, science, math)
Additive partitions of integers

R-pbapply @1.7-2_1 (R, science)
Adding progress bar to *apply functions

R-PlotTools @0.3.1 (R, science, graphics)
Add continuous legends to plots

R-ppgam @1.0.2 (R, science, math)
Generalised additive point process models

R-procmaps @0.0.5.9003_2 (R, science, devel)
Portable address space mapping

R-qgam @1.3.4_1 (R, science, math)
Smooth additive quantile regression models

R-quantregGrowth @1.7-1 (R, science, math)
Non-crossing additive regression quantiles and non-parametric growth charts

R-R2BayesX @1.1-5_1 (R, science, math)
Estimate structured additive regression models with BayesX

R-r6methods @0.1.0_1 (R, science, devel)
Add methods to R6 class definition

R-ramify @0.3.3_1 (R, science, math)
Additional matrix functionality for R

R-RBE3 @1.1_1 (R, science, math)
Estimation and additional tools for quantile generalized Beta regression model

R-RcppDist @0.1.1_2 (R, science, math)
Rcpp integration of additional probability distributions

R-RcppXPtrUtils @0.1.2_2 (R, science)
XPtr add-ons for Rcpp

R-RLRsim @3.1-8_1 (R, science, math)
Exact (restricted) likelihood ratio tests for mixed and additive models

R-RLT @3.2.6_1 (R, science, math)
Random forest with a variety of additional features for regression, classification and survival analysis

R-runjags @2.2.2-4_1 (R, science, math)
Interface utilities, model templates, parallel computing methods and additional distributions for MCMC models in JAGS

R-sadists @0.2.5_1 (R, science, math)
Some Additional Distributions

R-scam @1.2-17 (R, science, math)
Shape-Constrained Additive Models

R-sdPrior @1.0-0_1 (R, science, math)
Scale-dependent hyperpriors in structured additive distributional regression

R-shinydashboardPlus @2.0.5 (R, science)
Add more AdminLTE2 components to R-shinydashboard

R-SOP @1.0-1_1 (R, science, math)
Generalised additive p-spline regression models estimation

R-sparseGAM @1.0_2 (R, science, math)
Sparse generalized additive models

R-spikeSlabGAM @1.1-19_1 (R, science, math)
Bayesian variable selection and model choice for generalized additive mixed models

R-stan4bart @0.0-10 (R, science, math)
Uses Stan sampler and math library to semi-parametrically fit linear and multi-level models with additive Bayesian Additive Regression Tree (BART) components

R-TAG @0.5.1_1 (R, science, math)
Transformed Additive Gaussian processes

R-tcltk2 @1.2-11_1 (R, science, graphics)
A series of additional Tcl commands and Tk widgets with style and various functions to supplement the tcltk package

R-vcdExtra @0.8-5_1 (R, science, graphics)
Extensions and additions to vcd (Visualizing Categorical Data)

R-VGAM @1.1-12 (R, science, math)
Vector generalized linear and additive models

R-VGAMextra @0.0-6_1 (R, science, math)
Additions and extensions of the VGAM package

R-whoami @1.3.0_2 (R, science, devel)
Username, full name, e-mail address, GitHub username of the current user

R-wrappr @0.1.0_1 (R, science)
Helper functions to easily add functionality to functions

rb-addressable @2.8.7 (ruby, net)
Addressable is an alternative implementation to the URI implementation that is part of Ruby standard library

rb-netaddr @1.5.0 (ruby, net)
Ruby package for working with network addresses

rb-sys-host @0.5.0 (ruby, sysutils)
hostname and ip address info via Ruby - C extension

rb19-addressable @2.2.6 (ruby, devel)
replacement URI implementation

rb19-rainbow @1.1 (ruby)
Rainbow extends ruby String class adding methods to wrap the string with ANSI escape codes

rb31-addressable @2.8.7 (ruby, net)
Addressable is an alternative implementation to the URI implementation that is part of Ruby standard library

rb32-addressable @2.8.7 (ruby, net)
Addressable is an alternative implementation to the URI implementation that is part of Ruby standard library

rb33-addressable @2.8.7 (ruby, net)
Addressable is an alternative implementation to the URI implementation that is part of Ruby standard library

reduce_pdb @4.15 (science)
Tool for adding and correcting hydrogens in PDB files

SDL3_image @3.4.0 (devel, graphics)
Add on library for libSDL handling several image formats

SDL3_ttf @3.2.2_1 (devel, graphics)
add on library for libSDL for rendering TrueType fonts

spoof @2.0.4 (net, security)
Easily spoof your MAC address

ssh-tools @1.9 (sysutils, net)
Additional tools that make SSH more convenient

SSHKeychain @0.8.2_2 (aqua, sysutils)
SSHKeychain is a graphical front-end to ssh-add

swarp @2.38.0 (science)
Program that resample and co-adds FITS images

tcat @0.1.2 (textproc)
Time Cat is a program to add timestamps to text.

texlive-bibtex-extra @74417 (tex)
TeX Live: BibTeX additional styles

texlive-fonts-extra @74512 (tex)
TeX Live: Additional fonts

texlive-formats-extra @74380 (tex)
TeX Live: Additional formats

texlive-latex-extra @74512 (tex)
TeX Live: LaTeX additional packages

tkdnd @2.9.4_1 (x11)
an extension that adds native drag & drop capabilities to the tk toolkit

tkimg @1.4.16_1 (graphics)
adds a lot of image formats to Tcl/Tk

vim @9.1.1887 (editors)
Vi "workalike" with many additional features

zathura-plugin-cb @0.1.8 (office)
The zathura-cb plugin adds comic book support to zathura.

zathura-plugin-djvu @0.2.8 (office)
The zathura-djvu plugin adds DjVu support to zathura.

zathura-plugin-pdf-mupdf @0.3.6_2 (office)
The zathura-pdf-mupdf plugin adds PDF support to zathura.

zathura-plugin-pdf-poppler @0.2.9 (office)
The zathura-pdf-poppler plugin adds PDF support to zathura.

zathura-plugin-ps @0.2.6 (office)
The zathura-ps plugin adds PostScript support to zathura.

zsh-completions @0.35.0 (sysutils, shells)
Additional completion definitions for Zsh.

Found 564 ports.
