adblock2privoxy @2.3.1 (www, haskell)
Convert adblock config files to privoxy format

calife @3.0.6 (security)
Provides super user privileges to specific users

consul @1.22.2 (net)
Consul is a distributed service mesh to connect, secure, and configure services across any runtime platform and public or private cloud.

driftwood @1.0.1 (security)
A tool that can enable you to lookup whether a private key is used for things like TLS or as a GitHub SSH key for a user.

fakeroot @1.37 (sysutils)
Tool for simulating superuser privileges

git-secret @0.5.0 (devel)
Bash tool to store private data inside a git repo.

gnupg1 @1.4.23_3 (mail, security)
GNU Privacy Guard version 1.4

gnupg2 @2.5.17 (mail, security)
GNU Privacy Guard

gvpe @3.1_1 (net)
GNU Virtual Private Ethernet

i2pchat @0.2.37 (net, security, aqua)
Anonymous private secure open-source chat

libretroshare @2024.07.04 (net, devel, security, p2p)
RetroShare is a decentralized, private, secure, cross-platform communication software.

macos-fortress @2025.09.21 (net, security)
Firewall, Blackhole, and Privatizing Proxy for Trackers, Attackers, Malware, Adware, and Spammers

macos-fortress-proxy @2025.09.21 (net, security)
Blackhole and Privatizing Proxy.

macos-fortress-proxy-squid @2025.09.21 (net, security)
Blackhole and Privatizing Proxy using Squid and easylist-pac.

meshbird @2.3 (net)
Distributed private networking.

p5-mojolicious-plugin-setusergroup @1.0.0 (perl)
Mojolicious::Plugin::SetUserGroup - Mojolicious plugin to set unprivileged credentials

p5-privileges-drop @1.30.0 (perl)
A module to make it simple to drop all privileges, even POSIX groups.

p5.28-mojolicious-plugin-setusergroup @1.0.0 (perl)
Mojolicious::Plugin::SetUserGroup - Mojolicious plugin to set unprivileged credentials

p5.28-privileges-drop @1.30.0 (perl)
A module to make it simple to drop all privileges, even POSIX groups.

p5.30-mojolicious-plugin-setusergroup @1.0.0 (perl)
Mojolicious::Plugin::SetUserGroup - Mojolicious plugin to set unprivileged credentials

p5.30-privileges-drop @1.30.0 (perl)
A module to make it simple to drop all privileges, even POSIX groups.

p5.32-mojolicious-plugin-setusergroup @1.0.0 (perl)
Mojolicious::Plugin::SetUserGroup - Mojolicious plugin to set unprivileged credentials

p5.32-privileges-drop @1.30.0 (perl)
A module to make it simple to drop all privileges, even POSIX groups.

p5.34-mojolicious-plugin-setusergroup @1.0.0 (perl)
Mojolicious::Plugin::SetUserGroup - Mojolicious plugin to set unprivileged credentials

p5.34-privileges-drop @1.30.0 (perl)
A module to make it simple to drop all privileges, even POSIX groups.

policykit @0.121 (security)
PolicyKit is an application-level toolkit for defining and handling the policy that allows unprivileged processes to speak to privileged processes

privoxy @4.1.0 (www, security, net)
Advanced filtering web proxy

privoxy-pki-bundle @4.1.0 (www, security, net)
PKI Bundle for privoxy

R-gpg @1.3.0_1 (R, science, crypto, security)
GNU Privacy Guard for R

R-pkgconfig @2.0.3_3 (R, science, devel)
Private configuration for R packages

sequoia-keystore @0.2.0 (security, mail)
This project implements a private key store for Sequoia.

step-ca @0.28.4 (security)
A private certificate authority (X.509 & SSH) & ACME server for secure automated certificate management, so you can use TLS everywhere & SSO for SSH.

stubby @0.4.3_1 (net)
an application that acts as a local DNS Privacy stub resolver (using DNS-over-TLS)

tinc @1.0.36_2 (net, security)
Virtual Private Network (VPN) Daemon

tinc-devel @1.1pre18 (net, security)
Virtual Private Network (VPN) Daemon

toxcore @0.2.20_1 (net, security, devel)
Tox is a peer to peer (serverless) instant messenger aimed at making security and privacy easy to obtain for regular users. It uses NaCl for its encryption and authentication.

uagen @1.0.7_1 (mail)
A Firefox-User-Agent generator for Privoxy and Mozilla browsers

Found 37 ports.
