LaTeXiT @2.5.0_4 (tex, aqua)
Drag-and-drop LaTeX support for Mac applications

p5-proc-guard @0.70.0 (perl)
Proc::Guard - run a process and destroy it when the perl script exits

p5-test-trap @0.3.5 (perl)
Test::Trap - Trap exit codes, exceptions, output, etc.

p5-test2-tools-process @0.70.0 (perl)
Test2::Tools::Process - Unit tests for code that calls exit, exec, system or qx()

p5.28-proc-guard @0.70.0 (perl)
Proc::Guard - run a process and destroy it when the perl script exits

p5.28-test-trap @0.3.5 (perl)
Test::Trap - Trap exit codes, exceptions, output, etc.

p5.28-test2-tools-process @0.70.0 (perl)
Test2::Tools::Process - Unit tests for code that calls exit, exec, system or qx()

p5.30-proc-guard @0.70.0 (perl)
Proc::Guard - run a process and destroy it when the perl script exits

p5.30-test-trap @0.3.5 (perl)
Test::Trap - Trap exit codes, exceptions, output, etc.

p5.30-test2-tools-process @0.70.0 (perl)
Test2::Tools::Process - Unit tests for code that calls exit, exec, system or qx()

p5.32-proc-guard @0.70.0 (perl)
Proc::Guard - run a process and destroy it when the perl script exits

p5.32-test-trap @0.3.5 (perl)
Test::Trap - Trap exit codes, exceptions, output, etc.

p5.32-test2-tools-process @0.70.0 (perl)
Test2::Tools::Process - Unit tests for code that calls exit, exec, system or qx()

p5.34-proc-guard @0.70.0 (perl)
Proc::Guard - run a process and destroy it when the perl script exits

p5.34-test-trap @0.3.5 (perl)
Test::Trap - Trap exit codes, exceptions, output, etc.

p5.34-test2-tools-process @0.70.0 (perl)
Test2::Tools::Process - Unit tests for code that calls exit, exec, system or qx()

pwait @20250923 (sysutils)
waits for processes to exit

py-fastdtw @0.3.4 (python, science)
Dynamic Time Warping (DTW) algorithm with an O(N) time and memory complexity.

py-flake8-mccabe @0.7.0 (python, devel)
McCabe complexity checker for Python code, flake8 plugin

py-powerline-exitstatus-kai @1.2.0_1 (python, sysutils)
A Powerline segment for showing exit status or code

py310-flake8-mccabe @0.7.0 (python, devel)
McCabe complexity checker for Python code, flake8 plugin

py310-powerline-exitstatus-kai @1.2.0_1 (python, sysutils)
A Powerline segment for showing exit status or code

py311-flake8-mccabe @0.7.0 (python, devel)
McCabe complexity checker for Python code, flake8 plugin

py311-powerline-exitstatus-kai @1.2.0_1 (python, sysutils)
A Powerline segment for showing exit status or code

py312-flake8-mccabe @0.7.0 (python, devel)
McCabe complexity checker for Python code, flake8 plugin

py312-powerline-exitstatus-kai @1.2.0_1 (python, sysutils)
A Powerline segment for showing exit status or code

py313-flake8-mccabe @0.7.0 (python, devel)
McCabe complexity checker for Python code, flake8 plugin

py313-powerline-exitstatus-kai @1.2.0_1 (python, sysutils)
A Powerline segment for showing exit status or code

py314-fastdtw @0.3.4 (python, science)
Dynamic Time Warping (DTW) algorithm with an O(N) time and memory complexity.

py314-flake8-mccabe @0.7.0 (python, devel)
McCabe complexity checker for Python code, flake8 plugin

R-cyclocomp @1.1.1_1 (R, science, devel)
Cyclomatic complexity of R code

R-SCCI @1.2_1 (R, science, math)
Stochastic complexity-based conditional independence test for discrete data

R-statcomp @0.1.0_1 (R, science, math)
Statistical complexity and information measures for time series analysis

rb19-saikuro @1.1.0 (ruby)
Ruby cyclomatic complexity analyzer

scc @3.6.0 (devel)
scc is a very fast & accurate code counter with complexity calculations and COCOMO estimates written in pure Go

xc @0.9.0 (sysutils)
xc is a task runner designed to maximise convenience, and minimise complexity.

Found 36 ports.
