c3270 @4.3ga8 (comms)
A console-based IBM3270 terminal emulator.

crlibm @1.0beta5 (devel)
An efficient and proven correctly-rounded mathematical library

font-ibm-type1 @1.0.3_1 (x11, x11-font, graphics)
X.org IBM Type1 fonts

glibmm @2.78.0 (devel, x11)
C++ interface to glib

glibmm-2.4 @2.62.0 (devel, x11)
C++ interface to glib

glibmm-devel @2.78.0 (devel, x11)
C++ interface to glib

hercules @3.13 (emulators)
The Hercules IBM Large Systems Emulator

libmaa @1.3.2 (devel)
Low-level data structures helpful for writing compilers

libmacho @949.0.1 (devel)
libmacho is a library for managing mach-o files (parsing sections, etc)

libmacho-headers @949.0.1 (devel)
libmacho is a library for managing mach-o files (parsing sections, etc)

libmad @0.16.4 (audio)
MPEG Audio Decoder

libmagic @5.46 (sysutils)
File - determine file type

libmamba @1.5.8_1 (devel)
a reimplementation of the conda package manager in C++

libmame @0.146.6 (emulators)
MAME emulator as a library

libmatheval @1.1.11_3 (math, devel)
in-memory tree representations of mathematical functions

libmatroska @1.7.1 (multimedia)
Matroska is an extensible open standard audio/video container format.

libmaxminddb @1.9.1 (devel, net)
The libmaxminddb library provides a C library for reading MaxMind DB files, including the GeoIP2 databases from MaxMind.

libmba @0.9.1 (devel)
A collection of C modules potentially useful to any project

libmcfp @1.4.2 (devel)
A header only library that can collect configuration options from command line arguments

libmcrypt @2.5.8_2 (devel, security)
The encryption library used by mcrypt

libmcs @0.7.2 (devel)
a library and set of tools which abstract the storage of configuration settings away from userland applications

libmd @1.1.0 (devel)
message digest library

libmed @4.1.1_4 (science, devel)
a library to store and exchange meshed data or computation results

libmediaart @1.9.6 (graphics, gnome)
Library tasked with managing, extracting and handling media art caches.

libmemcache @1.4.0.rc2_1 (devel)
C library for memcached.

libmemcached @1.0.18 (devel)
libmemcached is a C and C++ client library to the memcached server

libmetalink @0.1.3 (net, devel)
libmetalink is a library for reading Metalink XML download description files.

libmicrohttpd @1.0.1 (www)
Light HTTP/1.1 server library.

libmikmod @3.3.13 (audio)
portable sound library

libmilter @8.17.1 (mail)
libmilter library from Sendmail

libminc @2.4.06_3 (science)
Library handling the MINC file format

libmm-glib @1.22.0 (comms, devel, gnome)
Cellular modem control and connectivity

libmms @0.6.4 (multimedia)
Library for parsing mms:// and mmsh:// network streams

libmng @2.0.3_1 (graphics)
Library for read MNG, an extension to PNG.

libmodplug @0.8.9.0 (audio)
MOD audio library

libmongo-client @0.1.8_3 (devel)
alternative C driver for MongoDB

libmovit @1.7.0 (multimedia)
Modern Video Toolkit - open-source library for GPU-accelerated video filters

libmowgli @1.0.0 (devel)
class library for C

libmowgli-2 @2.1.3_2 (devel)
class library for C

libmp3splt @0.9.2_3 (audio)
Utility for mp3 and ogg splitting without decoding

libmpc @1.3.1 (devel)
GNU MPC

libmpcdec @1.2.6 (audio, devel)
Musepack Decoder Library

libmpd @11.8.17 (audio)
libmpd provides higher level access to MPD functions.

libmpdclient @2.22 (audio)
libmpdclient is a stable, documented, asynchronous API library for interfacing MPD in the C, C++ & Objective C languages.

libmpeg2 @0.5.1_3 (multimedia)
A free library for decoding mpeg-2 and mpeg-1 video streams.

libmrss @0.19.2_3 (textproc, devel)
C library for parsing, writing, and creating RSS streams

libmsn @4.2.1 (net)
MSN Messenger library

libmsp430 @3.15.1.1 (devel)
Low-level MSP430 USB drivers

libmspack @1.11 (archivers)
Library supporting Microsoft compression formats

libmspub @0.1.4_10 (graphics)
libmspub is a library and a set of tools for reading and converting binary files produced by Microsoft Publisher.

libmtp @1.1.21 (multimedia)
libmtp is an implementation of Microsoft's Media Transfer Protocol (MTP)

libmusicbrainz2 @2.1.5_1 (audio, devel)
libmusicbrainz (also known as mb_client or MusicBrainz Client Library)

libmusicbrainz3 @3.0.3 (audio, devel)
libmusicbrainz (also known as mb_client or MusicBrainz Client Library)

libmusicbrainz5 @5.1.0 (audio, devel)
libmusicbrainz (also known as mb_client or MusicBrainz Client Library)

libmwaw @0.3.21 (devel, textproc)
Library parsing many pre-OS X MAC text formats.

libmypaint @1.6.1_1 (graphics)
The MyPaint Brush Library

libmysofa @1.3.3 (audio, devel)
reader for AES SOFA files to get better HRTFs

mikmod @3.2.8 (audio)
audio player using libmikmod

mod_maxminddb @1.1.0 (www)
This module allows you to query MaxMind DB files from Apache 2.2+ using the libmaxminddb library.

mypaint-brushes @2.0.2_1 (graphics)
libmypaint brush data version 2 (used by MyPaint)

mypaint-brushes1 @1.3.1 (graphics)
libmypaint brush data version 1 (used by GIMP)

opendx @4.4.4_13 (science)
IBM's Open Visualization Data Explorer

opendx-samples @4.4.0_2 (science)
IBM's Open Visualization Data Explorer (Data Samples)

openjdk8-openj9 @8u482 (java, devel)
IBM Semeru with Eclipse OpenJ9 VM distribution, based on OpenJDK 8 (Long Term Support)

openjdk11-openj9 @11.0.30 (java, devel)
IBM Semeru with Eclipse OpenJ9 VM distribution, based on OpenJDK 11 (Long Term Support)

openjdk17-openj9 @17.0.18 (java, devel)
IBM Semeru with Eclipse OpenJ9 VM distribution, based on OpenJDK 17 (Long Term Support)

openjdk21-openj9 @21.0.10 (java, devel)
IBM Semeru with Eclipse OpenJ9 VM distribution, based on OpenJDK 21 (Long Term Support)

openjdk22-openj9 @22.0.2_1 (java, devel)
IBM Semeru with Eclipse OpenJ9 VM distribution, based on OpenJDK 22 (Short Term Support until September 2024)

openjdk23-openj9 @23.0.2 (java, devel)
IBM Semeru with Eclipse OpenJ9 VM distribution, based on OpenJDK 23 (Short Term Support until March 2025)

openjdk24-openj9 @24.0.2 (java, devel)
IBM Semeru with Eclipse OpenJ9 VM distribution, based on OpenJDK 24 (Short Term Support until September 2025)

openjdk25-openj9 @25.0.2 (java, devel)
IBM Semeru with Eclipse OpenJ9 VM distribution, based on OpenJDK 25 (Long Term Support)

openlibm @0.8.4 (math, devel)
high quality system independent, portable, open source libm implementation

p5-file-libmagic @1.230.0 (perl)
Perl wrapper for libmagic

p5-perlmagick @6.9.13-21 (perl)
Perl extension for calling ImageMagick's libMagick methods

p5.28-file-libmagic @1.230.0 (perl)
Perl wrapper for libmagic

p5.28-perlmagick @6.9.13-21 (perl)
Perl extension for calling ImageMagick's libMagick methods

p5.30-file-libmagic @1.230.0 (perl)
Perl wrapper for libmagic

p5.30-perlmagick @6.9.13-21 (perl)
Perl extension for calling ImageMagick's libMagick methods

p5.32-file-libmagic @1.230.0 (perl)
Perl wrapper for libmagic

p5.32-perlmagick @6.9.13-21 (perl)
Perl extension for calling ImageMagick's libMagick methods

p5.34-file-libmagic @1.230.0 (perl)
Perl wrapper for libmagic

p5.34-perlmagick @6.9.13-21 (perl)
Perl extension for calling ImageMagick's libMagick methods

py-magic @0.4.27 (python, devel)
File type identification using libmagic

py-pycrlibm @1.0.3 (python, math)
Python bindings for CRlibm

py-pylibmc @1.6.3 (python)
Python memcached client wrapped on libmemcached.

py27-magic @0.4.27 (python, devel)
File type identification using libmagic

py310-magic @0.4.27 (python, devel)
File type identification using libmagic

py311-magic @0.4.27 (python, devel)
File type identification using libmagic

py312-magic @0.4.27 (python, devel)
File type identification using libmagic

py313-magic @0.4.27 (python, devel)
File type identification using libmagic

py313-pycrlibm @1.0.3 (python, math)
Python bindings for CRlibm

py313-pylibmc @1.6.3 (python)
Python memcached client wrapped on libmemcached.

py314-magic @0.4.27 (python, devel)
File type identification using libmagic

R-calibmsm @1.1.1 (R, science, math)
Calibration plots for the transition probabilities from multistate models

x3270 @3.3.11ga6_4 (x11)
x3270 is an IBM 3270 terminal emulator for the X Window System.

Found 95 ports.
