a2ps @4.15.8 (print)
an Any to PostScript filter.

abaddon @0.2.1_3 (net, www)
Alternative Discord client with voice support

ain @1.6.0 (www, net)
Ain is a terminal HTTP API client. It's an alternative to Postman, Paw or Insomnia.

albafetch @4.3 (sysutils)
Faster neofetch alternative, written in C

alcom @1.1.5 (devel, games)
ALternative (VRChat) creator COMpanion

altermime @0.3.11 (mail)
integrated email manipulation utility

ansifilter @2.21 (textproc)
remove ANSI codes from output

aspell-dict-mt @0.50-0 (textproc)
Maltese dictionary for aspell

avidemux @2.8.1_8 (multimedia)
video editor designed for simple cutting, filtering and encoding tasks

beets-alternatives @0.13.3 (audio)
beets plugin to manage multiple files

bfg @1.15.0 (java, devel)
Removes large or troublesome blobs like git-filter-branch does, but faster.

bindfs @1.18.1 (fuse)
mirrors or overlays a local directory with altered permissions

bmf @0.9.4 (mail)
Bayesian Mail Filter

bogofilter @1.2.5_2 (mail)
Fast Bayesian Spam Filter

certgraph @20220513 (net, security)
An open source intelligence tool to crawl the graph of certificate Alternate Names

choose @1.3.7 (textproc)
A human-friendly and fast alternative to cut and (sometimes) awk

clamsmtp @1.10 (mail, security)
SMTP filter checking for viruses using the ClamAV anti-virus

crswallow @0.2 (sysutils)
filter or rate-limit text lines containing CR

dansguardian @2.12.0.3 (net)
web content filter

dcc @2.3.169 (mail)
The Distributed Checksum Clearinghouses or DCC is an anti-spam content filter that runs on a variety of operating systems.

diskus @0.9.0 (sysutils)
A minimal, fast alternative to 'du -sh'

drc-fir @3.2.3 (science, multimedia, math)
DRC is a program used to generate correction filters for acoustic compensation

dspam @3.10.2_2 (mail, net)
Scalable, open-source statistical anti-spam filter

duf @0.9.1 (sysutils)
Disk Usage/Free Utility - a better 'df' alternative

fcron @3.2.1_3 (sysutils)
fcron is an alternative scheduler aka cron daemon

fd @10.3.0 (sysutils)
simple, fast and user-friendly alternative to find

frei0r-plugins @1.7.0 (multimedia)
Plugin API for video sources and filters

frozen @1.2.0 (devel)
A header-only, constexpr alternative to gperf for C++14 users

fsp @2.8.1b29 (net)
udp based alternate protocol for ftp, server and tools

gat @0.26.0 (textproc, sysutils)
cat alternative written in Go

git-filter-repo @2.47.0 (devel)
Quickly rewrite git repository history (filter-branch replacement)

gmailctl @0.11.0 (mail)
Declarative configuration for Gmail filters

go-task @3.46.4 (devel)
A task runner / simpler Make alternative written in Go

gr-adapt @20200630-13245e3f_10 (science, comms)
Adaptive filters for GNU Radio

gr-lte @20180220_4 (science, comms)
Obsolete port, replaced by gr37-lte

gr37-adapt @20191021-4bbdde4c_7 (science, comms)
Adaptive filters for GNU Radio

gr37-lte @20180220_1 (science, comms)
Provides augmented functionality (blocks, GRC definitions, apps, etc) for GNU Radio.

grepcidr @2.0_2 (sysutils, net)
Filter IPv4 and IPv6 addresses matching CIDR patterns

groonga @13.0.1_1 (databases)
An embeddable fulltext search engine

HDF5-External-Filter-Plugins @0.1.0_11 (science)
Provides dynamically loadable (compression) filters for HDF5

hwatch @0.3.19 (sysutils)
hwatch is an alternative watch command that records the result of command execution and can display history and diffs.

iir1 @1.9.4 (audio)
DSP IIR realtime filter library

imapfilter @2.8.3 (mail)
IMAP message processor/filter

integrit @4.1 (security)
integrit is the most simple Tripwire alternative

jello @1.6.1_1 (sysutils, textproc, python)
Filter JSON and JSON Lines data with Python syntax

jgraph @8.5 (graphics)
A Filter for Plotting Graphs in PostScript

jnv @0.6.1 (textproc)
interactive JSON filter using jq

kubie @0.26.0 (sysutils)
A more powerful alternative to kubectx and kubens

ldas-tools-diskcacheAPI @2.5.6 (science)
Filters library used by ldas-tools

ldas-tools-filters @2.5.2 (science)
Filters library used by ldas-tools

ldas-tools-frameAPI @2.5.2_1 (science)
Filters library used by ldas-tools

ldas-tools-ldasgen @2.5.5 (science)
Filters library used by ldas-tools

Legcord @1.2.1 (net)
lightweight alternative to the regular Discord application

lesspipe @2.22 (textproc)
lesspipe is an input filter for the pager less.

libad9361-iio @20220908-43643ab0 (science, comms)
libad9361-iio is an IIO AD9361 library for filter design and handling, multi-chip sync, and more

libcolorblind @0.0.1 (graphics)
Libcolorblind is a pixel filter for colorblind accessibility.

libmilter @8.17.1 (mail)
libmilter library from Sendmail

libmongo-client @0.1.8_3 (devel)
alternative C driver for MongoDB

libmovit @1.7.0 (multimedia)
Modern Video Toolkit - open-source library for GPU-accelerated video filters

libsieve @2.2.5 (mail, devel)
A library for parsing, sorting and filtering your mail

libstaroffice @0.0.7 (devel, textproc)
Import filter for old StarOffice documents.

libstdcxx_clang_fix @0.0.1_2 (devel)
Install alternate math.h header file for use when using Clang and libstdc++.

ltex-ls @16.0.0 (devel)
LTeX Language Server: LSP language server for LanguageTool with support for LaTeX, Markdown, and others

luit @2.0.20250912 (x11)
filter that converts legacy encodings to/from UTF-8

maildrop @3.1.6 (mail)
Mail delivery agent (MDA) with filtering abilities

mcpp @2.7.2_6 (devel)
Alternative C/C++ preprocessor

midi_patchbay @1.0.3 (audio)
Pass MIDI data between inputs/outputs and apply filters.

milter-greylist @4.6.4 (mail)
milter-greylist standalone greylist milter

mlterm @3.9.4_2 (x11)
Multi-lingual X11 terminal emulator

mod_fcgid @2.3.9 (www)
An alternative FastCGI module for Apache2

MoltenVK @1.4.1 (graphics)
an implementation of Vulkan for Metal

MoltenVK-1.0.41 @1.0.41_2 (graphics)
an implementation of Vulkan for Metal

MoltenVK-1.1.9 @1.1.9_3 (graphics)
an implementation of Vulkan for Metal

MoltenVK-latest @1.4.1 (graphics)
an implementation of Vulkan for Metal

mrustc @1.54-20231219 (lang, devel)
Alternative implementation of Rust

nkf @2.1.5 (textproc, japanese)
Network Kanji code conversion filter

ocaml-astring @0.8.5 (ocaml, devel)
Alternative String module for OCaml

octave-image @2.18.1 (octave, math, science)
The Octave-forge Image package provides functions for processing images. The package also provides functions for feature extraction, image statistics, spatial and geometric transformations, morphological operations, linear filtering, and much more.

octave-signal @1.4.7 (octave, math, science)
Signal processing tools, including filtering, windowing and display functions.

oidn @1.4.3_2 (graphics)
denoising filters for images rendered with ray tracing

orcus-0.17 @0.17.2 (devel)
Standalone file import filter library for spreadsheet documents.

orcus-0.18 @0.18.1 (devel)
Standalone file import filter library for spreadsheet documents.

p5-alien-role-alt @0.50.0 (perl)
Alien::Role::Alt - (Deprecated) Alien::Base role that supports alternates

p5-cgi-alternatives @0.190.0 (perl)
Documentation for alternative solutions to CGI.pm

p5-data-dumper-names @0.30.0 (perl)
Data::Dumper::Names - Dump variables with names (no source filter)

p5-file-find-object-rule @0.31.300 (perl)
File::Find::Object::Rule - Alternative interface to File::Find::Object

p5-file-find-rule @0.350.0 (perl)
File::Find::Rule - Alternative interface to File::Find

p5-filter @1.650.0 (perl)
Filter - A distribution providing a number of Source Filters

p5-filter-signatures @0.190.0 (perl)
Very simplistic signatures for Perl < 5.20

p5-filter-simple @0.940.0 (perl)
Simplified source filtering

p5-getopt-mixed @1.120.0 (perl, devel)
alternate module supports both long and short options

p5-html-stripscripts-parser @1.30.0 (perl)
XSS filter using HTML::Parser

p5-html-tagfilter @1.30.0_4 (perl)
a fine-grained html-filter, xss-blocker and mailto-obfuscator

p5-importer @0.26.0 (perl)
Importer - Alternative but compatible interface to modules that export symbols.

p5-inline-filters @0.200.0 (perl)
Inline::Filters - Common source code filters for Inline Modules.

p5-mail-audit @2.228.0_1 (perl, mail)
Library for creating easy mail filters

p5-mail-spamassassin @4.0.2_1 (perl, mail)
mail filter to identify spam

p5-method-signatures-simple @1.70.0 (perl)
Method::Signatures::Simple - Basic method declarations with signatures, without source filters

p5-module-implementation @0.90.0 (perl)
Module::Implementation - Loads one of several alternate underlying implementations for a module

p5-nkf @2.150.0 (perl, textproc, japanese)
A perl extension module to use the nkf kanji code conversion filter.

p5-pod-parser @1.670.0 (perl)
Pod::Parser - base class for creating POD filters and translators

p5-razor2-client-agent @2.860.0 (perl, mail)
Vipul's Razor is a distributed, collaborative, spam detection and filtering network.

p5-string-print @1.20.0 (perl)
String::Print - printf alternative

p5-sub-handlesvia @0.53.5 (perl)
Sub::HandlesVia - alternative handles_via implementation

p5-text-markdown @1.0.31_1 (perl, textproc)
Markdown text-to-HTML filter.

p5-xml-filter-buffertext @1.10.0_4 (perl, textproc)
Simple text filter

p5-xml-sax-base @1.90.0 (perl)
Base class SAX Drivers and Filters

p5.28-alien-role-alt @0.50.0 (perl)
Alien::Role::Alt - (Deprecated) Alien::Base role that supports alternates

p5.28-cgi-alternatives @0.190.0 (perl)
Documentation for alternative solutions to CGI.pm

p5.28-data-dumper-names @0.30.0 (perl)
Data::Dumper::Names - Dump variables with names (no source filter)

p5.28-file-find-object-rule @0.31.300 (perl)
File::Find::Object::Rule - Alternative interface to File::Find::Object

p5.28-file-find-rule @0.350.0 (perl)
File::Find::Rule - Alternative interface to File::Find

p5.28-filter @1.650.0 (perl)
Filter - A distribution providing a number of Source Filters

p5.28-filter-signatures @0.190.0 (perl)
Very simplistic signatures for Perl < 5.20

p5.28-filter-simple @0.940.0 (perl)
Simplified source filtering

p5.28-getopt-mixed @1.120.0 (perl, devel)
alternate module supports both long and short options

p5.28-html-stripscripts-parser @1.30.0 (perl)
XSS filter using HTML::Parser

p5.28-html-tagfilter @1.30.0_4 (perl)
a fine-grained html-filter, xss-blocker and mailto-obfuscator

p5.28-importer @0.26.0 (perl)
Importer - Alternative but compatible interface to modules that export symbols.

p5.28-inline-filters @0.200.0 (perl)
Inline::Filters - Common source code filters for Inline Modules.

p5.28-mail-audit @2.228.0_1 (perl, mail)
Library for creating easy mail filters

p5.28-mail-spamassassin @4.0.2_1 (perl, mail)
mail filter to identify spam

p5.28-method-signatures-simple @1.70.0 (perl)
Method::Signatures::Simple - Basic method declarations with signatures, without source filters

p5.28-module-implementation @0.90.0 (perl)
Module::Implementation - Loads one of several alternate underlying implementations for a module

p5.28-nkf @2.150.0 (perl, textproc, japanese)
A perl extension module to use the nkf kanji code conversion filter.

p5.28-razor2-client-agent @2.860.0 (perl, mail)
Vipul's Razor is a distributed, collaborative, spam detection and filtering network.

p5.28-string-print @1.20.0 (perl)
String::Print - printf alternative

p5.28-sub-handlesvia @0.53.5 (perl)
Sub::HandlesVia - alternative handles_via implementation

p5.28-text-markdown @1.0.31_1 (perl, textproc)
Markdown text-to-HTML filter.

p5.28-xml-filter-buffertext @1.10.0_4 (perl, textproc)
Simple text filter

p5.28-xml-sax-base @1.90.0 (perl)
Base class SAX Drivers and Filters

p5.30-alien-role-alt @0.50.0 (perl)
Alien::Role::Alt - (Deprecated) Alien::Base role that supports alternates

p5.30-cgi-alternatives @0.190.0 (perl)
Documentation for alternative solutions to CGI.pm

p5.30-data-dumper-names @0.30.0 (perl)
Data::Dumper::Names - Dump variables with names (no source filter)

p5.30-file-find-object-rule @0.31.300 (perl)
File::Find::Object::Rule - Alternative interface to File::Find::Object

p5.30-file-find-rule @0.350.0 (perl)
File::Find::Rule - Alternative interface to File::Find

p5.30-filter @1.650.0 (perl)
Filter - A distribution providing a number of Source Filters

p5.30-filter-signatures @0.190.0 (perl)
Very simplistic signatures for Perl < 5.20

p5.30-filter-simple @0.940.0 (perl)
Simplified source filtering

p5.30-getopt-mixed @1.120.0 (perl, devel)
alternate module supports both long and short options

p5.30-html-stripscripts-parser @1.30.0 (perl)
XSS filter using HTML::Parser

p5.30-html-tagfilter @1.30.0_4 (perl)
a fine-grained html-filter, xss-blocker and mailto-obfuscator

p5.30-importer @0.26.0 (perl)
Importer - Alternative but compatible interface to modules that export symbols.

p5.30-inline-filters @0.200.0 (perl)
Inline::Filters - Common source code filters for Inline Modules.

p5.30-mail-audit @2.228.0_1 (perl, mail)
Library for creating easy mail filters

p5.30-mail-spamassassin @4.0.2_1 (perl, mail)
mail filter to identify spam

p5.30-method-signatures-simple @1.70.0 (perl)
Method::Signatures::Simple - Basic method declarations with signatures, without source filters

p5.30-module-implementation @0.90.0 (perl)
Module::Implementation - Loads one of several alternate underlying implementations for a module

p5.30-nkf @2.150.0 (perl, textproc, japanese)
A perl extension module to use the nkf kanji code conversion filter.

p5.30-razor2-client-agent @2.860.0 (perl, mail)
Vipul's Razor is a distributed, collaborative, spam detection and filtering network.

p5.30-string-print @1.20.0 (perl)
String::Print - printf alternative

p5.30-sub-handlesvia @0.53.5 (perl)
Sub::HandlesVia - alternative handles_via implementation

p5.30-text-markdown @1.0.31_1 (perl, textproc)
Markdown text-to-HTML filter.

p5.30-xml-filter-buffertext @1.10.0_4 (perl, textproc)
Simple text filter

p5.30-xml-sax-base @1.90.0 (perl)
Base class SAX Drivers and Filters

p5.32-alien-role-alt @0.50.0 (perl)
Alien::Role::Alt - (Deprecated) Alien::Base role that supports alternates

p5.32-cgi-alternatives @0.190.0 (perl)
Documentation for alternative solutions to CGI.pm

p5.32-data-dumper-names @0.30.0 (perl)
Data::Dumper::Names - Dump variables with names (no source filter)

p5.32-file-find-object-rule @0.31.300 (perl)
File::Find::Object::Rule - Alternative interface to File::Find::Object

p5.32-file-find-rule @0.350.0 (perl)
File::Find::Rule - Alternative interface to File::Find

p5.32-filter @1.650.0 (perl)
Filter - A distribution providing a number of Source Filters

p5.32-filter-signatures @0.190.0 (perl)
Very simplistic signatures for Perl < 5.20

p5.32-filter-simple @0.940.0 (perl)
Simplified source filtering

p5.32-getopt-mixed @1.120.0 (perl, devel)
alternate module supports both long and short options

p5.32-html-stripscripts-parser @1.30.0 (perl)
XSS filter using HTML::Parser

p5.32-html-tagfilter @1.30.0_4 (perl)
a fine-grained html-filter, xss-blocker and mailto-obfuscator

p5.32-importer @0.26.0 (perl)
Importer - Alternative but compatible interface to modules that export symbols.

p5.32-inline-filters @0.200.0 (perl)
Inline::Filters - Common source code filters for Inline Modules.

p5.32-mail-audit @2.228.0_1 (perl, mail)
Library for creating easy mail filters

p5.32-mail-spamassassin @4.0.2_1 (perl, mail)
mail filter to identify spam

p5.32-method-signatures-simple @1.70.0 (perl)
Method::Signatures::Simple - Basic method declarations with signatures, without source filters

p5.32-module-implementation @0.90.0 (perl)
Module::Implementation - Loads one of several alternate underlying implementations for a module

p5.32-nkf @2.150.0 (perl, textproc, japanese)
A perl extension module to use the nkf kanji code conversion filter.

p5.32-pod-parser @1.670.0 (perl)
Pod::Parser - base class for creating POD filters and translators

p5.32-razor2-client-agent @2.860.0 (perl, mail)
Vipul's Razor is a distributed, collaborative, spam detection and filtering network.

p5.32-string-print @1.20.0 (perl)
String::Print - printf alternative

p5.32-sub-handlesvia @0.53.5 (perl)
Sub::HandlesVia - alternative handles_via implementation

p5.32-text-markdown @1.0.31_1 (perl, textproc)
Markdown text-to-HTML filter.

p5.32-xml-filter-buffertext @1.10.0_4 (perl, textproc)
Simple text filter

p5.32-xml-sax-base @1.90.0 (perl)
Base class SAX Drivers and Filters

p5.34-alien-role-alt @0.50.0 (perl)
Alien::Role::Alt - (Deprecated) Alien::Base role that supports alternates

p5.34-cgi-alternatives @0.190.0 (perl)
Documentation for alternative solutions to CGI.pm

p5.34-data-dumper-names @0.30.0 (perl)
Data::Dumper::Names - Dump variables with names (no source filter)

p5.34-file-find-object-rule @0.31.300 (perl)
File::Find::Object::Rule - Alternative interface to File::Find::Object

p5.34-file-find-rule @0.350.0 (perl)
File::Find::Rule - Alternative interface to File::Find

p5.34-filter @1.650.0 (perl)
Filter - A distribution providing a number of Source Filters

p5.34-filter-signatures @0.190.0 (perl)
Very simplistic signatures for Perl < 5.20

p5.34-filter-simple @0.940.0 (perl)
Simplified source filtering

p5.34-getopt-mixed @1.120.0 (perl, devel)
alternate module supports both long and short options

p5.34-html-stripscripts-parser @1.30.0 (perl)
XSS filter using HTML::Parser

p5.34-html-tagfilter @1.30.0_4 (perl)
a fine-grained html-filter, xss-blocker and mailto-obfuscator

p5.34-importer @0.26.0 (perl)
Importer - Alternative but compatible interface to modules that export symbols.

p5.34-inline-filters @0.200.0 (perl)
Inline::Filters - Common source code filters for Inline Modules.

p5.34-mail-audit @2.228.0_1 (perl, mail)
Library for creating easy mail filters

p5.34-mail-spamassassin @4.0.2_1 (perl, mail)
mail filter to identify spam

p5.34-method-signatures-simple @1.70.0 (perl)
Method::Signatures::Simple - Basic method declarations with signatures, without source filters

p5.34-module-implementation @0.90.0 (perl)
Module::Implementation - Loads one of several alternate underlying implementations for a module

p5.34-nkf @2.150.0 (perl, textproc, japanese)
A perl extension module to use the nkf kanji code conversion filter.

p5.34-pod-parser @1.670.0 (perl)
Pod::Parser - base class for creating POD filters and translators

p5.34-razor2-client-agent @2.860.0 (perl, mail)
Vipul's Razor is a distributed, collaborative, spam detection and filtering network.

p5.34-string-print @1.20.0 (perl)
String::Print - printf alternative

p5.34-sub-handlesvia @0.53.5 (perl)
Sub::HandlesVia - alternative handles_via implementation

p5.34-text-markdown @1.0.31_1 (perl, textproc)
Markdown text-to-HTML filter.

p5.34-xml-filter-buffertext @1.10.0_4 (perl, textproc)
Simple text filter

p5.34-xml-sax-base @1.90.0 (perl)
Base class SAX Drivers and Filters

peco @0.5.10 (sysutils)
Simplistic interactive filtering tool

php-APC @3.1.13 (php, devel)
Alternative PHP Cache

php53-APC @3.1.13 (php, devel)
Alternative PHP Cache

php54-APC @3.1.13 (php, devel)
Alternative PHP Cache

PRICE-aqua @1.3.0 (aqua, graphics)
Image filtering, enhancing and manipulation application

privoxy @4.1.0 (www, security, net)
Advanced filtering web proxy

proxsmtp @1.2 (mail)
ProxSMTP is a filtering SMTP proxy daemon

py-cucumber-expressions @18.0.1 (python, devel)
Cucumber Expressions - a simpler alternative to Regular Expressions

py-filterpy @1.4.5_1 (python, science)
Kalman filters and other optimal and non-optimal estimation filters in Python.

py-hdf5plugin @5.1.0 (python)
A set of compression filters for h5py

py-hypy @1.0.1 (python, textproc)
Fulltext search interface for Python applications

py-keyrings.alt @5.0.2 (python, devel)
Alternate keyring backend implementations for use with the keyring package

py-pandocfilters @1.5.1 (python, textproc)
Utilities for writing pandoc filters in python.

py-parsing @3.3.2 (python, lang)
alternative approach to creating parsers in python

py-pybcj @1.0.6 (python)
bcj filter library

py-regex @2025.11.3 (python, devel)
Alternate regular expression module, to replace re.

py-subvertpy @0.10.1 (python, devel)
Alternative Python bindings for Subversion (svn)

py-typogrify @2.1.0 (python)
Filters to enhance web typography, including support for Django & Jinja templates

py27-ldas-tools-diskcacheAPI @2.5.6 (python, science)
Python 27 bindings for Filters library used by ldas-tools

py27-ldas-tools-frameAPI @2.5.2_1 (python, science)
Python 27 bindings for Filters library used by ldas-tools

py27-ldas-tools-ldasgen @2.5.5 (python, science)
Python 27 bindings for Filters library used by ldas-tools

py27-parsing @2.4.7 (python, lang)
alternative approach to creating parsers in python

py27-subvertpy @0.10.1 (python, devel)
Alternative Python bindings for Subversion (svn)

py35-parsing @2.4.7 (python, lang)
alternative approach to creating parsers in python

py36-parsing @3.1.4 (python, lang)
alternative approach to creating parsers in python

py39-pandocfilters @1.5.1 (python, textproc)
Utilities for writing pandoc filters in python.

py39-parsing @3.3.2 (python, lang)
alternative approach to creating parsers in python

py310-filterpy @1.4.5_1 (python, science)
Kalman filters and other optimal and non-optimal estimation filters in Python.

py310-hdf5plugin @5.1.0 (python)
A set of compression filters for h5py

py310-keyrings.alt @5.0.2 (python, devel)
Alternate keyring backend implementations for use with the keyring package

py310-pandocfilters @1.5.1 (python, textproc)
Utilities for writing pandoc filters in python.

py310-parsing @3.3.2 (python, lang)
alternative approach to creating parsers in python

py310-pybcj @1.0.6 (python)
bcj filter library

py310-regex @2025.11.3 (python, devel)
Alternate regular expression module, to replace re.

py310-typogrify @2.1.0 (python)
Filters to enhance web typography, including support for Django & Jinja templates

py311-hdf5plugin @5.1.0 (python)
A set of compression filters for h5py

py311-keyrings.alt @5.0.2 (python, devel)
Alternate keyring backend implementations for use with the keyring package

py311-pandocfilters @1.5.1 (python, textproc)
Utilities for writing pandoc filters in python.

py311-parsing @3.3.2 (python, lang)
alternative approach to creating parsers in python

py311-pybcj @1.0.6 (python)
bcj filter library

py311-regex @2025.11.3 (python, devel)
Alternate regular expression module, to replace re.

py311-typogrify @2.1.0 (python)
Filters to enhance web typography, including support for Django & Jinja templates

py312-hdf5plugin @5.1.0 (python)
A set of compression filters for h5py

py312-hypy @1.0.1 (python, textproc)
Fulltext search interface for Python applications

py312-keyrings.alt @5.0.2 (python, devel)
Alternate keyring backend implementations for use with the keyring package

py312-pandocfilters @1.5.1 (python, textproc)
Utilities for writing pandoc filters in python.

py312-parsing @3.3.2 (python, lang)
alternative approach to creating parsers in python

py312-pybcj @1.0.6 (python)
bcj filter library

py312-regex @2025.11.3 (python, devel)
Alternate regular expression module, to replace re.

py312-typogrify @2.1.0 (python)
Filters to enhance web typography, including support for Django & Jinja templates

py313-cucumber-expressions @18.0.1 (python, devel)
Cucumber Expressions - a simpler alternative to Regular Expressions

py313-hdf5plugin @5.1.0 (python)
A set of compression filters for h5py

py313-keyrings.alt @5.0.2 (python, devel)
Alternate keyring backend implementations for use with the keyring package

py313-pandocfilters @1.5.1 (python, textproc)
Utilities for writing pandoc filters in python.

py313-parsing @3.3.2 (python, lang)
alternative approach to creating parsers in python

py313-pybcj @1.0.6 (python)
bcj filter library

py313-regex @2025.11.3 (python, devel)
Alternate regular expression module, to replace re.

py313-typogrify @2.1.0 (python)
Filters to enhance web typography, including support for Django & Jinja templates

py314-keyrings.alt @5.0.2 (python, devel)
Alternate keyring backend implementations for use with the keyring package

py314-pandocfilters @1.5.1 (python, textproc)
Utilities for writing pandoc filters in python.

py314-parsing @3.3.2 (python, lang)
alternative approach to creating parsers in python

py314-pybcj @1.0.6 (python)
bcj filter library

py314-regex @2025.11.3 (python, devel)
Alternate regular expression module, to replace re.

py314-typogrify @2.1.0 (python)
Filters to enhance web typography, including support for Django & Jinja templates

qBittorrent @5.1.4 (net)
The qBittorrent project aims to provide an open-source software alternative to µTorrent.

qBittorrent-qt5 @4.6.7_1 (net)
The qBittorrent project aims to provide an open-source software alternative to µTorrent.

R-ADMM @0.3.3_2 (R, science, math)
Algorithms using Alternating Direction Method of Multipliers

R-altR2 @1.1.0 (R, science, math)
Alternative estimators to adjusted R-squared

R-ao @1.1.0 (R, science, math)
Alternating Optimization

R-ATR @0.1-1_1 (R, science)
Alternative Tree Representation

R-aTSA @3.1.2.1_1 (R, science, math)
Alternative Time Series Analysis

R-beeswarm @0.4.0_2 (R, science, graphics)
The bee swarm plot, an alternative to stripchart

R-conflicted @1.2.0_2 (R, science)
Alternative conflict resolution strategy

R-CpGFilter @1.1_1 (R, science, math)
CpG filtering method based on intra-class correlation coefficients

R-fastplyr @0.4.0 (R, science, textproc)
Fast alternatives to tidyverse functions

R-FKF @0.2.6 (R, science, math)
Fast Kalman Filter

R-frab @0.0-6 (R, science, math)
Alternative interpretation of named vectors

R-genefilter @1.86.0 (R, science, bioconductor)
Methods for filtering genes from high-throughput experiments

R-gibasa @1.1.1 (R, science, textproc)
Alternative Rcpp wrapper for MeCab

R-kalmanfilter @2.1.1_1 (R, science, math)
Kalman Filter

R-KFAS @1.5.1_1 (R, science, math)
Kalman filter and smoother for exponential family state space models

R-kimfilter @1.0.3_1 (R, science, math)
Kim Filter

R-lowpassFilter @1.0-2_1 (R, science)
Lowpass Filtering

R-maditr @0.8.5 (R, science)
Fast data aggregation, modification and filtering with pipes and R-data.table

R-mFilter @0.1-5_1 (R, science, math)
Miscellaneous time series filters

R-mipfp @3.2.1 (R, science, math)
Multidimensional iterative proportional fitting and alternative models

R-miscFuncs @1.5-8_1 (R, science)
Miscellaneous useful functions including LaTeX tables, Kalman filtering and development tools

R-modeltests @0.1.6 (R, science)
Testing infrastructure for Broom model generics

R-neverhpfilter @0.4-0_1 (R, science, math)
Alternative to the Hodrick–Prescott filter

R-new.dist @0.1.1_1 (R, science, math)
Alternative continuous and discrete distributions

R-realtest @0.2.3_1 (R, science, devel)
Framework for unit testing

R-rhdf5filters @1.16.0_1 (R, science, bioconductor)
HDF5 compression filters

R-rmdfiltr @0.1.3 (R, science)
Lua-filters for R markdown

R-shinydashboardPlus @2.0.5 (R, science)
Add more AdminLTE2 components to R-shinydashboard

R-stringfish @0.16.0_2 (R, science, devel)
Alternative string implementation

R-SVDNF @0.1.9 (R, science, finance, math)
Discrete non-linear filtering for stochastic volatility models

R-UpSetR @1.4.0_1 (R, science)
More scalable alternative to Venn and Euler diagrams for visualizing intersecting sets

R-wavelets @0.3-0.2_1 (R, science, finance)
Functions for computing wavelet filters, wavelet transforms and multiresolution analyses

rb-addressable @2.8.7 (ruby, net)
Addressable is an alternative implementation to the URI implementation that is part of Ruby standard library

rb31-addressable @2.8.7 (ruby, net)
Addressable is an alternative implementation to the URI implementation that is part of Ruby standard library

rb32-addressable @2.8.7 (ruby, net)
Addressable is an alternative implementation to the URI implementation that is part of Ruby standard library

rb33-addressable @2.8.7 (ruby, net)
Addressable is an alternative implementation to the URI implementation that is part of Ruby standard library

rgm3800 @1 (comms, aqua, python)
A GUI for the rgm3800py Script to access Royaltek RGM-3800 and compatible GPS datalogger

rgm3800py @25 (comms, python)
Access Royaltek RGM-3800 and compatible GPS datalogger

riff @3.6.1 (textproc)
A diff filter highlighting which line parts have changed

rspamd @3.13.0 (mail)
Rapid spam filtering system.

rtf2latex2e @2.2.2 (tex)
Filter to convert rtf files into LaTeX2e code.

sd @1.0.0 (textproc)
Intuitive find & replace CLI (sed alternative)

senna @1.1.4 (textproc)
embeddable fulltext search engine

sift @0.9.1 (sysutils)
A fast and powerful open source alternative to grep

spuce @0.4.3 (audio)
A DSP digital filtering library - IIR/FIR filtering

sudosh2 @1.0.7 (shells, security)
sudosh is an auditing shell filter and can be used as a login shell.

t-prot @3.4_3 (mail)
TOFU protection script (MUA display filter)

tcl-dox @0.8.3_2 (textproc)
Tcl-Dox is a filter that you can use with Doxygen for documenting Tcl source code.

tcl2doxy @0-2 (textproc)
Tcl/Tk input filter for doxygen Tcl2doxy translates Tcl/Tk source code into C-like code which doxygen is able to parse and generate a documentation for.

tesseract-mlt @4.1.0 (textproc, graphics, pdf)
Maltese language data for the Tesseract OCR engine

toilet @0.3_2 (graphics)
toilet - colour based alternative to figlet using libcaca

webcleaner @2.31_1 (www, python)
webcleaner is a powerful filtering http proxy

yakmo @2015-01-21 (math, textproc)
C++ implementation of robust, efficient alternative k-means clustering

Found 324 ports.
