aegis @4.24.3_2 (devel)
A project change supervisor

airspy @20210912-41c439f1 (science, comms)
Host software for AirSpy, a project to produce a low cost, open source software radio platform (SDR).

arm-none-eabi-gdb @17.1 (cross, devel)
GDB: The GNU Project Debugger for arm-none-eabi

avr-gdb @13.1 (cross, devel)
GDB: The GNU Project Debugger for avr

bcunit @5.4.80 (devel)
This is BCUnit, a fork of the defunct project CUnit

bitkeeper @7.3.3_1 (devel)
BitKeeper is a fast, enterprise-ready, distributed SCM that scales up to very large projects and down to tiny ones.

boost-build @2.0-m12_2 (devel)
Build system for large project software construction

cargo-generate @0.23.7 (devel)
cargo, make me a project

cask @0.9.1 (devel)
Project management tool for Emacs

cbindgen @0.29.2 (devel)
A project for generating C bindings from Rust code

cl-hu.dwim.asdf @20211203 (lisp, devel)
ASDF extensions used by most of hu.dwim projects.

cl-jpl-util @0.4 (lisp, devel)
cl-jpl-util is a collection of Common Lisp utility functions and macros, primarily for software projects by J.P. Larocque

coinor-coinutils @2.11.10 (math)
Utilities, data structures, and linear algebra methods for COIN-OR projects

commitizen @2.42.1 (devel, python)
Create committing rules for projects, auto bump versions, and auto changelog generation

cyclonedds @0.10.5 (devel)
Eclipse Cyclone DDS project

dokuwiki @2024-02-06a (www)
simple to use wiki aimed at documentation projects

dotnet-sdk-2.1 @2.1.818_1 (dotnet, devel)
Core functionality needed to create .NET Core projects, that is shared between Visual Studio and CLI

dotnet-sdk-3.1 @3.1.426_2 (dotnet, devel)
Core functionality needed to create .NET Core projects, that is shared between Visual Studio and CLI

dotnet-sdk-6 @6.0.428 (dotnet, devel)
Core functionality needed to create .NET Core projects, that is shared between Visual Studio and CLI

dotnet-sdk-7 @7.0.410 (dotnet, devel)
Core functionality needed to create .NET Core projects, that is shared between Visual Studio and CLI

dotnet-sdk-8 @8.0.417 (dotnet, devel)
Core functionality needed to create .NET Core projects, that is shared between Visual Studio and CLI

dotnet-sdk-9 @9.0.310 (dotnet, devel)
Core functionality needed to create .NET Core projects, that is shared between Visual Studio and CLI

dotnet-sdk-10 @10.0.102 (dotnet, devel)
Core functionality needed to create .NET Core projects, that is shared between Visual Studio and CLI

dotnet-sdk-devel @10.0.100-rc.2.25502.107 (dotnet, devel)
Core functionality needed to create .NET Core projects, that is shared between Visual Studio and CLI

edencommon @2024.08.26.00_2 (devel)
Shared library for Watchman and Eden projects

flynt @1.0.6_1 (python, devel)
CLI tool to convert a python project's %-formatted strings to f-strings.

fornjot @0.47.0 (cad)
Fornjot is an early-stage project to create a next-generation Code-CAD application.

gdb @16.3 (devel)
GDB: The GNU Project Debugger

gdb-apple @2831_1 (devel)
GDB: The GNU Project Debugger with Apple Modifications (based on 6.3.50)

genie @93f6621b979f64aed4f31448cb3ce4b21b758f05 (devel)
GENie project generator tool

gitty @0.7.0 (devel)
Contextual information about your git projects, right on the command-line

gnotime @2.4.1 (gnome)
A GNOME project manager.

go2port @20250207 (sysutils, macports)
A tool for creating MacPorts portfiles for Go projects

gradle8 @8.14.3 (devel, java, groovy)
An open-source build system that is based on the Groovy language (version 8 for compatibility with older projects)

gvemod-ndview @0.4 (science, graphics, x11)
A Geomview emodule for displaying projections of higher dimensional objects.

hackrf @2024.02.1 (science, comms)
hackrf is a project to build a low cost software radio (SDR) platform.

hackrf-devel @20241205-db884152 (science, comms)
hackrf is a project to build a low cost software radio (SDR) platform.

hatch @1.16.3 (python, devel)
Hatch is a modern, extensible Python project manager.

hermit @0.38.1 (devel)
Hermit manages isolated, self-bootstrapping sets of tools in software projects.

icompile @0.5.7_1 (devel)
icompile is an autocompile tool for C++ projects

iv @2015.03.24 (devel)
iv is ECMA262 5.1 lexer and parser and engine project

jenkins @2.528.3 (devel, java)
The leading open source automation server, Jenkins provides hundreds of plugins to support building, deploying and automating any project.

jpm @20220615 (devel)
Janet Project Manager

jreleaser @1.22.0 (devel, java)
Release projects quickly and easily with JReleaser

just @1.46.0 (sysutils)
A handy way to store and run project-specific commands

kondo @0.9 (devel, sysutils)
Cleans dependencies and build artifacts from your projects

leaf @1.3.0 (sysutils)
General purpose reloader for all projects.

lefthook @2.0.4 (devel)
Fast and powerful Git hooks manager for any type of projects.

libigloo @0.9.5 (devel)
A generic C framework. It is developed and used by the Icecast project.

libimobiledevice-glue @1.3.2 (devel)
Library with common code used by the libraries and tools around the libimobiledevice project

libimobiledevice-glue-devel @20250907 (devel)
Library with common code used by the libraries and tools around the libimobiledevice project

libmba @0.9.1 (devel)
A collection of C modules potentially useful to any project

libomp @21.1.7 (lang)
The OpenMP subproject of LLVM

libopenraw @0.3.7 (graphics)
libopenraw is an ongoing project to provide a free software implementation for decoding camera RAW files.

libopenraw-legacy @0.3.7_1 (graphics)
libopenraw is an ongoing project to provide a free software implementation for decoding camera RAW files.

libproj4 @3_20081120_6 (gis)
Cartographic projections C libary

libyuv @20230817 (multimedia)
libyuv is an open source project that includes YUV scaling and conversion functionality

log4cxx @1.5.0 (devel)
log4cxx is a port to C++ of the log4j project

loggerhead @1.18.1 (www, devel)
Web viewer for projects in Bazaar

luma @1.7.12_3 (science)
Open-source project Lattice-Boltzmann at the University of Manchester (LUMA)

macsword @1.4.3 (aqua, textproc)
Aqua application based on the Sword project for Bible reading

maven2 @2.2.1_4 (java, devel)
A java-based build and project management environment.

maven3 @3.9.12 (java, devel)
A Java-based build and project management environment.

maven31 @3.1.1_4 (java, devel)
A java-based build and project management environment.

maven32 @3.2.5_2 (java, devel)
A java-based build and project management environment.

mlir-13 @13.0.1 (lang)
The MLIR project is a novel approach to building reusable and extensible compiler infrastructure.

mlir-14 @14.0.6 (lang)
The MLIR project is a novel approach to building reusable and extensible compiler infrastructure.

mlir-15 @15.0.7_1 (lang)
The MLIR project is a novel approach to building reusable and extensible compiler infrastructure.

mlir-16 @16.0.6_1 (lang)
The MLIR project is a novel approach to building reusable and extensible compiler infrastructure.

mlir-17 @17.0.6_1 (lang)
The MLIR project is a novel approach to building reusable and extensible compiler infrastructure.

mlir-18 @18.1.8 (lang)
The MLIR project is a novel approach to building reusable and extensible compiler infrastructure.

mlir-19 @19.1.7 (lang)
The MLIR project is a novel approach to building reusable and extensible compiler infrastructure.

mlir-20 @20.1.8 (lang)
The MLIR project is a novel approach to building reusable and extensible compiler infrastructure.

mlir-21 @21.1.8 (lang)
The MLIR project is a novel approach to building reusable and extensible compiler infrastructure.

mlir-devel @20250908-408a2e7c (lang)
The MLIR project is a novel approach to building reusable and extensible compiler infrastructure.

mulle-xcode-to-cmake @0.9.0 (devel)
Tool to convert Xcode projects to cmake CMakeLists.txt

mutest @20200813 (devel)
a small unit testing library for C projects

MyLoss @1.0 (aqua)
MacOS test project, trying to make a calorie and weight tracker.

newreleases @0.1.16 (devel)
A command line client for managing NewReleases (newreleases.io) projects.

ngtcp2 @1.10.0 (net, devel)
ngtcp2 project is an effort to implement RFC9000 QUIC protocol

oberon-risc @20200818 (emulators)
Project Oberon RISC system emulator

octave-octproj @3.1.0 (octave, math, science)
This package allows to call functions of PROJ.4 library for cartographic projections transformations.

org-mode @9.4 (editors)
an Emacs Mode for Notes, Project Planning, and Authoring

osmocore @1.3.0_1 (science, comms)
osmocore provides a set of C-language libraries that form the core infrastructure of many Osmocom Open Source Mobile Communications projects.

osmocore-devel @20200121-89c04288_1 (science, comms)
osmocore provides a set of C-language libraries that form the core infrastructure of many Osmocom Open Source Mobile Communications projects.

oxenmq @1.2.17 (devel, net)
High-level zeromq-based message passing for network-based projects

p5-file-sharedir-projectdistdir @1.0.9_1 (perl)
Simple set-and-forget using of a '/share' directory in your projects root

p5-image-sane @5_2 (perl)
Image::Sane - Perl extension for the SANE (Scanner Access Now Easy) Project

p5-pod-projectdocs @0.530.0 (perl)
Pod::ProjectDocs - generates CPAN like pod pages

p5-test-eol @2.20.0 (perl)
Test::EOL - Check the correct line endings in your project

p5-test-more-utf8 @0.50.0 (perl)
Test::More::UTF8 - Enhancing Test::More for UTF8-based projects

p5-test-notabs @2.20.0 (perl)
Test::NoTabs - Check the presence of tabs in your project

p5.28-file-sharedir-projectdistdir @1.0.9_1 (perl)
Simple set-and-forget using of a '/share' directory in your projects root

p5.28-image-sane @5_2 (perl)
Image::Sane - Perl extension for the SANE (Scanner Access Now Easy) Project

p5.28-pod-projectdocs @0.530.0 (perl)
Pod::ProjectDocs - generates CPAN like pod pages

p5.28-test-eol @2.20.0 (perl)
Test::EOL - Check the correct line endings in your project

p5.28-test-more-utf8 @0.50.0 (perl)
Test::More::UTF8 - Enhancing Test::More for UTF8-based projects

p5.28-test-notabs @2.20.0 (perl)
Test::NoTabs - Check the presence of tabs in your project

p5.30-file-sharedir-projectdistdir @1.0.9_1 (perl)
Simple set-and-forget using of a '/share' directory in your projects root

p5.30-image-sane @5_2 (perl)
Image::Sane - Perl extension for the SANE (Scanner Access Now Easy) Project

p5.30-pod-projectdocs @0.530.0 (perl)
Pod::ProjectDocs - generates CPAN like pod pages

p5.30-test-eol @2.20.0 (perl)
Test::EOL - Check the correct line endings in your project

p5.30-test-more-utf8 @0.50.0 (perl)
Test::More::UTF8 - Enhancing Test::More for UTF8-based projects

p5.30-test-notabs @2.20.0 (perl)
Test::NoTabs - Check the presence of tabs in your project

p5.32-file-sharedir-projectdistdir @1.0.9_1 (perl)
Simple set-and-forget using of a '/share' directory in your projects root

p5.32-image-sane @5_2 (perl)
Image::Sane - Perl extension for the SANE (Scanner Access Now Easy) Project

p5.32-pod-projectdocs @0.530.0 (perl)
Pod::ProjectDocs - generates CPAN like pod pages

p5.32-test-eol @2.20.0 (perl)
Test::EOL - Check the correct line endings in your project

p5.32-test-more-utf8 @0.50.0 (perl)
Test::More::UTF8 - Enhancing Test::More for UTF8-based projects

p5.32-test-notabs @2.20.0 (perl)
Test::NoTabs - Check the presence of tabs in your project

p5.34-file-sharedir-projectdistdir @1.0.9_1 (perl)
Simple set-and-forget using of a '/share' directory in your projects root

p5.34-image-sane @5_2 (perl)
Image::Sane - Perl extension for the SANE (Scanner Access Now Easy) Project

p5.34-pod-projectdocs @0.530.0 (perl)
Pod::ProjectDocs - generates CPAN like pod pages

p5.34-test-eol @2.20.0 (perl)
Test::EOL - Check the correct line endings in your project

p5.34-test-more-utf8 @0.50.0 (perl)
Test::More::UTF8 - Enhancing Test::More for UTF8-based projects

p5.34-test-notabs @2.20.0 (perl)
Test::NoTabs - Check the presence of tabs in your project

patcher @0.6_1 (devel)
A tool for quick creation of patches against a project source tree

pbtomake @4.0 (devel)
Project Builder pbproj file to standard Makefile converter

php-uuid @1.2.1 (php, net, www)
A wrapper around libuuid from the ext2utils project.

php53-uuid @1.0.5_1 (php, net, www)
A wrapper around libuuid from the ext2utils project.

php54-uuid @1.0.5_1 (php, net, www)
A wrapper around libuuid from the ext2utils project.

php55-uuid @1.0.5_1 (php, net, www)
A wrapper around libuuid from the ext2utils project.

php56-uuid @1.0.5_1 (php, net, www)
A wrapper around libuuid from the ext2utils project.

php70-uuid @1.2.1 (php, net, www)
A wrapper around libuuid from the ext2utils project.

php71-uuid @1.2.1 (php, net, www)
A wrapper around libuuid from the ext2utils project.

php72-uuid @1.2.1 (php, net, www)
A wrapper around libuuid from the ext2utils project.

php73-uuid @1.2.1 (php, net, www)
A wrapper around libuuid from the ext2utils project.

php74-uuid @1.2.1 (php, net, www)
A wrapper around libuuid from the ext2utils project.

php80-uuid @1.2.1 (php, net, www)
A wrapper around libuuid from the ext2utils project.

php81-uuid @1.2.1 (php, net, www)
A wrapper around libuuid from the ext2utils project.

php82-uuid @1.2.1 (php, net, www)
A wrapper around libuuid from the ext2utils project.

php83-uuid @1.2.1 (php, net, www)
A wrapper around libuuid from the ext2utils project.

planner @0.14.92 (gnome)
Project management application for GNOME

ProjectCenter @0.6.2 (gnustep)
GNUstep's integrated developement environment (IDE).

ProjectLibre @1.8.0-git (office, java)
ProjectLibre is a project management software.

ProjectManager @0.2_1 (gnustep)
Integrated Development Environment (IDE) for GNUstep

pub2port @0.0.1 (sysutils, macports)
A tool for creating MacPorts portfiles for Dart projects

py-aiosignal @1.4.0 (python)
manage callbacks in asyncio projects

py-alagitpull @0.1.0 (python)
Cleverly-named alabaster sub-theme for git-pull projects

py-awscrt @0.31.1 (python, devel)
A common runtime for AWS Python projects

py-changelog-chug @0.0.3 (python, devel)
Parser library for project Change Log documents.

py-coherent.licensed @0.5.2 (python, devel)
License management tooling for Coherent System and skeleton projects

py-cookiecutter @2.6.0 (python, devel)
A command-line utility that creates projects from project templates.

py-css-parser @1.0.10 (python)
A fork of the cssutils project based on version 1.0.2.

py-flake8-pyproject @1.2.4 (python, devel)
Flake8 plug-in loading the configuration from pyproject.toml

py-flasgger @0.9.7.1 (python, devel)
Extract swagger specs from your flask project

py-hatch-fancy-pypi-readme @25.1.0 (python, devel)
a Hatch metadata plugin for projects' PyPI landing page

py-hatch-requirements-txt @0.4.1 (python, devel)
Hatchling plugin to read project dependencies from requirements.txt

py-incremental @24.7.2 (python, devel)
A small library that versions your Python projects

py-logilab-common @2.1.0 (python, devel)
A number of modules used by various projects from Logilab

py-matplotlib-basemap @2.0.0 (python, graphics, math)
matplotlib toolkit for plotting data on map projections

py-mp-api @0.45.15 (python, science, devel)
API Client for the Materials Project

py-pacmap @0.8.0 (python, science)
PaCMAP: Pairwise Controlled Manifold Approximation Projection

py-pyproject_api @1.10.0 (python)
API to interact with the python pyproject.toml based projects

py-pyproject_hooks @1.2.0 (python)
API to call PEP 517 hooks

py-pyproject_metadata @0.10.0 (python, devel)
Dataclass for PEP 621 metadata with support for core metadata generation

py-radical-utils @0.28 (python, net, parallel, devel)
Shared code and tools for various Radical Group projects

py-recommonmark @0.7.1 (python, textproc)
Enables writing CommonMark inside of Docutils & Sphinx projects.

py-redmine @2.5.0 (python)
A library for communicating with a Redmine project management application

py-reproject @0.15.0 (python, science)
Astropy affiliated package for image reprojection

py-sphinx-issues @3.0.1 (python)
A Sphinx plugin linking to your project's issue tracker.

py-trollius @2.2.1 (python, devel)
Port of the Tulip project (asyncio module, PEP 3156) on Python 2

py-uc-micro-py @1.0.3 (python)
Micro subset of unicode data files for linkify-it-py projects.

py-umap-learn @0.5.9.post2 (python)
Uniform Manifold Approximation and Projection

py-uv-dynamic-versioning @0.13.0 (python, devel)
Dynamic versioning based on VCS tags for uv/hatch project

py-versioneer @0.29 (python, devel)
Easy VCS-based management of project version strings

py27-incremental @22.10.0 (python, devel)
A small library that versions your Python projects

py27-logilab-common @1.4.4 (python, devel)
A number of modules used by various projects from Logilab

py27-radical-utils @0.28 (python, net, parallel, devel)
Shared code and tools for various Radical Group projects

py27-trollius @2.2.1 (python, devel)
Port of the Tulip project (asyncio module, PEP 3156) on Python 2

py35-trollius @2.2.1 (python, devel)
Port of the Tulip project (asyncio module, PEP 3156) on Python 2

py36-trollius @2.2.1 (python, devel)
Port of the Tulip project (asyncio module, PEP 3156) on Python 2

py37-hatch-fancy-pypi-readme @25.1.0 (python, devel)
a Hatch metadata plugin for projects' PyPI landing page

py37-pyproject_hooks @1.2.0 (python)
API to call PEP 517 hooks

py38-hatch-fancy-pypi-readme @25.1.0 (python, devel)
a Hatch metadata plugin for projects' PyPI landing page

py38-pyproject_hooks @1.2.0 (python)
API to call PEP 517 hooks

py39-hatch-fancy-pypi-readme @25.1.0 (python, devel)
a Hatch metadata plugin for projects' PyPI landing page

py39-hatch-requirements-txt @0.4.1 (python, devel)
Hatchling plugin to read project dependencies from requirements.txt

py39-incremental @24.7.2 (python, devel)
A small library that versions your Python projects

py39-pyproject_hooks @1.2.0 (python)
API to call PEP 517 hooks

py39-pyproject_metadata @0.10.0 (python, devel)
Dataclass for PEP 621 metadata with support for core metadata generation

py39-uc-micro-py @1.0.3 (python)
Micro subset of unicode data files for linkify-it-py projects.

py39-versioneer @0.29 (python, devel)
Easy VCS-based management of project version strings

py310-aiosignal @1.4.0 (python)
manage callbacks in asyncio projects

py310-alagitpull @0.1.0 (python)
Cleverly-named alabaster sub-theme for git-pull projects

py310-awscrt @0.31.1 (python, devel)
A common runtime for AWS Python projects

py310-coherent.licensed @0.5.2 (python, devel)
License management tooling for Coherent System and skeleton projects

py310-cookiecutter @2.6.0 (python, devel)
A command-line utility that creates projects from project templates.

py310-css-parser @1.0.10 (python)
A fork of the cssutils project based on version 1.0.2.

py310-flasgger @0.9.7.1 (python, devel)
Extract swagger specs from your flask project

py310-hatch-fancy-pypi-readme @25.1.0 (python, devel)
a Hatch metadata plugin for projects' PyPI landing page

py310-hatch-requirements-txt @0.4.1 (python, devel)
Hatchling plugin to read project dependencies from requirements.txt

py310-incremental @24.7.2 (python, devel)
A small library that versions your Python projects

py310-logilab-common @2.1.0 (python, devel)
A number of modules used by various projects from Logilab

py310-mp-api @0.45.15 (python, science, devel)
API Client for the Materials Project

py310-pyproject_api @1.10.0 (python)
API to interact with the python pyproject.toml based projects

py310-pyproject_hooks @1.2.0 (python)
API to call PEP 517 hooks

py310-pyproject_metadata @0.10.0 (python, devel)
Dataclass for PEP 621 metadata with support for core metadata generation

py310-recommonmark @0.7.1 (python, textproc)
Enables writing CommonMark inside of Docutils & Sphinx projects.

py310-reproject @0.14.1 (python, science)
Astropy affiliated package for image reprojection

py310-sphinx-issues @3.0.1 (python)
A Sphinx plugin linking to your project's issue tracker.

py310-uc-micro-py @1.0.3 (python)
Micro subset of unicode data files for linkify-it-py projects.

py310-uv-dynamic-versioning @0.13.0 (python, devel)
Dynamic versioning based on VCS tags for uv/hatch project

py310-versioneer @0.29 (python, devel)
Easy VCS-based management of project version strings

py311-aiosignal @1.4.0 (python)
manage callbacks in asyncio projects

py311-alagitpull @0.1.0 (python)
Cleverly-named alabaster sub-theme for git-pull projects

py311-awscrt @0.31.1 (python, devel)
A common runtime for AWS Python projects

py311-coherent.licensed @0.5.2 (python, devel)
License management tooling for Coherent System and skeleton projects

py311-cookiecutter @2.6.0 (python, devel)
A command-line utility that creates projects from project templates.

py311-css-parser @1.0.10 (python)
A fork of the cssutils project based on version 1.0.2.

py311-flake8-pyproject @1.2.4 (python, devel)
Flake8 plug-in loading the configuration from pyproject.toml

py311-flasgger @0.9.7.1 (python, devel)
Extract swagger specs from your flask project

py311-hatch-fancy-pypi-readme @25.1.0 (python, devel)
a Hatch metadata plugin for projects' PyPI landing page

py311-hatch-requirements-txt @0.4.1 (python, devel)
Hatchling plugin to read project dependencies from requirements.txt

py311-incremental @24.7.2 (python, devel)
A small library that versions your Python projects

py311-logilab-common @2.1.0 (python, devel)
A number of modules used by various projects from Logilab

py311-mp-api @0.45.15 (python, science, devel)
API Client for the Materials Project

py311-pyproject_api @1.10.0 (python)
API to interact with the python pyproject.toml based projects

py311-pyproject_hooks @1.2.0 (python)
API to call PEP 517 hooks

py311-pyproject_metadata @0.10.0 (python, devel)
Dataclass for PEP 621 metadata with support for core metadata generation

py311-recommonmark @0.7.1 (python, textproc)
Enables writing CommonMark inside of Docutils & Sphinx projects.

py311-reproject @0.15.0 (python, science)
Astropy affiliated package for image reprojection

py311-sphinx-issues @3.0.1 (python)
A Sphinx plugin linking to your project's issue tracker.

py311-uc-micro-py @1.0.3 (python)
Micro subset of unicode data files for linkify-it-py projects.

py311-uv-dynamic-versioning @0.13.0 (python, devel)
Dynamic versioning based on VCS tags for uv/hatch project

py311-versioneer @0.29 (python, devel)
Easy VCS-based management of project version strings

py312-aiosignal @1.4.0 (python)
manage callbacks in asyncio projects

py312-alagitpull @0.1.0 (python)
Cleverly-named alabaster sub-theme for git-pull projects

py312-awscrt @0.31.1 (python, devel)
A common runtime for AWS Python projects

py312-changelog-chug @0.0.3 (python, devel)
Parser library for project Change Log documents.

py312-coherent.licensed @0.5.2 (python, devel)
License management tooling for Coherent System and skeleton projects

py312-cookiecutter @2.6.0 (python, devel)
A command-line utility that creates projects from project templates.

py312-css-parser @1.0.10 (python)
A fork of the cssutils project based on version 1.0.2.

py312-flake8-pyproject @1.2.4 (python, devel)
Flake8 plug-in loading the configuration from pyproject.toml

py312-flasgger @0.9.7.1 (python, devel)
Extract swagger specs from your flask project

py312-hatch-fancy-pypi-readme @25.1.0 (python, devel)
a Hatch metadata plugin for projects' PyPI landing page

py312-hatch-requirements-txt @0.4.1 (python, devel)
Hatchling plugin to read project dependencies from requirements.txt

py312-incremental @24.7.2 (python, devel)
A small library that versions your Python projects

py312-logilab-common @2.1.0 (python, devel)
A number of modules used by various projects from Logilab

py312-mp-api @0.45.15 (python, science, devel)
API Client for the Materials Project

py312-pacmap @0.8.0 (python, science)
PaCMAP: Pairwise Controlled Manifold Approximation Projection

py312-pyproject_api @1.10.0 (python)
API to interact with the python pyproject.toml based projects

py312-pyproject_hooks @1.2.0 (python)
API to call PEP 517 hooks

py312-pyproject_metadata @0.10.0 (python, devel)
Dataclass for PEP 621 metadata with support for core metadata generation

py312-recommonmark @0.7.1 (python, textproc)
Enables writing CommonMark inside of Docutils & Sphinx projects.

py312-reproject @0.15.0 (python, science)
Astropy affiliated package for image reprojection

py312-sphinx-issues @3.0.1 (python)
A Sphinx plugin linking to your project's issue tracker.

py312-uc-micro-py @1.0.3 (python)
Micro subset of unicode data files for linkify-it-py projects.

py312-uv-dynamic-versioning @0.13.0 (python, devel)
Dynamic versioning based on VCS tags for uv/hatch project

py312-versioneer @0.29 (python, devel)
Easy VCS-based management of project version strings

py313-aiosignal @1.4.0 (python)
manage callbacks in asyncio projects

py313-awscrt @0.31.1 (python, devel)
A common runtime for AWS Python projects

py313-changelog-chug @0.0.3 (python, devel)
Parser library for project Change Log documents.

py313-coherent.licensed @0.5.2 (python, devel)
License management tooling for Coherent System and skeleton projects

py313-cookiecutter @2.6.0 (python, devel)
A command-line utility that creates projects from project templates.

py313-flake8-pyproject @1.2.4 (python, devel)
Flake8 plug-in loading the configuration from pyproject.toml

py313-flasgger @0.9.7.1 (python, devel)
Extract swagger specs from your flask project

py313-hatch-fancy-pypi-readme @25.1.0 (python, devel)
a Hatch metadata plugin for projects' PyPI landing page

py313-hatch-requirements-txt @0.4.1 (python, devel)
Hatchling plugin to read project dependencies from requirements.txt

py313-incremental @24.7.2 (python, devel)
A small library that versions your Python projects

py313-logilab-common @2.1.0 (python, devel)
A number of modules used by various projects from Logilab

py313-matplotlib-basemap @2.0.0 (python, graphics, math)
matplotlib toolkit for plotting data on map projections

py313-mp-api @0.45.15 (python, science, devel)
API Client for the Materials Project

py313-pacmap @0.8.0 (python, science)
PaCMAP: Pairwise Controlled Manifold Approximation Projection

py313-pyproject_api @1.10.0 (python)
API to interact with the python pyproject.toml based projects

py313-pyproject_hooks @1.2.0 (python)
API to call PEP 517 hooks

py313-pyproject_metadata @0.10.0 (python, devel)
Dataclass for PEP 621 metadata with support for core metadata generation

py313-recommonmark @0.7.1 (python, textproc)
Enables writing CommonMark inside of Docutils & Sphinx projects.

py313-redmine @2.5.0 (python)
A library for communicating with a Redmine project management application

py313-reproject @0.15.0 (python, science)
Astropy affiliated package for image reprojection

py313-uc-micro-py @1.0.3 (python)
Micro subset of unicode data files for linkify-it-py projects.

py313-umap-learn @0.5.9.post2 (python)
Uniform Manifold Approximation and Projection

py313-uv-dynamic-versioning @0.13.0 (python, devel)
Dynamic versioning based on VCS tags for uv/hatch project

py313-versioneer @0.29 (python, devel)
Easy VCS-based management of project version strings

py314-aiosignal @1.4.0 (python)
manage callbacks in asyncio projects

py314-changelog-chug @0.0.3 (python, devel)
Parser library for project Change Log documents.

py314-coherent.licensed @0.5.2 (python, devel)
License management tooling for Coherent System and skeleton projects

py314-cookiecutter @2.6.0 (python, devel)
A command-line utility that creates projects from project templates.

py314-flake8-pyproject @1.2.4 (python, devel)
Flake8 plug-in loading the configuration from pyproject.toml

py314-hatch-fancy-pypi-readme @25.1.0 (python, devel)
a Hatch metadata plugin for projects' PyPI landing page

py314-hatch-requirements-txt @0.4.1 (python, devel)
Hatchling plugin to read project dependencies from requirements.txt

py314-incremental @24.7.2 (python, devel)
A small library that versions your Python projects

py314-pyproject_api @1.10.0 (python)
API to interact with the python pyproject.toml based projects

py314-pyproject_hooks @1.2.0 (python)
API to call PEP 517 hooks

py314-pyproject_metadata @0.10.0 (python, devel)
Dataclass for PEP 621 metadata with support for core metadata generation

py314-uc-micro-py @1.0.3 (python)
Micro subset of unicode data files for linkify-it-py projects.

py314-uv-dynamic-versioning @0.13.0 (python, devel)
Dynamic versioning based on VCS tags for uv/hatch project

py314-versioneer @0.29 (python, devel)
Easy VCS-based management of project version strings

qBittorrent @5.1.4 (net)
The qBittorrent project aims to provide an open-source software alternative to µTorrent.

qBittorrent-qt5 @4.6.7_1 (net)
The qBittorrent project aims to provide an open-source software alternative to µTorrent.

qbs @3.1.1 (devel)
build tool that helps simplify the build process for developing projects across multiple platforms.

qbs-docs @3.1.1 (devel)
build tool that helps simplify the build process for developing projects across multiple platforms.

R-BayesProject @1.0_1 (R, science, math)
Fast projection direction for multivariate changepoint detection

R-BiocManager @1.30.25 (R, science, bioconductor)
Access the Bioconductor project package repository

R-biocthis @1.14.0 (R, science, bioconductor, devel)
Automate package and project setup for Bioconductor packages

R-bpnreg @2.0.3_1 (R, science, math)
Bayesian projected normal regression models for circular data

R-ccaPP @0.3.4 (R, science, math)
Canonical Correlation Analysis via Projection Pursuit

R-CFtime @1.4.1 (R, science)
Use CF-compliant calendars with climate projection data

R-coneproj @1.19 (R, science, math)
Primal or dual cone projections with routines for constrained regression

R-dslabs @0.8.0_1 (R, science)
Datasets and functions that can be used for data analysis practice, homework and projects in data science courses and workshops

R-fastICA @1.2-7 (R, science)
FastICA algorithms to perform ICA and projection pursuit

R-GPArotation @2024.3-1_1 (R, science, math)
Gradient Projection Algorithm Rotation for factor analysis

R-InspectChangepoint @1.2_1 (R, science, math)
High-dimensional changepoint estimation via sparse projection

R-kutils @1.73_1 (R, science)
Project management tools

R-lefko3 @6.3.1 (R, science, math)
Historical and ahistorical population projection matrix analysis

R-lolR @2.1_2 (R, science, math)
Linear Optimal Low-Rank projection

R-lpirfs @0.2.3_1 (R, science, math)
Local Projections Impulse Response Functions

R-mapproj @1.2.11_2 (R, science)
Map Projections

R-mixOmics @6.28.0 (R, science, bioconductor)
Omics Data Integration Project

R-mosaic @1.9.1_1 (R, science)
Project MOSAIC statistics and mathematics teaching utilities

R-mosaicData @0.20.4_1 (R, science)
Project MOSAIC data sets

R-pcaPP @2.0-5 (R, science, math)
Robust PCA by Projection Pursuit

R-proj4 @1.0-14_1 (R, science, gis)
Simple R interface to the PROJ.4 cartographic projections library

R-projpred @2.8.0_1 (R, science, math)
Projection predictive feature selection

R-psgp @0.3-21_1 (R, science, math)
Projected spatial Gaussian process methods

R-Pursuit @1.0.5 (R, science)
Projection pursuit

R-r.blip @1.1_1 (R, science, math)
Bayesian network learning improved project

R-renv @1.0.11 (R, science, devel)
Project environments

R-rprojroot @2.0.4.9007 (R, science, devel)
Finding files in project subdirectories

R-softbib @0.0.2_1 (R, science)
Software Bibliographies for R projects

R-starter @0.1.15_1 (R, science, devel, sysutils)
Starter kit for new projects

R-statnet.common @4.10.0 (R, science)
Common R scripts and utilities Used by the Statnet Project software

R-umap @0.2.10.0_2 (R, science, math)
Uniform manifold approximation and projection

R-usethis @3.1.0 (R, science, devel)
Automate package and project setup

R-uwot @0.2.2_1 (R, science, math)
Uniform manifold approximation and projection (umap) method for dimensionality reduction

rb-bones @3.9.0 (ruby, devel)
Mr Bones is a handy tool that builds a skeleton for your new Ruby projects

rb-bundler @2.2.15 (ruby, www, devel)
Bundler provides a consistent environment for Ruby projects by tracking and installing the exact gems and versions that are needed.

rb19-bundler @1.17.3 (ruby)
Bundler provides a consistent environment for Ruby projects by tracking and installing the exact gems and versions that are needed.

rb19-hoe @2.9.1 (ruby)
rake/rubygems helper for project Rakefiles

rb23-bundler @2.2.15 (ruby, www, devel)
Bundler provides a consistent environment for Ruby projects by tracking and installing the exact gems and versions that are needed.

rb24-bundler @2.2.15 (ruby, www, devel)
Bundler provides a consistent environment for Ruby projects by tracking and installing the exact gems and versions that are needed.

rb25-bundler @2.2.15 (ruby, www, devel)
Bundler provides a consistent environment for Ruby projects by tracking and installing the exact gems and versions that are needed.

rb31-bones @3.9.0 (ruby, devel)
Mr Bones is a handy tool that builds a skeleton for your new Ruby projects

rb32-bones @3.9.0 (ruby, devel)
Mr Bones is a handy tool that builds a skeleton for your new Ruby projects

rb33-bones @3.9.0 (ruby, devel)
Mr Bones is a handy tool that builds a skeleton for your new Ruby projects

sbt @1.9.8 (devel, java)
Simple build tool (sbt) simplifies building Scala projects

sequoia-keystore @0.2.0 (security, mail)
This project implements a private key store for Sequoia.

taisei @1.4.4 (games)
A free and open-source Touhou Project fangame

tango-icon-theme @0.8.90 (x11)
A collection of icons from the Tango Desktop Project.

taskjuggler @3.5.0_1 (office, pim)
A powerful project management tool.

texinfo @7.2 (textproc)
The official documentation format of the GNU project

thieriot @1.1.1_4 (devel, shells)
Shell tool for managing a projects Jenkins builds

tldr-pages @20251209-cb3985b (devel)
The tldr-pages project is a collection of community-maintained help pages for command-line tools

torchCL @1.08.31 (office, www)
Command line tools for Torch Project Management

tuist @3.31.2 (devel)
Create, maintain, and interact with Xcode projects at scale

uv @0.9.26 (devel, python)
Extremely fast Python package and project manager

xcode-build-server @1.2.0 (devel, python)
Build Server Protocol implementation for Xcode projects

Found 347 ports.
