capnproto @1.2.0 (devel)
Cap’n Proto is an insanely fast data interchange format and capability-based RPC system. Think JSON, except binary. Or think Protocol Buffers, except faster.

goimapnotify @2.4-rc4 (mail)
Execute scripts on IMAP mailbox changes (new/deleted/updated messages) using IDLE

libpcapnav @0.8 (net, security)
A tcpdump tracefile navigation library

mapnik @4.1.3 (gis, devel)
Open Source C++/Python mapping toolkit.

mod_tile @0.8.1_2 (gis)
Renders map tiles with mapnik and serves them using Apache and mod_tile

openstreetmap-carto @5.9.0 (gis)
A general-purpose OpenStreetMap mapnik style, in CartoCSS

p5-net-apns-persistent @0.20.0 (perl)
Send Apple APNS notifications over a persistent connection.

p5.28-net-apns-persistent @0.20.0 (perl)
Send Apple APNS notifications over a persistent connection.

p5.30-net-apns-persistent @0.20.0 (perl)
Send Apple APNS notifications over a persistent connection.

p5.32-net-apns-persistent @0.20.0 (perl)
Send Apple APNS notifications over a persistent connection.

p5.34-net-apns-persistent @0.20.0 (perl)
Send Apple APNS notifications over a persistent connection.

Found 11 ports.
