agprocess @0.5 (devel, framework)
framework class for reporting Unix process statistics

arowpp @0.1.3 (math, textproc)
AROW++ An implementation of the efficient confidence-weighted classifier

bact @0.13 (math)
a Boosting Algorithm for Classification of Trees

blassic @0.10.0_2 (lang)
Blassic is a classic Basic interpreter

blitz @1.0.2 (math, devel)
a C++ class library for scientific computing

blockout2 @2.4_1 (games)
Open source clone of the 1989 California Dreams classic game Blockout.

bsd-games @3.3_1 (games)
Classic text mode games from UNIX folklore

ccl-util @32.69 (java, devel)
Chr. Clemens Lee's Java utility classes.

cl-dynamic-classes @20230809 (lisp, devel)
Classes how you want them, when you want them

cl-nclasses @0.6.1 (lisp, devel)
Simplify class like definitions with define-class and friends.

cl-nsymbols @0.3.2 (lisp, devel)
A set of convenience functions to list class, variable, function, and other symbols.

cl-opticl-core @20170906 (lisp, devel)
Core classes and pixel access macros from opticl

class-dump @3.5 (devel)
Utility for examining the Objective-C segment of Mach-O files.

classias @1.1 (math, textproc)
a collection of machine-learning algorithms for classification

clhep @2.4.7.1 (science)
A Class Library for High Energy Physics

cln @1.3.7 (math)
Class Library for Numbers

cmh @1.1.1_1 (math)
Compute Igusa class polynomials

cosmoplayer @2.1.1 (devel)
Java classes to support VRML

cpp-utilities @5.26.0 (devel)
Useful C++ classes and routines such as argument parser, IO and conversion utilities.

dbacl @1.14_2 (textproc)
dbacl is a digramic Bayesian text classifier

defendguin @0.0.12_1 (games)
clone of the classic arcade game Defender

dex2jar @2.1 (java, devel)
Tools to work with android .dex and java .class files

dualist @0.3 (java, math, textproc)
An interactive machine learning system for building classifiers quickly.

ETL @1.4.5 (graphics)
multi-platform class and template library

fasttext @0.9.2_1 (textproc)
Library for fast text representation and classification.

feq-parse @2024.06.15 (fortran, math)
An equation parser class for modern Fortran

Freecell @2.3 (aqua, games)
classic solitaire game

freedroidclassic @1.0.2_2 (games)
Freedoid Classic is a Paradroid clone.

GLC_lib @2.2.0 (graphics)
C++ class library that enables the quick creation of an OpenGL application based on QT4.

gnome-chess @3.26.0 (gnome, games)
Play the classic two-player boardgame of chess

gnu-classpath @0.99 (java)
Essential libraries for Java.

gnustep-gui @0.17.0_8 (gnustep)
A library of graphical user interface Objective C classes

granatier @4.14.3_3 (kde, kde4, games)
Granatier is a clone of the classic Bomberman game, inspired by the work of the Clanbomber clone.

hidapi @0.12.0 (comms)
library for interacting with HID-class devices

idutils @4.6 (devel)
The classic Berkeley gid/lid tools for looking up variables in code

impacket @0.13.0 (net, devel, python)
Impacket is a collection of Python classes focused on providing access to network packets.

ircii-classic @2.8.2_3 (irc)
a text-based IRC and ICB client

itpp @4.3.1_1 (math, science, comms)
IT++ is a C++ library of mathematical, signal processing and communication classes and functions.

itpp-devel @20180529_1 (math, science, comms)
IT++ is a C++ library of mathematical, signal processing and communication classes and functions.

jacobin @0.4.0-pre-alpha (devel, lang)
A more than minimal JVM written in Go and capable of running Java 17 classes.

jarbundler @3.3.0 (java, devel)
JarBundler is a maven task that creates a macOS app bundle from jar files and a main class

jd-gui @1.6.6 (java, devel)
JD-GUI, a standalone graphical utility that displays Java sources from CLASS files

jgoodies-common @1.4.0 (java)
Helper classes for other jgoodies-* packages

jnethack @3.4.3-0.11_1 (games, japanese)
Classic dungeon adventure game, translated in Japanese.

kaffe @1.1.7 (lang)
A complete java VM and class library.

kblocks @4.14.3_3 (kde, kde4, games)
KBlocks is the classic falling blocks game.

KissXML @5.3.3 (devel)
KissXML provides a drop-in replacement for Apple's NSXML class cluster in environments without NSXML (e.g. iOS).

kmines @4.14.3_3 (kde, kde4, games)
KMines is the classic Minesweeper game.

libalkimia @8.0.3 (kde, finance)
Common Alkimia classes.

libbinio @1.5 (devel)
Binary I/O stream class library

libcryptopp @8.9.0_2 (devel, security)
C++ class library of cryptographic schemes

liblinear @2.47 (math)
A simple package for solving large-scale regularized linear classification.

libmowgli @1.0.0 (devel)
class library for C

libmowgli-2 @2.1.3_2 (devel)
class library for C

lpairs2 @2.3.2 (games)
Classical memory game.

macutil @2.0b3_1 (sysutils)
Several *nix-based utilities for working with classic Mac files

minivmac-classic @36.04 (emulators, aqua)
a Macintosh Classic emulator

minivmac-classic-devel @37.03 (emulators, aqua)
a Macintosh Classic emulator

mod_mono @3.12 (www, mono)
an Apache plug-in for hosting the Mono System.Web classes

netclasses @1.06 (gnustep)
Asynchronous networking library

netclasses-framework @1.06 (net)
Asynchronous networking library

nethack @3.6.7 (games)
Classic dungeon adventure game.

nethack343 @3.4.3 (games)
Classic dungeon adventure game (previous version).

numbat @1.19.0 (math, lang)
A statically typed programming language for scientific computations with first class support for physical dimensions and units.

ocaml-fieldslib @0.16.0_1 (ocaml, devel)
OCaml record fields as first class values

ocaml-variantslib @0.16.0_1 (ocaml, devel)
OCaml variants as first class values

ocaml-visitors @20210608_1 (ocaml, devel)
An OCaml syntax extension for generating visitor classes

octave-fxp @1.0.1 (octave, math, science)
A lightweight fixed-point numeric data type for GNU Octave, implemented as a class (@fxp/fxp.m).

octave-quaternion @2.4.2 (octave, math, science)
Quaternion package for GNU Octave, includes a quaternion class with overloaded operators.

octave-timer @0.1.2 (octave, math, science)
Matlab-compatible superclass allowing to add new properties dynamically.

opendx-java40 @1999.11.15 (devel)
Java classes used by OpenDX

p5-algorithm-dependency @1.112.0 (perl)
Base class for implementing various dependency trees

p5-algorithm-munkres @0.80.0_2 (perl)
This is a Perl extension for Munkres' solution to classical Assignment problem for square and rectangular matrices

p5-aliased @0.340.0 (perl)
Use shorter versions of class names.

p5-alien-base-modulebuild @1.170.0 (perl)
Alien::Base::ModuleBuild - A Module::Build subclass for building Alien:: modules and their libraries

p5-appconfig-std @1.100.0 (perl)
Perl class providing standard command-line arguments

p5-array-iterator @0.135.0 (perl)
Array::Iterator - A simple class for iterating over Perl arrays

p5-asa @1.40.0 (perl)
asa - Lets your class/object say it works like something else

p5-authen-radius @0.330.0 (perl)
The Authen::Radius module provides a simple class that allows you to send/receive Radius requests/responses to/from a Radius server.

p5-beam-emitter @1.7.0 (perl)
Beam::Emitter - Role for event emitting classes

p5-catalyst-authentication-store-dbix-class @0.150.600 (perl)
A storage class for Catalyst Authentication using DBIx::Class.

p5-catalyst-plugin-authentication-store-dbic @0.110.0_4 (perl)
Authentication against a DBIx::Class or Class::DBI model.

p5-catalyst-plugin-session-store-dbic @0.140.0 (perl)
Store your sessions via DBIx::Class

p5-catalyst-view-html-template @0.30.0_3 (perl)
HTML::Template View Class

p5-catalyst-view-mason @0.190.0 (perl)
Catalyst::View::Mason - Legacy HTML::Mason View Class

p5-catalyst-view-mason2 @0.30.0 (perl)
Catalyst::View::Mason2 - Mason 2.x view class

p5-check-isa @0.90.0 (perl)
Check::ISA - DWIM, correct checking of an object's class

p5-class-accessor @0.510.0 (perl)
Automated accessor generation

p5-class-accessor-chained @0.10.0_4 (perl)
make chained accessors

p5-class-accessor-grouped @0.100.140 (perl)
Lets you build groups of accessors

p5-class-accessor-lite @0.80.0 (perl)
Class::Accessor::Lite - a minimalistic variant of Class::Accessor

p5-class-autouse @2.20.0 (perl)
Class::Autouse - Run-time load a class the first time you call a method in it.

p5-class-base @0.90.0 (perl)
useful base class for deriving other modules

p5-class-c3 @0.350.0 (perl)
A pragma to use the C3 method resolution order algortihm

p5-class-c3-adopt-next @0.140.0 (perl)
make NEXT suck less

p5-class-c3-componentised @1.1.2 (perl)
Load mix-ins or components to your C3-based class.

p5-class-c3-xs @0.150.0 (perl)
XS speedups for Class::C3

p5-class-container @0.130.0 (perl)
Glues object frameworks together transparently

p5-class-csv @1.30.0_3 (perl)
Class based CSV parser/writer

p5-class-data-accessor @0.40.40_3 (perl)
Inheritable, overridable class and instance data accessor creation

p5-class-data-inheritable @0.100.0 (perl)
Class::Data::Inheritable - Inheritable, overridable class data

p5-class-dbi @3.0.17_5 (perl)
Simple Database Abstraction

p5-class-dbi-abstractsearch @0.70.0_3 (perl)
Abstract Class::DBI's SQL with SQL::Abstract::Limit

p5-class-dbi-mysql @1.0.0_3 (perl)
Extensions to Class::DBI for MySQL

p5-class-dbi-pg @0.90.0 (perl)
Class::DBI extension for Postgres

p5-class-dbi-plugin @0.30.0_3 (perl)
Abstract base class for Class::DBI plugins

p5-class-dbi-plugin-abstractcount @0.80.0_3 (perl)
get COUNT(*) results with abstract SQL

p5-class-dbi-plugin-pager @0.566.0 (perl)
paged queries for CDBI

p5-class-dbi-uuid @1.10.0_3 (perl)
Provide Globally Unique Column Values

p5-class-errorhandler @0.40.0 (perl)
Base class for error handling

p5-class-factory-util @1.700.0_4 (perl)
Provide utility methods for factory classes

p5-class-generate @1.180.0 (perl)
Generate Perl class hierarchies

p5-class-gomor @1.30.0 (perl)
Class::Gomor - another class and object builder

p5-class-inner @0.200.1 (perl)
A perlish implementation of Java like inner classes

p5-class-insideout @1.140.0 (perl)
Class::InsideOut is a safe, simple inside-out object construction kit.

p5-class-inspector @1.360.0 (perl)
Get information about a class and its structure

p5-class-isa @0.360.0 (perl)
Class::ISA - report the search path for a class's ISA tree

p5-class-load @0.250.0 (perl)
a working (require Class::Name) and more

p5-class-load-xs @0.100.0_1 (perl)
XS implementation of parts of Class::Load

p5-class-loader @2.30.0_3 (perl)
Load modules and create objects on demand

p5-class-makemethods @1.10.0 (perl)
Generate common types of methods

p5-class-method-modifiers @2.150.0 (perl)
provides Moose-like method modifiers

p5-class-methodmaker @2.250.0 (perl)
Class::MethodMaker - Create generic methods for OO Perl

p5-class-mix @0.6.0 (perl)
Class::Mix - dynamic class mixing

p5-class-refresh @0.70.0 (perl)
Class::Refresh - refresh your classes during runtime

p5-class-returnvalue @0.550.0_3 (perl)
A return-value object that lets you treat it as as a boolean, array or object

p5-class-singleton @1.600.0 (perl)
Implementation of a Singleton class

p5-class-throwable @0.130.0 (perl)
A minimal lightweight exception class

p5-class-tiny @1.8.0 (perl)
Minimalist class construction

p5-class-tiny-chained @0.4.0 (perl)
Class::Tiny::Chained - Minimalist class construction, with chained attributes

p5-class-trigger @0.150.0 (perl)
Mixin to add / call inheritable triggers

p5-class-unload @0.120.0 (perl)
Class::Unload - Unload a class

p5-class-whitehole @0.40.0_3 (perl)
base class to treat unhandled method calls as errors

p5-class-xsaccessor @1.190.0 (perl)
Generate fast XS accessors without runtime compilation

p5-config-simple @4.590.0 (perl)
simple configuration file class

p5-curry @2.0.1 (perl)
curry - Create automatic curried method call closures for any class or object

p5-danga-socket @1.620.0 (perl, net)
Event loop and event-driven async socket base class

p5-data-perl @0.2.11 (perl)
Data::Perl - Base classes wrapping fundamental Perl data types.

p5-datetime-format-builder @0.830.0 (perl)
Create DateTime parser classes and objects

p5-datetime-timezone @2.660.0 (perl)
DateTime::TimeZone - Time zone object base class and factory

p5-dbicx-testdatabase @0.50.0_2 (perl)
create a temporary database from a DBIx::Class::Schema

p5-dbix-class @0.82.844 (perl)
DBIx::Class - Extensible and flexible object <-> relational mapper.

p5-dbix-class-cursor-cached @1.1.4 (perl)
cursor class with built-in caching support

p5-dbix-class-dynamicdefault @0.40.0 (perl)
Automatically set and update fields

p5-dbix-class-encodedcolumn @0.110.0 (perl)
DBIx::Class::EncodedColumn - Automatically encode columns

p5-dbix-class-introspectablem2m @0.1.2 (perl)
DBIx::Class::IntrospectableM2M - Introspect many-to-many shortcuts

p5-dbix-class-schema-loader @0.70.530 (perl)
DBIx::Class::Schema::Loader - Create a DBIx::Class::Schema based on a database

p5-dbix-class-timestamp @0.140.0 (perl)
DBIx::Class extension to update and create date and time based fields

p5-devel-symdump @2.180.0 (perl)
Inspect the symbol table and class hierarchy

p5-encode-detect @1.10.0_4 (perl)
Encode-Encoding subclass that detects the encoding of data

p5-exception-class @1.450.0 (perl)
A module that allows you to declare real exception classes in Perl

p5-feature-compat-class @0.80.0 (perl)
Feature::Compat::Class - make class syntax available

p5-hash-case @1.70.0 (perl)
Hash::Case - base class for hashes with key-casing requirements

p5-hash-ordered @0.14.0 (perl)
Hash::Ordered - A fast, pure-Perl ordered hash class

p5-html-form @6.130.0 (perl)
HTML::Form - Class that represents an HTML form element

p5-http-daemon @6.160.0 (perl)
HTTP::Daemon - a simple HTTP server class

p5-http-daemon-ssl @1.40.0 (perl)
A simple http server class with SSL support

p5-http-message @7.10.0 (perl)
HTTP::Message - HTTP style message (base class)

p5-http-server-simple-mason @0.140.0_1 (perl)
An abstract baseclass for a standalone mason server

p5-io-capture @0.50.0 (perl)
Abstract Base Class to build modules to capture output

p5-iterator-util @0.20.0_3 (perl)
Essential utilities for the Iterator class.

p5-json-any @1.400.0 (perl)
Wrapper Class for the various JSON classes (DEPRECATED)

p5-lwpx-paranoidagent @1.120.0 (perl)
LWPx::ParanoidAgent - subclass of LWP::UserAgent that protects you from harm

p5-module-build-xsutil @0.190.0 (perl)
A Module::Build class for building XS modules

p5-moosex-classattribute @0.290.0 (perl)
MooseX::ClassAttribute - Declare class attributes Moose-style

p5-moosex-emulate-class-accessor-fast @0.9.32 (perl)
Emulate Class::Accessor::Fast behavior using Moose attributes

p5-moosex-nonmoose @0.270.0 (perl)
MooseX::NonMoose - easy subclassing of non-Moose classes

p5-moosex-object-pluggable @0.1.400 (perl)
MooseX::Object::Pluggable - Make your classes pluggable

p5-moosex-role-warnonconflict @0.10.0 (perl)
MooseX::Role::WarnOnConflict - Warn if classes override role methods without excluding them

p5-moosex-singleton @0.300.0 (perl)
MooseX::Singleton - turn your Moose class into a singleton

p5-moosex-storage @0.530.0 (perl)
MooseX::Storage - A serialization framework for Moose classes

p5-moosex-traitfor-meta-class-betteranonclassnames @0.2.3 (perl)
MooseX::TraitFor::Meta::Class::BetterAnonClassNames - Metaclass trait to *attempt* to demystify generated anonymous class names

p5-moosex-types-loadableclass @0.16.0 (perl)
MooseX::Types::LoadableClass - ClassName type constraint with coercion to load the class.

p5-moosex-types-path-class @0.90.0 (perl)
MooseX::Types::Path::Class - A Path::Class type library for Moose

p5-mousex-foreign @1.0.0 (perl)
MouseX::Foreign - Extends non-Mouse classes as well as Mouse classes

p5-next @0.690.0 (perl)
Provide a pseudo-class NEXT (et al) that allows method redispatch

p5-object-hashbase @0.15.0 (perl)
Object::HashBase - Build hash based classes.

p5-ole-storage_lite @0.240.0 (perl)
OLE::Storage_Lite - Simple Class for OLE document interface

p5-params-classify @0.15.0 (perl)
Params::Classify - argument type classification

p5-parent @0.244.0 (perl)
parent - Establish an ISA relationship with base classes at compile time

p5-path-class @0.370.0 (perl)
This Perl extension provides cross-platform path specification manipulation.

p5-pathtools @3.750.0 (perl)
PathTools contains path building and modification classes.

p5-pod-parser @1.670.0 (perl)
Pod::Parser - base class for creating POD filters and translators

p5-regexp-parser @0.230.0 (perl)
base class for parsing regexes

p5-rpc-xml @0.820.0 (perl, textproc)
A set of classes for core data, message and XML handling.

p5-sql-abstract-classic @1.910.0 (perl)
SQL::Abstract::Classic - Generate SQL from Perl data structures

p5-super @1.201.905.310 (perl)
SUPER - control superclass method dispatch

p5-sys-info-base @0.781.0 (perl)
Sys::Info::Base - Base class for Sys::Info

p5-template-plugin-class @0.140.0_3 (perl)
allow calling of class methods on arbitrary classes

p5-test-class @0.520.0 (perl)
Test::Class - Easily create test classes in an xUnit/JUnit style

p5-test-class-most @0.80.0 (perl)
Test::Class::Most - Test Classes the easy way

p5-test-classapi @1.70.0 (perl)
Provides basic first-pass API testing for large class trees

p5-test-www-mechanize @1.600.0 (perl)
Testing-specific WWW::Mechanize subclass

p5-throwable @1.1.0 (perl)
Throwable - a role for classes that can be thrown

p5-tie-refhash-weak @0.90.0 (perl)
Tie::RefHash::Weak - A Tie::RefHash subclass with weakened references in the keys

p5-tree-simple-view @0.200.0 (perl)
A set of classes for viewing Tree::Simple hierarchies

p5-universal-moniker @0.80.0_4 (perl)
Class names in Perl often don't sound great when spoken

p5-uri-query @0.160.0 (perl)
URI::Query - class providing URI query string manipulation

p5-xml-namespacesupport @1.120.0 (perl)
Simple generic namespace support class

p5-xml-sax-base @1.90.0 (perl)
Base class SAX Drivers and Filters

p5.28-algorithm-dependency @1.112.0 (perl)
Base class for implementing various dependency trees

p5.28-algorithm-munkres @0.80.0_2 (perl)
This is a Perl extension for Munkres' solution to classical Assignment problem for square and rectangular matrices

p5.28-aliased @0.340.0 (perl)
Use shorter versions of class names.

p5.28-alien-base-modulebuild @1.170.0 (perl)
Alien::Base::ModuleBuild - A Module::Build subclass for building Alien:: modules and their libraries

p5.28-appconfig-std @1.100.0 (perl)
Perl class providing standard command-line arguments

p5.28-array-iterator @0.135.0 (perl)
Array::Iterator - A simple class for iterating over Perl arrays

p5.28-asa @1.40.0 (perl)
asa - Lets your class/object say it works like something else

p5.28-authen-radius @0.330.0 (perl)
The Authen::Radius module provides a simple class that allows you to send/receive Radius requests/responses to/from a Radius server.

p5.28-beam-emitter @1.7.0 (perl)
Beam::Emitter - Role for event emitting classes

p5.28-catalyst-authentication-store-dbix-class @0.150.600 (perl)
A storage class for Catalyst Authentication using DBIx::Class.

p5.28-catalyst-plugin-authentication-store-dbic @0.110.0_4 (perl)
Authentication against a DBIx::Class or Class::DBI model.

p5.28-catalyst-plugin-session-store-dbic @0.140.0 (perl)
Store your sessions via DBIx::Class

p5.28-catalyst-view-html-template @0.30.0_3 (perl)
HTML::Template View Class

p5.28-catalyst-view-mason @0.190.0 (perl)
Catalyst::View::Mason - Legacy HTML::Mason View Class

p5.28-catalyst-view-mason2 @0.30.0 (perl)
Catalyst::View::Mason2 - Mason 2.x view class

p5.28-check-isa @0.90.0 (perl)
Check::ISA - DWIM, correct checking of an object's class

p5.28-class-accessor @0.510.0 (perl)
Automated accessor generation

p5.28-class-accessor-chained @0.10.0_4 (perl)
make chained accessors

p5.28-class-accessor-grouped @0.100.140 (perl)
Lets you build groups of accessors

p5.28-class-accessor-lite @0.80.0 (perl)
Class::Accessor::Lite - a minimalistic variant of Class::Accessor

p5.28-class-autouse @2.20.0 (perl)
Class::Autouse - Run-time load a class the first time you call a method in it.

p5.28-class-base @0.90.0 (perl)
useful base class for deriving other modules

p5.28-class-c3 @0.350.0 (perl)
A pragma to use the C3 method resolution order algortihm

p5.28-class-c3-adopt-next @0.140.0 (perl)
make NEXT suck less

p5.28-class-c3-componentised @1.1.2 (perl)
Load mix-ins or components to your C3-based class.

p5.28-class-c3-xs @0.150.0 (perl)
XS speedups for Class::C3

p5.28-class-container @0.130.0 (perl)
Glues object frameworks together transparently

p5.28-class-csv @1.30.0_3 (perl)
Class based CSV parser/writer

p5.28-class-data-accessor @0.40.40_3 (perl)
Inheritable, overridable class and instance data accessor creation

p5.28-class-data-inheritable @0.100.0 (perl)
Class::Data::Inheritable - Inheritable, overridable class data

p5.28-class-dbi @3.0.17_5 (perl)
Simple Database Abstraction

p5.28-class-dbi-abstractsearch @0.70.0_3 (perl)
Abstract Class::DBI's SQL with SQL::Abstract::Limit

p5.28-class-dbi-mysql @1.0.0_3 (perl)
Extensions to Class::DBI for MySQL

p5.28-class-dbi-pg @0.90.0 (perl)
Class::DBI extension for Postgres

p5.28-class-dbi-plugin @0.30.0_3 (perl)
Abstract base class for Class::DBI plugins

p5.28-class-dbi-plugin-abstractcount @0.80.0_3 (perl)
get COUNT(*) results with abstract SQL

p5.28-class-dbi-plugin-pager @0.566.0 (perl)
paged queries for CDBI

p5.28-class-dbi-uuid @1.10.0_3 (perl)
Provide Globally Unique Column Values

p5.28-class-errorhandler @0.40.0 (perl)
Base class for error handling

p5.28-class-factory-util @1.700.0_4 (perl)
Provide utility methods for factory classes

p5.28-class-generate @1.180.0 (perl)
Generate Perl class hierarchies

p5.28-class-gomor @1.30.0 (perl)
Class::Gomor - another class and object builder

p5.28-class-inner @0.200.1 (perl)
A perlish implementation of Java like inner classes

p5.28-class-insideout @1.140.0 (perl)
Class::InsideOut is a safe, simple inside-out object construction kit.

p5.28-class-inspector @1.360.0 (perl)
Get information about a class and its structure

p5.28-class-isa @0.360.0 (perl)
Class::ISA - report the search path for a class's ISA tree

p5.28-class-load @0.250.0 (perl)
a working (require Class::Name) and more

p5.28-class-load-xs @0.100.0_1 (perl)
XS implementation of parts of Class::Load

p5.28-class-loader @2.30.0_3 (perl)
Load modules and create objects on demand

p5.28-class-makemethods @1.10.0 (perl)
Generate common types of methods

p5.28-class-method-modifiers @2.150.0 (perl)
provides Moose-like method modifiers

p5.28-class-methodmaker @2.250.0 (perl)
Class::MethodMaker - Create generic methods for OO Perl

p5.28-class-mix @0.6.0 (perl)
Class::Mix - dynamic class mixing

p5.28-class-refresh @0.70.0 (perl)
Class::Refresh - refresh your classes during runtime

p5.28-class-returnvalue @0.550.0_3 (perl)
A return-value object that lets you treat it as as a boolean, array or object

p5.28-class-singleton @1.600.0 (perl)
Implementation of a Singleton class

p5.28-class-throwable @0.130.0 (perl)
A minimal lightweight exception class

p5.28-class-tiny @1.8.0 (perl)
Minimalist class construction

p5.28-class-tiny-chained @0.4.0 (perl)
Class::Tiny::Chained - Minimalist class construction, with chained attributes

p5.28-class-trigger @0.150.0 (perl)
Mixin to add / call inheritable triggers

p5.28-class-unload @0.120.0 (perl)
Class::Unload - Unload a class

p5.28-class-whitehole @0.40.0_3 (perl)
base class to treat unhandled method calls as errors

p5.28-class-xsaccessor @1.190.0 (perl)
Generate fast XS accessors without runtime compilation

p5.28-config-simple @4.590.0 (perl)
simple configuration file class

p5.28-curry @2.0.1 (perl)
curry - Create automatic curried method call closures for any class or object

p5.28-danga-socket @1.620.0 (perl, net)
Event loop and event-driven async socket base class

p5.28-data-perl @0.2.11 (perl)
Data::Perl - Base classes wrapping fundamental Perl data types.

p5.28-datetime-format-builder @0.830.0 (perl)
Create DateTime parser classes and objects

p5.28-datetime-timezone @2.660.0 (perl)
DateTime::TimeZone - Time zone object base class and factory

p5.28-dbicx-testdatabase @0.50.0_2 (perl)
create a temporary database from a DBIx::Class::Schema

p5.28-dbix-class @0.82.844 (perl)
DBIx::Class - Extensible and flexible object <-> relational mapper.

p5.28-dbix-class-cursor-cached @1.1.4 (perl)
cursor class with built-in caching support

p5.28-dbix-class-dynamicdefault @0.40.0 (perl)
Automatically set and update fields

p5.28-dbix-class-encodedcolumn @0.110.0 (perl)
DBIx::Class::EncodedColumn - Automatically encode columns

p5.28-dbix-class-introspectablem2m @0.1.2 (perl)
DBIx::Class::IntrospectableM2M - Introspect many-to-many shortcuts

p5.28-dbix-class-schema-loader @0.70.530 (perl)
DBIx::Class::Schema::Loader - Create a DBIx::Class::Schema based on a database

p5.28-dbix-class-timestamp @0.140.0 (perl)
DBIx::Class extension to update and create date and time based fields

p5.28-devel-symdump @2.180.0 (perl)
Inspect the symbol table and class hierarchy

p5.28-encode-detect @1.10.0_4 (perl)
Encode-Encoding subclass that detects the encoding of data

p5.28-exception-class @1.450.0 (perl)
A module that allows you to declare real exception classes in Perl

p5.28-feature-compat-class @0.80.0 (perl)
Feature::Compat::Class - make class syntax available

p5.28-hash-case @1.70.0 (perl)
Hash::Case - base class for hashes with key-casing requirements

p5.28-hash-ordered @0.14.0 (perl)
Hash::Ordered - A fast, pure-Perl ordered hash class

p5.28-html-form @6.130.0 (perl)
HTML::Form - Class that represents an HTML form element

p5.28-http-daemon @6.160.0 (perl)
HTTP::Daemon - a simple HTTP server class

p5.28-http-daemon-ssl @1.40.0 (perl)
A simple http server class with SSL support

p5.28-http-message @7.10.0 (perl)
HTTP::Message - HTTP style message (base class)

p5.28-http-server-simple-mason @0.140.0_1 (perl)
An abstract baseclass for a standalone mason server

p5.28-io-capture @0.50.0 (perl)
Abstract Base Class to build modules to capture output

p5.28-iterator-util @0.20.0_3 (perl)
Essential utilities for the Iterator class.

p5.28-json-any @1.400.0 (perl)
Wrapper Class for the various JSON classes (DEPRECATED)

p5.28-lwpx-paranoidagent @1.120.0 (perl)
LWPx::ParanoidAgent - subclass of LWP::UserAgent that protects you from harm

p5.28-module-build-xsutil @0.190.0 (perl)
A Module::Build class for building XS modules

p5.28-moosex-classattribute @0.290.0 (perl)
MooseX::ClassAttribute - Declare class attributes Moose-style

p5.28-moosex-emulate-class-accessor-fast @0.9.32 (perl)
Emulate Class::Accessor::Fast behavior using Moose attributes

p5.28-moosex-nonmoose @0.270.0 (perl)
MooseX::NonMoose - easy subclassing of non-Moose classes

p5.28-moosex-object-pluggable @0.1.400 (perl)
MooseX::Object::Pluggable - Make your classes pluggable

p5.28-moosex-role-warnonconflict @0.10.0 (perl)
MooseX::Role::WarnOnConflict - Warn if classes override role methods without excluding them

p5.28-moosex-singleton @0.300.0 (perl)
MooseX::Singleton - turn your Moose class into a singleton

p5.28-moosex-storage @0.530.0 (perl)
MooseX::Storage - A serialization framework for Moose classes

p5.28-moosex-traitfor-meta-class-betteranonclassnames @0.2.3 (perl)
MooseX::TraitFor::Meta::Class::BetterAnonClassNames - Metaclass trait to *attempt* to demystify generated anonymous class names

p5.28-moosex-types-loadableclass @0.16.0 (perl)
MooseX::Types::LoadableClass - ClassName type constraint with coercion to load the class.

p5.28-moosex-types-path-class @0.90.0 (perl)
MooseX::Types::Path::Class - A Path::Class type library for Moose

p5.28-mousex-foreign @1.0.0 (perl)
MouseX::Foreign - Extends non-Mouse classes as well as Mouse classes

p5.28-next @0.690.0 (perl)
Provide a pseudo-class NEXT (et al) that allows method redispatch

p5.28-object-hashbase @0.15.0 (perl)
Object::HashBase - Build hash based classes.

p5.28-ole-storage_lite @0.240.0 (perl)
OLE::Storage_Lite - Simple Class for OLE document interface

p5.28-params-classify @0.15.0 (perl)
Params::Classify - argument type classification

p5.28-parent @0.244.0 (perl)
parent - Establish an ISA relationship with base classes at compile time

p5.28-path-class @0.370.0 (perl)
This Perl extension provides cross-platform path specification manipulation.

p5.28-pathtools @3.750.0 (perl)
PathTools contains path building and modification classes.

p5.28-regexp-parser @0.230.0 (perl)
base class for parsing regexes

p5.28-rpc-xml @0.820.0 (perl, textproc)
A set of classes for core data, message and XML handling.

p5.28-sql-abstract-classic @1.910.0 (perl)
SQL::Abstract::Classic - Generate SQL from Perl data structures

p5.28-super @1.201.905.310 (perl)
SUPER - control superclass method dispatch

p5.28-sys-info-base @0.781.0 (perl)
Sys::Info::Base - Base class for Sys::Info

p5.28-template-plugin-class @0.140.0_3 (perl)
allow calling of class methods on arbitrary classes

p5.28-test-class @0.520.0 (perl)
Test::Class - Easily create test classes in an xUnit/JUnit style

p5.28-test-class-most @0.80.0 (perl)
Test::Class::Most - Test Classes the easy way

p5.28-test-classapi @1.70.0 (perl)
Provides basic first-pass API testing for large class trees

p5.28-test-www-mechanize @1.600.0 (perl)
Testing-specific WWW::Mechanize subclass

p5.28-throwable @1.1.0 (perl)
Throwable - a role for classes that can be thrown

p5.28-tie-refhash-weak @0.90.0 (perl)
Tie::RefHash::Weak - A Tie::RefHash subclass with weakened references in the keys

p5.28-tree-simple-view @0.200.0 (perl)
A set of classes for viewing Tree::Simple hierarchies

p5.28-universal-moniker @0.80.0_4 (perl)
Class names in Perl often don't sound great when spoken

p5.28-uri-query @0.160.0 (perl)
URI::Query - class providing URI query string manipulation

p5.28-xml-namespacesupport @1.120.0 (perl)
Simple generic namespace support class

p5.28-xml-sax-base @1.90.0 (perl)
Base class SAX Drivers and Filters

p5.30-algorithm-dependency @1.112.0 (perl)
Base class for implementing various dependency trees

p5.30-algorithm-munkres @0.80.0_2 (perl)
This is a Perl extension for Munkres' solution to classical Assignment problem for square and rectangular matrices

p5.30-aliased @0.340.0 (perl)
Use shorter versions of class names.

p5.30-alien-base-modulebuild @1.170.0 (perl)
Alien::Base::ModuleBuild - A Module::Build subclass for building Alien:: modules and their libraries

p5.30-appconfig-std @1.100.0 (perl)
Perl class providing standard command-line arguments

p5.30-array-iterator @0.135.0 (perl)
Array::Iterator - A simple class for iterating over Perl arrays

p5.30-asa @1.40.0 (perl)
asa - Lets your class/object say it works like something else

p5.30-authen-radius @0.330.0 (perl)
The Authen::Radius module provides a simple class that allows you to send/receive Radius requests/responses to/from a Radius server.

p5.30-beam-emitter @1.7.0 (perl)
Beam::Emitter - Role for event emitting classes

p5.30-catalyst-authentication-store-dbix-class @0.150.600 (perl)
A storage class for Catalyst Authentication using DBIx::Class.

p5.30-catalyst-plugin-authentication-store-dbic @0.110.0_4 (perl)
Authentication against a DBIx::Class or Class::DBI model.

p5.30-catalyst-plugin-session-store-dbic @0.140.0 (perl)
Store your sessions via DBIx::Class

p5.30-catalyst-view-html-template @0.30.0_3 (perl)
HTML::Template View Class

p5.30-catalyst-view-mason @0.190.0 (perl)
Catalyst::View::Mason - Legacy HTML::Mason View Class

p5.30-catalyst-view-mason2 @0.30.0 (perl)
Catalyst::View::Mason2 - Mason 2.x view class

p5.30-check-isa @0.90.0 (perl)
Check::ISA - DWIM, correct checking of an object's class

p5.30-class-accessor @0.510.0 (perl)
Automated accessor generation

p5.30-class-accessor-chained @0.10.0_4 (perl)
make chained accessors

p5.30-class-accessor-grouped @0.100.140 (perl)
Lets you build groups of accessors

p5.30-class-accessor-lite @0.80.0 (perl)
Class::Accessor::Lite - a minimalistic variant of Class::Accessor

p5.30-class-autouse @2.20.0 (perl)
Class::Autouse - Run-time load a class the first time you call a method in it.

p5.30-class-base @0.90.0 (perl)
useful base class for deriving other modules

p5.30-class-c3 @0.350.0 (perl)
A pragma to use the C3 method resolution order algortihm

p5.30-class-c3-adopt-next @0.140.0 (perl)
make NEXT suck less

p5.30-class-c3-componentised @1.1.2 (perl)
Load mix-ins or components to your C3-based class.

p5.30-class-c3-xs @0.150.0 (perl)
XS speedups for Class::C3

p5.30-class-container @0.130.0 (perl)
Glues object frameworks together transparently

p5.30-class-csv @1.30.0_3 (perl)
Class based CSV parser/writer

p5.30-class-data-accessor @0.40.40_3 (perl)
Inheritable, overridable class and instance data accessor creation

p5.30-class-data-inheritable @0.100.0 (perl)
Class::Data::Inheritable - Inheritable, overridable class data

p5.30-class-dbi @3.0.17_5 (perl)
Simple Database Abstraction

p5.30-class-dbi-abstractsearch @0.70.0_3 (perl)
Abstract Class::DBI's SQL with SQL::Abstract::Limit

p5.30-class-dbi-mysql @1.0.0_3 (perl)
Extensions to Class::DBI for MySQL

p5.30-class-dbi-pg @0.90.0 (perl)
Class::DBI extension for Postgres

p5.30-class-dbi-plugin @0.30.0_3 (perl)
Abstract base class for Class::DBI plugins

p5.30-class-dbi-plugin-abstractcount @0.80.0_3 (perl)
get COUNT(*) results with abstract SQL

p5.30-class-dbi-plugin-pager @0.566.0 (perl)
paged queries for CDBI

p5.30-class-dbi-uuid @1.10.0_3 (perl)
Provide Globally Unique Column Values

p5.30-class-errorhandler @0.40.0 (perl)
Base class for error handling

p5.30-class-factory-util @1.700.0_4 (perl)
Provide utility methods for factory classes

p5.30-class-generate @1.180.0 (perl)
Generate Perl class hierarchies

p5.30-class-gomor @1.30.0 (perl)
Class::Gomor - another class and object builder

p5.30-class-inner @0.200.1 (perl)
A perlish implementation of Java like inner classes

p5.30-class-insideout @1.140.0 (perl)
Class::InsideOut is a safe, simple inside-out object construction kit.

p5.30-class-inspector @1.360.0 (perl)
Get information about a class and its structure

p5.30-class-isa @0.360.0 (perl)
Class::ISA - report the search path for a class's ISA tree

p5.30-class-load @0.250.0 (perl)
a working (require Class::Name) and more

p5.30-class-load-xs @0.100.0_1 (perl)
XS implementation of parts of Class::Load

p5.30-class-loader @2.30.0_3 (perl)
Load modules and create objects on demand

p5.30-class-makemethods @1.10.0 (perl)
Generate common types of methods

p5.30-class-method-modifiers @2.150.0 (perl)
provides Moose-like method modifiers

p5.30-class-methodmaker @2.250.0 (perl)
Class::MethodMaker - Create generic methods for OO Perl

p5.30-class-mix @0.6.0 (perl)
Class::Mix - dynamic class mixing

p5.30-class-refresh @0.70.0 (perl)
Class::Refresh - refresh your classes during runtime

p5.30-class-returnvalue @0.550.0_3 (perl)
A return-value object that lets you treat it as as a boolean, array or object

p5.30-class-singleton @1.600.0 (perl)
Implementation of a Singleton class

p5.30-class-throwable @0.130.0 (perl)
A minimal lightweight exception class

p5.30-class-tiny @1.8.0 (perl)
Minimalist class construction

p5.30-class-tiny-chained @0.4.0 (perl)
Class::Tiny::Chained - Minimalist class construction, with chained attributes

p5.30-class-trigger @0.150.0 (perl)
Mixin to add / call inheritable triggers

p5.30-class-unload @0.120.0 (perl)
Class::Unload - Unload a class

p5.30-class-whitehole @0.40.0_3 (perl)
base class to treat unhandled method calls as errors

p5.30-class-xsaccessor @1.190.0 (perl)
Generate fast XS accessors without runtime compilation

p5.30-config-simple @4.590.0 (perl)
simple configuration file class

p5.30-curry @2.0.1 (perl)
curry - Create automatic curried method call closures for any class or object

p5.30-danga-socket @1.620.0 (perl, net)
Event loop and event-driven async socket base class

p5.30-data-perl @0.2.11 (perl)
Data::Perl - Base classes wrapping fundamental Perl data types.

p5.30-datetime-format-builder @0.830.0 (perl)
Create DateTime parser classes and objects

p5.30-datetime-timezone @2.660.0 (perl)
DateTime::TimeZone - Time zone object base class and factory

p5.30-dbicx-testdatabase @0.50.0_2 (perl)
create a temporary database from a DBIx::Class::Schema

p5.30-dbix-class @0.82.844 (perl)
DBIx::Class - Extensible and flexible object <-> relational mapper.

p5.30-dbix-class-cursor-cached @1.1.4 (perl)
cursor class with built-in caching support

p5.30-dbix-class-dynamicdefault @0.40.0 (perl)
Automatically set and update fields

p5.30-dbix-class-encodedcolumn @0.110.0 (perl)
DBIx::Class::EncodedColumn - Automatically encode columns

p5.30-dbix-class-introspectablem2m @0.1.2 (perl)
DBIx::Class::IntrospectableM2M - Introspect many-to-many shortcuts

p5.30-dbix-class-schema-loader @0.70.530 (perl)
DBIx::Class::Schema::Loader - Create a DBIx::Class::Schema based on a database

p5.30-dbix-class-timestamp @0.140.0 (perl)
DBIx::Class extension to update and create date and time based fields

p5.30-devel-symdump @2.180.0 (perl)
Inspect the symbol table and class hierarchy

p5.30-encode-detect @1.10.0_4 (perl)
Encode-Encoding subclass that detects the encoding of data

p5.30-exception-class @1.450.0 (perl)
A module that allows you to declare real exception classes in Perl

p5.30-feature-compat-class @0.80.0 (perl)
Feature::Compat::Class - make class syntax available

p5.30-hash-case @1.70.0 (perl)
Hash::Case - base class for hashes with key-casing requirements

p5.30-hash-ordered @0.14.0 (perl)
Hash::Ordered - A fast, pure-Perl ordered hash class

p5.30-html-form @6.130.0 (perl)
HTML::Form - Class that represents an HTML form element

p5.30-http-daemon @6.160.0 (perl)
HTTP::Daemon - a simple HTTP server class

p5.30-http-daemon-ssl @1.40.0 (perl)
A simple http server class with SSL support

p5.30-http-message @7.10.0 (perl)
HTTP::Message - HTTP style message (base class)

p5.30-http-server-simple-mason @0.140.0_1 (perl)
An abstract baseclass for a standalone mason server

p5.30-io-capture @0.50.0 (perl)
Abstract Base Class to build modules to capture output

p5.30-iterator-util @0.20.0_3 (perl)
Essential utilities for the Iterator class.

p5.30-json-any @1.400.0 (perl)
Wrapper Class for the various JSON classes (DEPRECATED)

p5.30-lwpx-paranoidagent @1.120.0 (perl)
LWPx::ParanoidAgent - subclass of LWP::UserAgent that protects you from harm

p5.30-module-build-xsutil @0.190.0 (perl)
A Module::Build class for building XS modules

p5.30-moosex-classattribute @0.290.0 (perl)
MooseX::ClassAttribute - Declare class attributes Moose-style

p5.30-moosex-emulate-class-accessor-fast @0.9.32 (perl)
Emulate Class::Accessor::Fast behavior using Moose attributes

p5.30-moosex-nonmoose @0.270.0 (perl)
MooseX::NonMoose - easy subclassing of non-Moose classes

p5.30-moosex-object-pluggable @0.1.400 (perl)
MooseX::Object::Pluggable - Make your classes pluggable

p5.30-moosex-role-warnonconflict @0.10.0 (perl)
MooseX::Role::WarnOnConflict - Warn if classes override role methods without excluding them

p5.30-moosex-singleton @0.300.0 (perl)
MooseX::Singleton - turn your Moose class into a singleton

p5.30-moosex-storage @0.530.0 (perl)
MooseX::Storage - A serialization framework for Moose classes

p5.30-moosex-traitfor-meta-class-betteranonclassnames @0.2.3 (perl)
MooseX::TraitFor::Meta::Class::BetterAnonClassNames - Metaclass trait to *attempt* to demystify generated anonymous class names

p5.30-moosex-types-loadableclass @0.16.0 (perl)
MooseX::Types::LoadableClass - ClassName type constraint with coercion to load the class.

p5.30-moosex-types-path-class @0.90.0 (perl)
MooseX::Types::Path::Class - A Path::Class type library for Moose

p5.30-mousex-foreign @1.0.0 (perl)
MouseX::Foreign - Extends non-Mouse classes as well as Mouse classes

p5.30-next @0.690.0 (perl)
Provide a pseudo-class NEXT (et al) that allows method redispatch

p5.30-object-hashbase @0.15.0 (perl)
Object::HashBase - Build hash based classes.

p5.30-ole-storage_lite @0.240.0 (perl)
OLE::Storage_Lite - Simple Class for OLE document interface

p5.30-params-classify @0.15.0 (perl)
Params::Classify - argument type classification

p5.30-parent @0.244.0 (perl)
parent - Establish an ISA relationship with base classes at compile time

p5.30-path-class @0.370.0 (perl)
This Perl extension provides cross-platform path specification manipulation.

p5.30-pathtools @3.750.0 (perl)
PathTools contains path building and modification classes.

p5.30-regexp-parser @0.230.0 (perl)
base class for parsing regexes

p5.30-rpc-xml @0.820.0 (perl, textproc)
A set of classes for core data, message and XML handling.

p5.30-sql-abstract-classic @1.910.0 (perl)
SQL::Abstract::Classic - Generate SQL from Perl data structures

p5.30-super @1.201.905.310 (perl)
SUPER - control superclass method dispatch

p5.30-sys-info-base @0.781.0 (perl)
Sys::Info::Base - Base class for Sys::Info

p5.30-template-plugin-class @0.140.0_3 (perl)
allow calling of class methods on arbitrary classes

p5.30-test-class @0.520.0 (perl)
Test::Class - Easily create test classes in an xUnit/JUnit style

p5.30-test-class-most @0.80.0 (perl)
Test::Class::Most - Test Classes the easy way

p5.30-test-classapi @1.70.0 (perl)
Provides basic first-pass API testing for large class trees

p5.30-test-www-mechanize @1.600.0 (perl)
Testing-specific WWW::Mechanize subclass

p5.30-throwable @1.1.0 (perl)
Throwable - a role for classes that can be thrown

p5.30-tie-refhash-weak @0.90.0 (perl)
Tie::RefHash::Weak - A Tie::RefHash subclass with weakened references in the keys

p5.30-tree-simple-view @0.200.0 (perl)
A set of classes for viewing Tree::Simple hierarchies

p5.30-universal-moniker @0.80.0_4 (perl)
Class names in Perl often don't sound great when spoken

p5.30-uri-query @0.160.0 (perl)
URI::Query - class providing URI query string manipulation

p5.30-xml-namespacesupport @1.120.0 (perl)
Simple generic namespace support class

p5.30-xml-sax-base @1.90.0 (perl)
Base class SAX Drivers and Filters

p5.32-algorithm-dependency @1.112.0 (perl)
Base class for implementing various dependency trees

p5.32-algorithm-munkres @0.80.0_2 (perl)
This is a Perl extension for Munkres' solution to classical Assignment problem for square and rectangular matrices

p5.32-aliased @0.340.0 (perl)
Use shorter versions of class names.

p5.32-alien-base-modulebuild @1.170.0 (perl)
Alien::Base::ModuleBuild - A Module::Build subclass for building Alien:: modules and their libraries

p5.32-appconfig-std @1.100.0 (perl)
Perl class providing standard command-line arguments

p5.32-array-iterator @0.135.0 (perl)
Array::Iterator - A simple class for iterating over Perl arrays

p5.32-asa @1.40.0 (perl)
asa - Lets your class/object say it works like something else

p5.32-authen-radius @0.330.0 (perl)
The Authen::Radius module provides a simple class that allows you to send/receive Radius requests/responses to/from a Radius server.

p5.32-beam-emitter @1.7.0 (perl)
Beam::Emitter - Role for event emitting classes

p5.32-catalyst-authentication-store-dbix-class @0.150.600 (perl)
A storage class for Catalyst Authentication using DBIx::Class.

p5.32-catalyst-plugin-authentication-store-dbic @0.110.0_4 (perl)
Authentication against a DBIx::Class or Class::DBI model.

p5.32-catalyst-plugin-session-store-dbic @0.140.0 (perl)
Store your sessions via DBIx::Class

p5.32-catalyst-view-html-template @0.30.0_3 (perl)
HTML::Template View Class

p5.32-catalyst-view-mason @0.190.0 (perl)
Catalyst::View::Mason - Legacy HTML::Mason View Class

p5.32-catalyst-view-mason2 @0.30.0 (perl)
Catalyst::View::Mason2 - Mason 2.x view class

p5.32-check-isa @0.90.0 (perl)
Check::ISA - DWIM, correct checking of an object's class

p5.32-class-accessor @0.510.0 (perl)
Automated accessor generation

p5.32-class-accessor-chained @0.10.0_4 (perl)
make chained accessors

p5.32-class-accessor-grouped @0.100.140 (perl)
Lets you build groups of accessors

p5.32-class-accessor-lite @0.80.0 (perl)
Class::Accessor::Lite - a minimalistic variant of Class::Accessor

p5.32-class-autouse @2.20.0 (perl)
Class::Autouse - Run-time load a class the first time you call a method in it.

p5.32-class-base @0.90.0 (perl)
useful base class for deriving other modules

p5.32-class-c3 @0.350.0 (perl)
A pragma to use the C3 method resolution order algortihm

p5.32-class-c3-adopt-next @0.140.0 (perl)
make NEXT suck less

p5.32-class-c3-componentised @1.1.2 (perl)
Load mix-ins or components to your C3-based class.

p5.32-class-c3-xs @0.150.0 (perl)
XS speedups for Class::C3

p5.32-class-container @0.130.0 (perl)
Glues object frameworks together transparently

p5.32-class-csv @1.30.0_3 (perl)
Class based CSV parser/writer

p5.32-class-data-accessor @0.40.40_3 (perl)
Inheritable, overridable class and instance data accessor creation

p5.32-class-data-inheritable @0.100.0 (perl)
Class::Data::Inheritable - Inheritable, overridable class data

p5.32-class-dbi @3.0.17_5 (perl)
Simple Database Abstraction

p5.32-class-dbi-abstractsearch @0.70.0_3 (perl)
Abstract Class::DBI's SQL with SQL::Abstract::Limit

p5.32-class-dbi-mysql @1.0.0_3 (perl)
Extensions to Class::DBI for MySQL

p5.32-class-dbi-pg @0.90.0 (perl)
Class::DBI extension for Postgres

p5.32-class-dbi-plugin @0.30.0_3 (perl)
Abstract base class for Class::DBI plugins

p5.32-class-dbi-plugin-abstractcount @0.80.0_3 (perl)
get COUNT(*) results with abstract SQL

p5.32-class-dbi-plugin-pager @0.566.0 (perl)
paged queries for CDBI

p5.32-class-dbi-uuid @1.10.0_3 (perl)
Provide Globally Unique Column Values

p5.32-class-errorhandler @0.40.0 (perl)
Base class for error handling

p5.32-class-factory-util @1.700.0_4 (perl)
Provide utility methods for factory classes

p5.32-class-generate @1.180.0 (perl)
Generate Perl class hierarchies

p5.32-class-gomor @1.30.0 (perl)
Class::Gomor - another class and object builder

p5.32-class-inner @0.200.1 (perl)
A perlish implementation of Java like inner classes

p5.32-class-insideout @1.140.0 (perl)
Class::InsideOut is a safe, simple inside-out object construction kit.

p5.32-class-inspector @1.360.0 (perl)
Get information about a class and its structure

p5.32-class-isa @0.360.0 (perl)
Class::ISA - report the search path for a class's ISA tree

p5.32-class-load @0.250.0 (perl)
a working (require Class::Name) and more

p5.32-class-load-xs @0.100.0_1 (perl)
XS implementation of parts of Class::Load

p5.32-class-loader @2.30.0_3 (perl)
Load modules and create objects on demand

p5.32-class-makemethods @1.10.0 (perl)
Generate common types of methods

p5.32-class-method-modifiers @2.150.0 (perl)
provides Moose-like method modifiers

p5.32-class-methodmaker @2.250.0 (perl)
Class::MethodMaker - Create generic methods for OO Perl

p5.32-class-mix @0.6.0 (perl)
Class::Mix - dynamic class mixing

p5.32-class-refresh @0.70.0 (perl)
Class::Refresh - refresh your classes during runtime

p5.32-class-returnvalue @0.550.0_3 (perl)
A return-value object that lets you treat it as as a boolean, array or object

p5.32-class-singleton @1.600.0 (perl)
Implementation of a Singleton class

p5.32-class-throwable @0.130.0 (perl)
A minimal lightweight exception class

p5.32-class-tiny @1.8.0 (perl)
Minimalist class construction

p5.32-class-tiny-chained @0.4.0 (perl)
Class::Tiny::Chained - Minimalist class construction, with chained attributes

p5.32-class-trigger @0.150.0 (perl)
Mixin to add / call inheritable triggers

p5.32-class-unload @0.120.0 (perl)
Class::Unload - Unload a class

p5.32-class-whitehole @0.40.0_3 (perl)
base class to treat unhandled method calls as errors

p5.32-class-xsaccessor @1.190.0 (perl)
Generate fast XS accessors without runtime compilation

p5.32-config-simple @4.590.0 (perl)
simple configuration file class

p5.32-curry @2.0.1 (perl)
curry - Create automatic curried method call closures for any class or object

p5.32-danga-socket @1.620.0 (perl, net)
Event loop and event-driven async socket base class

p5.32-data-perl @0.2.11 (perl)
Data::Perl - Base classes wrapping fundamental Perl data types.

p5.32-datetime-format-builder @0.830.0 (perl)
Create DateTime parser classes and objects

p5.32-datetime-timezone @2.660.0 (perl)
DateTime::TimeZone - Time zone object base class and factory

p5.32-dbicx-testdatabase @0.50.0_2 (perl)
create a temporary database from a DBIx::Class::Schema

p5.32-dbix-class @0.82.844 (perl)
DBIx::Class - Extensible and flexible object <-> relational mapper.

p5.32-dbix-class-cursor-cached @1.1.4 (perl)
cursor class with built-in caching support

p5.32-dbix-class-dynamicdefault @0.40.0 (perl)
Automatically set and update fields

p5.32-dbix-class-encodedcolumn @0.110.0 (perl)
DBIx::Class::EncodedColumn - Automatically encode columns

p5.32-dbix-class-introspectablem2m @0.1.2 (perl)
DBIx::Class::IntrospectableM2M - Introspect many-to-many shortcuts

p5.32-dbix-class-schema-loader @0.70.530 (perl)
DBIx::Class::Schema::Loader - Create a DBIx::Class::Schema based on a database

p5.32-dbix-class-timestamp @0.140.0 (perl)
DBIx::Class extension to update and create date and time based fields

p5.32-devel-symdump @2.180.0 (perl)
Inspect the symbol table and class hierarchy

p5.32-encode-detect @1.10.0_4 (perl)
Encode-Encoding subclass that detects the encoding of data

p5.32-exception-class @1.450.0 (perl)
A module that allows you to declare real exception classes in Perl

p5.32-feature-compat-class @0.80.0 (perl)
Feature::Compat::Class - make class syntax available

p5.32-hash-case @1.70.0 (perl)
Hash::Case - base class for hashes with key-casing requirements

p5.32-hash-ordered @0.14.0 (perl)
Hash::Ordered - A fast, pure-Perl ordered hash class

p5.32-html-form @6.130.0 (perl)
HTML::Form - Class that represents an HTML form element

p5.32-http-daemon @6.160.0 (perl)
HTTP::Daemon - a simple HTTP server class

p5.32-http-daemon-ssl @1.40.0 (perl)
A simple http server class with SSL support

p5.32-http-message @7.10.0 (perl)
HTTP::Message - HTTP style message (base class)

p5.32-http-server-simple-mason @0.140.0_1 (perl)
An abstract baseclass for a standalone mason server

p5.32-io-capture @0.50.0 (perl)
Abstract Base Class to build modules to capture output

p5.32-iterator-util @0.20.0_3 (perl)
Essential utilities for the Iterator class.

p5.32-json-any @1.400.0 (perl)
Wrapper Class for the various JSON classes (DEPRECATED)

p5.32-lwpx-paranoidagent @1.120.0 (perl)
LWPx::ParanoidAgent - subclass of LWP::UserAgent that protects you from harm

p5.32-module-build-xsutil @0.190.0 (perl)
A Module::Build class for building XS modules

p5.32-moosex-classattribute @0.290.0 (perl)
MooseX::ClassAttribute - Declare class attributes Moose-style

p5.32-moosex-emulate-class-accessor-fast @0.9.32 (perl)
Emulate Class::Accessor::Fast behavior using Moose attributes

p5.32-moosex-nonmoose @0.270.0 (perl)
MooseX::NonMoose - easy subclassing of non-Moose classes

p5.32-moosex-object-pluggable @0.1.400 (perl)
MooseX::Object::Pluggable - Make your classes pluggable

p5.32-moosex-role-warnonconflict @0.10.0 (perl)
MooseX::Role::WarnOnConflict - Warn if classes override role methods without excluding them

p5.32-moosex-singleton @0.300.0 (perl)
MooseX::Singleton - turn your Moose class into a singleton

p5.32-moosex-storage @0.530.0 (perl)
MooseX::Storage - A serialization framework for Moose classes

p5.32-moosex-traitfor-meta-class-betteranonclassnames @0.2.3 (perl)
MooseX::TraitFor::Meta::Class::BetterAnonClassNames - Metaclass trait to *attempt* to demystify generated anonymous class names

p5.32-moosex-types-loadableclass @0.16.0 (perl)
MooseX::Types::LoadableClass - ClassName type constraint with coercion to load the class.

p5.32-moosex-types-path-class @0.90.0 (perl)
MooseX::Types::Path::Class - A Path::Class type library for Moose

p5.32-mousex-foreign @1.0.0 (perl)
MouseX::Foreign - Extends non-Mouse classes as well as Mouse classes

p5.32-next @0.690.0 (perl)
Provide a pseudo-class NEXT (et al) that allows method redispatch

p5.32-object-hashbase @0.15.0 (perl)
Object::HashBase - Build hash based classes.

p5.32-ole-storage_lite @0.240.0 (perl)
OLE::Storage_Lite - Simple Class for OLE document interface

p5.32-params-classify @0.15.0 (perl)
Params::Classify - argument type classification

p5.32-parent @0.244.0 (perl)
parent - Establish an ISA relationship with base classes at compile time

p5.32-path-class @0.370.0 (perl)
This Perl extension provides cross-platform path specification manipulation.

p5.32-pathtools @3.750.0 (perl)
PathTools contains path building and modification classes.

p5.32-pod-parser @1.670.0 (perl)
Pod::Parser - base class for creating POD filters and translators

p5.32-regexp-parser @0.230.0 (perl)
base class for parsing regexes

p5.32-rpc-xml @0.820.0 (perl, textproc)
A set of classes for core data, message and XML handling.

p5.32-sql-abstract-classic @1.910.0 (perl)
SQL::Abstract::Classic - Generate SQL from Perl data structures

p5.32-super @1.201.905.310 (perl)
SUPER - control superclass method dispatch

p5.32-sys-info-base @0.781.0 (perl)
Sys::Info::Base - Base class for Sys::Info

p5.32-template-plugin-class @0.140.0_3 (perl)
allow calling of class methods on arbitrary classes

p5.32-test-class @0.520.0 (perl)
Test::Class - Easily create test classes in an xUnit/JUnit style

p5.32-test-class-most @0.80.0 (perl)
Test::Class::Most - Test Classes the easy way

p5.32-test-classapi @1.70.0 (perl)
Provides basic first-pass API testing for large class trees

p5.32-test-www-mechanize @1.600.0 (perl)
Testing-specific WWW::Mechanize subclass

p5.32-throwable @1.1.0 (perl)
Throwable - a role for classes that can be thrown

p5.32-tie-refhash-weak @0.90.0 (perl)
Tie::RefHash::Weak - A Tie::RefHash subclass with weakened references in the keys

p5.32-tree-simple-view @0.200.0 (perl)
A set of classes for viewing Tree::Simple hierarchies

p5.32-universal-moniker @0.80.0_4 (perl)
Class names in Perl often don't sound great when spoken

p5.32-uri-query @0.160.0 (perl)
URI::Query - class providing URI query string manipulation

p5.32-xml-namespacesupport @1.120.0 (perl)
Simple generic namespace support class

p5.32-xml-sax-base @1.90.0 (perl)
Base class SAX Drivers and Filters

p5.34-algorithm-dependency @1.112.0 (perl)
Base class for implementing various dependency trees

p5.34-algorithm-munkres @0.80.0_2 (perl)
This is a Perl extension for Munkres' solution to classical Assignment problem for square and rectangular matrices

p5.34-aliased @0.340.0 (perl)
Use shorter versions of class names.

p5.34-alien-base-modulebuild @1.170.0 (perl)
Alien::Base::ModuleBuild - A Module::Build subclass for building Alien:: modules and their libraries

p5.34-appconfig-std @1.100.0 (perl)
Perl class providing standard command-line arguments

p5.34-array-iterator @0.135.0 (perl)
Array::Iterator - A simple class for iterating over Perl arrays

p5.34-asa @1.40.0 (perl)
asa - Lets your class/object say it works like something else

p5.34-authen-radius @0.330.0 (perl)
The Authen::Radius module provides a simple class that allows you to send/receive Radius requests/responses to/from a Radius server.

p5.34-beam-emitter @1.7.0 (perl)
Beam::Emitter - Role for event emitting classes

p5.34-catalyst-authentication-store-dbix-class @0.150.600 (perl)
A storage class for Catalyst Authentication using DBIx::Class.

p5.34-catalyst-plugin-authentication-store-dbic @0.110.0_4 (perl)
Authentication against a DBIx::Class or Class::DBI model.

p5.34-catalyst-plugin-session-store-dbic @0.140.0 (perl)
Store your sessions via DBIx::Class

p5.34-catalyst-view-html-template @0.30.0_3 (perl)
HTML::Template View Class

p5.34-catalyst-view-mason @0.190.0 (perl)
Catalyst::View::Mason - Legacy HTML::Mason View Class

p5.34-catalyst-view-mason2 @0.30.0 (perl)
Catalyst::View::Mason2 - Mason 2.x view class

p5.34-check-isa @0.90.0 (perl)
Check::ISA - DWIM, correct checking of an object's class

p5.34-class-accessor @0.510.0 (perl)
Automated accessor generation

p5.34-class-accessor-chained @0.10.0_4 (perl)
make chained accessors

p5.34-class-accessor-grouped @0.100.140 (perl)
Lets you build groups of accessors

p5.34-class-accessor-lite @0.80.0 (perl)
Class::Accessor::Lite - a minimalistic variant of Class::Accessor

p5.34-class-autouse @2.20.0 (perl)
Class::Autouse - Run-time load a class the first time you call a method in it.

p5.34-class-base @0.90.0 (perl)
useful base class for deriving other modules

p5.34-class-c3 @0.350.0 (perl)
A pragma to use the C3 method resolution order algortihm

p5.34-class-c3-adopt-next @0.140.0 (perl)
make NEXT suck less

p5.34-class-c3-componentised @1.1.2 (perl)
Load mix-ins or components to your C3-based class.

p5.34-class-c3-xs @0.150.0 (perl)
XS speedups for Class::C3

p5.34-class-container @0.130.0 (perl)
Glues object frameworks together transparently

p5.34-class-csv @1.30.0_3 (perl)
Class based CSV parser/writer

p5.34-class-data-accessor @0.40.40_3 (perl)
Inheritable, overridable class and instance data accessor creation

p5.34-class-data-inheritable @0.100.0 (perl)
Class::Data::Inheritable - Inheritable, overridable class data

p5.34-class-dbi @3.0.17_5 (perl)
Simple Database Abstraction

p5.34-class-dbi-abstractsearch @0.70.0_3 (perl)
Abstract Class::DBI's SQL with SQL::Abstract::Limit

p5.34-class-dbi-mysql @1.0.0_3 (perl)
Extensions to Class::DBI for MySQL

p5.34-class-dbi-pg @0.90.0 (perl)
Class::DBI extension for Postgres

p5.34-class-dbi-plugin @0.30.0_3 (perl)
Abstract base class for Class::DBI plugins

p5.34-class-dbi-plugin-abstractcount @0.80.0_3 (perl)
get COUNT(*) results with abstract SQL

p5.34-class-dbi-plugin-pager @0.566.0 (perl)
paged queries for CDBI

p5.34-class-dbi-uuid @1.10.0_3 (perl)
Provide Globally Unique Column Values

p5.34-class-errorhandler @0.40.0 (perl)
Base class for error handling

p5.34-class-factory-util @1.700.0_4 (perl)
Provide utility methods for factory classes

p5.34-class-generate @1.180.0 (perl)
Generate Perl class hierarchies

p5.34-class-gomor @1.30.0 (perl)
Class::Gomor - another class and object builder

p5.34-class-inner @0.200.1 (perl)
A perlish implementation of Java like inner classes

p5.34-class-insideout @1.140.0 (perl)
Class::InsideOut is a safe, simple inside-out object construction kit.

p5.34-class-inspector @1.360.0 (perl)
Get information about a class and its structure

p5.34-class-isa @0.360.0 (perl)
Class::ISA - report the search path for a class's ISA tree

p5.34-class-load @0.250.0 (perl)
a working (require Class::Name) and more

p5.34-class-load-xs @0.100.0_1 (perl)
XS implementation of parts of Class::Load

p5.34-class-loader @2.30.0_3 (perl)
Load modules and create objects on demand

p5.34-class-makemethods @1.10.0 (perl)
Generate common types of methods

p5.34-class-method-modifiers @2.150.0 (perl)
provides Moose-like method modifiers

p5.34-class-methodmaker @2.250.0 (perl)
Class::MethodMaker - Create generic methods for OO Perl

p5.34-class-mix @0.6.0 (perl)
Class::Mix - dynamic class mixing

p5.34-class-refresh @0.70.0 (perl)
Class::Refresh - refresh your classes during runtime

p5.34-class-returnvalue @0.550.0_3 (perl)
A return-value object that lets you treat it as as a boolean, array or object

p5.34-class-singleton @1.600.0 (perl)
Implementation of a Singleton class

p5.34-class-throwable @0.130.0 (perl)
A minimal lightweight exception class

p5.34-class-tiny @1.8.0 (perl)
Minimalist class construction

p5.34-class-tiny-chained @0.4.0 (perl)
Class::Tiny::Chained - Minimalist class construction, with chained attributes

p5.34-class-trigger @0.150.0 (perl)
Mixin to add / call inheritable triggers

p5.34-class-unload @0.120.0 (perl)
Class::Unload - Unload a class

p5.34-class-whitehole @0.40.0_3 (perl)
base class to treat unhandled method calls as errors

p5.34-class-xsaccessor @1.190.0 (perl)
Generate fast XS accessors without runtime compilation

p5.34-config-simple @4.590.0 (perl)
simple configuration file class

p5.34-curry @2.0.1 (perl)
curry - Create automatic curried method call closures for any class or object

p5.34-danga-socket @1.620.0 (perl, net)
Event loop and event-driven async socket base class

p5.34-data-perl @0.2.11 (perl)
Data::Perl - Base classes wrapping fundamental Perl data types.

p5.34-datetime-format-builder @0.830.0 (perl)
Create DateTime parser classes and objects

p5.34-datetime-timezone @2.660.0 (perl)
DateTime::TimeZone - Time zone object base class and factory

p5.34-dbicx-testdatabase @0.50.0_2 (perl)
create a temporary database from a DBIx::Class::Schema

p5.34-dbix-class @0.82.844 (perl)
DBIx::Class - Extensible and flexible object <-> relational mapper.

p5.34-dbix-class-cursor-cached @1.1.4 (perl)
cursor class with built-in caching support

p5.34-dbix-class-dynamicdefault @0.40.0 (perl)
Automatically set and update fields

p5.34-dbix-class-encodedcolumn @0.110.0 (perl)
DBIx::Class::EncodedColumn - Automatically encode columns

p5.34-dbix-class-introspectablem2m @0.1.2 (perl)
DBIx::Class::IntrospectableM2M - Introspect many-to-many shortcuts

p5.34-dbix-class-schema-loader @0.70.530 (perl)
DBIx::Class::Schema::Loader - Create a DBIx::Class::Schema based on a database

p5.34-dbix-class-timestamp @0.140.0 (perl)
DBIx::Class extension to update and create date and time based fields

p5.34-devel-symdump @2.180.0 (perl)
Inspect the symbol table and class hierarchy

p5.34-encode-detect @1.10.0_4 (perl)
Encode-Encoding subclass that detects the encoding of data

p5.34-exception-class @1.450.0 (perl)
A module that allows you to declare real exception classes in Perl

p5.34-feature-compat-class @0.80.0 (perl)
Feature::Compat::Class - make class syntax available

p5.34-hash-case @1.70.0 (perl)
Hash::Case - base class for hashes with key-casing requirements

p5.34-hash-ordered @0.14.0 (perl)
Hash::Ordered - A fast, pure-Perl ordered hash class

p5.34-html-form @6.130.0 (perl)
HTML::Form - Class that represents an HTML form element

p5.34-http-daemon @6.160.0 (perl)
HTTP::Daemon - a simple HTTP server class

p5.34-http-daemon-ssl @1.40.0 (perl)
A simple http server class with SSL support

p5.34-http-message @7.10.0 (perl)
HTTP::Message - HTTP style message (base class)

p5.34-http-server-simple-mason @0.140.0_1 (perl)
An abstract baseclass for a standalone mason server

p5.34-io-capture @0.50.0 (perl)
Abstract Base Class to build modules to capture output

p5.34-iterator-util @0.20.0_3 (perl)
Essential utilities for the Iterator class.

p5.34-json-any @1.400.0 (perl)
Wrapper Class for the various JSON classes (DEPRECATED)

p5.34-lwpx-paranoidagent @1.120.0 (perl)
LWPx::ParanoidAgent - subclass of LWP::UserAgent that protects you from harm

p5.34-module-build-xsutil @0.190.0 (perl)
A Module::Build class for building XS modules

p5.34-moosex-classattribute @0.290.0 (perl)
MooseX::ClassAttribute - Declare class attributes Moose-style

p5.34-moosex-emulate-class-accessor-fast @0.9.32 (perl)
Emulate Class::Accessor::Fast behavior using Moose attributes

p5.34-moosex-nonmoose @0.270.0 (perl)
MooseX::NonMoose - easy subclassing of non-Moose classes

p5.34-moosex-object-pluggable @0.1.400 (perl)
MooseX::Object::Pluggable - Make your classes pluggable

p5.34-moosex-role-warnonconflict @0.10.0 (perl)
MooseX::Role::WarnOnConflict - Warn if classes override role methods without excluding them

p5.34-moosex-singleton @0.300.0 (perl)
MooseX::Singleton - turn your Moose class into a singleton

p5.34-moosex-storage @0.530.0 (perl)
MooseX::Storage - A serialization framework for Moose classes

p5.34-moosex-traitfor-meta-class-betteranonclassnames @0.2.3 (perl)
MooseX::TraitFor::Meta::Class::BetterAnonClassNames - Metaclass trait to *attempt* to demystify generated anonymous class names

p5.34-moosex-types-loadableclass @0.16.0 (perl)
MooseX::Types::LoadableClass - ClassName type constraint with coercion to load the class.

p5.34-moosex-types-path-class @0.90.0 (perl)
MooseX::Types::Path::Class - A Path::Class type library for Moose

p5.34-mousex-foreign @1.0.0 (perl)
MouseX::Foreign - Extends non-Mouse classes as well as Mouse classes

p5.34-next @0.690.0 (perl)
Provide a pseudo-class NEXT (et al) that allows method redispatch

p5.34-object-hashbase @0.15.0 (perl)
Object::HashBase - Build hash based classes.

p5.34-ole-storage_lite @0.240.0 (perl)
OLE::Storage_Lite - Simple Class for OLE document interface

p5.34-params-classify @0.15.0 (perl)
Params::Classify - argument type classification

p5.34-parent @0.244.0 (perl)
parent - Establish an ISA relationship with base classes at compile time

p5.34-path-class @0.370.0 (perl)
This Perl extension provides cross-platform path specification manipulation.

p5.34-pathtools @3.750.0 (perl)
PathTools contains path building and modification classes.

p5.34-pod-parser @1.670.0 (perl)
Pod::Parser - base class for creating POD filters and translators

p5.34-regexp-parser @0.230.0 (perl)
base class for parsing regexes

p5.34-rpc-xml @0.820.0 (perl, textproc)
A set of classes for core data, message and XML handling.

p5.34-sql-abstract-classic @1.910.0 (perl)
SQL::Abstract::Classic - Generate SQL from Perl data structures

p5.34-super @1.201.905.310 (perl)
SUPER - control superclass method dispatch

p5.34-sys-info-base @0.781.0 (perl)
Sys::Info::Base - Base class for Sys::Info

p5.34-template-plugin-class @0.140.0_3 (perl)
allow calling of class methods on arbitrary classes

p5.34-test-class @0.520.0 (perl)
Test::Class - Easily create test classes in an xUnit/JUnit style

p5.34-test-class-most @0.80.0 (perl)
Test::Class::Most - Test Classes the easy way

p5.34-test-classapi @1.70.0 (perl)
Provides basic first-pass API testing for large class trees

p5.34-test-www-mechanize @1.600.0 (perl)
Testing-specific WWW::Mechanize subclass

p5.34-throwable @1.1.0 (perl)
Throwable - a role for classes that can be thrown

p5.34-tie-refhash-weak @0.90.0 (perl)
Tie::RefHash::Weak - A Tie::RefHash subclass with weakened references in the keys

p5.34-tree-simple-view @0.200.0 (perl)
A set of classes for viewing Tree::Simple hierarchies

p5.34-universal-moniker @0.80.0_4 (perl)
Class names in Perl often don't sound great when spoken

p5.34-uri-query @0.160.0 (perl)
URI::Query - class providing URI query string manipulation

p5.34-xml-namespacesupport @1.120.0 (perl)
Simple generic namespace support class

p5.34-xml-sax-base @1.90.0 (perl)
Base class SAX Drivers and Filters

pecco @2022-03-18 (math)
simple C++ library for linear classification with conjunctive features

Performance @0.2.5 (gnustep)
Performance measuring classes

php-timer @8.0.0 (php, devel)
utility class for timing in PHP

php83-timer @8.0.0 (php, devel)
utility class for timing in PHP

php84-timer @8.0.0 (php, devel)
utility class for timing in PHP

py-annotated-doc @0.0.4 (python, devel)
Provides document parameters, class attributes, return types, and variables inline, with Annotated

py-attr @0.3.2 (python)
Simple decorator to set attributes of target function or class in a DRY way

py-cached-property @1.5.2 (python, devel)
A decorator for caching properties in classes

py-clnum @1.6 (python)
a Python interface to the Class Library for Numbers (CLN)

py-ctypeslib2 @2.3.4 (python)
Generate python ctypes classes from C headers.

py-dacite @1.8.1 (python)
Simple creation of data classes from dictionaries.

py-deprecated @1.3.1 (python)
Python @deprecated decorator to deprecate old python classes, functions or methods.

py-elastic-transport @9.1.0 (python)
Transport classes/utilities for Elastic client libraries

py-eli5 @0.16.0 (python, math)
A library for debugging/inspecting machine learning classifiers and explaining their predictions

py-itemadapter @0.13.1 (python)
Common interface for data container classes

py-janus @2.0.0 (python)
Mixed sync async queue to interoperate between asyncio tasks and classic threads

py-jaraco.classes @3.4.0 (python)
Utility functions for Python class constructs

py-jschema_to_python @1.2.3 (python)
Generate source code for Python classes from a JSON schema.

py-mapclassify @2.10.0 (python, gis)
Classification Schemes for Choropleth Maps

py-nbclassic @1.0.0 (python, devel)
NBClassic runs the Jupyter Notebook frontend on the Jupyter Server backend.

py-paho-mqtt @2.1.0 (python)
MQTT version 3.1/3.1.1 client class

py-pretty-midi @0.2.9 (python, audio)
Functions and classes for handling MIDI data conveniently.

py-pyproject_metadata @0.10.0 (python, devel)
Dataclass for PEP 621 metadata with support for core metadata generation

py-pyviz_comms @3.0.6 (python, devel)
Offers a simple bidirectional communication architecture for PyViz tools including support for Jupyter comms in both the classic notebook and Jupyterlab.

py-resolvelib @1.2.1 (python, devel)
ResolveLib at the highest level provides a Resolver class that includes dependency resolution logic.

py-reverend @0.3 (python, textproc)
Reverend is a general purpose Bayesian classifier.

py-sarif-om @1.0.4 (python)
Classes implementing the SARIF 2.1.0 object model.

py-scikit-build-core @0.11.6_1 (python, devel)
A bridge between Python package build systems and CMake (a rewrite of the classic Scikit-build).

py-scikit-dsp-comm @2.0.1 (python)
A collection of functions and classes to support signal processing and communications theory teaching and research

py-scikits-timeseries @0.91.3 (python, science)
Classes and functions for manipulating, reporting, and plotting time series

py-trove-classifiers @2026.1.14.14 (python)
Canonical source for classifiers on PyPI (pypi.org).

py-uritools @5.0.0 (python)
URI parsing, classification and composition

py-usadel1 @0.1 (python, science)
Quasiclassical equations on a 1D network

py-zope-deprecation @5.0 (python, zope)
This package provides a simple function called deprecated(names, reason) to mark deprecated modules, classes, functions, methods and properties.

py26-clnum @1.6 (python)
a Python interface to the Class Library for Numbers (CLN)

py27-reverend @0.3 (python, textproc)
Reverend is a general purpose Bayesian classifier.

py27-scikits-timeseries @0.91.3 (python, science)
Classes and functions for manipulating, reporting, and plotting time series

py37-trove-classifiers @2026.1.14.14 (python)
Canonical source for classifiers on PyPI (pypi.org).

py38-trove-classifiers @2026.1.14.14 (python)
Canonical source for classifiers on PyPI (pypi.org).

py39-pyproject_metadata @0.10.0 (python, devel)
Dataclass for PEP 621 metadata with support for core metadata generation

py39-scikit-build-core @0.11.6_1 (python, devel)
A bridge between Python package build systems and CMake (a rewrite of the classic Scikit-build).

py39-trove-classifiers @2026.1.14.14 (python)
Canonical source for classifiers on PyPI (pypi.org).

py310-annotated-doc @0.0.4 (python, devel)
Provides document parameters, class attributes, return types, and variables inline, with Annotated

py310-attr @0.3.2 (python)
Simple decorator to set attributes of target function or class in a DRY way

py310-cached-property @1.5.2 (python, devel)
A decorator for caching properties in classes

py310-ctypeslib2 @2.3.4 (python)
Generate python ctypes classes from C headers.

py310-dacite @1.8.1 (python)
Simple creation of data classes from dictionaries.

py310-deprecated @1.3.1 (python)
Python @deprecated decorator to deprecate old python classes, functions or methods.

py310-elastic-transport @9.1.0 (python)
Transport classes/utilities for Elastic client libraries

py310-itemadapter @0.12.2 (python)
Common interface for data container classes

py310-jaraco.classes @3.4.0 (python)
Utility functions for Python class constructs

py310-jschema_to_python @1.2.3 (python)
Generate source code for Python classes from a JSON schema.

py310-mapclassify @2.10.0 (python, gis)
Classification Schemes for Choropleth Maps

py310-nbclassic @1.0.0 (python, devel)
NBClassic runs the Jupyter Notebook frontend on the Jupyter Server backend.

py310-paho-mqtt @2.1.0 (python)
MQTT version 3.1/3.1.1 client class

py310-pretty-midi @0.2.9 (python, audio)
Functions and classes for handling MIDI data conveniently.

py310-pyproject_metadata @0.10.0 (python, devel)
Dataclass for PEP 621 metadata with support for core metadata generation

py310-pyviz_comms @3.0.6 (python, devel)
Offers a simple bidirectional communication architecture for PyViz tools including support for Jupyter comms in both the classic notebook and Jupyterlab.

py310-resolvelib @1.2.1 (python, devel)
ResolveLib at the highest level provides a Resolver class that includes dependency resolution logic.

py310-sarif-om @1.0.4 (python)
Classes implementing the SARIF 2.1.0 object model.

py310-scikit-build-core @0.11.6_1 (python, devel)
A bridge between Python package build systems and CMake (a rewrite of the classic Scikit-build).

py310-scikit-dsp-comm @2.0.1 (python)
A collection of functions and classes to support signal processing and communications theory teaching and research

py310-trove-classifiers @2026.1.14.14 (python)
Canonical source for classifiers on PyPI (pypi.org).

py310-uritools @5.0.0 (python)
URI parsing, classification and composition

py310-zope-deprecation @5.0 (python, zope)
This package provides a simple function called deprecated(names, reason) to mark deprecated modules, classes, functions, methods and properties.

py311-annotated-doc @0.0.4 (python, devel)
Provides document parameters, class attributes, return types, and variables inline, with Annotated

py311-attr @0.3.2 (python)
Simple decorator to set attributes of target function or class in a DRY way

py311-cached-property @1.5.2 (python, devel)
A decorator for caching properties in classes

py311-ctypeslib2 @2.3.4 (python)
Generate python ctypes classes from C headers.

py311-dacite @1.8.1 (python)
Simple creation of data classes from dictionaries.

py311-deprecated @1.3.1 (python)
Python @deprecated decorator to deprecate old python classes, functions or methods.

py311-elastic-transport @9.1.0 (python)
Transport classes/utilities for Elastic client libraries

py311-itemadapter @0.13.1 (python)
Common interface for data container classes

py311-jaraco.classes @3.4.0 (python)
Utility functions for Python class constructs

py311-jschema_to_python @1.2.3 (python)
Generate source code for Python classes from a JSON schema.

py311-mapclassify @2.10.0 (python, gis)
Classification Schemes for Choropleth Maps

py311-nbclassic @1.0.0 (python, devel)
NBClassic runs the Jupyter Notebook frontend on the Jupyter Server backend.

py311-paho-mqtt @2.1.0 (python)
MQTT version 3.1/3.1.1 client class

py311-pretty-midi @0.2.9 (python, audio)
Functions and classes for handling MIDI data conveniently.

py311-pyproject_metadata @0.10.0 (python, devel)
Dataclass for PEP 621 metadata with support for core metadata generation

py311-pyviz_comms @3.0.6 (python, devel)
Offers a simple bidirectional communication architecture for PyViz tools including support for Jupyter comms in both the classic notebook and Jupyterlab.

py311-resolvelib @1.2.1 (python, devel)
ResolveLib at the highest level provides a Resolver class that includes dependency resolution logic.

py311-sarif-om @1.0.4 (python)
Classes implementing the SARIF 2.1.0 object model.

py311-scikit-build-core @0.11.6_1 (python, devel)
A bridge between Python package build systems and CMake (a rewrite of the classic Scikit-build).

py311-trove-classifiers @2026.1.14.14 (python)
Canonical source for classifiers on PyPI (pypi.org).

py311-uritools @5.0.0 (python)
URI parsing, classification and composition

py311-zope-deprecation @5.0 (python, zope)
This package provides a simple function called deprecated(names, reason) to mark deprecated modules, classes, functions, methods and properties.

py312-annotated-doc @0.0.4 (python, devel)
Provides document parameters, class attributes, return types, and variables inline, with Annotated

py312-cached-property @1.5.2 (python, devel)
A decorator for caching properties in classes

py312-ctypeslib2 @2.3.4 (python)
Generate python ctypes classes from C headers.

py312-dacite @1.8.1 (python)
Simple creation of data classes from dictionaries.

py312-deprecated @1.3.1 (python)
Python @deprecated decorator to deprecate old python classes, functions or methods.

py312-elastic-transport @9.1.0 (python)
Transport classes/utilities for Elastic client libraries

py312-itemadapter @0.13.1 (python)
Common interface for data container classes

py312-janus @2.0.0 (python)
Mixed sync async queue to interoperate between asyncio tasks and classic threads

py312-jaraco.classes @3.4.0 (python)
Utility functions for Python class constructs

py312-jschema_to_python @1.2.3 (python)
Generate source code for Python classes from a JSON schema.

py312-mapclassify @2.10.0 (python, gis)
Classification Schemes for Choropleth Maps

py312-nbclassic @1.0.0 (python, devel)
NBClassic runs the Jupyter Notebook frontend on the Jupyter Server backend.

py312-paho-mqtt @2.1.0 (python)
MQTT version 3.1/3.1.1 client class

py312-pyproject_metadata @0.10.0 (python, devel)
Dataclass for PEP 621 metadata with support for core metadata generation

py312-pyviz_comms @3.0.6 (python, devel)
Offers a simple bidirectional communication architecture for PyViz tools including support for Jupyter comms in both the classic notebook and Jupyterlab.

py312-resolvelib @1.2.1 (python, devel)
ResolveLib at the highest level provides a Resolver class that includes dependency resolution logic.

py312-sarif-om @1.0.4 (python)
Classes implementing the SARIF 2.1.0 object model.

py312-scikit-build-core @0.11.6_1 (python, devel)
A bridge between Python package build systems and CMake (a rewrite of the classic Scikit-build).

py312-trove-classifiers @2026.1.14.14 (python)
Canonical source for classifiers on PyPI (pypi.org).

py312-uritools @5.0.0 (python)
URI parsing, classification and composition

py313-annotated-doc @0.0.4 (python, devel)
Provides document parameters, class attributes, return types, and variables inline, with Annotated

py313-cached-property @1.5.2 (python, devel)
A decorator for caching properties in classes

py313-ctypeslib2 @2.3.4 (python)
Generate python ctypes classes from C headers.

py313-dacite @1.8.1 (python)
Simple creation of data classes from dictionaries.

py313-deprecated @1.3.1 (python)
Python @deprecated decorator to deprecate old python classes, functions or methods.

py313-elastic-transport @9.1.0 (python)
Transport classes/utilities for Elastic client libraries

py313-itemadapter @0.13.1 (python)
Common interface for data container classes

py313-jaraco.classes @3.4.0 (python)
Utility functions for Python class constructs

py313-jschema_to_python @1.2.3 (python)
Generate source code for Python classes from a JSON schema.

py313-mapclassify @2.10.0 (python, gis)
Classification Schemes for Choropleth Maps

py313-paho-mqtt @2.1.0 (python)
MQTT version 3.1/3.1.1 client class

py313-pyproject_metadata @0.10.0 (python, devel)
Dataclass for PEP 621 metadata with support for core metadata generation

py313-pyviz_comms @3.0.6 (python, devel)
Offers a simple bidirectional communication architecture for PyViz tools including support for Jupyter comms in both the classic notebook and Jupyterlab.

py313-resolvelib @1.2.1 (python, devel)
ResolveLib at the highest level provides a Resolver class that includes dependency resolution logic.

py313-sarif-om @1.0.4 (python)
Classes implementing the SARIF 2.1.0 object model.

py313-scikit-build-core @0.11.6_1 (python, devel)
A bridge between Python package build systems and CMake (a rewrite of the classic Scikit-build).

py313-trove-classifiers @2026.1.14.14 (python)
Canonical source for classifiers on PyPI (pypi.org).

py313-uritools @5.0.0 (python)
URI parsing, classification and composition

py313-usadel1 @0.1 (python, science)
Quasiclassical equations on a 1D network

py314-annotated-doc @0.0.4 (python, devel)
Provides document parameters, class attributes, return types, and variables inline, with Annotated

py314-deprecated @1.3.1 (python)
Python @deprecated decorator to deprecate old python classes, functions or methods.

py314-eli5 @0.16.0 (python, math)
A library for debugging/inspecting machine learning classifiers and explaining their predictions

py314-itemadapter @0.13.1 (python)
Common interface for data container classes

py314-jaraco.classes @3.4.0 (python)
Utility functions for Python class constructs

py314-jschema_to_python @1.2.3 (python)
Generate source code for Python classes from a JSON schema.

py314-pyproject_metadata @0.10.0 (python, devel)
Dataclass for PEP 621 metadata with support for core metadata generation

py314-pyviz_comms @3.0.6 (python, devel)
Offers a simple bidirectional communication architecture for PyViz tools including support for Jupyter comms in both the classic notebook and Jupyterlab.

py314-resolvelib @1.2.1 (python, devel)
ResolveLib at the highest level provides a Resolver class that includes dependency resolution logic.

py314-sarif-om @1.0.4 (python)
Classes implementing the SARIF 2.1.0 object model.

py314-scikit-build-core @0.11.6_1 (python, devel)
A bridge between Python package build systems and CMake (a rewrite of the classic Scikit-build).

py314-trove-classifiers @2026.1.14.14 (python)
Canonical source for classifiers on PyPI (pypi.org).

pystring @1.1.4 (devel)
a collection of C++ functions which match the interface and behavior of python's string class methods

qtutilities @6.0.2 (devel)
Common Qt related C++ classes and routines such as dialogs, widgets and models.

R-arulesCBA @1.2.7 (R, science)
Classification based on association rules

R-AUC @0.3.2_1 (R, science, math)
Threshold-independent performance measures for probabilistic classifiers

R-basemodels @1.1.0_1 (R, science, math)
Baseline models for classification and regression

R-betafunctions @1.9.0_1 (R, science, math)
Functions for working with two- and four-parameter Beta probability distributions and psychometric analysis of classifications

R-binda @1.0.4_2 (R, science, math)
Multi-class discriminant analysis using binary predictors

R-bit @4.5.0 (R, science, devel)
Classes and methods for fast memory-efficient boolean selections

R-bit64 @4.5.2 (R, science, devel)
S3 class for vectors of 64-bit integers

R-blob @1.2.4.9006 (R, science)
Simple S3 class for representing vectors of binary data

R-bnclassify @0.4.8_1 (R, science)
Learning discrete Bayesian network classifiers from data

R-caret @7.0-1 (R, science)
Classification and Regression Training

R-cbass @0.1_1 (R, science, math)
Multiclass Classification version of Bayesian Adaptive Smoothing Splines (CBASS)

R-checker @0.1.3_1 (R, science, sysutils)
Check R configuration is set up correctly before class

R-class @7.3-22_1 (R, science)
Various functions for classification

R-classGraph @0.7-6_1 (R, science)
Construct graphs of S4 class hierarchies

R-classInt @0.4-10_1 (R, science)
Choose univariate class intervals

R-cleanrmd @0.1.1_1 (R, science)
Collection of clean R Markdown HTML document templates using classy-looking classless CSS styles

R-CORElearn @1.57.3_1 (R, science, math)
Classification, regression and feature evaluation

R-cpfa @1.1-6 (R, science)
Classification with Parallel Factor Analysis

R-CpGFilter @1.1_1 (R, science, math)
CpG filtering method based on intra-class correlation coefficients

R-dann @1.0.0_1 (R, science, math)
Discriminant-Adaptive Nearest Neighbor classification

R-ddalpha @1.3.16 (R, science)
Depth-based classification and calculation of data depth

R-discretization @1.0-1.1_1 (R, science)
Data preprocessing, discretization for classification

R-distrEllipse @2.8.3 (R, science, math)
Estimation and testing classes based on package R-distr

R-distrMod @2.9.6 (R, science, math)
Implements S4 classes for probability models based on packages R-distr and R-distrEx

R-distrRmetrics @2.8.2_1 (R, science, math)
Distribution classes for distributions from Rmetrics

R-distrSim @2.8.3 (R, science, math)
S4-classes for setting up a coherent framework for simulation within the R-distr family of packages

R-distrTEst @2.8.2_1 (R, science, math)
Estimation and testing classes based on package R-distr

R-DTSg @1.1.3_1 (R, science)
Class for working with time series data based on data.table and R6 with largely optional reference semantics

R-evclass @2.0.2_1 (R, science, math)
Evidential distance-based classification

R-FHtest @1.5.1_1 (R, science)
Tests for right and interval-censored survival data based on the Fleming–Harrington class

R-fICA @1.1-2_2 (R, science, math)
Classical, reloaded and adaptive FastICA algorithms

R-filematrix @1.3_1 (R, science, devel)
File-backed matrix class with convenient read and write access

R-frbs @3.2-0_2 (R, science)
Fuzzy Rule-Based Systems for classification and regression tasks

R-funData @1.3-9_1 (R, science)
S4 class for functional data

R-FuzzyClass @0.1.6_1 (R, science, math)
Fuzzy and non-fuzzy classifiers

R-gamclass @0.62.5_1 (R, science)
Functions and data for a course on modern regression and classification

R-Gammareg @3.0.1_1 (R, science, math)
Classic Gamma regression: joint modelling of mean and shape parameters

R-gdalBindings @0.1.17_5 (R, science, gis)
GDAL classes wrapper for reading and writing raster blocks

R-glca @1.4.2 (R, science)
R Package for multiple-group latent class analysis

R-goftest @1.2-3_2 (R, science, math)
Classical goodness-of-fit tests for univariate distributions

R-hmeasure @1.0-2_1 (R, science)
H-measure and other scalar classification performance metrics

R-hms @1.1.3.9011_1 (R, science)
A simple class for storing time-of-day values

R-imptree @0.5.1_1 (R, science, math)
Classification trees with imprecise probabilities

R-influential @2.2.9_1 (R, science, math)
Identification and classification of the most influential nodes

R-InteractionSet @1.32.0 (R, science, bioconductor)
Base classes for storing genomic interaction data

R-JacobiEigen @0.3-4_1 (R, science, math)
Classical Jacobi eigenvalue algorithm

R-kgrams @0.2.1 (R, science, textproc)
Classical k-gram language models

R-klaR @1.7-3_1 (R, science)
Classification and visualization

R-lagged @0.3.2_2 (R, science)
Classes and methods for lagged objects

R-lcmm @2.1.0_1 (R, science, math)
Extended mixed models using latent classes and latent processes

R-lcra @1.1.5_1 (R, science, math)
Bayesian joint latent class and regression models

R-magclass @6.13.2_1 (R, science, gis)
Data class and tools for handling spatiotemporal data

R-Matrix @1.7-1 (R, science, math)
Sparse and dense matrix classes and methods

R-MatrixExtra @0.1.15_1 (R, science, math)
Methods and operators for the sparse matrix classes

R-mclust @6.1.1 (R, science, math)
Gaussian mixture modelling for model-based clustering, classification and density estimation

R-MixGHD @2.3.7_1 (R, science, math)
Model-based clustering, classification and discriminant analysis

R-mixSPE @0.9.2_1 (R, science, math)
Mixtures of power exponential and skew power exponential distributions for use in model-based clustering and classification

R-mixture @2.1.1_3 (R, science, math)
Mixture models for clustering and classification

R-mlapi @0.1.1_2 (R, science, devel)
Abstract classes for building scikit-learn-ike API

R-modeltools @0.2-23_2 (R, science, math)
Tools and classes for statistical models

R-MultiLCIRT @2.11_1 (R, science, math)
Multidimensional Latent Class Item Response Theory models

R-neighbr @1.0.3_1 (R, science)
Classification, regression, clustering with k-nearest neighbors

R-network @1.19.0 (R, science)
Classes for relational data

R-noisemodel @1.0.2_1 (R, science)
Noise models for classification datasets

R-nor1mix @1.3-3_1 (R, science, math)
Gaussian mixture models (S3 classes and methods)

R-npcs @0.1.1_1 (R, science, math)
Neyman–Pearson classification via cost-sensitive learning

R-ODRF @0.0.4_1 (R, science, math)
Oblique decision random forest for classification and regression

R-ooplah @0.2.0_2 (R, science, devel)
Helper functions for class object-oriented programming in R with an emphasis on R6

R-ordinalClust @1.3.5_1 (R, science, math)
Ordinal data clustering, co-clustering and classification

R-pcLasso @1.2_1 (R, science, math)
Principal Components Lasso

R-poLCA @1.6.0.1_2 (R, science, math)
Polytomous Variable Latent Class Analysis

R-polynom @1.4-1_2 (R, science, math)
Collection of functions to implement a class for univariate polynomial manipulations

R-probably @1.0.3_1 (R, science, math)
Tools for post-processing class probability estimates

R-profileModel @0.6.1_2 (R, science)
Profiling inference functions for various model classes

R-quanteda.textmodels @0.9.9 (R, science, textproc)
Scaling models and classifiers for textual data

R-R6causal @0.8.3_1 (R, science, math)
R6 class for structural causal models

R-R6DS @1.2.0_1 (R, science, devel)
R6 reference class-based data structures

R-r6extended @0.1.2_1 (R, science, devel)
Extension for R6 base class

R-r6methods @0.1.0_1 (R, science, devel)
Add methods to R6 class definition

R-randomForest @4.7-1.2 (R, science, math)
Breiman and Cutler’s Random Forests for classification and regression

R-randomForestSRC @3.3.1 (R, science, math)
Fast unified random forests for survival, regression and classification (RF-SRC)

R-randomLCA @1.1-4 (R, science, math)
Random effects latent class analysis

R-RandVar @1.2.4 (R, science, math)
Implements random variables by means of S4 classes and methods

R-rasclass @0.2.2_1 (R, science)
Supervised raster image classification

R-rbooster @1.1.0_1 (R, science)
AdaBoost framework for any classifier

R-rcccd @0.3.2_1 (R, science, math)
Class cover catch digraph classification

R-RcppClassic @0.9.13_2 (R, science, devel)
Deprecated classic Rcpp API

R-RcppClassicExamples @0.1.3_1 (R, science, devel)
Examples using RcppClassic to interface R and C++

R-rebmix @2.16.0 (R, science, math)
Finite mixture modelling, clustering and classification

R-reqres @0.2.5_2 (R, science)
Powerful classes for HTTP requests and responses

R-rFerns @5.0.0_1 (R, science)
Random Ferns classifier

R-RInside @0.2.18_3 (R, science, devel)
C++ classes to embed R in C++ (and C) applications

R-Rlab @4.0_1 (R, science)
Functions and datasets required for ST370 class

R-RLT @3.2.6_1 (R, science, math)
Random forest with a variety of additional features for regression, classification and survival analysis

R-Rmixmod @2.1.10_1 (R, science, math)
Classification with mixture modelling

R-rocc @1.3_1 (R, science)
ROC-based classification

R-ROCR @1.0-11_2 (R, science)
Visualizing the performance of scoring classifiers

R-rODE @0.99.6_1 (R, science, math)
Ordinary differential equation (ODE) solvers written in R using S4 classes

R-RSSL @0.9.7_1 (R, science, math)
Implementations of semi-supervised learning approaches for classification

R-rstack @1.0.1_1 (R, science, devel)
Stack data type as an R6 class

R-sftime @0.3.0 (R, science)
Classes and methods for simple feature objects that have a time column

R-sftrack @0.5.4 (R, science)
Modern classes for tracking and movement data

R-SingleCellExperiment @1.26.0 (R, science, bioconductor)
S4 classes for single-cell data

R-SKNN @4.0 (R, science, math)
Super K-Nearest Neighbor (SKNN) classification algorithm

R-smotefamily @1.4.0_1 (R, science, math)
Collection of oversampling techniques for class imbalance problem based on SMOTE

R-sp @2.1-4 (R, science, gis)
Classes and methods for spatial data

R-spacetime @1.3-2 (R, science)
Classes and methods for spatio-temporal data

R-SpatialGraph @1.0-4_1 (R, science, math)
SpatialGraph class

R-splines2 @0.5.3_1 (R, science, math)
Regression spline functions and classes

R-spls @2.2-3_1 (R, science, math)
Sparse partial least squares (SPLS) regression and classification

R-SSLR @0.9.3.3_1 (R, science, math)
Semi-supervised classification, regression and clustering methods

R-teigen @2.2.2_1 (R, science, math)
Model-based clustering and classification with the multivariate t distribution

R-tf @0.3.4 (R, science)
S3 classes and methods for tidy functional data

R-trajectories @0.2-9 (R, science)
Classes and methods for trajectory data

R-tree @1.0-44 (R, science, math)
Classification and regression trees

R-treeio @1.28.0 (R, science, bioconductor)
Base classes and functions for phylogenetic tree input and output

R-tsbox @0.4.2 (R, science, math)
Class-agnostic time series in R

R-uclust @1.0.0_2 (R, science, math)
Clustering and classification inference with u-statistics

R-vscc @0.7_1 (R, science, math)
Variable Selection for Clustering and Classification

rb-actionmailer @2.2.2 (ruby, devel)
Simplifies the creation of mail service classes.

rb-activesupport @2.2.2 (ruby, devel)
Ruby utility classes and extension to the standard library.

rb-colorize @1.1.0 (ruby)
Ruby string class extension

rb-hashie @5.0.0 (ruby, devel)
Hashie is a collection of classes and mixins that make hashes more powerful

rb-launchy @2.5.2 (ruby, devel)
Cross-platform application launcher class

rb-matrix @0.4.2 (ruby)
Implementation of Matrix and Vector classes

rb-naught @1.1.0 (ruby, devel)
Toolkit for building Null Object classes

rb-numo-narray @0.9.2.1_1 (ruby, math)
New NArray class library

rb-packable @1.3.18 (ruby)
This library monkeypatches core classes and wa designed for Ruby 1.8 & 1.9

rb-pluginfactory @1.0.8 (ruby, devel)
Mixin for making dynamically-loadable plugin classes

rb-product @1.0.0 (ruby)
Direct product class for enumerables

rb-slave @1.2.1 (ruby)
Ruby class to fork processes and starting a DRb server.

rb-stringio @3.1.2 (ruby, devel)
Pseudo-IO class from/to string

rb-xml-xpath @0.4.0 (ruby, textproc)
A simple XPath class for Ruby

rb-xslt @0.9.9 (ruby)
A Ruby class for processing XSLT

rb19-main @4.2.0 (ruby)
Class factory and DSL for generating command line programs

rb19-rainbow @1.1 (ruby)
Rainbow extends ruby String class adding methods to wrap the string with ANSI escape codes

rb19-sinatra @1.0 (ruby, www)
Classy web-development dressed in a DSL

rb30-colorize @1.1.0 (ruby)
Ruby string class extension

rb30-matrix @0.4.2 (ruby)
Implementation of Matrix and Vector classes

rb30-packable @1.3.18 (ruby)
This library monkeypatches core classes and wa designed for Ruby 1.8 & 1.9

rb31-colorize @1.1.0 (ruby)
Ruby string class extension

rb31-hashie @5.0.0 (ruby, devel)
Hashie is a collection of classes and mixins that make hashes more powerful

rb31-launchy @2.5.2 (ruby, devel)
Cross-platform application launcher class

rb31-naught @1.1.0 (ruby, devel)
Toolkit for building Null Object classes

rb31-numo-narray @0.9.2.1_1 (ruby, math)
New NArray class library

rb31-packable @1.3.18 (ruby)
This library monkeypatches core classes and wa designed for Ruby 1.8 & 1.9

rb31-stringio @3.1.2 (ruby, devel)
Pseudo-IO class from/to string

rb32-colorize @1.1.0 (ruby)
Ruby string class extension

rb32-hashie @5.0.0 (ruby, devel)
Hashie is a collection of classes and mixins that make hashes more powerful

rb32-launchy @2.5.2 (ruby, devel)
Cross-platform application launcher class

rb32-naught @1.1.0 (ruby, devel)
Toolkit for building Null Object classes

rb32-numo-narray @0.9.2.1_1 (ruby, math)
New NArray class library

rb32-packable @1.3.18 (ruby)
This library monkeypatches core classes and wa designed for Ruby 1.8 & 1.9

rb32-stringio @3.1.2 (ruby, devel)
Pseudo-IO class from/to string

rb33-colorize @1.1.0 (ruby)
Ruby string class extension

rb33-hashie @5.0.0 (ruby, devel)
Hashie is a collection of classes and mixins that make hashes more powerful

rb33-launchy @2.5.2 (ruby, devel)
Cross-platform application launcher class

rb33-naught @1.1.0 (ruby, devel)
Toolkit for building Null Object classes

rb33-numo-narray @0.9.2.1_1 (ruby, math)
New NArray class library

rb33-packable @1.3.18 (ruby)
This library monkeypatches core classes and wa designed for Ruby 1.8 & 1.9

rb33-stringio @3.1.2 (ruby, devel)
Pseudo-IO class from/to string

resource_dasm @2023.03.15 (devel)
Tools for reverse-engineering classic Mac OS applications and games.

rtaudio @5.2.0 (audio)
A set of C++ classes that provide a common API for realtime audio input/output

rtmidi @6.0.0 (audio)
A set of C++ classes that provide a common API for realtime MIDI input/output across Linux (ALSA & JACK), Macintosh OS X (CoreMIDI) and Windows (Multimedia)

sdl_sopwith @2.9.0 (games)
Classic biplane shooter

smooth @0.9.8 (aqua)
smooth is a class library for user interfaces written in C++

socketxx @1.12.12_2 (devel)
a family of C++ classes that gives the same interface as the iostream classes for input and output for communication between processes

stk @5.0.1 (audio)
open source audio signal processing and algorithmic synthesis classes

supertux @0.6.3_2 (games)
classic 2D jump'n run sidescroller game

tclcl @1.16_1 (lang)
TclCL (Tcl with classes)

udis86 @1.7.2 (devel)
Udis86 is a disassembler engine that interprets and decodes a stream of binary machine code bytes as opcodes defined in the x86 and x86-64 class of Instruction Set Architectures.

viewres @1.0.7 (x11, graphics)
Graphical class browser for Xt

wren @0.4.0 (lang)
Wren is a small, fast, class-based concurrent scripting language.

xbase @3.1.2_2 (databases, devel)
XBase compatible C++ class library

xsp @4.5 (devel, www, mono)
a small web server that hosts the Mono System.Web classes

yara @4.5.5 (security)
Malware identification and classification tool

Found 1030 ports.
