appstream @1.0.3 (gnome, devel)
Machine-readable software metadata for desktop environments

appstream-glib @0.8.3_1 (devel)
This library provides objects and helper methods to help reading and writing AppStream metadata.

audacious @4.5.1 (audio)
Meta port for audacious-core and audacious-plugins. Please check the variants on both audacious-core and audacious-plugins.

avt @0.2 (science)
Aviation Tools (metar, taf, decode airline, geo info)

baloo @4.14.3_3 (kde, kde4)
Baloo is a metadata and search framework for KDE.

baloo-widgets @4.14.3_3 (kde, kde4)
Baloo is a metadata and search framework for KDE.

ccls @0.20241108 (devel)
C/C++/ObjC language server supporting cross references, hierarchies, completion and semantic highlighting (meta port)

cl-metabang-bind @20230508 (lisp, devel)
bind is let and much much more

cl-metacopy @20230812 (lisp, devel)
flexibly shallow/deep copying library for Common Lisp

cl-metatilities @20170330_1 (lisp, devel)
These are metabang.com's Common Lisp basic utilities

cl-metatilities-base @20191219 (lisp, devel)
These are metabang.com's Common Lisp basic utilities

d3dmetal @3.0 (devel)
Direct3D to Metal translation layer

deark @1.7.1 (archivers)
A utility for file format and metadata analysis, data extraction, decompression, and image format decoding

digital_rf @2.6.1_17 (science)
Read, write, and interact with data in the Digital RF and Digital Metadata formats.

exiftool @13.490.0 (perl)
exiftool - General command line utility to read, write and edit EXIF metadata

exiv2 @0.27.6 (graphics)
EXIF and IPTC metadata manipulation library and tools

folks @0.14.0 (gnome, comms)
A library that aggregates people from multiple sources to create metacontacts.

gn @2234 (devel)
Gn meta build framework – standalone version

gn-devel @20200529_1 (devel)
meta-build system for Ninja

gnustep @0.18.1 (gnustep)
GNUstep meta port

gutils-suite @1.1_3 (sysutils)
Meta port encompassing the GNU utils suite, plus other useful ports

gutils-suite-base @1.1_3 (sysutils)
Meta port encompassing the GNU utils suite, plus other useful ports

gutils-suite-core @1.1_3 (sysutils)
Meta port encompassing the GNU utils suite, plus other useful ports

gutils-suite-extra @1.1_3 (sysutils)
Meta port encompassing the GNU utils suite, plus other useful ports

igtf-ca-bundle @1.106 (security, net)
The IGTF trusted certificates and metadata

iTunesMatchHelper @0.1a (aqua)
Fixes missing metadata for songs that iTunes has matched

kcm-baloo-advanced @20141008_3 (kde, kde4)
Library for extracting file metadata

kdeadmin @4.14.3_2 (kde, kde4)
KDE4 admin tools - Meta package

kdebindings4 @4.14.3 (kde, kde4)
Scripting bindings packages for KDE - Meta package

kdegraphics4 @4.14.3_1 (kde, kde4)
KDE4 graphics applications - Meta package

kdemultimedia4 @4.14.3 (kde, kde4)
KDE4 multimedia applications - Meta package

kdenetwork4 @4.14.3 (kde, kde4, net)
KDE4 networking applications -- Meta package

kdesdk4 @4.14.3 (kde, kde4)
Utilities to ease development with the KDE4 platform -- Meta package

kdeutils4 @4.14.3 (kde, kde4)
Useful utilities provided by KDE4 - Meta package.

kfilemetadata @4.14.3_10 (kde, kde4)
Library for extracting file metadata

lalmetaio @4.0.5 (science)
LSC Algorithm Library - MetaIO

ldas-tools @20161022 (science)
Suite of LDAS tools meta-port

libebml @1.4.5 (textproc)
EBML (Extensible Binary Meta Language), sort of binary version of XML.

libemf @1.0.8 (graphics)
Enhanced Metafile Library

libextractor @1.13_1 (devel)
A library for extraction af meta-data.

libmetalink @0.1.3 (net, devel)
libmetalink is a library for reading Metalink XML download description files.

libsigmf @20201115-8623f04c_1 (science, comms)
a header-only C++ library for working with SigMF metadata

libwmf @0.2.8.4_9 (graphics, fonts)
Library for converting WMF (Window Metafile Format) files

lscsoft-deps @20200805_8 (science)
LSCSoft dependencies meta-port

lua-metalua-parser @0.7.3 (lua, devel)
Define and generate an AST format for Lua programs

lua51-metalua-parser @0.7.3 (lua, devel)
Define and generate an AST format for Lua programs

lua52-metalua-parser @0.7.3 (lua, devel)
Define and generate an AST format for Lua programs

lua53-metalua-parser @0.7.3 (lua, devel)
Define and generate an AST format for Lua programs

lua54-metalua-parser @0.7.3 (lua, devel)
Define and generate an AST format for Lua programs

luametatex @2.11.07 (tex)
LuaMetaTeX engine for ConTeXt

mat2 @0.13.5 (multimedia, python)
metadata removal tool

metabase @0.57.7 (databases, java)
Metabase is an open-source business intelligence platform. You can use Metabase to ask questions about your data, or embed Metabase in your app to let your customers explore their data on their own.

metacity @3.52.0 (gnome, x11-wm)
A window manager for the adult in you.

metaio @8.5.1 (science)
LIGO Light-Weight XML Library

metakit @2.4.9.8 (databases)
an efficient embedded database library with a small footprint

metalnanovg @20190710 (graphics)
Metal port of NanoVG

metapixel @1.0.2_6 (graphics)
A Photomosaic Generator

metaproxy @1.22.1 (net, databases, devel)
Z39.50 proxy and router utilizing Yaz toolkit.

metar @0.2_4 (science)
a simple command line metar and taf.

metasploit2 @2.7_6 (security)
Tools and information for security research and pentesting

metasploit3 @3.0_4 (security)
Tools and information for security research and pentesting

mihomo @1.19.19 (net)
Another rule-based tunnel in Go, formerly known as ClashMeta

mingw-w64 @13.0.0 (cross, devel)
GCC cross-compiler toolchain for Windows 64 & 32 bits (meta port)

mktorrent @1.1 (net)
mktorrent is a simple command line utility to create BitTorrent metainfo files.

MoltenVK @1.4.1 (graphics)
an implementation of Vulkan for Metal

MoltenVK-1.0.41 @1.0.41_2 (graphics)
an implementation of Vulkan for Metal

MoltenVK-1.1.9 @1.1.9_3 (graphics)
an implementation of Vulkan for Metal

MoltenVK-latest @1.4.1 (graphics)
an implementation of Vulkan for Metal

musikcube @3.0.4_1 (multimedia, audio)
A cross-platform, terminal-based music player, audio engine, metadata indexer and server in C++

nanogui @20200404-21e5cbc8_1 (graphics)
minimalistic C++/Python GUI library for OpenGL, GLES2/3, Metal, and WebAssembly/WebGL

octave-lalmetaio @4.0.5 (science, octave)
Octave 3.12 bindings for LSC Algorithm Library - MetaIO

osxphotos @0.75.1 (graphics, python)
Export photos from Apple's macOS Photos app and query the Photos library database to access metadata about images.

p5-audio-flac-header @2.400.0_5 (perl)
Interface to FLAC header metadata

p5-cpan-meta @2.150.12 (perl)
CPAN::Meta - the distribution metadata for a CPAN dist

p5-cpan-meta-check @0.18.0 (perl)
CPAN::Meta::Check - Verify requirements in a CPAN::Meta object

p5-cpan-meta-requirements @2.143.0 (perl)
a set of version requirements for a CPAN dist

p5-cpan-meta-yaml @0.20.0 (perl)
CPAN::Meta::YAML - Read and write a subset of YAML for CPAN Meta files

p5-cpan-requirements-dynamic @0.2.0 (perl)
CPAN::Requirements::Dynamic - Dynamic prerequisites in meta files

p5-dist-zilla-plugin-authority @1.9.0 (perl)
Dist::Zilla::Plugin::Authority - Add the AUTHORITY variable and metadata to your distribution

p5-dist-zilla-plugin-autometaresources @1.210.0 (perl)
Dist::Zilla::Plugin::AutoMetaResources - Automagical MetaResources

p5-dist-zilla-plugin-checkmetaresources @0.1.0 (perl)
Dist::Zilla::Plugin::CheckMetaResources - Ensure META includes resources

p5-dist-zilla-plugin-githubmeta @0.580.0 (perl)
Dist::Zilla::Plugin::GithubMeta - Automatically include GitHub meta information in META.yml

p5-dist-zilla-plugin-keywords @0.7.0 (perl)
Dist::Zilla::Plugin::Keywords - Add keywords to metadata in your distribution

p5-dist-zilla-plugin-metamergefile @0.5.0 (perl)
Dist::Zilla::Plugin::MetaMergeFile - Add arbitrary metadata using a mergefile

p5-dist-zilla-plugin-metaprovides @2.2.4 (perl)
Dist::Zilla::Plugin::MetaProvides - Generating and Populating 'provides' in your META.yml

p5-dist-zilla-plugin-metaprovides-package @2.4.3 (perl)
Dist::Zilla::Plugin::MetaProvides::Package - Extract namespaces/version from traditional packages for provides

p5-dist-zilla-plugin-prereqs-authordeps @0.7.0 (perl)
Dist::Zilla::Plugin::Prereqs::AuthorDeps - Add Dist::Zilla authordeps to META files as develop prereqs

p5-dist-zilla-role-modulemetadata @0.6.0 (perl)
Dist::Zilla::Role::ModuleMetadata - A role for plugins that use Module::Metadata

p5-image-exiftool @13.490.0 (perl)
Image::Exiftool - a set of Perl modules to read and write meta information in a wide variety of image, audio, video and document files.

p5-image-info @1.450.0 (perl, graphics)
Image::Info - Extract meta information from image files

p5-image-metadata-jpeg @0.159.0 (perl, graphics)
Access to and modification of JPEG meta-data

p5-meta @0.15.0 (perl)
meta - meta-programming API

p5-metacpan-client @2.38.0 (perl)
MetaCPAN::Client - A comprehensive, DWIM-featured client to the MetaCPAN API

p5-module-metadata @1.0.38 (perl)
Gather package and POD information from perl module files

p5-moosex-meta-typeconstraint-mooish @0.1.0 (perl)
MooseX::Meta::TypeConstraint::Mooish - Translate Moo-style constraints to Moose-style

p5-moosex-traitfor-meta-class-betteranonclassnames @0.2.3 (perl)
MooseX::TraitFor::Meta::Class::BetterAnonClassNames - Metaclass trait to *attempt* to demystify generated anonymous class names

p5-syntax-operator-in @0.100.0 (perl)
Syntax::Operator::In - infix element-of-list meta-operator

p5-test-cpan-meta @0.250.0 (perl)
Validate your CPAN META.yml files

p5-test-cpan-meta-json @0.160.0 (perl)
Test::CPAN::Meta::JSON - Validate a META.json file within a CPAN distribution.

p5-test-cpan-meta-yaml @0.250.0 (perl)
Test::CPAN::Meta::YAML - Validate a META.yml file within a CPAN distribution.

p5.28-audio-flac-header @2.400.0_5 (perl)
Interface to FLAC header metadata

p5.28-cpan-meta @2.150.12 (perl)
CPAN::Meta - the distribution metadata for a CPAN dist

p5.28-cpan-meta-check @0.18.0 (perl)
CPAN::Meta::Check - Verify requirements in a CPAN::Meta object

p5.28-cpan-meta-requirements @2.143.0 (perl)
a set of version requirements for a CPAN dist

p5.28-cpan-meta-yaml @0.20.0 (perl)
CPAN::Meta::YAML - Read and write a subset of YAML for CPAN Meta files

p5.28-cpan-requirements-dynamic @0.2.0 (perl)
CPAN::Requirements::Dynamic - Dynamic prerequisites in meta files

p5.28-dist-zilla-plugin-authority @1.9.0 (perl)
Dist::Zilla::Plugin::Authority - Add the AUTHORITY variable and metadata to your distribution

p5.28-dist-zilla-plugin-autometaresources @1.210.0 (perl)
Dist::Zilla::Plugin::AutoMetaResources - Automagical MetaResources

p5.28-dist-zilla-plugin-checkmetaresources @0.1.0 (perl)
Dist::Zilla::Plugin::CheckMetaResources - Ensure META includes resources

p5.28-dist-zilla-plugin-githubmeta @0.580.0 (perl)
Dist::Zilla::Plugin::GithubMeta - Automatically include GitHub meta information in META.yml

p5.28-dist-zilla-plugin-keywords @0.7.0 (perl)
Dist::Zilla::Plugin::Keywords - Add keywords to metadata in your distribution

p5.28-dist-zilla-plugin-metamergefile @0.5.0 (perl)
Dist::Zilla::Plugin::MetaMergeFile - Add arbitrary metadata using a mergefile

p5.28-dist-zilla-plugin-metaprovides @2.2.4 (perl)
Dist::Zilla::Plugin::MetaProvides - Generating and Populating 'provides' in your META.yml

p5.28-dist-zilla-plugin-metaprovides-package @2.4.3 (perl)
Dist::Zilla::Plugin::MetaProvides::Package - Extract namespaces/version from traditional packages for provides

p5.28-dist-zilla-plugin-prereqs-authordeps @0.7.0 (perl)
Dist::Zilla::Plugin::Prereqs::AuthorDeps - Add Dist::Zilla authordeps to META files as develop prereqs

p5.28-dist-zilla-role-modulemetadata @0.6.0 (perl)
Dist::Zilla::Role::ModuleMetadata - A role for plugins that use Module::Metadata

p5.28-image-exiftool @13.490.0 (perl)
Image::Exiftool - a set of Perl modules to read and write meta information in a wide variety of image, audio, video and document files.

p5.28-image-info @1.450.0 (perl, graphics)
Image::Info - Extract meta information from image files

p5.28-image-metadata-jpeg @0.159.0 (perl, graphics)
Access to and modification of JPEG meta-data

p5.28-meta @0.15.0 (perl)
meta - meta-programming API

p5.28-metacpan-client @2.38.0 (perl)
MetaCPAN::Client - A comprehensive, DWIM-featured client to the MetaCPAN API

p5.28-module-metadata @1.0.38 (perl)
Gather package and POD information from perl module files

p5.28-moosex-meta-typeconstraint-mooish @0.1.0 (perl)
MooseX::Meta::TypeConstraint::Mooish - Translate Moo-style constraints to Moose-style

p5.28-moosex-traitfor-meta-class-betteranonclassnames @0.2.3 (perl)
MooseX::TraitFor::Meta::Class::BetterAnonClassNames - Metaclass trait to *attempt* to demystify generated anonymous class names

p5.28-syntax-operator-in @0.100.0 (perl)
Syntax::Operator::In - infix element-of-list meta-operator

p5.28-test-cpan-meta @0.250.0 (perl)
Validate your CPAN META.yml files

p5.28-test-cpan-meta-json @0.160.0 (perl)
Test::CPAN::Meta::JSON - Validate a META.json file within a CPAN distribution.

p5.28-test-cpan-meta-yaml @0.250.0 (perl)
Test::CPAN::Meta::YAML - Validate a META.yml file within a CPAN distribution.

p5.30-audio-flac-header @2.400.0_5 (perl)
Interface to FLAC header metadata

p5.30-cpan-meta @2.150.12 (perl)
CPAN::Meta - the distribution metadata for a CPAN dist

p5.30-cpan-meta-check @0.18.0 (perl)
CPAN::Meta::Check - Verify requirements in a CPAN::Meta object

p5.30-cpan-meta-requirements @2.143.0 (perl)
a set of version requirements for a CPAN dist

p5.30-cpan-meta-yaml @0.20.0 (perl)
CPAN::Meta::YAML - Read and write a subset of YAML for CPAN Meta files

p5.30-cpan-requirements-dynamic @0.2.0 (perl)
CPAN::Requirements::Dynamic - Dynamic prerequisites in meta files

p5.30-dist-zilla-plugin-authority @1.9.0 (perl)
Dist::Zilla::Plugin::Authority - Add the AUTHORITY variable and metadata to your distribution

p5.30-dist-zilla-plugin-autometaresources @1.210.0 (perl)
Dist::Zilla::Plugin::AutoMetaResources - Automagical MetaResources

p5.30-dist-zilla-plugin-checkmetaresources @0.1.0 (perl)
Dist::Zilla::Plugin::CheckMetaResources - Ensure META includes resources

p5.30-dist-zilla-plugin-githubmeta @0.580.0 (perl)
Dist::Zilla::Plugin::GithubMeta - Automatically include GitHub meta information in META.yml

p5.30-dist-zilla-plugin-keywords @0.7.0 (perl)
Dist::Zilla::Plugin::Keywords - Add keywords to metadata in your distribution

p5.30-dist-zilla-plugin-metamergefile @0.5.0 (perl)
Dist::Zilla::Plugin::MetaMergeFile - Add arbitrary metadata using a mergefile

p5.30-dist-zilla-plugin-metaprovides @2.2.4 (perl)
Dist::Zilla::Plugin::MetaProvides - Generating and Populating 'provides' in your META.yml

p5.30-dist-zilla-plugin-metaprovides-package @2.4.3 (perl)
Dist::Zilla::Plugin::MetaProvides::Package - Extract namespaces/version from traditional packages for provides

p5.30-dist-zilla-plugin-prereqs-authordeps @0.7.0 (perl)
Dist::Zilla::Plugin::Prereqs::AuthorDeps - Add Dist::Zilla authordeps to META files as develop prereqs

p5.30-dist-zilla-role-modulemetadata @0.6.0 (perl)
Dist::Zilla::Role::ModuleMetadata - A role for plugins that use Module::Metadata

p5.30-image-exiftool @13.490.0 (perl)
Image::Exiftool - a set of Perl modules to read and write meta information in a wide variety of image, audio, video and document files.

p5.30-image-info @1.450.0 (perl, graphics)
Image::Info - Extract meta information from image files

p5.30-image-metadata-jpeg @0.159.0 (perl, graphics)
Access to and modification of JPEG meta-data

p5.30-meta @0.15.0 (perl)
meta - meta-programming API

p5.30-metacpan-client @2.38.0 (perl)
MetaCPAN::Client - A comprehensive, DWIM-featured client to the MetaCPAN API

p5.30-module-metadata @1.0.38 (perl)
Gather package and POD information from perl module files

p5.30-moosex-meta-typeconstraint-mooish @0.1.0 (perl)
MooseX::Meta::TypeConstraint::Mooish - Translate Moo-style constraints to Moose-style

p5.30-moosex-traitfor-meta-class-betteranonclassnames @0.2.3 (perl)
MooseX::TraitFor::Meta::Class::BetterAnonClassNames - Metaclass trait to *attempt* to demystify generated anonymous class names

p5.30-syntax-operator-in @0.100.0 (perl)
Syntax::Operator::In - infix element-of-list meta-operator

p5.30-test-cpan-meta @0.250.0 (perl)
Validate your CPAN META.yml files

p5.30-test-cpan-meta-json @0.160.0 (perl)
Test::CPAN::Meta::JSON - Validate a META.json file within a CPAN distribution.

p5.30-test-cpan-meta-yaml @0.250.0 (perl)
Test::CPAN::Meta::YAML - Validate a META.yml file within a CPAN distribution.

p5.32-audio-flac-header @2.400.0_5 (perl)
Interface to FLAC header metadata

p5.32-cpan-meta @2.150.12 (perl)
CPAN::Meta - the distribution metadata for a CPAN dist

p5.32-cpan-meta-check @0.18.0 (perl)
CPAN::Meta::Check - Verify requirements in a CPAN::Meta object

p5.32-cpan-meta-requirements @2.143.0 (perl)
a set of version requirements for a CPAN dist

p5.32-cpan-meta-yaml @0.20.0 (perl)
CPAN::Meta::YAML - Read and write a subset of YAML for CPAN Meta files

p5.32-cpan-requirements-dynamic @0.2.0 (perl)
CPAN::Requirements::Dynamic - Dynamic prerequisites in meta files

p5.32-dist-zilla-plugin-authority @1.9.0 (perl)
Dist::Zilla::Plugin::Authority - Add the AUTHORITY variable and metadata to your distribution

p5.32-dist-zilla-plugin-autometaresources @1.210.0 (perl)
Dist::Zilla::Plugin::AutoMetaResources - Automagical MetaResources

p5.32-dist-zilla-plugin-checkmetaresources @0.1.0 (perl)
Dist::Zilla::Plugin::CheckMetaResources - Ensure META includes resources

p5.32-dist-zilla-plugin-githubmeta @0.580.0 (perl)
Dist::Zilla::Plugin::GithubMeta - Automatically include GitHub meta information in META.yml

p5.32-dist-zilla-plugin-keywords @0.7.0 (perl)
Dist::Zilla::Plugin::Keywords - Add keywords to metadata in your distribution

p5.32-dist-zilla-plugin-metamergefile @0.5.0 (perl)
Dist::Zilla::Plugin::MetaMergeFile - Add arbitrary metadata using a mergefile

p5.32-dist-zilla-plugin-metaprovides @2.2.4 (perl)
Dist::Zilla::Plugin::MetaProvides - Generating and Populating 'provides' in your META.yml

p5.32-dist-zilla-plugin-metaprovides-package @2.4.3 (perl)
Dist::Zilla::Plugin::MetaProvides::Package - Extract namespaces/version from traditional packages for provides

p5.32-dist-zilla-plugin-prereqs-authordeps @0.7.0 (perl)
Dist::Zilla::Plugin::Prereqs::AuthorDeps - Add Dist::Zilla authordeps to META files as develop prereqs

p5.32-dist-zilla-role-modulemetadata @0.6.0 (perl)
Dist::Zilla::Role::ModuleMetadata - A role for plugins that use Module::Metadata

p5.32-image-exiftool @13.490.0 (perl)
Image::Exiftool - a set of Perl modules to read and write meta information in a wide variety of image, audio, video and document files.

p5.32-image-info @1.450.0 (perl, graphics)
Image::Info - Extract meta information from image files

p5.32-image-metadata-jpeg @0.159.0 (perl, graphics)
Access to and modification of JPEG meta-data

p5.32-meta @0.15.0 (perl)
meta - meta-programming API

p5.32-metacpan-client @2.38.0 (perl)
MetaCPAN::Client - A comprehensive, DWIM-featured client to the MetaCPAN API

p5.32-module-metadata @1.0.38 (perl)
Gather package and POD information from perl module files

p5.32-moosex-meta-typeconstraint-mooish @0.1.0 (perl)
MooseX::Meta::TypeConstraint::Mooish - Translate Moo-style constraints to Moose-style

p5.32-moosex-traitfor-meta-class-betteranonclassnames @0.2.3 (perl)
MooseX::TraitFor::Meta::Class::BetterAnonClassNames - Metaclass trait to *attempt* to demystify generated anonymous class names

p5.32-syntax-operator-in @0.100.0 (perl)
Syntax::Operator::In - infix element-of-list meta-operator

p5.32-test-cpan-meta @0.250.0 (perl)
Validate your CPAN META.yml files

p5.32-test-cpan-meta-json @0.160.0 (perl)
Test::CPAN::Meta::JSON - Validate a META.json file within a CPAN distribution.

p5.32-test-cpan-meta-yaml @0.250.0 (perl)
Test::CPAN::Meta::YAML - Validate a META.yml file within a CPAN distribution.

p5.34-audio-flac-header @2.400.0_5 (perl)
Interface to FLAC header metadata

p5.34-cpan-meta @2.150.12 (perl)
CPAN::Meta - the distribution metadata for a CPAN dist

p5.34-cpan-meta-check @0.18.0 (perl)
CPAN::Meta::Check - Verify requirements in a CPAN::Meta object

p5.34-cpan-meta-requirements @2.143.0 (perl)
a set of version requirements for a CPAN dist

p5.34-cpan-meta-yaml @0.20.0 (perl)
CPAN::Meta::YAML - Read and write a subset of YAML for CPAN Meta files

p5.34-cpan-requirements-dynamic @0.2.0 (perl)
CPAN::Requirements::Dynamic - Dynamic prerequisites in meta files

p5.34-dist-zilla-plugin-authority @1.9.0 (perl)
Dist::Zilla::Plugin::Authority - Add the AUTHORITY variable and metadata to your distribution

p5.34-dist-zilla-plugin-autometaresources @1.210.0 (perl)
Dist::Zilla::Plugin::AutoMetaResources - Automagical MetaResources

p5.34-dist-zilla-plugin-checkmetaresources @0.1.0 (perl)
Dist::Zilla::Plugin::CheckMetaResources - Ensure META includes resources

p5.34-dist-zilla-plugin-githubmeta @0.580.0 (perl)
Dist::Zilla::Plugin::GithubMeta - Automatically include GitHub meta information in META.yml

p5.34-dist-zilla-plugin-keywords @0.7.0 (perl)
Dist::Zilla::Plugin::Keywords - Add keywords to metadata in your distribution

p5.34-dist-zilla-plugin-metamergefile @0.5.0 (perl)
Dist::Zilla::Plugin::MetaMergeFile - Add arbitrary metadata using a mergefile

p5.34-dist-zilla-plugin-metaprovides @2.2.4 (perl)
Dist::Zilla::Plugin::MetaProvides - Generating and Populating 'provides' in your META.yml

p5.34-dist-zilla-plugin-metaprovides-package @2.4.3 (perl)
Dist::Zilla::Plugin::MetaProvides::Package - Extract namespaces/version from traditional packages for provides

p5.34-dist-zilla-plugin-prereqs-authordeps @0.7.0 (perl)
Dist::Zilla::Plugin::Prereqs::AuthorDeps - Add Dist::Zilla authordeps to META files as develop prereqs

p5.34-dist-zilla-role-modulemetadata @0.6.0 (perl)
Dist::Zilla::Role::ModuleMetadata - A role for plugins that use Module::Metadata

p5.34-image-exiftool @13.490.0 (perl)
Image::Exiftool - a set of Perl modules to read and write meta information in a wide variety of image, audio, video and document files.

p5.34-image-info @1.450.0 (perl, graphics)
Image::Info - Extract meta information from image files

p5.34-image-metadata-jpeg @0.159.0 (perl, graphics)
Access to and modification of JPEG meta-data

p5.34-meta @0.15.0 (perl)
meta - meta-programming API

p5.34-metacpan-client @2.38.0 (perl)
MetaCPAN::Client - A comprehensive, DWIM-featured client to the MetaCPAN API

p5.34-module-metadata @1.0.38 (perl)
Gather package and POD information from perl module files

p5.34-moosex-meta-typeconstraint-mooish @0.1.0 (perl)
MooseX::Meta::TypeConstraint::Mooish - Translate Moo-style constraints to Moose-style

p5.34-moosex-traitfor-meta-class-betteranonclassnames @0.2.3 (perl)
MooseX::TraitFor::Meta::Class::BetterAnonClassNames - Metaclass trait to *attempt* to demystify generated anonymous class names

p5.34-syntax-operator-in @0.100.0 (perl)
Syntax::Operator::In - infix element-of-list meta-operator

p5.34-test-cpan-meta @0.250.0 (perl)
Validate your CPAN META.yml files

p5.34-test-cpan-meta-json @0.160.0 (perl)
Test::CPAN::Meta::JSON - Validate a META.json file within a CPAN distribution.

p5.34-test-cpan-meta-yaml @0.250.0 (perl)
Test::CPAN::Meta::YAML - Validate a META.yml file within a CPAN distribution.

pazpar2 @1.14.1_1 (databases, net, www, devel)
metasearch daemon and server

pdfpc @4.7.0 (graphics)
pdfpc is a GTK based presentation viewer application for GNU/Linux which uses Keynote like multi-monitor output to provide meta information to the speaker during the presentation.

php5-web @5.3.5 (lang, php, www)
Meta-port for PHP web server support

php52-exif @5.2.17 (php, graphics)
a PHP interface to the EXIF image metadata functions

php53-exif @5.3.29 (php, graphics)
a PHP interface to the EXIF image metadata functions

php54-exif @5.4.45 (php, graphics)
a PHP interface to the EXIF image metadata functions

php55-exif @5.5.38 (php, graphics)
a PHP interface to the EXIF image metadata functions

php56-exif @5.6.40 (php, graphics)
a PHP interface to the EXIF image metadata functions

php70-exif @7.0.33 (php, graphics)
a PHP interface to the EXIF image metadata functions

php71-exif @7.1.33 (php, graphics)
a PHP interface to the EXIF image metadata functions

php72-exif @7.2.34 (php, graphics)
a PHP interface to the EXIF image metadata functions

php73-exif @7.3.33 (php, graphics)
a PHP interface to the EXIF image metadata functions

php74-exif @7.4.33 (php, graphics)
a PHP interface to the EXIF image metadata functions

php80-exif @8.0.30 (php, graphics)
a PHP interface to the EXIF image metadata functions

php81-exif @8.1.30 (php, graphics)
a PHP interface to the EXIF image metadata functions

php82-exif @8.2.24 (php, graphics)
a PHP interface to the EXIF image metadata functions

php83-exif @8.3.12 (php, graphics)
a PHP interface to the EXIF image metadata functions

php84-exif @8.4.0RC1 (php, graphics)
a PHP interface to the EXIF image metadata functions

py-cgmetadata @0.2.0 (python)
Read and write image metadata on macOS from Python using the native ImageIO / Core Graphics frameworks.

py-datacite @1.3.1 (python, net)
Python wrapper for the DataCite Metadata Store API

py-exifread @3.5.1 (python)
EXIF.py - Python interface to the EXIF meta-data

py-fmf @1.7.0 (python, devel)
Flexible Metadata Format

py-hachoir-metadata @1.3.3 (python)
hachoir-metadata extracts metadata from multimedia files

py-hatch-fancy-pypi-readme @25.1.0 (python, devel)
a Hatch metadata plugin for projects' PyPI landing page

py-importlib-metadata @8.7.0 (python, devel)
Library to access the metadata for a Python package.

py-isbnlib @3.10.14 (python)
Extract, clean, transform, hyphenate and metadata for ISBNs (International Standard Book Number).

py-jsonpath-rw @1.4.0 (python)
A robust and significantly extended implementation of JSONPath for Python, with a clear AST for metaprogramming.

py-keep @2.10.1 (python)
A Meta CLI toolkit

py-metakernel @0.30.4 (python, devel, science)
A Jupyter/IPython kernel template

py-metar @1.4 (python)
python interface to the weather reports of the NOAA

py-mutagen @1.47.0 (python, audio, devel)
A Python module to handle audio metadata

py-osxmetadata @1.4.0 (python)
Read and write meta data, such as tags/keywords, Finder comments, etc. on MacOS files

py-pgspecial @2.2.1 (python)
Meta-commands handler for Postgres Database

py-pkginfo @1.12.1.2 (python)
Query metadatdata from sdists and bdists installed packages.

py-pyproject_metadata @0.10.0 (python, devel)
Dataclass for PEP 621 metadata with support for core metadata generation

py-pytest-metadata @3.1.1 (python, devel)
Plugin for accessing test session metadata

py-setupmeta @3.8.0 (python, devel)
Simplify your setup.py

py-tensorflow-macos @2.11.0 (python, lang)
Mac-optimized TensorFlow to be used with py-tensorflow-metal.

py-tensorflow-metadata @1.14.0 (python)
Library and standards for schema and statistics.

py-tensorflow-metal @0.7.1 (python, lang)
TensorFlow acceleration for Mac GPUs.

py-textx @4.3.0 (python, devel)
Meta-language for DSL implementation inspired by Xtext

py-unidiff @0.7.5 (python, devel)
Unified diff parsing/metadata extraction library.

py-yum-metadata-parser @1.1.4_1 (python)
Yum metadata parser

py27-hachoir-metadata @1.3.3 (python)
hachoir-metadata extracts metadata from multimedia files

py27-importlib-metadata @2.1.3 (python, devel)
Library to access the metadata for a Python package.

py27-ldas-tools @20161022 (python, science)
Python 27 bindings for Suite of LDAS tools meta-port

py27-yum-metadata-parser @1.1.4_1 (python)
Yum metadata parser

py35-importlib-metadata @2.1.3 (python, devel)
Library to access the metadata for a Python package.

py36-importlib-metadata @4.8.3 (python, devel)
Library to access the metadata for a Python package.

py37-hatch-fancy-pypi-readme @25.1.0 (python, devel)
a Hatch metadata plugin for projects' PyPI landing page

py37-importlib-metadata @6.7.0 (python, devel)
Library to access the metadata for a Python package.

py38-hatch-fancy-pypi-readme @25.1.0 (python, devel)
a Hatch metadata plugin for projects' PyPI landing page

py38-importlib-metadata @8.7.0 (python, devel)
Library to access the metadata for a Python package.

py39-hatch-fancy-pypi-readme @25.1.0 (python, devel)
a Hatch metadata plugin for projects' PyPI landing page

py39-importlib-metadata @8.7.0 (python, devel)
Library to access the metadata for a Python package.

py39-pyproject_metadata @0.10.0 (python, devel)
Dataclass for PEP 621 metadata with support for core metadata generation

py39-pytest-metadata @3.1.1 (python, devel)
Plugin for accessing test session metadata

py39-tensorflow-metadata @1.14.0 (python)
Library and standards for schema and statistics.

py310-exifread @3.5.1 (python)
EXIF.py - Python interface to the EXIF meta-data

py310-fmf @1.7.0 (python, devel)
Flexible Metadata Format

py310-hatch-fancy-pypi-readme @25.1.0 (python, devel)
a Hatch metadata plugin for projects' PyPI landing page

py310-importlib-metadata @8.7.0 (python, devel)
Library to access the metadata for a Python package.

py310-jsonpath-rw @1.4.0 (python)
A robust and significantly extended implementation of JSONPath for Python, with a clear AST for metaprogramming.

py310-keep @2.10.1 (python)
A Meta CLI toolkit

py310-metakernel @0.30.4 (python, devel, science)
A Jupyter/IPython kernel template

py310-mutagen @1.47.0 (python, audio, devel)
A Python module to handle audio metadata

py310-osxmetadata @1.4.0 (python)
Read and write meta data, such as tags/keywords, Finder comments, etc. on MacOS files

py310-pgspecial @2.2.1 (python)
Meta-commands handler for Postgres Database

py310-pkginfo @1.12.1.2 (python)
Query metadatdata from sdists and bdists installed packages.

py310-pyproject_metadata @0.10.0 (python, devel)
Dataclass for PEP 621 metadata with support for core metadata generation

py310-pytest-metadata @3.1.1 (python, devel)
Plugin for accessing test session metadata

py310-setupmeta @3.8.0 (python, devel)
Simplify your setup.py

py310-tensorflow-macos @2.11.0 (python, lang)
Mac-optimized TensorFlow to be used with py-tensorflow-metal.

py310-tensorflow-metadata @1.14.0 (python)
Library and standards for schema and statistics.

py310-tensorflow-metal @0.7.1 (python, lang)
TensorFlow acceleration for Mac GPUs.

py310-textx @4.3.0 (python, devel)
Meta-language for DSL implementation inspired by Xtext

py310-unidiff @0.7.5 (python, devel)
Unified diff parsing/metadata extraction library.

py311-exifread @3.5.1 (python)
EXIF.py - Python interface to the EXIF meta-data

py311-fmf @1.7.0 (python, devel)
Flexible Metadata Format

py311-hatch-fancy-pypi-readme @25.1.0 (python, devel)
a Hatch metadata plugin for projects' PyPI landing page

py311-importlib-metadata @8.7.0 (python, devel)
Library to access the metadata for a Python package.

py311-jsonpath-rw @1.4.0 (python)
A robust and significantly extended implementation of JSONPath for Python, with a clear AST for metaprogramming.

py311-metakernel @0.30.4 (python, devel, science)
A Jupyter/IPython kernel template

py311-mutagen @1.47.0 (python, audio, devel)
A Python module to handle audio metadata

py311-osxmetadata @1.4.0 (python)
Read and write meta data, such as tags/keywords, Finder comments, etc. on MacOS files

py311-pgspecial @2.2.1 (python)
Meta-commands handler for Postgres Database

py311-pkginfo @1.12.1.2 (python)
Query metadatdata from sdists and bdists installed packages.

py311-pyproject_metadata @0.10.0 (python, devel)
Dataclass for PEP 621 metadata with support for core metadata generation

py311-pytest-metadata @3.1.1 (python, devel)
Plugin for accessing test session metadata

py311-setupmeta @3.8.0 (python, devel)
Simplify your setup.py

py311-tensorflow-metadata @1.14.0 (python)
Library and standards for schema and statistics.

py311-textx @4.3.0 (python, devel)
Meta-language for DSL implementation inspired by Xtext

py311-unidiff @0.7.5 (python, devel)
Unified diff parsing/metadata extraction library.

py312-cgmetadata @0.2.0 (python)
Read and write image metadata on macOS from Python using the native ImageIO / Core Graphics frameworks.

py312-exifread @3.5.1 (python)
EXIF.py - Python interface to the EXIF meta-data

py312-fmf @1.7.0 (python, devel)
Flexible Metadata Format

py312-hatch-fancy-pypi-readme @25.1.0 (python, devel)
a Hatch metadata plugin for projects' PyPI landing page

py312-importlib-metadata @8.7.0 (python, devel)
Library to access the metadata for a Python package.

py312-jsonpath-rw @1.4.0 (python)
A robust and significantly extended implementation of JSONPath for Python, with a clear AST for metaprogramming.

py312-lalmetaio @4.0.5 (science, python)
Python 3.12 bindings for LSC Algorithm Library - MetaIO

py312-metakernel @0.30.4 (python, devel, science)
A Jupyter/IPython kernel template

py312-metar @1.4 (python)
python interface to the weather reports of the NOAA

py312-mutagen @1.47.0 (python, audio, devel)
A Python module to handle audio metadata

py312-osxmetadata @1.4.0 (python)
Read and write meta data, such as tags/keywords, Finder comments, etc. on MacOS files

py312-pgspecial @2.2.1 (python)
Meta-commands handler for Postgres Database

py312-pkginfo @1.12.1.2 (python)
Query metadatdata from sdists and bdists installed packages.

py312-pyproject_metadata @0.10.0 (python, devel)
Dataclass for PEP 621 metadata with support for core metadata generation

py312-pytest-metadata @3.1.1 (python, devel)
Plugin for accessing test session metadata

py312-setupmeta @3.8.0 (python, devel)
Simplify your setup.py

py312-textx @4.3.0 (python, devel)
Meta-language for DSL implementation inspired by Xtext

py312-unidiff @0.7.5 (python, devel)
Unified diff parsing/metadata extraction library.

py313-cgmetadata @0.2.0 (python)
Read and write image metadata on macOS from Python using the native ImageIO / Core Graphics frameworks.

py313-datacite @1.3.1 (python, net)
Python wrapper for the DataCite Metadata Store API

py313-exifread @3.5.1 (python)
EXIF.py - Python interface to the EXIF meta-data

py313-hatch-fancy-pypi-readme @25.1.0 (python, devel)
a Hatch metadata plugin for projects' PyPI landing page

py313-importlib-metadata @8.7.0 (python, devel)
Library to access the metadata for a Python package.

py313-isbnlib @3.10.14 (python)
Extract, clean, transform, hyphenate and metadata for ISBNs (International Standard Book Number).

py313-jsonpath-rw @1.4.0 (python)
A robust and significantly extended implementation of JSONPath for Python, with a clear AST for metaprogramming.

py313-metakernel @0.30.4 (python, devel, science)
A Jupyter/IPython kernel template

py313-mutagen @1.47.0 (python, audio, devel)
A Python module to handle audio metadata

py313-osxmetadata @1.4.0 (python)
Read and write meta data, such as tags/keywords, Finder comments, etc. on MacOS files

py313-pgspecial @2.2.1 (python)
Meta-commands handler for Postgres Database

py313-pkginfo @1.12.1.2 (python)
Query metadatdata from sdists and bdists installed packages.

py313-pyproject_metadata @0.10.0 (python, devel)
Dataclass for PEP 621 metadata with support for core metadata generation

py313-pytest-metadata @3.1.1 (python, devel)
Plugin for accessing test session metadata

py313-setupmeta @3.8.0 (python, devel)
Simplify your setup.py

py313-textx @4.3.0 (python, devel)
Meta-language for DSL implementation inspired by Xtext

py314-hatch-fancy-pypi-readme @25.1.0 (python, devel)
a Hatch metadata plugin for projects' PyPI landing page

py314-importlib-metadata @8.7.0 (python, devel)
Library to access the metadata for a Python package.

py314-mutagen @1.47.0 (python, audio, devel)
A Python module to handle audio metadata

py314-pkginfo @1.12.1.2 (python)
Query metadatdata from sdists and bdists installed packages.

py314-pyproject_metadata @0.10.0 (python, devel)
Dataclass for PEP 621 metadata with support for core metadata generation

py314-setupmeta @3.8.0 (python, devel)
Simplify your setup.py

qt5-qtwebengine-gn @20221209 (devel)
meta-build system for Ninja (for building qtwebengine)

R-aws.ec2metadata @0.2.0_1 (R, science, net)
Get EC2 instance metadata

R-bayesmeta @3.4_1 (R, science, math)
Bayesian random-effects meta-analysis and meta-regression

R-bnma @1.6.0_1 (R, science, math)
Bayesian Network Meta-Analysis using JAGS

R-bspmma @0.1-2_1 (R, science, math)
Bayesian Semiparametric Models for Meta-Analysis

R-CBnetworkMA @0.1.0_1 (R, science)
Contrast-based Bayesian network meta-analysis

R-CoTiMA @0.8.0 (R, science)
Continuous Time Meta-Analysis

R-CRAN-recommended @1.0.0_1 (R)
Meta-port for CRAN-recommended R packages

R-crsmeta @0.3.0_2 (R, science)
Extract coordinate system metadata

R-crwbmetareg @1.0_1 (R, science, math)
Cluster Robust Wild Bootstrap Meta Regression

R-DiceEval @1.6.1_1 (R, science, math)
Construction and evaluation of metamodels

R-esc @0.5.1_1 (R, science)
Effect size computation for meta-analysis

R-estmeansd @1.0.1_1 (R, science)
Estimating the sample mean and standard deviation from commonly reported quantiles in meta-analysis

R-EValue @4.1.3_2 (R, science)
Sensitivity analyses for unmeasured confounding and other biases in observational studies and meta-analyses

R-gemtc @1.0-2_1 (R, science, math)
Network meta-analysis using Bayesian methods

R-gmeta @2.3-1_2 (R, science)
Meta-analysis via a unified framework of confidence distribution

R-JMbayes2 @0.5-0 (R, science, math)
Network meta-analysis using Bayesian methods

R-jstor @0.3.11_1 (R, science)
Functions and helpers to import metadata, ngrams and full-texts delivered by Data for Research by JSTOR

R-MAd @0.8-3_1 (R, science)
Meta-analysis with mean differences

R-meta @8.0-1 (R, science)
General package for meta-analysis

R-metabias @0.1.1_1 (R, science)
R package with common components of metabias packages

R-metaBLUE @1.0.0_1 (R, science)
BLUE for combining location and scale information in a meta-analysis

R-metaBMA @0.6.9_2 (R, science, math)
Bayesian model averaging for random and fixed effects meta-analysis

R-metacor @1.0-2.1_1 (R, science)
Meta-analysis of correlation coefficients

R-metadat @1.2-0_2 (R, science)
Meta-analysis datasets

R-metafor @4.6-0_1 (R, science)
Meta-analysis package for R

R-metamedian @1.1.1_1 (R, science, math)
Meta-analysis of medians

R-metaplus @1.0-5 (R, science)
Robust meta-analysis and meta-regression

R-metapod @1.12.0 (R, science, bioconductor)
Meta-analyses on p-values of differential analyses

R-metarep @1.2.0_1 (R, science)
Replicability-analysis tools for meta-analysis

R-metatest @1.0-5 (R, science, math)
Fit and test metaregression models

R-MetaUtility @2.1.2_2 (R, science)
Utility functions for conducting and interpreting meta-analyses

R-mixmeta @1.2.0_1 (R, science)
Extended mixed-effects framework for meta-analysis

R-multibiasmeta @0.2.2_1 (R, science)
Sensitivity analysis for multiple biases in meta-analyses

R-multinma @0.7.2 (R, science, math)
Bayesian network meta-analysis of individual and aggregate data

R-mvmeta @1.0.3_1 (R, science)
Multivariate and univariate meta-analysis and meta-regression

R-ncmeta @0.4.0_1 (R, science)
Straightforward NetCDF metadata

R-netmeta @2.9-0_1 (R, science)
Network meta-analysis using frequentist methods

R-NMA @1.4-3 (R, science)
Network meta-analysis based on multivariate meta-analysis models

R-OAIHarvester @0.3-4_1 (R, science, textproc)
Harvest metadata using OAI-PMH v. 2.0

R-pcnetmeta @2.8_1 (R, science)
Bayesian arm-based network meta-analysis for datasets with binary, continuous and count outcomes

R-pema @0.1.3_4 (R, science)
Penalized Meta-Analysis

R-phacking @0.2.1_2 (R, science, math)
Sensitivity analysis for p-hacking in meta-analyses

R-pimeta @1.1.3_1 (R, science, math)
Prediction intervals for random-effects meta-analysis

R-pkgcache @2.2.3 (R, science, devel)
Cache CRAN-like metadata and R packages

R-PublicationBias @2.4.0_1 (R, science)
Sensitivity analysis for publication bias in meta-analyses

R-publipha @0.1.2_4 (R, science, math)
Bayesian meta-analysis with publications bias and p-hacking

R-puniform @0.2.7_1 (R, science, math)
Meta-analysis methods correcting for publication bias

R-ra4bayesmeta @1.0-8_1 (R, science)
Reference analysis for Bayesian meta-analysis

R-rankinma @0.2.2_1 (R, science)
Ranking in network meta-analysis

R-RcmdrPlugin.MA @0.0-2_1 (R, science)
GUI for conducting meta-analyses in R

R-remaCor @0.0.18_1 (R, science, math)
Random effects meta-analysis for correlated test statistics

R-rmeta @3.0_1 (R, science)
Functions for simple fixed and random effects meta-analysis for two-sample comparisons and cumulative meta-analyses

R-rnmamod @0.4.0_1 (R, science, math)
Bayesian network meta-analysis with missing participants

R-RoBMA @3.2.0 (R, science, math)
Robust Bayesian Meta-Analyses

R-robumeta @2.1_2 (R, science, math)
Robust variance meta-regression

R-robustmeta @1.2-1_1 (R, science)
Robust inference for meta-analysis with influential outlying studies

R-rsdmx @0.6-3_1 (R, science)
Tools for reading SDMX data and metadata

R-RTSA @0.2.2_1 (R, science)
Trial sequential analysis for error control and inference in sequential meta-analyses

R-sassy @1.2.5 (R, science)
Meta-package that aims to make R easier for everyone

R-shinymeta @0.2.0.3_2 (R, science)
Export domain logic from Shiny using meta-programming

R-SQLDataFrame @1.18.0 (R, science, bioconductor, databases)
Representation of SQL database in DataFrame metaphor

R-toolbox @0.1.1_1 (R, science, devel)
List, string and meta-programming utility functions

R-vcmeta @1.4.0 (R, science)
Varying Coefficient Meta-Analysis

R-wildmeta @0.3.2_2 (R, science)
Cluster wild bootstrapping for meta-analysis

R-xmeta @1.3.2_1 (R, science)
Toolbox for multivariate meta-analysis

sidekick @0.6.6 (sysutils)
Bare metal to production ready in mins; your own fly server on your VPS.

smokegen @4.14.3_3 (kde, kde4)
Scripting Meta Object Kompiler Engine

smokekde @4.14.3_6 (kde, kde4, devel)
Scripting Meta Object Kompiler Engine (SMOKE) KDE bindings.

smokeqt @4.14.3_3 (kde, kde4, devel)
Scripting Meta Object Kompiler Engine (SMOKE) Qt bindings.

tablix @0.3.5 (math)
Kernel for solving general timetabling problems

taglib @1.13.1 (audio)
TagLib Audio Meta-Data Library

texlive @2025 (tex)
TeX Live metaport

texlive-metapost @74168 (tex)
TeX Live: MetaPost and Metafont packages

tracker @2.3.6 (gnome)
Metadata database, indexer and search tool.

tracker3 @3.7.3_1 (gnome, sysutils)
Object database, tag/metadata database, search tool and indexer

twelf @1.7.1 (lang, math)
Meta-logical framework for deductive systems

vulkan-volk @1.4.335.0 (graphics)
Meta loader for Vulkan API

wml @2.0.11_14 (www, lang)
Website META Language

xorg-apps @20151011 (x11)
X.org apps meta-package

xorg-fonts @20090102_1 (x11)
X.org fonts meta-package

xorg-proto @20180829 (x11, devel)
X.org proto meta-package

Found 427 ports.
