apgdiff @2.4 (databases)
PostgreSQL diff tool that is useful for comparison/diffing of database schemas.

barman @3.17.0 (databases)
Backup and Recovery Manager for PostgreSQL

beekeeper-studio @1.11.6 (databases)
Cross platform SQL editor and database management app for Windows, Linux, and Mac.

BiggerSQL @1.3.9 (aqua, databases)
SQL front-end to the postgresql DBMS

BigSQL @1.0 (aqua, databases)
postgresql psql-like client in cocoa

cl-clsql @6.7.0_1 (lisp, devel)
A multi-platform SQL interface for Common Lisp

cl-mysql @20200501 (lisp, devel)
Common Lisp MySQL library

cl-postgres @1.33.10 (lisp, devel)
A Common Lisp PostgreSQL programming interface

cl-postmodern @1.33.10 (lisp, devel)
A Common Lisp PostgreSQL programming interface

cl-sqlite @0.2.1 (lisp, devel)
Common Lisp binding for SQLite

csvdb @0.6 (databases)
csvdb - an SQL engine for csv

dbeaver-community @25.3.3 (databases)
Free multi-platform database tool for developers, SQL programmers, database administrators and analysts.

dblab @0.24.0 (databases)
Interactive client for PostgreSQL and MySQL

dolt @1.81.4 (devel, databases)
Dolt is Git for Data - It's like Git and MySQL had a baby!

dsq @0.23.0 (textproc)
Commandline tool for running SQL queries against JSON, CSV, Excel, Parquet, and more.

duckdb @1.4.4 (databases)
DuckDB is an embeddable SQL OLAP Database Management System

envelope @0.5.1 (sysutils)
An environment variables cli tool backed by SQLite

fortran-sqlite3 @0.2.0 (fortran, databases)
Fortran 2018 interface bindings to SQLite 3

freetds @1.5.6 (databases)
A set of libraries for Unix and Linux that allows your programs to natively talk to Microsoft SQL Server and Sybase databases

fselect @0.9.2 (sysutils)
Find files with SQL-like queries

fsql @0.5.2 (sysutils)
Search through your filesystem with SQL-esque queries.

gawk-pgsql @1.1.2 (lang, textproc)
pgsql extension for gawk

gom @0.4 (gnome)
Gom provides an object mapper from GObjects to SQLite.

goose @3.24.2 (devel, databases)
A database migration tool. Supports SQL migrations and Go functions.

gql @0.42.0 (devel, databases)
Git Query language is an SQL-like language to perform queries on .git files

iplike @2.3.0 (databases)
PostgreSQL IP address query interface

janet-sqlite3 @20220521 (janet, devel)
This native module proves sqlite bindings for janet

javasqlite @20100131 (java, databases)
Java wrapper for sqlite

jlq @0.1.0 (textproc)
Query JSON log files quickly and efficiently with the power of SQLite

lazysql @0.4.7 (databases, devel)
A cross-platform TUI database management tool written in Go.

libpqxx @7.9.2 (databases, devel)
Official C++ client API for PostgreSQL

libsql @0.5.0 (databases, devel)
Fork of SQLite that is both Open Source, and Open Contributions.

libzdb-mariadb @2.12_1 (databases, devel)
Enable MySQL support for mariadb

libzdb-mysql51 @2.12_1 (databases, devel)
Enable MySQL support for mysql51

libzdb-mysql55 @2.12_1 (databases, devel)
Enable MySQL support for mysql55

libzdb-mysql56 @2.12_1 (databases, devel)
Enable MySQL support for mysql56

libzdb-postgresql16 @2.12_1 (databases, devel)
Enable PostgreSQL support for postgresql16

libzdb-sqlite3 @2.12_1 (databases, devel)
A small, fast and easy to use Open Source Database Connection Pool Library. Built for sqlite3.

litecli @1.15.0 (databases, python)
CLI for SQLite Databases with auto-completion and syntax highlighting

litestream @0.3.13 (databases, net)
Streaming replication for SQLite

log4jdbc @1.1 (java)
JDBC driver that can log SQL and/or JDBC calls

lua-lsqlite3 @0.9.5 (lua, devel)
A binding for Lua to the SQLite3 database library

lua-luasql-sqlite3 @2.7.0 (lua, devel)
LuaSQL is a simple interface from Lua to a DBMS.

lua51-lsqlite3 @0.9.5 (lua, devel)
A binding for Lua to the SQLite3 database library

lua51-luasql-sqlite3 @2.7.0 (lua, devel)
LuaSQL is a simple interface from Lua to a DBMS.

lua52-lsqlite3 @0.9.5 (lua, devel)
A binding for Lua to the SQLite3 database library

lua52-luasql-sqlite3 @2.7.0 (lua, devel)
LuaSQL is a simple interface from Lua to a DBMS.

lua53-lsqlite3 @0.9.5 (lua, devel)
A binding for Lua to the SQLite3 database library

lua53-luasql-sqlite3 @2.7.0 (lua, devel)
LuaSQL is a simple interface from Lua to a DBMS.

lua54-lsqlite3 @0.9.5 (lua, devel)
A binding for Lua to the SQLite3 database library

lua54-luasql-sqlite3 @2.7.0 (lua, devel)
LuaSQL is a simple interface from Lua to a DBMS.

macports.sqlext @2.6.3 (sysutils)
MacPorts registry SQLite extension

mariadb @5.5.68 (databases)
Multithreaded SQL database server

mariadb-10.3 @10.3.39 (databases)
Multithreaded SQL database server

mariadb-10.4 @10.4.34 (databases)
Multithreaded SQL database server

mariadb-10.5 @10.5.28 (databases)
Multithreaded SQL database server

mariadb-10.6 @10.6.21 (databases)
Multithreaded SQL database server

mariadb-10.7 @10.7.8 (databases)
Multithreaded SQL database server

mariadb-10.8 @10.8.8 (databases)
Multithreaded SQL database server

mariadb-10.9 @10.9.8 (databases)
Multithreaded SQL database server

mariadb-10.10 @10.10.7 (databases)
Multithreaded SQL database server

mariadb-10.11 @10.11.13 (databases)
Multithreaded SQL database server

mariadb-11.4 @11.4.7 (databases)
Multithreaded SQL database server

mariadb-connector-cpp @1.1.9_1 (databases)
The MySQL Connector/C++ for mariadb.

mariadb-lib_mysqludf_fPROJ4 @0.1.0_3 (databases, lang)
Based on program PROJ.4, lib_mysqludf_fPROJ4 converts geographic longitude and latitude coordinates into cartesian coordinates.

mariadb-lib_mysqludf_json @0.0.2 (databases, lang)
Map database data to the JSON.

mariadb-lib_mysqludf_preg @1.1_2 (databases, lang)
lib_mysqludf_preg is a library of mysql UDFs (user-defined-functions) that provide access to the PCRE (perl compatible-regular-expressions) library for pattern matching.

mariadb-lib_mysqludf_xql @1.0.0 (databases, lang)
The lib_mysqludf_xql library provides an array of functions, which can be used to create XML output directly from MySQL using a single SQL query.

mergestat @0.5.4_1 (devel)
Query git repositories with SQL

mongodb @6.0.7_1 (databases)
high-performance, schema-free, document-oriented ("NoSQL") database

mongodb-devel @6.0.7_1 (databases)
high-performance, schema-free, document-oriented ("NoSQL") database

msodbcsql @13.1.9.2_1 (databases)
ODBC Driver for Microsoft(R) SQL Server(R).

msodbcsql17 @17.10.2.1_2 (databases)
ODBC Driver for Microsoft(R) SQL Server(R).

mssql-tools @17.10.1.1_1 (databases)
Sqlcmd and Bcp for Microsoft(R) SQL Server(R)

mycli @1.31.2 (databases, python)
A Terminal Client for MySQL with AutoCompletion and Syntax Highlighting

mysql-connector-java @5.1.12 (java)
MySQL Official JDBC connector for MySQL database.

mysql-connector-odbc @5.1.8_1 (databases)
The MySQL Connector/ODBC

mysql-zrm @3.0_3 (databases, sysutils)
Zmanda Recovery Manager for MySQL

mysql5 @5.1.72_5 (databases)
Multithreaded SQL database server

mysql5-lib_mysqludf_fPROJ4 @0.1.0_3 (databases, lang)
Based on program PROJ.4, lib_mysqludf_fPROJ4 converts geographic longitude and latitude coordinates into cartesian coordinates.

mysql5-lib_mysqludf_json @0.0.2 (databases, lang)
Map database data to the JSON.

mysql5-lib_mysqludf_xql @1.0.0 (databases, lang)
The lib_mysqludf_xql library provides an array of functions, which can be used to create XML output directly from MySQL using a single SQL query.

mysql5-server @5.1.72_1 (databases)
Multithreaded SQL database server

mysql8 @8.4.6_1 (databases)
Multithreaded SQL database server

mysql8-server @8.4.6 (databases)
Run mysql8 as server

mysql51 @5.1.73_6 (databases)
Multithreaded SQL database server

mysql51-connector-cpp @1.1.9_1 (databases)
The MySQL Connector/C++ for mysql51.

mysql51-lib_mysqludf_fPROJ4 @0.1.0_3 (databases, lang)
Based on program PROJ.4, lib_mysqludf_fPROJ4 converts geographic longitude and latitude coordinates into cartesian coordinates.

mysql51-lib_mysqludf_json @0.0.2 (databases, lang)
Map database data to the JSON.

mysql51-lib_mysqludf_preg @1.1_2 (databases, lang)
lib_mysqludf_preg is a library of mysql UDFs (user-defined-functions) that provide access to the PCRE (perl compatible-regular-expressions) library for pattern matching.

mysql51-lib_mysqludf_xql @1.0.0 (databases, lang)
The lib_mysqludf_xql library provides an array of functions, which can be used to create XML output directly from MySQL using a single SQL query.

mysql51-server @5.1.73_2 (databases)
Run mysql51 as server

mysql55 @5.5.62_3 (databases)
Multithreaded SQL database server

mysql55-connector-cpp @1.1.9_1 (databases)
The MySQL Connector/C++ for mysql55.

mysql55-lib_mysqludf_fPROJ4 @0.1.0_3 (databases, lang)
Based on program PROJ.4, lib_mysqludf_fPROJ4 converts geographic longitude and latitude coordinates into cartesian coordinates.

mysql55-lib_mysqludf_json @0.0.2 (databases, lang)
Map database data to the JSON.

mysql55-lib_mysqludf_preg @1.1_2 (databases, lang)
lib_mysqludf_preg is a library of mysql UDFs (user-defined-functions) that provide access to the PCRE (perl compatible-regular-expressions) library for pattern matching.

mysql55-lib_mysqludf_xql @1.0.0 (databases, lang)
The lib_mysqludf_xql library provides an array of functions, which can be used to create XML output directly from MySQL using a single SQL query.

mysql55-server @5.5.62_1 (databases)
Run mysql55 as server

mysql56 @5.6.51_6 (databases)
Multithreaded SQL database server

mysql56-connector-cpp @1.1.9_1 (databases)
The MySQL Connector/C++ for mysql56.

mysql56-lib_mysqludf_preg @1.1_2 (databases, lang)
lib_mysqludf_preg is a library of mysql UDFs (user-defined-functions) that provide access to the PCRE (perl compatible-regular-expressions) library for pattern matching.

mysql56-server @5.6.51_1 (databases)
Run mysql56 as server

mysql57 @5.7.44 (databases)
Multithreaded SQL database server

mysql57-connector-cpp @1.1.9_1 (databases)
The MySQL Connector/C++ for mysql57.

mysql57-server @5.7.44 (databases)
Run mysql57 as server

mysql81 @8.1.0_6 (databases)
Obsolete port, replaced by mysql8

mysql81-server @8.1.0_3 (databases)
Obsolete port, replaced by mysql8-server

mysql82 @8.2.0_2 (databases)
Obsolete port, replaced by mysql8

mysql82-server @8.2.0_1 (databases)
Obsolete port, replaced by mysql8-server

mysql_select @0.1.2_5 (databases)
common files for selecting default MySQL version

mysqlxx @3.0.8 (databases)
C++ wrapper for MySQL's C API

nmap-formatter @3.1.0 (sysutils, net)
A tool that allows you to convert NMAP results to html, csv, json, markdown, graphviz (dot) or sqlite. Simply put it's nmap converter.

ocaml-mysql @1.0.4_5 (databases, devel, ocaml)
Mysql5 bindings for OCaml

ocaml-sqlite3 @5.1.0 (ocaml, devel, databases)
OCaml bindings for SQLite 3

octave-database @2.4.4_6 (octave, math, science)
Interface to SQL databases, currently only postgresql using libpq.

octave-sqlite @0.1.2 (octave, math, science)
Basic Octave implementation of the sqlite toolkit

octosql @0.13.0 (databases, textproc)
OctoSQL is a query tool that allows you to join, analyse and transform data from multiple databases and file formats using SQL.

osm2pgsql @2.2.0_1 (gis)
osm2pgsql is OpenStreetMap data to PostgreSQL converter

osquery @4.3.0 (sysutils)
SQL powered operating system instrumentation, monitoring, and analytics.

p5-alien-sqlite @1.70.0_1 (perl)
Alien::sqlite - Install/Find the sqlite library

p5-class-dbi-abstractsearch @0.70.0_3 (perl)
Abstract Class::DBI's SQL with SQL::Abstract::Limit

p5-class-dbi-mysql @1.0.0_3 (perl)
Extensions to Class::DBI for MySQL

p5-class-dbi-plugin-abstractcount @0.80.0_3 (perl)
get COUNT(*) results with abstract SQL

p5-crypt-mysql @0.40.0 (perl)
Crypt::MySQL - emulate MySQL PASSWORD() function.

p5-datetime-format-mysql @0.80.0 (perl)
Parse and format MySQL dates and times

p5-datetime-format-pg @0.160.140 (perl)
Parse and format PostgreSQL dates and times

p5-datetime-format-sqlite @0.110.0_4 (perl)
Parse and format SQLite dates and times

p5-dbd-mariadb @1.240.0 (perl, sysutils, www)
Perl DBI driver for access to MariaDB and MySQL databases

p5-dbd-mysql @5.13.0 (perl)
DBD::mysql - MySQL driver for the Perl5 Database Interface (DBI)

p5-dbd-pg @3.18.0 (perl, databases)
Perl DBI module to provide access to PostgreSQL databases

p5-dbd-sqlite @1.780.0 (perl)
DBD::SQLite - Self-contained RDBMS in a DBI Driver

p5-dbd-sqlite2 @0.380.0 (perl)
perl dbd interface to SQLite (old version 2)

p5-dbix-sqlcrosstab @1.170.0_2 (perl)
creates a server-side cross tabulation from a database

p5-fey @0.440.0 (perl)
Fey - Better SQL Generation Through Perl

p5-fey-orm @0.470.0 (perl)
A Fey-based ORM (If you like SQL, you might like Fey::ORM)

p5-innotop @1.10.0 (perl)
A MySQL and InnoDB monitor program.

p5-mytop @1.700.0 (perl)
display MySQL server performance info like `top'

p5-pgtop @0.110.0_1 (perl)
display PostgreSQL performance info like `top'

p5-sql-abstract @2.0.1 (perl, databases)
SQL::Abstract - Generate SQL from Perl data structures

p5-sql-abstract-classic @1.910.0 (perl)
SQL::Abstract::Classic - Generate SQL from Perl data structures

p5-sql-abstract-limit @0.143.0 (perl, databases)
portable LIMIT emulation

p5-sql-statement @1.414.0 (perl)
SQL parsing and processing engine

p5-sql-translator @1.660.0 (perl)
SQL::Translator - manipulate structured data definitions (SQL and more)

p5.28-alien-sqlite @1.70.0_1 (perl)
Alien::sqlite - Install/Find the sqlite library

p5.28-class-dbi-abstractsearch @0.70.0_3 (perl)
Abstract Class::DBI's SQL with SQL::Abstract::Limit

p5.28-class-dbi-mysql @1.0.0_3 (perl)
Extensions to Class::DBI for MySQL

p5.28-class-dbi-plugin-abstractcount @0.80.0_3 (perl)
get COUNT(*) results with abstract SQL

p5.28-crypt-mysql @0.40.0 (perl)
Crypt::MySQL - emulate MySQL PASSWORD() function.

p5.28-datetime-format-mysql @0.80.0 (perl)
Parse and format MySQL dates and times

p5.28-datetime-format-pg @0.160.140 (perl)
Parse and format PostgreSQL dates and times

p5.28-datetime-format-sqlite @0.110.0_4 (perl)
Parse and format SQLite dates and times

p5.28-dbd-mariadb @1.240.0 (perl, sysutils, www)
Perl DBI driver for access to MariaDB and MySQL databases

p5.28-dbd-mysql @5.13.0 (perl)
DBD::mysql - MySQL driver for the Perl5 Database Interface (DBI)

p5.28-dbd-pg @3.18.0 (perl, databases)
Perl DBI module to provide access to PostgreSQL databases

p5.28-dbd-sqlite @1.780.0 (perl)
DBD::SQLite - Self-contained RDBMS in a DBI Driver

p5.28-dbd-sqlite2 @0.380.0 (perl)
perl dbd interface to SQLite (old version 2)

p5.28-dbix-sqlcrosstab @1.170.0_2 (perl)
creates a server-side cross tabulation from a database

p5.28-fey @0.440.0 (perl)
Fey - Better SQL Generation Through Perl

p5.28-fey-orm @0.470.0 (perl)
A Fey-based ORM (If you like SQL, you might like Fey::ORM)

p5.28-innotop @1.10.0 (perl)
A MySQL and InnoDB monitor program.

p5.28-mytop @1.700.0 (perl)
display MySQL server performance info like `top'

p5.28-pgtop @0.110.0_1 (perl)
display PostgreSQL performance info like `top'

p5.28-sql-abstract @2.0.1 (perl, databases)
SQL::Abstract - Generate SQL from Perl data structures

p5.28-sql-abstract-classic @1.910.0 (perl)
SQL::Abstract::Classic - Generate SQL from Perl data structures

p5.28-sql-abstract-limit @0.143.0 (perl, databases)
portable LIMIT emulation

p5.28-sql-statement @1.414.0 (perl)
SQL parsing and processing engine

p5.28-sql-translator @1.660.0 (perl)
SQL::Translator - manipulate structured data definitions (SQL and more)

p5.30-alien-sqlite @1.70.0_1 (perl)
Alien::sqlite - Install/Find the sqlite library

p5.30-class-dbi-abstractsearch @0.70.0_3 (perl)
Abstract Class::DBI's SQL with SQL::Abstract::Limit

p5.30-class-dbi-mysql @1.0.0_3 (perl)
Extensions to Class::DBI for MySQL

p5.30-class-dbi-plugin-abstractcount @0.80.0_3 (perl)
get COUNT(*) results with abstract SQL

p5.30-crypt-mysql @0.40.0 (perl)
Crypt::MySQL - emulate MySQL PASSWORD() function.

p5.30-datetime-format-mysql @0.80.0 (perl)
Parse and format MySQL dates and times

p5.30-datetime-format-pg @0.160.140 (perl)
Parse and format PostgreSQL dates and times

p5.30-datetime-format-sqlite @0.110.0_4 (perl)
Parse and format SQLite dates and times

p5.30-dbd-mariadb @1.240.0 (perl, sysutils, www)
Perl DBI driver for access to MariaDB and MySQL databases

p5.30-dbd-mysql @5.13.0 (perl)
DBD::mysql - MySQL driver for the Perl5 Database Interface (DBI)

p5.30-dbd-pg @3.18.0 (perl, databases)
Perl DBI module to provide access to PostgreSQL databases

p5.30-dbd-sqlite @1.780.0 (perl)
DBD::SQLite - Self-contained RDBMS in a DBI Driver

p5.30-dbd-sqlite2 @0.380.0 (perl)
perl dbd interface to SQLite (old version 2)

p5.30-dbix-sqlcrosstab @1.170.0_2 (perl)
creates a server-side cross tabulation from a database

p5.30-fey @0.440.0 (perl)
Fey - Better SQL Generation Through Perl

p5.30-fey-orm @0.470.0 (perl)
A Fey-based ORM (If you like SQL, you might like Fey::ORM)

p5.30-innotop @1.10.0 (perl)
A MySQL and InnoDB monitor program.

p5.30-mytop @1.700.0 (perl)
display MySQL server performance info like `top'

p5.30-pgtop @0.110.0_1 (perl)
display PostgreSQL performance info like `top'

p5.30-sql-abstract @2.0.1 (perl, databases)
SQL::Abstract - Generate SQL from Perl data structures

p5.30-sql-abstract-classic @1.910.0 (perl)
SQL::Abstract::Classic - Generate SQL from Perl data structures

p5.30-sql-abstract-limit @0.143.0 (perl, databases)
portable LIMIT emulation

p5.30-sql-statement @1.414.0 (perl)
SQL parsing and processing engine

p5.30-sql-translator @1.660.0 (perl)
SQL::Translator - manipulate structured data definitions (SQL and more)

p5.32-alien-sqlite @1.70.0_1 (perl)
Alien::sqlite - Install/Find the sqlite library

p5.32-class-dbi-abstractsearch @0.70.0_3 (perl)
Abstract Class::DBI's SQL with SQL::Abstract::Limit

p5.32-class-dbi-mysql @1.0.0_3 (perl)
Extensions to Class::DBI for MySQL

p5.32-class-dbi-plugin-abstractcount @0.80.0_3 (perl)
get COUNT(*) results with abstract SQL

p5.32-crypt-mysql @0.40.0 (perl)
Crypt::MySQL - emulate MySQL PASSWORD() function.

p5.32-datetime-format-mysql @0.80.0 (perl)
Parse and format MySQL dates and times

p5.32-datetime-format-pg @0.160.140 (perl)
Parse and format PostgreSQL dates and times

p5.32-datetime-format-sqlite @0.110.0_4 (perl)
Parse and format SQLite dates and times

p5.32-dbd-mariadb @1.240.0 (perl, sysutils, www)
Perl DBI driver for access to MariaDB and MySQL databases

p5.32-dbd-mysql @5.13.0 (perl)
DBD::mysql - MySQL driver for the Perl5 Database Interface (DBI)

p5.32-dbd-pg @3.18.0 (perl, databases)
Perl DBI module to provide access to PostgreSQL databases

p5.32-dbd-sqlite @1.780.0 (perl)
DBD::SQLite - Self-contained RDBMS in a DBI Driver

p5.32-dbd-sqlite2 @0.380.0 (perl)
perl dbd interface to SQLite (old version 2)

p5.32-dbix-sqlcrosstab @1.170.0_2 (perl)
creates a server-side cross tabulation from a database

p5.32-fey @0.440.0 (perl)
Fey - Better SQL Generation Through Perl

p5.32-fey-orm @0.470.0 (perl)
A Fey-based ORM (If you like SQL, you might like Fey::ORM)

p5.32-innotop @1.10.0 (perl)
A MySQL and InnoDB monitor program.

p5.32-mytop @1.700.0 (perl)
display MySQL server performance info like `top'

p5.32-pgtop @0.110.0_1 (perl)
display PostgreSQL performance info like `top'

p5.32-sql-abstract @2.0.1 (perl, databases)
SQL::Abstract - Generate SQL from Perl data structures

p5.32-sql-abstract-classic @1.910.0 (perl)
SQL::Abstract::Classic - Generate SQL from Perl data structures

p5.32-sql-abstract-limit @0.143.0 (perl, databases)
portable LIMIT emulation

p5.32-sql-statement @1.414.0 (perl)
SQL parsing and processing engine

p5.32-sql-translator @1.660.0 (perl)
SQL::Translator - manipulate structured data definitions (SQL and more)

p5.34-alien-sqlite @1.70.0_1 (perl)
Alien::sqlite - Install/Find the sqlite library

p5.34-class-dbi-abstractsearch @0.70.0_3 (perl)
Abstract Class::DBI's SQL with SQL::Abstract::Limit

p5.34-class-dbi-mysql @1.0.0_3 (perl)
Extensions to Class::DBI for MySQL

p5.34-class-dbi-plugin-abstractcount @0.80.0_3 (perl)
get COUNT(*) results with abstract SQL

p5.34-crypt-mysql @0.40.0 (perl)
Crypt::MySQL - emulate MySQL PASSWORD() function.

p5.34-datetime-format-mysql @0.80.0 (perl)
Parse and format MySQL dates and times

p5.34-datetime-format-pg @0.160.140 (perl)
Parse and format PostgreSQL dates and times

p5.34-datetime-format-sqlite @0.110.0_4 (perl)
Parse and format SQLite dates and times

p5.34-dbd-mariadb @1.240.0 (perl, sysutils, www)
Perl DBI driver for access to MariaDB and MySQL databases

p5.34-dbd-mysql @5.13.0 (perl)
DBD::mysql - MySQL driver for the Perl5 Database Interface (DBI)

p5.34-dbd-pg @3.18.0 (perl, databases)
Perl DBI module to provide access to PostgreSQL databases

p5.34-dbd-sqlite @1.780.0 (perl)
DBD::SQLite - Self-contained RDBMS in a DBI Driver

p5.34-dbd-sqlite2 @0.380.0 (perl)
perl dbd interface to SQLite (old version 2)

p5.34-dbix-sqlcrosstab @1.170.0_2 (perl)
creates a server-side cross tabulation from a database

p5.34-fey @0.440.0 (perl)
Fey - Better SQL Generation Through Perl

p5.34-fey-orm @0.470.0 (perl)
A Fey-based ORM (If you like SQL, you might like Fey::ORM)

p5.34-innotop @1.10.0 (perl)
A MySQL and InnoDB monitor program.

p5.34-mytop @1.700.0 (perl)
display MySQL server performance info like `top'

p5.34-pgtop @0.110.0_1 (perl)
display PostgreSQL performance info like `top'

p5.34-sql-abstract @2.0.1 (perl, databases)
SQL::Abstract - Generate SQL from Perl data structures

p5.34-sql-abstract-classic @1.910.0 (perl)
SQL::Abstract::Classic - Generate SQL from Perl data structures

p5.34-sql-abstract-limit @0.143.0 (perl, databases)
portable LIMIT emulation

p5.34-sql-statement @1.414.0 (perl)
SQL parsing and processing engine

p5.34-sql-translator @1.660.0 (perl)
SQL::Translator - manipulate structured data definitions (SQL and more)

percona-toolkit @3.3.1 (databases)
Collection of essential command-line utilities for MySQL

pg12-pgpointcloud @1.2.5_4 (databases, gis)
pgPointcloud is a PostgreSQL extension for storing point cloud (LIDAR) data

pg12-pgrouting @3.6.3_1 (gis)
Routing algorithms for PostgreSQL/PostGIS

pg12-postgis @3.6.1 (databases, gis)
PostGIS is the spatial extension to the PostGreSQL database.

pg12-postgis-doc @3.6.1 (databases, gis)
Documentation of PostGIS for PostgreSQL 12

pg12-timescaledb @2.11.2 (databases)
A time-series database that integrates with PostgreSQL.

pg13-pgpointcloud @1.2.5_4 (databases, gis)
pgPointcloud is a PostgreSQL extension for storing point cloud (LIDAR) data

pg13-pgrouting @4.0.0 (gis)
Routing algorithms for PostgreSQL/PostGIS

pg13-postgis @3.6.1 (databases, gis)
PostGIS is the spatial extension to the PostGreSQL database.

pg13-postgis-doc @3.6.1 (databases, gis)
Documentation of PostGIS for PostgreSQL 13

pg13-timescaledb @2.15.3 (databases)
A time-series database that integrates with PostgreSQL.

pg14-pgpointcloud @1.2.5_4 (databases, gis)
pgPointcloud is a PostgreSQL extension for storing point cloud (LIDAR) data

pg14-pgrouting @4.0.0 (gis)
Routing algorithms for PostgreSQL/PostGIS

pg14-postgis @3.6.1 (databases, gis)
PostGIS is the spatial extension to the PostGreSQL database.

pg14-postgis-doc @3.6.1 (databases, gis)
Documentation of PostGIS for PostgreSQL 14

pg14-timescaledb @2.19.3 (databases)
A time-series database that integrates with PostgreSQL.

pg15-pgpointcloud @1.2.5_4 (databases, gis)
pgPointcloud is a PostgreSQL extension for storing point cloud (LIDAR) data

pg15-pgrouting @4.0.0 (gis)
Routing algorithms for PostgreSQL/PostGIS

pg15-postgis @3.6.1 (databases, gis)
PostGIS is the spatial extension to the PostGreSQL database.

pg15-postgis-doc @3.6.1 (databases, gis)
Documentation of PostGIS for PostgreSQL 15

pg15-timescaledb @2.23.0 (databases)
A time-series database that integrates with PostgreSQL.

pg16-pgpointcloud @1.2.5_4 (databases, gis)
pgPointcloud is a PostgreSQL extension for storing point cloud (LIDAR) data

pg16-pgrouting @4.0.0 (gis)
Routing algorithms for PostgreSQL/PostGIS

pg16-postgis @3.6.1 (databases, gis)
PostGIS is the spatial extension to the PostGreSQL database.

pg16-postgis-doc @3.6.1 (databases, gis)
Documentation of PostGIS for PostgreSQL 16

pg16-timescaledb @2.23.0 (databases)
A time-series database that integrates with PostgreSQL.

pg17-pgpointcloud @1.2.5_4 (databases, gis)
pgPointcloud is a PostgreSQL extension for storing point cloud (LIDAR) data

pg17-pgrouting @4.0.0 (gis)
Routing algorithms for PostgreSQL/PostGIS

pg17-postgis @3.6.1 (databases, gis)
PostGIS is the spatial extension to the PostGreSQL database.

pg17-postgis-doc @3.6.1 (databases, gis)
Documentation of PostGIS for PostgreSQL 17

pg17-timescaledb @2.23.0 (databases)
A time-series database that integrates with PostgreSQL.

pg18-timescaledb @2.23.0 (databases)
A time-series database that integrates with PostgreSQL.

pg_back @2.6.0 (databases)
Simple backup tool for PostgreSQL

pg_rman @1.3.16 (databases)
Backup and restore management tool for PostgreSQL

pgAdmin3 @1.22.2_7 (aqua)
An administration program to PostgreSQL

pgbadger @13.0 (databases)
PostgreSQL log analyzer with fully detailed reports and graphs.

pgbouncer @1.23.1 (databases)
Lightweight connection pooler for PostgreSQL

pgFormatter @5.6 (databases, devel, textproc)
PostgreSQL SQL syntax beautifier

pgintcl @3.4.0 (databases)
Pure Tcl PostgreSQL interface

pgmodeler @1.2.2 (databases)
PostgreSQL Database Modeler

pgpointcloud @1.2.5_4 (databases, gis)
pgPointcloud is a PostgreSQL extension for storing point cloud (LIDAR) data

pgpool @3.4.1 (databases)
PostgreSQL connection pool server

pgpool-II @4.5.2 (databases)
PostgreSQL connection pool server

pgrouting @4.0.0 (gis)
Routing algorithms for PostgreSQL/PostGIS

pgsqlclient @1.0-Beta6 (databases)
ADO.NET adapter for PostgreSQL

pgtcl @3.1.1 (databases)
Tcl PostgreSQL interface

phantomjs-qt-sqlite-plugin @5.5.1 (aqua, www)
SQLite Database Driver for Qt Tool Kit 5

php-mysql_xdevapi @8.0.30_2 (php, databases)
MySQL X DevAPI for PHP

php-sqlsrv @5.12.0 (php, databases)
Microsoft sqlsrv drivers for PHP

php-taint @2.1.0 (php)
detects XSS and SQL-injection vulnerabilities

php52-mssql @5.2.17 (php, databases)
a PHP interface to MSSQL using FreeTDS, including the mssql and pdo_dblib extensions

php52-mysql @5.2.17 (php, databases)
a PHP interface to MySQL databases, including the mysql, mysqli and pdo_mysql extensions

php52-postgresql @5.2.17 (php, databases)
a PHP interface to PostgreSQL, including the pgsql and pdo_pgsql extensions

php53-mssql @5.3.29 (php, databases)
a PHP interface to MSSQL using FreeTDS, including the mssql and pdo_dblib extensions

php53-mysql @5.3.29 (php, databases)
a PHP interface to MySQL databases, including the mysql, mysqli and pdo_mysql extensions

php53-postgresql @5.3.29 (php, databases)
a PHP interface to PostgreSQL, including the pgsql and pdo_pgsql extensions

php53-sqlite @5.3.29 (php, databases)
a PHP interface to SQLite, including the sqlite, sqlite3 and pdo_sqlite extensions

php53-taint @1.2.2 (php)
detects XSS and SQL-injection vulnerabilities

php54-mssql @5.4.45 (php, databases)
a PHP interface to MSSQL using FreeTDS, including the mssql and pdo_dblib extensions

php54-mysql @5.4.45 (php, databases)
a PHP interface to MySQL databases, including the mysql, mysqli and pdo_mysql extensions

php54-postgresql @5.4.45 (php, databases)
a PHP interface to PostgreSQL, including the pgsql and pdo_pgsql extensions

php54-sqlite @5.4.45 (php, databases)
a PHP interface to SQLite, including the sqlite3 and pdo_sqlite extensions

php54-taint @1.2.2 (php)
detects XSS and SQL-injection vulnerabilities

php55-mssql @5.5.38 (php, databases)
a PHP interface to MSSQL using FreeTDS, including the mssql and pdo_dblib extensions

php55-mysql @5.5.38 (php, databases)
a PHP interface to MySQL databases, including the mysql, mysqli and pdo_mysql extensions

php55-postgresql @5.5.38 (php, databases)
a PHP interface to PostgreSQL, including the pgsql and pdo_pgsql extensions

php55-sqlite @5.5.38 (php, databases)
a PHP interface to SQLite, including the sqlite3 and pdo_sqlite extensions

php56-mssql @5.6.40 (php, databases)
a PHP interface to MSSQL using FreeTDS, including the mssql and pdo_dblib extensions

php56-mysql @5.6.40 (php, databases)
a PHP interface to MySQL databases, including the mysql, mysqli and pdo_mysql extensions

php56-postgresql @5.6.40 (php, databases)
a PHP interface to PostgreSQL, including the pgsql and pdo_pgsql extensions

php56-sqlite @5.6.40 (php, databases)
a PHP interface to SQLite, including the sqlite3 and pdo_sqlite extensions

php70-mysql @7.0.33 (php, databases)
a PHP interface to MySQL databases, including the mysqli and pdo_mysql extensions

php70-postgresql @7.0.33 (php, databases)
a PHP interface to PostgreSQL, including the pgsql and pdo_pgsql extensions

php70-sqlite @7.0.33 (php, databases)
a PHP interface to SQLite, including the sqlite3 and pdo_sqlite extensions

php70-sqlsrv @5.3.0 (php, databases)
Microsoft sqlsrv drivers for PHP

php70-taint @2.1.0 (php)
detects XSS and SQL-injection vulnerabilities

php71-mysql @7.1.33 (php, databases)
a PHP interface to MySQL databases, including the mysqli and pdo_mysql extensions

php71-mysql_xdevapi @8.0.30_2 (php, databases)
MySQL X DevAPI for PHP

php71-postgresql @7.1.33 (php, databases)
a PHP interface to PostgreSQL, including the pgsql and pdo_pgsql extensions

php71-sqlite @7.1.33 (php, databases)
a PHP interface to SQLite, including the sqlite3 and pdo_sqlite extensions

php71-sqlsrv @5.6.1_1 (php, databases)
Microsoft sqlsrv drivers for PHP

php71-taint @2.1.0 (php)
detects XSS and SQL-injection vulnerabilities

php72-mysql @7.2.34 (php, databases)
a PHP interface to MySQL databases, including the mysqli and pdo_mysql extensions

php72-mysql_xdevapi @8.0.30_2 (php, databases)
MySQL X DevAPI for PHP

php72-postgresql @7.2.34 (php, databases)
a PHP interface to PostgreSQL, including the pgsql and pdo_pgsql extensions

php72-sqlite @7.2.34 (php, databases)
a PHP interface to SQLite, including the sqlite3 and pdo_sqlite extensions

php72-sqlsrv @5.8.1 (php, databases)
Microsoft sqlsrv drivers for PHP

php72-taint @2.1.0 (php)
detects XSS and SQL-injection vulnerabilities

php73-mysql @7.3.33 (php, databases)
a PHP interface to MySQL databases, including the mysqli and pdo_mysql extensions

php73-mysql_xdevapi @8.0.30_2 (php, databases)
MySQL X DevAPI for PHP

php73-postgresql @7.3.33 (php, databases)
a PHP interface to PostgreSQL, including the pgsql and pdo_pgsql extensions

php73-sqlite @7.3.33 (php, databases)
a PHP interface to SQLite, including the sqlite3 and pdo_sqlite extensions

php73-sqlsrv @5.9.0 (php, databases)
Microsoft sqlsrv drivers for PHP

php73-taint @2.1.0 (php)
detects XSS and SQL-injection vulnerabilities

php74-mysql @7.4.33 (php, databases)
a PHP interface to MySQL databases, including the mysqli and pdo_mysql extensions

php74-mysql_xdevapi @8.0.30_2 (php, databases)
MySQL X DevAPI for PHP

php74-postgresql @7.4.33 (php, databases)
a PHP interface to PostgreSQL, including the pgsql and pdo_pgsql extensions

php74-sqlite @7.4.33 (php, databases)
a PHP interface to SQLite, including the sqlite3 and pdo_sqlite extensions

php74-sqlsrv @5.10.1 (php, databases)
Microsoft sqlsrv drivers for PHP

php74-taint @2.1.0 (php)
detects XSS and SQL-injection vulnerabilities

php80-mysql @8.0.30 (php, databases)
a PHP interface to MySQL databases, including the mysqli and pdo_mysql extensions

php80-mysql_xdevapi @8.0.30_2 (php, databases)
MySQL X DevAPI for PHP

php80-postgresql @8.0.30 (php, databases)
a PHP interface to PostgreSQL, including the pgsql and pdo_pgsql extensions

php80-sqlite @8.0.30 (php, databases)
a PHP interface to SQLite, including the sqlite3 and pdo_sqlite extensions

php80-sqlsrv @5.11.1 (php, databases)
Microsoft sqlsrv drivers for PHP

php81-mysql @8.1.30 (php, databases)
a PHP interface to MySQL databases, including the mysqli and pdo_mysql extensions

php81-mysql_xdevapi @8.0.30_2 (php, databases)
MySQL X DevAPI for PHP

php81-postgresql @8.1.30 (php, databases)
a PHP interface to PostgreSQL, including the pgsql and pdo_pgsql extensions

php81-sqlite @8.1.30 (php, databases)
a PHP interface to SQLite, including the sqlite3 and pdo_sqlite extensions

php81-sqlsrv @5.12.0 (php, databases)
Microsoft sqlsrv drivers for PHP

php82-mysql @8.2.24 (php, databases)
a PHP interface to MySQL databases, including the mysqli and pdo_mysql extensions

php82-mysql_xdevapi @8.0.30_2 (php, databases)
MySQL X DevAPI for PHP

php82-postgresql @8.2.24 (php, databases)
a PHP interface to PostgreSQL, including the pgsql and pdo_pgsql extensions

php82-sqlite @8.2.24 (php, databases)
a PHP interface to SQLite, including the sqlite3 and pdo_sqlite extensions

php82-sqlsrv @5.12.0 (php, databases)
Microsoft sqlsrv drivers for PHP

php83-mysql @8.3.12 (php, databases)
a PHP interface to MySQL databases, including the mysqli and pdo_mysql extensions

php83-mysql_xdevapi @8.0.30_2 (php, databases)
MySQL X DevAPI for PHP

php83-postgresql @8.3.12 (php, databases)
a PHP interface to PostgreSQL, including the pgsql and pdo_pgsql extensions

php83-sqlite @8.3.12 (php, databases)
a PHP interface to SQLite, including the sqlite3 and pdo_sqlite extensions

php83-sqlsrv @5.12.0 (php, databases)
Microsoft sqlsrv drivers for PHP

php84-mysql @8.4.0RC1 (php, databases)
a PHP interface to MySQL databases, including the mysqli and pdo_mysql extensions

php84-postgresql @8.4.0RC1 (php, databases)
a PHP interface to PostgreSQL, including the pgsql and pdo_pgsql extensions

php84-sqlite @8.4.0RC1 (php, databases)
a PHP interface to SQLite, including the sqlite3 and pdo_sqlite extensions

phpmyadmin @5.2.3 (www, php, databases)
A tool written in PHP intended to handle the administration of MySQL and MariaDB over the Web.

phppgadmin @5.1 (www, databases)
phpPgAdmin is a web-based administration tool for PostgreSQL.

postgis @3.6.1 (databases, gis)
PostGIS is the spatial extension to the PostGreSQL database.

postgis2 @2.5.11 (databases, gis)
PostGIS is the spatial extension to the PostGreSQL database.

postgresql-jdbc @42.2.19 (java, databases)
PostgreSQL JDBC driver

postgresql10 @10.19_2 (databases)
The most advanced open-source database available anywhere.

postgresql10-doc @10.19 (databases)
Documentation for the PostgreSQL database version 10

postgresql10-server @10.19_1 (databases)
run postgresql10 as server

postgresql11 @11.14_7 (databases)
The most advanced open-source database available anywhere.

postgresql11-doc @11.14 (databases)
Documentation for the PostgreSQL database version 11

postgresql11-server @11.14_1 (databases)
run postgresql11 as server

postgresql12 @12.22_2 (databases)
The most advanced open-source database available anywhere.

postgresql12-doc @12.22 (databases)
Documentation for the PostgreSQL database version 12

postgresql12-server @12.22_1 (databases)
run postgresql12 as server

postgresql13 @13.23 (databases)
The most advanced open-source database available anywhere.

postgresql13-doc @13.22 (databases)
Documentation for the PostgreSQL database version 13

postgresql13-server @13.23 (databases)
run postgresql13 as server

postgresql14 @14.20 (databases)
The most advanced open-source database available anywhere.

postgresql14-doc @14.19 (databases)
Documentation for the PostgreSQL database version 14

postgresql14-server @14.20 (databases)
run postgresql14 as server

postgresql15 @15.15 (databases)
The most advanced open-source database available anywhere.

postgresql15-doc @15.14 (databases)
Documentation for the PostgreSQL database version 15

postgresql15-server @15.15 (databases)
run postgresql15 as server

postgresql16 @16.11 (databases)
The most advanced open-source database available anywhere.

postgresql16-server @16.11 (databases)
run postgresql16 as server

postgresql17 @17.7 (databases)
The most advanced open-source database available anywhere.

postgresql17-server @17.7 (databases)
run postgresql17 as server

postgresql18 @18.1 (databases)
The most advanced open-source database available anywhere.

postgresql18-server @18.1 (databases)
run postgresql18 as server

postgresql82 @8.2.23_6 (databases)
The most advanced open-source database available anywhere

postgresql82-doc @8.2.23 (databases)
Documentation for the PostgreSQL database version 8.2

postgresql82-server @8.2.23_1 (databases)
run postgresql82 as server

postgresql83 @8.3.23_6 (databases)
The most advanced open-source database available anywhere.

postgresql83-doc @8.3.23 (databases)
Documentation for the PostgreSQL database version 8.3

postgresql83-server @8.3.23_1 (databases)
run postgresql83 as server

postgresql84 @8.4.22_8 (databases)
The most advanced open-source database available anywhere.

postgresql84-doc @8.4.22 (databases)
Documentation for the PostgreSQL database version 8.4

postgresql84-server @8.4.22_1 (databases)
run postgresql84 as server

postgresql90 @9.0.23_11 (databases)
The most advanced open-source database available anywhere.

postgresql90-doc @9.0.23 (databases)
Documentation for the PostgreSQL database version 9.0

postgresql90-server @9.0.23_1 (databases)
run postgresql90 as server

postgresql91 @9.1.24_9 (databases)
The most advanced open-source database available anywhere.

postgresql91-doc @9.1.24 (databases)
Documentation for the PostgreSQL database version 9.1

postgresql91-server @9.1.24_1 (databases)
run postgresql91 as server

postgresql92 @9.2.24_7 (databases)
The most advanced open-source database available anywhere.

postgresql92-doc @9.2.24 (databases)
Documentation for the PostgreSQL database version 9.2

postgresql92-server @9.2.24_1 (databases)
run postgresql92 as server

postgresql93 @9.3.25_6 (databases)
The most advanced open-source database available anywhere.

postgresql93-doc @9.3.25 (databases)
Documentation for the PostgreSQL database version 9.3

postgresql93-server @9.3.25_1 (databases)
run postgresql93 as server

postgresql94 @9.4.26_3 (databases)
The most advanced open-source database available anywhere.

postgresql94-doc @9.4.26 (databases)
Documentation for the PostgreSQL database version 9.4

postgresql94-server @9.4.26_1 (databases)
run postgresql94 as server

postgresql95 @9.5.25_3 (databases)
The most advanced open-source database available anywhere.

postgresql95-doc @9.5.25 (databases)
Documentation for the PostgreSQL database version 9.5

postgresql95-server @9.5.25_1 (databases)
run postgresql95 as server

postgresql96 @9.6.24_2 (databases)
The most advanced open-source database available anywhere.

postgresql96-doc @9.6.24 (databases)
Documentation for the PostgreSQL database version 9.6

postgresql96-server @9.6.24_1 (databases)
run postgresql96 as server

postgresql_autodoc @1.41_5 (databases, textproc)
Automatic documentation generator for postgresql databases

postgresql_select @0.8 (databases)
common files for selecting default PostgreSQL version

postgresql_select-10 @0.8 (databases)
common files for selecting default PostgreSQL version

postgresql_select-11 @0.8 (databases)
common files for selecting default PostgreSQL version

postgresql_select-12 @0.8 (databases)
common files for selecting default PostgreSQL version

postgresql_select-13 @0.8 (databases)
common files for selecting default PostgreSQL version

postgresql_select-14 @0.8 (databases)
common files for selecting default PostgreSQL version

postgresql_select-15 @0.8 (databases)
common files for selecting default PostgreSQL version

postgresql_select-16 @0.8 (databases)
common files for selecting default PostgreSQL version

postgresql_select-17 @0.8 (databases)
common files for selecting default PostgreSQL version

postgresql_select-18 @0.8 (databases)
common files for selecting default PostgreSQL version

postgresql_select-84 @0.8 (databases)
common files for selecting default PostgreSQL version

postgresql_select-90 @0.8 (databases)
common files for selecting default PostgreSQL version

postgresql_select-91 @0.8 (databases)
common files for selecting default PostgreSQL version

postgresql_select-92 @0.8 (databases)
common files for selecting default PostgreSQL version

postgresql_select-93 @0.8 (databases)
common files for selecting default PostgreSQL version

postgresql_select-94 @0.8 (databases)
common files for selecting default PostgreSQL version

postgresql_select-95 @0.8 (databases)
common files for selecting default PostgreSQL version

postgresql_select-96 @0.8 (databases)
common files for selecting default PostgreSQL version

pqa @1.6 (databases)
pqa is a PostgreSQL SQL analysis tool

prest @1.5.5 (devel, databases)
pREST (PostgreSQL REST) is REST API for any Postgres database.

psqlODBC @16.00.0000 (databases)
Official ODBC driver for the PostgreSQL database.

psutilsql @0.0.2 (sysutils)
CLI utility to query process & system information using SQL

pure-sql3 @0.5 (pure, databases)
an SQLite interface for the Pure programming language

py-agate-sql @0.5.8 (python)
agate-sql adds SQL read/write support to agate.

py-aiomysql @0.2.0 (python, devel)
MySQL driver for asyncio.

py-aiosqlite @0.21.0 (python, devel)
asyncio bridge to the standard sqlite3 module

py-alembic @1.17.2 (python, databases)
A database migration tool for SQLAlchemy.

py-apsw @3.44.0.0 (python)
Another Python SQLite wrapper

py-asyncmy @0.2.5 (python, databases, devel)
A fast asyncio MySQL driver

py-asyncpg @0.29.0 (python, devel)
An asyncio PostgreSQL driver

py-flask-sqlalchemy @3.1.1 (python, www)
Flask support for SQLAlchemy

py-ipython-sql @0.4.1 (python, databases)
RDBMS access via %%sql magic for IPython

py-minidb @2.0.7 (python, devel)
A simple SQLite3-based store for Python objects

py-mssql @2.3.8 (python, databases)
A simple database interface to MS-SQL for Python.

py-mysql @1.2.3_1 (python, devel, databases)
Python interface to mysql

py-mysqlclient @2.2.7 (python, devel, databases)
Python3 interface to MySQL/MariaDB, fork of MySQL-python

py-peewee @3.18.2 (python)
a small, expressive orm -- supports postgresql, mysql and sqlite

py-postgresql @1.3.0 (python, devel, databases)
Python interface to PostgreSQL

py-psycopg @3.2.9 (python, databases)
Psycopg 3 is a modern implementation of a PostgreSQL adapter for Python.

py-psycopg2 @2.9.10_1 (python, databases)
A python DBAPI-2.0-compliant database adapter for postgresql

py-pygresql @6.0 (python, databases)
Python module that interfaces to a PostgreSQL database

py-pymysql @1.1.1 (python)
Pure-Python MySQL client library

py-spatialite @3.0.1_8 (python)
Python interface to SQLite 3 and Spatialite

py-sqlalchemy @2.0.45 (python, databases)
Python SQL ORM

py-sqlalchemy-migrate @0.13.0 (python, devel, databases)
Database schema migration for SQLAlchemy

py-sqlalchemy-utils @0.42.1 (python, databases, devel)
Various utility functions for SQLAlchemy.

py-sqlglot @26.19.0 (python, databases)
An easily customizable SQL parser and transpiler

py-sqlite @2.8.3 (python, databases)
python database extension for sqlite

py-sqlobject @3.11.0 (python, databases)
Object-Relational Manager, aka database wrapper

py-sqlparse @0.5.3 (python, textproc)
Non-validating SQL parser

py-xraydb @4.5.8_1 (python, science)
X-ray reference data in a SQLite library, including a Python interface.

py27-mysql @1.2.3_1 (python, devel, databases)
Python interface to mysql

py27-psycopg2 @2.8.6_1 (python, databases)
A python DBAPI-2.0-compliant database adapter for postgresql

py27-pymysql @0.10.1 (python)
Pure-Python MySQL client library

py27-spatialite @3.0.1_8 (python)
Python interface to SQLite 3 and Spatialite

py27-sqlalchemy @1.4.46 (python, databases)
Python SQL ORM

py27-sqlalchemy-migrate @0.13.0 (python, devel, databases)
Database schema migration for SQLAlchemy

py27-sqlite @2.8.3 (python, databases)
python database extension for sqlite

py27-sqlparse @0.3.1 (python, textproc)
Non-validating SQL parser

py310-agate-sql @0.5.8 (python)
agate-sql adds SQL read/write support to agate.

py310-aiomysql @0.2.0 (python, devel)
MySQL driver for asyncio.

py310-aiosqlite @0.21.0 (python, devel)
asyncio bridge to the standard sqlite3 module

py310-alembic @1.17.2 (python, databases)
A database migration tool for SQLAlchemy.

py310-apsw @3.44.0.0 (python)
Another Python SQLite wrapper

py310-asyncmy @0.2.5 (python, databases, devel)
A fast asyncio MySQL driver

py310-asyncpg @0.29.0 (python, devel)
An asyncio PostgreSQL driver

py310-ipython-sql @0.4.1 (python, databases)
RDBMS access via %%sql magic for IPython

py310-minidb @2.0.7 (python, devel)
A simple SQLite3-based store for Python objects

py310-mssql @2.3.8 (python, databases)
A simple database interface to MS-SQL for Python.

py310-mysqlclient @2.2.7 (python, devel, databases)
Python3 interface to MySQL/MariaDB, fork of MySQL-python

py310-peewee @3.18.2 (python)
a small, expressive orm -- supports postgresql, mysql and sqlite

py310-postgresql @1.3.0 (python, devel, databases)
Python interface to PostgreSQL

py310-psycopg @3.2.9 (python, databases)
Psycopg 3 is a modern implementation of a PostgreSQL adapter for Python.

py310-psycopg2 @2.9.10_1 (python, databases)
A python DBAPI-2.0-compliant database adapter for postgresql

py310-pymysql @1.1.1 (python)
Pure-Python MySQL client library

py310-sqlalchemy @2.0.45 (python, databases)
Python SQL ORM

py310-sqlalchemy-migrate @0.13.0 (python, devel, databases)
Database schema migration for SQLAlchemy

py310-sqlalchemy-utils @0.42.1 (python, databases, devel)
Various utility functions for SQLAlchemy.

py310-sqlglot @26.19.0 (python, databases)
An easily customizable SQL parser and transpiler

py310-sqlparse @0.5.3 (python, textproc)
Non-validating SQL parser

py310-xraydb @4.5.8_1 (python, science)
X-ray reference data in a SQLite library, including a Python interface.

py311-agate-sql @0.5.8 (python)
agate-sql adds SQL read/write support to agate.

py311-aiosqlite @0.21.0 (python, devel)
asyncio bridge to the standard sqlite3 module

py311-alembic @1.17.2 (python, databases)
A database migration tool for SQLAlchemy.

py311-apsw @3.44.0.0 (python)
Another Python SQLite wrapper

py311-asyncpg @0.29.0 (python, devel)
An asyncio PostgreSQL driver

py311-ipython-sql @0.4.1 (python, databases)
RDBMS access via %%sql magic for IPython

py311-minidb @2.0.7 (python, devel)
A simple SQLite3-based store for Python objects

py311-mssql @2.3.8 (python, databases)
A simple database interface to MS-SQL for Python.

py311-mysqlclient @2.2.7 (python, devel, databases)
Python3 interface to MySQL/MariaDB, fork of MySQL-python

py311-peewee @3.18.2 (python)
a small, expressive orm -- supports postgresql, mysql and sqlite

py311-postgresql @1.3.0 (python, devel, databases)
Python interface to PostgreSQL

py311-psycopg @3.2.9 (python, databases)
Psycopg 3 is a modern implementation of a PostgreSQL adapter for Python.

py311-psycopg2 @2.9.10_1 (python, databases)
A python DBAPI-2.0-compliant database adapter for postgresql

py311-pymysql @1.1.1 (python)
Pure-Python MySQL client library

py311-sqlalchemy @2.0.45 (python, databases)
Python SQL ORM

py311-sqlalchemy-utils @0.42.1 (python, databases, devel)
Various utility functions for SQLAlchemy.

py311-sqlglot @26.19.0 (python, databases)
An easily customizable SQL parser and transpiler

py311-sqlparse @0.5.3 (python, textproc)
Non-validating SQL parser

py311-xraydb @4.5.8_1 (python, science)
X-ray reference data in a SQLite library, including a Python interface.

py312-agate-sql @0.5.8 (python)
agate-sql adds SQL read/write support to agate.

py312-aiosqlite @0.21.0 (python, devel)
asyncio bridge to the standard sqlite3 module

py312-alembic @1.17.2 (python, databases)
A database migration tool for SQLAlchemy.

py312-asyncpg @0.29.0 (python, devel)
An asyncio PostgreSQL driver

py312-flask-sqlalchemy @3.1.1 (python, www)
Flask support for SQLAlchemy

py312-ipython-sql @0.4.1 (python, databases)
RDBMS access via %%sql magic for IPython

py312-minidb @2.0.7 (python, devel)
A simple SQLite3-based store for Python objects

py312-mssql @2.3.8 (python, databases)
A simple database interface to MS-SQL for Python.

py312-mysqlclient @2.2.7 (python, devel, databases)
Python3 interface to MySQL/MariaDB, fork of MySQL-python

py312-peewee @3.18.2 (python)
a small, expressive orm -- supports postgresql, mysql and sqlite

py312-psycopg @3.2.9 (python, databases)
Psycopg 3 is a modern implementation of a PostgreSQL adapter for Python.

py312-psycopg2 @2.9.10_1 (python, databases)
A python DBAPI-2.0-compliant database adapter for postgresql

py312-pygresql @6.0 (python, databases)
Python module that interfaces to a PostgreSQL database

py312-pymysql @1.1.1 (python)
Pure-Python MySQL client library

py312-sqlalchemy @2.0.45 (python, databases)
Python SQL ORM

py312-sqlalchemy-utils @0.42.1 (python, databases, devel)
Various utility functions for SQLAlchemy.

py312-sqlglot @26.19.0 (python, databases)
An easily customizable SQL parser and transpiler

py312-sqlobject @3.11.0 (python, databases)
Object-Relational Manager, aka database wrapper

py312-sqlparse @0.5.3 (python, textproc)
Non-validating SQL parser

py312-xraydb @4.5.8_1 (python, science)
X-ray reference data in a SQLite library, including a Python interface.

py313-agate-sql @0.5.8 (python)
agate-sql adds SQL read/write support to agate.

py313-aiosqlite @0.21.0 (python, devel)
asyncio bridge to the standard sqlite3 module

py313-alembic @1.17.2 (python, databases)
A database migration tool for SQLAlchemy.

py313-flask-sqlalchemy @3.1.1 (python, www)
Flask support for SQLAlchemy

py313-mssql @2.3.8 (python, databases)
A simple database interface to MS-SQL for Python.

py313-peewee @3.18.2 (python)
a small, expressive orm -- supports postgresql, mysql and sqlite

py313-psycopg @3.2.9 (python, databases)
Psycopg 3 is a modern implementation of a PostgreSQL adapter for Python.

py313-psycopg2 @2.9.10_1 (python, databases)
A python DBAPI-2.0-compliant database adapter for postgresql

py313-pymysql @1.1.1 (python)
Pure-Python MySQL client library

py313-sqlalchemy @2.0.45 (python, databases)
Python SQL ORM

py313-sqlalchemy-utils @0.42.1 (python, databases, devel)
Various utility functions for SQLAlchemy.

py313-sqlglot @26.19.0 (python, databases)
An easily customizable SQL parser and transpiler

py313-sqlparse @0.5.3 (python, textproc)
Non-validating SQL parser

py313-xraydb @4.5.8_1 (python, science)
X-ray reference data in a SQLite library, including a Python interface.

py314-alembic @1.17.2 (python, databases)
A database migration tool for SQLAlchemy.

py314-mssql @2.3.8 (python, databases)
A simple database interface to MS-SQL for Python.

py314-psycopg2 @2.9.10_1 (python, databases)
A python DBAPI-2.0-compliant database adapter for postgresql

py314-sqlalchemy @2.0.45 (python, databases)
Python SQL ORM

q-textasdata @3.1.6 (textproc, python)
q-textasdata - Run SQL directly on CSV or TSV files

qore-mysql-module @2.1_2 (lang)
MySQL module for Qore

qore-pgsql-module @3.1.1_1 (lang)
PostgreSQL module for Qore

qore-sqlite3-module @1.0.2 (lang)
SQLite3 module for Qore

qt4-mac-mariadb-10.0-plugin @4.8.7_1 (aqua, databases)
Qt MySQL database plugin for mariadb-10.0

qt4-mac-mariadb-10.1-plugin @4.8.7_1 (aqua, databases)
Qt MySQL database plugin for mariadb-10.1

qt4-mac-mariadb-plugin @4.8.7_1 (aqua, databases)
Qt MySQL database plugin for mariadb

qt4-mac-mysql5-plugin @4.8.7_1 (aqua, databases)
Qt MySQL database plugin for mysql5

qt4-mac-mysql51-plugin @4.8.7_1 (aqua, databases)
Qt MySQL database plugin for mysql51

qt4-mac-mysql55-plugin @4.8.7_1 (aqua, databases)
Qt MySQL database plugin for mysql55

qt4-mac-mysql56-plugin @4.8.7_1 (aqua, databases)
Qt MySQL database plugin for mysql56

qt4-mac-postgresql15-plugin @4.8.7_1 (aqua, databases)
Qt PostgreSQL database plugin for postgresql15

qt4-mac-postgresql16-plugin @4.8.7_1 (aqua, databases)
Qt PostgreSQL database plugin for postgresql16

qt4-mac-sqlite2-plugin @4.8.7_2 (aqua, databases)
Qt sqlite database plugin for sqlite2

qt4-mac-sqlite3-plugin @4.8.7_2 (aqua, databases)
Qt sqlite database plugin for sqlite3

qt5-mysql-plugin @5.15.18 (aqua)
MySQL Database Driver for Qt Tool Kit 5

qt5-psql-plugin @5.15.18 (aqua)
PostgreSQL Database Driver for Qt Tool Kit 5

qt5-sqlite-plugin @5.15.18 (aqua)
SQLite Database Driver for Qt Tool Kit 5

qt6-mysql-plugin @6.10.2 (aqua)
MySQL Database Driver for Qt Tool Kit 6

qt6-psql-plugin @6.10.2 (aqua)
PostgreSQL Database Driver for Qt Tool Kit 6

qt6-sqlite-plugin @6.10.2 (aqua)
SQLite Database Driver for Qt Tool Kit 6

qt53-mysql-plugin @5.3.2 (aqua)
MySQL Database Driver for Qt Tool Kit 5

qt53-psql-plugin @5.3.2 (aqua)
PostgreSQL Database Driver for Qt Tool Kit 5

qt53-sqlite-plugin @5.3.2 (aqua)
SQLite Database Driver for Qt Tool Kit 5

qt55-mysql-plugin @5.5.1_1 (aqua)
MySQL Database Driver for Qt Tool Kit 5

qt55-psql-plugin @5.5.1_1 (aqua)
PostgreSQL Database Driver for Qt Tool Kit 5

qt55-sqlite-plugin @5.5.1_1 (aqua)
SQLite Database Driver for Qt Tool Kit 5

qt56-mysql-plugin @5.6.3 (aqua)
MySQL Database Driver for Qt Tool Kit 5

qt56-psql-plugin @5.6.3 (aqua)
PostgreSQL Database Driver for Qt Tool Kit 5

qt56-sqlite-plugin @5.6.3 (aqua)
SQLite Database Driver for Qt Tool Kit 5

qt57-mysql-plugin @5.7.1 (aqua)
MySQL Database Driver for Qt Tool Kit 5

qt57-psql-plugin @5.7.1 (aqua)
PostgreSQL Database Driver for Qt Tool Kit 5

qt57-sqlite-plugin @5.7.1 (aqua)
SQLite Database Driver for Qt Tool Kit 5

qt58-mysql-plugin @5.8.0 (aqua)
MySQL Database Driver for Qt Tool Kit 5

qt58-psql-plugin @5.8.0 (aqua)
PostgreSQL Database Driver for Qt Tool Kit 5

qt58-sqlite-plugin @5.8.0 (aqua)
SQLite Database Driver for Qt Tool Kit 5

qt59-mysql-plugin @5.9.9 (aqua)
MySQL Database Driver for Qt Tool Kit 5

qt59-psql-plugin @5.9.9 (aqua)
PostgreSQL Database Driver for Qt Tool Kit 5

qt59-sqlite-plugin @5.9.9 (aqua)
SQLite Database Driver for Qt Tool Kit 5

qt64-mysql-plugin @6.4.3_1 (aqua)
MySQL Database Driver for Qt Tool Kit 6

qt64-psql-plugin @6.4.3 (aqua)
PostgreSQL Database Driver for Qt Tool Kit 6

qt64-sqlite-plugin @6.4.3 (aqua)
SQLite Database Driver for Qt Tool Kit 6

qt67-mysql-plugin @6.7.3 (aqua)
MySQL Database Driver for Qt Tool Kit 6

qt67-psql-plugin @6.7.3 (aqua)
PostgreSQL Database Driver for Qt Tool Kit 6

qt67-sqlite-plugin @6.7.3 (aqua)
SQLite Database Driver for Qt Tool Kit 6

qt68-mysql-plugin @6.8.3 (aqua)
MySQL Database Driver for Qt Tool Kit 6

qt68-psql-plugin @6.8.3 (aqua)
PostgreSQL Database Driver for Qt Tool Kit 6

qt68-sqlite-plugin @6.8.3 (aqua)
SQLite Database Driver for Qt Tool Kit 6

qt69-mysql-plugin @6.9.3 (aqua)
MySQL Database Driver for Qt Tool Kit 6

qt69-psql-plugin @6.9.3 (aqua)
PostgreSQL Database Driver for Qt Tool Kit 6

qt69-sqlite-plugin @6.9.3 (aqua)
SQLite Database Driver for Qt Tool Kit 6

qt511-mysql-plugin @5.11.3 (aqua)
MySQL Database Driver for Qt Tool Kit 5

qt511-psql-plugin @5.11.3 (aqua)
PostgreSQL Database Driver for Qt Tool Kit 5

qt511-sqlite-plugin @5.11.3 (aqua)
SQLite Database Driver for Qt Tool Kit 5

qt513-mysql-plugin @5.13.2 (aqua)
MySQL Database Driver for Qt Tool Kit 5

qt513-psql-plugin @5.13.2 (aqua)
PostgreSQL Database Driver for Qt Tool Kit 5

qt513-sqlite-plugin @5.13.2 (aqua)
SQLite Database Driver for Qt Tool Kit 5

R-adbcpostgresql @0.14.0 (R, science, databases)
Arrow Database Connectivity (ADBC) SQLite driver

R-adbcsqlite @0.14.0 (R, science, databases)
Arrow Database Connectivity (ADBC) SQLite driver

R-AnnotationDbi @1.66.0 (R, science, bioconductor)
Manipulation of SQLite-based annotations in Bioconductor

R-AnnotationForge @1.46.0 (R, science, bioconductor)
Tools for building SQLite-based annotation data packages

R-filehashSQLite @0.2-7 (R, science, databases)
Simple key-value database using SQLite

R-MeSHDbi @1.40.0 (R, science, bioconductor)
DBI to construct MeSH-related package from sqlite file

R-RMySQL @0.10.29 (R, science, databases)
Legacy R-DBI interface to MySQL/MariaDB

R-RPostgres @1.4.7 (R, science, databases)
Rcpp Interface to PostgreSQL

R-RPostgreSQL @0.7-6_1 (R, science, databases)
R interface to the PostgreSQL database system

R-RSQL @0.2.2_1 (R, science, databases)
Database-agnostic package to generate and process SQL queries in R

R-RSQLite @2.3.9 (R, science, databases)
SQLite interface for R

R-SQL @0.1.1_1 (R, science, databases)
Execute SQL statements

R-SQLDataFrame @1.18.0 (R, science, bioconductor, databases)
Representation of SQL database in DataFrame metaphor

R-sqldf @0.4-11_2 (R, science, databases)
Manipulate R data frames using SQL

R-sqlhelper @0.2.1_1 (R, science, databases)
Easier SQL integration

R-sqlHelpers @0.1.2_1 (R, science, databases)
Collection of SQL utilities

R-sqliter @0.1.0_1 (R, science, databases)
Connection wrapper to SQLite databases

R-sqliteutils @0.1.0_1 (R, science, databases)
Utility functions for SQLite

rb-lafcadio @0.9.5 (ruby, databases)
Lafcadio is an object-relational mapping layer for Ruby and MySQL.

rb-mysql @2.7.5_1 (ruby, databases)
Ruby API for the Mysql database

rb-sqlite @2.2.3 (ruby, databases)
Interface to the SQLite DB engine from Ruby

rb-sqlite3 @1.2.5 (ruby, databases)
Interface to the SQLite3 DB engine from Ruby

rb19-mysql @2.8.2 (ruby, databases)
Ruby client library for MySQL

rb19-sqlite3 @1.3.3 (ruby, databases)
Interface to the SQLite3 DB engine from Ruby

redka @0.6.0 (databases)
Redis re-implemented with SQLite

Sequel-Ace @2.3.1 (aqua, devel, databases)
MySQL/MariaDB database management for macOS

sequelpro-devel @20200622 (aqua, devel, databases)
MySQL/MariaDB database management for macOS

sgwi @1.1.2 (www, mail, php)
web-interface to SQLGrey

shsql @1.28 (databases, textproc)
standalone SQL database that stores data in ascii text files

slony1 @2.2.5 (databases)
A replication system for PostgreSQL

spatialite @5.1.0_1 (databases, gis)
Spatial extensions for SQLite 3

sqlc @1.30.0 (devel, databases)
Generate type-safe Golang code from SQL

sqlcheck @1.3 (databases)
Automatically identify anti-patterns in SQL queries

sqlcipher @4.6.1 (databases)
An security extesion to the embedded SQL database engine

sqlcipher-tools @4.6.1 (databases)
A bundle of command-line tools for managing SQLite database files

SQLClient @1.2.0_1 (gnustep)
Simple OO Interface to SQL databases

sqlean @0.27.1 (databases)
The ultimate set of SQLite extensions

sqlgrey @1.8.0 (mail)
SQLgrey is a postfix policy service implementing a grey-listing policy

sqlite2 @2.8.17_2 (databases)
an embedded SQL database engine

sqlite3 @3.51.2 (databases)
an embedded SQL database engine

sqlite3-pcre2 @0.1 (databases)
Perl-compatible regular expression support for SQLite

sqlite3-tcl @3.51.2 (databases)
an embedded SQL database engine

sqlite3-tools @3.51.2 (databases)
A bundle of command-line tools for managing SQLite database files

sqlitebrowser @3.13.1 (databases)
GUI editor for SQLite databases

sqlitecpp @3.3.3_1 (databases)
SQLiteC++ (SQLiteCpp) is a smart and easy to use C++ SQLite3 wrapper.

sqlitedbrowser @0_1 (databases)
A graphical SQLite3 Viewer - new Version (aka SqliteStudio)

sqliteman @1.2.2_7 (databases)
GUI tool for Sqlite3

sqlitewrapped @1.3.1 (databases, devel)
a C++ wrapper for the Sqlite database C API

sqlmap @1.10 (security, databases, python)
Automatic SQL injection and database takeover tool

sqlninja @0.2.6-r1 (security, net)
Microsoft SQL Server SQL Injection vulnerability tester

sqlninja-devel @0.2.999-alpha1 (security, net)
Microsoft SQL Server SQL Injection vulnerability tester

sqlpkg-cli @0.2.3 (devel, databases)
SQLite Package Manager

steampipe @2.3.4 (net, sysutils)
Use SQL to instantly query your cloud services (AWS, Azure, GCP and more).

tclsqlite2 @2.8.17 (devel, databases, tcl)
TCL bindings for the SQLite embedded database engine

timescaledb @2.23.0 (databases)
A time-series database that integrates with PostgreSQL.

timescaledb1 @1.7.5 (databases)
A time-series database that integrates with PostreSQL.

TOra @2.1.3_6 (aqua, databases)
GUI tool for Oracle, PostgreSQL, and MySQL

trdsql @1.1.0 (textproc, databases)
CLI tool that can execute SQL queries on CSV, LTSV, JSON and TBLN files. Can output to various formats.

tsung @1.8.0 (erlang, devel)
Load test tool for HTTP, PostgreSQL, Jabber and others.

usql @0.19.4 (databases)
Universal command-line interface for SQL databases

virtuoso @7.1.0_2 (devel)
a high-performance object-relational SQL database

virtuoso-5 @5.0.15_1 (devel)
a high-performance object-relational SQL database

virtuoso-6 @6.1.8_9 (devel)
a high-performance object-relational SQL database

virtuoso-7 @7.2.10_1 (devel)
a high-performance object-relational SQL database

xeus-sqlite @0.9.1 (databases)
xeus-sqlite is a Jupyter kernel for SQL based on the native implementation of the Jupyter protocol xeus.

Found 683 ports.
