ascii @3.30 (textproc)
provides conversion between ASCII character tables

blobwars @2.00 (games)
jump and run game featuring a Blob as main character

cal3d @0.11.0 (graphics, devel)
skeletal based 3d character animation library

ccdiff @0.340.0 (textproc)
Colored Character Diff

charls @2.4.2 (graphics)
CharLS is an implementation of JPEG-LS

charm @1.11.0_20151018 (office)
Charm - the Cross-Platform Time Tracker

charm-qt5 @1.11.0 (office)
Charm - the Cross-Platform Time Tracker

cl-babel @0.5.0 (lisp, devel)
Babel is a charset encoding/decoding library, not unlike GNU libiconv, written in pure Common Lisp.

cowsay @3.8.4 (textproc, amusements, games)
Configurable talking characters in ASCII art

cursive @1.0_2 (games, textproc)
Create ASCII character cursive handwriting

datree @1.9.19 (devel)
CLI tool to run policies against Kubernetes manifests YAML files or Helm charts

dcw-gmt @2.2.0 (science)
Digital Chart of the World (DCW) for GMT 5

dynamix-chart-width-control @1.3.4_1 (games)
A tool for changing the note width in a Dynamix Fanmade Chart

dynamix-chart-width-control-gui @1.3.4_1 (games)
A tool for changing the note width in a Dynamix Fanmade Chart

enca @1.21 (textproc)
character set analyser

f77_diagram @0.0.2_1 (devel)
Fortran 77 flowcharting utility

fast-float @8.2.2 (devel)
Fast and exact implementation of the C++ from_chars functions for float and double types

gcs-java @2011.01.02.1054_1 (games)
GURPS Character Sheet

gdchart @0.11.5_8 (graphics)
Easy to use C API, high performance library.

gnat-charles @20050913 (devel)
Charles is a container and algorithms library for Ada.

gnome-characters @3.28.2_2 (gnome)
A simple utility application to find and insert unusual characters.

gocr @0.49_1 (graphics)
Optical Character Recognition, converts images back to text

gucharmap @15.0.4 (gnome)
gucharmap is a featureful unicode character map.

helmfile @1.2.3 (sysutils)
Deploy Kubernetes Helm Charts

iso8879 @1986_2 (textproc)
Character entity sets from ISO 8879:1986 (SGML)

kcharselect @4.14.3_3 (kde, kde4)
Select special characters from any font.

kqtquickcharts @4.14.3_3 (kde, kde4)
Interactive charts for Qt Quick 1.0

kube-linter @0.8.2 (devel)
KubeLinter is a static analysis tool that checks Kubernetes YAML files and Helm charts to ensure the applications represented in them adhere to best practices.

libiconv @1.17 (textproc)
Character set conversion library

libt3key @0.2.10 (devel)
The libt3key library provides functions for retrieving the character sequences used by terminals to represent keys pressed by the user.

libtranscript @0.3.3 (devel, textproc)
libtranscript is a character-set conversion library, much like the iconv set of functions.

linsmith @0.99.31 (gnome, science)
linSmith is a Smith Charting program.

moe @1.15 (editors)
GNU moe - console text editor for ISO-8859 and ASCII character encodings.

mscgen @0.20_1 (graphics)
Message Sequence Chart image generator

notcurses @3.0.16 (devel)
blingful tuis and character graphics

ocaml-uucp @15.1.0 (ocaml, textproc)
Unicode character properties for OCaml

ocrad @0.29 (graphics)
ocrad is an optical character recognition program

octave-bim @1.1.8 (octave, math, science)
Package for solving Diffusion Advection Reaction (DAR) Partial Differential Equaltions based on the Finite Volume Scharfetter-Gummel (FVSG) method a.k.a Box Integration Method (BIM).

p5-chart @2.403.9 (perl)
Chart - a series of charting modules

p5-chart-clicker @2.900.0 (perl)
Chart::Clicker - Powerful, extensible charting

p5-encode @3.210.0 (perl)
Character encoding module

p5-encode-iso2022 @0.40.0 (perl)
Encode::ISO2022 - ISO/IEC 2022 character encoding scheme

p5-io-html @1.4.0 (perl)
Open an HTML file with automatic charset detection

p5-lingua-ja-moji @0.600.0 (perl)
Lingua::JA::Moji - Handle many kinds of Japanese characters

p5-mime-charset @1.013.1 (perl)
Charset Information for MIME

p5-text-wrapi18n @0.60.0_1 (perl)
Line wrapping module with support for multibyte, fullwidth, and combining characters and languages without whitespaces between words

p5-unicode-escape @0.0.2 (perl)
Escape and unescape Unicode characters

p5-unicode-string @2.100.0 (perl)
String of Unicode characters (UCS2/UTF16)

p5.28-chart @2.403.9 (perl)
Chart - a series of charting modules

p5.28-chart-clicker @2.900.0 (perl)
Chart::Clicker - Powerful, extensible charting

p5.28-encode @3.210.0 (perl)
Character encoding module

p5.28-encode-iso2022 @0.40.0 (perl)
Encode::ISO2022 - ISO/IEC 2022 character encoding scheme

p5.28-io-html @1.4.0 (perl)
Open an HTML file with automatic charset detection

p5.28-lingua-ja-moji @0.600.0 (perl)
Lingua::JA::Moji - Handle many kinds of Japanese characters

p5.28-mime-charset @1.013.1 (perl)
Charset Information for MIME

p5.28-text-wrapi18n @0.60.0_1 (perl)
Line wrapping module with support for multibyte, fullwidth, and combining characters and languages without whitespaces between words

p5.28-unicode-escape @0.0.2 (perl)
Escape and unescape Unicode characters

p5.28-unicode-string @2.100.0 (perl)
String of Unicode characters (UCS2/UTF16)

p5.30-chart @2.403.9 (perl)
Chart - a series of charting modules

p5.30-chart-clicker @2.900.0 (perl)
Chart::Clicker - Powerful, extensible charting

p5.30-encode @3.210.0 (perl)
Character encoding module

p5.30-encode-iso2022 @0.40.0 (perl)
Encode::ISO2022 - ISO/IEC 2022 character encoding scheme

p5.30-io-html @1.4.0 (perl)
Open an HTML file with automatic charset detection

p5.30-lingua-ja-moji @0.600.0 (perl)
Lingua::JA::Moji - Handle many kinds of Japanese characters

p5.30-mime-charset @1.013.1 (perl)
Charset Information for MIME

p5.30-text-wrapi18n @0.60.0_1 (perl)
Line wrapping module with support for multibyte, fullwidth, and combining characters and languages without whitespaces between words

p5.30-unicode-escape @0.0.2 (perl)
Escape and unescape Unicode characters

p5.30-unicode-string @2.100.0 (perl)
String of Unicode characters (UCS2/UTF16)

p5.32-chart @2.403.9 (perl)
Chart - a series of charting modules

p5.32-chart-clicker @2.900.0 (perl)
Chart::Clicker - Powerful, extensible charting

p5.32-encode @3.210.0 (perl)
Character encoding module

p5.32-encode-iso2022 @0.40.0 (perl)
Encode::ISO2022 - ISO/IEC 2022 character encoding scheme

p5.32-io-html @1.4.0 (perl)
Open an HTML file with automatic charset detection

p5.32-lingua-ja-moji @0.600.0 (perl)
Lingua::JA::Moji - Handle many kinds of Japanese characters

p5.32-mime-charset @1.013.1 (perl)
Charset Information for MIME

p5.32-text-wrapi18n @0.60.0_1 (perl)
Line wrapping module with support for multibyte, fullwidth, and combining characters and languages without whitespaces between words

p5.32-unicode-escape @0.0.2 (perl)
Escape and unescape Unicode characters

p5.32-unicode-string @2.100.0 (perl)
String of Unicode characters (UCS2/UTF16)

p5.34-chart @2.403.9 (perl)
Chart - a series of charting modules

p5.34-chart-clicker @2.900.0 (perl)
Chart::Clicker - Powerful, extensible charting

p5.34-encode @3.210.0 (perl)
Character encoding module

p5.34-encode-iso2022 @0.40.0 (perl)
Encode::ISO2022 - ISO/IEC 2022 character encoding scheme

p5.34-io-html @1.4.0 (perl)
Open an HTML file with automatic charset detection

p5.34-lingua-ja-moji @0.600.0 (perl)
Lingua::JA::Moji - Handle many kinds of Japanese characters

p5.34-mime-charset @1.013.1 (perl)
Charset Information for MIME

p5.34-text-wrapi18n @0.60.0_1 (perl)
Line wrapping module with support for multibyte, fullwidth, and combining characters and languages without whitespaces between words

p5.34-unicode-escape @0.0.2 (perl)
Escape and unescape Unicode characters

p5.34-unicode-string @2.100.0 (perl)
String of Unicode characters (UCS2/UTF16)

php-gdchart @0.2.0 (php, devel)
GDChart Based Graphing Interface

php52-iconv @5.2.17 (php, textproc)
a PHP interface to the libiconv character encoding conversion functions

php53-gdchart @0.2.0 (php, devel)
GDChart Based Graphing Interface

php53-iconv @5.3.29 (php, textproc)
a PHP interface to the libiconv character encoding conversion functions

php54-gdchart @0.2.0 (php, devel)
GDChart Based Graphing Interface

php54-iconv @5.4.45 (php, textproc)
a PHP interface to the libiconv character encoding conversion functions

php55-gdchart @0.2.0 (php, devel)
GDChart Based Graphing Interface

php55-iconv @5.5.38 (php, textproc)
a PHP interface to the libiconv character encoding conversion functions

php56-gdchart @0.2.0 (php, devel)
GDChart Based Graphing Interface

php56-iconv @5.6.40 (php, textproc)
a PHP interface to the libiconv character encoding conversion functions

php70-iconv @7.0.33 (php, textproc)
a PHP interface to the libiconv character encoding conversion functions

php71-iconv @7.1.33 (php, textproc)
a PHP interface to the libiconv character encoding conversion functions

php72-iconv @7.2.34 (php, textproc)
a PHP interface to the libiconv character encoding conversion functions

php73-iconv @7.3.33 (php, textproc)
a PHP interface to the libiconv character encoding conversion functions

php74-iconv @7.4.33 (php, textproc)
a PHP interface to the libiconv character encoding conversion functions

php80-iconv @8.0.30 (php, textproc)
a PHP interface to the libiconv character encoding conversion functions

php81-iconv @8.1.30 (php, textproc)
a PHP interface to the libiconv character encoding conversion functions

php82-iconv @8.2.24 (php, textproc)
a PHP interface to the libiconv character encoding conversion functions

php83-iconv @8.3.12 (php, textproc)
a PHP interface to the libiconv character encoding conversion functions

php84-iconv @8.4.0RC1 (php, textproc)
a PHP interface to the libiconv character encoding conversion functions

py-chardet @5.2.0 (python, devel, textproc)
Universal character encoding detector

py-charset-normalizer @3.4.4 (python, devel)
A library that helps you read text from an unknown charset encoding.

py-getkey @0.6.5 (python)
Library to easily read single chars and key strokes.

py-graphy @1.0 (python)
Simple Python library for generating charts

py-leather @0.4.1 (python)
Python charting for 80% of humans

py-pyqt5-chart @5.15.7 (python, devel)
PyQt5 Chart bindings

py-pyqt6-charts @6.10.0 (python, devel)
Python bindings for the Qt Charts library

py27-chardet @4.0.0 (python, devel, textproc)
Universal character encoding detector

py27-graphy @1.0 (python)
Simple Python library for generating charts

py27-pyqt5-chart @5.15.4 (python, devel)
PyQt5 Charts bindings

py36-charset-normalizer @2.0.12 (python, devel)
A library that helps you read text from an unknown charset encoding.

py37-charset-normalizer @3.4.0 (python, devel)
A library that helps you read text from an unknown charset encoding.

py38-charset-normalizer @3.4.0 (python, devel)
A library that helps you read text from an unknown charset encoding.

py39-chardet @5.2.0 (python, devel, textproc)
Universal character encoding detector

py39-charset-normalizer @3.4.4 (python, devel)
A library that helps you read text from an unknown charset encoding.

py39-getkey @0.6.5 (python)
Library to easily read single chars and key strokes.

py310-chardet @5.2.0 (python, devel, textproc)
Universal character encoding detector

py310-charset-normalizer @3.4.4 (python, devel)
A library that helps you read text from an unknown charset encoding.

py310-leather @0.4.1 (python)
Python charting for 80% of humans

py310-pyqt5-chart @5.15.7 (python, devel)
PyQt5 Chart bindings

py310-pyqt6-charts @6.10.0 (python, devel)
Python bindings for the Qt Charts library

py311-chardet @5.2.0 (python, devel, textproc)
Universal character encoding detector

py311-charset-normalizer @3.4.4 (python, devel)
A library that helps you read text from an unknown charset encoding.

py311-leather @0.4.1 (python)
Python charting for 80% of humans

py311-pyqt5-chart @5.15.7 (python, devel)
PyQt5 Chart bindings

py311-pyqt6-charts @6.10.0 (python, devel)
Python bindings for the Qt Charts library

py312-chardet @5.2.0 (python, devel, textproc)
Universal character encoding detector

py312-charset-normalizer @3.4.4 (python, devel)
A library that helps you read text from an unknown charset encoding.

py312-leather @0.4.1 (python)
Python charting for 80% of humans

py312-pyqt5-chart @5.15.7 (python, devel)
PyQt5 Chart bindings

py312-pyqt6-charts @6.10.0 (python, devel)
Python bindings for the Qt Charts library

py313-chardet @5.2.0 (python, devel, textproc)
Universal character encoding detector

py313-charset-normalizer @3.4.4 (python, devel)
A library that helps you read text from an unknown charset encoding.

py313-leather @0.4.1 (python)
Python charting for 80% of humans

py313-pyqt5-chart @5.15.7 (python, devel)
PyQt5 Chart bindings

py313-pyqt6-charts @6.10.0 (python, devel)
Python bindings for the Qt Charts library

py314-chardet @5.2.0 (python, devel, textproc)
Universal character encoding detector

py314-charset-normalizer @3.4.4 (python, devel)
A library that helps you read text from an unknown charset encoding.

py314-pyqt5-chart @5.15.7 (python, devel)
PyQt5 Chart bindings

py314-pyqt6-charts @6.10.0 (python, devel)
Python bindings for the Qt Charts library

qt5-qtcharts @5.15.18 (aqua)
Tools and Module(s) for Qt Tool Kit 5

qt5-qtcharts-docs @5.15.18 (aqua)
Documentation for the port qt5-qtcharts

qt6-qtcharts @6.10.2 (aqua)
Tools and Module(s) for Qt Tool Kit 6

qt6-qtcharts-docs @6.10.2 (aqua)
Documentation for Qt Tool Kit 6

qt57-qtcharts @5.7.1 (aqua)
Tools and Module(s) for Qt Tool Kit 5

qt57-qtcharts-docs @5.7.1 (aqua)
Documentation for the port qt57-qtcharts

qt58-qtcharts @5.8.0 (aqua)
Tools and Module(s) for Qt Tool Kit 5

qt58-qtcharts-docs @5.8.0 (aqua)
Documentation for the port qt58-qtcharts

qt59-qtcharts @5.9.9 (aqua)
Tools and Module(s) for Qt Tool Kit 5

qt59-qtcharts-docs @5.9.9 (aqua)
Documentation for the port qt59-qtcharts

qt64-qtcharts @6.4.3 (aqua)
Tools and Module(s) for Qt Tool Kit 6

qt64-qtcharts-docs @6.4.3 (aqua)
Documentation for Qt Tool Kit 6

qt67-qtcharts @6.7.3 (aqua)
Tools and Module(s) for Qt Tool Kit 6

qt67-qtcharts-docs @6.7.3 (aqua)
Documentation for Qt Tool Kit 6

qt68-qtcharts @6.8.3 (aqua)
Tools and Module(s) for Qt Tool Kit 6

qt68-qtcharts-docs @6.8.3 (aqua)
Documentation for Qt Tool Kit 6

qt69-qtcharts @6.9.3 (aqua)
Tools and Module(s) for Qt Tool Kit 6

qt69-qtcharts-docs @6.9.3 (aqua)
Documentation for Qt Tool Kit 6

qt511-qtcharts @5.11.3 (aqua)
Tools and Module(s) for Qt Tool Kit 5

qt511-qtcharts-docs @5.11.3 (aqua)
Documentation for the port qt511-qtcharts

qt513-qtcharts @5.13.2 (aqua)
Tools and Module(s) for Qt Tool Kit 5

qt513-qtcharts-docs @5.13.2 (aqua)
Documentation for the port qt513-qtcharts

quesoglc @0.7.2_1 (graphics)
QuesoGLC is a free implementation of the OpenGL Character Renderer (GLC).

R-beeswarm @0.4.0_2 (R, science, graphics)
The bee swarm plot, an alternative to stripchart

R-charlatan @0.6.1 (R, science)
Make Fake Data

R-CUFF @1.9_2 (R, science)
Charles’s Utility Function using Formula

R-dygraphs @1.1.1.6_2 (R, science)
Interface to dygraphs interactive time series charting library

R-ExprNet @1.0.0_1 (R, science, math)
Characterizing differential expression of selected edges on a network

R-ezplot @0.7.13_1 (R, science, graphics)
Functions for common chart types

R-fxl @1.7.1 (R, science, graphics)
Single case design charting package

R-ggcharts @0.2.1_2 (R, science, graphics)
Shorten the distance from data visualization idea to actual plot

R-ggtricks @0.1.0_1 (R, science, graphics)
Create sector and other charts easily using grammar of graphics

R-gratis @1.0.7_1 (R, science)
Generating time series with diverse and controllable characteristics

R-highcharter @0.9.4_2 (R, science)
Wrapper for the Highcharts library

R-kanjistat @0.14.1 (R, science, textproc, japanese)
Statistical framework for the analysis of Japanese Kanji characters

R-manipulateWidget @0.11.1_1 (R, science)
Even more interactivity to interactive charts

R-mmapcharr @0.3.0 (R, science)
Memory-map character files

R-mschart @0.4.0_2 (R, science, office)
Chart generation for MS Word and MS PowerPoint documents

R-nsyllable @1.0.1_1 (R, science, textproc)
Count syllables in character vectors

R-PDQutils @0.1.6_2 (R, science, math)
PDQ functions via Gram Charlier, Edgeworth and Cornish Fisher approximations

R-plotROC @2.3.1_1 (R, science)
Generate useful ROC curve charts for print and interactive use

R-qcc @2.7_1 (R, science)
Quality Control Charts

R-quantregGrowth @1.7-1 (R, science, math)
Non-crossing additive regression quantiles and non-parametric growth charts

R-radarchart @0.3.1_1 (R, science)
Radar chart from Chart.js

R-RcmdrPlugin.ROC @1.0-19_1 (R, science)
R Commander plug-in for receiver operator characteristic tools from R-pROC package

R-stringi @1.8.4_1 (R, science, devel)
Fast and portable character string processing in R

R-stringmagic @1.1.2 (R, science, devel)
Character string operations and interpolation

R-tableone @0.13.2_1 (R, science)
Create Table 1 to describe baseline characteristics with or without propensity score weights

R-tester @0.2.0_1 (R, science, devel)
Tests and checks characteristics of R objects

R-yardstick @1.3.1_1 (R, science)
Tidy characterizations of model performance

rainbarf @1.4 (sysutils)
CPU/RAM/battery stats chart bar for tmux (and GNU screen)

rb-uconv @0.6.1 (ruby)
Ruby API to convert Unicode characters

rb-unicode-display_width @2.6.0 (ruby, devel)
Monospace Unicode character width in Ruby

rb19-uconv @0.6.1 (ruby)
Ruby API to convert Unicode characters

rb31-unicode-display_width @2.6.0 (ruby, devel)
Monospace Unicode character width in Ruby

rb32-unicode-display_width @2.6.0 (ruby, devel)
Monospace Unicode character width in Ruby

rb33-unicode-display_width @2.6.0 (ruby, devel)
Monospace Unicode character width in Ruby

recode @3.7.15 (textproc)
charset conversion program

sword-book-finney @1.1 (textproc)
Sermons on Gospel Themes by Charles G. Finney (1792-1875)

uchardet @0.0.8 (textproc)
A text encoding detector library and tool

unac @1.8.0_1 (textproc)
library that removes accents from characters

unicode @3.2 (textproc)
displays properties for a given Unicode character or searches for a given character name

wordgrinder @0.8 (editors)
WordGrinder, lightweight character-cell word processor designed for the console

xcmsdb @1.0.5 (x11)
xcmsdb is used to load, query, or remove Device Color Characterization data stored in properties on the root window of the screen.

xfd @1.1.3 (x11)
Display all the characters in an X11 font

xpdf-arabic @2003-feb-16 (graphics, print)
Xpdf character mapping for Arabic

xpdf-chinese-simplified @2004-jul-27 (graphics, print)
Xpdf character mapping for simplified Chinese

xpdf-chinese-traditional @2004-jul-27 (graphics, print)
Xpdf character mapping for traditional Chinese

xpdf-cyrillic @2003-jun-28 (graphics, print)
Xpdf character mapping for Cyrillic

xpdf-greek @2003-jun-28 (graphics, print)
Xpdf character mapping for Greek

xpdf-hebrew @2003-feb-16 (graphics, print)
Xpdf character mapping for Hebrew

xpdf-japanese @2004-jul-27 (graphics, print)
Xpdf character mapping for Japanese

xpdf-korean @2005-jul-07 (graphics, print)
Xpdf character mapping for Korean

xpdf-latin2 @2002-oct-22 (graphics, print)
Xpdf character mapping for latin2

xpdf-thai @2002-jan-16 (graphics, print)
Xpdf character mapping for Thai

xpdf-turkish @2002-apr-10 (graphics, print)
Xpdf character mapping for Turkish

xwordgrinder @0.8 (editors)
WordGrinder, lightweight character-cell word processor designed for the console

zenith @0.14.2 (sysutils)
Zenith - sort of like top or htop but with zoomable charts, CPU, GPU, network, and disk usage

zkpwgen @1.0_2 (security, python)
Generate random passwords of full-width Japanese and Roman characters

Found 227 ports.
