embree @3.13.5_1 (graphics)
collection of high-performance ray tracing kernels

ihaskell @20251124 (devel, haskell)
A Haskell kernel for IPython.

ocaml-async_kernel @0.16.0_1 (ocaml, devel)
Jane Street Capitalʼs asynchronous execution library (core)

ocaml-async_rpc_kernel @0.16.0_1 (ocaml, devel)
Platform-independent core of Async RPC library

ocaml-core_kernel @0.16.0_1 (ocaml, devel)
Jane Streetʼs standard library overlay

ocaml-expect_test_helpers_kernel @0.13.0_1 (ocaml, devel)
Helpers for writing expectation tests

ocaml-textutils_kernel @0.16.0_1 (ocaml, textproc)
The subset of textutils using only core_kernel and working in JavaScript

opal-ml @2022-03-18 (math)
C++ header library of online learning with kernel slicing

oski @1.0.1h_1 (devel)
a collection of low-level C primitives that provide automatically tuned computational kernels on sparse matrices

py-ipykernel @7.1.0 (python, devel)
IPython Kernel for Jupyter

py-jfricas @2.0.0 (python, math)
FriCAS Jupyter Kernel.

py-kombine @0.8.4 (python, science)
An embarrassingly parallel, kernel-density-based ensemble sampler

py-metakernel @0.30.4 (python, devel, science)
A Jupyter/IPython kernel template

py-octave_kernel @0.36.0 (python, devel, science)
A Jupyter kernel for Octave

py-pythran @0.18.1_1 (python, devel)
Ahead of Time compiler for numeric kernels

py-spyder-kernels @3.1.2 (python, devel)
Jupyter kernels for Spyder's console.

py39-ipykernel @7.1.0 (python, devel)
IPython Kernel for Jupyter

py39-pythran @0.18.1_1 (python, devel)
Ahead of Time compiler for numeric kernels

py310-ipykernel @7.1.0 (python, devel)
IPython Kernel for Jupyter

py310-jfricas @2.0.0 (python, math)
FriCAS Jupyter Kernel.

py310-metakernel @0.30.4 (python, devel, science)
A Jupyter/IPython kernel template

py310-octave_kernel @0.36.0 (python, devel, science)
A Jupyter kernel for Octave

py310-pythran @0.18.1_1 (python, devel)
Ahead of Time compiler for numeric kernels

py310-spyder-kernels @3.1.2 (python, devel)
Jupyter kernels for Spyder's console.

py311-ipykernel @7.1.0 (python, devel)
IPython Kernel for Jupyter

py311-jfricas @2.0.0 (python, math)
FriCAS Jupyter Kernel.

py311-metakernel @0.30.4 (python, devel, science)
A Jupyter/IPython kernel template

py311-octave_kernel @0.36.0 (python, devel, science)
A Jupyter kernel for Octave

py311-pythran @0.18.1_1 (python, devel)
Ahead of Time compiler for numeric kernels

py311-spyder-kernels @3.1.2 (python, devel)
Jupyter kernels for Spyder's console.

py312-ipykernel @7.1.0 (python, devel)
IPython Kernel for Jupyter

py312-kombine @0.8.4 (python, science)
An embarrassingly parallel, kernel-density-based ensemble sampler

py312-metakernel @0.30.4 (python, devel, science)
A Jupyter/IPython kernel template

py312-octave_kernel @0.36.0 (python, devel, science)
A Jupyter kernel for Octave

py312-pythran @0.18.1_1 (python, devel)
Ahead of Time compiler for numeric kernels

py312-spyder-kernels @3.1.2 (python, devel)
Jupyter kernels for Spyder's console.

py313-ipykernel @7.1.0 (python, devel)
IPython Kernel for Jupyter

py313-metakernel @0.30.4 (python, devel, science)
A Jupyter/IPython kernel template

py313-pythran @0.18.1_1 (python, devel)
Ahead of Time compiler for numeric kernels

py313-spyder-kernels @3.1.2 (python, devel)
Jupyter kernels for Spyder's console.

py314-ipykernel @7.1.0 (python, devel)
IPython Kernel for Jupyter

py314-pythran @0.18.1_1 (python, devel)
Ahead of Time compiler for numeric kernels

py314-spyder-kernels @3.1.2 (python, devel)
Jupyter kernels for Spyder's console.

R-bark @1.0.5 (R, science, math)
Bayesian Additive Regression Kernels

R-evmix @2.12_1 (R, science, math)
Extreme value mixture modelling, threshold estimation and boundary-corrected kernel density estimation

R-fastkqr @1.0.0 (R, science, math)
Fast Algorithm for Kernel Quantile Regression

R-GoFKernel @2.1-3 (R, science, math)
Tests of goodness-of-fit based on a kernel smoothing of the data

R-IRkernel @1.3.2_1 (R, science)
Native R kernel for the Jupyter Notebook

R-kader @0.0.8_1 (R, science, math)
Kernel adaptive density estimation and regression

R-kangar00 @1.4.2 (R, science)
Kernel approaches for non-linear genetic association regression

R-kcpRS @1.1.1_1 (R, science, math)
Kernel change point detection on the running statistics

R-kde1d @1.0.7_1 (R, science, math)
Univariate kernel density estimation

R-kdecopula @0.9.2_1 (R, science, math)
Kernel smoothing for bivariate copula densities

R-kdensity @1.1.0_2 (R, science, math)
Kernel density estimation with parametric starts and asymmetric kernels

R-kebabs @1.38.0 (R, science, bioconductor)
Kernel-Based Analysis of Biological Sequences

R-kerDAA @0.1.1_1 (R, science, math)
New kernel-based test for differential association analysis

R-KERE @1.0.0_1 (R, science, math)
Expectile regression in reproducing kernel Hilbert space

R-kernelboot @0.1.10_2 (R, science, math)
Smoothed bootstrap and random generation from kernel densities

R-KernelKnn @1.1.5_2 (R, science, math)
Kernel k-nearest neighbors

R-kernelshap @0.7.0 (R, science, math)
Kernel SHAP

R-kernhaz @0.1.0_1 (R, science, math)
Kernel estimation of hazard function in survival analysis

R-kernlab @0.9-33 (R, science)
Kernel-based machine learning lab

R-KernSmooth @2.23-24 (R, science)
Functions for kernel smoothing (and density estimation)

R-klic @1.0.4_1 (R, science)
Kernel Learning Integrative Clustering

R-KRLS @1.0-0_1 (R, science, math)
Kernel-based Regularized Least Squares

R-KRMM @1.0_1 (R, science)
Kernel Ridge Mixed Model

R-ks @1.14.3 (R, science, math)
Kernel Smoothing

R-ktweedie @1.0.3_1 (R, science, math)
Tweedie compound Poisson model in the reproducing kernel Hilbert space

R-locpol @0.8.0_2 (R, science, math)
Kernel Local Polynomial regression

R-lokern @1.1-12 (R, science, math)
Kernel regression smoothing with local or global plug-in bandwidth

R-lookout @0.1.4_1 (R, science, math)
Leave-one-out kernel density estimates for outlier detection

R-mkde @0.3 (R, science, math)
2D and 3D movement-based kernel density estimates (MKDEs)

R-MKLE @1.0.1_1 (R, science, math)
Maximum Kernel Likelihood Estimation

R-np @0.60-18 (R, science, math)
Nonparametric kernel smoothing methods for mixed data types

R-plugdensity @0.8-5_1 (R, science, math)
Plug-in kernel density estimation

R-rkeops @2.1.0_1 (R, science, math)
Kernel Operations on GPU or CPU, with autodiff, without memory overflows

R-Rlibkdv @1.1_1 (R, science, gis)
Versatile kernel density visualization library for geospatial analytics

R-rrBLUP @4.6.3_1 (R, science)
Ridge regression and other kernels for genomic selection

R-rzmq @0.9.14 (R, science, devel)
Interface to the ZeroMQ lightweight messaging kernel

R-WPKDE @0.1_1 (R, science, math)
Weighted Piece-wise Kernel Density Estimation

shogun @2.1.0_26 (math, science)
The machine-learning toolbox's focus is on large-scale kernel methods

shogun-devel @4.0.0_23 (math, science)
The machine learning toolbox's focus is on large scale kernel methods

tablix @0.3.5 (math)
Kernel for solving general timetabling problems

volk @3.1.2 (science, comms)
Vector-Optimized Library of Kernels

xeus @5.2.6 (devel, science)
xeus is a library meant to facilitate the implementation of kernels for Jupyter.

xeus-sqlite @0.9.1 (databases)
xeus-sqlite is a Jupyter kernel for SQL based on the native implementation of the Jupyter protocol xeus.

zmq @4.3.5_1 (devel, sysutils, net)
0MQ (ZeroMQ) lightweight messaging kernel

zmq-devel @20240906-64db7d28 (devel, sysutils, net)
0MQ (ZeroMQ) lightweight messaging kernel

zmq3 @3.2.5_2 (devel, sysutils, net)
0MQ (ZeroMQ) lightweight messaging kernel

zmq22 @2.2.0_3 (devel, sysutils, net)
0MQ (ZeroMQ) lightweight messaging kernel

Found 90 ports.
