alacritty @0.16.1 (aqua, shells)
A cross-platform, GPU-accelerated terminal emulator

gputils @1.5.2 (devel)
GNU PIC Utilities

gr-fosphor @20200130-defdd4ac_3 (science, comms)
gr-fosphor provides a GNU Radio block for RTSA-like spectrum visualization using GPU acceleration.

gr37-fosphor @20191202-fa6761af_1 (science, comms)
gr-fosphor provides a GNU Radio block for RTSA-like spectrum visualization using GPU acceleration.

kitty @0.45.0 (aqua)
A cross-platform, fast, feature full, GPU based terminal emulator

libgpuarray @0.7.6 (math, devel)
Library to manipulate tensors on the GPU.

libmovit @1.7.0 (multimedia)
Modern Video Toolkit - open-source library for GPU-accelerated video filters

nvtop @3.3.1 (sysutils, graphics)
GPU & Accelerator process monitoring for AMD, Apple, Huawei, Intel, NVIDIA and Qualcomm

py-aesara @2.9.4 (python, devel)
Optimizing compiler for evaluating mathematical expressions on CPUs and GPUs.

py-pytensor @2.37.0 (python, math)
Optimizing compiler for evaluating mathematical expressions on CPUs and GPUs.

py-pytorch @2.9.0 (python)
Tensors and dynamic neural networks in Python with strong GPU acceleration

py-pyviennacl @1.0.3 (python, devel)
Sparse/dense linear algebra on GPUs and CPUs using OpenCL

py-tensorflow-metal @0.7.1 (python, lang)
TensorFlow acceleration for Mac GPUs.

py310-aesara @2.9.4 (python, devel)
Optimizing compiler for evaluating mathematical expressions on CPUs and GPUs.

py310-pytorch @2.9.0 (python)
Tensors and dynamic neural networks in Python with strong GPU acceleration

py310-tensorflow-metal @0.7.1 (python, lang)
TensorFlow acceleration for Mac GPUs.

py311-aesara @2.9.4 (python, devel)
Optimizing compiler for evaluating mathematical expressions on CPUs and GPUs.

py311-pytensor @2.37.0 (python, math)
Optimizing compiler for evaluating mathematical expressions on CPUs and GPUs.

py311-pytorch @2.9.0 (python)
Tensors and dynamic neural networks in Python with strong GPU acceleration

py311-pyviennacl @1.0.3 (python, devel)
Sparse/dense linear algebra on GPUs and CPUs using OpenCL

py312-aesara @2.9.4 (python, devel)
Optimizing compiler for evaluating mathematical expressions on CPUs and GPUs.

py312-pytensor @2.37.0 (python, math)
Optimizing compiler for evaluating mathematical expressions on CPUs and GPUs.

py312-pytorch @2.9.0 (python)
Tensors and dynamic neural networks in Python with strong GPU acceleration

py313-pytensor @2.37.0 (python, math)
Optimizing compiler for evaluating mathematical expressions on CPUs and GPUs.

py313-pytorch @2.9.0 (python)
Tensors and dynamic neural networks in Python with strong GPU acceleration

py314-pytensor @2.37.0 (python, math)
Optimizing compiler for evaluating mathematical expressions on CPUs and GPUs.

R-ggpubr @0.6.0_2 (R, science, math)
ggplot2-based publication-ready plots

R-rkeops @2.1.0_1 (R, science, math)
Kernel Operations on GPU or CPU, with autodiff, without memory overflows

rio @0.2.37 (aqua, shells)
A hardware-accelerated GPU terminal emulator focusing to run in desktops and browsers.

wezterm @20251201-075747-d3b0fdad (aqua, sysutils)
A GPU-accelerated cross-platform terminal emulator and multiplexer written in Rust

zenith @0.14.2 (sysutils)
Zenith - sort of like top or htop but with zoomable charts, CPU, GPU, network, and disk usage

Found 31 ports.
