ArpSpyX @1.3 (aqua, net)
ArpSpyX displays ARP packets received by your computer

bittwist @1.1 (net, security)
Simple yet powerful libpcap-based Ethernet packet generator.

daemonlogger @1.2.1 (net, security)
Packet Logger & Soft Tap

daq @2.0.7_1 (net)
A Data Acquisition library, for packet I/O

direwolf @1.8.1 (science)
is a software "soundcard" AX.25 packet modem/TNC and APRS encoder/decoder

hping3 @20051105_2 (net, security)
hping is a command-line oriented TCP/IP packet assembler/analyzer

impacket @0.13.0 (net, devel, python)
Impacket is a collection of Python classes focused on providing access to network packets.

libnet @1.3 (net)
Packet construction and injection

libpcap @1.10.6 (net)
Packet Capture library

libpdel @0.6.1_2 (devel, www)
Packet Design multi-purpose C library for embedded applications.

libtins @4.2_1 (devel, net)
high-level, multiplatform C++ network packet sniffing and crafting library

nemesis @1.8 (net, security)
Nemesis packet injection utility

nsm-console @0.7 (net, security)
framework for performing analysis on packet capture files

openfpc @0.1a_4 (security)
lightweight full-packet network traffic recorder & buffering tool

ostinato @0.9_7 (net, devel)
Ostinato is an open-source, cross-platform network packet crafter/traffic generator and analyzer with a friendly GUI.

p5-net-frame @1.210.0 (perl)
framework for crafting network packets

p5-net-pcap @0.210.0 (perl)
Interface to pcap(3) LBL packet capture library

p5-net-rawip @0.250.0_1 (perl)
Perl module to manipulate raw IP packets.

p5-netpacket @1.7.2 (perl)
Modules to assemble/disassemble network packets at the protocol level

p5.28-net-frame @1.210.0 (perl)
framework for crafting network packets

p5.28-net-pcap @0.210.0 (perl)
Interface to pcap(3) LBL packet capture library

p5.28-net-rawip @0.250.0_1 (perl)
Perl module to manipulate raw IP packets.

p5.28-netpacket @1.7.2 (perl)
Modules to assemble/disassemble network packets at the protocol level

p5.30-net-frame @1.210.0 (perl)
framework for crafting network packets

p5.30-net-pcap @0.210.0 (perl)
Interface to pcap(3) LBL packet capture library

p5.30-net-rawip @0.250.0_1 (perl)
Perl module to manipulate raw IP packets.

p5.30-netpacket @1.7.2 (perl)
Modules to assemble/disassemble network packets at the protocol level

p5.32-net-frame @1.210.0 (perl)
framework for crafting network packets

p5.32-net-pcap @0.210.0 (perl)
Interface to pcap(3) LBL packet capture library

p5.32-net-rawip @0.250.0_1 (perl)
Perl module to manipulate raw IP packets.

p5.32-netpacket @1.7.2 (perl)
Modules to assemble/disassemble network packets at the protocol level

p5.34-net-frame @1.210.0 (perl)
framework for crafting network packets

p5.34-net-pcap @0.210.0 (perl)
Interface to pcap(3) LBL packet capture library

p5.34-net-rawip @0.250.0_1 (perl)
Perl module to manipulate raw IP packets.

p5.34-netpacket @1.7.2 (perl)
Modules to assemble/disassemble network packets at the protocol level

pgpdump @0.35 (security)
PGP packet visualizer

py-dpkt @1.9.8 (python, net)
python packet creation and parsing library

py-pylibpcap @0.6.4 (python, net)
Python module for the libpcap packet capture library

py-pysap @0.1.19_1 (python)
Python library for crafting SAP's network protocols packets

py-scapy @2.6.1 (python, net, security)
A powerful packet manipulation tool

py27-pylibpcap @0.6.4 (python, net)
Python module for the libpcap packet capture library

py27-pysap @0.1.19_1 (python)
Python library for crafting SAP's network protocols packets

py27-scapy @2.5.0 (python, net, security)
A powerful packet manipulation tool

py39-scapy @2.6.1 (python, net, security)
A powerful packet manipulation tool

py310-dpkt @1.9.8 (python, net)
python packet creation and parsing library

py310-scapy @2.6.1 (python, net, security)
A powerful packet manipulation tool

py311-dpkt @1.9.8 (python, net)
python packet creation and parsing library

py311-scapy @2.6.1 (python, net, security)
A powerful packet manipulation tool

py312-scapy @2.6.1 (python, net, security)
A powerful packet manipulation tool

py313-scapy @2.6.1 (python, net, security)
A powerful packet manipulation tool

rb-pcap @0.6 (ruby, net)
Ruby interface to LBL Packet Capture library (libpcap).

serialDV @1.1.5 (science, comms)
C++ Minimal interface to encode and decode audio with AMBE3000 based devices in packet mode over a serial link.

sniffglue @0.16.1 (security, net)
Secure multithreaded packet sniffer

tcpterm @0.2.0 (net)
tcpterm is a packet visualizer in TUI.

tcptraceroute @1.5beta7_1 (net)
a traceroute implementation using TCP packets

traceroute @1.4a12 (net)
a traceroute implementation using ICMP packets

uplog @0.3 (net)
A UDP based ping program that can give an ASCII-graphical log of the packet losses

wakeonlan @0.42 (net)
wakeonlan sends magic packets for network-devices to wake up

xplot @0.90.7.1 (math, science)
xplot was written in the late 1980s to support the analysis of TCP packet traces.

Found 59 ports.
