BlackHole @0.6.1 (audio)
macOS virtual audio driver.

darktable @4.4.1_7 (graphics)
Virtual lighttable and darkroom for photographers

darktable-devel @4.8.1_2 (graphics)
Virtual lighttable and darkroom for photographers

DesktopManager @0.5.3_1 (aqua)
Virtual Desktops for Mac OS X

disvf @0 (tex, print, japanese)
A perl script to convert Japanese Virtual Font files to Virtual Property Lists.

dvtm @0.15 (sysutils)
Dynamic Virtual Terminal Manager

FluffyDisplay @1.0.5 (sysutils)
create virtual displays/screens/monitors

gnome-vfs @2.24.4_5 (gnome)
This is the GNOME Virtual File System.

gvfs @1.36.2_1 (devel)
The Gnome Virtual File System.

gvpe @3.1_1 (net)
GNU Virtual Private Ethernet

honeyd @1.5c_5 (net)
A small daemon that creates virtual hosts appearing to run various operating systems and services.

jikesrvm @2.3.3 (lang, java, devel)
the Jikes (Java) Research Virtual Machine

krunkit @1.1.1 (emulators)
Tool to launch configurable virtual machines using libkrun

libkrun @1.16.0 (emulators)
Dynamic library providing Virtualization-based process isolation capabilities

libvirt @11.8.0 (sysutils)
Libvirt - The Virtualization API

lima @2.0.3 (sysutils)
Linux virtual machines

makejvf @1.1a (tex, print, japanese)
Japanese Virtual Font file maker.

marble @4.14.3_6 (kde, kde4)
Virtual Globe

MoarVM @2025.05 (lang, devel)
A virtual machine for NQP and Rakudo

moftpd @1.2.1 (net)
moftpd is a FTP server supporting IPv6, virtual hosts

nomad @1.9.4 (net)
Nomad is an open source scheduler for scheduling virtualized, containerized, and standalone applications.

nqp @2025.05 (lang, devel)
A lightweight Perl 6-like language for virtual machines

openslide @4.0.0 (graphics)
A C library for reading virtual slides.

p5-inline-files @0.710.0 (perl)
Inline::Files - Multiple virtual files at the end of your code

p5-lwp-useragent-determined @1.70.0 (perl)
a virtual browser that retries errors

p5-net-dns-resolver-programmable @0.9.0 (perl)
allows a virtual DNS to be emulated instead of querying the real DNS

p5.28-inline-files @0.710.0 (perl)
Inline::Files - Multiple virtual files at the end of your code

p5.28-lwp-useragent-determined @1.70.0 (perl)
a virtual browser that retries errors

p5.28-net-dns-resolver-programmable @0.9.0 (perl)
allows a virtual DNS to be emulated instead of querying the real DNS

p5.30-inline-files @0.710.0 (perl)
Inline::Files - Multiple virtual files at the end of your code

p5.30-lwp-useragent-determined @1.70.0 (perl)
a virtual browser that retries errors

p5.30-net-dns-resolver-programmable @0.9.0 (perl)
allows a virtual DNS to be emulated instead of querying the real DNS

p5.32-inline-files @0.710.0 (perl)
Inline::Files - Multiple virtual files at the end of your code

p5.32-lwp-useragent-determined @1.70.0 (perl)
a virtual browser that retries errors

p5.32-net-dns-resolver-programmable @0.9.0 (perl)
allows a virtual DNS to be emulated instead of querying the real DNS

p5.34-inline-files @0.710.0 (perl)
Inline::Files - Multiple virtual files at the end of your code

p5.34-lwp-useragent-determined @1.70.0 (perl)
a virtual browser that retries errors

p5.34-net-dns-resolver-programmable @0.9.0 (perl)
allows a virtual DNS to be emulated instead of querying the real DNS

proxy-audio-device @1.0.7 (audio)
A HAL virtual audio driver for macOS that sends all output to another audio device.

py-libvirt @11.8.0 (python)
The libvirt virtualization API python binding

py-nodeenv @1.10.0 (python, devel)
Node.js virtual environment builder

py-pew @1.2.0_1 (python)
A tool to manage multiple virtual environments written in pure python

py-poetry-plugin-shell @1.0.1 (python)
Poetry plugin to run subshell with virtual environment activated

py-pylint-venv @3.0.4 (python, devel)
pylint-venv provides a Pylint init-hook to use the same Pylint installation with different virtual environments.

py-pytest-virtualenv @1.8.0 (python, devel)
Python virtual environment for pytest

py-python-ivi @20211008-250702b5 (python)
Python Interchangeable Virtual Instrument Library

py-pyvo @1.8 (python)
Astropy affiliated package for accessing Virtual Observatory data and services

py-tox @4.28.4 (python, devel)
tox: virtualenv-based automation of test activities

py-virtualenv @20.36.1 (python, devel)
Virtual Python Environment builder

py-virtualenv-clone @0.5.7_2 (python, devel)
script to clone virtualenvs

py-virtualenvwrapper @6.0.0 (python)
Enhancements to virtualenv

py-virtualfish @2.5.9 (python)
A Fish wrapper for Ian Bicking's virtualenv

py-vo @1.8 (python, science)
Astropy affiliated package for accessing Virtual Observatory data and services

py27-virtualenv @20.15.1 (python, devel)
Virtual Python Environment builder

py39-pew @1.2.0_1 (python)
A tool to manage multiple virtual environments written in pure python

py39-virtualenv @20.36.1 (python, devel)
Virtual Python Environment builder

py39-virtualenv-clone @0.5.7_2 (python, devel)
script to clone virtualenvs

py310-libvirt @11.8.0 (python)
The libvirt virtualization API python binding

py310-nodeenv @1.10.0 (python, devel)
Node.js virtual environment builder

py310-pew @1.2.0_1 (python)
A tool to manage multiple virtual environments written in pure python

py310-poetry-plugin-shell @1.0.1 (python)
Poetry plugin to run subshell with virtual environment activated

py310-pylint-venv @3.0.4 (python, devel)
pylint-venv provides a Pylint init-hook to use the same Pylint installation with different virtual environments.

py310-pytest-virtualenv @1.8.0 (python, devel)
Python virtual environment for pytest

py310-python-ivi @20211008-250702b5 (python)
Python Interchangeable Virtual Instrument Library

py310-pyvo @1.8 (python)
Astropy affiliated package for accessing Virtual Observatory data and services

py310-tox @4.28.4 (python, devel)
tox: virtualenv-based automation of test activities

py310-virtualenv @20.36.1 (python, devel)
Virtual Python Environment builder

py310-virtualenv-clone @0.5.7_2 (python, devel)
script to clone virtualenvs

py310-virtualenvwrapper @6.0.0 (python)
Enhancements to virtualenv

py310-virtualfish @2.5.9 (python)
A Fish wrapper for Ian Bicking's virtualenv

py311-libvirt @11.8.0 (python)
The libvirt virtualization API python binding

py311-nodeenv @1.10.0 (python, devel)
Node.js virtual environment builder

py311-pew @1.2.0_1 (python)
A tool to manage multiple virtual environments written in pure python

py311-poetry-plugin-shell @1.0.1 (python)
Poetry plugin to run subshell with virtual environment activated

py311-pylint-venv @3.0.4 (python, devel)
pylint-venv provides a Pylint init-hook to use the same Pylint installation with different virtual environments.

py311-pytest-virtualenv @1.8.0 (python, devel)
Python virtual environment for pytest

py311-pyvo @1.8 (python)
Astropy affiliated package for accessing Virtual Observatory data and services

py311-tox @4.28.4 (python, devel)
tox: virtualenv-based automation of test activities

py311-virtualenv @20.36.1 (python, devel)
Virtual Python Environment builder

py311-virtualenv-clone @0.5.7_2 (python, devel)
script to clone virtualenvs

py311-virtualenvwrapper @6.0.0 (python)
Enhancements to virtualenv

py311-virtualfish @2.5.9 (python)
A Fish wrapper for Ian Bicking's virtualenv

py312-libvirt @11.8.0 (python)
The libvirt virtualization API python binding

py312-nodeenv @1.10.0 (python, devel)
Node.js virtual environment builder

py312-pew @1.2.0_1 (python)
A tool to manage multiple virtual environments written in pure python

py312-poetry-plugin-shell @1.0.1 (python)
Poetry plugin to run subshell with virtual environment activated

py312-pylint-venv @3.0.4 (python, devel)
pylint-venv provides a Pylint init-hook to use the same Pylint installation with different virtual environments.

py312-pytest-virtualenv @1.8.0 (python, devel)
Python virtual environment for pytest

py312-pyvo @1.8 (python)
Astropy affiliated package for accessing Virtual Observatory data and services

py312-tox @4.28.4 (python, devel)
tox: virtualenv-based automation of test activities

py312-virtualenv @20.36.1 (python, devel)
Virtual Python Environment builder

py312-virtualenv-clone @0.5.7_2 (python, devel)
script to clone virtualenvs

py312-virtualenvwrapper @6.0.0 (python)
Enhancements to virtualenv

py312-virtualfish @2.5.9 (python)
A Fish wrapper for Ian Bicking's virtualenv

py313-libvirt @11.8.0 (python)
The libvirt virtualization API python binding

py313-nodeenv @1.10.0 (python, devel)
Node.js virtual environment builder

py313-pew @1.2.0_1 (python)
A tool to manage multiple virtual environments written in pure python

py313-poetry-plugin-shell @1.0.1 (python)
Poetry plugin to run subshell with virtual environment activated

py313-pylint-venv @3.0.4 (python, devel)
pylint-venv provides a Pylint init-hook to use the same Pylint installation with different virtual environments.

py313-pytest-virtualenv @1.8.0 (python, devel)
Python virtual environment for pytest

py313-pyvo @1.8 (python)
Astropy affiliated package for accessing Virtual Observatory data and services

py313-tox @4.28.4 (python, devel)
tox: virtualenv-based automation of test activities

py313-virtualenv @20.36.1 (python, devel)
Virtual Python Environment builder

py313-virtualfish @2.5.9 (python)
A Fish wrapper for Ian Bicking's virtualenv

py313-vo @1.8 (python, science)
Astropy affiliated package for accessing Virtual Observatory data and services

py314-libvirt @11.8.0 (python)
The libvirt virtualization API python binding

py314-nodeenv @1.10.0 (python, devel)
Node.js virtual environment builder

py314-pew @1.2.0_1 (python)
A tool to manage multiple virtual environments written in pure python

py314-poetry-plugin-shell @1.0.1 (python)
Poetry plugin to run subshell with virtual environment activated

py314-pylint-venv @3.0.4 (python, devel)
pylint-venv provides a Pylint init-hook to use the same Pylint installation with different virtual environments.

py314-tox @4.28.4 (python, devel)
tox: virtualenv-based automation of test activities

py314-virtualenv @20.36.1 (python, devel)
Virtual Python Environment builder

py314-virtualfish @2.5.9 (python)
A Fish wrapper for Ian Bicking's virtualenv

qt5-qtvirtualkeyboard @5.15.18 (aqua)
Tools and Module(s) for Qt Tool Kit 5

qt5-qtvirtualkeyboard-docs @5.15.18 (aqua)
Documentation for the port qt5-qtvirtualkeyboard

qt6-qtvirtualkeyboard @6.10.2 (aqua)
Tools and Module(s) for Qt Tool Kit 6

qt6-qtvirtualkeyboard-docs @6.10.2 (aqua)
Documentation for Qt Tool Kit 6

qt57-qtvirtualkeyboard @5.7.1 (aqua)
Tools and Module(s) for Qt Tool Kit 5

qt57-qtvirtualkeyboard-docs @5.7.1 (aqua)
Documentation for the port qt57-qtvirtualkeyboard

qt58-qtvirtualkeyboard @5.8.0 (aqua)
Tools and Module(s) for Qt Tool Kit 5

qt58-qtvirtualkeyboard-docs @5.8.0 (aqua)
Documentation for the port qt58-qtvirtualkeyboard

qt59-qtvirtualkeyboard @5.9.9 (aqua)
Tools and Module(s) for Qt Tool Kit 5

qt59-qtvirtualkeyboard-docs @5.9.9 (aqua)
Documentation for the port qt59-qtvirtualkeyboard

qt64-qtvirtualkeyboard @6.4.3 (aqua)
Tools and Module(s) for Qt Tool Kit 6

qt64-qtvirtualkeyboard-docs @6.4.3 (aqua)
Documentation for Qt Tool Kit 6

qt67-qtvirtualkeyboard @6.7.3 (aqua)
Tools and Module(s) for Qt Tool Kit 6

qt67-qtvirtualkeyboard-docs @6.7.3 (aqua)
Documentation for Qt Tool Kit 6

qt68-qtvirtualkeyboard @6.8.3 (aqua)
Tools and Module(s) for Qt Tool Kit 6

qt68-qtvirtualkeyboard-docs @6.8.3 (aqua)
Documentation for Qt Tool Kit 6

qt69-qtvirtualkeyboard @6.9.3 (aqua)
Tools and Module(s) for Qt Tool Kit 6

qt69-qtvirtualkeyboard-docs @6.9.3 (aqua)
Documentation for Qt Tool Kit 6

qt511-qtvirtualkeyboard @5.11.3 (aqua)
Tools and Module(s) for Qt Tool Kit 5

qt511-qtvirtualkeyboard-docs @5.11.3 (aqua)
Documentation for the port qt511-qtvirtualkeyboard

qt513-qtvirtualkeyboard @5.13.2 (aqua)
Tools and Module(s) for Qt Tool Kit 5

qt513-qtvirtualkeyboard-docs @5.13.2 (aqua)
Documentation for the port qt513-qtvirtualkeyboard

R-via @0.2.0_1 (R, science, devel)
Virtual Arrays

spice-protocol @0.14.5 (devel)
Remote virtual machine protocol

spice-server @0.16.0 (devel)
Remote virtual machine server

tinc @1.0.36_2 (net, security)
Virtual Private Network (VPN) Daemon

tinc-devel @1.1pre18 (net, security)
Virtual Private Network (VPN) Daemon

tuntaposx @20150118 (net)
Tun and tap virtual devices.

usbredir @0.15.0 (devel)
Remote virtual machine server

vcvrack @1.1.6 (audio)
VCV Rack is an open-source virtual modular synthesizer.

vde2 @2.3.3 (net)
Virtual Distributed Ethernet

vfkit @0.6.3 (sysutils)
Simple command line tool to start VMs through virtualization framework

vftool @20201012 (sysutils)
A simple macOS Virtualisation.framework wrapper

virglrenderer @0.10.4e_2 (graphics)
VirGL virtual OpenGL renderer

virt-manager @5.1.0_3 (gnome, emulators)
Virtual Machine Manager

virtualenv-clone_select @0.1 (python)
common files for selecting default virtualenv-clone version

virtualenv_select @0.1_1 (python)
common files for selecting default virtualenv version

virtualenvwrapper_select @0.1 (python)
common files for selecting default virtualenvwrapper version

VirtualPlanetBuilder @0.9.13_7 (graphics)
terrain database creation tool

vm-pop3d @1.1.6_3 (mail)
POP3 server for Postfix that supports virtual domains and mailboxes

vpcs @0.8c-20160224 (emulators)
Virtual PC Simulator particularly of use with the Cisco dynamips emulator.

vpopmail @5.4.25 (mail)
Manage multiple virtual domains with Qmail

vrpn @07.36 (net, devel, multimedia)
Virtual-Reality Peripheral Network

vtwm @5.5.0 (x11)
Twm with a virtual desktop and optional Motif-like features

xhyve @20211002 (emulators)
a lightweight OS X virtualization solution

xpad @5.8.0 (x11, sysutils)
Virtual note-pad system for your desktop

Found 159 ports.
