py-cloudpickle @3.1.2 (python, science)
Extended pickling support for Python objects.

py-dill @0.4.1 (python)
serialize all of python extends python's pickle module

py-fickling @0.1.7 (python)
Fickling is a decompiler, static analyzer, and bytecode rewriter for Python pickle object serializations.

py-jsonpickle @4.1.1 (python, textproc)
Python library for serializing any arbitrary object graph into JSON.

py-pickleshare @0.7.5 (python, devel, science)
Tiny 'shelve'-like database with concurrency support.

py-sphinxcontrib-serializinghtml @2.0.0 (python, textproc, devel)
sphinx extension which outputs serialized HTML files (json and pickle)

py38-sphinxcontrib-serializinghtml @1.1.5 (python, textproc, devel)
sphinx extension which outputs serialized HTML files (json and pickle)

py39-cloudpickle @3.1.2 (python, science)
Extended pickling support for Python objects.

py39-dill @0.4.1 (python)
serialize all of python extends python's pickle module

py39-sphinxcontrib-serializinghtml @2.0.0 (python, textproc, devel)
sphinx extension which outputs serialized HTML files (json and pickle)

py310-cloudpickle @3.1.2 (python, science)
Extended pickling support for Python objects.

py310-dill @0.4.1 (python)
serialize all of python extends python's pickle module

py310-fickling @0.1.7 (python)
Fickling is a decompiler, static analyzer, and bytecode rewriter for Python pickle object serializations.

py310-jsonpickle @4.1.1 (python, textproc)
Python library for serializing any arbitrary object graph into JSON.

py310-pickleshare @0.7.5 (python, devel, science)
Tiny 'shelve'-like database with concurrency support.

py310-sphinxcontrib-serializinghtml @2.0.0 (python, textproc, devel)
sphinx extension which outputs serialized HTML files (json and pickle)

py311-cloudpickle @3.1.2 (python, science)
Extended pickling support for Python objects.

py311-dill @0.4.1 (python)
serialize all of python extends python's pickle module

py311-fickling @0.1.7 (python)
Fickling is a decompiler, static analyzer, and bytecode rewriter for Python pickle object serializations.

py311-jsonpickle @4.1.1 (python, textproc)
Python library for serializing any arbitrary object graph into JSON.

py311-pickleshare @0.7.5 (python, devel, science)
Tiny 'shelve'-like database with concurrency support.

py311-sphinxcontrib-serializinghtml @2.0.0 (python, textproc, devel)
sphinx extension which outputs serialized HTML files (json and pickle)

py312-cloudpickle @3.1.2 (python, science)
Extended pickling support for Python objects.

py312-dill @0.4.1 (python)
serialize all of python extends python's pickle module

py312-fickling @0.1.7 (python)
Fickling is a decompiler, static analyzer, and bytecode rewriter for Python pickle object serializations.

py312-jsonpickle @4.1.1 (python, textproc)
Python library for serializing any arbitrary object graph into JSON.

py312-pickleshare @0.7.5 (python, devel, science)
Tiny 'shelve'-like database with concurrency support.

py312-sphinxcontrib-serializinghtml @2.0.0 (python, textproc, devel)
sphinx extension which outputs serialized HTML files (json and pickle)

py313-cloudpickle @3.1.2 (python, science)
Extended pickling support for Python objects.

py313-dill @0.4.1 (python)
serialize all of python extends python's pickle module

py313-fickling @0.1.7 (python)
Fickling is a decompiler, static analyzer, and bytecode rewriter for Python pickle object serializations.

py313-jsonpickle @4.1.1 (python, textproc)
Python library for serializing any arbitrary object graph into JSON.

py313-pickleshare @0.7.5 (python, devel, science)
Tiny 'shelve'-like database with concurrency support.

py313-sphinxcontrib-serializinghtml @2.0.0 (python, textproc, devel)
sphinx extension which outputs serialized HTML files (json and pickle)

py314-cloudpickle @3.1.2 (python, science)
Extended pickling support for Python objects.

py314-dill @0.4.1 (python)
serialize all of python extends python's pickle module

py314-fickling @0.1.7 (python)
Fickling is a decompiler, static analyzer, and bytecode rewriter for Python pickle object serializations.

py314-jsonpickle @4.1.1 (python, textproc)
Python library for serializing any arbitrary object graph into JSON.

py314-pickleshare @0.7.5 (python, devel, science)
Tiny 'shelve'-like database with concurrency support.

py314-sphinxcontrib-serializinghtml @2.0.0 (python, textproc, devel)
sphinx extension which outputs serialized HTML files (json and pickle)

Found 40 ports.
