qt513 @5.13.2 (aqua)
Qt Tool Kit 5

qt513-docs @5.13.2 (aqua)
Documentation for Qt Tool Kit 5

qt513-mysql-plugin @5.13.2 (aqua)
MySQL Database Driver for Qt Tool Kit 5

qt513-psql-plugin @5.13.2 (aqua)
PostgreSQL Database Driver for Qt Tool Kit 5

qt513-qt3d @5.13.2 (aqua)
Tools and Module(s) for Qt Tool Kit 5

qt513-qt3d-docs @5.13.2 (aqua)
Documentation for the port qt513-qt3d

qt513-qtbase @5.13.2_12 (aqua)
Tools and Module(s) for Qt Tool Kit 5

qt513-qtbase-docs @5.13.2_12 (aqua)
Documentation for the port qt513-qtbase

qt513-qtcharts @5.13.2 (aqua)
Tools and Module(s) for Qt Tool Kit 5

qt513-qtcharts-docs @5.13.2 (aqua)
Documentation for the port qt513-qtcharts

qt513-qtconnectivity @5.13.2 (aqua)
Tools and Module(s) for Qt Tool Kit 5

qt513-qtconnectivity-docs @5.13.2 (aqua)
Documentation for the port qt513-qtconnectivity

qt513-qtdatavis3d @5.13.2 (aqua)
Tools and Module(s) for Qt Tool Kit 5

qt513-qtdatavis3d-docs @5.13.2 (aqua)
Documentation for the port qt513-qtdatavis3d

qt513-qtdeclarative @5.13.2 (aqua)
Tools and Module(s) for Qt Tool Kit 5

qt513-qtdeclarative-docs @5.13.2 (aqua)
Documentation for the port qt513-qtdeclarative

qt513-qtdoc @5.13.2 (aqua)
Tools and Module(s) for Qt Tool Kit 5

qt513-qtgamepad @5.13.2 (aqua)
Tools and Module(s) for Qt Tool Kit 5

qt513-qtgamepad-docs @5.13.2 (aqua)
Documentation for the port qt513-qtgamepad

qt513-qtgraphicaleffects @5.13.2 (aqua)
Tools and Module(s) for Qt Tool Kit 5

qt513-qtgraphicaleffects-docs @5.13.2 (aqua)
Documentation for the port qt513-qtgraphicaleffects

qt513-qtimageformats @5.13.2_3 (aqua)
Tools and Module(s) for Qt Tool Kit 5

qt513-qtimageformats-docs @5.13.2_3 (aqua)
Documentation for the port qt513-qtimageformats

qt513-qtlocation @5.13.2_7 (aqua)
Tools and Module(s) for Qt Tool Kit 5

qt513-qtlocation-docs @5.13.2_7 (aqua)
Documentation for the port qt513-qtlocation

qt513-qtlottie @5.13.2 (aqua)
Tools and Module(s) for Qt Tool Kit 5

qt513-qtlottie-docs @5.13.2 (aqua)
Documentation for the port qt513-qtlottie

qt513-qtmacextras @5.13.2 (aqua)
Tools and Module(s) for Qt Tool Kit 5

qt513-qtmacextras-docs @5.13.2 (aqua)
Documentation for the port qt513-qtmacextras

qt513-qtmultimedia @5.13.2 (aqua)
Tools and Module(s) for Qt Tool Kit 5

qt513-qtmultimedia-docs @5.13.2 (aqua)
Documentation for the port qt513-qtmultimedia

qt513-qtnetworkauth @5.13.2 (aqua)
Tools and Module(s) for Qt Tool Kit 5

qt513-qtnetworkauth-docs @5.13.2 (aqua)
Documentation for the port qt513-qtnetworkauth

qt513-qtpurchasing @5.13.2 (aqua)
Tools and Module(s) for Qt Tool Kit 5

qt513-qtpurchasing-docs @5.13.2 (aqua)
Documentation for the port qt513-qtpurchasing

qt513-qtquickcontrols @5.13.2 (aqua)
Tools and Module(s) for Qt Tool Kit 5

qt513-qtquickcontrols-docs @5.13.2 (aqua)
Documentation for the port qt513-qtquickcontrols

qt513-qtquickcontrols2 @5.13.2 (aqua)
Tools and Module(s) for Qt Tool Kit 5

qt513-qtquickcontrols2-docs @5.13.2 (aqua)
Documentation for the port qt513-qtquickcontrols2

qt513-qtremoteobjects @5.13.2 (aqua)
Tools and Module(s) for Qt Tool Kit 5

qt513-qtremoteobjects-docs @5.13.2 (aqua)
Documentation for the port qt513-qtremoteobjects

qt513-qtscript @5.13.2 (aqua)
Tools and Module(s) for Qt Tool Kit 5

qt513-qtscript-docs @5.13.2 (aqua)
Documentation for the port qt513-qtscript

qt513-qtscxml @5.13.2 (aqua)
Tools and Module(s) for Qt Tool Kit 5

qt513-qtscxml-docs @5.13.2 (aqua)
Documentation for the port qt513-qtscxml

qt513-qtsensors @5.13.2 (aqua)
Tools and Module(s) for Qt Tool Kit 5

qt513-qtsensors-docs @5.13.2 (aqua)
Documentation for the port qt513-qtsensors

qt513-qtserialbus @5.13.2 (aqua)
Tools and Module(s) for Qt Tool Kit 5

qt513-qtserialbus-docs @5.13.2 (aqua)
Documentation for the port qt513-qtserialbus

qt513-qtserialport @5.13.2 (aqua)
Tools and Module(s) for Qt Tool Kit 5

qt513-qtserialport-docs @5.13.2 (aqua)
Documentation for the port qt513-qtserialport

qt513-qtspeech @5.13.2 (aqua)
Tools and Module(s) for Qt Tool Kit 5

qt513-qtspeech-docs @5.13.2 (aqua)
Documentation for the port qt513-qtspeech

qt513-qtsvg @5.13.2 (aqua)
Tools and Module(s) for Qt Tool Kit 5

qt513-qtsvg-docs @5.13.2 (aqua)
Documentation for the port qt513-qtsvg

qt513-qttools @5.13.2 (aqua)
Tools and Module(s) for Qt Tool Kit 5

qt513-qttools-docs @5.13.2 (aqua)
Documentation for the port qt513-qttools

qt513-qttranslations @5.13.2_2 (aqua)
Tools and Module(s) for Qt Tool Kit 5

qt513-qtvirtualkeyboard @5.13.2 (aqua)
Tools and Module(s) for Qt Tool Kit 5

qt513-qtvirtualkeyboard-docs @5.13.2 (aqua)
Documentation for the port qt513-qtvirtualkeyboard

qt513-qtwebchannel @5.13.2 (aqua)
Tools and Module(s) for Qt Tool Kit 5

qt513-qtwebchannel-docs @5.13.2 (aqua)
Documentation for the port qt513-qtwebchannel

qt513-qtwebengine @5.13.2_11 (aqua)
Tools and Module(s) for Qt Tool Kit 5

qt513-qtwebengine-docs @5.13.2_11 (aqua)
Documentation for the port qt513-qtwebengine

qt513-qtwebglplugin @5.13.2 (aqua)
Tools and Module(s) for Qt Tool Kit 5

qt513-qtwebkit @5.9.1_7 (aqua)
Tools and Module(s) for Qt Tool Kit 5

qt513-qtwebkit-docs @5.9.1_7 (aqua)
Documentation for the port qt513-qtwebkit

qt513-qtwebkit-examples @5.9.1_1 (aqua)
Tools and Module(s) for Qt Tool Kit 5

qt513-qtwebsockets @5.13.2 (aqua)
Tools and Module(s) for Qt Tool Kit 5

qt513-qtwebsockets-docs @5.13.2 (aqua)
Documentation for the port qt513-qtwebsockets

qt513-qtwebview @5.13.2 (aqua)
Tools and Module(s) for Qt Tool Kit 5

qt513-qtwebview-docs @5.13.2 (aqua)
Documentation for the port qt513-qtwebview

qt513-qtxmlpatterns @5.13.2 (aqua)
Tools and Module(s) for Qt Tool Kit 5

qt513-qtxmlpatterns-docs @5.13.2 (aqua)
Documentation for the port qt513-qtxmlpatterns

qt513-sqlite-plugin @5.13.2 (aqua)
SQLite Database Driver for Qt Tool Kit 5

Found 75 ports.
