cabal @3.16.1.0 (lang, haskell, devel)
Haskell Cabal: Common Architecture for Building Applications and Libraries

cabal-prebuilt @3.16.1.0 (lang, haskell, devel)
Haskell Cabal: Common Architecture for Building Applications and Libraries

cabextract @1.11 (archivers, compression, sysutils)
Extract files from Microsoft cabinet files

cableswig @4.0 (devel)
Create wrappers to interpreted languages

cabocha @0.69 (textproc, japanese)
Yet Another Japanese Dependency Structure Analyzer

docsis @0.9.8_5 (net)
generates binary configuration files for DOCSIS-compliant cable modems

gcab @1.4 (gnome)
A tool and library mainly made to create Cabinet files

julius @4.6 (audio, japanese)
Large Vocabulary Continuous Speech Recognition (LVCSR) Engine

kyotocabinet @1.2.78 (databases)
Kyoto Cabinet is a library of routines for managing a database.

lcab @1.0b12 (archivers)
Linux CABinet file creator

libticables2 @1.3.5 (math)
TILibs

mcabber @1.1.2_1 (net)
Console Jabber client

mecab @0.996 (textproc, japanese)
yet another part-of-speech and morphological analyzer

mecab-base @0.996_1 (textproc, japanese)
yet another part-of-speech and morphological analyzer

mecab-ipadic @2.7.0-20070801 (textproc, japanese)
ipadic of eucjp encoding for MeCab

mecab-ipadic-neologd @20150716 (textproc, japanese)
Neologism dictionary for MeCab

mecab-ipadic-sjis @2.7.0-20070801 (textproc, japanese)
ipadic of sjis encoding for MeCab

mecab-ipadic-utf8 @2.7.0-20070801 (textproc, japanese)
ipadic of utf8 encoding for MeCab

mecab-java @0.996 (java, textproc, japanese)
a Java module for MeCab

mecab-jumandic @7.0-20130310 (textproc, japanese)
jumandic of eucjp encoding for MeCab

mecab-jumandic-sjis @7.0-20130310 (textproc, japanese)
jumandic of sjis encoding for MeCab

mecab-jumandic-utf8 @7.0-20130310 (textproc, japanese)
jumandic of utf8 encoding for MeCab

mecab-naist-jdic @0.6.3b-20111013 (textproc, japanese)
naist-jdic of eucjp encoding for MeCab

mecab-naist-jdic-sjis @0.6.3b-20111013 (textproc, japanese)
naist-jdic of eucjp encoding for MeCab

mecab-naist-jdic-utf8 @0.6.3b-20111013 (textproc, japanese)
naist-jdic of eucjp encoding for MeCab

mecab-sjis @0.996 (textproc, japanese)
yet another part-of-speech and morphological analyzer

mecab-utf8 @0.996 (textproc, japanese)
yet another part-of-speech and morphological analyzer

octave-mccabe-thiele @0.1.5_1 (octave, math, science)
A toolbox for the McCabe-Thiele method for GNU Octave.

p5-mecab @0.996.0 (perl, textproc, japanese)
a Perl module for MeCab

p5.28-mecab @0.996.0 (perl, textproc, japanese)
a Perl module for MeCab

p5.30-mecab @0.996.0 (perl, textproc, japanese)
a Perl module for MeCab

p5.32-mecab @0.996.0 (perl, textproc, japanese)
a Perl module for MeCab

p5.34-mecab @0.996.0 (perl, textproc, japanese)
a Perl module for MeCab

parley @4.14.3_3 (kde, kde4)
Vocabulary Trainer

py-flake8-mccabe @0.7.0 (python, devel)
McCabe complexity checker for Python code, flake8 plugin

py-fugashi @1.5.1 (python, textproc)
A Cython MeCab wrapper for fast, pythonic Japanese tokenization.

py-mecab @0.996.5 (python, textproc, japanese)
A Python module for MeCab

py-mecab-python3 @1.0.10 (python, textproc, japanese)
Python wrapper for the MeCab morphological analyzer for Japanese

py310-flake8-mccabe @0.7.0 (python, devel)
McCabe complexity checker for Python code, flake8 plugin

py310-fugashi @1.5.1 (python, textproc)
A Cython MeCab wrapper for fast, pythonic Japanese tokenization.

py310-mecab-python3 @1.0.10 (python, textproc, japanese)
Python wrapper for the MeCab morphological analyzer for Japanese

py311-flake8-mccabe @0.7.0 (python, devel)
McCabe complexity checker for Python code, flake8 plugin

py311-fugashi @1.5.1 (python, textproc)
A Cython MeCab wrapper for fast, pythonic Japanese tokenization.

py311-mecab-python3 @1.0.10 (python, textproc, japanese)
Python wrapper for the MeCab morphological analyzer for Japanese

py312-flake8-mccabe @0.7.0 (python, devel)
McCabe complexity checker for Python code, flake8 plugin

py312-fugashi @1.5.1 (python, textproc)
A Cython MeCab wrapper for fast, pythonic Japanese tokenization.

py312-mecab-python3 @1.0.10 (python, textproc, japanese)
Python wrapper for the MeCab morphological analyzer for Japanese

py313-flake8-mccabe @0.7.0 (python, devel)
McCabe complexity checker for Python code, flake8 plugin

py313-fugashi @1.5.1 (python, textproc)
A Cython MeCab wrapper for fast, pythonic Japanese tokenization.

py313-mecab @0.996.5 (python, textproc, japanese)
A Python module for MeCab

py313-mecab-python3 @1.0.10 (python, textproc, japanese)
Python wrapper for the MeCab morphological analyzer for Japanese

py314-flake8-mccabe @0.7.0 (python, devel)
McCabe complexity checker for Python code, flake8 plugin

R-gibasa @1.1.1 (R, science, textproc)
Alternative Rcpp wrapper for MeCab

R-groupr @0.1.2_2 (R, science)
Groups with inapplicable values

R-metarep @1.2.0_1 (R, science)
Replicability-analysis tools for meta-analysis

R-RcppMeCab @0.0.1.3-2_3 (R, science, textproc)
Rcpp wrapper for mecab library

R-STAREG @1.0.3_1 (R, science)
Empirical Bayes approach for replicability analysis across two studies

rb-mecab @0.996 (ruby, textproc, japanese)
a Ruby module for MeCab

rb-tokyocabinet-ruby @1.30 (ruby, databases)
Ruby API to Tokyo Cabinet

rb19-mecab @0.996 (ruby, textproc, japanese)
a Ruby module for MeCab

tokyocabinet @1.4.48 (databases)
Tokyo Cabinet is a library of routines for managing a database.

tokyocabinet-clj @20090505 (databases, java)
Java API for Tokyo Cabinet, a modern DBM

tokyocabinet-java @1.18 (databases, java)
Java API for Tokyo Cabinet, a modern DBM

tokyotyrant @1.1.41 (databases)
Tokyo Cabinet remote server

unidic-mecab @2.1.2 (textproc, japanese)
a dictionary for the Japanese morphological analyzer MeCab

unshield @1.6.2 (archivers, compression, sysutils)
Extract files from InstallShield cabinet files

Found 66 ports.
