Chatty @0.8.5_2 (gnome)
SMS/MMS, Matrix and (optionally) XMPP messaging

cmatrix @2.0 (games, x11)
Console Matrix

cusp @0.5.1_1 (math, science)
Generic Parallel Algorithms for Sparse Matrix and Graph

cxxmatrix @20220322 (games, graphics)
C++ Matrix: The Matrix Reloaded in Terminals

dbcsr @2.8.0 (math)
Distributed Block Compressed Sparse Row matrix library

dmtx-utils @0.7.6_2 (graphics)
Data Matrix command line utilities

fontmatrix @0.9.100_1 (sysutils, print)
Free font collections manager

gemmlowp @2023.11.03 (math)
Low-precision matrix multiplication

gomatrix @101.0.0 (games)
Displays The Matrix in a terminal

gomuks @0.3.1 (net)
A terminal based Matrix client written in Go.

kalc @1.5.1 (math)
a complex numbers, 2d/3d graphing, arbitrary precision, vector, matrix, tui calculator with real-time output

libcmatrix @0.0.2 (devel)
Matrix client library

libdmtx @0.7.7 (graphics)
Data Matrix library

libflame @2024.05.20 (math)
LAPACK-like library for dense matrix computations

matrix-calculator @2018.03.13_1 (math)
Matrix multiplication and inverses, systems of linear equations etc.

matrix-commander @8.0.4 (python, net, chat)
Simple command-line Matrix client

matrix-nio @0.25.2 (python, devel, net)
Matrix client library

matterbridge @1.26.0 (net, irc)
Multi-protocols (IRC/XMPP/Mattermost/Slack/Matrix/etc) bridge

metis @20230403 (math)
Serial Graph Partitioning and Fill-reducing Matrix Ordering

mtl @2021.03.06 (math, devel)
The Matrix Template Library (MTL)

mtxclient @0.9.2_15 (net, chat, devel)
Client API for Matrix

newmat @11 (math)
This C++ library is intended for scientists and engineers who need to manipulate a variety of types of matrices using standard matrix operations.

nheko @0.11.3_5 (net, chat)
A matrix chat client

octave-linear-algebra @2.2.3_1 (octave, math, science)
Additional linear algebra code, including general SVD and matrix functions.

p5-math-matrix @0.940.0 (perl, math)
Perl extension for Matrix operations (Multiply and Invert matrices)

p5-math-matrixreal @2.130.0 (perl)
Math::MatrixReal - Matrix of Reals

p5-tk-tablematrix @1.290.0 (perl)
Tk::TableMatrix - port of the Tcl/Tk Tktable Widget to Perl/Tk

p5.28-math-matrix @0.940.0 (perl, math)
Perl extension for Matrix operations (Multiply and Invert matrices)

p5.28-math-matrixreal @2.130.0 (perl)
Math::MatrixReal - Matrix of Reals

p5.28-tk-tablematrix @1.290.0 (perl)
Tk::TableMatrix - port of the Tcl/Tk Tktable Widget to Perl/Tk

p5.30-math-matrix @0.940.0 (perl, math)
Perl extension for Matrix operations (Multiply and Invert matrices)

p5.30-math-matrixreal @2.130.0 (perl)
Math::MatrixReal - Matrix of Reals

p5.30-tk-tablematrix @1.290.0 (perl)
Tk::TableMatrix - port of the Tcl/Tk Tktable Widget to Perl/Tk

p5.32-math-matrix @0.940.0 (perl, math)
Perl extension for Matrix operations (Multiply and Invert matrices)

p5.32-math-matrixreal @2.130.0 (perl)
Math::MatrixReal - Matrix of Reals

p5.32-tk-tablematrix @1.290.0 (perl)
Tk::TableMatrix - port of the Tcl/Tk Tktable Widget to Perl/Tk

p5.34-math-matrix @0.940.0 (perl, math)
Perl extension for Matrix operations (Multiply and Invert matrices)

p5.34-math-matrixreal @2.130.0 (perl)
Math::MatrixReal - Matrix of Reals

p5.34-tk-tablematrix @1.290.0 (perl)
Tk::TableMatrix - port of the Tcl/Tk Tktable Widget to Perl/Tk

py-blis @0.9.1 (python)
Fast matrix-multiplication as a self-contained Python library

py-canmatrix @1.0 (python, devel)
Converting Can (Controller Area Network) Database Formats .arxml .dbc .dbf .kcd

py310-blis @0.9.1 (python)
Fast matrix-multiplication as a self-contained Python library

py311-blis @0.9.1 (python)
Fast matrix-multiplication as a self-contained Python library

py311-canmatrix @1.0 (python, devel)
Converting Can (Controller Area Network) Database Formats .arxml .dbc .dbf .kcd

py312-blis @0.9.1 (python)
Fast matrix-multiplication as a self-contained Python library

R-adjclust @0.6.10 (R, science, math)
Adjacency-constrained clustering of a block-diagonal similarity matrix

R-ar.matrix @0.1.0_1 (R, science, math)
Simulate autoregressive data from precision matrices

R-BayesBP @1.1_1 (R, science, math)
Bayesian estimation using Bernstein polynomial fits rate matrix

R-bdsmatrix @1.3-7_1 (R, science, math)
Routines for block diagonal symmetric matrices

R-beachmat @2.20.0 (R, science, bioconductor)
Compiling Bioconductor to handle each matrix type

R-bigalgebra @1.1.2 (R, science, math)
BLAS/LAPACK routines for native R matrices and big.matrix objects

R-biganalytics @1.1.22_1 (R, science, math)
Utilities for big.matrix objects from R-bigmemory

R-bigsparser @0.7.3 (R, science, math)
Sparse matrix format with data on disk

R-bigtabulate @1.1.9_1 (R, science, math)
Table, apply and split functionality for Matrix and big.matrix objects

R-BSSasymp @1.2-3_2 (R, science, math)
Asymptotic covariance matrices of some BSS mixing and unmixing matrix estimates

R-clime @0.5.0_1 (R, science, math)
Constrained L1-minimization for inverse (covariance) matrix estimation

R-cmaes @1.0-12_1 (R, science, math)
Covariance Matrix Adapting Evolutionary Strategy

R-corrplot @0.94 (R, science, graphics)
Visualization of a correlation matrix

R-covglasso @1.0.3_1 (R, science, math)
Sparse covariance matrix estimation

R-cvCovEst @1.2.2_1 (R, science, math)
Cross-validated covariance matrix estimation

R-CVglasso @1.0_1 (R, science, math)
Lasso-penalized precision matrix estimation

R-dcTensor @1.3.0 (R, science, math)
Discrete matrix/tensor decomposition

R-DelayedMatrixStats @1.26.0 (R, science, bioconductor)
Functions that apply to rows and columns of DelayedMatrix objects

R-ebTobit @1.0.2_1 (R, science, math)
Empirical Bayesian tobit matrix estimation

R-EigenR @1.3.0 (R, science, math)
Complex Matrix Algebra with Eigen

R-eimpute @0.2.4 (R, science, math)
Efficiently impute large scale incomplete matrix

R-etm @1.1.1_1 (R, science, math)
Empirical Transition Matrix

R-expm @1.0-0 (R, science, math)
Matrix exponential, log etc.

R-fastadi @0.1.1_1 (R, science, math)
Self-tuning data-adaptive matrix imputation

R-fastMatMR @1.2.5_1 (R, science, math)
High-performance matrix market file operations

R-fastmatrix @0.5-7721 (R, science, math)
Fast computation of some matrices useful in statistics

R-filematrix @1.3_1 (R, science, devel)
File-backed matrix class with convenient read and write access

R-flashier @1.0.7_1 (R, science, math)
Empirical Bayes matrix factorization

R-GenOrd @1.4.0_1 (R, science, math)
Simulation of discrete random variables with given correlation matrix and marginal distributions

R-HDMFA @0.1.1_1 (R, science, math)
High-Dimensional Matrix Factor Analysis

R-hosm @0.1.0_1 (R, science)
High Order Spatial Matrix

R-HypergeoMat @4.0.3 (R, science, math)
Hypergeometric function of a matrix argument

R-hypr @0.2.8_1 (R, science)
Hypothesis matrix translation

R-jmatrix @1.5.2 (R, science)
Read from/write to disk matrices with any data type in a binary format

R-kstMatrix @1.0-1 (R, science, economics)
Basic functions in knowledge space theory using matrix representation

R-lefko3 @6.3.1 (R, science, math)
Historical and ahistorical population projection matrix analysis

R-lorec @0.6.1_1 (R, science, math)
LOw Rand and sparsE Covariance matrix estimation

R-LRMF3 @0.1.0_1 (R, science, math)
Low rank matrix factorization S3 objects

R-maotai @0.2.5_2 (R, science, math)
Tools for matrix algebra, optimization and inference

R-matlib @1.0.0 (R, science, math)
Matrix functions for teaching and learning linear algebra and multivariate statistics

R-Matrix @1.7-1 (R, science, math)
Sparse and dense matrix classes and methods

R-matrixcalc @1.0-6_2 (R, science, math)
Collection of functions for matrix calculations

R-MatrixCorrelation @0.10.0_2 (R, science, math)
Matrix Correlation coefficients

R-matrixdist @1.1.9_1 (R, science, math)
Statistics for matrix distributions

R-MatrixExtra @0.1.15_1 (R, science, math)
Methods and operators for the sparse matrix classes

R-MatrixGenerics @1.16.0 (R, science, bioconductor, math)
S4 generic summary statistic functions that operate on matrix-like objects

R-MatrixModels @0.5-3_1 (R, science, math)
Modelling with sparse and dense matrices

R-matrixNormal @0.1.1_1 (R, science, math)
Matrix normal distribution

R-matrixProfile @0.5.0_2 (R, science, math)
Matrix Profile

R-matrixprofiler @0.1.9_4 (R, science, math)
Matrix profile for R

R-matrixsampling @2.0.0_1 (R, science, math)
Simulations of matrix variate distributions

R-matrixset @0.3.0_1 (R, science, math)
Creating and manipulating matrix ensemble

R-matrixStats @1.4.1 (R, science, math)
Functions that apply to rows and columns of matrices

R-matrixTests @0.2.3_1 (R, science, math)
Fast statistical hypothesis tests on rows and columns of matrices

R-matsbyname @0.6.10_1 (R, science, math)
Implementation of matrix mathematics

R-mbend @1.3.1 (R, science, math)
Matrix Bending

R-MCCM @0.1.0_1 (R, science, math)
Mixed Correlation Coefficient Matrix

R-MDMR @0.5.1 (R, science, math)
Multivariate Distance Matrix Regression

R-MEFM @0.1.1 (R, science, math)
Perform MEFM estimation on matrix time series

R-MN @1.0 (R, science, math)
Matrix Normal Distribution

R-mvrsquared @0.1.5_1 (R, science, math)
Compute the coefficient of determination for vector or matrix outcomes

R-NMF @0.28 (R, science, math)
Algorithms and framework for nonnegative matrix factorization (NMF)

R-nmfbin @0.2.1_1 (R, science, math)
Non-negative matrix factorization for binary data

R-parallelDist @0.2.6_3 (R, science, math)
Parallel distance matrix computation using multiple threads

R-plot.matrix @1.6.2_1 (R, science, graphics)
Visualize a matrix object plainly as heatmap

R-polyMatrix @0.9.16 (R, science, math)
Infrastructure for manipulation polynomial matrices

R-QUIC @1.1.1_1 (R, science, math)
Regularized sparse inverse covariance matrix estimation

R-ramify @0.3.3_1 (R, science, math)
Additional matrix functionality for R

R-RationalMatrix @1.0.0_2 (R, science, math)
Exact matrix algebra for matrices with rational entries

R-RCLabels @0.1.10_1 (R, science, math)
Manipulate matrix row and column labels with ease

R-ResidualMatrix @1.14.1 (R, science, bioconductor)
Creating a DelayedMatrix of regression residuals

R-ResistorArray @1.0-32_1 (R, science)
Electrical properties of resistor networks using matrix methods

R-rexpokit @0.26.6.14_1 (R, science, math)
R Wrappers for EXPOKIT and other matrix functions

R-RMTstat @0.3.1_1 (R, science, math)
Distributions, statistics and tests derived from random matrix theory

R-robustmatrix @0.1.3 (R, science, math)
Robust matrix-variate parameter estimation

R-ROptSpace @0.2.3_1 (R, science, math)
Matrix reconstruction from a few entries

R-rpca @0.2.3_1 (R, science, math)
Decompose a matrix into low-rank and sparse components

R-RSC @2.0.4_2 (R, science, math)
Robust and sparse correlation matrix

R-rstiefel @1.0.1_2 (R, science, math)
Random orthonormal matrix generation and optimization on the Stiefel manifold

R-rWishart @0.1.2_1 (R, science, math)
Random Wishart matrix generation

R-sandwich @3.1-1 (R, science, math)
Robust covariance matrix estimators

R-ScaledMatrix @1.12.0 (R, science, bioconductor)
Creating a DelayedMatrix of scaled and centered values

R-shinyMatrix @0.8.0_1 (R, science)
Shiny matrix input field

R-softImpute @1.4-1_1 (R, science, math)
Matrix completion via iterative soft-thresholded SVD

R-spam @2.10-0_1 (R, science, math)
SPArse Matrix

R-spam64 @2.10-0_1 (R, science, math)
64-bit extension of the SPArse Matrix R package spam

R-sparseLRMatrix @0.1.0_1 (R, science, math)
Represent and use sparse + low rank matrices

R-sparseMatrixStats @1.16.0 (R, science, bioconductor)
Summary statistics for rows and columns of sparse matrices

R-TrendTM @2.0.19_1 (R, science, math)
Trend of high-dimensional time series matrix estimation

R-usedist @0.4.0_1 (R, science, math)
Distance matrix utilities

R-WoodburyMatrix @0.0.3_1 (R, science, math)
Fast matrix operations via the Woodbury matrix identity

rb-matrix @0.4.2 (ruby)
Implementation of Matrix and Vector classes

rb30-matrix @0.4.2 (ruby)
Implementation of Matrix and Vector classes

scotch @7.0.5 (science, math)
a software package for graph and mesh/hypergraph partitioning and sparse matrix ordering

sparskit @2-20210601 (science)
A basic tool-kit for sparse matrix computations

strumpack @8.0.0 (math, science)
Structured Matrix Package (LBNL)

SuiteSparse @7.12.1 (math, science)
Sparse matrix routines

SuiteSparse_AMD @3.3.4 (math, science)
Sparse matrix routines

SuiteSparse_BTF @2.3.3 (math, science)
Sparse matrix routines

SuiteSparse_CAMD @3.3.5 (math, science)
Sparse matrix routines

SuiteSparse_CCOLAMD @3.3.5 (math, science)
Sparse matrix routines

SuiteSparse_CHOLMOD @5.3.4 (math, science)
Sparse matrix routines

SuiteSparse_COLAMD @3.3.5 (math, science)
Sparse matrix routines

SuiteSparse_config @7.12.1 (math, science)
Sparse matrix routines

SuiteSparse_CXSparse @4.4.2 (math, science)
Sparse matrix routines

SuiteSparse_GraphBLAS @10.2.0 (math, science)
Sparse matrix routines

SuiteSparse_KLU @2.3.6 (math, science)
Sparse matrix routines

SuiteSparse_LAGraph @1.2.1 (math, science)
Sparse matrix routines

SuiteSparse_LDL @3.3.3 (math, science)
Sparse matrix routines

SuiteSparse_Mongoose @3.3.6 (math, science)
Sparse matrix routines

SuiteSparse_ParU @1.1.0 (math, science)
Sparse matrix routines

SuiteSparse_RBio @4.3.5 (math, science)
Sparse matrix routines

SuiteSparse_SPEX @3.2.4 (math, science)
Sparse matrix routines

SuiteSparse_SPQR @4.3.6 (math, science)
Sparse matrix routines

SuiteSparse_UMFPACK @6.3.7 (math, science)
Sparse matrix routines

tktable @2.11_3 (x11)
A table/matrix widget extension to Tk/Tcl

yorick-soy @1.4.0 (science, yorick)
Sparse matrix operations for the Yorick language

Found 162 ports.
