jdk23 @23.0.2_1 (java, devel)
Oracle Java SE Development Kit 23 (Short Term Support until March 2025)

jdk23-graalvm @23.0.2 (java, devel)
Oracle GraalVM for JDK 23 (Short Term Support until March 2025)

jdk24 @24.0.2_1 (java, devel)
Oracle Java SE Development Kit 24 (Short Term Support until September 2025)

jdk24-graalvm @24.0.2 (java, devel)
Oracle GraalVM for JDK 24 (Short Term Support until September 2025)

openjdk23 @23.0.2 (java, devel)
OpenJDK 23 (Short Term Support until March 2025)

openjdk23-corretto @23.0.2.7.1 (java, devel)
Amazon Corretto OpenJDK 23 (Short Term Support until March 2025)

openjdk23-openj9 @23.0.2 (java, devel)
IBM Semeru with Eclipse OpenJ9 VM distribution, based on OpenJDK 23 (Short Term Support until March 2025)

openjdk23-sap @23.0.2 (java, devel)
SAP Machine 23 (Short Term Support until March 2025)

openjdk23-temurin @23.0.2 (java, devel)
Eclipse Temurin, based on OpenJDK 23 (Short Term Support until March 2025)

openjdk23-zulu @23.32.11 (java, devel)
Azul Zulu Community OpenJDK 23 (Short Term Support until March 2025)

openjdk24 @24.0.2 (java, devel)
OpenJDK 24 (Short Term Support until September 2025)

openjdk24-corretto @24.0.2.12.1 (java, devel)
Amazon Corretto OpenJDK 24 (Short Term Support until October 2025)

openjdk24-graalvm @24.0.2 (java, devel)
GraalVM Community Edition based on OpenJDK 24 (Short Term Support ended in September 2025)

openjdk24-openj9 @24.0.2 (java, devel)
IBM Semeru with Eclipse OpenJ9 VM distribution, based on OpenJDK 24 (Short Term Support until September 2025)

openjdk24-sap @24.0.2 (java, devel)
SAP Machine 24 (Short Term Support until September 2025)

openjdk24-temurin @24.0.2 (java, devel)
Eclipse Temurin, based on OpenJDK 24 (Short Term Support until September 2025)

openjdk24-zulu @24.32.13 (java, devel)
Azul Zulu Community OpenJDK 24 (Short Term Support until September 2025)

Found 17 ports.
