bcprov @1.74 (java, devel, security)
A Java implementation of cryptographic algorithms

beecrypt @4.2.1_5 (devel)
cryptography toolkit

blake3 @1.8.2 (security)
blake3 is a cryptographic hash function.

botan @2.19.5 (security, devel)
cryptographic algorithms and formats library in C++

botan1 @1.10.17_2 (security, devel)
legacy version of C++ cryptographic library

cl-ironclad @0.61 (lisp, devel)
A cryptographic toolkit written in Common Lisp

cl-isaac @20230627 (lisp, devel)
Optimized Common Lisp version of Bob Jenkins' ISAAC-32 and ISAAC-64 algorithms, fast cryptographic random number generators.

cointop @1.6.10 (finance)
A fast and lightweight interactive terminal based UI application for tracking cryptocurrencies in realtime.

cryfs @1.0.3 (fuse, net)
Cryptographic filesystem for the cloud

gcr @3.41.2 (gnome, security)
GCR is a library for displaying certificates, and crypto UI, accessing key stores.

janet-jhydro @20220601 (janet, devel)
Lightweight cryptographic and random number generation utils for Janet

libb2 @0.98.1_1 (devel)
a cryptographic hash function

libcryptopp @8.9.0_2 (devel, security)
C++ class library of cryptographic schemes

libgcrypt @1.12.0 (devel, security)
Crypto library

liboqs @0.14.0 (devel, crypto)
C library for prototyping and experimenting with quantum-resistant cryptography

libressl @4.2.1 (security, devel)
LibreSSL SSL/TLS cryptography library

libressl-devel @4.2.1 (security, devel)
LibreSSL SSL/TLS cryptography library

libsodium @1.0.20 (devel, security)
Portable and packageable NaCl-based crypto library

libtomcrypt @1.18.2_1 (security)
Cryptographic toolkit

nettle @3.10.2 (devel, crypto)
low-level cryptographic library

ocaml-cryptokit @1.13 (ocaml, devel, security)
OCaml interface to cryptographic functions.

ocaml-hacl-star @20210824-4b197eb_1 (ocaml, devel, security)
High-assurance cryptographic library.

ocaml-hacl-star-raw @20210824-4b197eb_1 (ocaml, devel, security)
High-assurance cryptographic library.

olm @3.2.16 (devel, security)
An implementation of the Double Ratchet cryptographic ratchet in C++

opencdk @0.6.6_1 (devel, security)
Open Crypto Development Kit

openpace @1.1.3 (security, libs)
Cryptographic library for EAC version 2

openssl3 @3.6.1 (devel, security)
OpenSSL SSL/TLS cryptography library

openssl10 @1.0.2u_4 (devel, security)
OpenSSL SSL/TLS cryptography library

openssl11 @1.1.1w_1 (devel, security)
OpenSSL SSL/TLS cryptography library

p5-alt-crypt-rsa-bigint @0.60.0 (perl)
Alt::Crypt::RSA::BigInt - RSA public-key cryptosystem, using Math::BigInt

p5-bytes-random-secure @0.290.0 (perl)
Bytes::Random::Secure - Perl extension to generate cryptographically-secure random bytes.

p5-bytes-random-secure-tiny @1.11.0 (perl)
Bytes::Random::Secure::Tiny - A tiny Perl extension to generate cryptographically-secure random bytes.

p5-crypt-blowfish @2.140.0_1 (perl)
Implementation of the blowfish-crypto algorithm for perl

p5-crypt-gcrypt @1.260.0_2 (perl)
Perl interface to the GNU Cryptographic library

p5-crypt-passphrase @0.21.0 (perl)
Crypt::Passphrase - A module for managing passwords in a cryptographically agile manner

p5-crypt-primes @0.520.0 (perl)
Crypt::Primes - Provable Prime Number Generator suitable for Cryptographic Applications.

p5-crypt-random @1.570.0 (perl)
Crypt::Random - Cryptographically Secure, True Random Number Generator

p5-crypt-rijndael @1.160.0_1 (perl)
Implementation of the Rijndel-crypto algorithm for perl

p5-crypt-twofish @2.180.0 (perl)
Implementation of the twofish-crypto algorithm for perl

p5-cryptx @0.87.0 (perl)
CryptX - Cryptographic toolkit

p5-math-random-secure @0.80.1 (perl, math)
Cryptographically-secure, cross-platform replacement for rand()

p5-object-signature @1.80.0 (perl)
Generate cryptographic signatures for objects

p5.28-alt-crypt-rsa-bigint @0.60.0 (perl)
Alt::Crypt::RSA::BigInt - RSA public-key cryptosystem, using Math::BigInt

p5.28-bytes-random-secure @0.290.0 (perl)
Bytes::Random::Secure - Perl extension to generate cryptographically-secure random bytes.

p5.28-bytes-random-secure-tiny @1.11.0 (perl)
Bytes::Random::Secure::Tiny - A tiny Perl extension to generate cryptographically-secure random bytes.

p5.28-crypt-blowfish @2.140.0_1 (perl)
Implementation of the blowfish-crypto algorithm for perl

p5.28-crypt-gcrypt @1.260.0_2 (perl)
Perl interface to the GNU Cryptographic library

p5.28-crypt-passphrase @0.21.0 (perl)
Crypt::Passphrase - A module for managing passwords in a cryptographically agile manner

p5.28-crypt-primes @0.520.0 (perl)
Crypt::Primes - Provable Prime Number Generator suitable for Cryptographic Applications.

p5.28-crypt-random @1.570.0 (perl)
Crypt::Random - Cryptographically Secure, True Random Number Generator

p5.28-crypt-rijndael @1.160.0_1 (perl)
Implementation of the Rijndel-crypto algorithm for perl

p5.28-crypt-twofish @2.180.0 (perl)
Implementation of the twofish-crypto algorithm for perl

p5.28-cryptx @0.87.0 (perl)
CryptX - Cryptographic toolkit

p5.28-math-random-secure @0.80.1 (perl, math)
Cryptographically-secure, cross-platform replacement for rand()

p5.28-object-signature @1.80.0 (perl)
Generate cryptographic signatures for objects

p5.30-alt-crypt-rsa-bigint @0.60.0 (perl)
Alt::Crypt::RSA::BigInt - RSA public-key cryptosystem, using Math::BigInt

p5.30-bytes-random-secure @0.290.0 (perl)
Bytes::Random::Secure - Perl extension to generate cryptographically-secure random bytes.

p5.30-bytes-random-secure-tiny @1.11.0 (perl)
Bytes::Random::Secure::Tiny - A tiny Perl extension to generate cryptographically-secure random bytes.

p5.30-crypt-blowfish @2.140.0_1 (perl)
Implementation of the blowfish-crypto algorithm for perl

p5.30-crypt-gcrypt @1.260.0_2 (perl)
Perl interface to the GNU Cryptographic library

p5.30-crypt-passphrase @0.21.0 (perl)
Crypt::Passphrase - A module for managing passwords in a cryptographically agile manner

p5.30-crypt-primes @0.520.0 (perl)
Crypt::Primes - Provable Prime Number Generator suitable for Cryptographic Applications.

p5.30-crypt-random @1.570.0 (perl)
Crypt::Random - Cryptographically Secure, True Random Number Generator

p5.30-crypt-rijndael @1.160.0_1 (perl)
Implementation of the Rijndel-crypto algorithm for perl

p5.30-crypt-twofish @2.180.0 (perl)
Implementation of the twofish-crypto algorithm for perl

p5.30-cryptx @0.87.0 (perl)
CryptX - Cryptographic toolkit

p5.30-math-random-secure @0.80.1 (perl, math)
Cryptographically-secure, cross-platform replacement for rand()

p5.30-object-signature @1.80.0 (perl)
Generate cryptographic signatures for objects

p5.32-alt-crypt-rsa-bigint @0.60.0 (perl)
Alt::Crypt::RSA::BigInt - RSA public-key cryptosystem, using Math::BigInt

p5.32-bytes-random-secure @0.290.0 (perl)
Bytes::Random::Secure - Perl extension to generate cryptographically-secure random bytes.

p5.32-bytes-random-secure-tiny @1.11.0 (perl)
Bytes::Random::Secure::Tiny - A tiny Perl extension to generate cryptographically-secure random bytes.

p5.32-crypt-blowfish @2.140.0_1 (perl)
Implementation of the blowfish-crypto algorithm for perl

p5.32-crypt-gcrypt @1.260.0_2 (perl)
Perl interface to the GNU Cryptographic library

p5.32-crypt-passphrase @0.21.0 (perl)
Crypt::Passphrase - A module for managing passwords in a cryptographically agile manner

p5.32-crypt-primes @0.520.0 (perl)
Crypt::Primes - Provable Prime Number Generator suitable for Cryptographic Applications.

p5.32-crypt-random @1.570.0 (perl)
Crypt::Random - Cryptographically Secure, True Random Number Generator

p5.32-crypt-rijndael @1.160.0_1 (perl)
Implementation of the Rijndel-crypto algorithm for perl

p5.32-crypt-twofish @2.180.0 (perl)
Implementation of the twofish-crypto algorithm for perl

p5.32-cryptx @0.87.0 (perl)
CryptX - Cryptographic toolkit

p5.32-math-random-secure @0.80.1 (perl, math)
Cryptographically-secure, cross-platform replacement for rand()

p5.32-object-signature @1.80.0 (perl)
Generate cryptographic signatures for objects

p5.34-alt-crypt-rsa-bigint @0.60.0 (perl)
Alt::Crypt::RSA::BigInt - RSA public-key cryptosystem, using Math::BigInt

p5.34-bytes-random-secure @0.290.0 (perl)
Bytes::Random::Secure - Perl extension to generate cryptographically-secure random bytes.

p5.34-bytes-random-secure-tiny @1.11.0 (perl)
Bytes::Random::Secure::Tiny - A tiny Perl extension to generate cryptographically-secure random bytes.

p5.34-crypt-blowfish @2.140.0_1 (perl)
Implementation of the blowfish-crypto algorithm for perl

p5.34-crypt-gcrypt @1.260.0_2 (perl)
Perl interface to the GNU Cryptographic library

p5.34-crypt-passphrase @0.21.0 (perl)
Crypt::Passphrase - A module for managing passwords in a cryptographically agile manner

p5.34-crypt-primes @0.520.0 (perl)
Crypt::Primes - Provable Prime Number Generator suitable for Cryptographic Applications.

p5.34-crypt-random @1.570.0 (perl)
Crypt::Random - Cryptographically Secure, True Random Number Generator

p5.34-crypt-rijndael @1.160.0_1 (perl)
Implementation of the Rijndel-crypto algorithm for perl

p5.34-crypt-twofish @2.180.0 (perl)
Implementation of the twofish-crypto algorithm for perl

p5.34-cryptx @0.87.0 (perl)
CryptX - Cryptographic toolkit

p5.34-math-random-secure @0.80.1 (perl, math)
Cryptographically-secure, cross-platform replacement for rand()

p5.34-object-signature @1.80.0 (perl)
Generate cryptographic signatures for objects

pbc @1.0.0 (security)
The Pairing-Based Cryptography Library

php72-sodium @7.2.34_1 (php, security)
a PHP interface to libsodium, a modern and easy-to-use crypto library

php73-sodium @7.3.33_1 (php, security)
a PHP interface to libsodium, a modern and easy-to-use crypto library

php74-sodium @7.4.33_1 (php, security)
a PHP interface to libsodium, a modern and easy-to-use crypto library

php80-sodium @8.0.30_1 (php, security)
a PHP interface to libsodium, a modern and easy-to-use crypto library

php81-sodium @8.1.30 (php, security)
a PHP interface to libsodium, a modern and easy-to-use crypto library

php82-sodium @8.2.24 (php, security)
a PHP interface to libsodium, a modern and easy-to-use crypto library

php83-sodium @8.3.12 (php, security)
a PHP interface to libsodium, a modern and easy-to-use crypto library

php84-sodium @8.4.0RC1 (php, security)
a PHP interface to libsodium, a modern and easy-to-use crypto library

py-asn1crypto @1.5.1 (python, devel)
A fast, pure Python library for parsing and serializing ASN.1 structures.

py-cryptg @0.4.0 (python)
Cryptographic utilities for Telegram.

py-cryptography @46.0.3 (python, devel)
cryptography is a package designed to expose cryptographic primitives and recipes to Python developers.

py-ecdsa @0.19.1 (python, devel, security)
ECDSA cryptographic signature library

py-josepy @2.2.0 (python, security)
JOSE protocol implementation in Python using cryptography

py-m2crypto @0.40.1 (python, crypto, devel)
Crypto and SSL toolkit for Python

py-oscrypto @1.3.0 (python)
TLS (SSL) sockets, key generation, encryption, decryption, signing, verification and KDFs using the OS crypto libraries. Does not require a compiler, and relies on the OS for patching. Works on Windows, OS X and Linux/BSD.

py-pycryptodome @3.23.0 (python)
Cryptographic library for Python

py-pycryptodomex @3.23.0 (python)
Cryptographic library for Python

py-pynacl @1.5.0_1 (python, devel)
Python binding to the Networking and Cryptography (NaCl) library

py-sslcrypto @5.3 (python)
Fast and simple library for AES, ECIES and ECDSA for Python

py27-cryptography @3.3.2 (python, devel)
Legacy support of Python cryptography.

py27-m2crypto @0.40.1 (python, crypto, devel)
Crypto and SSL toolkit for Python

py27-pycryptodome @3.23.0 (python)
Cryptographic library for Python

py39-cryptography @46.0.3 (python, devel)
cryptography is a package designed to expose cryptographic primitives and recipes to Python developers.

py39-cryptography_vectors @46.0.3 (python, devel)
cryptography is a package designed to expose cryptographic primitives and recipes to Python developers.

py39-pynacl @1.5.0_1 (python, devel)
Python binding to the Networking and Cryptography (NaCl) library

py310-asn1crypto @1.5.1 (python, devel)
A fast, pure Python library for parsing and serializing ASN.1 structures.

py310-cryptg @0.4.0 (python)
Cryptographic utilities for Telegram.

py310-cryptography @46.0.3 (python, devel)
cryptography is a package designed to expose cryptographic primitives and recipes to Python developers.

py310-cryptography_vectors @46.0.3 (python, devel)
cryptography is a package designed to expose cryptographic primitives and recipes to Python developers.

py310-ecdsa @0.19.1 (python, devel, security)
ECDSA cryptographic signature library

py310-josepy @2.2.0 (python, security)
JOSE protocol implementation in Python using cryptography

py310-m2crypto @0.40.1 (python, crypto, devel)
Crypto and SSL toolkit for Python

py310-oscrypto @1.3.0 (python)
TLS (SSL) sockets, key generation, encryption, decryption, signing, verification and KDFs using the OS crypto libraries. Does not require a compiler, and relies on the OS for patching. Works on Windows, OS X and Linux/BSD.

py310-pycryptodome @3.23.0 (python)
Cryptographic library for Python

py310-pycryptodomex @3.23.0 (python)
Cryptographic library for Python

py310-pynacl @1.5.0_1 (python, devel)
Python binding to the Networking and Cryptography (NaCl) library

py310-sslcrypto @5.3 (python)
Fast and simple library for AES, ECIES and ECDSA for Python

py311-asn1crypto @1.5.1 (python, devel)
A fast, pure Python library for parsing and serializing ASN.1 structures.

py311-cryptg @0.4.0 (python)
Cryptographic utilities for Telegram.

py311-cryptography @46.0.3 (python, devel)
cryptography is a package designed to expose cryptographic primitives and recipes to Python developers.

py311-cryptography_vectors @46.0.3 (python, devel)
cryptography is a package designed to expose cryptographic primitives and recipes to Python developers.

py311-ecdsa @0.19.1 (python, devel, security)
ECDSA cryptographic signature library

py311-josepy @2.2.0 (python, security)
JOSE protocol implementation in Python using cryptography

py311-m2crypto @0.40.1 (python, crypto, devel)
Crypto and SSL toolkit for Python

py311-oscrypto @1.3.0 (python)
TLS (SSL) sockets, key generation, encryption, decryption, signing, verification and KDFs using the OS crypto libraries. Does not require a compiler, and relies on the OS for patching. Works on Windows, OS X and Linux/BSD.

py311-pycryptodome @3.23.0 (python)
Cryptographic library for Python

py311-pycryptodomex @3.23.0 (python)
Cryptographic library for Python

py311-pynacl @1.5.0_1 (python, devel)
Python binding to the Networking and Cryptography (NaCl) library

py311-sslcrypto @5.3 (python)
Fast and simple library for AES, ECIES and ECDSA for Python

py312-asn1crypto @1.5.1 (python, devel)
A fast, pure Python library for parsing and serializing ASN.1 structures.

py312-cryptg @0.4.0 (python)
Cryptographic utilities for Telegram.

py312-cryptography @46.0.3 (python, devel)
cryptography is a package designed to expose cryptographic primitives and recipes to Python developers.

py312-cryptography_vectors @46.0.3 (python, devel)
cryptography is a package designed to expose cryptographic primitives and recipes to Python developers.

py312-ecdsa @0.19.1 (python, devel, security)
ECDSA cryptographic signature library

py312-josepy @2.2.0 (python, security)
JOSE protocol implementation in Python using cryptography

py312-m2crypto @0.40.1 (python, crypto, devel)
Crypto and SSL toolkit for Python

py312-oscrypto @1.3.0 (python)
TLS (SSL) sockets, key generation, encryption, decryption, signing, verification and KDFs using the OS crypto libraries. Does not require a compiler, and relies on the OS for patching. Works on Windows, OS X and Linux/BSD.

py312-pycryptodome @3.23.0 (python)
Cryptographic library for Python

py312-pycryptodomex @3.23.0 (python)
Cryptographic library for Python

py312-pynacl @1.5.0_1 (python, devel)
Python binding to the Networking and Cryptography (NaCl) library

py312-sslcrypto @5.3 (python)
Fast and simple library for AES, ECIES and ECDSA for Python

py313-asn1crypto @1.5.1 (python, devel)
A fast, pure Python library for parsing and serializing ASN.1 structures.

py313-cryptg @0.4.0 (python)
Cryptographic utilities for Telegram.

py313-cryptography @46.0.3 (python, devel)
cryptography is a package designed to expose cryptographic primitives and recipes to Python developers.

py313-cryptography_vectors @46.0.3 (python, devel)
cryptography is a package designed to expose cryptographic primitives and recipes to Python developers.

py313-ecdsa @0.19.1 (python, devel, security)
ECDSA cryptographic signature library

py313-josepy @2.2.0 (python, security)
JOSE protocol implementation in Python using cryptography

py313-oscrypto @1.3.0 (python)
TLS (SSL) sockets, key generation, encryption, decryption, signing, verification and KDFs using the OS crypto libraries. Does not require a compiler, and relies on the OS for patching. Works on Windows, OS X and Linux/BSD.

py313-pycryptodome @3.23.0 (python)
Cryptographic library for Python

py313-pycryptodomex @3.23.0 (python)
Cryptographic library for Python

py313-pynacl @1.5.0_1 (python, devel)
Python binding to the Networking and Cryptography (NaCl) library

py313-sslcrypto @5.3 (python)
Fast and simple library for AES, ECIES and ECDSA for Python

py314-cryptography @46.0.3 (python, devel)
cryptography is a package designed to expose cryptographic primitives and recipes to Python developers.

py314-cryptography_vectors @46.0.3 (python, devel)
cryptography is a package designed to expose cryptographic primitives and recipes to Python developers.

py314-josepy @2.2.0 (python, security)
JOSE protocol implementation in Python using cryptography

py314-pycryptodome @3.23.0 (python)
Cryptographic library for Python

py314-pycryptodomex @3.23.0 (python)
Cryptographic library for Python

py314-pynacl @1.5.0_1 (python, devel)
Python binding to the Networking and Cryptography (NaCl) library

qca @2.2.1_2 (devel, crypto, security)
Qt Cryptographic Architecture

qca-cyrus-sasl @2.2.1 (devel, crypto, security)
Qt Cryptographic Architecture

qca-gnupg @2.2.1 (devel, crypto, security)
Qt Cryptographic Architecture

qca-ossl @2.2.1 (devel, crypto, security)
Qt Cryptographic Architecture

qca-pkcs11 @2.2.1 (devel, crypto, security)
Qt Cryptographic Architecture

qca-qt5 @2.3.4_2 (devel, crypto, security)
Qt Cryptographic Architecture

qca-qt5-cyrus-sasl @2.3.4 (devel, crypto, security)
Qt Cryptographic Architecture

qca-qt5-gnupg @2.3.4 (devel, crypto, security)
Qt Cryptographic Architecture

qca-qt5-ossl @2.3.4 (devel, crypto, security)
Qt Cryptographic Architecture

qca-qt5-pkcs11 @2.3.4 (devel, crypto, security)
Qt Cryptographic Architecture

R-cryptography @1.0.0_1 (R, science, crypto)
Encrypt and decrypts text ciphers

R-cryptorng @0.1.4 (R, science, crypto)
Access system cryptographic pseudorandom number generators

R-secretbase @1.0.3 (R, science, crypto)
Cryptographic hash and extendable-output functions

R-sodium @1.3.2 (R, science, crypto, security)
Modern and easy-to-use crypto library

rsyncrypto @1.14_1 (security)
rsync friendly file encryption

signify @1.6 (security)
cryptographically sign and verify files

Found 189 ports.
