p5-dist-zilla-plugin-twitter @0.26.0 (perl)
Twitter when you release with Dist::Zilla

p5-net-twitter @4.10.430 (perl)
DEPRECATED: A Perl interface to the Twitter API

p5-net-twitter-lite @0.120.80 (perl)
A perl interface to the Twitter API

p5-twitter-api @1.0.600 (perl)
Twitter::API - A Twitter REST API library for Perl, successor to Net::Twitter

p5.28-dist-zilla-plugin-twitter @0.26.0 (perl)
Twitter when you release with Dist::Zilla

p5.28-net-twitter @4.10.430 (perl)
DEPRECATED: A Perl interface to the Twitter API

p5.28-net-twitter-lite @0.120.80 (perl)
A perl interface to the Twitter API

p5.28-twitter-api @1.0.600 (perl)
Twitter::API - A Twitter REST API library for Perl, successor to Net::Twitter

p5.30-dist-zilla-plugin-twitter @0.26.0 (perl)
Twitter when you release with Dist::Zilla

p5.30-net-twitter @4.10.430 (perl)
DEPRECATED: A Perl interface to the Twitter API

p5.30-net-twitter-lite @0.120.80 (perl)
A perl interface to the Twitter API

p5.30-twitter-api @1.0.600 (perl)
Twitter::API - A Twitter REST API library for Perl, successor to Net::Twitter

p5.32-dist-zilla-plugin-twitter @0.26.0 (perl)
Twitter when you release with Dist::Zilla

p5.32-net-twitter @4.10.430 (perl)
DEPRECATED: A Perl interface to the Twitter API

p5.32-net-twitter-lite @0.120.80 (perl)
A perl interface to the Twitter API

p5.32-twitter-api @1.0.600 (perl)
Twitter::API - A Twitter REST API library for Perl, successor to Net::Twitter

p5.34-dist-zilla-plugin-twitter @0.26.0 (perl)
Twitter when you release with Dist::Zilla

p5.34-net-twitter @4.10.430 (perl)
DEPRECATED: A Perl interface to the Twitter API

p5.34-net-twitter-lite @0.120.80 (perl)
A perl interface to the Twitter API

p5.34-twitter-api @1.0.600 (perl)
Twitter::API - A Twitter REST API library for Perl, successor to Net::Twitter

py-tweepy @3.8.0 (python, devel, net)
A Python library for the Twitter API.

py-twitter @1.0 (python, devel)
Interface for the Twitter API.

py27-tweepy @3.8.0 (python, devel, net)
A Python library for the Twitter API.

py27-twitter @1.0 (python, devel)
Interface for the Twitter API.

R-rtweet @2.0.0_1 (R, science, www)
R client for interacting with Twitter APIs

R-shinyBS @0.61.1_2 (R, science)
Twitter bootstrap components for Shiny

R-streamR @0.4.5_2 (R, science, www)
Access to Twitter streaming API via R

rb-t @4.1.1 (ruby, www)
Command-line power tool for Twitter

rb-twitter @8.1.0 (ruby, www)
Ruby interface to the Twitter API

rb-twitter-text @3.1.0 (ruby, textproc, www)
A gem that provides text handling for Twitter

rb-twterm @2.10.2 (www)
Full-featured TUI Twitter client

rb-x @0.14.1 (ruby, devel, www)
Ruby interface to the X (Twitter) API

rb31-t @4.1.1 (ruby, www)
Command-line power tool for Twitter

rb31-twitter @8.1.0 (ruby, www)
Ruby interface to the Twitter API

rb31-twitter-text @3.1.0 (ruby, textproc, www)
A gem that provides text handling for Twitter

rb31-twterm @2.10.2 (www)
Full-featured TUI Twitter client

rb31-x @0.14.1 (ruby, devel, www)
Ruby interface to the X (Twitter) API

rb32-t @4.1.1 (ruby, www)
Command-line power tool for Twitter

rb32-twitter @8.1.0 (ruby, www)
Ruby interface to the Twitter API

rb32-twitter-text @3.1.0 (ruby, textproc, www)
A gem that provides text handling for Twitter

rb32-twterm @2.10.2 (www)
Full-featured TUI Twitter client

rb32-x @0.14.1 (ruby, devel, www)
Ruby interface to the X (Twitter) API

rb33-t @4.1.1 (ruby, www)
Command-line power tool for Twitter

rb33-twitter @8.1.0 (ruby, www)
Ruby interface to the Twitter API

rb33-twitter-text @3.1.0 (ruby, textproc, www)
A gem that provides text handling for Twitter

rb33-twterm @2.10.2 (www)
Full-featured TUI Twitter client

rb33-x @0.14.1 (ruby, devel, www)
Ruby interface to the X (Twitter) API

TwitterDemandAnalyzer @1.1 (science)
An analysis tool (to be used on the data created by the collector) for economists using the fact that Twitter presents a demand curve for information

TwitterDemandCollector @1.1 (science)
A collection tool for economists using the fact that Twitter presents a demand curve for information

Found 49 ports.
