abtransfers @0.0.5.0_5 (finance)
AB-Transfers allows to carry out bank transactions online. It is meant to complement KMyMoney and GnuCash.

adtpro @2.1.0 (emulators)
transfers disks and disk images between Apple IIs and modern computers

android-file-transfer-linux @3.9 (aqua, fuse, sysutils)
Reliable MTP client with minimalistic UI

audacious-plugins @4.5.1_2 (audio)
Adds I/O, audio decoding, audio transforming and UI plugins.

colm @0.14.7_1 (lang, devel)
Programming language for analysis and transformation.

curl @8.13.0 (net, www)
Tool for transferring files with URL syntax

djbfft @0.76_1 (math)
D.J. Bernstein's fast fourier transform library

duck @7.8.5.34493 (net)
CLI for Cyberduck (a multi-protocol file transfer tool)

eiscor @0.2.0 (math, fortran)
eigensolvers based on unitary core transformations

exiftran @2.14_2 (graphics)
A tool for transformations on JPEG from fbida

fftw @2.1.5_9 (math, devel)
Fast C routines to compute the Discrete Fourier Transform

fftw-3 @3.3.10 (math)
Fast C routines to compute the Discrete Fourier Transform

fftw-3-long @3.3.10 (math)
Fast C routines to compute the Discrete Fourier Transform

fftw-3-single @3.3.10 (math)
Fast C routines to compute the Discrete Fourier Transform

fftw-single @2.1.5_9 (math, devel)
Fast C routines to compute the Discrete Fourier Transform

finufft @2.1.0 (math, science)
Flatiron Institute Non-uniform Fast Fourier Transform library, FINUFFT

GIMP-Lensfun @0.2.4_6 (graphics)
GimpLensfun is a GIMP plugin to correct lens distortion

jet @0.7.27 (textproc, devel)
CLI to transform between JSON, EDN, YAML and Transit using Clojure

jtc @1.76 (textproc)
cli tool to extract, manipulate and transform source JSON

lensfun @0.3.4_1 (graphics)
Library for fixing lens geometry distortion

lftp @4.9.3 (net)
Sophisticated file transfer program

libmtp @1.1.21 (multimedia)
libmtp is an implementation of Microsoft's Media Transfer Protocol (MTP)

libpointing @1.0.7 (devel)
An open-source cross-platform library to get raw events from pointing devices and master transfer functions.

libsharp @1.0.0 (science)
C/C++ library for fast spherical harmonic transforms

magic-wormhole @0.21.1 (net, python, sysutils)
Securely transfer data between computers.

makuosan @1.3.6 (net)
Makuosan(MAKUO for short) is a software which transfer files to multiple servers simultaneously using UDP multicast.

nfft-3 @3.5.0 (math)
Fast C routines to compute the Non-equispaced Discrete Fourier Transform

nsf @2.2.0 (lang)
Next Scripting Framework

octave-geometry @4.1.0_2 (octave, math, science)
Library for geometric computing extending MatGeom functions. Useful to create, transform, manipulate and display geometric primitives.

octave-image @2.18.1 (octave, math, science)
The Octave-forge Image package provides functions for processing images. The package also provides functions for feature extraction, image statistics, spatial and geometric transformations, morphological operations, linear filtering, and much more.

octave-octproj @3.1.0 (octave, math, science)
This package allows to call functions of PROJ.4 library for cartographic projections transformations.

octosql @0.13.0 (databases, textproc)
OctoSQL is a query tool that allows you to join, analyse and transform data from multiple databases and file formats using SQL.

omnicompiler @1.3.1 (lang, devel, parallel)
code transformation compilers for C, Fortran and OpenACC

openttd-opensfx @1.0.3 (games, aqua)
OpenSFX is a free set of sounds for OpenTTD.

p5-mail-transport @4.10.0 (perl)
Mail::Transport - use Mail Transfer Agents (MTAs)

p5-math-dct @0.40.0 (perl)
Math::DCT - 1D and NxN 2D Fast Discreet Cosine Transforms (DCT-II)

p5-mime-lite-html @1.240.0 (perl)
MIME::Lite::HTML - Provide routine to transform a HTML page in a MIME-Lite mail

p5-module-util @1.90.0 (perl)
Module::Util - Module name tools and transformations

p5-pdl-fftw3 @0.203.0 (perl)
PDL::FFTW3 - PDL interface to the Fastest Fourier Transform in the West v3

p5-pdl-transform-color @1.10.0 (perl)
PDL::Transform::Color - Useful color system conversions for PDL

p5-pod-elemental-transformer-list @0.102.1 (perl)
Pod::Elemental::Transformer::List - transform :list regions into =over/=back to save typing

p5-pod-elemental-transformer-verbatim @0.1.0 (perl)
Pod::Elemental::Transformer::Verbatim - Transform :verbatim regions into verbatim paragraphs

p5.28-mail-transport @4.10.0 (perl)
Mail::Transport - use Mail Transfer Agents (MTAs)

p5.28-math-dct @0.40.0 (perl)
Math::DCT - 1D and NxN 2D Fast Discreet Cosine Transforms (DCT-II)

p5.28-mime-lite-html @1.240.0 (perl)
MIME::Lite::HTML - Provide routine to transform a HTML page in a MIME-Lite mail

p5.28-module-util @1.90.0 (perl)
Module::Util - Module name tools and transformations

p5.28-pdl-fftw3 @0.203.0 (perl)
PDL::FFTW3 - PDL interface to the Fastest Fourier Transform in the West v3

p5.28-pdl-transform-color @1.10.0 (perl)
PDL::Transform::Color - Useful color system conversions for PDL

p5.28-pod-elemental-transformer-list @0.102.1 (perl)
Pod::Elemental::Transformer::List - transform :list regions into =over/=back to save typing

p5.28-pod-elemental-transformer-verbatim @0.1.0 (perl)
Pod::Elemental::Transformer::Verbatim - Transform :verbatim regions into verbatim paragraphs

p5.30-mail-transport @4.10.0 (perl)
Mail::Transport - use Mail Transfer Agents (MTAs)

p5.30-math-dct @0.40.0 (perl)
Math::DCT - 1D and NxN 2D Fast Discreet Cosine Transforms (DCT-II)

p5.30-mime-lite-html @1.240.0 (perl)
MIME::Lite::HTML - Provide routine to transform a HTML page in a MIME-Lite mail

p5.30-module-util @1.90.0 (perl)
Module::Util - Module name tools and transformations

p5.30-pdl-fftw3 @0.203.0 (perl)
PDL::FFTW3 - PDL interface to the Fastest Fourier Transform in the West v3

p5.30-pdl-transform-color @1.10.0 (perl)
PDL::Transform::Color - Useful color system conversions for PDL

p5.30-pod-elemental-transformer-list @0.102.1 (perl)
Pod::Elemental::Transformer::List - transform :list regions into =over/=back to save typing

p5.30-pod-elemental-transformer-verbatim @0.1.0 (perl)
Pod::Elemental::Transformer::Verbatim - Transform :verbatim regions into verbatim paragraphs

p5.32-mail-transport @4.10.0 (perl)
Mail::Transport - use Mail Transfer Agents (MTAs)

p5.32-math-dct @0.40.0 (perl)
Math::DCT - 1D and NxN 2D Fast Discreet Cosine Transforms (DCT-II)

p5.32-mime-lite-html @1.240.0 (perl)
MIME::Lite::HTML - Provide routine to transform a HTML page in a MIME-Lite mail

p5.32-module-util @1.90.0 (perl)
Module::Util - Module name tools and transformations

p5.32-pdl-fftw3 @0.203.0 (perl)
PDL::FFTW3 - PDL interface to the Fastest Fourier Transform in the West v3

p5.32-pdl-transform-color @1.10.0 (perl)
PDL::Transform::Color - Useful color system conversions for PDL

p5.32-pod-elemental-transformer-list @0.102.1 (perl)
Pod::Elemental::Transformer::List - transform :list regions into =over/=back to save typing

p5.32-pod-elemental-transformer-verbatim @0.1.0 (perl)
Pod::Elemental::Transformer::Verbatim - Transform :verbatim regions into verbatim paragraphs

p5.34-mail-transport @4.10.0 (perl)
Mail::Transport - use Mail Transfer Agents (MTAs)

p5.34-math-dct @0.40.0 (perl)
Math::DCT - 1D and NxN 2D Fast Discreet Cosine Transforms (DCT-II)

p5.34-mime-lite-html @1.240.0 (perl)
MIME::Lite::HTML - Provide routine to transform a HTML page in a MIME-Lite mail

p5.34-module-util @1.90.0 (perl)
Module::Util - Module name tools and transformations

p5.34-pdl-fftw3 @0.203.0 (perl)
PDL::FFTW3 - PDL interface to the Fastest Fourier Transform in the West v3

p5.34-pdl-transform-color @1.10.0 (perl)
PDL::Transform::Color - Useful color system conversions for PDL

p5.34-pod-elemental-transformer-list @0.102.1 (perl)
Pod::Elemental::Transformer::List - transform :list regions into =over/=back to save typing

p5.34-pod-elemental-transformer-verbatim @0.1.0 (perl)
Pod::Elemental::Transformer::Verbatim - Transform :verbatim regions into verbatim paragraphs

php52-ftp @5.2.17_3 (php, net)
a PHP extension for accessing file servers using the File Transfer Protocol

php52-xsl @5.2.17_1 (php, textproc)
a PHP interface to libxslt, which implements the XSL standard and lets you perform XSL transformations

php53-ftp @5.3.29_3 (php, net)
a PHP extension for accessing file servers using the File Transfer Protocol

php53-xsl @5.3.29_1 (php, textproc)
a PHP interface to libxslt, which implements the XSL standard and lets you perform XSL transformations

php54-ftp @5.4.45_3 (php, net)
a PHP extension for accessing file servers using the File Transfer Protocol

php54-xsl @5.4.45_1 (php, textproc)
a PHP interface to libxslt, which implements the XSL standard and lets you perform XSL transformations

php55-ftp @5.5.38_3 (php, net)
a PHP extension for accessing file servers using the File Transfer Protocol

php55-xsl @5.5.38_1 (php, textproc)
a PHP interface to libxslt, which implements the XSL standard and lets you perform XSL transformations

php56-ftp @5.6.40_3 (php, net)
a PHP extension for accessing file servers using the File Transfer Protocol

php56-xsl @5.6.40_1 (php, textproc)
a PHP interface to libxslt, which implements the XSL standard and lets you perform XSL transformations

php70-ftp @7.0.33_2 (php, net)
a PHP extension for accessing file servers using the File Transfer Protocol

php70-xsl @7.0.33_1 (php, textproc)
a PHP interface to libxslt, which implements the XSL standard and lets you perform XSL transformations

php71-ftp @7.1.33_1 (php, net)
a PHP extension for accessing file servers using the File Transfer Protocol

php71-xsl @7.1.33_1 (php, textproc)
a PHP interface to libxslt, which implements the XSL standard and lets you perform XSL transformations

php72-ftp @7.2.34_1 (php, net)
a PHP extension for accessing file servers using the File Transfer Protocol

php72-xsl @7.2.34_1 (php, textproc)
a PHP interface to libxslt, which implements the XSL standard and lets you perform XSL transformations

php73-ftp @7.3.33 (php, net)
a PHP extension for accessing file servers using the File Transfer Protocol

php73-xsl @7.3.33_1 (php, textproc)
a PHP interface to libxslt, which implements the XSL standard and lets you perform XSL transformations

php74-ftp @7.4.33 (php, net)
a PHP extension for accessing file servers using the File Transfer Protocol

php74-xsl @7.4.33 (php, textproc)
a PHP interface to libxslt, which implements the XSL standard and lets you perform XSL transformations

php80-ftp @8.0.30 (php, net)
a PHP extension for accessing file servers using the File Transfer Protocol

php80-xsl @8.0.30 (php, textproc)
a PHP interface to libxslt, which implements the XSL standard and lets you perform XSL transformations

php81-ftp @8.1.30 (php, net)
a PHP extension for accessing file servers using the File Transfer Protocol

php81-xsl @8.1.30 (php, textproc)
a PHP interface to libxslt, which implements the XSL standard and lets you perform XSL transformations

php82-ftp @8.2.24 (php, net)
a PHP extension for accessing file servers using the File Transfer Protocol

php82-xsl @8.2.24 (php, textproc)
a PHP interface to libxslt, which implements the XSL standard and lets you perform XSL transformations

php83-ftp @8.3.12 (php, net)
a PHP extension for accessing file servers using the File Transfer Protocol

php83-xsl @8.3.12 (php, textproc)
a PHP interface to libxslt, which implements the XSL standard and lets you perform XSL transformations

php84-ftp @8.4.0RC1 (php, net)
a PHP extension for accessing file servers using the File Transfer Protocol

php84-xsl @8.4.0RC1 (php, textproc)
a PHP interface to libxslt, which implements the XSL standard and lets you perform XSL transformations

postfix @3.10.7 (mail)
Fast and robust mail transfer agent

potrace @1.16 (graphics)
Transform bitmaps into vector graphics

proj4 @4.9.3 (gis)
PROJ 4 is a generic coordinate transformation software

proj5 @5.2.0 (gis)
PROJ 5 is a generic coordinate transformation software

proj6 @6.3.2 (gis)
PROJ 6 is a generic coordinate transformation software

proj7 @7.2.1_1 (gis)
PROJ 7 is a generic coordinate transformation software

proj8 @8.2.1_1 (gis)
PROJ 8 is a generic coordinate transformation software

proj9 @9.7.1 (gis)
PROJ 9 is a generic coordinate transformation software

py-affine @2.4.0 (python, devel, math, gis)
Matrices describing affine transformation of the plane.

py-asdf-transform-schemas @0.6.0 (python)
This package provides ASDF schemas for validating transform tags.

py-aws-sam-translator @1.106.0 (python)
AWS SAM Translator is a library that transform SAM templates into AWS CloudFormation templates

py-colour @0.4.6 (python)
A comprehensive number of colour theory transformations and algorithms

py-imagecodecs @2026.1.14 (python, graphics)
Image transformation, compression, and decompression codecs

py-isbnlib @3.10.14 (python)
Extract, clean, transform, hyphenate and metadata for ISBNs (International Standard Book Number).

py-numcodecs @0.16.5 (python)
Numcodecs is a Python package providing buffer compression and transformation codecs for use in data storage and communication applications.

py-pywavelets @1.9.0_1 (python, science, math)
PyWavelets is a Python wavelet transforms module

py-s3transfer @0.13.1 (python)
An Amazon S3 Transfer Manager

py-sentence-transformers @2.0.0 (python, textproc)
Sentence Embeddings using BERT / RoBERTa / XLM-R

py-tensorflow-transform @0.28.0 (python)
A library for data preprocessing with TensorFlow

py-torchaudio @0.12.0 (python, audio)
Data manipulation and transformation for audio signal processing, powered by PyTorch

py-torchvision @0.15.2 (python)
PyTorch datasets, transforms and models specific to computer vision

py-transformers @4.21.2 (python, textproc)
State-of-the-art Natural Language Processing for TensorFlow 2.0 and PyTorch

py39-tensorflow-transform @0.28.0 (python)
A library for data preprocessing with TensorFlow

py310-affine @2.4.0 (python, devel, math, gis)
Matrices describing affine transformation of the plane.

py310-asdf-transform-schemas @0.6.0 (python)
This package provides ASDF schemas for validating transform tags.

py310-aws-sam-translator @1.106.0 (python)
AWS SAM Translator is a library that transform SAM templates into AWS CloudFormation templates

py310-imagecodecs @2026.1.14 (python, graphics)
Image transformation, compression, and decompression codecs

py310-numcodecs @0.16.5 (python)
Numcodecs is a Python package providing buffer compression and transformation codecs for use in data storage and communication applications.

py310-pywavelets @1.8.0_1 (python, science, math)
PyWavelets is a Python wavelet transforms module

py310-s3transfer @0.13.1 (python)
An Amazon S3 Transfer Manager

py310-sentence-transformers @2.0.0 (python, textproc)
Sentence Embeddings using BERT / RoBERTa / XLM-R

py310-torchaudio @0.12.0 (python, audio)
Data manipulation and transformation for audio signal processing, powered by PyTorch

py310-torchvision @0.15.2 (python)
PyTorch datasets, transforms and models specific to computer vision

py310-transformers @4.21.2 (python, textproc)
State-of-the-art Natural Language Processing for TensorFlow 2.0 and PyTorch

py311-affine @2.4.0 (python, devel, math, gis)
Matrices describing affine transformation of the plane.

py311-asdf-transform-schemas @0.6.0 (python)
This package provides ASDF schemas for validating transform tags.

py311-aws-sam-translator @1.106.0 (python)
AWS SAM Translator is a library that transform SAM templates into AWS CloudFormation templates

py311-imagecodecs @2026.1.14 (python, graphics)
Image transformation, compression, and decompression codecs

py311-numcodecs @0.16.5 (python)
Numcodecs is a Python package providing buffer compression and transformation codecs for use in data storage and communication applications.

py311-pywavelets @1.9.0_1 (python, science, math)
PyWavelets is a Python wavelet transforms module

py311-s3transfer @0.13.1 (python)
An Amazon S3 Transfer Manager

py312-affine @2.4.0 (python, devel, math, gis)
Matrices describing affine transformation of the plane.

py312-asdf-transform-schemas @0.6.0 (python)
This package provides ASDF schemas for validating transform tags.

py312-aws-sam-translator @1.106.0 (python)
AWS SAM Translator is a library that transform SAM templates into AWS CloudFormation templates

py312-colour @0.4.6 (python)
A comprehensive number of colour theory transformations and algorithms

py312-imagecodecs @2026.1.14 (python, graphics)
Image transformation, compression, and decompression codecs

py312-numcodecs @0.16.5 (python)
Numcodecs is a Python package providing buffer compression and transformation codecs for use in data storage and communication applications.

py312-pywavelets @1.9.0_1 (python, science, math)
PyWavelets is a Python wavelet transforms module

py312-s3transfer @0.13.1 (python)
An Amazon S3 Transfer Manager

py313-affine @2.4.0 (python, devel, math, gis)
Matrices describing affine transformation of the plane.

py313-asdf-transform-schemas @0.6.0 (python)
This package provides ASDF schemas for validating transform tags.

py313-aws-sam-translator @1.106.0 (python)
AWS SAM Translator is a library that transform SAM templates into AWS CloudFormation templates

py313-imagecodecs @2026.1.14 (python, graphics)
Image transformation, compression, and decompression codecs

py313-isbnlib @3.10.14 (python)
Extract, clean, transform, hyphenate and metadata for ISBNs (International Standard Book Number).

py313-numcodecs @0.16.5 (python)
Numcodecs is a Python package providing buffer compression and transformation codecs for use in data storage and communication applications.

py313-pywavelets @1.9.0_1 (python, science, math)
PyWavelets is a Python wavelet transforms module

py313-s3transfer @0.13.1 (python)
An Amazon S3 Transfer Manager

py314-affine @2.4.0 (python, devel, math, gis)
Matrices describing affine transformation of the plane.

py314-asdf-transform-schemas @0.6.0 (python)
This package provides ASDF schemas for validating transform tags.

py314-aws-sam-translator @1.106.0 (python)
AWS SAM Translator is a library that transform SAM templates into AWS CloudFormation templates

py314-imagecodecs @2026.1.14 (python, graphics)
Image transformation, compression, and decompression codecs

py314-pywavelets @1.9.0_1 (python, science, math)
PyWavelets is a Python wavelet transforms module

py314-s3transfer @0.13.1 (python)
An Amazon S3 Transfer Manager

qpdf @12.3.2 (textproc, pdf)
content-preserving PDF transformation system

qrcp @0.11.3 (sysutils, net)
Transfer files over wifi from your computer to your mobile device by scanning a QR code without leaving the terminal.

R-acepack @1.4.2_1 (R, science, math)
ACE and AVAS for selecting multiple regression transformations

R-AutoTransQF @0.1.3_1 (R, science, math)
Novel automatic shifted log transformation

R-cdata @1.2.1_1 (R, science)
Fluid data transformations

R-codalm @0.1.2_1 (R, science, math)
Transformation-free linear regression for compositional outcomes and predictors

R-collapse @2.0.18 (R, science, economics, math)
Advanced and fast data transformation

R-cotram @0.5-2 (R, science, math)
Count transformation models

R-datawizard @0.13.0 (R, science)
Easy data wrangling and statistical transformations

R-dtt @0.1-2_1 (R, science, math)
Discrete Trigonometric Transforms

R-dualtrees @0.1.5_1 (R, science)
Decimated and undecimated 2D complex dual-tree wavelet transform

R-glmtrans @2.0.0_1 (R, science, math)
Transfer learning under regularized generalized linear models

R-GofKmt @2.2.0_1 (R, science, math)
Khmaladze martingale transformation goodness-of-fit test

R-grafzahl @0.0.11_1 (R, science, math)
Supervised machine learning for textual data using transformers and Quanteda

R-hht @2.1.6 (R, science, math)
Hilbert–Huang Transform: tools and methods

R-invertiforms @0.1.1_1 (R, science, math)
Invertible transforms for matrices

R-invLT @0.2.1_1 (R, science, math)
Inversion of Laplace-transformed functions

R-itdr @2.0.1_1 (R, science, math)
Integral transformation methods for SDR in regression

R-lorentz @1.1-1_1 (R, science)
The Lorentz transform in relativistic physics

R-mlt @1.6-1 (R, science, math)
Most Likely Transformations

R-nimbleNoBounds @1.0.3 (R, science, math)
Transformed distributions for improved MCMC efficiency

R-nltm @1.4.5_1 (R, science, math)
Non-Linear Transformation Models

R-pdqr @0.3.1_1 (R, science, math)
Create, transform and summarize custom random variables with distribution functions

R-PROJ @0.5.0 (R, science, gis)
Generic coordinate system transformations using PROJ

R-qmap @1.0-4_1 (R, science, math)
Statistical transformations for post-processing climate model output

R-reproj @0.7.0 (R, science, gis)
Coordinate system transformations for generic map data

R-RTransferEntropy @0.2.21_1 (R, science, math)
Measuring information flow between time series with Shannon and Renyi transfer entropy

R-rust @1.4.3 (R, science, math)
Ratio-of-Uniforms Simulation with Transformation

R-sctransform @0.4.1 (R, science)
Variance stabilizing transformations for single cell UMI data

R-sjmisc @2.8.10 (R, science)
Data and variable transformation functions

R-TAG @0.5.1_1 (R, science, math)
Transformed Additive Gaussian processes

R-tbm @0.3-6_1 (R, science, math)
Transformation Boosting Machines

R-tram @1.2-0 (R, science, math)
R-Formula-based user-interfaces to specific transformation models

R-tramME @1.0.6 (R, science, math)
Transformation models with mixed effects

R-tramnet @0.0-8_1 (R, science, math)
Penalized transformation models

R-transformr @0.1.5_1 (R, science, geometry)
Polygon and path transformations

R-trtf @0.4-2_1 (R, science, math)
Transformation trees and forests

R-wavelets @0.3-0.2_1 (R, science, finance)
Functions for computing wavelet filters, wavelet transforms and multiresolution analyses

R-wavethresh @4.7.3 (R, science, math)
Wavelets statistics and transforms

R-xslt @1.4.6 (R, science)
Extensible style-sheet language transformations

rb-net-ftp @0.3.8 (ruby, net)
Support for the File Transfer Protocol

rb19-taps @0.3.8_1 (ruby, www, databases)
A simple database-agnostic import/export app to transfer data to/from a remote database.

rb30-net-ftp @0.3.8 (ruby, net)
Support for the File Transfer Protocol

rb31-net-ftp @0.3.8 (ruby, net)
Support for the File Transfer Protocol

rb32-net-ftp @0.3.8 (ruby, net)
Support for the File Transfer Protocol

rq @1.0.4 (textproc)
Record Query - A tool for doing record analysis and transformation

rsync @3.4.1 (net)
Fast incremental file transfer

rsync-hfscomp @3.1.2_2 (net)
Fast incremental file transfer

tclxml @3.2 (lang, tcl)
This package provides XML parsers, DOM scripting and XSL Transformations for Tcl.

termscp @0.19.1 (sysutils, net)
A feature rich terminal file transfer

tnftp @20230507_1 (net)
Internet File Transfer Protocol client

tnftpd @20200704 (net)
Internet File Transfer Protocol server

TransformerKit @1.1.1 (devel)
A block-based API for NSValueTransformer, with a growing collection of useful examples.

xalanc @1.12_1 (textproc)
XSLT processor in C++ for transforming XML

zssh @1.5c_6 (comms, security)
interactive file transfer wrapper for ssh

zsync @0.6.2 (net)
file transfer program

Found 223 ports.
