abtransfers @0.0.5.0_5 (finance)
AB-Transfers allows to carry out bank transactions online. It is meant to complement KMyMoney and GnuCash.

Aerial @3.2.3 (aqua)
Apple TV Aerial Screensaver for Mac

capnproto @1.2.0 (devel)
Cap’n Proto is an insanely fast data interchange format and capability-based RPC system. Think JSON, except binary. Or think Protocol Buffers, except faster.

cbonsai @1.4.2 (games)
grow bonsai trees in your terminal

dnsa @0.5 (net, security)
DNS Auditing tool

drc-fir @3.2.3 (science, multimedia, math)
DRC is a program used to generate correction filters for acoustic compensation

foundationdb @6.3.24 (databases)
FoundationDB gives you the power of ACID transactions in a distributed database.

ghidra @12.0.1 (devel)
A software reverse engineering (SRE) suite of tools developed by NSA's Research Directorate in support of the Cybersecurity mission

gmtsar @6.1_5 (science)
An InSAR processing system based on GMT

kdeartwork @4.14.3_3 (kde, kde4)
This package contains additional themes, screensaver, sounds, wallpapers, widget styles and window styles for KDE.

kubescape @3.0.42 (sysutils, security)
Tool for testing if Kubernetes is deployed securely as defined in Kubernetes Hardening Guidance by NSA and CISA

opensaml @3.2.1_1 (lang, shibboleth, security, xml)
OpenSAML library for C++

OpenSansEmoji @2013.06.03 (graphics)
OpenSans based font which includes the full iOS Emoji set

p5-dbix-connector @0.600.0 (perl)
DBIx::Connector - Fast, safe DBI connection and transaction management

p5.28-dbix-connector @0.600.0 (perl)
DBIx::Connector - Fast, safe DBI connection and transaction management

p5.30-dbix-connector @0.600.0 (perl)
DBIx::Connector - Fast, safe DBI connection and transaction management

p5.32-dbix-connector @0.600.0 (perl)
DBIx::Connector - Fast, safe DBI connection and transaction management

p5.34-dbix-connector @0.600.0 (perl)
DBIx::Connector - Fast, safe DBI connection and transaction management

ptex-sfmacros @0_3 (tex, print, japanese)
Tategumi/Tateyoko/Kunten packages written by Shinsaku Fujita.

py-applescript @1.0.3 (python)
An easy-to-use Python wrapper for NSAppleScript, allowing Python scripts to communicate with AppleScripts and AppleScriptable applications.

py-transaction @3.0.0 (python, databases)
generic transaction implementation for Python

py27-transaction @3.0.0 (python, databases)
generic transaction implementation for Python

py310-applescript @1.0.3 (python)
An easy-to-use Python wrapper for NSAppleScript, allowing Python scripts to communicate with AppleScripts and AppleScriptable applications.

py311-applescript @1.0.3 (python)
An easy-to-use Python wrapper for NSAppleScript, allowing Python scripts to communicate with AppleScripts and AppleScriptable applications.

py312-applescript @1.0.3 (python)
An easy-to-use Python wrapper for NSAppleScript, allowing Python scripts to communicate with AppleScripts and AppleScriptable applications.

py313-applescript @1.0.3 (python)
An easy-to-use Python wrapper for NSAppleScript, allowing Python scripts to communicate with AppleScripts and AppleScriptable applications.

R-bonsai @0.3.1 (R, science, math)
Model wrappers for tree-based models

R-GenSA @1.1.14.1 (R, science, math)
R Functions for Generalized Simulated Annealing

R-opdisDownsampling @1.0.1 (R, science)
Optimal distribution preserving down-sampling of bio-medical data

R-RWgraph @1.0.0_1 (R, science, math)
Random walks on graphs representing a transactional network

rb-flickr @1.0.0 (ruby)
An insanely easy interface to the Flickr photo-sharing service. By Scott Raymond.

tth @4.16 (textproc, print)
a TeX to HTML transaltor

xorg-libXScrnSaver @1.2.4 (x11, devel)
X.org libXScrnSaver

xscreensaver @6.09 (x11)
X11 screen saver

Found 34 ports.
