libuuid @1.0.3 (devel)
Portable uuid C library

ossp-uuid @1.6.2_13 (devel)
ISO-C API and CLI for generating Universally Unique Identifiers

p5-alien-libuuid @0.50.0 (perl)
Alien::libuuid - Find or download and install libuuid

p5-class-dbi-uuid @1.10.0_3 (perl)
Provide Globally Unique Column Values

p5-data-uuid @1.227.0 (perl)
Perl extension for generating Globally/Universally Unique Identifiers (GUIDs/UUIDs).

p5-data-uuid-mt @1.1.0 (perl)
Data::UUID::MT - Fast random UUID generator using the Mersenne Twister algorithm

p5-test2-plugin-uuid @0.2.10 (perl)
Test2::Plugin::UUID - Use REAL UUIDs in Test2

p5-uuid @0.370.0 (perl)
UUID - Universally Unique Identifier library for Perl

p5-uuid-ffi @0.110.0 (perl)
UUID::FFI - Universally Unique Identifiers FFI style

p5-uuid-tiny @1.40.0 (perl)
UUID::Tiny - Pure Perl UUID Support With Functional Interface

p5.28-alien-libuuid @0.50.0 (perl)
Alien::libuuid - Find or download and install libuuid

p5.28-class-dbi-uuid @1.10.0_3 (perl)
Provide Globally Unique Column Values

p5.28-data-uuid @1.227.0 (perl)
Perl extension for generating Globally/Universally Unique Identifiers (GUIDs/UUIDs).

p5.28-data-uuid-mt @1.1.0 (perl)
Data::UUID::MT - Fast random UUID generator using the Mersenne Twister algorithm

p5.28-test2-plugin-uuid @0.2.10 (perl)
Test2::Plugin::UUID - Use REAL UUIDs in Test2

p5.28-uuid @0.370.0 (perl)
UUID - Universally Unique Identifier library for Perl

p5.28-uuid-ffi @0.110.0 (perl)
UUID::FFI - Universally Unique Identifiers FFI style

p5.28-uuid-tiny @1.40.0 (perl)
UUID::Tiny - Pure Perl UUID Support With Functional Interface

p5.30-alien-libuuid @0.50.0 (perl)
Alien::libuuid - Find or download and install libuuid

p5.30-class-dbi-uuid @1.10.0_3 (perl)
Provide Globally Unique Column Values

p5.30-data-uuid @1.227.0 (perl)
Perl extension for generating Globally/Universally Unique Identifiers (GUIDs/UUIDs).

p5.30-data-uuid-mt @1.1.0 (perl)
Data::UUID::MT - Fast random UUID generator using the Mersenne Twister algorithm

p5.30-test2-plugin-uuid @0.2.10 (perl)
Test2::Plugin::UUID - Use REAL UUIDs in Test2

p5.30-uuid @0.370.0 (perl)
UUID - Universally Unique Identifier library for Perl

p5.30-uuid-ffi @0.110.0 (perl)
UUID::FFI - Universally Unique Identifiers FFI style

p5.30-uuid-tiny @1.40.0 (perl)
UUID::Tiny - Pure Perl UUID Support With Functional Interface

p5.32-alien-libuuid @0.50.0 (perl)
Alien::libuuid - Find or download and install libuuid

p5.32-class-dbi-uuid @1.10.0_3 (perl)
Provide Globally Unique Column Values

p5.32-data-uuid @1.227.0 (perl)
Perl extension for generating Globally/Universally Unique Identifiers (GUIDs/UUIDs).

p5.32-data-uuid-mt @1.1.0 (perl)
Data::UUID::MT - Fast random UUID generator using the Mersenne Twister algorithm

p5.32-test2-plugin-uuid @0.2.10 (perl)
Test2::Plugin::UUID - Use REAL UUIDs in Test2

p5.32-uuid @0.370.0 (perl)
UUID - Universally Unique Identifier library for Perl

p5.32-uuid-ffi @0.110.0 (perl)
UUID::FFI - Universally Unique Identifiers FFI style

p5.32-uuid-tiny @1.40.0 (perl)
UUID::Tiny - Pure Perl UUID Support With Functional Interface

p5.34-alien-libuuid @0.50.0 (perl)
Alien::libuuid - Find or download and install libuuid

p5.34-class-dbi-uuid @1.10.0_3 (perl)
Provide Globally Unique Column Values

p5.34-data-uuid @1.227.0 (perl)
Perl extension for generating Globally/Universally Unique Identifiers (GUIDs/UUIDs).

p5.34-data-uuid-mt @1.1.0 (perl)
Data::UUID::MT - Fast random UUID generator using the Mersenne Twister algorithm

p5.34-test2-plugin-uuid @0.2.10 (perl)
Test2::Plugin::UUID - Use REAL UUIDs in Test2

p5.34-uuid @0.370.0 (perl)
UUID - Universally Unique Identifier library for Perl

p5.34-uuid-ffi @0.110.0 (perl)
UUID::FFI - Universally Unique Identifiers FFI style

p5.34-uuid-tiny @1.40.0 (perl)
UUID::Tiny - Pure Perl UUID Support With Functional Interface

php-uuid @1.2.1 (php, net, www)
A wrapper around libuuid from the ext2utils project.

php53-uuid @1.0.5_1 (php, net, www)
A wrapper around libuuid from the ext2utils project.

php54-uuid @1.0.5_1 (php, net, www)
A wrapper around libuuid from the ext2utils project.

php55-uuid @1.0.5_1 (php, net, www)
A wrapper around libuuid from the ext2utils project.

php56-uuid @1.0.5_1 (php, net, www)
A wrapper around libuuid from the ext2utils project.

php70-uuid @1.2.1 (php, net, www)
A wrapper around libuuid from the ext2utils project.

php71-uuid @1.2.1 (php, net, www)
A wrapper around libuuid from the ext2utils project.

php72-uuid @1.2.1 (php, net, www)
A wrapper around libuuid from the ext2utils project.

php73-uuid @1.2.1 (php, net, www)
A wrapper around libuuid from the ext2utils project.

php74-uuid @1.2.1 (php, net, www)
A wrapper around libuuid from the ext2utils project.

php80-uuid @1.2.1 (php, net, www)
A wrapper around libuuid from the ext2utils project.

php81-uuid @1.2.1 (php, net, www)
A wrapper around libuuid from the ext2utils project.

php82-uuid @1.2.1 (php, net, www)
A wrapper around libuuid from the ext2utils project.

php83-uuid @1.2.1 (php, net, www)
A wrapper around libuuid from the ext2utils project.

py-shortuuid @1.0.13 (python, devel)
A generator library for concise, unambiguous and URL-safe UUIDs.

py310-shortuuid @1.0.13 (python, devel)
A generator library for concise, unambiguous and URL-safe UUIDs.

py311-shortuuid @1.0.13 (python, devel)
A generator library for concise, unambiguous and URL-safe UUIDs.

py312-shortuuid @1.0.13 (python, devel)
A generator library for concise, unambiguous and URL-safe UUIDs.

py313-shortuuid @1.0.13 (python, devel)
A generator library for concise, unambiguous and URL-safe UUIDs.

qore-uuid-module @1.4.1 (lang)
uuid module for Qore

R-RcppUUID @1.1.1_2 (R, science)
Generate Universally Unique Identificators

R-uuid @1.2-1 (R, science)
Tools for generating and handling of UUIDs

rb-uuidtools @2.2.0 (ruby)
Generate UUIDs (or GUIDs) with Ruby.

rb30-uuidtools @2.2.0 (ruby)
Generate UUIDs (or GUIDs) with Ruby.

rb31-uuidtools @2.2.0 (ruby)
Generate UUIDs (or GUIDs) with Ruby.

rb32-uuidtools @2.2.0 (ruby)
Generate UUIDs (or GUIDs) with Ruby.

rb33-uuidtools @2.2.0 (ruby)
Generate UUIDs (or GUIDs) with Ruby.

Found 69 ports.
