bind9 @9.20.18 (net)
Domain Name System server

bind9.18 @9.18.44 (net)
Domain Name System server

checkdns @0.5 (net)
A domain name server analysis and reporting tool

cl-alexandria @1.4_1 (lisp, devel)
Alexandria is a collection of portable public domain utilities for Common Lisp

cl-idna @0.2.2 (lisp, devel)
IDNA (international domain names) string encoding and decoding routines

cl-tld @20220217 (lisp, devel)
Extracts the TLD(Top Level Domain) from domain, for Common Lisp

dns-server @9.16.13 (net)
Domain Name System server configuration

DoCon @2.11_5 (math, devel)
DoCon is the Algebraic Domain Constructor

ecgen @0.7.7_1 (math)
Tool for generating Elliptic curve domain parameters

hpddm @2.3.0 (math, science)
a framework for high-performance domain decomposition methods

knot @3.5.3 (net)
Knot DNS is a high-performance authoritative-only DNS server which supports all key features of the modern domain name system.

libbind @6.0 (net)
Standard resolver library for communicating with domain name servers

libhsts @0.1.0_1 (www, devel)
Library to easily check a domain against the Chromium HSTS Preload list.

libidn @1.43 (mail)
GNU International Domain Name Library (legacy version 1).

libidn2 @2.3.8 (mail)
GNU International Domain Name Library (current version 2)

libknot @3.5.3 (net)
Knot DNS is a high-performance authoritative-only DNS server which supports all key features of the modern domain name system.

opendkim @2.10.3_4 (mail)
OpenDKIM is an implementation of the DKIM (Domain Keys Identified Mail)

p5-data-validate-domain @0.150.0 (perl)
Domain and host name validation

p5-log-log4perl-appender-socket-unix @1.40.0_1 (perl)
Log to a Unix Domain Socket

p5-mail-dkim @1.202.409.230 (perl, mail)
Mail::DKIM - Signs/verifies Internet mail with DKIM/DomainKey signatures

p5-mozilla-publicsuffix @1.0.7 (perl)
Mozilla::PublicSuffix - Get a domain name's public suffix via the Mozilla Public Suffix List

p5-net-dns @1.540.0 (perl)
Net::DNS - Perl Interface to the Domain Name System

p5-net-domain-tld @1.750.0 (perl)
Net::Domain::TLD - Work with TLD names

p5-net-idn-encode @2.500.0 (perl)
The Net::IDN::Encode perl module is used for internationalizing domain names in applications

p5.28-data-validate-domain @0.150.0 (perl)
Domain and host name validation

p5.28-log-log4perl-appender-socket-unix @1.40.0_1 (perl)
Log to a Unix Domain Socket

p5.28-mail-dkim @1.202.409.230 (perl, mail)
Mail::DKIM - Signs/verifies Internet mail with DKIM/DomainKey signatures

p5.28-mozilla-publicsuffix @1.0.7 (perl)
Mozilla::PublicSuffix - Get a domain name's public suffix via the Mozilla Public Suffix List

p5.28-net-dns @1.540.0 (perl)
Net::DNS - Perl Interface to the Domain Name System

p5.28-net-domain-tld @1.750.0 (perl)
Net::Domain::TLD - Work with TLD names

p5.28-net-idn-encode @2.500.0 (perl)
The Net::IDN::Encode perl module is used for internationalizing domain names in applications

p5.30-data-validate-domain @0.150.0 (perl)
Domain and host name validation

p5.30-log-log4perl-appender-socket-unix @1.40.0_1 (perl)
Log to a Unix Domain Socket

p5.30-mail-dkim @1.202.409.230 (perl, mail)
Mail::DKIM - Signs/verifies Internet mail with DKIM/DomainKey signatures

p5.30-mozilla-publicsuffix @1.0.7 (perl)
Mozilla::PublicSuffix - Get a domain name's public suffix via the Mozilla Public Suffix List

p5.30-net-dns @1.540.0 (perl)
Net::DNS - Perl Interface to the Domain Name System

p5.30-net-domain-tld @1.750.0 (perl)
Net::Domain::TLD - Work with TLD names

p5.30-net-idn-encode @2.500.0 (perl)
The Net::IDN::Encode perl module is used for internationalizing domain names in applications

p5.32-data-validate-domain @0.150.0 (perl)
Domain and host name validation

p5.32-log-log4perl-appender-socket-unix @1.40.0_1 (perl)
Log to a Unix Domain Socket

p5.32-mail-dkim @1.202.409.230 (perl, mail)
Mail::DKIM - Signs/verifies Internet mail with DKIM/DomainKey signatures

p5.32-mozilla-publicsuffix @1.0.7 (perl)
Mozilla::PublicSuffix - Get a domain name's public suffix via the Mozilla Public Suffix List

p5.32-net-dns @1.540.0 (perl)
Net::DNS - Perl Interface to the Domain Name System

p5.32-net-domain-tld @1.750.0 (perl)
Net::Domain::TLD - Work with TLD names

p5.32-net-idn-encode @2.500.0 (perl)
The Net::IDN::Encode perl module is used for internationalizing domain names in applications

p5.34-data-validate-domain @0.150.0 (perl)
Domain and host name validation

p5.34-log-log4perl-appender-socket-unix @1.40.0_1 (perl)
Log to a Unix Domain Socket

p5.34-mail-dkim @1.202.409.230 (perl, mail)
Mail::DKIM - Signs/verifies Internet mail with DKIM/DomainKey signatures

p5.34-mozilla-publicsuffix @1.0.7 (perl)
Mozilla::PublicSuffix - Get a domain name's public suffix via the Mozilla Public Suffix List

p5.34-net-dns @1.540.0 (perl)
Net::DNS - Perl Interface to the Domain Name System

p5.34-net-domain-tld @1.750.0 (perl)
Net::Domain::TLD - Work with TLD names

p5.34-net-idn-encode @2.500.0 (perl)
The Net::IDN::Encode perl module is used for internationalizing domain names in applications

pdksh @5.2.14 (shells)
A Public Domain clone of ksh

py-fqdn @1.5.1 (python, devel)
Validates fully-qualified domain names against RFC 1123

py-idna @3.11 (python, devel)
Internationalized Domain Names in Applications (IDNA).

py-publicsuffix2 @2.20191221 (python, net)
Get a public suffix for a domain name using the Public Suffix List

py-requests-unixsocket @0.4.1 (python, devel)
HTTP via a UNIX domain socket

py-sphinxcontrib-httpdomain @1.8.1 (python, textproc, devel, www)
Sphinx domain for documenting HTTP APIs

py-tldextract @5.3.1 (python, net)
tldextract accurately separates the gTLD or ccTLD (generic or country code top-level domain) from the registered domain and subdomains of a URL.

py27-idna @2.10 (python, devel)
Internationalized Domain Names in Applications (IDNA).

py27-requests-unixsocket @0.2.0 (python, devel)
HTTP via a UNIX domain socket

py35-idna @2.10 (python, devel)
Internationalized Domain Names in Applications (IDNA).

py36-idna @3.3 (python, devel)
Internationalized Domain Names in Applications (IDNA).

py37-idna @3.10 (python, devel)
Internationalized Domain Names in Applications (IDNA).

py38-idna @3.11 (python, devel)
Internationalized Domain Names in Applications (IDNA).

py39-fqdn @1.5.1 (python, devel)
Validates fully-qualified domain names against RFC 1123

py39-idna @3.11 (python, devel)
Internationalized Domain Names in Applications (IDNA).

py310-fqdn @1.5.1 (python, devel)
Validates fully-qualified domain names against RFC 1123

py310-idna @3.11 (python, devel)
Internationalized Domain Names in Applications (IDNA).

py310-publicsuffix2 @2.20191221 (python, net)
Get a public suffix for a domain name using the Public Suffix List

py310-requests-unixsocket @0.4.1 (python, devel)
HTTP via a UNIX domain socket

py310-sphinxcontrib-httpdomain @1.8.1 (python, textproc, devel, www)
Sphinx domain for documenting HTTP APIs

py310-tldextract @5.3.1 (python, net)
tldextract accurately separates the gTLD or ccTLD (generic or country code top-level domain) from the registered domain and subdomains of a URL.

py311-fqdn @1.5.1 (python, devel)
Validates fully-qualified domain names against RFC 1123

py311-idna @3.11 (python, devel)
Internationalized Domain Names in Applications (IDNA).

py311-publicsuffix2 @2.20191221 (python, net)
Get a public suffix for a domain name using the Public Suffix List

py311-requests-unixsocket @0.4.1 (python, devel)
HTTP via a UNIX domain socket

py311-sphinxcontrib-httpdomain @1.8.1 (python, textproc, devel, www)
Sphinx domain for documenting HTTP APIs

py311-tldextract @5.3.1 (python, net)
tldextract accurately separates the gTLD or ccTLD (generic or country code top-level domain) from the registered domain and subdomains of a URL.

py312-fqdn @1.5.1 (python, devel)
Validates fully-qualified domain names against RFC 1123

py312-idna @3.11 (python, devel)
Internationalized Domain Names in Applications (IDNA).

py312-publicsuffix2 @2.20191221 (python, net)
Get a public suffix for a domain name using the Public Suffix List

py312-requests-unixsocket @0.4.1 (python, devel)
HTTP via a UNIX domain socket

py312-sphinxcontrib-httpdomain @1.8.1 (python, textproc, devel, www)
Sphinx domain for documenting HTTP APIs

py312-tldextract @5.3.1 (python, net)
tldextract accurately separates the gTLD or ccTLD (generic or country code top-level domain) from the registered domain and subdomains of a URL.

py313-fqdn @1.5.1 (python, devel)
Validates fully-qualified domain names against RFC 1123

py313-idna @3.11 (python, devel)
Internationalized Domain Names in Applications (IDNA).

py313-publicsuffix2 @2.20191221 (python, net)
Get a public suffix for a domain name using the Public Suffix List

py313-requests-unixsocket @0.4.1 (python, devel)
HTTP via a UNIX domain socket

py313-sphinxcontrib-httpdomain @1.8.1 (python, textproc, devel, www)
Sphinx domain for documenting HTTP APIs

py313-tldextract @5.3.1 (python, net)
tldextract accurately separates the gTLD or ccTLD (generic or country code top-level domain) from the registered domain and subdomains of a URL.

py314-fqdn @1.5.1 (python, devel)
Validates fully-qualified domain names against RFC 1123

py314-idna @3.11 (python, devel)
Internationalized Domain Names in Applications (IDNA).

py314-sphinxcontrib-httpdomain @1.8.1 (python, textproc, devel, www)
Sphinx domain for documenting HTTP APIs

py314-tldextract @5.3.1 (python, net)
tldextract accurately separates the gTLD or ccTLD (generic or country code top-level domain) from the registered domain and subdomains of a URL.

R-freqdom @2.0.5_1 (R, science)
Implementation of dynamic principal component analysis (DPCA), simulation of VAR and VMA processes and frequency domain tools

R-grangers @0.1.0_1 (R, science, math)
Inference on Granger causality in the frequency domain

R-polyCub @0.9.1 (R, science, math)
Cubature over polygonal domains

R-shinymeta @0.2.0.3_2 (R, science)
Export domain logic from Shiny using meta-programming

rb-domain_name @0.6.20240107 (ruby, net)
This is a Domain Name manipulation library for Ruby

rb-public_suffix @6.0.1 (ruby, net)
PublicSuffix can parse and decompose a domain name into top level domain, domain and subdomains

rb31-domain_name @0.6.20240107 (ruby, net)
This is a Domain Name manipulation library for Ruby

rb31-public_suffix @6.0.1 (ruby, net)
PublicSuffix can parse and decompose a domain name into top level domain, domain and subdomains

rb32-domain_name @0.6.20240107 (ruby, net)
This is a Domain Name manipulation library for Ruby

rb32-public_suffix @6.0.1 (ruby, net)
PublicSuffix can parse and decompose a domain name into top level domain, domain and subdomains

rb33-domain_name @0.6.20240107 (ruby, net)
This is a Domain Name manipulation library for Ruby

rb33-public_suffix @6.0.1 (ruby, net)
PublicSuffix can parse and decompose a domain name into top level domain, domain and subdomains

stb @20241029 (devel)
Single-file public domain (or MIT licensed) libraries for C/C++.

vm-pop3d @1.1.6_3 (mail)
POP3 server for Postfix that supports virtual domains and mailboxes

vpopmail @5.4.25 (mail)
Manage multiple virtual domains with Qmail

Found 110 ports.
