addrwatch @1.0.2 (net)
a tool similar to arpwatch for IPv4/IPv6 and ethernet address pairing monitoring

arp-scan @1.10.0 (net)
ARP scanning and fingerprinting tool

arpack @3.9.1_1 (math)
Package for solving large-scale eigenvalue problems

arpd @0.2_6 (net, security)
user space ARP (Address Resolution Protocol) daemon

arpeggio @1.4.4_2 (science, python)
Calculation of interatomic interactions in molecular structures

arpeggio-devel @20241024-258855b8_1 (science, python)
Calculation of interatomic interactions in molecular structures

arping @2.26 (net)
utility to find out if an IP address is already taken on a LAN

ArpSpyX @1.3 (aqua, net)
ArpSpyX displays ARP packets received by your computer

arpwatch @3.8 (net)
Monitor ARP & RARP requests

cocoa-sharp @0.2 (devel)
Cocoa bindings for the Mono .NET Development Framework

dbus-glib-sharp @0.4.1 (devel)
dbus-glib-sharp (a.k.a. ndesk-dbus-glib) is a C# implementation of D-Bus-Glib

dbus-sharp @0.6.0 (devel)
dbus-sharp (a.k.a. ndesk-dbus) is a C# implementation of D-Bus

fsharp @10.2.3 (lang, devel)
F# is a typed functional programming language.

gecko-sharp2 @0.13 (devel)
GeckoSharp is a wrapper for the GtkEmbedMoz widget.

gnome-sharp2 @2.24.2_1 (gnome, devel)
Gtk bindings for the Mono .NET Development Framework

gtk-sharp2 @2.12.45 (x11, devel)
Gtk bindings for the Mono .NET Development Framework

gtksourceview-sharp2 @0.12 (gnome, devel)
C# Bindings for GtkSourceView.

harp @0.2.11 (security)
Secret management by contract toolchain

hck @0.11.5 (textproc)
A sharp cut(1) clone

libsharp @1.0.0 (science)
C/C++ library for fast spherical harmonic transforms

nektarpp @5.9.0 (science)
spectral/hp element framework

notify-sharp @0.4.0 (devel)
C# client implementation for Desktop Notifications, i.e. notification-daemon inspired by libnotify

p5-carp-always @0.160.0 (perl)
Carp::Always - Warns and dies noisily with stack backtraces

p5-carp-assert @0.220.0 (perl)
Carp::Assert - executable comments

p5-carp-assert-more @2.9.0 (perl)
Carp::Assert::More - Convenience assertions for common situations

p5-carp-clan @6.80.0 (perl)
Report errors from perspective of caller of a clan of modules

p5-carp-clan-share @0.13.0 (perl)
Carp::Clan::Share - Share your Carp::Clan settings with your whole Clan

p5-time-warp @0.550.0 (perl)
control over the flow of time

p5.28-carp-always @0.160.0 (perl)
Carp::Always - Warns and dies noisily with stack backtraces

p5.28-carp-assert @0.220.0 (perl)
Carp::Assert - executable comments

p5.28-carp-assert-more @2.9.0 (perl)
Carp::Assert::More - Convenience assertions for common situations

p5.28-carp-clan @6.80.0 (perl)
Report errors from perspective of caller of a clan of modules

p5.28-carp-clan-share @0.13.0 (perl)
Carp::Clan::Share - Share your Carp::Clan settings with your whole Clan

p5.28-time-warp @0.550.0 (perl)
control over the flow of time

p5.30-carp-always @0.160.0 (perl)
Carp::Always - Warns and dies noisily with stack backtraces

p5.30-carp-assert @0.220.0 (perl)
Carp::Assert - executable comments

p5.30-carp-assert-more @2.9.0 (perl)
Carp::Assert::More - Convenience assertions for common situations

p5.30-carp-clan @6.80.0 (perl)
Report errors from perspective of caller of a clan of modules

p5.30-carp-clan-share @0.13.0 (perl)
Carp::Clan::Share - Share your Carp::Clan settings with your whole Clan

p5.30-time-warp @0.550.0 (perl)
control over the flow of time

p5.32-carp-always @0.160.0 (perl)
Carp::Always - Warns and dies noisily with stack backtraces

p5.32-carp-assert @0.220.0 (perl)
Carp::Assert - executable comments

p5.32-carp-assert-more @2.9.0 (perl)
Carp::Assert::More - Convenience assertions for common situations

p5.32-carp-clan @6.80.0 (perl)
Report errors from perspective of caller of a clan of modules

p5.32-carp-clan-share @0.13.0 (perl)
Carp::Clan::Share - Share your Carp::Clan settings with your whole Clan

p5.32-time-warp @0.550.0 (perl)
control over the flow of time

p5.34-carp-always @0.160.0 (perl)
Carp::Always - Warns and dies noisily with stack backtraces

p5.34-carp-assert @0.220.0 (perl)
Carp::Assert - executable comments

p5.34-carp-assert-more @2.9.0 (perl)
Carp::Assert::More - Convenience assertions for common situations

p5.34-carp-clan @6.80.0 (perl)
Report errors from perspective of caller of a clan of modules

p5.34-carp-clan-share @0.13.0 (perl)
Carp::Clan::Share - Share your Carp::Clan settings with your whole Clan

p5.34-time-warp @0.550.0 (perl)
control over the flow of time

py-arpeggio @2.0.2 (python)
Packrat parser interpreter

py-fastdtw @0.3.4 (python, science)
Dynamic Time Warping (DTW) algorithm with an O(N) time and memory complexity.

py-sarpy @1.3.61.1 (python, graphics, science)
Tools to read, write, and process complex SAR data and associated data.

py310-arpeggio @2.0.2 (python)
Packrat parser interpreter

py310-sarpy @1.3.61.1 (python, graphics, science)
Tools to read, write, and process complex SAR data and associated data.

py311-arpeggio @2.0.2 (python)
Packrat parser interpreter

py311-sarpy @1.3.61.1 (python, graphics, science)
Tools to read, write, and process complex SAR data and associated data.

py312-arpeggio @2.0.2 (python)
Packrat parser interpreter

py312-sarpy @1.3.61.1 (python, graphics, science)
Tools to read, write, and process complex SAR data and associated data.

py313-arpeggio @2.0.2 (python)
Packrat parser interpreter

py313-sarpy @1.3.61.1 (python, graphics, science)
Tools to read, write, and process complex SAR data and associated data.

py314-fastdtw @0.3.4 (python, science)
Dynamic Time Warping (DTW) algorithm with an O(N) time and memory complexity.

R-dtw @1.23-1_2 (R, science)
Dynamic Time Warping algorithms

R-dtwclust @6.0.0 (R, science, math)
Time series clustering along with optimizations for the dynamic time warping distance

R-ptw @1.9-16_2 (R, science)
Parametric Time Warping

R-rARPACK @0.11-0_2 (R, science, math)
Solvers for large-scale eigenvalue and SVD problems

R-sharp @1.4.6_1 (R, science, math)
Stability-enhanced approaches using resampling procedures

R-SharpeR @1.3.0_2 (R, science, math)
Statistical significance of the Sharpe ratio

R-warp @0.2.1_1 (R, science)
Group dates

slearp @0.95 (textproc, math)
structured learning and predict toolkit for tasks such as g2p conversion, based on discriminative leaning

starpu @1.4.7 (devel)
Unified runtime system for heterogeneous multicore architectures

starpu13 @1.3.11_3 (devel)
Unified runtime system for heterogeneous multicore architectures

swarp @2.38.0 (science)
Program that resample and co-adds FITS images

swig-csharp @4.4.1 (devel)
C# binding for swig

swig3-csharp @3.0.12_5 (devel)
C# binding for swig

taglib-sharp @2.0.3.7 (audio)
C# implementation of TagLib.

tree-sitter-c-sharp @0.23.1 (devel)
A tree-sitter parser for C#

ttf-arphic-ukai @0.1.20060928 (x11, fonts)
AR PL ZenKai Uni and AR PL ZenKai Uni MBE Unicode Fonts

ttf-arphic-uming @0.1.20060928 (x11, fonts)
AR PL ShanHeiSun Uni and AR PL ShanHeiSun Uni MBE Unicode Fonts

ucarp @1.5.2 (net)
userland implementation of the CARP

Found 82 ports.
