airspy @20210912-41c439f1 (science, comms)
Host software for AirSpy, a project to produce a low cost, open source software radio platform (SDR).

bladeRF @20211028-5a146b2a (science, comms)
bladeRF is an open-source hardware and software software-defined radio (SDR) platform.

CubicSDR @20230114-071204f3 (science, comms)
Cross-Platform Software-Defined Radio Application

get_iplayer @3.36 (net, multimedia)
A utility for downloading TV and radio from BBC iPlayer

gildas @202601a (science)
Radioastronomy data analysis software

gnome-internet-radio-locator @12.7.0 (gnome)
GNOME Internet Radio Locator

gnome-radio @64.0 (gnome)
GNOME Radio

gnss-sdr @0.0.19_1 (science)
An Open Source Global Navigation Satellite Systems (GNSS) (for example: GPS, Galileo, Glonass, Beidou, etc) Software Defined Radio (SDR) Receiver

gnss-sdr-devel @20240126-ec180d85_1 (science)
An Open Source Global Navigation Satellite Systems (GNSS) (for example: GPS, Galileo, Glonass, Beidou, etc) Software Defined Radio (SDR) Receiver

gnuradio @3.8.5.0_3 (science, comms)
GNU Radio is Software Defined Radio (SDR)

gnuradio-next @20200419-03d92ac1_7 (science, comms)
GNU Radio is Software Defined Radio (SDR)

gnuradio37 @3.7.14.0_6 (science, comms)
GNU Radio is Software Defined Radio (SDR)

gqrx @2.16 (science, comms)
Gqrx is a software defined radio (SDR) receiver using GNU Radio, OSMOSDR, and Qt5.

gr-adapt @20200630-13245e3f_10 (science, comms)
Adaptive filters for GNU Radio

gr-air-modes @20191015-a2f2627c_4 (science, comms)
Provides augmented functionality (blocks, GRC definitions, apps, etc) for GNU Radio.

gr-baz @20200409-937834ce_7 (science, comms)
Provides augmented functionality (blocks, GRC definitions, apps, etc) for GNU Radio.

gr-fcdproplus @20200811-575fcafb (science, comms)
Implements a funcube dongle pro+ source in GNU Radio.

gr-foo @20191217-13fac53d_5 (science, comms)
Provides augmented functionality (blocks, GRC definitions, apps, etc) for GNU Radio.

gr-fosphor @20200130-defdd4ac_3 (science, comms)
gr-fosphor provides a GNU Radio block for RTSA-like spectrum visualization using GPU acceleration.

gr-gfdm @20200409-df94a58d_4 (science, comms)
Provides augmented functionality for GNU Radio: Generalized Frequency Division Multiplexing.

gr-gsm @20200214-fd4454d6_5 (science, comms)
Provides augmented functionality for GNU Radio: a set of tools for receiving information transmitted by GSM equipment/devices.

gr-hermeslite2 @20211214-3cabd011 (science, comms)
GNU Radio interface module for Hermes Lite 2

gr-hpsdr @20210406-49e9e9ce_3 (science, comms)
gnuradio module for OpenHPSDR Hermes/Metis and Red Pitaya using the OpenHpsdr 1 protocol.

gr-ieee802-11 @20191217-99f1a456_3 (science, comms)
Provides augmented functionality (blocks, GRC definitions, apps, etc) for GNU Radio.

gr-ieee802-15-4 @20191006-a3c79af9_5 (science, comms)
Provides augmented functionality (blocks, GRC definitions, apps, etc) for GNU Radio.

gr-iio @20200403-45658994_7 (science, comms)
Provides augmented functionality for GNU Radio: IIO device source

gr-iqbalance @0.38.2_3 (science, comms)
gr-iqbalance provides I/Q balancing blocks for GNU Radio

gr-limesdr @3.0.1_4 (science, comms)
GNU Radio block for LimeSDR-USB/LimeSDR-Mini boards

gr-linrad @20200425-5576e4cc_2 (science, comms)
GNU Radio module implementing Linrad network protocol

gr-osmosdr @20210117-cffef690_3 (science, comms)
gr-osmosdr provides support for OsmoSDR hardware within GNU Radio

gr-rds @20201015-feaba5b1_3 (science, comms)
Provides the Radio Data System (RDS) block for GNU Radio.

gr-satellites @3.16.0 (science, comms)
GNU Radio decoders for several Amateur satellites.

gr-specest @20191014-fe599836_6 (science, comms)
Provides spectral estimation blocks for GNU Radio.

gr37-adapt @20191021-4bbdde4c_7 (science, comms)
Adaptive filters for GNU Radio

gr37-air-modes @20170928_2 (science, comms)
Provides augmented functionality (blocks, GRC definitions, apps, etc) for GNU Radio.

gr37-ais @20151220_2 (science, comms)
Provides augmented functionality (blocks, GRC definitions, apps, etc) for GNU Radio.

gr37-baz @20200409-937834ce_7 (science, comms)
Provides augmented functionality (blocks, GRC definitions, apps, etc) for GNU Radio.

gr37-cdma @20161220_1 (science, comms)
Provides augmented functionality for GNU Radio: a code-division multiple (user) access (CDMA) physical layer.

gr37-fcdproplus @20180828_1 (science, comms)
Implements a funcube dongle pro+ source in GNU Radio.

gr37-foo @20190606-a2d86703_3 (science, comms)
Provides augmented functionality (blocks, GRC definitions, apps, etc) for GNU Radio.

gr37-fosphor @20191202-fa6761af_1 (science, comms)
gr-fosphor provides a GNU Radio block for RTSA-like spectrum visualization using GPU acceleration.

gr37-gfdm @20190416-4cc5b5c4_4 (science, comms)
Provides augmented functionality for GNU Radio: Generalized Frequency Division Multiplexing.

gr37-gsm @20180812_3 (science, comms)
Provides augmented functionality for GNU Radio: a set of tools for receiving information transmitted by GSM equipment/devices.

gr37-ieee802-11 @20190416-80dd9038_1 (science, comms)
Provides augmented functionality (blocks, GRC definitions, apps, etc) for GNU Radio.

gr37-ieee802-15-4 @20190606-d3d94023_3 (science, comms)
Provides augmented functionality (blocks, GRC definitions, apps, etc) for GNU Radio.

gr37-iio @20190725-9088ac79_5 (science, comms)
Provides augmented functionality for GNU Radio: IIO device source

gr37-iqbalance @20191111_1 (science, comms)
gr-iqbalance provides I/Q balancing blocks for GNU Radio

gr37-limesdr @2.0.0_2 (science, comms)
GNU Radio block for LimeSDR-USB/LimeSDR-Mini boards

gr37-lte @20180220_1 (science, comms)
Provides augmented functionality (blocks, GRC definitions, apps, etc) for GNU Radio.

gr37-mac @20140919_1 (science, comms)
Provides augmented functionality (blocks, GRC definitions, apps, etc) for GNU Radio.

gr37-mapper @20181023-2ea1eb68_1 (science, comms)
Provides augmented functionality for GNU Radio: Symbol to Bit Mapping and Demapping Blocks

gr37-ofdm @20180306_4 (science, comms)
Provides augmented functionality (blocks, GRC definitions, apps, etc) for GNU Radio.

gr37-osmosdr @20191201-a95bbd74_5 (science, comms)
gr-osmosdr provides support for OsmoSDR hardware within GNU Radio

gr37-pcap @20170402_3 (science, comms)
Provides augmented functionality (blocks, GRC definitions, apps, etc) for GNU Radio.

gr37-pyqt @20160712_1 (science, comms)
Provides augmented functionality for GNU Radio: pyqt based plotters intended for plotting bursted events.

gr37-rds @20200222-a02dcd9e_1 (science, comms)
Provides the Radio Data System (RDS) block for GNU Radio.

gr37-satellites @1.8.4_2 (science, comms)
GNU Radio decoders for several Amateur satellites.

gr37-sdrplay @20180717-d28ae3d3_1 (science, comms)
GNU Radio block for SDRPlay boards

gr37-specest @20180115_4 (science, comms)
Provides spectral estimation blocks for GNU Radio.

gr37-tdd @20190521-13ae75ea_1 (science, comms)
Provides augmented functionality for GNU Radio: test driven development blocks

grig @0.8.1_2 (science)
GUI Ham Radio control (CAT) program

gtk-internet-radio-locator @5.4.8 (gnome)
GTK Internet Radio Locator

gtk-radio @549.0 (gnome)
GTK Internet Radio Locator

hackrf @2024.02.1 (science, comms)
hackrf is a project to build a low cost software radio (SDR) platform.

hackrf-devel @20241205-db884152 (science, comms)
hackrf is a project to build a low cost software radio (SDR) platform.

hamclock @4.22 (x11)
Handy clock with features for amateur radio operators

hamlib @4.6.5 (science)
Ham Radio Control Libraries

imager @202511 (science)
Radio-interferometry data analysis software

inspectrum @20220326-98b998ff (science, comms)
Provides augmented functionality for GNU Radio: inspectrum realizes signal analysis abilities in typical block-structure

linrad @20211204-997 (science, comms)
Linrad is a free multi-OS SDR receiver (A Software Defined Radio receiver).

liquid-dsp @20221120-c3e0de7e (science, comms)
liquid-dsp is an open-source signal processing library for software-defined radios written in C.

luaradio @0.10.0 (science, comms)
A lightweight, embeddable software-defined radio framework built on LuaJIT

miriad @4.3.8.20160322_3 (science)
MIRIAD, an analysis package for radio astronomical data

multimon-ng @1.2.0 (science, comms)
multimon-ng decodes radio digital transmission signals

nrsc5 @3.1.0 (audio)
This program receives NRSC-5 digital radio stations using an RTL-SDR dongle

perseus-sdr @0.8.2 (science)
Perseus Software Defined Radio Control Library

Pothos @0.6.1 (science)
Pothos is Software Defined Radio (SDR) with a complete data-flow framework for creating topologies of interconnected processing blocks.

py-gradio @3.0.9 (python, devel)
Create UIs for your machine learning model

py310-gradio @3.0.9 (python, devel)
Create UIs for your machine learning model

qdmr @0.13.3 (science)
qDMR is a codeplug programming software (CPS) for cheap DMR radios.

quisk @4.2.18_1 (science, comms)
QUISK is a Software Defined Radio (SDR) transceiver that can control various radio hardware.

rtl-sdr @2.0.2 (science, comms)
rtl-sdr allows using devices with a RTL2832U chipset as software defined radio (SDR)

wdsp @20230508-4c273de2 (science, comms)
WDSP is a full-featured signal processing library for Software Defined Radio

welle.io @2.4_1 (multimedia)
DAB/DAB+ Software Radio

welle.io-devel @20221214.git6b69a78 (multimedia)
DAB/DAB+ Software Radio

xastir @2.2.2 (science)
Amateur Radio APRS tracking software

xlog @2.0.25 (comms)
A logging program for Amateur Radio Operators.

Found 87 ports.
