cl-type-i @20230127 (lisp, devel)
Type Inference Utility on unary type-checking predicates

expreduce @0.5.1 (math)
An experimental computer algebra system written in Go

gpredict @2.4 (science)
GNOME-based satellite tracking program

p5-astro-satpass @0.134.0 (perl)
Astro-satpass - Predict satellite passes over an observer.

p5-eval @2.2.8_4 (perl, biology)
Eval is a flexible tool for analyzing the performance of gene-structure prediction programs.

p5.28-astro-satpass @0.134.0 (perl)
Astro-satpass - Predict satellite passes over an observer.

p5.28-eval @2.2.8_4 (perl, biology)
Eval is a flexible tool for analyzing the performance of gene-structure prediction programs.

p5.30-astro-satpass @0.134.0 (perl)
Astro-satpass - Predict satellite passes over an observer.

p5.30-eval @2.2.8_4 (perl, biology)
Eval is a flexible tool for analyzing the performance of gene-structure prediction programs.

p5.32-astro-satpass @0.134.0 (perl)
Astro-satpass - Predict satellite passes over an observer.

p5.32-eval @2.2.8_4 (perl, biology)
Eval is a flexible tool for analyzing the performance of gene-structure prediction programs.

p5.34-astro-satpass @0.134.0 (perl)
Astro-satpass - Predict satellite passes over an observer.

p5.34-eval @2.2.8_4 (perl, biology)
Eval is a flexible tool for analyzing the performance of gene-structure prediction programs.

py-eli5 @0.16.0 (python, math)
A library for debugging/inspecting machine learning classifiers and explaining their predictions

py-jplephem @2.24 (python, science)
The package is a Python implementation of the math that standard JPL ephemerides use to predict raw (x,y,z) planetary positions.

py-mrjob @0.7.4 (python, parallel)
Python MapReduce framework

py310-jplephem @2.24 (python, science)
The package is a Python implementation of the math that standard JPL ephemerides use to predict raw (x,y,z) planetary positions.

py311-jplephem @2.24 (python, science)
The package is a Python implementation of the math that standard JPL ephemerides use to predict raw (x,y,z) planetary positions.

py312-jplephem @2.24 (python, science)
The package is a Python implementation of the math that standard JPL ephemerides use to predict raw (x,y,z) planetary positions.

py313-jplephem @2.24 (python, science)
The package is a Python implementation of the math that standard JPL ephemerides use to predict raw (x,y,z) planetary positions.

py313-mrjob @0.7.4 (python, parallel)
Python MapReduce framework

py314-eli5 @0.16.0 (python, math)
A library for debugging/inspecting machine learning classifiers and explaining their predictions

py314-jplephem @2.24 (python, science)
The package is a Python implementation of the math that standard JPL ephemerides use to predict raw (x,y,z) planetary positions.

R-A3 @1.0.0_1 (R, science, math)
Accurate, adaptable and accessible error metrics for predictive models

R-AllMetrics @0.2.1_1 (R, science, math)
Calculate multiple performance metrics of a prediction model

R-AppliedPredictiveModeling @1.1-7_1 (R, science)
Functions and datasets for Applied Predictive Modelling

R-autoTS @0.9.11_1 (R, science, math)
Automatic model selection and prediction for univariate time series

R-BayesRS @0.1.3_1 (R, science, math)
Bayes factors for hierarchical linear models with continuous predictors

R-bbnet @1.0.1 (R, science, economics)
Create simple predictive models on Bayesian Belief Networks

R-binda @1.0.4_2 (R, science, math)
Multi-class discriminant analysis using binary predictors

R-BootPR @1.0_1 (R, science, math)
Bootstrap prediction intervals and bias-corrected forecasting

R-bpp @1.0.4_2 (R, science, math)
Computations around Bayesian Predictive Power

R-braggR @0.1.1_2 (R, science, math)
Calculate the revealed aggregator of probability predictions

R-CIfinder @2.0.0_1 (R, science, math)
Estimate confidence intervals for predictive values

R-ClusPred @1.1.0_1 (R, science, math)
Simultaneous semi-parametric estimation of clustering and regression

R-codalm @0.1.2_1 (R, science, math)
Transformation-free linear regression for compositional outcomes and predictors

R-compound.Cox @3.30_1 (R, science)
Univariate feature selection and compound covariate for predicting survival

R-conformalbayes @0.1.2_2 (R, science, math)
Jackknife predictive intervals for Bayesian models

R-Disequilibrium @1.1_1 (R, science, economics)
Estimate, summarize and perform predictions with the market-in-disequilibrium model

R-dymo @1.1.0_1 (R, science, math)
Dynamic mode decomposition for multivariate time feature prediction

R-estimability @1.5.1 (R, science, math)
Tools for assessing estimability of linear predictions

R-eventPred @0.2.6 (R, science)
Event Prediction

R-flexsurv @2.3.2 (R, science, math)
Prediction error curves for risk prediction models in survival analysis

R-gstat @2.1-2 (R, science, math)
Spatial and spatio-temporal geostatistical modelling, prediction and simulation

R-imputeMissings @0.0.4 (R, science)
Impute missing values in a predictive context

R-ipred @0.9-15 (R, science)
Improved Predictors

R-ivx @1.1.0_1 (R, science, economics)
Robust econometric inference for predictive regressions

R-LiblineaR @2.10-24 (R, science, math)
Linear predictive models based on the liblinear C/C++ library

R-MAPA @2.0.7_1 (R, science, math)
Multiple Aggregation Prediction Algorithm

R-marginaleffects @0.24.0 (R, science, math)
Predictions, comparisons, slopes, marginal means and hypothesis tests

R-metrica @2.1.0 (R, science, math)
Prediction performance metrics

R-mlr3superlearner @0.1.2 (R, science)
Super Learner fitting and prediction

R-mmpf @0.0.5_1 (R, science, math)
Monte Carlo methods for prediction functions

R-mstate @0.3.3 (R, science, math)
Data preparation, estimation and prediction in multi-state models

R-MTPS @1.0.2 (R, science, math)
Multi-task prediction using stacking algorithms

R-nlpred @1.0.1_1 (R, science, math)
Estimators of non-linear cross-validated risks optimized for small samples

R-npde @3.5_1 (R, science, math)
Normalised prediction distribution errors for nonlinear mixed-effect models

R-NPRED @1.1.0 (R, science)
Predictor identifier – nonparametric prediction

R-pamr @1.57 (R, science)
Prediction Analysis for Microarrays

R-pec @2023.04.12_2 (R, science, math)
Prediction error curves for risk prediction models in survival analysis

R-peperr @1.5_1 (R, science, math)
Parallelised Estimation of Prediction Error

R-perry @0.3.1_1 (R, science, math)
Resampling-based prediction error estimation for regression models

R-perryExamples @0.1.1_1 (R, science, math)
Examples for integrating prediction error estimation into regression models

R-pimeta @1.1.3_1 (R, science, math)
Prediction intervals for random-effects meta-analysis

R-pre @1.0.7 (R, science, math)
Prediction Rule Ensembles

R-prediction @0.3.18 (R, science, math)
Tidy, type-safe prediction() methods

R-predint @2.2.1_1 (R, science, math)
Prediction intervals

R-predtools @0.0.3_1 (R, science, math)
Prediction model tools

R-projpred @2.8.0_1 (R, science, math)
Projection predictive feature selection

R-psfmi @1.4.0_1 (R, science, math)
Prediction model pooling, selection and performance evaluation across multiply imputed datasets

R-PWEXP @0.5.0_1 (R, science, math)
Piece-wise exponential distribution prediction model

R-Qindex @0.1.5_1 (R, science, math)
Continuous and dichotomized index predictors based on distribution quantiles

R-RandomFields @3.3.14_1 (R, science, math)
Estimation, prediction and simulation of random fields

R-RcppCensSpatial @0.3.0_1 (R, science, math)
Spatial estimation and prediction for censored/missing responses

R-RcppRedis @0.2.4_3 (R, science, devel)
MsgPack C++ header files and interface functions for R

R-remMap @0.2-0_1 (R, science, math)
Regularized multivariate regression for identifying master predictors

R-rfinterval @1.0.0_2 (R, science, math)
Predictive inference for random forests

R-riskRegression @2023.12.21_1 (R, science, math)
R package for risk regression and prediction with censored data

R-rlme @0.5_2 (R, science, math)
Rank-based estimation and prediction in random effects nested models

R-sarima @0.9.3_1 (R, science, math)
Simulation and prediction with seasonal ARIMA models

R-sentometrics @1.0.0_2 (R, science, textproc)
Integrated framework for textual sentiment time series aggregation and prediction

R-seqICP @1.1_1 (R, science, math)
Sequential Invariant Causal Prediction

R-spmodel @0.9.0 (R, science, math)
Spatial statistical modelling and prediction

R-StempCens @1.1.0_1 (R, science, math)
Spatio-temporal estimation and prediction for censored/missing responses

R-SuperLearner @2.0-29_1 (R, science, math)
Implements the super-learner prediction method and contains a library of prediction algorithms to be used in the super-learner

R-SurvMetrics @0.5.0_1 (R, science)
Predictive evaluation metrics in survival analysis

R-TaylorRussell @1.2.1_1 (R, science, math)
Taylor–Russell function for multiple predictors

R-telefit @1.0.3_1 (R, science)
Estimation and prediction for remote effects spatial process models

R-tidypredict @0.5_1 (R, science)
Run predictions inside the database

R-toweranNA @0.1.0_1 (R, science)
Method for handling missing values in prediction applications

R-tsPI @1.0.4_1 (R, science, math)
Improved prediction intervals for ARIMA processes and structural time series

R-tspredit @1.0.787 (R, science, math)
Time series prediction integrated tuning

R-VAR.etp @1.1_1 (R, science, math)
VAR modelling: estimation, testing and prediction

R-vek @1.0.0 (R, science)
Predicate helper functions for testing simple atomic vectors

slearp @0.95 (textproc, math)
structured learning and predict toolkit for tasks such as g2p conversion, based on discriminative leaning

speedbump @1.1.0 (net)
TCP proxy for simulating variable, yet predictable network latency

syncha @0.3.1 (textproc)
a Japanese predicate-argument structure analyzer

ViennaRNA @2.4.17_1 (science)
C Library and programs for the prediction and comparison of RNA secondary structures.

vorbisgain @0.37 (audio)
corrects the volume of an Ogg Vorbis file to a predefined standardized loudness

xtide @2.15.5 (science, x11)
Tide prediction software, with a large database of locations.

Found 100 ports.
