asdf @0.18.0 (sysutils, devel)
Extendable version manager with support for Ruby, Node.js, Elixir, Erlang & more

certbot-dns-linode @5.3.0 (security)
The certbot linode plugin for dns-01 challenges

fnm @1.38.1 (devel)
Fast and simple Node.js version manager, built in Rust

jake @10.9.4 (devel)
JavaScript build tool for Node.js, similar to make or rake

kind @0.31.0 (sysutils)
kind is a tool for running local Kubernetes clusters using Docker container “nodes”.

leafnode @1.12.0 (news)
Leafnode is a store & forward NNTP proxy

n @10.2.0 (devel)
A simple tool to interactively manage Node.js versions

node_exporter @1.9.1 (sysutils)
Machine-metric exporter for the Prometheus monitoring system.

nodejs8 @8.17.0_1 (lang, net)
Evented I/O for V8 JavaScript

nodejs10 @10.24.1_6 (lang, net)
Evented I/O for V8 JavaScript

nodejs12 @12.22.12_6 (lang, net)
Evented I/O for V8 JavaScript

nodejs14 @14.21.3_3 (lang, net)
Evented I/O for V8 JavaScript

nodejs16 @16.20.2_3 (lang, net)
Evented I/O for V8 JavaScript

nodejs18 @18.20.8 (lang, net)
Evented I/O for V8 JavaScript

nodejs20 @20.19.5 (lang, net)
Evented I/O for V8 JavaScript

nodejs22 @22.22.0 (lang, net)
Evented I/O for V8 JavaScript

nodejs24 @24.13.0 (lang, net)
Evented I/O for V8 JavaScript

nodejuice @1.5.0_3 (www)
A web development tool to autorefesh the browser on changes.

npm3 @3.10.10_3 (devel)
node package manager

npm4 @4.6.1_2 (devel)
node package manager

npm5 @5.10.0_1 (devel)
node package manager

npm6 @6.14.18 (devel)
node package manager

npm7 @7.24.2 (devel)
node package manager

npm8 @8.19.4 (devel)
node package manager

npm9 @9.9.4 (devel)
node package manager

npm10 @10.9.3 (devel)
node package manager

npm11 @11.8.0 (devel)
node package manager

nvm @0.40.3 (devel)
Node version manager

ocaml-ppx_assert @0.16.0_1 (ocaml, devel)
Extension nodes to compare value and raise useful errors if they differ

ocaml-ppx_here @0.16.0_1 (ocaml, devel)
ppx rewriter that defines an extension node whose value is its source position

ocaml-ppx_log @0.16.0_1 (ocaml)
ppx rewriter that defines extension nodes for logging

p5-tree-dag_node @1.350.0 (perl)
Tree::DAG_Node - An N-ary tree

p5.28-tree-dag_node @1.350.0 (perl)
Tree::DAG_Node - An N-ary tree

p5.30-tree-dag_node @1.350.0 (perl)
Tree::DAG_Node - An N-ary tree

p5.32-tree-dag_node @1.350.0 (perl)
Tree::DAG_Node - An N-ary tree

p5.34-tree-dag_node @1.350.0 (perl)
Tree::DAG_Node - An N-ary tree

py-executing @2.2.1 (python, devel)
Get the currently executing AST node of a frame.

py-hatch-nodejs-version @0.4.0 (python, devel)
Hatch plugin for versioning from a package.json file

py-jsonpointer @3.0.0 (python)
Identify specific nodes in a JSON document (RFC 6901)

py-nodeenv @1.10.0 (python, devel)
Node.js virtual environment builder

py-pure_eval @0.2.3 (python, devel)
Safely evaluate certain AST nodes.

py-spinners @0.0.24 (python)
Spinners for terminal, python wrapper for amazing node library cli-spinners

py39-executing @2.2.1 (python, devel)
Get the currently executing AST node of a frame.

py39-hatch-nodejs-version @0.4.0 (python, devel)
Hatch plugin for versioning from a package.json file

py39-jsonpointer @3.0.0 (python)
Identify specific nodes in a JSON document (RFC 6901)

py39-pure_eval @0.2.3 (python, devel)
Safely evaluate certain AST nodes.

py310-executing @2.2.1 (python, devel)
Get the currently executing AST node of a frame.

py310-hatch-nodejs-version @0.4.0 (python, devel)
Hatch plugin for versioning from a package.json file

py310-jsonpointer @3.0.0 (python)
Identify specific nodes in a JSON document (RFC 6901)

py310-nodeenv @1.10.0 (python, devel)
Node.js virtual environment builder

py310-pure_eval @0.2.3 (python, devel)
Safely evaluate certain AST nodes.

py310-spinners @0.0.24 (python)
Spinners for terminal, python wrapper for amazing node library cli-spinners

py311-executing @2.2.1 (python, devel)
Get the currently executing AST node of a frame.

py311-hatch-nodejs-version @0.4.0 (python, devel)
Hatch plugin for versioning from a package.json file

py311-jsonpointer @3.0.0 (python)
Identify specific nodes in a JSON document (RFC 6901)

py311-nodeenv @1.10.0 (python, devel)
Node.js virtual environment builder

py311-pure_eval @0.2.3 (python, devel)
Safely evaluate certain AST nodes.

py311-spinners @0.0.24 (python)
Spinners for terminal, python wrapper for amazing node library cli-spinners

py312-executing @2.2.1 (python, devel)
Get the currently executing AST node of a frame.

py312-hatch-nodejs-version @0.4.0 (python, devel)
Hatch plugin for versioning from a package.json file

py312-jsonpointer @3.0.0 (python)
Identify specific nodes in a JSON document (RFC 6901)

py312-nodeenv @1.10.0 (python, devel)
Node.js virtual environment builder

py312-pure_eval @0.2.3 (python, devel)
Safely evaluate certain AST nodes.

py313-executing @2.2.1 (python, devel)
Get the currently executing AST node of a frame.

py313-hatch-nodejs-version @0.4.0 (python, devel)
Hatch plugin for versioning from a package.json file

py313-jsonpointer @3.0.0 (python)
Identify specific nodes in a JSON document (RFC 6901)

py313-nodeenv @1.10.0 (python, devel)
Node.js virtual environment builder

py313-pure_eval @0.2.3 (python, devel)
Safely evaluate certain AST nodes.

py314-executing @2.2.1 (python, devel)
Get the currently executing AST node of a frame.

py314-hatch-nodejs-version @0.4.0 (python, devel)
Hatch plugin for versioning from a package.json file

py314-jsonpointer @3.0.0 (python)
Identify specific nodes in a JSON document (RFC 6901)

py314-nodeenv @1.10.0 (python, devel)
Node.js virtual environment builder

py314-pure_eval @0.2.3 (python, devel)
Safely evaluate certain AST nodes.

R-DiffNet @1.0.2_1 (R, science, math)
Identify significant node scores using network diffusion algorithm

R-influenceR @0.1.5_1 (R, science)
Software tools to quantify structural importance of nodes in a network

R-influential @2.2.9_1 (R, science, math)
Identification and classification of the most influential nodes

R-networktools @1.5.2_1 (R, science, math)
Tools for identifying important nodes in networks

tsx @4.20.6 (devel)
The easiest way to run TypeScript in Node.js

volta-node @2.0.2 (devel)
Volta: JS Toolchains as Code.

Found 79 ports.
