3proxy @0.9.4 (net)
tiny free proxy server

alacarte @3.11.91_4 (gnome)
A simple freedesktop.org compliant menu editor for use with GNOME

arla @0.35.11_1 (net, security)
free AFS implementation from KTH

ArtResources @0.1.2_1 (gnustep)
FreeFonts and Vera fonts for gnustep art backend.

audacity-legacy @2.4.2_3 (audio)
A Free, Cross-Platform Digital Audio Editor.

awstats @7.9 (www)
Free real-time logfile analyzer to get advanced web statistics

bitstream-vera @1.10_2 (graphics)
Bitstream Vera Fonts for use with Freetype/Fontconfig

bkchem @0.13.0_1 (science, python, chemistry)
Free chemical drawing program.

bladeenc @0.94.2 (audio)
Blade's MP3 Encoder (BladeEnc), a freeware MP3 encoder.

bpytop @1.0.68_3 (sysutils)
Linux/macOS/FreeBSD resource monitor

chaosreader @0.94 (net, security)
freeware tool to trace TCP/UDP/... sessions and fetch application data from snoop or tcpdump logs

choqok @1.4_2 (kde, kde4)
A Free/Open Source micro-blogging client for KDE.

CocoaRestClient @1.4.7 (www)
A free, native macOS app for testing HTTP/REST endpoints

codeblocks @20.03_1 (devel, aqua, x11)
Open Source, Cross-platform, Free C/C++/D IDE

codeblocks-devel @20250101-r13598 (devel, aqua, x11)
Open Source, Cross-platform, Free C/C++/D IDE

cutter-rizin @2.4.1_1 (devel, aqua)
Free and Open Source Reverse Engineering Platform powered by rizin

dbeaver-community @25.3.3 (databases)
Free multi-platform database tool for developers, SQL programmers, database administrators and analysts.

duf @0.9.1 (sysutils)
Disk Usage/Free Utility - a better 'df' alternative

efreet @1.7.10 (x11)
an implementation of several specifications from freedesktop.org intended for use in Enlightenment DR17

epm @4.1 (devel)
A free UNIX software/file packaging program

exfat-utils @1.4.0 (sysutils)
Filesystem utilities from a free, full-featured exFAT file system implementation for Unix-like systems

feast @4.0 (science)
A free high-performance numerical library for solving Hermitian and non-Hermitian eigenvalue problems

fetch @9.0.0-RELEASE_3 (net)
FreeBSD file fetching utility

fheroes2 @1.1.11 (games)
Free implementation of Heroes of Might and Magic II game engine

flac @1.5.0 (audio)
Free Lossless Audio Codec

fmin @1.1.2 (fortran, math)
Derivative free 1D function minimizer in modern Fortran

font-xfree86-type1 @1.0.4_1 (x11, x11-font, graphics)
X.org XFree86 Type1 font

fontmatrix @0.9.100_1 (sysutils, print)
Free font collections manager

fpc @3.2.2_1 (lang, pascal)
Free Pascal, an open source Pascal and Object Pascal compiler.

fpc-cross @3.2.2 (lang, pascal, cross)
FreePascal common cross-compiler binaries

fpc-cross-x86_64-freebsd @3.2.2_1 (lang, pascal, cross)
FPC cross-compiler for x86_64-freebsd

fpc-doc @2.6.4 (lang)
Free Pascal documentation

fpc-sources @3.2.2 (lang)
Sources of the FreePascal compiler

free42 @2.5.20 (emulators)
a HP-42s Simulator

freealut @1.1_1 (audio, devel)
Free implementation of OpenAL's ALUT standard

freecad @0.18.5_4 (cad)
FreeCAD is a general purpose feature-based, parametric 3D modeler.

Freecell @2.3 (aqua, games)
classic solitaire game

freecell-solver @3.6.0 (games)
Freecell Solver solves automatically layouts of Freecell

freeciv @2.6.4 (games)
An empire-building strategy game

freeciv-x11 @2.6.4 (games)
An empire-building strategy game

freedink @1.08.20090120_6 (games)
FreeDink is a portable and enhanced version of the Dink Smallwood game engine.

freedink-data @1.08.20170409_1 (games)
FreeDink data

freedroidclassic @1.0.2_2 (games)
Freedoid Classic is a Paradroid clone.

freedv-gui @1.8.12 (science, comms)
GUI Application for FreeDV - an open source digital voice protocol that integrates the modems, codecs, and FEC

freefont-ttf @20120503 (x11, fonts)
Free UCS Outline Fonts

freeglut @3.6.0 (x11, graphics)
The Free OpenGL Utility Toolkit

freehdl @0.0.8_1 (science, math)
A free VHDL simulator used for digital simulations by qucs

freeimage @3.18.0 (graphics)
Library for FreeImage, a dependency-less graphics library

freeipmi @1.6.16 (sysutils)
FreeIPMI provides in-band and out-of-band IPMI software based on the IPMI v1.5/2.0 specification.

freeling @3.1_4 (textproc, devel)
An open-source suite of language analyzers

freepats @20060219_1 (audio, multimedia)
Instrument patches for sound synthesis (like TiMidity++)

freeradius @3.0.21_32 (sysutils)
Free Radius Implementation

FreeRDP @3.17.2_1 (net)
A Remote Desktop Protocol implementation

freesci @0.6.4_5 (emulators)
Interpreter for SCI (old Sierra Online) games

FreeSOLID @2.1.2_3 (science)
Library for collision detection of three-dimensional objects.

freetds @1.5.6 (databases)
A set of libraries for Unix and Linux that allows your programs to natively talk to Microsoft SQL Server and Sybase databases

freetype @2.13.3 (print, graphics)
A software font engine

freexl @2.0.0 (textproc)
Library to extract valid data from within Spreadsheets

freeze @0.2.2 (sysutils, graphics)
Generate images of code and terminal output

fribidi @1.0.16 (textproc)
Free Implementation of the Unicode BiDi algorithm

ftgl @2.4.0_1 (graphics)
Freetype / OpenGL bridge

garagejam @5.0.0 (gnome)
Garagejam is Free Music Recording Studio Software for GNOME

garcon @4.18.2 (xfce)
a freedesktop.org compliant menu implementation for Xfce

gcam @2010.07.27 (cad)
GCAM is the free GNU Computer Aided Manufacturing package.

gingerblue @6.2.0_3 (gnome)
GNOME Gingerblue is Free Music Software for GTK+/GNOME.

glfw @3.4 (graphics)
GLFW is a free, open-source, portable library for OpenGL and OpenGL ES application development

glfw-devel @20250718-ac107684 (graphics)
GLFW is a free, open-source, portable library for OpenGL and OpenGL ES application development

glob2 @0.9.4.4_2 (games)
Globulation 2 - a free and innovative strategy game

gnome-voice @6.0.0_1 (gnome)
GNOME Voice is Free Public Voice Software for GTK+/GNOME.

gnu-apl @1.9 (lang)
GNU APL is a free interpreter for the programming language APL.

gnudatalanguage @1.1.3 (math, science)
a free IDL combatible incremental compiler

gst @3.2.5_4 (lang)
Free implementation of Smalltalk-80

gupnp-tools @0.12.1 (net, gnome)
GUPnP Tools are free replacements of Intel UPnP tools that use GUPnP.

halloc @1.2.0 (devel)
hierarchical alloc is an extension to standard malloc/free

kdiskfree @4.14.3_3 (kde, kde4)
View free disk space.

keystore-explorer @5.4.4_1 (security)
KeyStore Explorer is a free GUI replacement for the Java command-line utilities keytool and jarsigner

kochi-substitute @20030809_1 (x11, fonts)
Free Japanese TrueType fonts named 'Kochi Mincho' and 'Kochi Gothic'

kolourpaint @4.14.3_3 (kde, kde4)
KolourPaint is a free, easy-to-use paint program for KDE.

kustomize @5.8.0 (devel)
Customize raw, template-free YAML files for multiple purposes, like Kubernetes

lazarus @4.4-0_1 (devel, pascal)
Free Pascal IDE.

libcaption @0.7_1 (multimedia)
free, open-source CEA-608/-708 closed-caption encoder/decoder

libcipher @4.7-RELEASE_1 (devel)
Cipher routines from FreeBSD

libdca @0.0.7_1 (audio)
libdca is a free library for decoding DTS Coherent Acoustics streams.

libfetch @9.0.0-RELEASE_3 (net)
FreeBSD file fetching library

libfreehand @0.1.2_8 (graphics)
libfreehand is a library and a set of tools for reading and converting binary files produced by Aldus/Macromedia/Adobe FreeHand.

libfreespace @0.4 (devel)
library for developing applications using Hillcrest Labs Freespace Devices

libgrapheme @3.0.0 (textproc)
extremely simple freestanding C99 library providing utilities for properly handling strings according to the latest Unicode standard

libharu @2.3.0_2 (print)
a free, cross platform, open source library for generating PDF files

libmpeg2 @0.5.1_3 (multimedia)
A free library for decoding mpeg-2 and mpeg-1 video streams.

libopenraw @0.3.7 (graphics)
libopenraw is an ongoing project to provide a free software implementation for decoding camera RAW files.

libopenraw-legacy @0.3.7_1 (graphics)
libopenraw is an ongoing project to provide a free software implementation for decoding camera RAW files.

libqtxdg @3.5.0 (devel)
Qt implementation of freedesktop.org xdg specs

libqtxdg-legacy @1.2.0 (devel)
Qt implementation of freedesktop.org xdg specs

LibreCAD @2.2.0.2 (cad)
LibreCAD is a free Open Source CAD application.

LibreCAD-devel @2.2.1_alpha (cad)
LibreCAD is a free Open Source CAD application.

libreoffice @7.6.4.1_1 (office, aqua)
Free, open source office suite.

libsvm @3.36 (math)
A free Support Vector Machine implementation

linrad @20211204-997 (science, comms)
Linrad is a free multi-OS SDR receiver (A Software Defined Radio receiver).

lparse @1.1.2 (science, math)
prepare variable-free programs for smodels

lpcnetfreedv @0.5 (audio)
Experimental Neural Net speech coding for FreeDV

lrzsz @0.12.20_4 (comms)
free XMODEM/YMODEM/ZMODEM implementation

manjpfb @0.0.10_1 (textproc, python)
FreeBSD Japanese Man Pager.

minizinc @2.9.4 (devel)
MiniZinc is a free and open-source constraint modeling language.

mksh @R59c (shells)
A free implementation of the Korn Shell programming language

mongodb @6.0.7_1 (databases)
high-performance, schema-free, document-oriented ("NoSQL") database

mongodb-devel @6.0.7_1 (databases)
high-performance, schema-free, document-oriented ("NoSQL") database

mp3val @0.1.8 (audio)
mp3val is a small, high-speed, free software tool for checking MPEG audio files' integrity.

mspdebug @0.25_3 (devel, cross)
MSPDebug is a free debugger for use with MSP430 MCUs.

nano @8.7 (editors)
Nano is ANOther editor - enhanced free Pico Clone

netatalk @4.4.0 (net)
Netatalk is a freely-available Open Source AFP fileserver.

netatalk4 @4.4.0 (net)
Netatalk is a freely-available Open Source AFP fileserver.

octave-bsltl @1.3.1_1 (octave, math, science)
The BSLTL package is a free collection of OCTAVE/MATLAB routines for working with the biospeckle laser technique.

openEMS @20240312-1ccf0942_3 (science)
openEMS is a free and open-source electromagnetic field solver using the EC-FDTD method

openntpd @6.8p1_1 (net, sysutils)
free, easy to use implementation of the Network Time Protocol

openttd-opengfx @7.1 (games, aqua)
OpenGFX is a free set of graphics for OpenTTD.

openttd-openmsx @0.4.2 (games, aqua)
OpenMSX is a free set of music for OpenTTD.

openttd-opensfx @1.0.3 (games, aqua)
OpenSFX is a free set of sounds for OpenTTD.

orfeotoolbox @9.1.1_2 (gis, graphics)
Orfeo ToolBox - Free library of image processing algorithms

osxbom @0.0.6 (sysutils)
A free re-implementation of the NextSTEP/OSX lsbom utility

OSXdg-icons @3.10 (kde, kf5, gnome)
MBuntu-OSX icon theme for XDG/Freedesktop (Gnome or KDE)

p5-compress-lzf @3.800.0 (perl)
Compress::LZF - extremely light-weight Lempel-Ziv-Free compression

p5-file-basedir @0.90.0 (perl)
This module can be used to find directories and files as specified by the Freedesktop.org Base Directory Specification.

p5-font-freetype @0.160.0 (perl)
Font::FreeType - read font files and render glyphs from Perl using FreeType2

p5-freezethaw @0.500.100_2 (perl)
FreezeThaw - convertin Perl structures to strings and back.

p5-html-masonx-free @0.7.0 (perl)
HTML::MasonX::Free - a secret society of HTML::Mason-using throwback modules

p5-html-tiny @1.80.0 (perl)
Lightweight, dependency free HTML/XML generation

p5-sys-meminfo @0.990.0 (perl)
Query the total free and used physical memory

p5-test-weaken @3.22.0 (perl)
Test::Weaken - Test that freed memory objects were, indeed, freed

p5.28-compress-lzf @3.800.0 (perl)
Compress::LZF - extremely light-weight Lempel-Ziv-Free compression

p5.28-file-basedir @0.90.0 (perl)
This module can be used to find directories and files as specified by the Freedesktop.org Base Directory Specification.

p5.28-font-freetype @0.160.0 (perl)
Font::FreeType - read font files and render glyphs from Perl using FreeType2

p5.28-freezethaw @0.500.100_2 (perl)
FreezeThaw - convertin Perl structures to strings and back.

p5.28-html-masonx-free @0.7.0 (perl)
HTML::MasonX::Free - a secret society of HTML::Mason-using throwback modules

p5.28-html-tiny @1.80.0 (perl)
Lightweight, dependency free HTML/XML generation

p5.28-sys-meminfo @0.990.0 (perl)
Query the total free and used physical memory

p5.28-test-weaken @3.22.0 (perl)
Test::Weaken - Test that freed memory objects were, indeed, freed

p5.30-compress-lzf @3.800.0 (perl)
Compress::LZF - extremely light-weight Lempel-Ziv-Free compression

p5.30-file-basedir @0.90.0 (perl)
This module can be used to find directories and files as specified by the Freedesktop.org Base Directory Specification.

p5.30-font-freetype @0.160.0 (perl)
Font::FreeType - read font files and render glyphs from Perl using FreeType2

p5.30-freezethaw @0.500.100_2 (perl)
FreezeThaw - convertin Perl structures to strings and back.

p5.30-html-masonx-free @0.7.0 (perl)
HTML::MasonX::Free - a secret society of HTML::Mason-using throwback modules

p5.30-html-tiny @1.80.0 (perl)
Lightweight, dependency free HTML/XML generation

p5.30-sys-meminfo @0.990.0 (perl)
Query the total free and used physical memory

p5.30-test-weaken @3.22.0 (perl)
Test::Weaken - Test that freed memory objects were, indeed, freed

p5.32-compress-lzf @3.800.0 (perl)
Compress::LZF - extremely light-weight Lempel-Ziv-Free compression

p5.32-file-basedir @0.90.0 (perl)
This module can be used to find directories and files as specified by the Freedesktop.org Base Directory Specification.

p5.32-font-freetype @0.160.0 (perl)
Font::FreeType - read font files and render glyphs from Perl using FreeType2

p5.32-freezethaw @0.500.100_2 (perl)
FreezeThaw - convertin Perl structures to strings and back.

p5.32-html-masonx-free @0.7.0 (perl)
HTML::MasonX::Free - a secret society of HTML::Mason-using throwback modules

p5.32-html-tiny @1.80.0 (perl)
Lightweight, dependency free HTML/XML generation

p5.32-sys-meminfo @0.990.0 (perl)
Query the total free and used physical memory

p5.32-test-weaken @3.22.0 (perl)
Test::Weaken - Test that freed memory objects were, indeed, freed

p5.34-compress-lzf @3.800.0 (perl)
Compress::LZF - extremely light-weight Lempel-Ziv-Free compression

p5.34-file-basedir @0.90.0 (perl)
This module can be used to find directories and files as specified by the Freedesktop.org Base Directory Specification.

p5.34-font-freetype @0.160.0 (perl)
Font::FreeType - read font files and render glyphs from Perl using FreeType2

p5.34-freezethaw @0.500.100_2 (perl)
FreezeThaw - convertin Perl structures to strings and back.

p5.34-html-masonx-free @0.7.0 (perl)
HTML::MasonX::Free - a secret society of HTML::Mason-using throwback modules

p5.34-html-tiny @1.80.0 (perl)
Lightweight, dependency free HTML/XML generation

p5.34-sys-meminfo @0.990.0 (perl)
Query the total free and used physical memory

p5.34-test-weaken @3.22.0 (perl)
Test::Weaken - Test that freed memory objects were, indeed, freed

php-FreeImage @0.1_1 (php, devel)
Provides a wrapper to the FreeImage library.

php52-mssql @5.2.17 (php, databases)
a PHP interface to MSSQL using FreeTDS, including the mssql and pdo_dblib extensions

php53-FreeImage @0.1_1 (php, devel)
Provides a wrapper to the FreeImage library.

php53-mssql @5.3.29 (php, databases)
a PHP interface to MSSQL using FreeTDS, including the mssql and pdo_dblib extensions

php54-FreeImage @0.1_1 (php, devel)
Provides a wrapper to the FreeImage library.

php54-mssql @5.4.45 (php, databases)
a PHP interface to MSSQL using FreeTDS, including the mssql and pdo_dblib extensions

php55-FreeImage @0.1_1 (php, devel)
Provides a wrapper to the FreeImage library.

php55-mssql @5.5.38 (php, databases)
a PHP interface to MSSQL using FreeTDS, including the mssql and pdo_dblib extensions

php56-FreeImage @0.1_1 (php, devel)
Provides a wrapper to the FreeImage library.

php56-mssql @5.6.40 (php, databases)
a PHP interface to MSSQL using FreeTDS, including the mssql and pdo_dblib extensions

pijul-devel @1.0.0-beta.6 (devel)
pijul is a free and open source distributed version control system

pingus @0.8.0-20180714_3 (games)
A free Lemmings(tm) clone using SDL2.

PlopFolio @0.1.0 (news, aqua)
PlopFolio is a free KlipFolio clone that supports Klips

portaudio @20240308-88ab584e (audio, devel)
PortAudio is a free, cross platform, open-source, audio I/O library.

portmidi @2.0.8 (audio, devel)
Free, cross platform, open-source, real-time MIDI I/O library.

powerpc-freebsd-binutils @2.45_1 (cross, devel)
FSF Binutils for powerpc-freebsd cross development

pspp @1.6.2_1 (math)
Statistical analysis of sampled data (free replacement for SPSS).

pspp-devel @2.0.1 (math)
Statistical analysis of sampled data (free replacement for SPSS).

putty @0.83 (security, net)
A free implementation of Telnet and SSH, along with an xterm terminal emulator

py-cx_Freeze @6.10 (python, devel)
Scripts and modules for freezing Python scripts into executables

py-flask-frozen @1.0.2 (python, www)
Freeze a Flask application into a set of static files.

py-freetype @2.5.1 (python)
Freetype Python provides bindings for the FreeType library.

py-freezegun @1.5.5 (python, devel)
FreezeGun is a library that allows your python tests to travel through time by mocking the datetime module.

py-pyxdg @0.28 (python, textproc)
Python module implementing various freedesktop.org standards

py-sacrebleu @2.4.3 (python)
Hassle-free computation of shareable, comparable, and reproducible BLEU, chrF, and TER scores

py-spark_parser @1.9.0 (python)
An Earley-Algorithm Context-free grammar Parser Toolkit

py27-freezegun @0.3.15 (python, devel)
FreezeGun is a library that allows your python tests to travel through time by mocking the datetime module.

py35-freezegun @1.1.0 (python, devel)
FreezeGun is a library that allows your python tests to travel through time by mocking the datetime module.

py36-freezegun @1.1.0 (python, devel)
FreezeGun is a library that allows your python tests to travel through time by mocking the datetime module.

py37-freezegun @1.5.5 (python, devel)
FreezeGun is a library that allows your python tests to travel through time by mocking the datetime module.

py38-freezegun @1.5.5 (python, devel)
FreezeGun is a library that allows your python tests to travel through time by mocking the datetime module.

py39-freezegun @1.5.5 (python, devel)
FreezeGun is a library that allows your python tests to travel through time by mocking the datetime module.

py310-cx_Freeze @6.10 (python, devel)
Scripts and modules for freezing Python scripts into executables

py310-freetype @2.5.1 (python)
Freetype Python provides bindings for the FreeType library.

py310-freezegun @1.5.5 (python, devel)
FreezeGun is a library that allows your python tests to travel through time by mocking the datetime module.

py310-pyxdg @0.28 (python, textproc)
Python module implementing various freedesktop.org standards

py310-sacrebleu @2.4.3 (python)
Hassle-free computation of shareable, comparable, and reproducible BLEU, chrF, and TER scores

py310-spark_parser @1.9.0 (python)
An Earley-Algorithm Context-free grammar Parser Toolkit

py311-freetype @2.5.1 (python)
Freetype Python provides bindings for the FreeType library.

py311-freezegun @1.5.5 (python, devel)
FreezeGun is a library that allows your python tests to travel through time by mocking the datetime module.

py311-pyxdg @0.28 (python, textproc)
Python module implementing various freedesktop.org standards

py311-sacrebleu @2.4.3 (python)
Hassle-free computation of shareable, comparable, and reproducible BLEU, chrF, and TER scores

py311-spark_parser @1.9.0 (python)
An Earley-Algorithm Context-free grammar Parser Toolkit

py312-flask-frozen @1.0.2 (python, www)
Freeze a Flask application into a set of static files.

py312-freetype @2.5.1 (python)
Freetype Python provides bindings for the FreeType library.

py312-freezegun @1.5.5 (python, devel)
FreezeGun is a library that allows your python tests to travel through time by mocking the datetime module.

py312-pyxdg @0.28 (python, textproc)
Python module implementing various freedesktop.org standards

py312-sacrebleu @2.4.3 (python)
Hassle-free computation of shareable, comparable, and reproducible BLEU, chrF, and TER scores

py312-spark_parser @1.9.0 (python)
An Earley-Algorithm Context-free grammar Parser Toolkit

py313-flask-frozen @1.0.2 (python, www)
Freeze a Flask application into a set of static files.

py313-freetype @2.5.1 (python)
Freetype Python provides bindings for the FreeType library.

py313-freezegun @1.5.5 (python, devel)
FreezeGun is a library that allows your python tests to travel through time by mocking the datetime module.

py313-pyxdg @0.28 (python, textproc)
Python module implementing various freedesktop.org standards

py313-sacrebleu @2.4.3 (python)
Hassle-free computation of shareable, comparable, and reproducible BLEU, chrF, and TER scores

py313-spark_parser @1.9.0 (python)
An Earley-Algorithm Context-free grammar Parser Toolkit

py314-freetype @2.5.1 (python)
Freetype Python provides bindings for the FreeType library.

py314-freezegun @1.5.5 (python, devel)
FreezeGun is a library that allows your python tests to travel through time by mocking the datetime module.

py314-pyxdg @0.28 (python, textproc)
Python module implementing various freedesktop.org standards

python313-freethreading @3.13.11 (lang)
An interpreted, object-oriented programming language (free threading)

python314-freethreading @3.14.2 (lang)
An interpreted, object-oriented programming language (free threading)

python314-freethreading-devel @3.14.0rc3_1 (lang)
Obsolete port, replaced by python314-freethreading

python315-freethreading-devel @3.15.0a5 (lang)
An interpreted, object-oriented programming language (free threading)

qore-freetds-module @1.1_1 (lang)
FreeTDS module for Qore

quesoglc @0.7.2_1 (graphics)
QuesoGLC is a free implementation of the OpenGL Character Renderer (GLC).

R-codalm @0.1.2_1 (R, science, math)
Transformation-free linear regression for compositional outcomes and predictors

R-DFBA @0.1.0_1 (R, science, math)
Distribution-Free Bayesian Analysis

R-dfoptim @2023.1.0_1 (R, science, math)
Derivative-free optimization

R-dfsaneacc @1.0.3 (R, science, math)
Accelerated derivative-free method for large-scale non-linear systems of equations

R-free @1.0.2 (R, science, math)
Flexible regularized estimating equations

R-freealg @1.1-8 (R, science, math)
The free algebra in R with non-commuting indeterminates

R-freegroup @1.1-8_1 (R, science, math)
The free group in R, juxtaposition is represented by a plus

R-geodist @0.1.0 (R, science, gis)
Fast, dependency-free geodesic distance calculations

R-glue @1.8.0 (R, science, devel)
Glue strings to data in R. Small, fast, dependency free interpreted string literals.

R-loder @0.2.1_1 (R, science, graphics)
Dependency-free access to PNG image files

R-minqa @1.2.8 (R, science, math)
Derivative-Free Optimization Algorithms by Quadratic Approximation

R-port4me @0.7.1_1 (R, science, net)
Get the same, personal, free TCP Port over and over

R-rminqa @0.2.2_2 (R, science, math)
Derivative-free optimization algorithms in R using C++

R-stringstatic @0.1.2_1 (R, science)
Dependency-free string operations

retroshare-qt4 @0.6.4_2 (www, security, p2p)
RetroShare is a Free and Open Source cross-platform, Friend-2-Friend and secure decentralised communication platform

rye @0.44.0 (devel, python)
A Hassle-Free Python Experience

SDRPlusPlus @1.0.4_5 (science)
SDR++ is a cross-platform and open source SDR software with the aim of being bloat free and simple to use.

siag @3.6.0 (x11)
Siag Office is a tightly integrated, free office package.

simutrans @112.0_1 (games)
Simutrans is a freeware transport simulation game.

sound-theme-freedesktop @0.8_2 (gnome, audio)
The freedesktop fallback sound theme

speex @1.2.1 (audio)
A Free Codec For Free Speech

stellarium @23.4_1 (science)
Stellarium is a free open source planetarium for your computer.

stellarium-qt4 @0.12.11-20190501_1 (science)
Stellarium is a free open source planetarium for your computer. This older version is the last version based on qt4 which may run, or run more efficiently, on older or less powerful systems.

stklos @1.70 (lang)
free Scheme system supporting most R7RS language features

stklos-devel @1.70-20230307-3bc8d1f9 (lang)
free Scheme system supporting most R7RS language features

tagainijisho @1.2.2 (aqua, education, japanese)
A free Japanese dictionary and study assistant

taisei @1.4.4 (games)
A free and open-source Touhou Project fangame

testdisk @7.1_1 (sysutils)
TestDisk is a powerful free data recovery utility.

texmaker @5.1.4 (tex, editors)
Free cross-platform LaTeX editor since 2003

timewarrior @1.9.1 (office)
Timewarrior is Free and Open Source Software that tracks time from the command line.

treesheets @20240609 (editors)
Free-Form Data Organizer (Hierarchical Spreadsheet)

urw-fonts @1.0.7pre44 (x11, fonts)
Cyrillized free URW fonts

vcdimager @2.0.1 (multimedia)
Free software (Super) video CD authoring solution

VeraCrypt @1.24_1 (security, aqua)
A free open source disk encryption software.

viennacl @1.7.1_2 (math, devel)
ViennaCL is a free open-source linear algebra library

webalizer @2.23-08_1 (www)
The Webalizer is a fast, free web server log file analysis program

wxHexEditor @0.24 (sysutils, devel)
Free hex editor / disk editor

x86_64-freebsd-binutils @2.45_1 (cross, devel)
FSF Binutils for x86_64-freebsd cross development

x264 @0.165.3222 (multimedia)
x264 - a free h264/avc encoder

xine-lib @1.2.13_6 (multimedia)
xine-lib is a free multimedia engine, released under the GPL.

xine-ui @0.99.14 (multimedia)
A free multimedia player

xtermcontrol @2.10 (x11)
Enables Dynamic Control of XFree86 xterm Properties

Found 266 ports.
