awstats @7.9 (www)
Free real-time logfile analyzer to get advanced web statistics

bzr-stats @0.1.0 (devel, python)
Simple statistics plugin for Bazaar

fb303 @2024.09.23.00 (devel)
fb303 is a base Thrift service and a common set of functionality for querying stats, options, and other information from a service.

irssistats @0.75_2 (irc)
generate IRC statistics from irssi logs

mpstats @0.3 (sysutils, macports)
submit statistics about your macports installation

p5-pdl-stats @0.855.0 (perl)
PDL::Stats - a collection of statistics modules in Perl Data Language, with a quick-start guide for non-PDL people.

p5.28-pdl-stats @0.855.0 (perl)
PDL::Stats - a collection of statistics modules in Perl Data Language, with a quick-start guide for non-PDL people.

p5.30-pdl-stats @0.855.0 (perl)
PDL::Stats - a collection of statistics modules in Perl Data Language, with a quick-start guide for non-PDL people.

p5.32-pdl-stats @0.855.0 (perl)
PDL::Stats - a collection of statistics modules in Perl Data Language, with a quick-start guide for non-PDL people.

p5.34-pdl-stats @0.855.0 (perl)
PDL::Stats - a collection of statistics modules in Perl Data Language, with a quick-start guide for non-PDL people.

py-coveralls @4.0.1 (python, devel)
Show coverage stats online via coveralls.io

py-rasterstats @0.20.0 (python, gis)
rasterstats is a Python module for summarizing geospatial raster datasets

py-scikit-hep-hepstats @0.7.0 (python)
Statistical modeling for HEP.

py-statsmodels @0.14.6 (python, science, math)
Statistical computations and models for use with SciPy

py-xarray-einstats @0.9.1 (python, math)
Stats, linear algebra and einops for xarray

py310-coveralls @4.0.1 (python, devel)
Show coverage stats online via coveralls.io

py310-rasterstats @0.20.0 (python, gis)
rasterstats is a Python module for summarizing geospatial raster datasets

py310-scikit-hep-hepstats @0.7.0 (python)
Statistical modeling for HEP.

py310-statsmodels @0.14.6 (python, science, math)
Statistical computations and models for use with SciPy

py310-xarray-einstats @0.9.1 (python, math)
Stats, linear algebra and einops for xarray

py311-coveralls @4.0.1 (python, devel)
Show coverage stats online via coveralls.io

py311-rasterstats @0.20.0 (python, gis)
rasterstats is a Python module for summarizing geospatial raster datasets

py311-scikit-hep-hepstats @0.7.0 (python)
Statistical modeling for HEP.

py311-statsmodels @0.14.6 (python, science, math)
Statistical computations and models for use with SciPy

py311-xarray-einstats @0.9.1 (python, math)
Stats, linear algebra and einops for xarray

py312-coveralls @4.0.1 (python, devel)
Show coverage stats online via coveralls.io

py312-rasterstats @0.20.0 (python, gis)
rasterstats is a Python module for summarizing geospatial raster datasets

py312-scikit-hep-hepstats @0.7.0 (python)
Statistical modeling for HEP.

py312-statsmodels @0.14.6 (python, science, math)
Statistical computations and models for use with SciPy

py312-xarray-einstats @0.9.1 (python, math)
Stats, linear algebra and einops for xarray

py313-coveralls @4.0.1 (python, devel)
Show coverage stats online via coveralls.io

py313-rasterstats @0.20.0 (python, gis)
rasterstats is a Python module for summarizing geospatial raster datasets

py313-scikit-hep-hepstats @0.7.0 (python)
Statistical modeling for HEP.

py313-statsmodels @0.14.6 (python, science, math)
Statistical computations and models for use with SciPy

py313-xarray-einstats @0.9.1 (python, math)
Stats, linear algebra and einops for xarray

py314-rasterstats @0.20.0 (python, gis)
rasterstats is a Python module for summarizing geospatial raster datasets

py314-statsmodels @0.14.6 (python, science, math)
Statistical computations and models for use with SciPy

py314-xarray-einstats @0.9.1 (python, math)
Stats, linear algebra and einops for xarray

R-bigstatsr @1.6.1 (R, science, math)
Statistical tools for filebacked big matrices

R-CircStats @0.2-6_2 (R, science)
Circular Statistics

R-cumstats @1.0_2 (R, science)
Cumulative descriptive statistics

R-DelayedMatrixStats @1.26.0 (R, science, bioconductor)
Functions that apply to rows and columns of DelayedMatrix objects

R-dlstats @0.1.7_1 (R, science, devel)
Download stats of R packages

R-easystats @0.7.3 (R, science, math)
Framework for easy statistical modelling, visualization and reporting

R-EnvStats @3.0.0 (R, science)
Environmental Statistics

R-geostatsp @2.0.6_1 (R, science, gis)
Geostatistical modelling with likelihood and Bayes

R-ggstats @0.7.0 (R, science)
Extension to ggplot2 for plotting stats

R-hstats @1.2.1 (R, science, math)
Interaction statistics

R-matrixStats @1.4.1 (R, science, math)
Functions that apply to rows and columns of matrices

R-quanteda.textstats @0.97.2 (R, science, textproc)
Textual statistics for the Quantitative Analysis of Textual Data

R-RcmdrPlugin.MPAStats @1.2.2_1 (R, science)
R Commander plug-in for MPA statistics

R-see @0.9.0 (R, science, math)
Model visualisation toolbox for R-easystats and R-ggplot2

R-sjstats @0.19.0 (R, science)
Collection of convenient functions for common statistical computations

R-sparseMatrixStats @1.16.0 (R, science, bioconductor)
Summary statistics for rows and columns of sparse matrices

R-statsExpressions @1.6.0 (R, science)
Tidy dataframes and expressions with statistical details

R-TDAstats @0.4.1_1 (R, science, math)
Pipeline for topological data analysis

R-tidystats @0.6.2 (R, science)
Save the output of statistical tests in an organized file

R-wbstats @1.0.4_2 (R, science, www)
Programmatic access to data and statistics from the World Bank API

rainbarf @1.4 (sysutils)
CPU/RAM/battery stats chart bar for tmux (and GNU screen)

rb19-metric_fu @1.4.0 (ruby)
Code metrics from Flog, Flay, RCov, Saikuro, Churn, Reek, Roodi, Rails' stats task and Rails Best Practices

Found 60 ports.
