4ti2 @1.6.13 (math)
A software package for algebraic, geometric and combinatorial problems on linear spaces.

angband @4.2.5 (games)
a rogue-like dungeon exploration game (curses-based)

antigraingeometry @2.5_3 (graphics, devel)
A high quality rendering engine for C++

arborx @1.7 (math)
An open-source library designed to provide performance portable algorithms for geometric search

avt @0.2 (science)
Aviation Tools (metar, taf, decode airline, geo info)

awemud @0.22_2 (games)
MUD (Multi-User Dungeon) game server

blt @2.5.3_1 (x11)
BLT is an extension to the Tk toolkit, adding new widgets, geometry managers, and miscellaneous commands.

cgal4 @4.14.3_3 (gis, science)
Computational Geometry Algorithm Library

cgal5 @5.6.3 (gis, science)
Computational Geometry Algorithm Library

cgal6 @6.0.1 (gis, science)
Computational Geometry Algorithm Library

cspice @N0066 (science)
SPICE: An Observation Geometry System for Planetary Science Missions

CSXCAD @20251223-0116fc1a (textproc)
CSXCAD is a C++ library to describe geometrical objects and their physical or non-physical properties

dovecot-sieve @0.5.21.1 (mail)
Pigeonhole sieve and managesieve plugins for dovecot

drgeo1 @1.1.0 (math)
Dr Geo is an interactive geometry software.

gdal @3.12.1 (gis)
GDAL - Geospatial Data Abstraction Library

geoclue @0.12.99_5 (devel, net)
Geolocation library

geoclue2 @2.4.13 (devel, net)
Geolocation library

geocode-glib @3.26.4 (gnome, devel)
A convenience library for geocoding and reverse geocoding.

geodesic-fortran @1.0.0 (fortran, science)
Geodesic routines for modern Fortran

geoexpress-sdk @9.5.4.4709 (gis)
LizardTech's SDK for reading MrSID and JPEG 2000 imagery

geographiclib @2.7 (gis)
Convert between coordinate systems for solving geodesic problems.

geoipupdate @6.0.0 (devel, net)
Maxmind geoip databse updater

GeoLiteCity @20110501 (databases, devel, net)
GeoIP Lite City database (libgeoip)

geomview @1.9.5 (science, graphics, x11)
interactive 3D viewing program

geos @3.14.1 (science, math, gis)
GEOS Geometry Engine - Open Source

geos2 @2.2.3 (science)
GEOS Geometry Engine - Open Source

grass @8.4.2_1 (gis)
GRASS Geographic Information System

grass-gui @8.4.2 (gis)
GUI support to GRASS Geographic Information System

gshhg-gmt @2.3.7 (science)
Global Self-consistent Hierarchical High-resolution Geography (GSHHG)

gvemod-cplxview @0.3 (science, graphics, x11)
a Geomview plugin for the visualisation of complex functions

gvemod-crayola @0.4_1 (science, graphics, x11)
An interactive tool for colouring faces of geometric objects within Geomview

gvemod-labeler @0.4_1 (science, graphics, x11)
An interactive tool for generating short texts as vector objects inside Geomview

gvemod-ndview @0.4 (science, graphics, x11)
A Geomview emodule for displaying projections of higher dimensional objects.

gvemod-xforms-example @0.4 (science, graphics, x11)
The example emodule defined in the Geomview manual

gvemodules-xforms @0.5 (science, graphics, x11)
XForms based emodules of the original Geomview distribution

Gyoto @2.0.2-20251105 (science)
General relativistic geodesic integration and ray-tracing

h3 @4.4.1 (gis, devel)
A hexagonal hierarchical geospatial indexing system

jnethack @3.4.3-0.11_1 (games, japanese)
Classic dungeon adventure game, translated in Japanese.

katomic @4.14.3_3 (kde, kde4, games)
Katomic is both fun and educational game built around molecular geometry.

kgeography @4.14.3_3 (kde, kde4)
Geography Trainer

kig @4.14.3_6 (kde, kde4)
Interactive Geometry

lensfun @0.3.4_1 (graphics)
Library for fixing lens geometry distortion

lib2geom @1.3_2 (graphics)
2Geom is a computational geometry library intended for use with 2D vector graphics.

lib2geom-devel @1.4 (graphics)
2Geom is a computational geometry library intended for use with 2D vector graphics.

libgeoip @1.6.12 (devel, net)
Gets country code by IP address

libgeotiff @1.7.4 (graphics)
Library and tools for dealing with GeoTIFF

libipgeo @1.3_2 (net)
A small library written on top of the IP2LOCATION database allowing the user to do geo-targeting of IP addresses

libmaxminddb @1.9.1 (devel, net)
The libmaxminddb library provides a C library for reading MaxMind DB files, including the GeoIP2 databases from MaxMind.

maniview @2.0.4 (science, graphics, x11)
a Geomview module for viewing 3D manifolds

maptran3d @1.2.0 (fortran, gis)
Modern Fortran 3D coordinate conversions for geospace ecef enu eci

mariadb-lib_mysqludf_fPROJ4 @0.1.0_3 (databases, lang)
Based on program PROJ.4, lib_mysqludf_fPROJ4 converts geographic longitude and latitude coordinates into cartesian coordinates.

moria @5.5.2_5 (games)
Moria is a Rogue-like dungeon exploration game

mysql5-lib_mysqludf_fPROJ4 @0.1.0_3 (databases, lang)
Based on program PROJ.4, lib_mysqludf_fPROJ4 converts geographic longitude and latitude coordinates into cartesian coordinates.

mysql51-lib_mysqludf_fPROJ4 @0.1.0_3 (databases, lang)
Based on program PROJ.4, lib_mysqludf_fPROJ4 converts geographic longitude and latitude coordinates into cartesian coordinates.

mysql55-lib_mysqludf_fPROJ4 @0.1.0_3 (databases, lang)
Based on program PROJ.4, lib_mysqludf_fPROJ4 converts geographic longitude and latitude coordinates into cartesian coordinates.

nali @0.7.3 (net)
An offline tool for querying IP geographic information

nethack @3.6.7 (games)
Classic dungeon adventure game.

nethack343 @3.4.3 (games)
Classic dungeon adventure game (previous version).

nginx-devel-geoip2 @1.29.5 (www, mail)
High-performance HTTP(S) server, HTTP(S) reverse proxy and IMAP/POP3 proxy server

octave-geographiclib @2.5 (octave, math, science)
Native Octave/MATLAB implementations of a subset of the C++ library, GeographicLib.

octave-geometry @4.1.0_2 (octave, math, science)
Library for geometric computing extending MatGeom functions. Useful to create, transform, manipulate and display geometric primitives.

octave-image @2.18.1 (octave, math, science)
The Octave-forge Image package provides functions for processing images. The package also provides functions for feature extraction, image statistics, spatial and geometric transformations, morphological operations, linear filtering, and much more.

octave-matgeom @1.2.4 (octave, math, science)
Geometry toolbox for 2D/3D geometric computing

orrery @0.9.7 (science, graphics, x11)
A digital model of the solar system within Geomview

p5-geo-coder-osm @0.30.0 (perl)
Geo::Coder::OSM - Geocode addresses with the OpenStreetMap Nominatim API

p5-geo-ip @1.510.0 (perl)
Look up location and network information by IP Address

p5-geo-webservice-elevation-usgs @0.201.0 (perl)
Geo::WebService::Elevation::USGS - Elevation queries against USGS web services.

p5-geometry-primitive @0.240.0 (perl)
Geometry::Primitive - Primitive Geometry Entities

p5.28-geo-coder-osm @0.30.0 (perl)
Geo::Coder::OSM - Geocode addresses with the OpenStreetMap Nominatim API

p5.28-geo-ip @1.510.0 (perl)
Look up location and network information by IP Address

p5.28-geo-webservice-elevation-usgs @0.201.0 (perl)
Geo::WebService::Elevation::USGS - Elevation queries against USGS web services.

p5.28-geometry-primitive @0.240.0 (perl)
Geometry::Primitive - Primitive Geometry Entities

p5.30-geo-coder-osm @0.30.0 (perl)
Geo::Coder::OSM - Geocode addresses with the OpenStreetMap Nominatim API

p5.30-geo-ip @1.510.0 (perl)
Look up location and network information by IP Address

p5.30-geo-webservice-elevation-usgs @0.201.0 (perl)
Geo::WebService::Elevation::USGS - Elevation queries against USGS web services.

p5.30-geometry-primitive @0.240.0 (perl)
Geometry::Primitive - Primitive Geometry Entities

p5.32-geo-coder-osm @0.30.0 (perl)
Geo::Coder::OSM - Geocode addresses with the OpenStreetMap Nominatim API

p5.32-geo-ip @1.510.0 (perl)
Look up location and network information by IP Address

p5.32-geo-webservice-elevation-usgs @0.201.0 (perl)
Geo::WebService::Elevation::USGS - Elevation queries against USGS web services.

p5.32-geometry-primitive @0.240.0 (perl)
Geometry::Primitive - Primitive Geometry Entities

p5.34-geo-coder-osm @0.30.0 (perl)
Geo::Coder::OSM - Geocode addresses with the OpenStreetMap Nominatim API

p5.34-geo-ip @1.510.0 (perl)
Look up location and network information by IP Address

p5.34-geo-webservice-elevation-usgs @0.201.0 (perl)
Geo::WebService::Elevation::USGS - Elevation queries against USGS web services.

p5.34-geometry-primitive @0.240.0 (perl)
Geometry::Primitive - Primitive Geometry Entities

php-geoip @1.1.1 (php, devel)
Map IP address to geographic places

php53-geoip @1.0.8_1 (php, devel)
Map IP address to geographic places

php54-geoip @1.0.8_1 (php, devel)
Map IP address to geographic places

php55-geoip @1.0.8_1 (php, devel)
Map IP address to geographic places

php56-geoip @1.0.8_1 (php, devel)
Map IP address to geographic places

php70-geoip @1.1.1 (php, devel)
Map IP address to geographic places

php71-geoip @1.1.1 (php, devel)
Map IP address to geographic places

php72-geoip @1.1.1 (php, devel)
Map IP address to geographic places

php73-geoip @1.1.1 (php, devel)
Map IP address to geographic places

php74-geoip @1.1.1 (php, devel)
Map IP address to geographic places

php80-geoip @1.1.1 (php, devel)
Map IP address to geographic places

php81-geoip @1.1.1 (php, devel)
Map IP address to geographic places

php82-geoip @1.1.1 (php, devel)
Map IP address to geographic places

php83-geoip @1.1.1 (php, devel)
Map IP address to geographic places

polymake @4.11_2 (math)
polymake is open source software for research in polyhedral geometry.

py-cligj @0.7.2 (python, gis)
Click params for commmand line interfaces to GeoJSON

py-contextily @1.7.0 (python, gis)
context geo tiles in Python

py-esridump @1.13.0 (python)
Dump geodata from ESRI endpoints to GeoJSON

py-gdal @3.12.1 (python, gis)
GDAL: Geospatial Data Abstraction Library

py-geocoder @1.38.1 (python)
Simple and consistent geocoding library.

py-geographiclib @2.1 (python, devel, gis)
The geodesic routines from GeographicLib

py-geojson @3.2.0 (python, gis)
Python bindings and utilities for GeoJSON

py-geomagpy @1.1.8 (python, science)
Geomagnetic analysis tools.

py-geopandas @1.1.1_1 (python, science)
Geographic pandas extensions

py-geoplot @0.5.1 (python, gis)
geoplot is a high-level Python geospatial plotting library

py-geopy @2.4.1 (python, devel)
Geocoding library for Python.

py-giddy @2.3.6 (python, gis)
GeospatIal Distribution DYnamics (giddy)

py-mgwr @2.2.1 (python, gis)
Multiscale Geographically Weighted Regression (mgwr)

py-pygeos @0.14 (python, math)
PyGEOS is a C/Python library with vectorized geometry functions.

py-rasterio @1.4.3_3 (python, gis)
Rasterio reads and writes geospatial raster data.

py-rasterstats @0.20.0 (python, gis)
rasterstats is a Python module for summarizing geospatial raster datasets

py-shapely @2.1.2 (python, devel)
Shapely is a Python package for manipulation and analysis of 2D geospatial geometries

py-splot @1.1.7 (python, gis)
Lightweight plotting for geospatial analysis in PySAL (splot)

py39-geocoder @1.38.1 (python)
Simple and consistent geocoding library.

py310-cligj @0.7.2 (python, gis)
Click params for commmand line interfaces to GeoJSON

py310-contextily @1.7.0 (python, gis)
context geo tiles in Python

py310-gdal @3.12.1 (python, gis)
GDAL: Geospatial Data Abstraction Library

py310-geographiclib @2.1 (python, devel, gis)
The geodesic routines from GeographicLib

py310-geojson @3.2.0 (python, gis)
Python bindings and utilities for GeoJSON

py310-geopandas @1.1.1_1 (python, science)
Geographic pandas extensions

py310-geoplot @0.5.1 (python, gis)
geoplot is a high-level Python geospatial plotting library

py310-geopy @2.4.1 (python, devel)
Geocoding library for Python.

py310-giddy @2.3.6 (python, gis)
GeospatIal Distribution DYnamics (giddy)

py310-gyoto @2.0.2-20251105 (science, python)
General relativistic geodesic integration and ray-tracing

py310-mgwr @2.2.1 (python, gis)
Multiscale Geographically Weighted Regression (mgwr)

py310-pygeos @0.14 (python, math)
PyGEOS is a C/Python library with vectorized geometry functions.

py310-rasterio @1.4.3_3 (python, gis)
Rasterio reads and writes geospatial raster data.

py310-rasterstats @0.20.0 (python, gis)
rasterstats is a Python module for summarizing geospatial raster datasets

py310-shapely @2.1.2 (python, devel)
Shapely is a Python package for manipulation and analysis of 2D geospatial geometries

py310-splot @1.1.7 (python, gis)
Lightweight plotting for geospatial analysis in PySAL (splot)

py311-cligj @0.7.2 (python, gis)
Click params for commmand line interfaces to GeoJSON

py311-contextily @1.7.0 (python, gis)
context geo tiles in Python

py311-gdal @3.12.1 (python, gis)
GDAL: Geospatial Data Abstraction Library

py311-geographiclib @2.1 (python, devel, gis)
The geodesic routines from GeographicLib

py311-geojson @3.2.0 (python, gis)
Python bindings and utilities for GeoJSON

py311-geopandas @1.1.1_1 (python, science)
Geographic pandas extensions

py311-geoplot @0.5.1 (python, gis)
geoplot is a high-level Python geospatial plotting library

py311-geopy @2.4.1 (python, devel)
Geocoding library for Python.

py311-giddy @2.3.6 (python, gis)
GeospatIal Distribution DYnamics (giddy)

py311-gyoto @2.0.2-20251105 (science, python)
General relativistic geodesic integration and ray-tracing

py311-mgwr @2.2.1 (python, gis)
Multiscale Geographically Weighted Regression (mgwr)

py311-pygeos @0.14 (python, math)
PyGEOS is a C/Python library with vectorized geometry functions.

py311-rasterio @1.4.3_3 (python, gis)
Rasterio reads and writes geospatial raster data.

py311-rasterstats @0.20.0 (python, gis)
rasterstats is a Python module for summarizing geospatial raster datasets

py311-shapely @2.1.2 (python, devel)
Shapely is a Python package for manipulation and analysis of 2D geospatial geometries

py311-splot @1.1.7 (python, gis)
Lightweight plotting for geospatial analysis in PySAL (splot)

py312-cligj @0.7.2 (python, gis)
Click params for commmand line interfaces to GeoJSON

py312-contextily @1.7.0 (python, gis)
context geo tiles in Python

py312-esridump @1.13.0 (python)
Dump geodata from ESRI endpoints to GeoJSON

py312-gdal @3.12.1 (python, gis)
GDAL: Geospatial Data Abstraction Library

py312-geographiclib @2.1 (python, devel, gis)
The geodesic routines from GeographicLib

py312-geojson @3.2.0 (python, gis)
Python bindings and utilities for GeoJSON

py312-geomagpy @1.1.8 (python, science)
Geomagnetic analysis tools.

py312-geopandas @1.1.1_1 (python, science)
Geographic pandas extensions

py312-geoplot @0.5.1 (python, gis)
geoplot is a high-level Python geospatial plotting library

py312-geopy @2.4.1 (python, devel)
Geocoding library for Python.

py312-giddy @2.3.6 (python, gis)
GeospatIal Distribution DYnamics (giddy)

py312-gyoto @2.0.2-20251105 (science, python)
General relativistic geodesic integration and ray-tracing

py312-mgwr @2.2.1 (python, gis)
Multiscale Geographically Weighted Regression (mgwr)

py312-pygeos @0.14 (python, math)
PyGEOS is a C/Python library with vectorized geometry functions.

py312-rasterio @1.4.3_3 (python, gis)
Rasterio reads and writes geospatial raster data.

py312-rasterstats @0.20.0 (python, gis)
rasterstats is a Python module for summarizing geospatial raster datasets

py312-shapely @2.1.2 (python, devel)
Shapely is a Python package for manipulation and analysis of 2D geospatial geometries

py312-splot @1.1.7 (python, gis)
Lightweight plotting for geospatial analysis in PySAL (splot)

py313-cligj @0.7.2 (python, gis)
Click params for commmand line interfaces to GeoJSON

py313-contextily @1.7.0 (python, gis)
context geo tiles in Python

py313-gdal @3.12.1 (python, gis)
GDAL: Geospatial Data Abstraction Library

py313-geographiclib @2.1 (python, devel, gis)
The geodesic routines from GeographicLib

py313-geojson @3.2.0 (python, gis)
Python bindings and utilities for GeoJSON

py313-geopandas @1.1.1_1 (python, science)
Geographic pandas extensions

py313-geopy @2.4.1 (python, devel)
Geocoding library for Python.

py313-giddy @2.3.6 (python, gis)
GeospatIal Distribution DYnamics (giddy)

py313-gyoto @2.0.2-20251105 (science, python)
General relativistic geodesic integration and ray-tracing

py313-mgwr @2.2.1 (python, gis)
Multiscale Geographically Weighted Regression (mgwr)

py313-rasterio @1.4.3_3 (python, gis)
Rasterio reads and writes geospatial raster data.

py313-rasterstats @0.20.0 (python, gis)
rasterstats is a Python module for summarizing geospatial raster datasets

py313-shapely @2.1.2 (python, devel)
Shapely is a Python package for manipulation and analysis of 2D geospatial geometries

py313-splot @1.1.7 (python, gis)
Lightweight plotting for geospatial analysis in PySAL (splot)

py314-cligj @0.7.2 (python, gis)
Click params for commmand line interfaces to GeoJSON

py314-contextily @1.7.0 (python, gis)
context geo tiles in Python

py314-gdal @3.12.1 (python, gis)
GDAL: Geospatial Data Abstraction Library

py314-geographiclib @2.1 (python, devel, gis)
The geodesic routines from GeographicLib

py314-geojson @3.2.0 (python, gis)
Python bindings and utilities for GeoJSON

py314-geopandas @1.1.1_1 (python, science)
Geographic pandas extensions

py314-geopy @2.4.1 (python, devel)
Geocoding library for Python.

py314-gyoto @2.0.2-20251105 (science, python)
General relativistic geodesic integration and ray-tracing

py314-rasterio @1.4.3_3 (python, gis)
Rasterio reads and writes geospatial raster data.

py314-rasterstats @0.20.0 (python, gis)
rasterstats is a Python module for summarizing geospatial raster datasets

py314-shapely @2.1.2 (python, devel)
Shapely is a Python package for manipulation and analysis of 2D geospatial geometries

R-BivGeo @2.0.1_1 (R, science, math)
Basu-Dhar bivariate geometric distribution

R-bivgeom @1.0_1 (R, science, math)
Roy’s Bivariate Geometric distribution

R-distory @1.4.4_1 (R, science)
Geodesic distance between phylogenetic trees and associated functions

R-elfDistr @1.0.0_2 (R, science, math)
Kumaraswamy complementary Weibull geometric (Kw-CWG) probability distribution

R-fmesher @0.2.0 (R, science, math, geometry)
Triangle meshes and related geometry tools

R-fossil @0.4.0_1 (R, science)
Palæoecological and palæogeographical analysis tools

R-gdalraster @1.11.1_3 (R, science, gis)
Bindings to the Geospatial Data Abstraction Library Raster API

R-GDAtools @2.1_1 (R, science, math)
Geometric Data Analysis

R-gdistance @1.6.4_1 (R, science, gis)
Distances and routes on geographical grids

R-geobr @1.9.1 (R, science)
Download official spatial data-sets of Brazil

R-geoCount @1.150120_2 (R, science, gis)
Analysis and modelling for geostatistical count data

R-geodist @0.1.0 (R, science, gis)
Fast, dependency-free geodesic distance calculations

R-geometries @0.2.4_1 (R, science)
R package for creating and manipulating geometric data structures

R-geometry @0.5.0 (R, science, geometry)
Mesh generation and surface tessellation

R-geomtextpath @0.1.4 (R, science)
Create curved text paths in R-ggplot2

R-geoR @1.9-4_1 (R, science, gis)
Analysis of geostatistical data

R-geos @0.2.4_1 (R, science, math)
Open Source Geometry Engine (GEOS) R API

R-geosphere @1.5-18_2 (R, science, math, gis)
Spherical trigonometry

R-geostan @0.8.1 (R, science, math)
Bayesian spatial analysis

R-geostatsp @2.0.6_1 (R, science, gis)
Geostatistical modelling with likelihood and Bayes

R-geozoo @0.5.1_1 (R, science)
Zoo of geometric objects

R-ggnetwork @0.5.13_1 (R, science, graphics)
Geometries to plot network objects with ggplot2

R-ggpattern @1.1.1 (R, science)
R-ggplot2 pattern geoms

R-ggstar @1.0.4_1 (R, science, graphics)
Multiple geometric shape point layer for ggplot2

R-ggthemes @5.1.0_1 (R, science)
Extra themes, scales and geoms for ggplot2

R-ggtreeExtra @1.14.0 (R, science, bioconductor, graphics)
Add geometric layers on circular or other layout tree of ggtree

R-ghypernet @1.1.0_2 (R, science, math)
Fit and simulate generalised hypergeometric ensembles of graphs

R-gibble @0.4.0_1 (R, science, math)
Geometry decomposition

R-Gmedian @1.2.7_2 (R, science, math)
Geometric median, k-medians clustering and robust median PCA

R-gstat @2.1-2 (R, science, math)
Spatial and spatio-temporal geostatistical modelling, prediction and simulation

R-gyro @1.4.0_1 (R, science, math, geometry)
Hyperbolic Geometry

R-hypergeo @1.2-13_2 (R, science, math)
The Gaussian hypergeometric function for complex numbers

R-hypergeo2 @0.2.0 (R, science, math)
Generalized hypergeometric function with tunable high precision

R-HypergeoMat @4.0.3 (R, science, math)
Hypergeometric function of a matrix argument

R-lctools @0.2-10_1 (R, science, math)
Local correlation, spatial inequalities, geographically-weighted regression and other tools

R-libgeos @3.11.1-2_1 (R, science, math)
Open Source Geometry Engine (GEOS) C API

R-lwgeom @0.2-15 (R, science, math, gis)
Bindings to selected liblwgeom functions for simple features

R-maps @3.4.2.1 (R, science, gis)
Draw geographical maps

R-Morpho @2.12_1 (R, science, math)
Calculations and visualisations related to geometric morphometrics

R-ncdfgeom @1.1.6 (R, science, geometry)
NetCDF geometry and time series

R-PlaneGeometry @1.6.0_1 (R, science, math)
Plane Geometry

R-raster @3.6-30 (R, science, gis)
Geographic data analysis and modelling

R-rcdd @1.6_1 (R, science, math)
Computational Geometry

R-rgdal @1.6-7_10 (R, science, gis)
Bindings for the Geospatial Data Abstraction Library

R-rgeoda @0.0.10-4_1 (R, science, math)
R library for spatial data analysis

R-RGeode @0.1.0_1 (R, science, math)
Geometric Density Estimation

R-rgeos @0.6-4_1 (R, science, math)
Interface to Geometry Engine Open Source (GEOS)

R-Rlibkdv @1.1_1 (R, science, gis)
Versatile kernel density visualization library for geospatial analytics

R-s2 @1.1.7 (R, science, math)
Spherical geometry operators using the S2 geometry library

R-sfnetworks @0.6.4_1 (R, science, gis)
Tidy geospatial networks

R-sgeostat @1.0-27 (R, science, gis)
Object-oriented framework for geostatistical modelling

R-spatstat.geom @3.3-4 (R, science, math, geometry)
Geometrical functionality of the R-spatstat family

R-tidybayes @3.0.7 (R, science, math)
Tidy data and Geoms for Bayesian models

R-tvgeom @1.0.1_1 (R, science, math)
Time-varying (right-truncated) geometric distribution

R-vapour @0.10.0_3 (R, science, gis)
Access to the Geospatial Data Abstraction Library (GDAL)

R-wk @0.9.4 (R, science, math, geometry)
Lightweight well-known geometry parsing

R-wkb @0.4-0_1 (R, science, math)
Convert between spatial objects and well-known binary geometry

R-wkutils @0.1.3_1 (R, science, math)
Utilities for well-known geometry vectors

R-WSGeometry @1.2.1_1 (R, science, math)
Geometric tools based on balanced/unbalanced optimal transport

R-yyjsonr @0.1.20.9001 (R, science, devel)
Fast JSON, NDJSON and GeoJSON parser and generator

rb-geokit @1.14.0 (ruby, devel)
Geokit provides geocoding and distance calculation in an easy-to-use API

rb31-geokit @1.14.0 (ruby, devel)
Geokit provides geocoding and distance calculation in an easy-to-use API

rb32-geokit @1.14.0 (ruby, devel)
Geokit provides geocoding and distance calculation in an easy-to-use API

rb33-geokit @1.14.0 (ruby, devel)
Geokit provides geocoding and distance calculation in an easy-to-use API

reposurgeon @5.3 (devel)
A tool for editing version-control repositories and translating among different systems. Supports git, bzr, Subversion, darcs, and fossil directly.

rogue @5.4.4_4 (games)
Rogue is a popular dungeon exploring adventure game

rpg-cli @1.2.0 (games, sysutils)
Your filesystem as a dungeon!

s2geometry @0.11.1_6 (math, science)
Computational geometry and spatial indexing on the sphere

solid @3.5.7_3 (science, math, devel)
SOLID is a software library for collision detection of geometric objects in 3D space

srgn @0.14.1 (devel, textproc)
A code surgeon for precise text and code transplantation. A marriage of `tr`/`sed`, `rg` and `tree-sitter`.

sword-devotional-sme @1.7_1 (textproc)
C. H. Spurgeon's Morning and Evening: Daily Readins

tesseract-kat @4.1.0 (textproc, graphics, pdf)
Georgian language data for the Tesseract OCR engine

tippecanoe @2.79.0 (gis)
Build vector tilesets from large collections of GeoJSON features

whitebox-tools @2.2.0_1 (gis)
an advanced geospatial data analysis platform

Found 267 ports.
