choose-gui @1.5.0 (aqua)
Fuzzy matcher for OS X that uses both std{in,out} and a native GUI

cl-prompter @0.1.1 (lisp, devel)
Live-narrowing, fuzzy-matching, extensible prompt framework

ffp @0.0.8_5 (net, security)
generates fuzzy fingerprints to facilitate MiM attacks

fuzzy-find @0.6 (sysutils)
command-line program that find files with fuzzy-completion

fzf @0.67.0 (sysutils)
A command-line fuzzy finder written in Go

fzy @1.1 (devel)
A better fuzzy finder

git-fuzzy @20210729 (devel)
interactive `git` with the help of `fzf`

octave-fl-core @1.0.2 (octave, math, science)
Basic functions in Fuzzy Logic.

octave-fuzzy-logic-toolkit @0.6.2 (octave, math, science)
A mostly MATLAB-compatible fuzzy logic toolkit for Octave.

p5-locale-maketext-fuzzy @0.110.0 (perl)
Maketext from already interpolated strings

p5.28-locale-maketext-fuzzy @0.110.0 (perl)
Maketext from already interpolated strings

p5.30-locale-maketext-fuzzy @0.110.0 (perl)
Maketext from already interpolated strings

p5.32-locale-maketext-fuzzy @0.110.0 (perl)
Maketext from already interpolated strings

p5.34-locale-maketext-fuzzy @0.110.0 (perl)
Maketext from already interpolated strings

pick @4.0.0 (devel)
Command-line tool to fuzzy select anything

py-fuzzywuzzy @0.18.0 (python, textproc)
Fuzzy String Matching in Python

py-pyfzf @0.3.1 (python, devel)
Python wrapper for junegunn's fuzzyfinder (fzf)

py310-fuzzywuzzy @0.18.0 (python, textproc)
Fuzzy String Matching in Python

py310-pyfzf @0.3.1 (python, devel)
Python wrapper for junegunn's fuzzyfinder (fzf)

py311-fuzzywuzzy @0.18.0 (python, textproc)
Fuzzy String Matching in Python

py311-pyfzf @0.3.1 (python, devel)
Python wrapper for junegunn's fuzzyfinder (fzf)

py312-pyfzf @0.3.1 (python, devel)
Python wrapper for junegunn's fuzzyfinder (fzf)

py313-pyfzf @0.3.1 (python, devel)
Python wrapper for junegunn's fuzzyfinder (fzf)

R-frbs @3.2-0_2 (R, science)
Fuzzy Rule-Based Systems for classification and regression tasks

R-fso @2.1-2_2 (R, science)
Fuzzy Set Ordination

R-fsr @2.0.1_1 (R, science, math)
Handling of fuzzy spatial data

R-FuzzyClass @0.1.6_1 (R, science, math)
Fuzzy and non-fuzzy classifiers

R-fuzzyjoin @0.1.6_2 (R, science)
Join tables together on inexact matching

R-FuzzyLP @0.1-7_1 (R, science, math)
Fuzzy Linear Programming

R-FuzzyM @0.1.0_1 (R, science)
Fuzzy cognitive maps operations

R-FuzzyNumbers @0.4-7_1 (R, science, math)
Tools to deal with fuzzy numbers

R-FuzzyNumbers.Ext.2 @3.2_1 (R, science, math)
Tools to deal with fuzzy numbers

R-FuzzyResampling @0.6.3_1 (R, science, math)
Resampling methods for triangular and trapezoidal fuzzy numbers

R-FuzzySimRes @0.4.3 (R, science, math)
Simulation and resampling methods for epistemic fuzzy data

R-FuzzySTs @0.3 (R, science, math)
Fuzzy Statistical Tools

R-vegclust @2.0.2 (R, science, biology)
Fuzzy clustering of vegetation data

scout @2.8.0 (sysutils)
Friendly fuzzy finder for your terminal built in Rust

skim @0.20.5 (sysutils)
Fuzzy Finder in Rust

ssdeep @2.14.1 (security, sysutils)
Recursively compute fuzzy hashes on files

ugrep @7.5.0 (textproc, sysutils)
ultra fast grep with interactive query UI and fuzzy search

Found 40 ports.
