64tass @1.60.3243 (devel)
A multi pass optimizing macro assembler for the 65xx series of processors

abiword @2.4.5_1 (editors, textproc, aqua)
A word processor with gnome support.

abiword-x11 @3.0.6 (editors, textproc, gnome)
A word processor with Gnome support.

ade @0.1.2e (devel)
Graph construction, manipulation, and processing framework.

admesh @0.98.5 (math)
CLI and C library for processing triangulated solid meshes

agprocess @0.5 (devel, framework)
framework class for reporting Unix process statistics

aidadoc @1.4.2 (textproc)
Command line tool to process files written with Aida Markup Language

alglib @4.01.0 (math)
a cross-platform numerical analysis and data processing library

antlr4-cpp-runtime @4.13.2_1 (lang, devel)
ANTLR (ANother Tool for Language Recognition) is a powerful parser generator for reading, processing, executing, or translating structured text or binary files.

anubis @4.3 (mail)
GNU Anubis is an outgoing mail processor.

arm-elf-gdb @7.1_1 (cross, devel)
GDB for the ARM processors

asciidoctor @2.0.26 (textproc)
A fast text processor & publishing toolchain for converting AsciiDoc to HTML5, DocBook & more

autobuild @5.3 (devel)
processes output from building software

bc @1.08.2 (math)
arbitrary precision numeric processing language

bottom @0.12.3 (sysutils)
Yet another cross-platform graphical process/system monitor

camlp5 @8.03.01 (lang, ocaml)
Camlp5 is a preprocessor-pretty-printer of OCaml.

CImg @3.4.3 (devel)
C++ Template Image Processing Toolkit

cl-3bmd @20240515 (lisp, textproc)
markdown processor in CL using esrap parser

cl-opticl @20220207 (lisp, devel)
An image processing library for Common Lisp

cpphs @1.20.9.1_5 (devel, haskell)
A liberalised re-implementation of cpp, the C pre-processor.

cputhrottle @1.0.0_1 (sysutils)
a tool to for throttling process cpu usage

crystfel @0.6.1_18 (science)
A suite of programs for processing serial crystallography data

d52 @3.4.1 (devel)
Disassembler for a variety of microprocessors

daemon @0.8.4 (sysutils)
Daemon turns other process into daemons

demeter @0.9.26_1 (science)
Demeter is a comprehensive system for processing and analyzing X-ray Absorption Spectroscopy data.

dlib @19.24.6_1 (math)
Modern C++ toolkit for machine learning, image processing, and more.

dspl @2024.06.05 (science, math)
Opensource cross-platform digital signal processing algorithm library

ecs-cli @1.21.0 (devel)
A custom Amazon ECS CLI that eases up the cluster setup process.

ehcache @3.8.1 (java)
Ehcache is a pure Java, in-process object cache.

exact-image @1.2.1_1 (graphics)
a fast, modern and generic image processing library

faq @0.0.7 (textproc)
Format Agnostic jQ -- process various formats with libjq

fig2ps @1.5_9 (graphics, tex)
converts xfig files to PostScript or PDF, processing text with LaTeX

flecli @0.1.7 (sysutils)
Multi-platform Fast Log Entry (FLE) processing tool

fluent-bit @3.1.9 (sysutils)
Fast and Lightweight Log processor and forwarder

fpp @1.1 (devel)
Fortran preprocessor for FORTRAN 77 and Fortran 90 programs

fx @39.2.0 (sysutils, textproc)
Terminal JSON viewer & processor

gegl @0.4.64 (graphics)
GEGL is a graph based image processing framework.

gegl-0.3 @0.3.34_17 (graphics)
GEGL is a graph based image processing framework.

gegl-devel @0.4.64 (graphics)
GEGL is a graph based image processing framework.

gmic @3.6.6 (science, graphics)
G'MIC is an interpreter of image processing macros (Stand-alone binary).

gmic-clib @3.6.6 (science, graphics)
G'MIC is an interpreter of image processing macros (C library).

gmic-gimp @3.6.6 (science, graphics)
G'MIC is an interpreter of image processing macros (GIMP plug-in).

gmic-lib @3.6.6 (science, graphics)
G'MIC is an interpreter of image processing macros (C++ library).

gmic-qt @3.6.6 (science, graphics)
G'MIC is an interpreter of image processing macros (GUI application)

gmtsar @6.1_5 (science)
An InSAR processing system based on GMT

gob2 @2.0.20 (devel)
preprocessor for making GObjects with inline C

gpp @2.24 (lang)
general-purpose preprocessor with customizable syntax

GraphicsMagick @1.3.45_1 (graphics)
image processing tools collection

hellanzb @0.13_3 (news, python)
Nzb downloader and post processor

hoard @3.13 (devel)
A drop-in replacement for malloc that is very fast on multiprocessor machines

htop @3.4.1 (sysutils)
an interactive text-mode process viewer for Unix

htp @1.16 (textproc)
an HTML pre-processor

ibex-lib @2.8.5 (math)
IBEX is a C++ library for constraint processing over real numbers.

imapfilter @2.8.3 (mail)
IMAP message processor/filter

itpp @4.3.1_1 (math, science, comms)
IT++ is a C++ library of mathematical, signal processing and communication classes and functions.

itpp-devel @20180529_1 (math, science, comms)
IT++ is a C++ library of mathematical, signal processing and communication classes and functions.

jq @1.8.1 (sysutils)
A lightweight and flexible command-line JSON processor

killport @1.1.0 (sysutils, net)
kill processes running on a specified port

latexmk @4.86a (tex, print)
Automates the process of generating a LaTeX document

leptonica @1.86.0 (graphics, science, devel)
image processing and image analysis library

lhs2tex @1.25 (textproc, tex, haskell)
Preprocessor for typesetting Haskell sources with LaTeX

libconfig @0.3.3 (devel)
Configuration file processing library

libgtop @2.40.0 (gnome)
A library for portably obtaining information about processes

libhangul @2023.04.15 (x11)
A library for hangul processing.

libkrun @1.16.0 (emulators)
Dynamic library providing Virtualization-based process isolation capabilities

libpipeline @1.5.8 (devel)
C library for manipulating pipelines of subprocesses.

librem @1.0.0_1 (net)
portable audio and video processing media library

librtprocess @2023.06.28 (graphics)
Select raw processing routines

libut @2.0 (devel)
library for writing Unix servers or daemon processes

libutf8proc @2.11.3 (textproc)
library for processing UTF-8 encoded Unicode strings

libvideogfx @1.0.9_1 (multimedia)
A library for rapid development of video processing, computer vision, and computer graphics algorithms

liquid-dsp @20221120-c3e0de7e (science, comms)
liquid-dsp is an open-source signal processing library for software-defined radios written in C.

lttoolbox @3.8.2 (textproc)
toolbox for lexical processing, morphological analysis and generation

LyX @2.4.4 (aqua)
WYSIWYM document processor

LyX1 @1.6.10_3 (aqua)
WYSIWYM document processor

m4 @1.4.20 (devel)
GNU macro processor

macmon @0.6.1 (sysutils)
Sudoless performance monitoring CLI tool for Apple Silicon processors

mcpp @2.7.2_6 (devel)
Alternative C/C++ preprocessor

mgzip @1.2c_1 (archivers)
a multi-processor capable .gz file creator.

mmark @2.2.46 (textproc)
Mmark: a powerful markdown processor in Go geared towards the IETF

monit @5.35.2 (sysutils)
A utility for managing and monitoring processes, files, etc.

msp430-gdb @7.2a-20111205 (cross)
GDB for the MSP430 processors

msp430-gdb-devel @7.2a (cross)
GDB for the MSP430 processors (development version)

ncarg @6.6.2_35 (science)
language for scientific data processing and visualization

ndmanager2 @2.0.0_2 (science)
Simple graphical application to help manage experimental recording parameters and process data

neovim-remote @2.5.1_1 (sysutils, editors)
Control nvim processes using nvr commandline tool

nfdump @1.7.5 (net)
collect and process netflow data

nip2 @8.9.1 (graphics)
nip2 is a user-interface to the VIPS image processing library.

nvtop @3.3.1 (sysutils, graphics)
GPU & Accelerator process monitoring for AMD, Apple, Huawei, Intel, NVIDIA and Qualcomm

ocaml-camlp4 @4.14-1 (lang, devel, ocaml)
Caml Preprocessor and Pretty-Printer

ocaml-cppo @1.6.9 (ocaml, devel)
Code preprocessor for OCaml

ocaml-cppo_ocamlbuild @1.6.9 (ocaml, devel)
Code preprocessor for OCaml

ocaml-ocamlbuild @0.14.2_1 (ocaml, devel)
Caml Preprocessor and Pretty-Printer

ocaml-process @0.2.1_1 (ocaml, devel)
Easy process control library for OCaml

ocaml-spawn @0.15.1_1 (ocaml, devel)
Spawning system process

octave-audio @2.0.10 (octave, math, science)
Audio recording, processing, and playing tools.

octave-image @2.18.1 (octave, math, science)
The Octave-forge Image package provides functions for processing images. The package also provides functions for feature extraction, image statistics, spatial and geometric transformations, morphological operations, linear filtering, and much more.

octave-signal @1.4.7 (octave, math, science)
Signal processing tools, including filtering, windowing and display functions.

olena @2.1_2 (devel, framework, graphics, science)
Software platform for efficient and generic image processing

opensmile @3.0.2 (audio)
Open-source audio processing toolkit

orfeotoolbox @9.1.1_2 (gis, graphics)
Orfeo ToolBox - Free library of image processing algorithms

osmosis @0.49.2 (java, gis)
A command line Java application for processing OSM data

p5-bsd-resource @1.291.100 (perl)
This is a Perl extension for BSD process resource limit and priority functions

p5-cache-fastmmap @1.600.0 (perl)
Cache::FastMmap - Uses an mmap'ed file to act as a shared memory interprocess cache

p5-cgi-formbuilder @3.200.0 (perl)
CGI::FormBuilder - Easily generate and process stateful forms

p5-getopt-long @2.580.0 (perl, devel)
Getopt::Long - Extended processing of command line options

p5-io-captureoutput @1.110.500 (perl)
IO::CaptureOutput - (DEPRECATED) capture STDOUT and STDERR from Perl code, subprocesses or XS

p5-ipc-run3 @0.49.0 (perl)
Run a subprocess in batch mode (a la system) on Unix, Win32, etc.

p5-lingua-en-tagger @0.310.0 (perl)
Part-of-speech tagger for English natural language processing

p5-lwp-mediatypes @6.40.0 (perl)
Media types and mailcap processing

p5-mce @1.902.0 (perl)
MCE - Many-Core Engine for Perl providing parallel processing capabilities

p5-mce-shared @1.893.0 (perl)
MCE::Shared - MCE extension for sharing data supporting threads and processes

p5-moosex-getopt @0.780.0 (perl)
MooseX::Getopt - A Moose role for processing command line options

p5-parallel-forkmanager @2.40.0 (perl)
Parallel::ForkManager - A simple parallel processing fork manager

p5-prefork @1.50.0 (perl)
Optimized module loading for forking or non-forking processes

p5-proc-daemon @0.230.0 (perl)
Run Perl program(s) as a daemon process

p5-proc-guard @0.70.0 (perl)
Proc::Guard - run a process and destroy it when the perl script exits

p5-proc-processtable @0.637.0 (perl)
Proc::ProcessTable - Perl extension to access the unix process table

p5-sql-statement @1.414.0 (perl)
SQL parsing and processing engine

p5-string-util @1.350.0 (perl)
String::Util -- String processing utility functions

p5-template-toolkit @3.102.0 (perl)
Template::Toolkit - Template Processing System

p5-test2-tools-process @0.70.0 (perl)
Test2::Tools::Process - Unit tests for code that calls exit, exec, system or qx()

p5-unix-process @1.310.100 (perl)
Unix::Process - Perl extension to get pid info from (/bin/ps).

p5-xml-twig @3.540.0 (perl)
XML::Twig - A perl module for processing huge XML documents in tree mode.

p5-yaml-pp @0.39.0 (perl)
YAML::PP - YAML 1.2 processor

p5.28-bsd-resource @1.291.100 (perl)
This is a Perl extension for BSD process resource limit and priority functions

p5.28-cache-fastmmap @1.600.0 (perl)
Cache::FastMmap - Uses an mmap'ed file to act as a shared memory interprocess cache

p5.28-cgi-formbuilder @3.200.0 (perl)
CGI::FormBuilder - Easily generate and process stateful forms

p5.28-getopt-long @2.580.0 (perl, devel)
Getopt::Long - Extended processing of command line options

p5.28-io-captureoutput @1.110.500 (perl)
IO::CaptureOutput - (DEPRECATED) capture STDOUT and STDERR from Perl code, subprocesses or XS

p5.28-ipc-run3 @0.49.0 (perl)
Run a subprocess in batch mode (a la system) on Unix, Win32, etc.

p5.28-lingua-en-tagger @0.310.0 (perl)
Part-of-speech tagger for English natural language processing

p5.28-lwp-mediatypes @6.40.0 (perl)
Media types and mailcap processing

p5.28-mce @1.902.0 (perl)
MCE - Many-Core Engine for Perl providing parallel processing capabilities

p5.28-mce-shared @1.893.0 (perl)
MCE::Shared - MCE extension for sharing data supporting threads and processes

p5.28-moosex-getopt @0.780.0 (perl)
MooseX::Getopt - A Moose role for processing command line options

p5.28-parallel-forkmanager @2.40.0 (perl)
Parallel::ForkManager - A simple parallel processing fork manager

p5.28-prefork @1.50.0 (perl)
Optimized module loading for forking or non-forking processes

p5.28-proc-daemon @0.230.0 (perl)
Run Perl program(s) as a daemon process

p5.28-proc-guard @0.70.0 (perl)
Proc::Guard - run a process and destroy it when the perl script exits

p5.28-proc-processtable @0.637.0 (perl)
Proc::ProcessTable - Perl extension to access the unix process table

p5.28-sql-statement @1.414.0 (perl)
SQL parsing and processing engine

p5.28-string-util @1.350.0 (perl)
String::Util -- String processing utility functions

p5.28-template-toolkit @3.102.0 (perl)
Template::Toolkit - Template Processing System

p5.28-test2-tools-process @0.70.0 (perl)
Test2::Tools::Process - Unit tests for code that calls exit, exec, system or qx()

p5.28-unix-process @1.310.100 (perl)
Unix::Process - Perl extension to get pid info from (/bin/ps).

p5.28-xml-twig @3.540.0 (perl)
XML::Twig - A perl module for processing huge XML documents in tree mode.

p5.28-yaml-pp @0.39.0 (perl)
YAML::PP - YAML 1.2 processor

p5.30-bsd-resource @1.291.100 (perl)
This is a Perl extension for BSD process resource limit and priority functions

p5.30-cache-fastmmap @1.600.0 (perl)
Cache::FastMmap - Uses an mmap'ed file to act as a shared memory interprocess cache

p5.30-cgi-formbuilder @3.200.0 (perl)
CGI::FormBuilder - Easily generate and process stateful forms

p5.30-getopt-long @2.580.0 (perl, devel)
Getopt::Long - Extended processing of command line options

p5.30-io-captureoutput @1.110.500 (perl)
IO::CaptureOutput - (DEPRECATED) capture STDOUT and STDERR from Perl code, subprocesses or XS

p5.30-ipc-run3 @0.49.0 (perl)
Run a subprocess in batch mode (a la system) on Unix, Win32, etc.

p5.30-lingua-en-tagger @0.310.0 (perl)
Part-of-speech tagger for English natural language processing

p5.30-lwp-mediatypes @6.40.0 (perl)
Media types and mailcap processing

p5.30-mce @1.902.0 (perl)
MCE - Many-Core Engine for Perl providing parallel processing capabilities

p5.30-mce-shared @1.893.0 (perl)
MCE::Shared - MCE extension for sharing data supporting threads and processes

p5.30-moosex-getopt @0.780.0 (perl)
MooseX::Getopt - A Moose role for processing command line options

p5.30-parallel-forkmanager @2.40.0 (perl)
Parallel::ForkManager - A simple parallel processing fork manager

p5.30-prefork @1.50.0 (perl)
Optimized module loading for forking or non-forking processes

p5.30-proc-daemon @0.230.0 (perl)
Run Perl program(s) as a daemon process

p5.30-proc-guard @0.70.0 (perl)
Proc::Guard - run a process and destroy it when the perl script exits

p5.30-proc-processtable @0.637.0 (perl)
Proc::ProcessTable - Perl extension to access the unix process table

p5.30-sql-statement @1.414.0 (perl)
SQL parsing and processing engine

p5.30-string-util @1.350.0 (perl)
String::Util -- String processing utility functions

p5.30-template-toolkit @3.102.0 (perl)
Template::Toolkit - Template Processing System

p5.30-test2-tools-process @0.70.0 (perl)
Test2::Tools::Process - Unit tests for code that calls exit, exec, system or qx()

p5.30-unix-process @1.310.100 (perl)
Unix::Process - Perl extension to get pid info from (/bin/ps).

p5.30-xml-twig @3.540.0 (perl)
XML::Twig - A perl module for processing huge XML documents in tree mode.

p5.30-yaml-pp @0.39.0 (perl)
YAML::PP - YAML 1.2 processor

p5.32-bsd-resource @1.291.100 (perl)
This is a Perl extension for BSD process resource limit and priority functions

p5.32-cache-fastmmap @1.600.0 (perl)
Cache::FastMmap - Uses an mmap'ed file to act as a shared memory interprocess cache

p5.32-cgi-formbuilder @3.200.0 (perl)
CGI::FormBuilder - Easily generate and process stateful forms

p5.32-getopt-long @2.580.0 (perl, devel)
Getopt::Long - Extended processing of command line options

p5.32-io-captureoutput @1.110.500 (perl)
IO::CaptureOutput - (DEPRECATED) capture STDOUT and STDERR from Perl code, subprocesses or XS

p5.32-ipc-run3 @0.49.0 (perl)
Run a subprocess in batch mode (a la system) on Unix, Win32, etc.

p5.32-lingua-en-tagger @0.310.0 (perl)
Part-of-speech tagger for English natural language processing

p5.32-lwp-mediatypes @6.40.0 (perl)
Media types and mailcap processing

p5.32-mce @1.902.0 (perl)
MCE - Many-Core Engine for Perl providing parallel processing capabilities

p5.32-mce-shared @1.893.0 (perl)
MCE::Shared - MCE extension for sharing data supporting threads and processes

p5.32-moosex-getopt @0.780.0 (perl)
MooseX::Getopt - A Moose role for processing command line options

p5.32-parallel-forkmanager @2.40.0 (perl)
Parallel::ForkManager - A simple parallel processing fork manager

p5.32-prefork @1.50.0 (perl)
Optimized module loading for forking or non-forking processes

p5.32-proc-daemon @0.230.0 (perl)
Run Perl program(s) as a daemon process

p5.32-proc-guard @0.70.0 (perl)
Proc::Guard - run a process and destroy it when the perl script exits

p5.32-proc-processtable @0.637.0 (perl)
Proc::ProcessTable - Perl extension to access the unix process table

p5.32-sql-statement @1.414.0 (perl)
SQL parsing and processing engine

p5.32-string-util @1.350.0 (perl)
String::Util -- String processing utility functions

p5.32-template-toolkit @3.102.0 (perl)
Template::Toolkit - Template Processing System

p5.32-test2-tools-process @0.70.0 (perl)
Test2::Tools::Process - Unit tests for code that calls exit, exec, system or qx()

p5.32-unix-process @1.310.100 (perl)
Unix::Process - Perl extension to get pid info from (/bin/ps).

p5.32-xml-twig @3.540.0 (perl)
XML::Twig - A perl module for processing huge XML documents in tree mode.

p5.32-yaml-pp @0.39.0 (perl)
YAML::PP - YAML 1.2 processor

p5.34-bsd-resource @1.291.100 (perl)
This is a Perl extension for BSD process resource limit and priority functions

p5.34-cache-fastmmap @1.600.0 (perl)
Cache::FastMmap - Uses an mmap'ed file to act as a shared memory interprocess cache

p5.34-cgi-formbuilder @3.200.0 (perl)
CGI::FormBuilder - Easily generate and process stateful forms

p5.34-getopt-long @2.580.0 (perl, devel)
Getopt::Long - Extended processing of command line options

p5.34-io-captureoutput @1.110.500 (perl)
IO::CaptureOutput - (DEPRECATED) capture STDOUT and STDERR from Perl code, subprocesses or XS

p5.34-ipc-run3 @0.49.0 (perl)
Run a subprocess in batch mode (a la system) on Unix, Win32, etc.

p5.34-lingua-en-tagger @0.310.0 (perl)
Part-of-speech tagger for English natural language processing

p5.34-lwp-mediatypes @6.40.0 (perl)
Media types and mailcap processing

p5.34-mce @1.902.0 (perl)
MCE - Many-Core Engine for Perl providing parallel processing capabilities

p5.34-mce-shared @1.893.0 (perl)
MCE::Shared - MCE extension for sharing data supporting threads and processes

p5.34-moosex-getopt @0.780.0 (perl)
MooseX::Getopt - A Moose role for processing command line options

p5.34-parallel-forkmanager @2.40.0 (perl)
Parallel::ForkManager - A simple parallel processing fork manager

p5.34-prefork @1.50.0 (perl)
Optimized module loading for forking or non-forking processes

p5.34-proc-daemon @0.230.0 (perl)
Run Perl program(s) as a daemon process

p5.34-proc-guard @0.70.0 (perl)
Proc::Guard - run a process and destroy it when the perl script exits

p5.34-proc-processtable @0.637.0 (perl)
Proc::ProcessTable - Perl extension to access the unix process table

p5.34-sql-statement @1.414.0 (perl)
SQL parsing and processing engine

p5.34-string-util @1.350.0 (perl)
String::Util -- String processing utility functions

p5.34-template-toolkit @3.102.0 (perl)
Template::Toolkit - Template Processing System

p5.34-test2-tools-process @0.70.0 (perl)
Test2::Tools::Process - Unit tests for code that calls exit, exec, system or qx()

p5.34-unix-process @1.310.100 (perl)
Unix::Process - Perl extension to get pid info from (/bin/ps).

p5.34-xml-twig @3.540.0 (perl)
XML::Twig - A perl module for processing huge XML documents in tree mode.

p5.34-yaml-pp @0.39.0 (perl)
YAML::PP - YAML 1.2 processor

pdfcpu @0.11.1 (textproc)
PDF processor written in Go

php @8.3 (lang, www)
PHP: Hypertext Preprocessor

php52 @5.2.17_18 (lang, www)
PHP: Hypertext Preprocessor

php52-gmp @5.2.17 (php, devel, math)
a PHP interface to GMP, the GNU multiprocessing library through which you can work with arbitrary-length integers

php52-ipc @5.2.17 (php)
interprocess communication extensions for PHP

php52-pcntl @5.2.17 (php, sysutils)
a PHP interface to Unix-style process creation, program execution, signal handling and process termination functions

php53 @5.3.29_9 (lang, www)
PHP: Hypertext Preprocessor

php53-gmp @5.3.29 (php, devel, math)
a PHP interface to GMP, the GNU multiprocessing library through which you can work with arbitrary-length integers

php53-ipc @5.3.29 (php)
interprocess communication extensions for PHP

php53-pcntl @5.3.29 (php, sysutils)
a PHP interface to Unix-style process creation, program execution, signal handling and process termination functions

php54 @5.4.45_8 (lang, www)
PHP: Hypertext Preprocessor

php54-gmp @5.4.45 (php, devel, math)
a PHP interface to GMP, the GNU multiprocessing library through which you can work with arbitrary-length integers

php54-ipc @5.4.45 (php)
interprocess communication extensions for PHP

php54-pcntl @5.4.45 (php, sysutils)
a PHP interface to Unix-style process creation, program execution, signal handling and process termination functions

php55 @5.5.38_9 (lang, www)
PHP: Hypertext Preprocessor

php55-gmp @5.5.38 (php, devel, math)
a PHP interface to GMP, the GNU multiprocessing library through which you can work with arbitrary-length integers

php55-ipc @5.5.38 (php)
interprocess communication extensions for PHP

php55-pcntl @5.5.38 (php, sysutils)
a PHP interface to Unix-style process creation, program execution, signal handling and process termination functions

php56 @5.6.40_7 (lang, www)
PHP: Hypertext Preprocessor

php56-gmp @5.6.40 (php, devel, math)
a PHP interface to GMP, the GNU multiprocessing library through which you can work with arbitrary-length integers

php56-ipc @5.6.40 (php)
interprocess communication extensions for PHP

php56-pcntl @5.6.40 (php, sysutils)
a PHP interface to Unix-style process creation, program execution, signal handling and process termination functions

php70 @7.0.33_7 (lang, www)
PHP: Hypertext Preprocessor

php70-gmp @7.0.33 (php, devel, math)
a PHP interface to GMP, the GNU multiprocessing library through which you can work with arbitrary-length integers

php70-ipc @7.0.33 (php)
interprocess communication extensions for PHP

php70-pcntl @7.0.33 (php, sysutils)
a PHP interface to Unix-style process creation, program execution, signal handling and process termination functions

php71 @7.1.33_5 (lang, www)
PHP: Hypertext Preprocessor

php71-gmp @7.1.33 (php, devel, math)
a PHP interface to GMP, the GNU multiprocessing library through which you can work with arbitrary-length integers

php71-ipc @7.1.33 (php)
interprocess communication extensions for PHP

php71-pcntl @7.1.33 (php, sysutils)
a PHP interface to Unix-style process creation, program execution, signal handling and process termination functions

php72 @7.2.34_6 (lang, www)
PHP: Hypertext Preprocessor

php72-gmp @7.2.34 (php, devel, math)
a PHP interface to GMP, the GNU multiprocessing library through which you can work with arbitrary-length integers

php72-ipc @7.2.34 (php)
interprocess communication extensions for PHP

php72-pcntl @7.2.34 (php, sysutils)
a PHP interface to Unix-style process creation, program execution, signal handling and process termination functions

php73 @7.3.33_4 (lang, www)
PHP: Hypertext Preprocessor

php73-gmp @7.3.33 (php, devel, math)
a PHP interface to GMP, the GNU multiprocessing library through which you can work with arbitrary-length integers

php73-ipc @7.3.33 (php)
interprocess communication extensions for PHP

php73-pcntl @7.3.33 (php, sysutils)
a PHP interface to Unix-style process creation, program execution, signal handling and process termination functions

php74 @7.4.33_2 (lang, www)
PHP: Hypertext Preprocessor

php74-gmp @7.4.33 (php, devel, math)
a PHP interface to GMP, the GNU multiprocessing library through which you can work with arbitrary-length integers

php74-ipc @7.4.33 (php)
interprocess communication extensions for PHP

php74-pcntl @7.4.33 (php, sysutils)
a PHP interface to Unix-style process creation, program execution, signal handling and process termination functions

php80 @8.0.30_1 (lang, www)
PHP: Hypertext Preprocessor

php80-gmp @8.0.30 (php, devel, math)
a PHP interface to GMP, the GNU multiprocessing library through which you can work with arbitrary-length integers

php80-ipc @8.0.30 (php)
interprocess communication extensions for PHP

php80-pcntl @8.0.30 (php, sysutils)
a PHP interface to Unix-style process creation, program execution, signal handling and process termination functions

php81 @8.1.30_1 (lang, www)
PHP: Hypertext Preprocessor

php81-gmp @8.1.30 (php, devel, math)
a PHP interface to GMP, the GNU multiprocessing library through which you can work with arbitrary-length integers

php81-ipc @8.1.30 (php)
interprocess communication extensions for PHP

php81-pcntl @8.1.30 (php, sysutils)
a PHP interface to Unix-style process creation, program execution, signal handling and process termination functions

php82 @8.2.24_1 (lang, www)
PHP: Hypertext Preprocessor

php82-gmp @8.2.24 (php, devel, math)
a PHP interface to GMP, the GNU multiprocessing library through which you can work with arbitrary-length integers

php82-ipc @8.2.24 (php)
interprocess communication extensions for PHP

php82-pcntl @8.2.24 (php, sysutils)
a PHP interface to Unix-style process creation, program execution, signal handling and process termination functions

php83 @8.3.12_1 (lang, www)
PHP: Hypertext Preprocessor

php83-gmp @8.3.12 (php, devel, math)
a PHP interface to GMP, the GNU multiprocessing library through which you can work with arbitrary-length integers

php83-ipc @8.3.12 (php)
interprocess communication extensions for PHP

php83-pcntl @8.3.12 (php, sysutils)
a PHP interface to Unix-style process creation, program execution, signal handling and process termination functions

php84 @8.4.0RC1_1 (lang, www)
PHP: Hypertext Preprocessor

php84-gmp @8.4.0RC1 (php, devel, math)
a PHP interface to GMP, the GNU multiprocessing library through which you can work with arbitrary-length integers

php84-ipc @8.4.0RC1 (php)
interprocess communication extensions for PHP

php84-pcntl @8.4.0RC1 (php, sysutils)
a PHP interface to Unix-style process creation, program execution, signal handling and process termination functions

pidof @0.1.4 (sysutils)
A utility to display the PID number for a given process name

pmw @5.33 (textproc, audio)
music typesetting processor generating PostScript

policykit @0.121 (security)
PolicyKit is an application-level toolkit for defining and handling the policy that allows unprivileged processes to speak to privileged processes

Pothos @0.6.1 (science)
Pothos is Software Defined Radio (SDR) with a complete data-flow framework for creating topologies of interconnected processing blocks.

PothosBlocks @0.5.3_2 (science)
A collection of core processing blocks for Pothos

PothosLiquidDSP @0.0.0-git-20211220 (science)
Pothos toolkit for liquid DSP processing cores

procenv @0.60 (sysutils)
Command-line utility to show process environment

processing @3.5.4 (lang)
Flexible software sketchbook and a language for learning how to code within the context of the visual arts.

psutilsql @0.0.2 (sysutils)
CLI utility to query process & system information using SQL

pugixml @1.15 (textproc)
C++ Library for XML processing

pure-faust @0.13 (pure, audio, lang)
a module which lets you load and run Faust-generated signal processing modules in Pure

pwait @20250923 (sysutils)
waits for processes to exit

py-billiard @4.2.0 (python, devel)
Python multiprocessing fork.

py-daemon @1.0.1 (python)
Module to daemonize the calling process

py-datasets @2.21.0 (python)
Datasets and evaluation metrics for natural language processing and more

py-docutils @0.22.4 (python, textproc)
A set of tools for processing plaintext documentation

py-fypp @3.2 (python, devel)
Python-powered Fortran preprocessor

py-gmic @2.9.4-alpha1_6 (python, science)
Python binding for G'MIC - A Full-Featured Open-Source Framework for Image Processing

py-greenlet @3.3.0 (python, devel)
Lightweight in-process concurrent programming

py-htseq @2.0.1 (python)
A framework to process and analyze data from high-throughput sequencing (HTS) assays

py-imutils @0.5.4_1 (python)
Python image processing functions with OpenCV

py-intelhex @2.3.0 (python)
The Intel HEX file format is widely used in microprocessors and microcontrollers area (embedded systems etc) as the de facto standard for representation of code to be programmed into microelectronic devices.

py-keras_preprocessing @1.1.2 (python, devel, math)
Keras Preprocessing is the data preprocessing and data augmentation module of the Keras deep learning library.

py-lazr.config @3.1 (python, devel)
Create configuration schemas, and process and validate configurations.

py-lxml @6.0.2 (python, devel)
Powerful and Pythonic XML processing library

py-mahotas @1.4.18 (python)
Set of functions for image processing and computer vision in Python

py-mdp-toolkit @3.5_1 (python, science)
Modular toolkit for Data Processing.

py-mir_eval @0.6.20201030 (python, audio)
Common metrics for common audio/music processing tasks.

py-mkl @2023.2.1 (python)
Math library for Intel and compatible processors

py-multiprocess @0.70.18 (python)
better multiprocessing and multithreading in python

py-nose_xunitmp @0.4.1 (python)
Xunit output when running multiprocess tests using nose

py-obspy @1.4.2 (python, science)
Python framework for processing seismological data

py-psutil @7.2.1 (python, devel, sysutils)
A process utilities module for Python.

py-ptyprocess @0.7.0_1 (python, devel)
Run a subprocess in a pseudo terminal

py-pybtex @0.25.1 (python, textproc)
A BibTeX-compatible bibliography processor in Python.

py-pysigma @1.1.0 (python)
Sigma rule processing and conversion tools

py-pytest-forked @1.6.0 (python, devel)
run tests in isolated forked subprocesses

py-pytest-xprocess @1.0.2 (python)
A pytest plugin for managing processes across test runs.

py-python-daemon @3.1.2 (python, devel)
Library to implement a well-behaved Unix daemon process.

py-pyvttbl @0.5.2.2 (python, devel)
Multidimensional pivot tables, data processing, statistical computation

py-sarpy @1.3.61.1 (python, graphics, science)
Tools to read, write, and process complex SAR data and associated data.

py-scikit-dsp-comm @2.0.1 (python)
A collection of functions and classes to support signal processing and communications theory teaching and research

py-scikit-image @0.26.0 (python, science)
Image processing algorithms for SciPy.

py-scikits-talkbox @0.2.5 (python, science, devel)
Talkbox, a set of python modules for speech/signal processing

py-setproctitle @1.3.5 (python)
A Python module to customize the process title

py-sh @2.2.2 (python, devel)
A full-fledged subprocess interface for Python

py-sk-video @1.1.10 (python)
Video Processing in Python

py-spaCy @3.5.0 (python)
Industrial-strength Natural Language Processing (NLP) with Python and Cython

py-spaCy-models @2.3.2 (python)
Models for the spaCy Natural Language Processing (NLP) library

py-spectral @0.23.1 (python, science)
Spectral Python (SPy) is a Python module for hyperspectral image processing.

py-subprocess-tee @0.4.2 (python)
A subprocess.run that works like tee

py-subprocess32 @3.5.4 (python, devel)
Backport of the subprocess module from Python 3.2-3.5

py-supervisor @4.3.0 (python)
Process manager for UNIX-like OSs

py-tensorflow-transform @0.28.0 (python)
A library for data preprocessing with TensorFlow

py-textile @3.0.4 (python, textproc)
Textile processing for python

py-toolz @1.1.0 (python, devel)
List processing tools and functional utilities.

py-torchaudio @0.12.0 (python, audio)
Data manipulation and transformation for audio signal processing, powered by PyTorch

py-transformers @4.21.2 (python, textproc)
State-of-the-art Natural Language Processing for TensorFlow 2.0 and PyTorch

py-tropycal @1.4 (python, science)
Tropycal is a Python package intended to simplify the process of retrieving and analyzing tropical cyclone data, both for past storms and in real time, and is geared towards the research and operational meteorology sectors.

py-uri-template @1.3.0 (python, devel)
RFC 6570 URI Template Processor

py-zc-lockfile @3.0.post1 (python, zope)
Basic inter-process locks

py-zdaemon @4.3 (python, sysutils)
Daemon process control library and tools for Unix-based systems

py27-daemon @1.0.1 (python)
Module to daemonize the calling process

py27-docutils @0.18.1 (python, textproc)
A set of tools for processing plaintext documentation

py27-greenlet @2.0.2 (python, devel)
Lightweight in-process concurrent programming

py27-lxml @5.0.2 (python, devel)
Powerful and Pythonic XML processing library

py27-psutil @6.1.1 (python, devel, sysutils)
A process utilities module for Python.

py27-pybtex @0.24.0 (python, textproc)
A BibTeX-compatible bibliography processor in Python.

py27-pyvttbl @0.5.2.2 (python, devel)
Multidimensional pivot tables, data processing, statistical computation

py27-scikits-talkbox @0.2.5 (python, science, devel)
Talkbox, a set of python modules for speech/signal processing

py27-subprocess32 @3.5.4 (python, devel)
Backport of the subprocess module from Python 3.2-3.5

py27-textile @3.0.4 (python, textproc)
Textile processing for python

py27-zc-lockfile @2.0 (python, zope)
Basic inter-process locks

py27-zdaemon @4.3 (python, sysutils)
Daemon process control library and tools for Unix-based systems

py37-lxml @5.4.0 (python, devel)
Powerful and Pythonic XML processing library

py38-docutils @0.20.1 (python, textproc)
A set of tools for processing plaintext documentation

py38-lxml @5.4.0 (python, devel)
Powerful and Pythonic XML processing library

py39-docutils @0.22.4 (python, textproc)
A set of tools for processing plaintext documentation

py39-gmic @2.9.4-alpha1_6 (python, science)
Python binding for G'MIC - A Full-Featured Open-Source Framework for Image Processing

py39-greenlet @3.2.4 (python, devel)
Lightweight in-process concurrent programming

py39-keras_preprocessing @1.1.2 (python, devel, math)
Keras Preprocessing is the data preprocessing and data augmentation module of the Keras deep learning library.

py39-lxml @6.0.2 (python, devel)
Powerful and Pythonic XML processing library

py39-mir_eval @0.6.20201030 (python, audio)
Common metrics for common audio/music processing tasks.

py39-nose_xunitmp @0.4.1 (python)
Xunit output when running multiprocess tests using nose

py39-psutil @7.2.1 (python, devel, sysutils)
A process utilities module for Python.

py39-ptyprocess @0.7.0_1 (python, devel)
Run a subprocess in a pseudo terminal

py39-pytest-forked @1.6.0 (python, devel)
run tests in isolated forked subprocesses

py39-pytest-xprocess @1.0.2 (python)
A pytest plugin for managing processes across test runs.

py39-sk-video @1.1.10 (python)
Video Processing in Python

py39-tensorflow-transform @0.28.0 (python)
A library for data preprocessing with TensorFlow

py39-uri-template @1.3.0 (python, devel)
RFC 6570 URI Template Processor

py310-billiard @4.2.0 (python, devel)
Python multiprocessing fork.

py310-datasets @2.21.0 (python)
Datasets and evaluation metrics for natural language processing and more

py310-dlib @19.24.6_1 (math, python, math)
Python 3.10 bindings for Modern C++ toolkit for machine learning, image processing, and more.

py310-docutils @0.22.4 (python, textproc)
A set of tools for processing plaintext documentation

py310-fypp @3.2 (python, devel)
Python-powered Fortran preprocessor

py310-greenlet @3.3.0 (python, devel)
Lightweight in-process concurrent programming

py310-htseq @2.0.1 (python)
A framework to process and analyze data from high-throughput sequencing (HTS) assays

py310-imutils @0.5.4_1 (python)
Python image processing functions with OpenCV

py310-intelhex @2.3.0 (python)
The Intel HEX file format is widely used in microprocessors and microcontrollers area (embedded systems etc) as the de facto standard for representation of code to be programmed into microelectronic devices.

py310-keras_preprocessing @1.1.2 (python, devel, math)
Keras Preprocessing is the data preprocessing and data augmentation module of the Keras deep learning library.

py310-lxml @6.0.2 (python, devel)
Powerful and Pythonic XML processing library

py310-mahotas @1.4.18 (python)
Set of functions for image processing and computer vision in Python

py310-mkl @2023.2.1 (python)
Math library for Intel and compatible processors

py310-mkl-include @2023.2.1 (python)
Math library for Intel and compatible processors

py310-multiprocess @0.70.18 (python)
better multiprocessing and multithreading in python

py310-obspy @1.4.2 (python, science)
Python framework for processing seismological data

py310-psutil @7.2.1 (python, devel, sysutils)
A process utilities module for Python.

py310-ptyprocess @0.7.0_1 (python, devel)
Run a subprocess in a pseudo terminal

py310-pybtex @0.25.1 (python, textproc)
A BibTeX-compatible bibliography processor in Python.

py310-pysigma @1.1.0 (python)
Sigma rule processing and conversion tools

py310-pytest-forked @1.6.0 (python, devel)
run tests in isolated forked subprocesses

py310-pytest-xprocess @1.0.2 (python)
A pytest plugin for managing processes across test runs.

py310-sarpy @1.3.61.1 (python, graphics, science)
Tools to read, write, and process complex SAR data and associated data.

py310-scikit-dsp-comm @2.0.1 (python)
A collection of functions and classes to support signal processing and communications theory teaching and research

py310-scikit-image @0.26.0 (python, science)
Image processing algorithms for SciPy.

py310-setproctitle @1.3.5 (python)
A Python module to customize the process title

py310-sh @2.2.2 (python, devel)
A full-fledged subprocess interface for Python

py310-spaCy @3.5.0 (python)
Industrial-strength Natural Language Processing (NLP) with Python and Cython

py310-spaCy-models @2.3.2 (python)
Models for the spaCy Natural Language Processing (NLP) library

py310-subprocess-tee @0.4.2 (python)
A subprocess.run that works like tee

py310-toolz @1.1.0 (python, devel)
List processing tools and functional utilities.

py310-torchaudio @0.12.0 (python, audio)
Data manipulation and transformation for audio signal processing, powered by PyTorch

py310-transformers @4.21.2 (python, textproc)
State-of-the-art Natural Language Processing for TensorFlow 2.0 and PyTorch

py310-tropycal @1.4 (python, science)
Tropycal is a Python package intended to simplify the process of retrieving and analyzing tropical cyclone data, both for past storms and in real time, and is geared towards the research and operational meteorology sectors.

py310-uri-template @1.3.0 (python, devel)
RFC 6570 URI Template Processor

py310-zc-lockfile @3.0.post1 (python, zope)
Basic inter-process locks

py311-billiard @4.2.0 (python, devel)
Python multiprocessing fork.

py311-datasets @2.21.0 (python)
Datasets and evaluation metrics for natural language processing and more

py311-dlib @19.24.6_1 (math, python, math)
Python 3.11 bindings for Modern C++ toolkit for machine learning, image processing, and more.

py311-docutils @0.22.4 (python, textproc)
A set of tools for processing plaintext documentation

py311-fypp @3.2 (python, devel)
Python-powered Fortran preprocessor

py311-greenlet @3.3.0 (python, devel)
Lightweight in-process concurrent programming

py311-intelhex @2.3.0 (python)
The Intel HEX file format is widely used in microprocessors and microcontrollers area (embedded systems etc) as the de facto standard for representation of code to be programmed into microelectronic devices.

py311-keras_preprocessing @1.1.2 (python, devel, math)
Keras Preprocessing is the data preprocessing and data augmentation module of the Keras deep learning library.

py311-lxml @6.0.2 (python, devel)
Powerful and Pythonic XML processing library

py311-mahotas @1.4.18 (python)
Set of functions for image processing and computer vision in Python

py311-mdp-toolkit @3.5_1 (python, science)
Modular toolkit for Data Processing.

py311-mkl @2023.2.1 (python)
Math library for Intel and compatible processors

py311-mkl-include @2023.2.1 (python)
Math library for Intel and compatible processors

py311-multiprocess @0.70.18 (python)
better multiprocessing and multithreading in python

py311-obspy @1.4.2 (python, science)
Python framework for processing seismological data

py311-psutil @7.2.1 (python, devel, sysutils)
A process utilities module for Python.

py311-ptyprocess @0.7.0_1 (python, devel)
Run a subprocess in a pseudo terminal

py311-pybtex @0.25.1 (python, textproc)
A BibTeX-compatible bibliography processor in Python.

py311-pysigma @1.1.0 (python)
Sigma rule processing and conversion tools

py311-pytest-forked @1.6.0 (python, devel)
run tests in isolated forked subprocesses

py311-pytest-xprocess @1.0.2 (python)
A pytest plugin for managing processes across test runs.

py311-sarpy @1.3.61.1 (python, graphics, science)
Tools to read, write, and process complex SAR data and associated data.

py311-scikit-image @0.26.0 (python, science)
Image processing algorithms for SciPy.

py311-setproctitle @1.3.5 (python)
A Python module to customize the process title

py311-sh @2.2.2 (python, devel)
A full-fledged subprocess interface for Python

py311-spectral @0.23.1 (python, science)
Spectral Python (SPy) is a Python module for hyperspectral image processing.

py311-subprocess-tee @0.4.2 (python)
A subprocess.run that works like tee

py311-toolz @1.1.0 (python, devel)
List processing tools and functional utilities.

py311-tropycal @1.4 (python, science)
Tropycal is a Python package intended to simplify the process of retrieving and analyzing tropical cyclone data, both for past storms and in real time, and is geared towards the research and operational meteorology sectors.

py311-uri-template @1.3.0 (python, devel)
RFC 6570 URI Template Processor

py311-zc-lockfile @3.0.post1 (python, zope)
Basic inter-process locks

py312-billiard @4.2.0 (python, devel)
Python multiprocessing fork.

py312-datasets @2.21.0 (python)
Datasets and evaluation metrics for natural language processing and more

py312-dlib @19.24.6_1 (math, python, math)
Python 3.12 bindings for Modern C++ toolkit for machine learning, image processing, and more.

py312-docutils @0.22.4 (python, textproc)
A set of tools for processing plaintext documentation

py312-greenlet @3.3.0 (python, devel)
Lightweight in-process concurrent programming

py312-intelhex @2.3.0 (python)
The Intel HEX file format is widely used in microprocessors and microcontrollers area (embedded systems etc) as the de facto standard for representation of code to be programmed into microelectronic devices.

py312-lxml @6.0.2 (python, devel)
Powerful and Pythonic XML processing library

py312-mahotas @1.4.18 (python)
Set of functions for image processing and computer vision in Python

py312-mkl @2023.2.1 (python)
Math library for Intel and compatible processors

py312-mkl-include @2023.2.1 (python)
Math library for Intel and compatible processors

py312-multiprocess @0.70.18 (python)
better multiprocessing and multithreading in python

py312-obspy @1.4.2 (python, science)
Python framework for processing seismological data

py312-psutil @7.2.1 (python, devel, sysutils)
A process utilities module for Python.

py312-ptyprocess @0.7.0_1 (python, devel)
Run a subprocess in a pseudo terminal

py312-pybtex @0.25.1 (python, textproc)
A BibTeX-compatible bibliography processor in Python.

py312-pysigma @1.1.0 (python)
Sigma rule processing and conversion tools

py312-pytest-forked @1.6.0 (python, devel)
run tests in isolated forked subprocesses

py312-pytest-xprocess @1.0.2 (python)
A pytest plugin for managing processes across test runs.

py312-python-daemon @3.1.2 (python, devel)
Library to implement a well-behaved Unix daemon process.

py312-sarpy @1.3.61.1 (python, graphics, science)
Tools to read, write, and process complex SAR data and associated data.

py312-scikit-image @0.26.0 (python, science)
Image processing algorithms for SciPy.

py312-setproctitle @1.3.5 (python)
A Python module to customize the process title

py312-sh @2.2.2 (python, devel)
A full-fledged subprocess interface for Python

py312-subprocess-tee @0.4.2 (python)
A subprocess.run that works like tee

py312-supervisor @4.3.0 (python)
Process manager for UNIX-like OSs

py312-toolz @1.1.0 (python, devel)
List processing tools and functional utilities.

py312-tropycal @1.4 (python, science)
Tropycal is a Python package intended to simplify the process of retrieving and analyzing tropical cyclone data, both for past storms and in real time, and is geared towards the research and operational meteorology sectors.

py312-uri-template @1.3.0 (python, devel)
RFC 6570 URI Template Processor

py312-zc-lockfile @3.0.post1 (python, zope)
Basic inter-process locks

py313-datasets @2.21.0 (python)
Datasets and evaluation metrics for natural language processing and more

py313-docutils @0.22.4 (python, textproc)
A set of tools for processing plaintext documentation

py313-greenlet @3.3.0 (python, devel)
Lightweight in-process concurrent programming

py313-lazr.config @3.1 (python, devel)
Create configuration schemas, and process and validate configurations.

py313-lxml @6.0.2 (python, devel)
Powerful and Pythonic XML processing library

py313-mahotas @1.4.18 (python)
Set of functions for image processing and computer vision in Python

py313-mkl @2023.2.1 (python)
Math library for Intel and compatible processors

py313-mkl-include @2023.2.1 (python)
Math library for Intel and compatible processors

py313-multiprocess @0.70.18 (python)
better multiprocessing and multithreading in python

py313-obspy @1.4.2 (python, science)
Python framework for processing seismological data

py313-psutil @7.2.1 (python, devel, sysutils)
A process utilities module for Python.

py313-ptyprocess @0.7.0_1 (python, devel)
Run a subprocess in a pseudo terminal

py313-pybtex @0.25.1 (python, textproc)
A BibTeX-compatible bibliography processor in Python.

py313-pysigma @1.1.0 (python)
Sigma rule processing and conversion tools

py313-pytest-forked @1.6.0 (python, devel)
run tests in isolated forked subprocesses

py313-pytest-xprocess @1.0.2 (python)
A pytest plugin for managing processes across test runs.

py313-python-daemon @3.1.2 (python, devel)
Library to implement a well-behaved Unix daemon process.

py313-sarpy @1.3.61.1 (python, graphics, science)
Tools to read, write, and process complex SAR data and associated data.

py313-scikit-image @0.26.0 (python, science)
Image processing algorithms for SciPy.

py313-setproctitle @1.3.5 (python)
A Python module to customize the process title

py313-sh @2.2.2 (python, devel)
A full-fledged subprocess interface for Python

py313-subprocess-tee @0.4.2 (python)
A subprocess.run that works like tee

py313-supervisor @4.3.0 (python)
Process manager for UNIX-like OSs

py313-toolz @1.1.0 (python, devel)
List processing tools and functional utilities.

py313-tropycal @1.4 (python, science)
Tropycal is a Python package intended to simplify the process of retrieving and analyzing tropical cyclone data, both for past storms and in real time, and is geared towards the research and operational meteorology sectors.

py313-uri-template @1.3.0 (python, devel)
RFC 6570 URI Template Processor

py313-zc-lockfile @3.0.post1 (python, zope)
Basic inter-process locks

py314-docutils @0.22.4 (python, textproc)
A set of tools for processing plaintext documentation

py314-greenlet @3.3.0 (python, devel)
Lightweight in-process concurrent programming

py314-lxml @6.0.2 (python, devel)
Powerful and Pythonic XML processing library

py314-mahotas @1.4.18 (python)
Set of functions for image processing and computer vision in Python

py314-psutil @7.2.1 (python, devel, sysutils)
A process utilities module for Python.

py314-ptyprocess @0.7.0_1 (python, devel)
Run a subprocess in a pseudo terminal

py314-pysigma @1.1.0 (python)
Sigma rule processing and conversion tools

py314-pytest-xprocess @1.0.2 (python)
A pytest plugin for managing processes across test runs.

py314-python-daemon @3.1.2 (python, devel)
Library to implement a well-behaved Unix daemon process.

py314-scikit-image @0.26.0 (python, science)
Image processing algorithms for SciPy.

py314-sh @2.2.2 (python, devel)
A full-fledged subprocess interface for Python

py314-subprocess-tee @0.4.2 (python)
A subprocess.run that works like tee

py314-toolz @1.1.0 (python, devel)
List processing tools and functional utilities.

py314-uri-template @1.3.0 (python, devel)
RFC 6570 URI Template Processor

qbs @3.1.1 (devel)
build tool that helps simplify the build process for developing projects across multiple platforms.

qbs-docs @3.1.1 (devel)
build tool that helps simplify the build process for developing projects across multiple platforms.

qore-process-module @1.0.5 (lang)
process module for Qore

R-baizer @0.8.0_1 (R, science)
Useful functions for data processing

R-BayesNSGP @0.1.2 (R, science, math)
Bayesian analysis of non-stationary gaussian process models

R-bayespm @0.2.0_1 (R, science, math)
Bayesian Statistical Process Monitoring

R-bayesWatch @0.1.3_1 (R, science)
Bayesian change-point detection for process monitoring with fault detection

R-bigGP @0.1.8_1 (R, science, math, parallel)
Distributed Gaussian process calculations

R-carfima @2.0.2_2 (R, science, math)
Continuous-time fractionally integrated ARMA process for irregularly spaced long-memory time series data

R-CGP @2.1-1_1 (R, science, math)
Composite Gaussian Process Models

R-cnum @0.1.3_1 (R, science, textproc)
Chinese numerals processing

R-deepgp @1.1.3 (R, science, math)
Bayesian Deep Gaussian Processes using MCMC

R-DIRECT @1.1.0_1 (R, science, math)
Bayesian clustering of multivariate data under the Dirichlet-process prior

R-dirichletprocess @0.4.2_1 (R, science, math)
Build Dirichlet process objects for Bayesian modelling

R-discretization @1.0-1.1_1 (R, science)
Data preprocessing, discretization for classification

R-DPBBM @0.2.5_1 (R, science, math)
Dirichlet process Beta-binomial mixture

R-EBImage @4.46.0 (R, science, bioconductor, graphics)
Image processing and analysis toolbox for R

R-ergMargins @1.3 (R, science, math)
Process analysis for exponential random graph models

R-ergmgp @0.1-1_1 (R, science, math)
Tools for modelling ERGM generating processes

R-far @0.6-7 (R, science, math)
Modelization for functional auto-regressive processes

R-FastGaSP @0.5.3 (R, science, math)
Fast and exact computation of Gaussian stochastic process

R-FastGP @1.2_1 (R, science, math)
Efficiently use Gaussian processes with R-Rcpp and R-RcppEigen

R-flock @0.7_2 (R, science, devel)
Process synchronization using file locks

R-freqdom @2.0.5_1 (R, science)
Implementation of dynamic principal component analysis (DPCA), simulation of VAR and VMA processes and frequency domain tools

R-future @1.34.0 (R, science, devel, parallel)
Unified parallel and distributed processing in R

R-future.batchtools @0.12.1_1 (R, science, parallel)
Future API for parallel and distributed processing using batchtools

R-future.callr @0.8.2_1 (R, science, devel)
Future API for parallel processing using callr

R-future.mirai @0.2.2 (R, science, devel, parallel)
R-future API for parallel processing using R-mirai

R-gasper @1.1.6_1 (R, science, math)
Graph Signal Processing

R-gbRd @0.4.12 (R, science)
Utilities for processing Rd objects and files

R-GPareto @1.1.8_1 (R, science, math)
Gaussian processes for Pareto front estimation and optimization

R-gpboost @1.5.4 (R, science, math)
Combining tree-boosting with Gaussian process and mixed effects models

R-GPFDA @3.1.3_1 (R, science, math)
Gaussian Process for Functional Data Analysis

R-GPfit @1.0-8_2 (R, science, math)
Gaussian Processes modeling

R-GpGp @0.5.0_2 (R, science, math)
Fast Gaussian process computation using Vecchiaʼs approximation

R-GPM @3.0.1_1 (R, science, math)
Gaussian process modeling of multi-response and possibly noisy datasets

R-gppm @0.2.0_2 (R, science, math)
Implementation of Gaussian process panel modeling in R

R-gsignal @0.3-7 (R, science)
Signal processing

R-hawkes @0.0-4_2 (R, science, math)
Hawkes process simulation and calibration tool-kit

R-hdpGLM @1.0.3_1 (R, science, math)
Hierarchical Dirichlet process generalized linear models

R-hetGP @1.1.7 (R, science, math)
Heteroskedastic Gaussian process modelling and design under replication

R-httr2 @1.0.7 (R, science, devel, net)
Perform HTTP requests and process the responses

R-imager @1.0.2 (R, science, graphics)
Image processing library based on CImg

R-imbalance @1.0.2.1_1 (R, science, math)
Preprocessing algorithms for imbalanced datasets

R-ipc @0.1.4_1 (R, science, devel)
Tools for message passing between processes

R-jqr @1.3.5 (R, science, devel)
Client for jq, a JSON processor

R-laGP @1.5-9_1 (R, science, math)
Local approximate gaussian process regression

R-lcmm @2.1.0_1 (R, science, math)
Extended mixed models using latent classes and latent processes

R-lgpr @1.2.4_2 (R, science, math)
Longitudinal Gaussian Process Regression

R-longmemo @1.1-3 (R, science, math)
Statistics for long-memory processes

R-lpacf @1.0.1_1 (R, science, math)
Local partial autocorrelation function estimation for locally stationary wavelet processes

R-LVGP @2.1.5_1 (R, science, math)
Latent variable gaussian process modeling with qualitative and quantitative input variables

R-magi @1.2.4 (R, science, math)
Manifold-constrained Gaussian process inference

R-magick @2.8.5 (R, science, graphics)
Advanced graphics and image-processing in R

R-magickGUI @1.3.1_1 (R, science, graphics)
GUI tools for interactive image processing with Magick

R-MatchIt @4.6.0 (R, science, math)
Non-parametric preprocessing for parametric causal inference

R-mcclust @1.0.1_1 (R, science, math)
Process an MCMC sample of clusterings

R-mlegp @3.1.9_2 (R, science, math)
Maximum Likelihood Estimates of Gaussian Processes

R-mlr3pipelines @0.7.0 (R, science)
Preprocessing operators and pipelines for R-mlr3

R-monoreg @2.1_2 (R, science, math)
Bayesian monotonic regression using a marked point process construction

R-multidplyr @0.1.3_2 (R, science)
Multi-process dplyr backend

R-netdiffuseR @1.22.6 (R, science, math)
Analysis of diffusion and contagion processes on networks

R-NLP @0.3-2 (R, science, textproc)
Natural Language Processing infrastructure

R-nlpsem @0.3_1 (R, science, math)
Linear and non-linear longitudinal process in structural equation modelling framework

R-OpenImageR @1.3.0_1 (R, science, graphics)
Image processing toolkit

R-palm @1.1.5_1 (R, science, math)
Functions to fit point process models using the Palm likelihood

R-panelPomp @1.5.0.0 (R, science, math)
Inference for panel partially observed Markov processes

R-parameters @0.24.0 (R, science, math)
Processing of model parameters

R-pomdp @1.2.4 (R, science, math)
Infrastructure for Partially Observable Markov Decision Processes (POMDP)

R-pomdpSolve @1.0.4_1 (R, science, math)
Interface to pomdp-solve for partially observable Markov decision processes

R-pomp @5.11 (R, science, math)
Statistical inference for partially observed Markov processes

R-pompp @0.1.3_1 (R, science, math)
Presence-only for marked point process

R-ppgam @1.0.2 (R, science, math)
Generalised additive point process models

R-PPMiss @0.1.1_1 (R, science, math)
Copula-based estimator for long-range dependent processes under missing data

R-PReMiuM @3.2.13_1 (R, science, math)
Dirichlet process Bayesian clustering, profile regression

R-preprocessCore @1.66.0 (R, science, bioconductor)
Collection of pre-processing functions

R-probably @1.0.3_1 (R, science, math)
Tools for post-processing class probability estimates

R-processx @3.8.4_1 (R, science, sysutils)
Execute and control system processes

R-ps @1.8.1 (R, science, sysutils)
R package to query, list and manipulate system processes

R-psgp @0.3-21_1 (R, science, math)
Projected spatial Gaussian process methods

R-qmap @1.0-4_1 (R, science, math)
Statistical transformations for post-processing climate model output

R-questionr @0.7.8_1 (R, science)
Functions to make surveys processing easier

R-rayimage @0.11.0 (R, science, graphics)
Image processing for simulated cameras

R-RcppStreams @0.1.3_2 (R, science)
Rcpp integration of the Streamulus DSEL for stream processing

R-Rdrw @1.0.2_1 (R, science, math)
Univariate and multivariate damped random walk processes

R-recipes @1.1.0 (R, science)
Preprocessing and feature engineering steps for modelling

R-reformulas @0.3.0 (R, science, math)
Machinery for processing random effect formulas

R-regport @0.3.0_2 (R, science)
Regression model processing port

R-rjmcmc @0.4.5_2 (R, science, math)
Reversible-jump MCMC using post-processing

R-RobustGaSP @0.6.6_1 (R, science, math)
Robust Gaussian stochastic process emulation

R-RSQL @0.2.2_1 (R, science, databases)
Database-agnostic package to generate and process SQL queries in R

R-Rtauchen @1.0_1 (R, science, math)
Discretization of AR(1) processes

R-RWiener @1.3-3_2 (R, science)
Wiener process distribution functions

R-segMGarch @1.2_1 (R, science, math)
Multiple change-point detection for high-dimensional GARCH processes

R-signal @1.8-1 (R, science, math)
Signal processing

R-spNNGP @1.0.1 (R, science, math)
Spatial regression models for large datasets using nearest neighbor Gaussian processes

R-starma @1.3 (R, science, math)
Space–Time Auto-Regressive Moving Average processes

R-stringi @1.8.4_1 (R, science, devel)
Fast and portable character string processing in R

R-TAG @0.5.1_1 (R, science, math)
Transformed Additive Gaussian processes

R-tauProcess @2.1.3_1 (R, science, math)
Tau measure with right-censored data

R-telefit @1.0.3_1 (R, science)
Estimation and prediction for remote effects spatial process models

R-textrecipes @1.0.6_1 (R, science, textproc)
Extra recipes for text processing

R-tgp @2.4-23 (R, science, math)
Bayesian Treed Gaussian Process models

R-TreeBUGS @1.5.0_1 (R, science)
Hierarchical multinomial processing tree modelling

R-tsPI @1.0.4_1 (R, science, math)
Improved prediction intervals for ARIMA processes and structural time series

R-txtq @0.2.4_2 (R, science, devel)
Small message queue for parallel processes

R-utf8 @1.2.6 (R, science, textproc)
UTF-8 text processing

R-waveslim @1.8.5 (R, science)
Basic wavelet routines for one-, two- and three-dimensional signal processing

R-yuima @1.15.27_1 (R, science, math)
Simulation and inference for SDEs and other stochastic processes

R-yum @0.1.0_2 (R, science, devel)
Utilities to extract and process YAML fragments

rawproc @1.4 (graphics)
Select RAW processing routines

rawtherapee @5.10_1 (graphics)
raw photo processing program

rb-mongrel_cluster @1.0.5_1 (ruby)
Mongrel plugin that provides commands and Capistrano tasks for managing multiple Mongrel processes.

rb-parallel @1.25.1 (ruby, devel)
Parallel processing made simple and fast

rb-path_expander @1.1.3 (ruby, devel)
PathExpander helps pre-process command-line arguments expanding directories into their constituent files

rb-posix-spawn @0.3.15 (ruby, devel)
rb-posix-spawn uses posix_spawnp(2) for faster process spawning

rb-rexml @3.2.6 (ruby, textproc)
XML processor for the language Ruby

rb-rubycon @0.8 (ruby)
Toolkit for building concept processing and reasoning systems.

rb-sexp_processor @4.17.1 (ruby, textproc)
S-expression branch of ParseTree

rb-slave @1.2.1 (ruby)
Ruby class to fork processes and starting a DRb server.

rb-systemu @2.6.5 (ruby)
universal capture of stdout and stderr and handling of child process pid for windows, *nix, etc.

rb-trollop @2.9.10 (ruby, devel)
Commandline argument processing library for Ruby

rb-tty-reader @0.9.0 (ruby)
Set of methods for processing keyboard input

rb-xml-simple @1.1.9 (ruby)
A simple API for XML processing

rb-xslt @0.9.9 (ruby)
A Ruby class for processing XSLT

rb19-foreman @0.63.0 (ruby, www, devel)
Process manager for applications with multiple components

rb19-sexp_processor @3.0.4 (ruby, textproc)
S-expression branch of ParseTree

rb26-systemu @2.6.5 (ruby)
universal capture of stdout and stderr and handling of child process pid for windows, *nix, etc.

rb27-systemu @2.6.5 (ruby)
universal capture of stdout and stderr and handling of child process pid for windows, *nix, etc.

rb30-parallel @1.25.1 (ruby, devel)
Parallel processing made simple and fast

rb30-path_expander @1.1.3 (ruby, devel)
PathExpander helps pre-process command-line arguments expanding directories into their constituent files

rb30-posix-spawn @0.3.15 (ruby, devel)
rb-posix-spawn uses posix_spawnp(2) for faster process spawning

rb30-rexml @3.2.6 (ruby, textproc)
XML processor for the language Ruby

rb30-xml-simple @1.1.9 (ruby)
A simple API for XML processing

rb31-parallel @1.25.1 (ruby, devel)
Parallel processing made simple and fast

rb31-path_expander @1.1.3 (ruby, devel)
PathExpander helps pre-process command-line arguments expanding directories into their constituent files

rb31-posix-spawn @0.3.15 (ruby, devel)
rb-posix-spawn uses posix_spawnp(2) for faster process spawning

rb31-rexml @3.2.6 (ruby, textproc)
XML processor for the language Ruby

rb31-sexp_processor @4.17.1 (ruby, textproc)
S-expression branch of ParseTree

rb31-trollop @2.9.10 (ruby, devel)
Commandline argument processing library for Ruby

rb31-tty-reader @0.9.0 (ruby)
Set of methods for processing keyboard input

rb31-xml-simple @1.1.9 (ruby)
A simple API for XML processing

rb32-parallel @1.25.1 (ruby, devel)
Parallel processing made simple and fast

rb32-path_expander @1.1.3 (ruby, devel)
PathExpander helps pre-process command-line arguments expanding directories into their constituent files

rb32-posix-spawn @0.3.15 (ruby, devel)
rb-posix-spawn uses posix_spawnp(2) for faster process spawning

rb32-rexml @3.2.6 (ruby, textproc)
XML processor for the language Ruby

rb32-sexp_processor @4.17.1 (ruby, textproc)
S-expression branch of ParseTree

rb32-trollop @2.9.10 (ruby, devel)
Commandline argument processing library for Ruby

rb32-tty-reader @0.9.0 (ruby)
Set of methods for processing keyboard input

rb32-xml-simple @1.1.9 (ruby)
A simple API for XML processing

rb33-parallel @1.25.1 (ruby, devel)
Parallel processing made simple and fast

rb33-path_expander @1.1.3 (ruby, devel)
PathExpander helps pre-process command-line arguments expanding directories into their constituent files

rb33-posix-spawn @0.3.15 (ruby, devel)
rb-posix-spawn uses posix_spawnp(2) for faster process spawning

rb33-sexp_processor @4.17.1 (ruby, textproc)
S-expression branch of ParseTree

rb33-trollop @2.9.10 (ruby, devel)
Commandline argument processing library for Ruby

rb33-tty-reader @0.9.0 (ruby)
Set of methods for processing keyboard input

rb33-xml-simple @1.1.9 (ruby)
A simple API for XML processing

reproc @14.2.4_1 (devel)
A cross-platform (C99/C++11) process library

rtptools @1.22 (audio, net)
A set of tools for processing RTP data.

s6 @2.14.0.0 (sysutils)
toolbox for low-level process and service administration

sablotron @1.0.3_3 (textproc)
XSLT, DOM and XPath processor

saxon @9.5.1.1 (textproc, java)
saxon home edition - collection of tools to process XML documents

scantailor @0.2.9_2 (graphics, aqua)
A fork of the original scantailor: an interactive post-processing tool for scanned pages.

Serial-Studio @1.1.7 (sysutils, graphics)
Multi-purpose serial data visualization & processing program

shntool @3.0.10 (audio)
Multi-purpose .wav/.shn processing utility

socketxx @1.12.12_2 (devel)
a family of C++ classes that gives the same interface as the iostream classes for input and output for communication between processes

soundtouch @2.4.0 (audio, multimedia)
Audio processing application and library for changing the Tempo, Pitch and Playback Rates of audio streams or files.

spawn-fcgi @1.6.4 (www)
Program to spawn fast-cgi processes

sptk @3.11 (audio)
The Speech Signal Processing Toolkit

stk @5.0.1 (audio)
open source audio signal processing and algorithmic synthesis classes

subprocess @0.4.0_1 (devel)
Cross-platform subprocess library for C++

svndumptool @0.6.1_3 (devel)
tool for processing Subversion dumpfiles

tDOM @0.9.1 (textproc, devel)
high performance XML data processing with easy and powerful Tcl scripting functionality

tpasm @1.5 (devel)
A cross assembler for a variety of common microprocessors

tradcpp @0.5.3 (devel)
a traditional (K&R-style) C preprocessor

transcode @1.1.7_31 (multimedia)
Video and audio processing tools

ucpp @1.3.5 (devel)
A C preprocessor compliant to ISO-C99.

unifdef @2.12 (devel)
selectively remove C preprocessor conditionals

unpaper @7.0.0_1 (graphics)
Post-processing scanned and photocopied book pages

vapoursynth @72 (multimedia, python)
A video processing framework with simplicity in mind

vbpp @1.2.0 (science)
Verilog preprocessor

verde @1.8.1 (science, python)
Verde is a Python library for processing spatial data

vigra @1.11.1_23 (graphics)
Generic Image Processing Library for C++

vips @8.16.0 (graphics)
VIPS is an image processing library.

vtk-m @2.3.0 (graphics, science, devel)
VTK-m is a toolkit of scientific visualization algorithms for emerging processor architectures

vtk-m-17 @1.7.1_1 (graphics, science, devel)
VTK-m is a toolkit of scientific visualization algorithms for emerging processor architectures

wdsp @20230508-4c273de2 (science, comms)
WDSP is a full-featured signal processing library for Software Defined Radio

wordgrinder @0.8 (editors)
WordGrinder, lightweight character-cell word processor designed for the console

xalanc @1.12_1 (textproc)
XSLT processor in C++ for transforming XML

xinit @1.4.1_1 (x11)
X11 startup script processor

xml-coreutils @0.8.1_1 (textproc, xml)
Command line tools for XML processing

xom @1.2.10 (java, devel, textproc)
A tree-based API for XML processing

xwordgrinder @0.8 (editors)
WordGrinder, lightweight character-cell word processor designed for the console

yq @4.50.1 (textproc, sysutils)
yq is a portable command-line YAML processor

zorba @3.1_16 (textproc, devel)
The XQuery Processor

Found 702 ports.
