4ti2 @1.6.13 (math)
A software package for algebraic, geometric and combinatorial problems on linear spaces.

aircraft_oap @3.1.0_1 (science)
A collection of programs for manipulating Optical Array Probe data.

ALPSCore @2.2.0_13 (science)
A package for the simulation of condensed matter physics problems: Core Libraries

arpack @3.9.1_1 (math)
Package for solving large-scale eigenvalue problems

ceres-solver @2.2.0_1 (math)
Library for modeling and solving large, complicated optimization problems.

cminpack @1.3.11 (math)
Solving nonlinear equations and nonlinear least squares problems

cvc4 @1.4_3 (math, devel)
An automated theorem prover for SMT problems

feast @4.0 (science)
A free high-performance numerical library for solving Hermitian and non-Hermitian eigenvalue problems

fprobe @1.1 (net)
collects network traffic data

geographiclib @2.7 (gis)
Convert between coordinate systems for solving geodesic problems.

getdp @3.3.0_5 (science, math)
a general environment for the treatment of discrete problems

git-sizer @1.5.0 (devel)
Compute various size metrics for a Git repository, flagging those that might cause problems

gosec @2.22.8 (security)
Golang security checker. Inspects source code for security problems by scanning the Go AST.

gstreamer1-gst-plugins-ugly @1.24.9_2 (gnome)
A set of good-quality plug-ins for GStreamer that might pose distribution problems.

gstreamer010-gst-plugins-ugly @0.10.19_16 (gnome)
A set of good-quality plug-ins for GStreamer that might pose distribution problems.

hiop @1.1.0_1 (math, science)
HPC solver for non-linear optimization problems

idnits @2.14.01 (textproc)
Looks for problems in internet draft formatting

lis @2.0.30 (math, science)
a parallel software library for solving linear equations and eigenvalue problems

lrslib @7.3 (math)
self-contained ANSI C implementation of the reverse search algorithm for vertex enumeration/convex hull problems

minpack @20220613 (math, devel)
Minpack includes software for solving nonlinear equations and nonlinear least squares problems.

mrtg-ping-probe @2.2.0_1 (net)
A ping probe adapter for mrtg

ntop @5.0.1_7 (net)
network traffic probe

octave-femoctave @2.1.8_1 (octave, math, science)
Use FEM for solving boundary value problems in two space dimensions.

p5-algorithm-munkres @0.80.0_2 (perl)
This is a Perl extension for Munkres' solution to classical Assignment problem for square and rectangular matrices

p5-log-report @1.440.0 (perl)
Log::Report - report a problem, with exceptions and translation support

p5-math-cdf @0.100.0 (perl)
Math::CDF - Generate probabilities and quantiles from several statistical probability functions

p5-probe-perl @0.30.0 (perl)
Information about the currently running perl

p5-xs-check @0.140.0 (perl)
XS::Check - Check XS for some common problems

p5.28-algorithm-munkres @0.80.0_2 (perl)
This is a Perl extension for Munkres' solution to classical Assignment problem for square and rectangular matrices

p5.28-log-report @1.440.0 (perl)
Log::Report - report a problem, with exceptions and translation support

p5.28-math-cdf @0.100.0 (perl)
Math::CDF - Generate probabilities and quantiles from several statistical probability functions

p5.28-probe-perl @0.30.0 (perl)
Information about the currently running perl

p5.28-xs-check @0.140.0 (perl)
XS::Check - Check XS for some common problems

p5.30-algorithm-munkres @0.80.0_2 (perl)
This is a Perl extension for Munkres' solution to classical Assignment problem for square and rectangular matrices

p5.30-log-report @1.440.0 (perl)
Log::Report - report a problem, with exceptions and translation support

p5.30-math-cdf @0.100.0 (perl)
Math::CDF - Generate probabilities and quantiles from several statistical probability functions

p5.30-probe-perl @0.30.0 (perl)
Information about the currently running perl

p5.30-xs-check @0.140.0 (perl)
XS::Check - Check XS for some common problems

p5.32-algorithm-munkres @0.80.0_2 (perl)
This is a Perl extension for Munkres' solution to classical Assignment problem for square and rectangular matrices

p5.32-log-report @1.440.0 (perl)
Log::Report - report a problem, with exceptions and translation support

p5.32-math-cdf @0.100.0 (perl)
Math::CDF - Generate probabilities and quantiles from several statistical probability functions

p5.32-probe-perl @0.30.0 (perl)
Information about the currently running perl

p5.32-xs-check @0.140.0 (perl)
XS::Check - Check XS for some common problems

p5.34-algorithm-munkres @0.80.0_2 (perl)
This is a Perl extension for Munkres' solution to classical Assignment problem for square and rectangular matrices

p5.34-log-report @1.440.0 (perl)
Log::Report - report a problem, with exceptions and translation support

p5.34-math-cdf @0.100.0 (perl)
Math::CDF - Generate probabilities and quantiles from several statistical probability functions

p5.34-probe-perl @0.30.0 (perl)
Information about the currently running perl

p5.34-xs-check @0.140.0 (perl)
XS::Check - Check XS for some common problems

prima @0.7.2 (fortran, science)
PRIMA is a package for solving general non-linear optimization problems without using derivatives

primme @3.2.3 (math)
PReconditioned Iterative MultiMethod Eigensolver for solving symmetric/Hermitian eigenvalue problems and singular value problems

py-ez_setup @0.9 (python, devel)
To solve a setuptools problem

py-lap @0.5.12_1 (python)
Linear Assignment Problem solver (LAPJV/LAPMOD).

py-logilab-constraint @1.0 (python, devel)
python module for solving constraint satisfaction problems

py-numdifftools @0.9.42 (python, math)
Solve automatic numerical differentiation problems in one or more variables.

py-pacal @1.6.1 (python)
PaCAL - ProbAbilistic CALculator

py-pymc @5.27.1 (python)
Probabilistic Programming in Python: Bayesian Modeling and Probabilistic Machine Learning with Aesara

py-scikits-bvp_solver @1.1_1 (python, science)
Python package for solving two-point boundary-value problems.

py-tensorflow-probability @0.12.1 (python)
Probabilistic modeling and statistical inference in TensorFlow

py27-ez_setup @0.9 (python, devel)
To solve a setuptools problem

py27-scikits-bvp_solver @1.1_1 (python, science)
Python package for solving two-point boundary-value problems.

py39-tensorflow-probability @0.12.1 (python)
Probabilistic modeling and statistical inference in TensorFlow

py310-logilab-constraint @1.0 (python, devel)
python module for solving constraint satisfaction problems

py310-numdifftools @0.9.42 (python, math)
Solve automatic numerical differentiation problems in one or more variables.

py310-pacal @1.6.1 (python)
PaCAL - ProbAbilistic CALculator

py311-logilab-constraint @1.0 (python, devel)
python module for solving constraint satisfaction problems

py311-numdifftools @0.9.42 (python, math)
Solve automatic numerical differentiation problems in one or more variables.

py311-pacal @1.6.1 (python)
PaCAL - ProbAbilistic CALculator

py311-pymc @5.27.1 (python)
Probabilistic Programming in Python: Bayesian Modeling and Probabilistic Machine Learning with Aesara

py312-logilab-constraint @1.0 (python, devel)
python module for solving constraint satisfaction problems

py312-numdifftools @0.9.42 (python, math)
Solve automatic numerical differentiation problems in one or more variables.

py312-pacal @1.6.1 (python)
PaCAL - ProbAbilistic CALculator

py312-pymc @5.27.1 (python)
Probabilistic Programming in Python: Bayesian Modeling and Probabilistic Machine Learning with Aesara

py313-lap @0.5.12_1 (python)
Linear Assignment Problem solver (LAPJV/LAPMOD).

py313-numdifftools @0.9.42 (python, math)
Solve automatic numerical differentiation problems in one or more variables.

py313-pymc @5.27.1 (python)
Probabilistic Programming in Python: Bayesian Modeling and Probabilistic Machine Learning with Aesara

py314-numdifftools @0.9.42 (python, math)
Solve automatic numerical differentiation problems in one or more variables.

py314-pymc @5.27.1 (python)
Probabilistic Programming in Python: Bayesian Modeling and Probabilistic Machine Learning with Aesara

R-AdequacyModel @2.0.0_2 (R, science, math)
Adequacy of probabilistic models and general purpose optimization

R-aggutils @1.0.2_1 (R, science, math)
Utilities for aggregating probabilistic forecasts

R-AIPW @0.6.9_1 (R, science, math)
Augmented Inverse Probability Weighting

R-alphaOutlier @1.2.0_1 (R, science, math)
Obtain Alpha-outlier regions for well-known probability distributions

R-amelie @0.2.1_1 (R, science, math)
Anomaly detection with normal probability functions

R-anMC @0.2.5_1 (R, science, math)
Compute high-dimensional orthant probabilities

R-asymmetry.measures @0.2_1 (R, science, math)
Asymmetry measures for probability density functions

R-AUC @0.3.2_1 (R, science, math)
Threshold-independent performance measures for probabilistic classifiers

R-BayesKnockdown @1.30.0 (R, science, bioconductor)
Posterior probabilities for edges from knockdown data

R-bayesRecon @0.3.2 (R, science, math)
Provides methods for probabilistic reconciliation of hierarchical forecasts of time series

R-bcp @4.0.3_1 (R, science)
Bayesian analysis of change point problems

R-betacal @0.1.0_1 (R, science, math)
Fit beta calibration models and obtain calibrated probabilities from them

R-betafunctions @1.9.0_1 (R, science, math)
Functions for working with two- and four-parameter Beta probability distributions and psychometric analysis of classifications

R-braggR @0.1.1_2 (R, science, math)
Calculate the revealed aggregator of probability predictions

R-bvpSolve @1.4.4.1_1 (R, science, math)
Solvers for boundary value problems of differential equations

R-BWStest @0.2.3_1 (R, science, math)
Baumgartner–Weiss–Schindler two-sample test of equal probability distributions

R-calibmsm @1.1.1 (R, science, math)
Calibration plots for the transition probabilities from multistate models

R-cccp @0.3-1_1 (R, science, math)
Cone-Constrained Convex Problems

R-clpm @1.0_1 (R, science, math)
Constrained estimation of linear probability model

R-coalitions @0.6.24_1 (R, science, economics)
Bayesian now-cast estimation of event probabilities in multi-party democracies

R-common @1.1.3_1 (R, science)
Solutions for common problems in the base R

R-contingency @0.0.10_2 (R, science, math)
Methods for discrete multivariate probability distributions

R-convdistr @1.6.2 (R, science, math)
Convolute probabilistic distributions

R-coopProductGame @2.0_2 (R, science, math)
Computes cooperative games and allocation rules associated with linear production programming problems

R-correlbinom @0.0.1_1 (R, science, math)
Correlated Binomial probabilities

R-CPP @0.1.0 (R, science, economics)
Composition of Probabilistic Preferences (CPP)

R-cprobit @1.0.2_1 (R, science, math)
Conditional probit model for analysing continuous outcomes

R-cramer @0.9-4_1 (R, science, math)
Multivariate non-parametric Cramer test for the two-sample problem

R-CVXR @1.0-15 (R, science, math)
R modelling language for convex optimization problems

R-DDPM @0.1.0_1 (R, science, math)
Data Sets for Discrete Probability Models

R-DeBoinR @1.0_1 (R, science, math)
Box-plots and outlier detection for probability density functions

R-deSolve @1.40_1 (R, science, math)
Solvers for initial value problems of differential equations

R-distributional @0.5.0 (R, science, math)
Vectorised Probability Distributions

R-distributions3 @0.2.2 (R, science, math)
Probability distributions as S3 Objects

R-distrMod @2.9.6 (R, science, math)
Implements S4 classes for probability models based on packages R-distr and R-distrEx

R-dlbayes @0.1.0_1 (R, science, math)
Use Dirichlet Laplace prior to solve linear regression problem and do variable selection

R-dnn @0.0.6_1 (R, science, math)
Deep neural network tools for probability and statistic models

R-DPQ @0.5-9 (R, science, math)
DPQ: Density, Probability, Quantile computations

R-DPQmpfr @0.3-3 (R, science, math)
DPQ (density, probability, quantile) distribution computations using MPFR

R-e1071 @1.7-16 (R, science, math)
Misc Functions of the Department of Statistics, Probability Theory Group (Formerly: E1071), TU Wien

R-ebnm @1.1-2_1 (R, science, math)
Solve the Empirical Bayes Normal Means problem

R-eikosograms @0.1.1_1 (R, science, math)
Picture of probability

R-elfDistr @1.0.0_2 (R, science, math)
Kumaraswamy complementary Weibull geometric (Kw-CWG) probability distribution

R-epmrob @0.1_1 (R, science, math)
Robust estimation of probit models with endogeneity

R-ExtDist @0.7-2_1 (R, science, math)
Extending the range of functions for probability distributions

R-extremefit @1.0.2_1 (R, science, math)
Estimation of extreme conditional quantiles and probabilities

R-FAdist @2.4_1 (R, science, math)
Probability distributions that are sometimes useful in hydrology

R-FAmle @1.3.7_1 (R, science, math)
Maximum likelihood and Bayesian estimation of univariate probability distributions

R-FFP @0.2.2_3 (R, science, math, finance)
Fully Flexible Probabilities for stress testing and portfolio construction

R-gaussDiff @1.1_1 (R, science, math)
Difference measures for multivariate Gaussian probability density functions

R-gbp @0.1.0.4_1 (R, science, math)
Bin Packing Problem solver

R-gendist @2.0_1 (R, science, math)
Generated probability distribution models

R-genlasso @1.6.1_1 (R, science, math)
Path algorithm for generalized lasso problems

R-ggamma @1.0.1_1 (R, science, math)
Generalized Gamma probability distribution

R-hopit @0.11.6_1 (R, science, math)
Hierarchical ordered probit models with application to reporting heterogeneity

R-HWEintrinsic @1.2.3_1 (R, science, math)
Objective Bayesian testing for the Hardy–Weinberg equilibrium problem

R-implied @0.5_1 (R, science, math)
Convert between bookmaker odds and probabilities

R-imptree @0.5.1_1 (R, science, math)
Classification trees with imprecise probabilities

R-interactions @1.2.0 (R, science, math)
Comprehensive, user-friendly toolkit for probing interactions

R-ipwCoxCSV @1.0_1 (R, science, math)
Inverse Probability Weighted Cox Model with Corrected Sandwich Variance

R-iterLap @1.1-4_1 (R, science, math)
Approximate probability densities via iterated Laplace approximations

R-ivprobit @1.1_2 (R, science, math)
Instrumental variables probit model

R-jipApprox @0.1.5_1 (R, science)
Approximate inclusion probabilities for survey sampling

R-jointPm @2.3.2_2 (R, science, math)
Risk estimation using the joint probability method

R-kantorovich @3.2.0_1 (R, science, math)
Kantorovich distance between probability measures

R-LambertW @0.6.9-1_1 (R, science, math)
Probabilistic models to analyze and gaussianize heavy-tailed, skewed data

R-logcondens @2.1.8_1 (R, science, math)
Estimate a log-concave probability density from IID observations

R-logcondiscr @1.0.6_1 (R, science, math)
Estimate a log-concave probability mass function from discrete i.i.d. observations

R-maxlike @0.1-11_1 (R, science)
Model species distributions by estimating the probability of occurrence using presence-only data

R-mcga @3.0.7_1 (R, science, math)
Machine coded genetic algorithms for real-valued optimization problems

R-mlbench @2.1-5 (R, science)
Machine Learning Benchmark Problems

R-MNP @3.1-5 (R, science, math)
Fitting the Multinomial Probit Model

R-modelbpp @0.1.5 (R, science, math)
Model BIC Posterior Probability

R-modopt.matlab @1.0-2_1 (R, science, math)
MatLab-style modelling of optimization problems with R

R-multigraphr @0.2.0_1 (R, science, math)
Probability models and statistical analysis of random multigraphs

R-multipleDL @1.0.0_2 (R, science, math)
Addressing detection limits by cumulative probability models (CPMs)

R-mvgb @0.0.6 (R, science, math)
Generate multivariate sub-gaussian stable probabilities using the QRSVN algorithm

R-mvProbit @0.1-10_2 (R, science, math)
Multivariate probit models

R-NonProbEst @0.2.4_1 (R, science)
Estimation in non-probability sampling

R-ollggamma @1.0.2_1 (R, science, math)
Odd log-logistic generalized Gamma probability distribution

R-PASWR @1.3_1 (R, science)
Probability and Statistics with R

R-pbv @0.5-47_1 (R, science, math)
Probabilities for Bivariate Normal distribution

R-PDShiny @0.1.0_1 (R, science, math)
Probability Distribution Shiny

R-philentropy @0.9.0 (R, science, math)
Similarity and distance quantification between probability functions

R-pim @2.0.2_1 (R, science, math)
Probabilistic Index Models

R-pks @0.6-1 (R, science, math)
Probabilistic Knowledge Structures

R-PLordprob @1.1_1 (R, science, math)
Multivariate ordered probit model via pairwise likelihood

R-pmr @1.2.5.1_1 (R, science, math)
Probability models for ranking data

R-PResiduals @1.0-1 (R, science, math)
Probability-scale residuals and residual correlations

R-presmTP @1.1.0_1 (R, science)
Function for estimating the transition probabilities in an illness-death model

R-PRIMME @3.2-6_1 (R, science, math)
PReconditioned Iterative MultiMethod Eigensolver for solving symmetric/Hermitian eigenvalue problems and singular value problems

R-probably @1.0.3_1 (R, science, math)
Tools for post-processing class probability estimates

R-ProbBayes @1.1_1 (R, science)
Functions and datasets to accompany Probability and Bayesian Modeling (2019)

R-probout @1.1.2_1 (R, science, math)
Unsupervised multivariate outlier probabilities

R-PRTree @0.1.2 (R, science, math)
Probabilistic Regression Trees

R-psica @1.0.2_1 (R, science, math)
Decision tree analysis for probabilistic subgroup identification with multiple treatments

R-ptf @0.0.1_2 (R, science, math)
Probit Tensor Factorization

R-qap @0.1-2_2 (R, science, math)
Heuristics for the Quadratic Assignment Problem (QAP)

R-quadprog @1.5-8_2 (R, science, math)
Functions to solve quadratic programming problems

R-rARPACK @0.11-0_2 (R, science, math)
Solvers for large-scale eigenvalue and SVD problems

R-RcppDist @0.1.1_2 (R, science, math)
Rcpp integration of additional probability distributions

R-RcppGreedySetCover @0.1.0_2 (R, science, math)
Fast implementation of the greedy algorithm for the set cover problem using Rcpp

R-RcppHungarian @0.3_1 (R, science, math)
Solve minimum cost bipartite matching problems

R-reliaR @0.01_1 (R, science, math)
Collection of utilities for some reliability models/probability distributions

R-ResourceSelection @0.3-6_1 (R, science, math)
Resource selection (probability) functions for use-availability data

R-RMKdiscrete @0.2_1 (R, science, math)
Sundry discrete probability distributions and helper functions

R-ROI.models.globalOptTests @1.1-1 (R, science, math)
ROI optimization problems based on R-globalOptTests

R-ROI.plugin.msbinlp @1.0-1_1 (R, science, math)
Multi-Solution Binary Linear Problem plug-in for the R Optimization Interface

R-rpf @1.0.14_1 (R, science, math)
Response Probability Functions

R-RprobitB @1.1.4_1 (R, science, economics)
Bayesian Probit choice modelling

R-RSpectra @0.16-2 (R, science)
Solvers for large-scale eigenvalue and SVD problems

R-smotefamily @1.4.0_1 (R, science, math)
Collection of oversampling techniques for class imbalance problem based on SMOTE

R-spatialprobit @1.0.4_1 (R, science, economics)
Bayesian estimation of spatial Probit and Tobit models

R-spatstat.univar @3.1-1 (R, science, math)
One-dimensional probability distribution support

R-stable @1.1.6_2 (R, science, math)
Probability functions and generalized regression models for stable distributions

R-tlrmvnmvt @1.1.2_1 (R, science, math)
Low-rank methods for MVN and MVT probabilities

R-TSP @1.2-4_2 (R, science)
Traveling Salesperson Problem

R-vistributions @0.2.0 (R, science, graphics, math)
Visualize and compute percentiles/probabilities of several distributions

R-visualize @4.5.0_1 (R, science, math)
Graph probability distributions with user-supplied parameters and statistics

R-WeibullFit @0.1.0_1 (R, science, math)
Fit and plot a dataset to the Weibull probability distribution function

slepc @3.22.1 (math, science)
Scalable Library for Eigenvalue Problem Computations

spamprobe @1.2a_2 (mail)
Spam detector that uses Bayesian analysis

stanford-parser @4.2.0 (textproc, java)
a Java implementation of probabilistic natural language parsers

tablix @0.3.5 (math)
Kernel for solving general timetabling problems

twopnt @0.1.0 (fortran, math)
Modern Fortran translation of the TWOPNT program for Boundary Value Problems

xprobe2 @0.3 (net, security)
Remote, active OS fingerprinting tool

yorick-optimpack @1.3.2 (science, yorick)
Optimization of large scale problems for the Yorick language

Found 204 ports.
