dwarf @0.4.0 (sysutils)
a little and powerful object file manipulation tool

lbdb @0.56 (mail)
The little brother's database for the mutt mail reader.

lcms @1.19_7 (graphics)
Little Color Management System, a color matching method library

lcms2 @2.18 (graphics)
Little Color Management System, a color matching method library (version 2)

littleutils @1.2.8 (sysutils)
littleutils includes various small and useful command-line utilities

p5-config-tiny @2.300.0 (perl)
Read/Write .ini style files with as little code as possible

p5-css-tiny @1.200.0 (perl)
CSS::Tiny - Read/Write .css files with as little code as possible

p5-object-tiny @1.90.0 (perl)
A data object with as little code as possible

p5-template-tiny @1.160.0 (perl)
Template::Tiny - Template Toolkit reimplemented in as little code as possible

p5-yaml-tiny @1.760.0 (perl)
YAML::Tiny - Read/Write YAML files with as little code as possible

p5.28-config-tiny @2.300.0 (perl)
Read/Write .ini style files with as little code as possible

p5.28-css-tiny @1.200.0 (perl)
CSS::Tiny - Read/Write .css files with as little code as possible

p5.28-object-tiny @1.90.0 (perl)
A data object with as little code as possible

p5.28-template-tiny @1.160.0 (perl)
Template::Tiny - Template Toolkit reimplemented in as little code as possible

p5.28-yaml-tiny @1.760.0 (perl)
YAML::Tiny - Read/Write YAML files with as little code as possible

p5.30-config-tiny @2.300.0 (perl)
Read/Write .ini style files with as little code as possible

p5.30-css-tiny @1.200.0 (perl)
CSS::Tiny - Read/Write .css files with as little code as possible

p5.30-object-tiny @1.90.0 (perl)
A data object with as little code as possible

p5.30-template-tiny @1.160.0 (perl)
Template::Tiny - Template Toolkit reimplemented in as little code as possible

p5.30-yaml-tiny @1.760.0 (perl)
YAML::Tiny - Read/Write YAML files with as little code as possible

p5.32-config-tiny @2.300.0 (perl)
Read/Write .ini style files with as little code as possible

p5.32-css-tiny @1.200.0 (perl)
CSS::Tiny - Read/Write .css files with as little code as possible

p5.32-object-tiny @1.90.0 (perl)
A data object with as little code as possible

p5.32-template-tiny @1.160.0 (perl)
Template::Tiny - Template Toolkit reimplemented in as little code as possible

p5.32-yaml-tiny @1.760.0 (perl)
YAML::Tiny - Read/Write YAML files with as little code as possible

p5.34-config-tiny @2.300.0 (perl)
Read/Write .ini style files with as little code as possible

p5.34-css-tiny @1.200.0 (perl)
CSS::Tiny - Read/Write .css files with as little code as possible

p5.34-object-tiny @1.90.0 (perl)
A data object with as little code as possible

p5.34-template-tiny @1.160.0 (perl)
Template::Tiny - Template Toolkit reimplemented in as little code as possible

p5.34-yaml-tiny @1.760.0 (perl)
YAML::Tiny - Read/Write YAML files with as little code as possible

py-mando @0.7.1 (python)
Create Python CLI apps with little to no effort at all!

py-spark @0.6.1_1 (python)
spark is the little language compiler framework for python

py-sphinx-copybutton @0.3.1 (python)
A Sphinx plugin to add a little “copy” button to your code.

py-starlette @0.41.2 (python, devel)
The little ASGI library that shines.

py-wordcloud @1.9.3 (python)
A little word cloud generator

py27-spark @0.6.1_1 (python)
spark is the little language compiler framework for python

py310-mando @0.7.1 (python)
Create Python CLI apps with little to no effort at all!

py310-sphinx-copybutton @0.3.1 (python)
A Sphinx plugin to add a little “copy” button to your code.

py310-starlette @0.41.2 (python, devel)
The little ASGI library that shines.

py310-wordcloud @1.9.3 (python)
A little word cloud generator

py311-mando @0.7.1 (python)
Create Python CLI apps with little to no effort at all!

py311-sphinx-copybutton @0.3.1 (python)
A Sphinx plugin to add a little “copy” button to your code.

py311-starlette @0.41.2 (python, devel)
The little ASGI library that shines.

py311-wordcloud @1.9.3 (python)
A little word cloud generator

py312-mando @0.7.1 (python)
Create Python CLI apps with little to no effort at all!

py312-sphinx-copybutton @0.3.1 (python)
A Sphinx plugin to add a little “copy” button to your code.

py312-starlette @0.41.2 (python, devel)
The little ASGI library that shines.

py312-wordcloud @1.9.3 (python)
A little word cloud generator

py313-sphinx-copybutton @0.3.1 (python)
A Sphinx plugin to add a little “copy” button to your code.

py313-starlette @0.41.2 (python, devel)
The little ASGI library that shines.

py314-starlette @0.41.2 (python, devel)
The little ASGI library that shines.

R-lubridate @1.9.4 (R, science)
Make dealing with dates a little easier

rb-little-plugger @1.1.4 (ruby)
LittlePlugger is a module that provides Gem-based plugin management

rb31-little-plugger @1.1.4 (ruby)
LittlePlugger is a module that provides Gem-based plugin management

rb32-little-plugger @1.1.4 (ruby)
LittlePlugger is a module that provides Gem-based plugin management

rb33-little-plugger @1.1.4 (ruby)
LittlePlugger is a module that provides Gem-based plugin management

SourceKitten @0.37.2 (devel)
An adorable little framework and command line tool for interacting with SourceKit.

tetex-frogg @0.4-3 (tex, print)
Little collection of French LaTeX/BiBTeX styles

Found 58 ports.
