chipmunk @7.0.3 (devel)
Fast and lightweight 2D rigid body physics library in C

cl-chipz @20220213.git82a17d3 (lisp, archive, devel)
decompress DEFLATE and BZIP2 data in Common Lisp

dfu-programmer @0.7.2 (cross, devel)
dfu-programmer is a Device Firmware Update based USB programmer for Atmel chips with a USB bootloader.

esptool @5.1.0 (cross, devel)
A serial utility to communicate & flash code to Espressif ESP8266 & ESP32 chips.

gpsim @0.29.0 (devel)
A software simulator for Microchip PIC microcontrollers

libad9361-iio @20220908-43643ab0 (science, comms)
libad9361-iio is an IIO AD9361 library for filter design and handling, multi-chip sync, and more

libftdi @0.20 (devel)
A library to talk to FTDI chips

libftdi0 @0.20_1 (devel)
A library to talk to FTDI chips

libftdi1 @1.5_2 (devel)
A library to talk to FTDI chips

openocd @0.12.0 (cross, devel)
Open On-Chip Debugger

p5-chipcard-pcsc @1.4.16 (perl)
Chipcard::PCSC - Communicate with a smart card using PC/SC from a Perl script

p5-pcsc @1.4.14_1 (perl)
Obsolete port, replaced by p5-chipcard-pcsc

p5.28-chipcard-pcsc @1.4.16 (perl)
Chipcard::PCSC - Communicate with a smart card using PC/SC from a Perl script

p5.28-pcsc @1.4.14_1 (perl)
Obsolete port, replaced by p5.28-chipcard-pcsc

p5.30-chipcard-pcsc @1.4.16 (perl)
Chipcard::PCSC - Communicate with a smart card using PC/SC from a Perl script

p5.30-pcsc @1.4.14_1 (perl)
Obsolete port, replaced by p5.30-chipcard-pcsc

p5.32-chipcard-pcsc @1.4.16 (perl)
Chipcard::PCSC - Communicate with a smart card using PC/SC from a Perl script

p5.32-pcsc @1.4.14_1 (perl)
Obsolete port, replaced by p5.32-chipcard-pcsc

p5.34-chipcard-pcsc @1.4.16 (perl)
Chipcard::PCSC - Communicate with a smart card using PC/SC from a Perl script

p5.34-pcsc @1.4.14_1 (perl)
Obsolete port, replaced by p5.34-chipcard-pcsc

piklab @0.16.2 (devel)
IDE for applications based on Microchip PIC microcontrollers

py-pymunk @6.6.0 (python, devel)
Python wrapper around the 2d physics library Chipmunk

py310-pymunk @6.6.0 (python, devel)
Python wrapper around the 2d physics library Chipmunk

py311-pymunk @6.6.0 (python, devel)
Python wrapper around the 2d physics library Chipmunk

py312-pymunk @6.6.0 (python, devel)
Python wrapper around the 2d physics library Chipmunk

R-csaw @1.38.0 (R, science, bioconductor)
ChIP-Seq Analysis with Windows

R-palmerpenguins @0.1.1_2
Palmer Archipelago (Antarctica) penguin data

R-PeakSegDP @2024.1.24_1 (R, science)
Dynamic programming algorithm for peak detection in ChIP-Seq data

R-PeakSegJoint @2024.10.1 (R, science)
Joint peak detection in several ChIP-Seq samples

rtl-sdr @2.0.2 (science, comms)
rtl-sdr allows using devices with a RTL2832U chipset as software defined radio (SDR)

wb32-dfu-updater @1.0.0 (cross, devel)
USB programmer for downloading and uploading firmware to/from USB devices with the WestberryTech WB32 chips.

Found 31 ports.
