brook @20260101.0 (net)
A cross-platform proxy/vpn software

expresso @1.3.0 (sysutils, net)
expresso is a command line interface to control the ExpressVPN app

ike-scan @1.9.5 (security, net)
ike-scan can discover and identify IPsec VPN systems running IKE.

macos-vpn-server @10.14.5_1 (net)
macOS VPN (L2TP-IPSec-PSK) Server.

n2n @3.1.1 (net)
a layer 2 p2p vpn

onioncat @0.4.7 (net)
VPN-adapter that provides VPN-tunnels using Tor or I2P

openconnect @9.12 (net)
OpenConnect is a client for Cisco's AnyConnect SSL VPN

openconnect-gui @1.5.3 (net)
GUI client for openconnect VPN

openfortivpn @1.22.0 (net)
Client for PPP+SSL VPN tunnel services.

openvpn2 @2.6.17 (net, security)
easy-to-use, robust, and highly configurable VPN

openvpn3 @3.11.5 (net, security)
easy-to-use, robust, and highly configurable VPN

softether5 @5.2.5188 (net, security)
Cross-platform multi-protocol VPN software

sshuttle @1.3.2 (net, python)
Transparent proxy server that works as a poor man's VPN.

tinc @1.0.36_2 (net, security)
Virtual Private Network (VPN) Daemon

tinc-devel @1.1pre18 (net, security)
Virtual Private Network (VPN) Daemon

vpn-slice @0.16.1 (net)
vpnc-script replacement for split-tunnel setup

vpnc @0.5.3_3 (net)
client for cisco vpn concentrator

vpnc-scripts @20190606 (net)
connect scripts for use with vpnc and openconnect

wireguard-go @0.0.20250522 (net)
Userspace Go implementation of WireGuard VPN

wireguard-tools @1.0.20250521 (net)
Tools for the WireGuard VPN

Found 20 ports.
