airctl @0.7.3 (net)
tool to trigger connection, get status of Airport Base Stations

conf2struct @1.5_1 (devel)
Create C parsers for libconfig and command-line, which get read directly to a `struct`

crlibm @1.0beta5 (devel)
An efficient and proven correctly-rounded mathematical library

ctlang @1.5.3 (graphics, lang)
Programming language for digital color management

danectl @0.8.4 (security)
DNSSEC DANE implementation manager

ddcctl @1 (sysutils)
DDC monitor controls (brightness) for Mac OSX command line

doctl @1.149.0 (www, devel)
A command line interface for the DigitalOcean API

driftctl @0.40.0 (sysutils)
Detect, track and alert on infrastructure drift

dvi2bitmap @1.0 (graphics)
Utility to convert TeX DVI files directly to bitmaps

eksctl @0.221.0 (sysutils)
Simple CLI tool for creating clusterrs on AWS EKS

flyctl @0.4.4 (devel)
Command line tools for fly.io services

gmailctl @0.11.0 (mail)
Declarative configuration for Gmail filters

gomodctl @0.5.0 (devel)
Search, Check, and Update Go modules.

gsmartcontrol @1.1.4_1 (sysutils, gnome)
GSmartControl is a graphical user interface for smartctl

istioctl @1.28.2 (sysutils)
Istio command line configuration utility

k0sctl @0.28.0 (sysutils)
A bootstrapping and management tool for k0s clusters.

kluctl @2.27.0 (sysutils)
Kluctl combines Helm, Kustomize and more to handle large deployments in a manageable and unified way.

krew @0.4.5 (sysutils)
Find and install kubectl plugins

ksctl @2.8.0 (sysutils)
Simplified Kubernetes Clusters Lifecycle Management (Core)

kubecolor @0.5.0 (devel)
Kubecolor is a tool that colorizes the output of kubectl commands to improve readability.

kubectl @1.35.0 (sysutils)
Obsolete port, replaced by kubectl-1.35

kubectl-1.10 @1.10.13 (sysutils)
Kubernetes cluster CLI

kubectl-1.11 @1.11.10 (sysutils)
Kubernetes cluster CLI

kubectl-1.12 @1.12.10 (sysutils)
Kubernetes cluster CLI

kubectl-1.13 @1.13.12 (sysutils)
Kubernetes cluster CLI

kubectl-1.14 @1.14.10 (sysutils)
Kubernetes cluster CLI

kubectl-1.15 @1.15.12 (sysutils)
Kubernetes cluster CLI

kubectl-1.16 @1.16.15 (sysutils)
Kubernetes cluster CLI

kubectl-1.17 @1.17.17 (sysutils)
Kubernetes cluster CLI

kubectl-1.18 @1.18.20 (sysutils)
Kubernetes cluster CLI

kubectl-1.19 @1.19.16 (sysutils)
Kubernetes cluster CLI

kubectl-1.20 @1.20.15 (sysutils)
Kubernetes cluster CLI

kubectl-1.21 @1.21.14 (sysutils)
Kubernetes cluster CLI

kubectl-1.22 @1.22.17 (sysutils)
Kubernetes cluster CLI

kubectl-1.23 @1.23.17 (sysutils)
Kubernetes cluster CLI

kubectl-1.24 @1.24.17 (sysutils)
Kubernetes cluster CLI

kubectl-1.25 @1.25.16 (sysutils)
Kubernetes cluster CLI

kubectl-1.26 @1.26.15 (sysutils)
Kubernetes cluster CLI

kubectl-1.27 @1.27.16 (sysutils)
Kubernetes cluster CLI

kubectl-1.28 @1.28.15 (sysutils)
Kubernetes cluster CLI

kubectl-1.29 @1.29.15 (sysutils)
Kubernetes cluster CLI

kubectl-1.30 @1.30.14 (sysutils)
Kubernetes cluster CLI

kubectl-1.31 @1.31.14 (sysutils)
Kubernetes cluster CLI

kubectl-1.32 @1.32.11 (sysutils)
Kubernetes cluster CLI

kubectl-1.33 @1.33.7 (sysutils)
Kubernetes cluster CLI

kubectl-1.34 @1.34.3 (sysutils)
Kubernetes cluster CLI

kubectl-1.35 @1.35.0 (sysutils)
Kubernetes cluster CLI

kubectl_select @0.0.0_1 (sysutils)
Common files for selecting the default kubectl version

kubectx @0.9.5_1 (sysutils)
Power tools for kubectl

kubergrunt @0.18.4 (sysutils)
Kubergrunt is a standalone go binary with a collection of commands to fill in the gaps between Terraform, Helm, and Kubectl.

libctl @3.2.2_3 (science)
Scheme/Guile-based scripting of scientific code.

lldpd @1.0.19 (net)
LLDP allows you to know exactly on which port is a machine (and reciprocally).

mac-brightnessctl @0.2.1 (sysutils)
mac-brightnessctl is a command line tool for controlling the keyboard backlight brightness on macOS.

mariadb-lib_mysqludf_xql @1.0.0 (databases, lang)
The lib_mysqludf_xql library provides an array of functions, which can be used to create XML output directly from MySQL using a single SQL query.

monafont @2.90_2 (x11, fonts)
Japanese proportional font to show Japanese text arts correctly

mpdecimal @4.0.1 (math)
mpdecimal is a package for correctly-rounded arbitrary precision decimal floating point arithmetic.

mysql5-lib_mysqludf_xql @1.0.0 (databases, lang)
The lib_mysqludf_xql library provides an array of functions, which can be used to create XML output directly from MySQL using a single SQL query.

mysql51-lib_mysqludf_xql @1.0.0 (databases, lang)
The lib_mysqludf_xql library provides an array of functions, which can be used to create XML output directly from MySQL using a single SQL query.

mysql55-lib_mysqludf_xql @1.0.0 (databases, lang)
The lib_mysqludf_xql library provides an array of functions, which can be used to create XML output directly from MySQL using a single SQL query.

ocaml-cstruct @6.2.0 (ocaml, devel, lang)
Access C-like structures directly from OCaml

p5-crypt-dh-gmp @0.0.120 (perl)
Crypt::DH::GMP - Crypt::DH Using GMP Directly

p5-json-xs @4.40.0 (perl)
JSON serialising/deserialising, done correctly and fast

p5-lingua-nameutils @1.3.0 (perl)
Lingua::NameUtils - Identify given/family names and capitalize correctly

p5-net-syslog @0.40.0_2 (perl)
Net::Syslog - Perl extension for sending syslog messages directly to a remote syslogd.

p5-test-compile @3.3.3 (perl)
Check whether Perl files compile correctly

p5-version-next @1.0.0 (perl)
Version::Next - increment module version numbers simply and correctly

p5.28-crypt-dh-gmp @0.0.120 (perl)
Crypt::DH::GMP - Crypt::DH Using GMP Directly

p5.28-json-xs @4.40.0 (perl)
JSON serialising/deserialising, done correctly and fast

p5.28-lingua-nameutils @1.3.0 (perl)
Lingua::NameUtils - Identify given/family names and capitalize correctly

p5.28-net-syslog @0.40.0_2 (perl)
Net::Syslog - Perl extension for sending syslog messages directly to a remote syslogd.

p5.28-test-compile @3.3.3 (perl)
Check whether Perl files compile correctly

p5.28-version-next @1.0.0 (perl)
Version::Next - increment module version numbers simply and correctly

p5.30-crypt-dh-gmp @0.0.120 (perl)
Crypt::DH::GMP - Crypt::DH Using GMP Directly

p5.30-json-xs @4.40.0 (perl)
JSON serialising/deserialising, done correctly and fast

p5.30-lingua-nameutils @1.3.0 (perl)
Lingua::NameUtils - Identify given/family names and capitalize correctly

p5.30-net-syslog @0.40.0_2 (perl)
Net::Syslog - Perl extension for sending syslog messages directly to a remote syslogd.

p5.30-test-compile @3.3.3 (perl)
Check whether Perl files compile correctly

p5.30-version-next @1.0.0 (perl)
Version::Next - increment module version numbers simply and correctly

p5.32-crypt-dh-gmp @0.0.120 (perl)
Crypt::DH::GMP - Crypt::DH Using GMP Directly

p5.32-json-xs @4.40.0 (perl)
JSON serialising/deserialising, done correctly and fast

p5.32-lingua-nameutils @1.3.0 (perl)
Lingua::NameUtils - Identify given/family names and capitalize correctly

p5.32-net-syslog @0.40.0_2 (perl)
Net::Syslog - Perl extension for sending syslog messages directly to a remote syslogd.

p5.32-test-compile @3.3.3 (perl)
Check whether Perl files compile correctly

p5.32-version-next @1.0.0 (perl)
Version::Next - increment module version numbers simply and correctly

p5.34-crypt-dh-gmp @0.0.120 (perl)
Crypt::DH::GMP - Crypt::DH Using GMP Directly

p5.34-json-xs @4.40.0 (perl)
JSON serialising/deserialising, done correctly and fast

p5.34-lingua-nameutils @1.3.0 (perl)
Lingua::NameUtils - Identify given/family names and capitalize correctly

p5.34-net-syslog @0.40.0_2 (perl)
Net::Syslog - Perl extension for sending syslog messages directly to a remote syslogd.

p5.34-test-compile @3.3.3 (perl)
Check whether Perl files compile correctly

p5.34-version-next @1.0.0 (perl)
Version::Next - increment module version numbers simply and correctly

ProjectLibre @1.8.0-git (office, java)
ProjectLibre is a project management software.

py-bigfloat @0.4.0 (python, math)
Arbitrary-precision correctly-rounded floating-point arithmetic, via MPFR.

py-inflect @7.0.0 (python)
Correctly generate plurals, singular nouns, ordinals, indefinite articles; convert numbers to words

py-ldap3 @2.9.1 (python, net, www)
A strictly RFC 4510 conforming LDAP V3 pure Python client library

py-nameutils @1.0.0 (python)
Identify given/family names and capitalize correctly

py-structlog @25.5.0 (python)
Structured Logging for Python

py-threadpoolctl @3.6.0 (python, science)
Helpers to limit the number of threads used in the common native libraries.

py-tldextract @5.3.1 (python, net)
tldextract accurately separates the gTLD or ccTLD (generic or country code top-level domain) from the registered domain and subdomains of a URL.

py39-threadpoolctl @3.6.0 (python, science)
Helpers to limit the number of threads used in the common native libraries.

py310-bigfloat @0.4.0 (python, math)
Arbitrary-precision correctly-rounded floating-point arithmetic, via MPFR.

py310-inflect @7.0.0 (python)
Correctly generate plurals, singular nouns, ordinals, indefinite articles; convert numbers to words

py310-ldap3 @2.9.1 (python, net, www)
A strictly RFC 4510 conforming LDAP V3 pure Python client library

py310-nameutils @1.0.0 (python)
Identify given/family names and capitalize correctly

py310-structlog @25.5.0 (python)
Structured Logging for Python

py310-threadpoolctl @3.6.0 (python, science)
Helpers to limit the number of threads used in the common native libraries.

py310-tldextract @5.3.1 (python, net)
tldextract accurately separates the gTLD or ccTLD (generic or country code top-level domain) from the registered domain and subdomains of a URL.

py311-bigfloat @0.4.0 (python, math)
Arbitrary-precision correctly-rounded floating-point arithmetic, via MPFR.

py311-inflect @7.0.0 (python)
Correctly generate plurals, singular nouns, ordinals, indefinite articles; convert numbers to words

py311-ldap3 @2.9.1 (python, net, www)
A strictly RFC 4510 conforming LDAP V3 pure Python client library

py311-nameutils @1.0.0 (python)
Identify given/family names and capitalize correctly

py311-structlog @25.5.0 (python)
Structured Logging for Python

py311-threadpoolctl @3.6.0 (python, science)
Helpers to limit the number of threads used in the common native libraries.

py311-tldextract @5.3.1 (python, net)
tldextract accurately separates the gTLD or ccTLD (generic or country code top-level domain) from the registered domain and subdomains of a URL.

py312-bigfloat @0.4.0 (python, math)
Arbitrary-precision correctly-rounded floating-point arithmetic, via MPFR.

py312-inflect @7.0.0 (python)
Correctly generate plurals, singular nouns, ordinals, indefinite articles; convert numbers to words

py312-ldap3 @2.9.1 (python, net, www)
A strictly RFC 4510 conforming LDAP V3 pure Python client library

py312-structlog @25.5.0 (python)
Structured Logging for Python

py312-threadpoolctl @3.6.0 (python, science)
Helpers to limit the number of threads used in the common native libraries.

py312-tldextract @5.3.1 (python, net)
tldextract accurately separates the gTLD or ccTLD (generic or country code top-level domain) from the registered domain and subdomains of a URL.

py313-bigfloat @0.4.0 (python, math)
Arbitrary-precision correctly-rounded floating-point arithmetic, via MPFR.

py313-ldap3 @2.9.1 (python, net, www)
A strictly RFC 4510 conforming LDAP V3 pure Python client library

py313-structlog @25.5.0 (python)
Structured Logging for Python

py313-threadpoolctl @3.6.0 (python, science)
Helpers to limit the number of threads used in the common native libraries.

py313-tldextract @5.3.1 (python, net)
tldextract accurately separates the gTLD or ccTLD (generic or country code top-level domain) from the registered domain and subdomains of a URL.

py314-bigfloat @0.4.0 (python, math)
Arbitrary-precision correctly-rounded floating-point arithmetic, via MPFR.

py314-structlog @25.5.0 (python)
Structured Logging for Python

py314-threadpoolctl @3.6.0 (python, science)
Helpers to limit the number of threads used in the common native libraries.

py314-tldextract @5.3.1 (python, net)
tldextract accurately separates the gTLD or ccTLD (generic or country code top-level domain) from the registered domain and subdomains of a URL.

q-textasdata @3.1.6 (textproc, python)
q-textasdata - Run SQL directly on CSV or TSV files

qjackctl @0.6.2 (audio)
QjackCtl is a simple Qt application to control the JACK sound server daemon.

R-checker @0.1.3_1 (R, science, sysutils)
Check R configuration is set up correctly before class

R-denstrip @1.5.4_1 (R, science)
Density strips and other methods for compactly illustrating distributions

R-directlabels @2024.1.21_1 (R, science, graphics)
Direct labels for multicolor plots

R-gptstudio @0.4.0 (R, science, www)
Use large language models directly in your development environment

R-packagefinder @0.3.5_1 (R, science)
Search for R packages on CRAN, either directly from the R console or with an RStudio add-in

R-reactlog @1.1.1_2 (R, science)
Reactivity visualizer for shiny

R-RhpcBLASctl @0.23-42_1 (R, science, parallel)
Control the number of threads in BLAS

remctl @3.18 (net)
Kerberos-authenticated remote command execution

reposurgeon @5.3 (devel)
A tool for editing version-control repositories and translating among different systems. Supports git, bzr, Subversion, darcs, and fossil directly.

RigCtldGUI @20220406-d49f88b9_1 (science, comms)
a graphical user interface for rig control, offering also rigctld functionality

roboctl @0.3.7_1 (devel)
Communication tools for Lego and VEX robots

sispmctl @3.1 (sysutils)
tool for usingthe GEMBIRD SiS-PM device family

uhubctl @2.6.0 (sysutils)
USB hub per-port power control

uriparser @0.9.9 (devel, www)
a strictly RFC 3986 compliant parsing library for URIs

Found 144 ports.
