apiextractor @0.10.10 (devel)
Tool for developing bindings of Qt-based libraries

atkmm @2.36.3_1 (gnome, devel)
atkmm is the C++ binding for the ATK library.

atkmm-1.6 @2.28.0 (gnome, devel)
atkmm is the C++ binding for the ATK library.

azmq @1.0.3 (devel)
C++ language binding library integrating ZeroMQ with Boost Asio

bind9 @9.20.18 (net)
Domain Name System server

bind9.18 @9.18.44 (net)
Domain Name System server

bindfs @1.18.1 (fuse)
mirrors or overlays a local directory with altered permissions

castor @0.9.9 (java)
data binding framework for Java

cbindgen @0.29.2 (devel)
A project for generating C bindings from Rust code

cfiles @1.8 (sysutils)
A ncurses file manager written in C with vim like keybindings

cl-cffi-gtk @20230202_1 (lisp, devel, graphics)
A Lisp binding to GTK 3

cl-gobject-introspection @20240519 (lisp, devel)
Common Lisp bindings to gobject-introspection

cl-libuv @20230616_1 (lisp, devel)
Low-level libuv bindings for Common Lisp.

cl-metabang-bind @20230508 (lisp, devel)
bind is let and much much more

cl-nodgui @20231206 (lisp, devel)
Lisp bindings for the Tk toolkit

cl-sqlite @0.2.1 (lisp, devel)
Common Lisp binding for SQLite

cl-thrift @20171121 (lisp, devel)
A Common Lisp binding for the Apache Thrift framework

cl-webengine @20210225 (lisp, devel, lisp)
An FFI binding to WebEngine in Qt

cl-webengine-lib @20210225 (lisp, devel)
An FFI binding to WebEngine in Qt

cl-webkit2 @3.5.10 (lisp, devel)
A binding to WebKitGTK+ for Common Lisp

cocoa-sharp @0.2 (devel)
Cocoa bindings for the Mono .NET Development Framework

cppzmq @4.11.0 (devel, sysutils, net)
High-level C++ Binding for 0MQ

csfml @2.5.1 (multimedia, devel)
C bindings for SFML, the Simple and Fast Multimedia Library

czmq @4.2.1 (devel, sysutils, net)
High-level C Binding for 0MQ

db48-java @4.8.30 (databases)
Java bindings for Berkeley DB, version 4.8

db48-tcl @4.8.30 (databases)
Tcl bindings for Berkeley DB, version 4.8

dbus-glib @0.112 (devel)
Glib bindings for the dbus message bus system.

dbus-python @1.3.2 (devel, python)
Python bindings for the dbus message bus system.

dbus-python27 @1.2.18 (devel, python)
Python bindings for the dbus message bus system.

dbus-python35 @1.3.2 (devel, python)
Python bindings for the dbus message bus system.

dbus-python36 @1.3.2 (devel, python)
Python bindings for the dbus message bus system.

dbus-python37 @1.3.2 (devel, python)
Python bindings for the dbus message bus system.

dbus-python38 @1.3.2 (devel, python)
Python bindings for the dbus message bus system.

dbus-python39 @1.3.2 (devel, python)
Python bindings for the dbus message bus system.

dbus-python310 @1.3.2 (devel, python)
Python bindings for the dbus message bus system.

dbus-python311 @1.3.2 (devel, python)
Python bindings for the dbus message bus system.

dbus-python312 @1.3.2 (devel, python)
Python bindings for the dbus message bus system.

dbus-python313 @1.3.2 (devel, python)
Python bindings for the dbus message bus system.

dbus-python314 @1.3.2 (devel, python)
Python bindings for the dbus message bus system.

dyncall @1.4 (devel)
Foreign Function Interface and Dynamic Binding Linkage Framework

flusspferd @0.8_4 (devel)
provides Javascript bindings for C++.

fortran-cairo @2023.05.16 (fortran, graphics)
Cairo bindings for Fortran

fortran-curl @0.3.0 (fortran, devel, net)
Fortran 2018 ISO_C_BINDING interfaces to Perl-compatible Regular Expressions 2

fortran-git @2023.04.27_2 (fortran, devel)
Fortran 2008 interface bindings to libgit2

fortran-lua53 @0.2.0 (fortran, devel)
Fortran 2008 interface bindings to Lua 5.3

fortran-pcre2 @0.1.1 (fortran, devel)
Fortran 2018 ISO_C_BINDING interfaces to Perl-compatible Regular Expressions 2

fortran-sqlite3 @0.2.0 (fortran, databases)
Fortran 2018 interface bindings to SQLite 3

fortran-xlib @2023.05.27 (fortran, graphics)
Fortran 2003 interface bindings to Xlib

fortran-zlib @0.2.0 (fortran, archivers)
Collection of Fortran 2018 ISO_C_BINDING interfaces to selected zlib functions

g-wrap @1.9.15_1 (lang)
A tool for autogenerating scheme bindings for C language functions, structures & enums.

gauche-gl @0.4.4 (lang)
OpenGL binding for the Gauche

generatorrunner @0.6.16 (devel)
Tool for development of binding generators for C++ and Qt-based libraries

gjs @1.80.1 (gnome)
GNOME JavaScript/Spidermonkey bindings

gjs-devel @1.82.1 (gnome)
GNOME JavaScript/Spidermonkey bindings

gnome-bindings-cxx @2.32.1 (devel, gnome)
The GNOME bindings for C++

gnome-bindings-perl5 @3.38.0 (devel, gnome)
The GNOME bindings for Perl

gnome-bindings-python @2.32.1_1 (devel, gnome)
The GNOME 2 bindings for Python

gnome-bindings-suite @2.32.1 (devel, gnome)
The GNOME 2 Bindings for C#, C++, Perl and Python

gnome-js-common @0.1.2 (gnome)
Common modules for GNOME JavaScript bindings

gnome-sharp2 @2.24.2_1 (gnome, devel)
Gtk bindings for the Mono .NET Development Framework

go-bindata @4.0.2 (devel)
A small utility which generates Go code from any file. Useful for embedding binary data in a Go program.

gopass-jsonapi @1.16.1 (security)
Gopass Browser Bindings

gpgmepp @2.0.0 (devel, security, crypto)
C++ bindings for GPGME

gsoap @2.8.131 (devel)
offers an XML to C/C++ language binding to ease the development of SOAP/XML Web services in C and C/C++

gtk-fortran @3.24.41 (fortran, devel, graphics)
GTK / Fortran binding

gtk-sharp2 @2.12.45 (x11, devel)
Gtk bindings for the Mono .NET Development Framework

gtkglextmm @1.2.0_1 (devel)
OpenGL Extension to GTK, C++ bindings

gtksourceview-sharp2 @0.12 (gnome, devel)
C# Bindings for GtkSourceView.

gtksourceviewmm2 @2.10.3_1 (gnome)
A C++ binding for GtkSourceView2

gtksourceviewmm3 @3.21.3_2 (gnome)
A C++ binding for GtkSourceView3

guile-gnutls @4.0.0 (guile, net, security)
Guile bindings for GnuTLS

janet-circlet @202110921 (janet, devel)
HTTP server bindings for Janet

janet-sqlite3 @20220521 (janet, devel)
This native module proves sqlite bindings for janet

kdebindings4 @4.14.3 (kde, kde4)
Scripting bindings packages for KDE - Meta package

keybinder @0.3.1_2 (gnome, devel)
library for global keyboard shortcuts in GTK applications

keybinder-3.0 @0.3.2_2 (gnome, devel)
library for global keyboard shortcuts in GTK3 applications

keylaunch @1.3.9 (x11, x11-wm)
KeyLaunch is a small utility for binding commands to a hot key.

kimono @4.14.3_2 (kde, kde4, devel)
C# binding for KDE.

korundum @4.14.3_2 (kde, kde4, devel)
Binding to Ruby for KDE.

libbind @6.0 (net)
Standard resolver library for communicating with domain name servers

libconfig-hr @1.7.3 (devel)
A new libconfig implementation with both C and C++ bindings.

libSDL2pp @0.18.1_1 (devel, multimedia)
C++ bindings/wrapper for SDL2

libzookeeper @3.4.6 (devel)
C bindings for ZooKeeper, the high-performance coordination service

lua-glut @0.5_1 (lua, devel)
a set of libraries providing OpenGL and GLUT bindings for Lua 5

lua-lgi @0.9.2 (lua, devel)
Lua bindings to GObject libraries

lua-lsqlite3 @0.9.5 (lua, devel)
A binding for Lua to the SQLite3 database library

lua-luaposix @36.1 (lua, devel)
Lua bindings for POSIX

lua-luasec @1.3.1 (lua, devel)
binding for OpenSSL library to provide TLS/SSL communication over LuaSocket

lua-psl @0.3 (lua, devel)
Lua bindings to libpsl

lua51-glut @0.5_1 (lua, devel)
a set of libraries providing OpenGL and GLUT bindings for Lua 5

lua51-lgi @0.9.0 (lua, devel)
Lua bindings to GObject libraries

lua51-lsqlite3 @0.9.5 (lua, devel)
A binding for Lua to the SQLite3 database library

lua51-luaposix @36.1 (lua, devel)
Lua bindings for POSIX

lua51-luasec @1.3.1 (lua, devel)
binding for OpenSSL library to provide TLS/SSL communication over LuaSocket

lua51-psl @0.3 (lua, devel)
Lua bindings to libpsl

lua52-lgi @0.9.2 (lua, devel)
Lua bindings to GObject libraries

lua52-lsqlite3 @0.9.5 (lua, devel)
A binding for Lua to the SQLite3 database library

lua52-luaposix @36.1 (lua, devel)
Lua bindings for POSIX

lua52-luasec @1.3.1 (lua, devel)
binding for OpenSSL library to provide TLS/SSL communication over LuaSocket

lua52-psl @0.3 (lua, devel)
Lua bindings to libpsl

lua53-lgi @0.9.2 (lua, devel)
Lua bindings to GObject libraries

lua53-lsqlite3 @0.9.5 (lua, devel)
A binding for Lua to the SQLite3 database library

lua53-luaposix @36.1 (lua, devel)
Lua bindings for POSIX

lua53-luasec @1.3.1 (lua, devel)
binding for OpenSSL library to provide TLS/SSL communication over LuaSocket

lua53-psl @0.3 (lua, devel)
Lua bindings to libpsl

lua54-lgi @0.9.2 (lua, devel)
Lua bindings to GObject libraries

lua54-lsqlite3 @0.9.5 (lua, devel)
A binding for Lua to the SQLite3 database library

lua54-luaposix @36.1 (lua, devel)
Lua bindings for POSIX

lua54-luasec @1.3.1 (lua, devel)
binding for OpenSSL library to provide TLS/SSL communication over LuaSocket

lua54-psl @0.3 (lua, devel)
Lua bindings to libpsl

luv @1.50.0-1 (devel)
Bare libuv bindings for lua

luv-luajit @1.50.0-1 (devel)
Bare libuv bindings for lua

mm-common @1.0.6 (gnome, devel)
The mm-common module provides the build infrastructure and utilities shared among the GNOME C++ binding libraries.

nds2-client-java @0.16.12 (science, java)
Java bindings for Network Data Server Client

nds2-client-matlab @0.16.12 (science, matlab)
MATLAB bindings for Network Data Server Client

nds2-client-octave @0.16.12 (science, octave)
Octave bindings for Network Data Server Client

ocaml-base_bigstring @0.16.0_1 (ocaml, devel)
String type based on Bigarray, for use in I/O and C-bindings

ocaml-camlidl @1.09 (ocaml, devel)
stub code generator and COM binding for Objective Caml

ocaml-ctypes @0.21.1 (ocaml, devel)
Bind to C libraries using pure OCaml

ocaml-lua @1.0_3 (lang, devel, ocaml)
OCaml bindings to Lua API

ocaml-mpi @1.01_7 (science, devel, ocaml)
Caml bindings for a large subset of MPI functions

ocaml-mysql @1.0.4_5 (databases, devel, ocaml)
Mysql5 bindings for OCaml

ocaml-pcre2 @7.5.2 (ocaml, devel)
Bindings to the Perl Compatibility Regular Expressions library (version 2)

ocaml-ppx_let @0.16.0_1 (ocaml, devel)
ppx rewriter for monadic and applicative let bindings, match expressions and if expressions

ocaml-sqlite3 @5.1.0 (ocaml, devel, databases)
OCaml bindings for SQLite 3

ocamlsdl @0.9.1_5 (ocaml, devel, multimedia)
OCaml bindings for SDL

octave-lal @7.6.0 (science, octave)
Octave 3.12 bindings for LSC Algorithm Library

octave-lalburst @2.0.5 (science, octave)
Octave 3.12 bindings for LSC Algorithm Library - Burst

octave-lalframe @3.0.5 (science, octave)
Octave 3.12 bindings for LSC Algorithm Library - Frame

octave-lalinference @4.1.7 (science, octave)
Octave 3.12 bindings for LSC Algorithm Library - Inference

octave-lalinspiral @5.0.1 (science, octave)
Octave 3.12 bindings for LSC Algorithm Library - Inspiral

octave-lalmetaio @4.0.5 (science, octave)
Octave 3.12 bindings for LSC Algorithm Library - MetaIO

octave-lalpulsar @7.0.0 (science, octave)
Octave 3.12 bindings for LSC Algorithm Library - Pulsar

octave-lalsimulation @6.0.0 (science, octave)
Octave 3.12 bindings for LSC Algorithm Library - Simulation

octave-zeromq @1.5.7 (octave, math, science)
ZeroMQ bindings for GNU Octave

p5-ffi-platypus @2.110.0 (perl)
FFI::Platypus - Write Perl bindings to non-Perl libraries with FFI. No XS required.

p5-git-raw @0.900.0 (perl)
Git::Raw - Perl bindings to the Git linkable library (libgit2)

p5-glib-object-introspection @0.52.0 (perl)
Glib::Object::Introspection - Dynamically create Perl language bindings

p5-goocanvas2 @0.60.0 (perl)
GooCanvas2 - Perl binding for GooCanvas2 widget using Glib::Object::Introspection

p5-gstreamer1 @0.3.0 (perl)
Bindings for GStreamer 1.0, the open source multimedia framework

p5-gtk2 @1.249.930 (perl)
Bindings to Gtk+ library

p5-gtk3-sourceview @0.120.0 (perl)
Gtk3::SourceView - Perl binding for the GTK+ 3 GtkSourceView widget

p5-musicbrainz-discid @0.60.0_1 (perl)
Perl binding for the libdiscid library.

p5-net-libidn @0.120.0_5 (perl)
Perl bindings for GNU Libidn

p5-net-libidn2 @1.20.0 (perl)
Net::LibIDN2 - Perl bindings for GNU Libidn2

p5-opengl-glfw @0.40.300 (perl)
OpenGL::GLFW - Perl bindings for the GLFW library

p5-pango @1.227.0 (perl)
Perl bindings to Pango

p5-poppler @1.10.100_3 (perl)
Perl bindings for the poppler library

p5-redis @2.0.0 (perl)
Redis - perl binding for Redis database

p5-zmq-ffi @1.190.0 (perl)
ZMQ::FFI - version agnostic Perl bindings for zeromq using ffi

p5.28-ffi-platypus @2.110.0 (perl)
FFI::Platypus - Write Perl bindings to non-Perl libraries with FFI. No XS required.

p5.28-git-raw @0.900.0 (perl)
Git::Raw - Perl bindings to the Git linkable library (libgit2)

p5.28-glib-object-introspection @0.52.0 (perl)
Glib::Object::Introspection - Dynamically create Perl language bindings

p5.28-goocanvas2 @0.60.0 (perl)
GooCanvas2 - Perl binding for GooCanvas2 widget using Glib::Object::Introspection

p5.28-gstreamer1 @0.3.0 (perl)
Bindings for GStreamer 1.0, the open source multimedia framework

p5.28-gtk2 @1.249.930 (perl)
Bindings to Gtk+ library

p5.28-gtk3-sourceview @0.120.0 (perl)
Gtk3::SourceView - Perl binding for the GTK+ 3 GtkSourceView widget

p5.28-musicbrainz-discid @0.60.0_1 (perl)
Perl binding for the libdiscid library.

p5.28-net-libidn @0.120.0_5 (perl)
Perl bindings for GNU Libidn

p5.28-net-libidn2 @1.20.0 (perl)
Net::LibIDN2 - Perl bindings for GNU Libidn2

p5.28-opengl-glfw @0.40.300 (perl)
OpenGL::GLFW - Perl bindings for the GLFW library

p5.28-pango @1.227.0 (perl)
Perl bindings to Pango

p5.28-poppler @1.10.100_3 (perl)
Perl bindings for the poppler library

p5.28-redis @2.0.0 (perl)
Redis - perl binding for Redis database

p5.28-zmq-ffi @1.190.0 (perl)
ZMQ::FFI - version agnostic Perl bindings for zeromq using ffi

p5.30-ffi-platypus @2.110.0 (perl)
FFI::Platypus - Write Perl bindings to non-Perl libraries with FFI. No XS required.

p5.30-git-raw @0.900.0 (perl)
Git::Raw - Perl bindings to the Git linkable library (libgit2)

p5.30-glib-object-introspection @0.52.0 (perl)
Glib::Object::Introspection - Dynamically create Perl language bindings

p5.30-goocanvas2 @0.60.0 (perl)
GooCanvas2 - Perl binding for GooCanvas2 widget using Glib::Object::Introspection

p5.30-gstreamer1 @0.3.0 (perl)
Bindings for GStreamer 1.0, the open source multimedia framework

p5.30-gtk2 @1.249.930 (perl)
Bindings to Gtk+ library

p5.30-gtk3-sourceview @0.120.0 (perl)
Gtk3::SourceView - Perl binding for the GTK+ 3 GtkSourceView widget

p5.30-musicbrainz-discid @0.60.0_1 (perl)
Perl binding for the libdiscid library.

p5.30-net-libidn @0.120.0_5 (perl)
Perl bindings for GNU Libidn

p5.30-net-libidn2 @1.20.0 (perl)
Net::LibIDN2 - Perl bindings for GNU Libidn2

p5.30-opengl-glfw @0.40.300 (perl)
OpenGL::GLFW - Perl bindings for the GLFW library

p5.30-pango @1.227.0 (perl)
Perl bindings to Pango

p5.30-poppler @1.10.100_3 (perl)
Perl bindings for the poppler library

p5.30-redis @2.0.0 (perl)
Redis - perl binding for Redis database

p5.30-zmq-ffi @1.190.0 (perl)
ZMQ::FFI - version agnostic Perl bindings for zeromq using ffi

p5.32-ffi-platypus @2.110.0 (perl)
FFI::Platypus - Write Perl bindings to non-Perl libraries with FFI. No XS required.

p5.32-git-raw @0.900.0 (perl)
Git::Raw - Perl bindings to the Git linkable library (libgit2)

p5.32-glib-object-introspection @0.52.0 (perl)
Glib::Object::Introspection - Dynamically create Perl language bindings

p5.32-goocanvas2 @0.60.0 (perl)
GooCanvas2 - Perl binding for GooCanvas2 widget using Glib::Object::Introspection

p5.32-gstreamer1 @0.3.0 (perl)
Bindings for GStreamer 1.0, the open source multimedia framework

p5.32-gtk2 @1.249.930 (perl)
Bindings to Gtk+ library

p5.32-gtk3-sourceview @0.120.0 (perl)
Gtk3::SourceView - Perl binding for the GTK+ 3 GtkSourceView widget

p5.32-musicbrainz-discid @0.60.0_1 (perl)
Perl binding for the libdiscid library.

p5.32-net-libidn @0.120.0_5 (perl)
Perl bindings for GNU Libidn

p5.32-net-libidn2 @1.20.0 (perl)
Net::LibIDN2 - Perl bindings for GNU Libidn2

p5.32-opengl-glfw @0.40.300 (perl)
OpenGL::GLFW - Perl bindings for the GLFW library

p5.32-pango @1.227.0 (perl)
Perl bindings to Pango

p5.32-poppler @1.10.100_3 (perl)
Perl bindings for the poppler library

p5.32-redis @2.0.0 (perl)
Redis - perl binding for Redis database

p5.32-zmq-ffi @1.190.0 (perl)
ZMQ::FFI - version agnostic Perl bindings for zeromq using ffi

p5.34-ffi-platypus @2.110.0 (perl)
FFI::Platypus - Write Perl bindings to non-Perl libraries with FFI. No XS required.

p5.34-git-raw @0.900.0 (perl)
Git::Raw - Perl bindings to the Git linkable library (libgit2)

p5.34-glib-object-introspection @0.52.0 (perl)
Glib::Object::Introspection - Dynamically create Perl language bindings

p5.34-goocanvas2 @0.60.0 (perl)
GooCanvas2 - Perl binding for GooCanvas2 widget using Glib::Object::Introspection

p5.34-gstreamer1 @0.3.0 (perl)
Bindings for GStreamer 1.0, the open source multimedia framework

p5.34-gtk2 @1.249.930 (perl)
Bindings to Gtk+ library

p5.34-gtk3-sourceview @0.120.0 (perl)
Gtk3::SourceView - Perl binding for the GTK+ 3 GtkSourceView widget

p5.34-musicbrainz-discid @0.60.0_1 (perl)
Perl binding for the libdiscid library.

p5.34-net-libidn @0.120.0_5 (perl)
Perl bindings for GNU Libidn

p5.34-net-libidn2 @1.20.0 (perl)
Net::LibIDN2 - Perl bindings for GNU Libidn2

p5.34-opengl-glfw @0.40.300 (perl)
OpenGL::GLFW - Perl bindings for the GLFW library

p5.34-pango @1.227.0 (perl)
Perl bindings to Pango

p5.34-poppler @1.10.100_3 (perl)
Perl bindings for the poppler library

p5.34-redis @2.0.0 (perl)
Redis - perl binding for Redis database

p5.34-zmq-ffi @1.190.0 (perl)
ZMQ::FFI - version agnostic Perl bindings for zeromq using ffi

Pashua-Binding-Bash @0.10.1 (devel)
native macOS dialogs for Bash using Pashua

perlkde @4.14.3_2 (kde, kde4)
Perl bindings for the KDE4 libraries.

perlqt @4.14.3_2 (kde, kde4)
Perl bindings for the Qt4 and KDE4 libraries.

php-gtk @2.0.3-20121108 (php, x11)
PHP-GTK: Gtk+ bindings for PHP 5.

php-libev @20131219 (php, devel)
object-oriented binding to libev

php-memcache @8.2 (php, net, devel)
PHP bindings for memcache

php-memcached @3.3.0 (php, net, devel)
PHP bindings for memcache

php-pdflib @4.1.4 (php, print, textproc)
PHP bindings for pdflib

php-sphinx @1.3.3 (php, textproc)
PHP bindings for Sphinx full-text search

php-ssh2 @1.4.1 (php, net)
PHP bindings for libssh2

php-svm @0.2.3_4 (php, math)
PHP bindings for libsvm, a support vector machine implementation

php-svn @1.0.3 (php, devel)
PHP bindings for Subversion

php-syck @0.9.3_1 (php, net, devel)
PHP bindings for syck

php53-gtk @2.0.3-20121108 (php, x11)
PHP-GTK: Gtk+ bindings for PHP 5.

php53-libev @20131219 (php, devel)
object-oriented binding to libev

php53-memcache @3.0.8 (php, net, devel)
PHP bindings for memcache

php53-memcached @2.2.0 (php, net, devel)
PHP bindings for memcache

php53-pdflib @4.1.4 (php, print, textproc)
PHP bindings for pdflib

php53-sphinx @1.3.3 (php, textproc)
PHP bindings for Sphinx full-text search

php53-ssh2 @0.13 (php, net)
PHP bindings for libssh2

php53-svm @0.1.9_5 (php, math)
PHP bindings for libsvm, a support vector machine implementation

php53-svn @1.0.3 (php, devel)
PHP bindings for Subversion

php53-syck @0.9.3_1 (php, net, devel)
PHP bindings for syck

php54-gtk @2.0.3-20121108 (php, x11)
PHP-GTK: Gtk+ bindings for PHP 5.

php54-libev @20131219 (php, devel)
object-oriented binding to libev

php54-memcache @3.0.8 (php, net, devel)
PHP bindings for memcache

php54-memcached @2.2.0 (php, net, devel)
PHP bindings for memcache

php54-pdflib @4.1.4 (php, print, textproc)
PHP bindings for pdflib

php54-sphinx @1.3.3 (php, textproc)
PHP bindings for Sphinx full-text search

php54-ssh2 @0.13 (php, net)
PHP bindings for libssh2

php54-svm @0.1.9_5 (php, math)
PHP bindings for libsvm, a support vector machine implementation

php54-svn @1.0.3 (php, devel)
PHP bindings for Subversion

php54-syck @0.9.3_1 (php, net, devel)
PHP bindings for syck

php55-libev @20131219 (php, devel)
object-oriented binding to libev

php55-memcache @3.0.8 (php, net, devel)
PHP bindings for memcache

php55-memcached @2.2.0 (php, net, devel)
PHP bindings for memcache

php55-pdflib @4.1.4 (php, print, textproc)
PHP bindings for pdflib

php55-sphinx @1.3.3 (php, textproc)
PHP bindings for Sphinx full-text search

php55-ssh2 @0.13 (php, net)
PHP bindings for libssh2

php55-svm @0.1.9_5 (php, math)
PHP bindings for libsvm, a support vector machine implementation

php55-svn @1.0.3 (php, devel)
PHP bindings for Subversion

php55-syck @0.9.3_1 (php, net, devel)
PHP bindings for syck

php56-libev @20131219 (php, devel)
object-oriented binding to libev

php56-memcache @3.0.8 (php, net, devel)
PHP bindings for memcache

php56-memcached @2.2.0 (php, net, devel)
PHP bindings for memcache

php56-pdflib @4.1.4 (php, print, textproc)
PHP bindings for pdflib

php56-sphinx @1.3.3 (php, textproc)
PHP bindings for Sphinx full-text search

php56-ssh2 @0.13 (php, net)
PHP bindings for libssh2

php56-svm @0.1.9_5 (php, math)
PHP bindings for libsvm, a support vector machine implementation

php56-svn @1.0.3 (php, devel)
PHP bindings for Subversion

php56-syck @0.9.3_1 (php, net, devel)
PHP bindings for syck

php70-memcache @4.0.5.2 (php, net, devel)
PHP bindings for memcache

php70-memcached @3.3.0 (php, net, devel)
PHP bindings for memcache

php70-pdflib @4.1.4 (php, print, textproc)
PHP bindings for pdflib

php70-ssh2 @1.4.1 (php, net)
PHP bindings for libssh2

php70-svm @0.2.3_4 (php, math)
PHP bindings for libsvm, a support vector machine implementation

php71-memcache @4.0.5.2 (php, net, devel)
PHP bindings for memcache

php71-memcached @3.3.0 (php, net, devel)
PHP bindings for memcache

php71-pdflib @4.1.4 (php, print, textproc)
PHP bindings for pdflib

php71-ssh2 @1.4.1 (php, net)
PHP bindings for libssh2

php71-svm @0.2.3_4 (php, math)
PHP bindings for libsvm, a support vector machine implementation

php72-memcache @4.0.5.2 (php, net, devel)
PHP bindings for memcache

php72-memcached @3.3.0 (php, net, devel)
PHP bindings for memcache

php72-pdflib @4.1.4 (php, print, textproc)
PHP bindings for pdflib

php72-ssh2 @1.4.1 (php, net)
PHP bindings for libssh2

php72-svm @0.2.3_4 (php, math)
PHP bindings for libsvm, a support vector machine implementation

php73-memcache @4.0.5.2 (php, net, devel)
PHP bindings for memcache

php73-memcached @3.3.0 (php, net, devel)
PHP bindings for memcache

php73-pdflib @4.1.4 (php, print, textproc)
PHP bindings for pdflib

php73-ssh2 @1.4.1 (php, net)
PHP bindings for libssh2

php73-svm @0.2.3_4 (php, math)
PHP bindings for libsvm, a support vector machine implementation

php74-memcache @4.0.5.2 (php, net, devel)
PHP bindings for memcache

php74-memcached @3.3.0 (php, net, devel)
PHP bindings for memcache

php74-pdflib @4.1.4 (php, print, textproc)
PHP bindings for pdflib

php74-ssh2 @1.4.1 (php, net)
PHP bindings for libssh2

php74-svm @0.2.3_4 (php, math)
PHP bindings for libsvm, a support vector machine implementation

php80-memcache @8.2 (php, net, devel)
PHP bindings for memcache

php80-memcached @3.3.0 (php, net, devel)
PHP bindings for memcache

php80-ssh2 @1.4.1 (php, net)
PHP bindings for libssh2

php80-svm @0.2.3_4 (php, math)
PHP bindings for libsvm, a support vector machine implementation

php80-xapian @1.4.27 (devel)
Xapian bindings for PHP 8.0

php81-memcache @8.2 (php, net, devel)
PHP bindings for memcache

php81-memcached @3.3.0 (php, net, devel)
PHP bindings for memcache

php81-ssh2 @1.4.1 (php, net)
PHP bindings for libssh2

php81-svm @0.2.3_4 (php, math)
PHP bindings for libsvm, a support vector machine implementation

php81-xapian @1.4.27 (devel)
Xapian bindings for PHP 8.1

php82-memcache @8.2 (php, net, devel)
PHP bindings for memcache

php82-memcached @3.3.0 (php, net, devel)
PHP bindings for memcache

php82-ssh2 @1.4.1 (php, net)
PHP bindings for libssh2

php82-svm @0.2.3_4 (php, math)
PHP bindings for libsvm, a support vector machine implementation

php82-xapian @1.4.27 (devel)
Xapian bindings for PHP 8.2

php83-memcache @8.2 (php, net, devel)
PHP bindings for memcache

php83-memcached @3.3.0 (php, net, devel)
PHP bindings for memcache

php83-ssh2 @1.4.1 (php, net)
PHP bindings for libssh2

php83-svm @0.2.3_4 (php, math)
PHP bindings for libsvm, a support vector machine implementation

php83-xapian @1.4.27 (devel)
Xapian bindings for PHP 8.3

psbind @20090315_5 (textproc, print)
psbind is a smarter psnup

pure-gen @0.25_1 (pure, devel)
a Pure C bindings generator

pure-gtk @0.13 (pure, x11)
a collection of bindings to use the GTK+ GUI toolkit version 2.x with Pure

py-argon2-cffi-bindings @25.1.0 (python, devel)
Low-level CFFI bindings for Argon2

py-berkeleydb @18.1.14 (python, databases)
Python 3 bindings for Oracle Berkeley DB

py-brotlicffi @1.2.0.0 (python)
Python CFFI bindings to the Brotli library

py-bsddb3 @6.2.9_2 (python, databases)
Python 3 bindings for Oracle Berkeley DB

py-cairo @1.29.0 (python, graphics)
Pycairo is set of Python bindings for the cairo graphics library

py-chm @0.8.6 (python, textproc)
PyCHM is a set of Python bindings for Jed Wing's chmlib.

py-clang @14 (python)
Python bindings for clang

py-cramjam @2.10.0 (python)
Extremely thin and easy-to-install Python bindings to de/compression algorithms in Rust

py-ctags @1.6.0 (python)
Exuberant Ctags indexing python bindings

py-cwcwidth @0.1.12 (python)
Python bindings for wc(s)width

py-discid @1.3.0 (python, audio, devel)
Python bindings for libdiscid by MusicBrainz.

py-enchant @3.3.0 (python, textproc)
Python bindings for the Enchant spellchecking system

py-ephemeral-port-reserve @1.1.4 (python)
Bind to an ephemeral port, force it into the TIME_WAIT state, and unbind it.

py-fann2 @1.2.0_1 (python, science)
Python bindings for Fast Artificial Neural Networks 2.2.0 (FANN >= 2.2.0).

py-freetype @2.5.1 (python)
Freetype Python provides bindings for the FreeType library.

py-gdbm @2.4.6_2 (python, databases)
Python bindings to the GNU dbm library

py-geojson @3.2.0 (python, gis)
Python bindings and utilities for GeoJSON

py-gmic @2.9.4-alpha1_6 (python, science)
Python binding for G'MIC - A Full-Featured Open-Source Framework for Image Processing

py-gobject @2.28.7_2 (python, gnome)
Python bindings for GObject.

py-gobject3 @3.50.0_2 (python, gnome)
Python bindings for GObject, version 3

py-hid @1.0.5 (python, comms)
Python hidapi bindings in ctypes (aka pyhidapi)

py-krb5 @0.8.0 (python, net, security)
Kerberos API bindings for Python

py-leveldb @0.201 (python, databases)
Python bindings for leveldb database library

py-libgmail @0.1.11 (python, mail)
Python binding for accessing Gmail

py-liblzma @0.5.3_1 (python, archivers)
Python bindings for the XZ Utils compression library.

py-libnacl @2.1.0 (python, net)
Python binding for libsodium

py-libsass @0.23.0 (python, devel)
Python binding for libsass

py-libtmux @0.53.0 (python, devel)
Python binding for tmux

py-libvirt @11.8.0 (python)
The libvirt virtualization API python binding

py-libxml2 @2.13.9 (python, textproc)
Python bindings for libxml2

py-llfuse @1.5.1 (python, devel, fuse)
Python bindings for the low-level FUSE API

py-llvmlite @0.46.0 (python, devel, science)
A lightweight LLVM python binding for writing JIT compilers

py-lmdb @1.3.0 (python, databases)
Universal Python binding for the LMDB Lightning Database

py-lz4 @4.4.4 (python)
LZ4 bindings for Python

py-mailmanclient @3.3.5 (python, mail)
Python bindings for Mailman REST API

py-maturin @1.11.5 (python, devel)
Build and publish crates with pyo3, rust-cpython and cffi bindings as well as rust binaries as python packages.

py-misaka @2.1.1 (python)
A CFFI binding for Hoedown, a markdown parsing library

py-moderngl @5.6.4 (python)
Modern OpenGL binding for python

py-mpi4py @4.1.1 (python)
MPI for Python - Python bindings for MPI

py-mupdf @1.24.2 (python, graphics)
Python bindings for MuPDF, a lightweight PDF, XPS, and E-book viewer, renderer and toolkit

py-murmurhash @1.0.10 (python)
Cython bindings for MurmurHash2

py-musicbrainzngs @0.7.1 (python, multimedia)
Python bindings for Musicbrainz' NGS webservice

py-nanobind @2.11.0 (python, devel)
nanobind: tiny and efficient C++/Python bindings

py-notify-python @0.1.1_6 (python, python, devel)
libnotify python bindings

py-ode @1.2.1 (python, games, graphics)
Python bindings for The Open Dynamics Engine

py-omniORBpy @4.3.4 (python, devel)
Python bindings for omniORB

py-opengl @3.1.10 (python, graphics)
Python binding to OpenGL

py-openslide @1.4.3 (python, graphics)
Python binding for the OpenSlide library.

py-orbit @2.24.0_1 (python, gnome)
Python binding for the ORBit2 CORBA ORB - Default branch.

py-petsc4py @3.20.2 (python, math)
PETSc for Python - Python bindings for PETSc

py-pivy @0.6.2 (python)
Pivy is a Coin binding for Python.

py-polygon @3.0.9.1 (python, devel, math)
Python bindings for General Polygon Clipping Library

py-poppler @0.12.1_6 (python)
Python bindings to the Poppler library

py-poppler-qt4 @0.24.0_4 (python)
Python binding for Poppler-Qt4

py-poppler-qt5 @21.3.0_1 (python)
Python binding for Poppler-Qt5

py-pyaudio @0.2.11_1 (python, audio)
PyAudio provides Python bindings for PortAudio

py-pybind11 @3.0.1 (python, devel)
Seamless operability between C++11 and Python.

py-pybind11-stubgen @0.12.0 (python, devel)
generates stubs for python modules

py-pybox2d @2.3.10 (python)
Python Box2D Bindings - 2D Physics

py-pycrlibm @1.0.3 (python, math)
Python bindings for CRlibm

py-pygit2 @1.18.0 (python, devel)
Python bindings for libgit2

py-pygtk @2.24.0_6 (python, x11)
PyGTK is the Python binding to GTK+ 2.x

py-pygtk-devel @2.24.0_3 (python, x11)
PyGTK is the Python binding to GTK+ 2.x

py-pykde4 @4.14.3_5 (kde, kde4, devel)
Python bindings for the KDE Development Platform

py-pykde4-docs @4.14.3_5 (kde, kde4, devel)
Python bindings for the KDE Development Platform

py-pylzma @0.6.0 (python, archivers)
Python bindings for the LZMA compression library.

py-pynacl @1.5.0_1 (python, devel)
Python binding to the Networking and Cryptography (NaCl) library

py-pyqt4 @4.12.1 (python, devel)
PyQt4 is a set of Python bindings for the Qt4 toolkit

py-pyqt5 @5.15.11 (python, devel)
PyQt5 is a set of Python bindings for the Qt5 toolkit

py-pyqt5-chart @5.15.7 (python, devel)
PyQt5 Chart bindings

py-pyqt5-scintilla @2.14.1 (python, devel)
PyQt5 bindings for the QScintilla programmers editor widget

py-pyqt5-webengine @5.15.7 (python, devel)
PyQt5 Webengine bindings

py-pyqt6 @6.10.2 (python, devel)
PyQt6 is a set of Python bindings for the Qt6 toolkit

py-pyqt6-3d @6.10.0 (python, devel)
Python bindings for the Qt 3D framework

py-pyqt6-charts @6.10.0 (python, devel)
Python bindings for the Qt Charts library

py-pyqt6-datavisualization @6.10.0 (python, devel)
Python bindings for the Qt Data Visualization library

py-pyqt6-networkauth @6.10.0 (python, devel)
Python bindings for the Qt Network Authorization library

py-pyqt6-scintilla @2.14.1 (python, devel)
PyQt6 bindings for the QScintilla programmers editor widget

py-pyqt6-webengine @6.10.0 (python, devel)
Python bindings for the Qt WebEngine framework

py-pyqwt @5.2.0_13 (python, devel)
PyQwt is a set of Python bindings for the Qwt 5 toolkit

py-pyside @1.2.4 (python, devel)
LGPL-licensed Python bindings for Qt

py-pyside2 @5.15.18 (python, devel, aqua)
Python bindings for the Qt cross-platform application and UI framework

py-pyside6 @6.7.3_1 (python, devel, aqua)
Python bindings for the Qt cross-platform application and UI framework

py-pysimdjson @7.0.2 (python, devel)
SimdJson bindings for Python

py-python-augeas @1.1.0_1 (python)
Python bindings for Augeas

py-python-jenkins @0.3.4 (python)
Python bindings for the remote Jenkins API

py-pyzstd @0.18.0 (python)
Python bindings to Zstandard (zstd) compression library, the API is similar to Python's bz2/lzma/zlib module.

py-rpds-py @0.30.0 (python, devel)
Python bindings to Rust's persistent data structures (rpds)

py-rrdtool @0.1.15 (python)
Python bindings for rrdtool

py-samplerate @0.2.1 (python)
Monolithic python wrapper for libsamplerate based on pybind11 and NumPy

py-scikit-hep-boost-histogram @1.4.0 (python)
Python bindings for Boost::Histogram.

py-selenium @4.38.0 (python)
Python language bindings for Selenium WebDriver

py-shiboken @1.2.4_2 (python, devel)
Plugin for generatorrunner that generates python bindings for C++ libraries

py-sip @6.15.1 (python, devel)
A Python bindings generator for C/C++ libraries

py-sip4 @4.19.25 (python, devel)
create Python bindings for C and C++ libraries

py-slepc4py @3.18.2 (python, math)
SLEPc for Python - Python bindings for SLEPc

py-stemmer @1.3.0 (python, textproc)
Python bindings for Snowball stemmer

py-subvertpy @0.10.1 (python, devel)
Alternative Python bindings for Subversion (svn)

py-thrift @0.20.0 (python)
Python bindings to Thrift

py-tkinter @2.4.6_2 (python, graphics)
Python bindings to the Tk widget set

py-triangle @20230923 (python, science, math)
Python binding to the triangle library

py-tsk @20150111 (python, security)
Python binding for the SleuthKit

py-visa @1.11.3 (python, science)
Python binding to VISA instrument protocol

py-wand @0.6.13 (python, graphics)
Ctypes-based simple MagickWand API binding for Python

py-x2go @0.4.0.9 (python, net)
Python bindings for the x2go terminal server solution.

py-xar @0.4_1 (python)
Python bindings for xar

py-xmlsec @1.3.17 (python, security, textproc)
A set of Python bindings for the XML Security Library.

py-xxhash @3.6.0 (python, devel)
Python binding for xxHash

py-z3 @4.15.4 (python, python)
Python bindings for the Z3 theorem prover

py-zmq @27.1.0 (python, devel, net)
Python bindings for 0MQ

py26-gdbm @2.6.9_2 (python, databases)
Python bindings to the GNU dbm library

py26-tkinter @2.6.9 (python, graphics)
Python bindings to the Tk widget set

py27-atspi @0.4.1 (python, gnome)
Python bindings to AT-SPI over DBus on GNOME 2

py27-cairo @1.18.2 (python, graphics)
Pycairo is set of Python bindings for the cairo graphics library

py27-gdbm @2.7.18 (python, databases)
Python bindings to the GNU dbm library

py27-gobject @2.28.7_2 (python, gnome)
Python bindings for GObject.

py27-gobject3 @3.36.1_3 (python, gnome)
Python bindings for GObject, version 3

py27-gst-python @0.10.22_2 (python, gnome, multimedia)
GStreamer python bindings

py27-keybinder @0.3.1_3 (gnome, devel)
library for global keyboard shortcuts in GTK applications

py27-ldas-tools @20161022 (python, science)
Python 27 bindings for Suite of LDAS tools meta-port

py27-ldas-tools-al @2.5.7_2 (python, science)
Python 27 bindings for LDAS Tools Abstraction library

py27-ldas-tools-diskcacheAPI @2.5.6 (python, science)
Python 27 bindings for Filters library used by ldas-tools

py27-ldas-tools-frameAPI @2.5.2_1 (python, science)
Python 27 bindings for Filters library used by ldas-tools

py27-ldas-tools-framecpp @2.5.8_2 (python, science)
Python 27 bindings for Suite of LDAS tools

py27-ldas-tools-ldasgen @2.5.5 (python, science)
Python 27 bindings for Filters library used by ldas-tools

py27-libgmail @0.1.11 (python, mail)
Python binding for accessing Gmail

py27-liblzma @0.5.3_1 (python, archivers)
Python bindings for the XZ Utils compression library.

py27-libxml2 @2.13.9 (python, textproc)
Python bindings for libxml2

py27-libxslt @1.1.43 (textproc, python)
Python bindings for libxslt

py27-notify-python @0.1.1_6 (python, python, devel)
libnotify python bindings

py27-ode @1.2.1 (python, games, graphics)
Python bindings for The Open Dynamics Engine

py27-opengl @3.1.10 (python, graphics)
Python binding to OpenGL

py27-orbit @2.24.0_1 (python, gnome)
Python binding for the ORBit2 CORBA ORB - Default branch.

py27-poppler @0.12.1_6 (python)
Python bindings to the Poppler library

py27-pybind11 @2.4.3 (python, devel)
Seamless operability between C++11 and Python.

py27-pygtk @2.24.0_6 (python, x11)
PyGTK is the Python binding to GTK+ 2.x

py27-pygtk-devel @2.24.0_3 (python, x11)
PyGTK is the Python binding to GTK+ 2.x

py27-pygtksourceview @2.10.1_4 (python, x11)
Python bindings for GtkSourceView2

py27-pykde4 @4.14.3_5 (kde, kde4, devel)
Python bindings for the KDE Development Platform

py27-pyqt4 @4.12.1_3 (python, devel)
PyQt4 is a set of Python bindings for the Qt4 toolkit

py27-pyqt5 @5.15.4_1 (python, devel)
PyQt5 is a set of Python bindings for the Qt5 toolkit

py27-pyqt5-chart @5.15.4 (python, devel)
PyQt5 Charts bindings

py27-pyqt5-common @5.15.4_1 (python, devel)
PyQt5 is a set of Python bindings for the Qt5 toolkit (.sip sourcefiles)

py27-pyqt5-webengine @5.15.5 (python, devel)
PyQt5 Webengine bindings

py27-pyqwt @5.2.0_13 (python, devel)
PyQwt is a set of Python bindings for the Qwt 5 toolkit

py27-python-jenkins @0.3.4 (python)
Python bindings for the remote Jenkins API

py27-qscintilla-qt4 @2.11.6_1 (devel, python)
Python bindings for Qt4 QScintilla

py27-qscintilla-qt5 @2.11.6_1 (devel, python)
Python bindings for Qt5 QScintilla

py27-rrdtool @0.1.15 (python)
Python bindings for rrdtool

py27-sip4 @4.19.25_2 (python, devel)
create Python bindings for C and C++ libraries

py27-stemmer @1.3.0 (python, textproc)
Python bindings for Snowball stemmer

py27-subvertpy @0.10.1 (python, devel)
Alternative Python bindings for Subversion (svn)

py27-tkinter @2.7.18 (python, graphics)
Python bindings to the Tk widget set

py27-tsk @20150111 (python, security)
Python binding for the SleuthKit

py27-x2go @0.4.0.9 (python, net)
Python bindings for the x2go terminal server solution.

py27-xar @0.4_1 (python)
Python bindings for xar

py27-zmq @19.0.2 (python, devel, net)
Python bindings for 0MQ

py32-gdbm @3.2.6_2 (python, databases)
Python bindings to the GNU dbm library

py32-tkinter @3.2.6_2 (python, graphics)
Python bindings to the Tk widget set

py33-gdbm @3.3.7_2 (python, databases)
Python bindings to the GNU dbm library

py33-tkinter @3.3.7_2 (python, graphics)
Python bindings to the Tk widget set

py34-gdbm @3.4.10 (python, databases)
Python bindings to the GNU dbm library

py34-tkinter @3.4.10 (python, graphics)
Python bindings to the Tk widget set

py35-gdbm @3.5.10 (python, databases)
Python bindings to the GNU dbm library

py35-pyqt4 @4.12.1_3 (python, devel)
PyQt4 is a set of Python bindings for the Qt4 toolkit

py35-qscintilla-qt4 @2.11.6_1 (devel, python)
Python bindings for Qt4 QScintilla

py35-sip4 @4.19.25_2 (python, devel)
create Python bindings for C and C++ libraries

py35-tkinter @3.5.10 (python, graphics)
Python bindings to the Tk widget set

py35-x2go @0.4.0.9 (python, net)
Python bindings for the x2go terminal server solution.

py36-cairo @1.20.1 (python, graphics)
Pycairo is set of Python bindings for the cairo graphics library

py36-gdbm @3.6.15 (python, databases)
Python bindings to the GNU dbm library

py36-gobject3 @3.44.1 (python, gnome)
Python bindings for GObject, version 3

py36-pyqt4 @4.12.1_3 (python, devel)
PyQt4 is a set of Python bindings for the Qt4 toolkit

py36-qscintilla-qt4 @2.11.6_1 (devel, python)
Python bindings for Qt4 QScintilla

py36-sip4 @4.19.25_2 (python, devel)
create Python bindings for C and C++ libraries

py36-tkinter @3.6.15 (python, graphics)
Python bindings to the Tk widget set

py36-x2go @0.4.0.9 (python, net)
Python bindings for the x2go terminal server solution.

py37-gdbm @3.7.17 (python, databases)
Python bindings to the GNU dbm library

py37-poppler-qt4 @0.24.0_4 (python)
Python binding for Poppler-Qt4

py37-pyqt4 @4.12.1_3 (python, devel)
PyQt4 is a set of Python bindings for the Qt4 toolkit

py37-qscintilla-qt4 @2.11.6_1 (devel, python)
Python bindings for Qt4 QScintilla

py37-sip4 @4.19.25_2 (python, devel)
create Python bindings for C and C++ libraries

py37-tkinter @3.7.17 (python, graphics)
Python bindings to the Tk widget set

py38-gdbm @3.8.20 (python, databases)
Python bindings to the GNU dbm library

py38-pyqt4 @4.12.1_3 (python, devel)
PyQt4 is a set of Python bindings for the Qt4 toolkit

py38-qscintilla-qt4 @2.11.6_1 (devel, python)
Python bindings for Qt4 QScintilla

py38-sip4 @4.19.25_2 (python, devel)
create Python bindings for C and C++ libraries

py38-tkinter @3.8.20 (python, graphics)
Python bindings to the Tk widget set

py39-argon2-cffi-bindings @25.1.0 (python, devel)
Low-level CFFI bindings for Argon2

py39-brotlicffi @1.2.0.0 (python)
Python CFFI bindings to the Brotli library

py39-cairo @1.28.0 (python, graphics)
Pycairo is set of Python bindings for the cairo graphics library

py39-ephemeral-port-reserve @1.1.4 (python)
Bind to an ephemeral port, force it into the TIME_WAIT state, and unbind it.

py39-gdbm @3.9.25 (python, databases)
Python bindings to the GNU dbm library

py39-gmic @2.9.4-alpha1_6 (python, science)
Python binding for G'MIC - A Full-Featured Open-Source Framework for Image Processing

py39-gobject @2.28.7_2 (python, gnome)
Python bindings for GObject.

py39-gobject3 @3.50.0_2 (python, gnome)
Python bindings for GObject, version 3

py39-grpcio @1.48.4_13 (devel, python)
Python bindings for gRPC HTTP/2-based RPC framework

py39-lmdb @1.3.0 (python, databases)
Universal Python binding for the LMDB Lightning Database

py39-maturin @1.11.5 (python, devel)
Build and publish crates with pyo3, rust-cpython and cffi bindings as well as rust binaries as python packages.

py39-mpi4py @4.1.1 (python)
MPI for Python - Python bindings for MPI

py39-opengl @3.1.10 (python, graphics)
Python binding to OpenGL

py39-petsc4py @3.20.2 (python, math)
PETSc for Python - Python bindings for PETSc

py39-pybind11 @3.0.1 (python, devel)
Seamless operability between C++11 and Python.

py39-pygit2 @1.18.0 (python, devel)
Python bindings for libgit2

py39-pynacl @1.5.0_1 (python, devel)
Python binding to the Networking and Cryptography (NaCl) library

py39-pyqt4 @4.12.1_3 (python, devel)
PyQt4 is a set of Python bindings for the Qt4 toolkit

py39-pyqt5 @5.15.11 (python, devel)
PyQt5 is a set of Python bindings for the Qt5 toolkit

py39-qscintilla-qt4 @2.11.6_1 (devel, python)
Python bindings for Qt4 QScintilla

py39-rpds-py @0.30.0 (python, devel)
Python bindings to Rust's persistent data structures (rpds)

py39-sip @6.15.1 (python, devel)
A Python bindings generator for C/C++ libraries

py39-sip4 @4.19.25_2 (python, devel)
create Python bindings for C and C++ libraries

py39-tkinter @3.9.25 (python, graphics)
Python bindings to the Tk widget set

py39-zmq @27.1.0 (python, devel, net)
Python bindings for 0MQ

py310-argon2-cffi-bindings @25.1.0 (python, devel)
Low-level CFFI bindings for Argon2

py310-berkeleydb @18.1.14 (python, databases)
Python 3 bindings for Oracle Berkeley DB

py310-brotlicffi @1.2.0.0 (python)
Python CFFI bindings to the Brotli library

py310-bsddb3 @6.2.9_2 (python, databases)
Python 3 bindings for Oracle Berkeley DB

py310-cairo @1.29.0 (python, graphics)
Pycairo is set of Python bindings for the cairo graphics library

py310-clang @14 (python)
Python bindings for clang

py310-cramjam @2.10.0 (python)
Extremely thin and easy-to-install Python bindings to de/compression algorithms in Rust

py310-cwcwidth @0.1.12 (python)
Python bindings for wc(s)width

py310-dlib @19.24.6_1 (math, python, math)
Python 3.10 bindings for Modern C++ toolkit for machine learning, image processing, and more.

py310-enchant @3.3.0 (python, textproc)
Python bindings for the Enchant spellchecking system

py310-ephemeral-port-reserve @1.1.4 (python)
Bind to an ephemeral port, force it into the TIME_WAIT state, and unbind it.

py310-faiss @1.7.3_1 (math, python)
Python 3.10 bindings for Efficient similarity search library from Facebook AI Research.

py310-freetype @2.5.1 (python)
Freetype Python provides bindings for the FreeType library.

py310-gdbm @3.10.19 (python, databases)
Python bindings to the GNU dbm library

py310-geojson @3.2.0 (python, gis)
Python bindings and utilities for GeoJSON

py310-gobject3 @3.50.0_2 (python, gnome)
Python bindings for GObject, version 3

py310-grpcio @1.48.4_13 (devel, python)
Python bindings for gRPC HTTP/2-based RPC framework

py310-hid @1.0.5 (python, comms)
Python hidapi bindings in ctypes (aka pyhidapi)

py310-InsightToolkit @5.4.4_1 (graphics, science, devel, python)
Python 3.10 bindings for Insight Segmentation and Registration Toolkit (ITK)

py310-InsightToolkit4 @4.13.3_5 (graphics, science, devel, python)
Python 3.10 bindings for Insight Segmentation and Registration Toolkit (ITK)

py310-krb5 @0.8.0 (python, net, security)
Kerberos API bindings for Python

py310-libnewt @0.52.25 (devel, python)
python 3.10 bindings (the "snack" module) for libnewt

py310-libsass @0.23.0 (python, devel)
Python binding for libsass

py310-libsvm @3.36 (math, python)
Python 3.10 bindings for libsvm

py310-libtmux @0.53.0 (python, devel)
Python binding for tmux

py310-libvirt @11.8.0 (python)
The libvirt virtualization API python binding

py310-libxml2 @2.13.9 (python, textproc)
Python bindings for libxml2

py310-libxslt @1.1.43 (textproc, python)
Python bindings for libxslt

py310-llfuse @1.5.1 (python, devel, fuse)
Python bindings for the low-level FUSE API

py310-llvmlite @0.46.0 (python, devel, science)
A lightweight LLVM python binding for writing JIT compilers

py310-lmdb @1.3.0 (python, databases)
Universal Python binding for the LMDB Lightning Database

py310-lz4 @4.4.4 (python)
LZ4 bindings for Python

py310-mailmanclient @3.3.5 (python, mail)
Python bindings for Mailman REST API

py310-maturin @1.11.5 (python, devel)
Build and publish crates with pyo3, rust-cpython and cffi bindings as well as rust binaries as python packages.

py310-moderngl @5.6.4 (python)
Modern OpenGL binding for python

py310-mpi4py @4.1.1 (python)
MPI for Python - Python bindings for MPI

py310-mupdf @1.24.2 (python, graphics)
Python bindings for MuPDF, a lightweight PDF, XPS, and E-book viewer, renderer and toolkit

py310-murmurhash @1.0.10 (python)
Cython bindings for MurmurHash2

py310-musicbrainzngs @0.7.1 (python, multimedia)
Python bindings for Musicbrainz' NGS webservice

py310-nanobind @2.11.0 (python, devel)
nanobind: tiny and efficient C++/Python bindings

py310-olm @3.2.16 (devel, security, python)
olm bindings for Python 3.10

py310-opengl @3.1.10 (python, graphics)
Python binding to OpenGL

py310-openslide @1.4.3 (python, graphics)
Python binding for the OpenSlide library.

py310-orfeotoolbox @9.1.1_2 (gis, python)
Python 3.10 bindings for orfeotoolbox

py310-petsc4py @3.20.2 (python, math)
PETSc for Python - Python bindings for PETSc

py310-pivy @0.6.2 (python)
Pivy is a Coin binding for Python.

py310-polygon @3.0.9.1 (python, devel, math)
Python bindings for General Polygon Clipping Library

py310-poppler-qt5 @21.3.0_1 (python)
Python binding for Poppler-Qt5

py310-pyaudio @0.2.11_1 (python, audio)
PyAudio provides Python bindings for PortAudio

py310-pybind11 @3.0.1 (python, devel)
Seamless operability between C++11 and Python.

py310-pybind11-stubgen @0.12.0 (python, devel)
generates stubs for python modules

py310-pybox2d @2.3.10 (python)
Python Box2D Bindings - 2D Physics

py310-pygit2 @1.18.0 (python, devel)
Python bindings for libgit2

py310-pylzma @0.6.0 (python, archivers)
Python bindings for the LZMA compression library.

py310-pynacl @1.5.0_1 (python, devel)
Python binding to the Networking and Cryptography (NaCl) library

py310-pyqt4 @4.12.1_3 (python, devel)
PyQt4 is a set of Python bindings for the Qt4 toolkit

py310-pyqt5 @5.15.11 (python, devel)
PyQt5 is a set of Python bindings for the Qt5 toolkit

py310-pyqt5-chart @5.15.7 (python, devel)
PyQt5 Chart bindings

py310-pyqt5-scintilla @2.14.1 (python, devel)
PyQt5 bindings for the QScintilla programmers editor widget

py310-pyqt5-webengine @5.15.7 (python, devel)
PyQt5 Webengine bindings

py310-pyqt6 @6.10.2 (python, devel)
PyQt6 is a set of Python bindings for the Qt6 toolkit

py310-pyqt6-3d @6.10.0 (python, devel)
Python bindings for the Qt 3D framework

py310-pyqt6-charts @6.10.0 (python, devel)
Python bindings for the Qt Charts library

py310-pyqt6-datavisualization @6.10.0 (python, devel)
Python bindings for the Qt Data Visualization library

py310-pyqt6-networkauth @6.10.0 (python, devel)
Python bindings for the Qt Network Authorization library

py310-pyqt6-scintilla @2.14.1 (python, devel)
PyQt6 bindings for the QScintilla programmers editor widget

py310-pyqt6-webengine @6.10.0 (python, devel)
Python bindings for the Qt WebEngine framework

py310-pysaga @9.11.1 (gis, python)
PySAGA, Python 3.10 bindings for SAGA

py310-pyside @1.2.4 (python, devel)
LGPL-licensed Python bindings for Qt

py310-pyside2 @5.15.18 (python, devel, aqua)
Python bindings for the Qt cross-platform application and UI framework

py310-pyside6 @6.7.3_1 (python, devel, aqua)
Python bindings for the Qt cross-platform application and UI framework

py310-pysimdjson @7.0.2 (python, devel)
SimdJson bindings for Python

py310-python-augeas @1.1.0_1 (python)
Python bindings for Augeas

py310-pyzstd @0.18.0 (python)
Python bindings to Zstandard (zstd) compression library, the API is similar to Python's bz2/lzma/zlib module.

py310-qscintilla-qt4 @2.11.6_1 (devel, python)
Python bindings for Qt4 QScintilla

py310-rpds-py @0.30.0 (python, devel)
Python bindings to Rust's persistent data structures (rpds)

py310-rsgislib @5.2.1 (gis, python)
Python 3.10 bindings for RSGISlib - Remote Sensing and GIS Library

py310-samplerate @0.2.1 (python)
Monolithic python wrapper for libsamplerate based on pybind11 and NumPy

py310-scamper @20260105 (net, python)
Python 3.10 bindings for scamper

py310-scikit-hep-boost-histogram @1.4.0 (python)
Python bindings for Boost::Histogram.

py310-selenium @4.38.0 (python)
Python language bindings for Selenium WebDriver

py310-shiboken @1.2.4_2 (python, devel)
Plugin for generatorrunner that generates python bindings for C++ libraries

py310-sip @6.15.1 (python, devel)
A Python bindings generator for C/C++ libraries

py310-sip4 @4.19.25_2 (python, devel)
create Python bindings for C and C++ libraries

py310-slepc4py @3.18.2 (python, math)
SLEPc for Python - Python bindings for SLEPc

py310-thrift @0.20.0 (python)
Python bindings to Thrift

py310-tkinter @3.10.19 (python, graphics)
Python bindings to the Tk widget set

py310-visa @1.11.3 (python, science)
Python binding to VISA instrument protocol

py310-wand @0.6.13 (python, graphics)
Ctypes-based simple MagickWand API binding for Python

py310-xmlsec @1.3.17 (python, security, textproc)
A set of Python bindings for the XML Security Library.

py310-xxhash @3.6.0 (python, devel)
Python binding for xxHash

py310-yara @4.5.4 (security, python)
yara bindings for python 3.10

py310-z3 @4.15.4 (python, python)
Python 3.10 bindings for the Z3 theorem prover

py310-zmq @27.1.0 (python, devel, net)
Python bindings for 0MQ

py311-argon2-cffi-bindings @25.1.0 (python, devel)
Low-level CFFI bindings for Argon2

py311-berkeleydb @18.1.14 (python, databases)
Python 3 bindings for Oracle Berkeley DB

py311-brotlicffi @1.2.0.0 (python)
Python CFFI bindings to the Brotli library

py311-bsddb3 @6.2.9_2 (python, databases)
Python 3 bindings for Oracle Berkeley DB

py311-cairo @1.29.0 (python, graphics)
Pycairo is set of Python bindings for the cairo graphics library

py311-clang @14 (python)
Python bindings for clang

py311-cramjam @2.10.0 (python)
Extremely thin and easy-to-install Python bindings to de/compression algorithms in Rust

py311-cwcwidth @0.1.12 (python)
Python bindings for wc(s)width

py311-dlib @19.24.6_1 (math, python, math)
Python 3.11 bindings for Modern C++ toolkit for machine learning, image processing, and more.

py311-enchant @3.3.0 (python, textproc)
Python bindings for the Enchant spellchecking system

py311-ephemeral-port-reserve @1.1.4 (python)
Bind to an ephemeral port, force it into the TIME_WAIT state, and unbind it.

py311-freetype @2.5.1 (python)
Freetype Python provides bindings for the FreeType library.

py311-gdbm @3.11.14 (python, databases)
Python bindings to the GNU dbm library

py311-geojson @3.2.0 (python, gis)
Python bindings and utilities for GeoJSON

py311-gobject3 @3.50.0_2 (python, gnome)
Python bindings for GObject, version 3

py311-hid @1.0.5 (python, comms)
Python hidapi bindings in ctypes (aka pyhidapi)

py311-InsightToolkit @5.4.4_1 (graphics, science, devel, python)
Python 3.11 bindings for Insight Segmentation and Registration Toolkit (ITK)

py311-InsightToolkit4 @4.13.3_5 (graphics, science, devel, python)
Python 3.11 bindings for Insight Segmentation and Registration Toolkit (ITK)

py311-krb5 @0.8.0 (python, net, security)
Kerberos API bindings for Python

py311-leveldb @0.201 (python, databases)
Python bindings for leveldb database library

py311-libnewt @0.52.25 (devel, python)
python 3.11 bindings (the "snack" module) for libnewt

py311-libsass @0.23.0 (python, devel)
Python binding for libsass

py311-libsvm @3.36 (math, python)
Python 3.11 bindings for libsvm

py311-libtmux @0.53.0 (python, devel)
Python binding for tmux

py311-libvirt @11.8.0 (python)
The libvirt virtualization API python binding

py311-libxml2 @2.13.9 (python, textproc)
Python bindings for libxml2

py311-libxslt @1.1.43 (textproc, python)
Python bindings for libxslt

py311-llfuse @1.5.1 (python, devel, fuse)
Python bindings for the low-level FUSE API

py311-llvmlite @0.46.0 (python, devel, science)
A lightweight LLVM python binding for writing JIT compilers

py311-lz4 @4.4.4 (python)
LZ4 bindings for Python

py311-mailmanclient @3.3.5 (python, mail)
Python bindings for Mailman REST API

py311-maturin @1.11.5 (python, devel)
Build and publish crates with pyo3, rust-cpython and cffi bindings as well as rust binaries as python packages.

py311-mpi4py @4.1.1 (python)
MPI for Python - Python bindings for MPI

py311-mupdf @1.24.2 (python, graphics)
Python bindings for MuPDF, a lightweight PDF, XPS, and E-book viewer, renderer and toolkit

py311-murmurhash @1.0.10 (python)
Cython bindings for MurmurHash2

py311-musicbrainzngs @0.7.1 (python, multimedia)
Python bindings for Musicbrainz' NGS webservice

py311-nanobind @2.11.0 (python, devel)
nanobind: tiny and efficient C++/Python bindings

py311-olm @3.2.16 (devel, security, python)
olm bindings for Python 3.11

py311-opengl @3.1.10 (python, graphics)
Python binding to OpenGL

py311-openslide @1.4.3 (python, graphics)
Python binding for the OpenSlide library.

py311-orfeotoolbox @9.1.1_2 (gis, python)
Python 3.11 bindings for orfeotoolbox

py311-petsc4py @3.20.2 (python, math)
PETSc for Python - Python bindings for PETSc

py311-polygon @3.0.9.1 (python, devel, math)
Python bindings for General Polygon Clipping Library

py311-poppler-qt5 @21.3.0_1 (python)
Python binding for Poppler-Qt5

py311-pybind11 @3.0.1 (python, devel)
Seamless operability between C++11 and Python.

py311-pybind11-stubgen @0.12.0 (python, devel)
generates stubs for python modules

py311-pybox2d @2.3.10 (python)
Python Box2D Bindings - 2D Physics

py311-pygit2 @1.18.0 (python, devel)
Python bindings for libgit2

py311-pylzma @0.6.0 (python, archivers)
Python bindings for the LZMA compression library.

py311-pynacl @1.5.0_1 (python, devel)
Python binding to the Networking and Cryptography (NaCl) library

py311-pyqt5 @5.15.11 (python, devel)
PyQt5 is a set of Python bindings for the Qt5 toolkit

py311-pyqt5-chart @5.15.7 (python, devel)
PyQt5 Chart bindings

py311-pyqt5-scintilla @2.14.1 (python, devel)
PyQt5 bindings for the QScintilla programmers editor widget

py311-pyqt5-webengine @5.15.7 (python, devel)
PyQt5 Webengine bindings

py311-pyqt6 @6.10.2 (python, devel)
PyQt6 is a set of Python bindings for the Qt6 toolkit

py311-pyqt6-3d @6.10.0 (python, devel)
Python bindings for the Qt 3D framework

py311-pyqt6-charts @6.10.0 (python, devel)
Python bindings for the Qt Charts library

py311-pyqt6-datavisualization @6.10.0 (python, devel)
Python bindings for the Qt Data Visualization library

py311-pyqt6-networkauth @6.10.0 (python, devel)
Python bindings for the Qt Network Authorization library

py311-pyqt6-scintilla @2.14.1 (python, devel)
PyQt6 bindings for the QScintilla programmers editor widget

py311-pyqt6-webengine @6.10.0 (python, devel)
Python bindings for the Qt WebEngine framework

py311-pysaga @9.11.1 (gis, python)
PySAGA, Python 3.11 bindings for SAGA

py311-pyside @1.2.4 (python, devel)
LGPL-licensed Python bindings for Qt

py311-pyside2 @5.15.18 (python, devel, aqua)
Python bindings for the Qt cross-platform application and UI framework

py311-pyside6 @6.7.3_1 (python, devel, aqua)
Python bindings for the Qt cross-platform application and UI framework

py311-pysimdjson @7.0.2 (python, devel)
SimdJson bindings for Python

py311-python-augeas @1.1.0_1 (python)
Python bindings for Augeas

py311-pyzstd @0.18.0 (python)
Python bindings to Zstandard (zstd) compression library, the API is similar to Python's bz2/lzma/zlib module.

py311-rpds-py @0.30.0 (python, devel)
Python bindings to Rust's persistent data structures (rpds)

py311-rsgislib @5.2.1 (gis, python)
Python 3.11 bindings for RSGISlib - Remote Sensing and GIS Library

py311-samplerate @0.2.1 (python)
Monolithic python wrapper for libsamplerate based on pybind11 and NumPy

py311-scamper @20260105 (net, python)
Python 3.11 bindings for scamper

py311-scikit-hep-boost-histogram @1.4.0 (python)
Python bindings for Boost::Histogram.

py311-selenium @4.38.0 (python)
Python language bindings for Selenium WebDriver

py311-shiboken @1.2.4_2 (python, devel)
Plugin for generatorrunner that generates python bindings for C++ libraries

py311-sip @6.15.1 (python, devel)
A Python bindings generator for C/C++ libraries

py311-slepc4py @3.18.2 (python, math)
SLEPc for Python - Python bindings for SLEPc

py311-thrift @0.20.0 (python)
Python bindings to Thrift

py311-tkinter @3.11.14 (python, graphics)
Python bindings to the Tk widget set

py311-wand @0.6.13 (python, graphics)
Ctypes-based simple MagickWand API binding for Python

py311-xmlsec @1.3.17 (python, security, textproc)
A set of Python bindings for the XML Security Library.

py311-xxhash @3.6.0 (python, devel)
Python binding for xxHash

py311-yara @4.5.4 (security, python)
yara bindings for python 3.11

py311-z3 @4.15.4 (python, python)
Python 3.11 bindings for the Z3 theorem prover

py311-zmq @27.1.0 (python, devel, net)
Python bindings for 0MQ

py312-argon2-cffi-bindings @25.1.0 (python, devel)
Low-level CFFI bindings for Argon2

py312-berkeleydb @18.1.14 (python, databases)
Python 3 bindings for Oracle Berkeley DB

py312-brotlicffi @1.2.0.0 (python)
Python CFFI bindings to the Brotli library

py312-bsddb3 @6.2.9_2 (python, databases)
Python 3 bindings for Oracle Berkeley DB

py312-cairo @1.29.0 (python, graphics)
Pycairo is set of Python bindings for the cairo graphics library

py312-chm @0.8.6 (python, textproc)
PyCHM is a set of Python bindings for Jed Wing's chmlib.

py312-clang @14 (python)
Python bindings for clang

py312-cramjam @2.10.0 (python)
Extremely thin and easy-to-install Python bindings to de/compression algorithms in Rust

py312-ctags @1.6.0 (python)
Exuberant Ctags indexing python bindings

py312-cwcwidth @0.1.12 (python)
Python bindings for wc(s)width

py312-dlib @19.24.6_1 (math, python, math)
Python 3.12 bindings for Modern C++ toolkit for machine learning, image processing, and more.

py312-enchant @3.3.0 (python, textproc)
Python bindings for the Enchant spellchecking system

py312-ephemeral-port-reserve @1.1.4 (python)
Bind to an ephemeral port, force it into the TIME_WAIT state, and unbind it.

py312-fann2 @1.2.0_1 (python, science)
Python bindings for Fast Artificial Neural Networks 2.2.0 (FANN >= 2.2.0).

py312-freetype @2.5.1 (python)
Freetype Python provides bindings for the FreeType library.

py312-gdbm @3.12.12 (python, databases)
Python bindings to the GNU dbm library

py312-geojson @3.2.0 (python, gis)
Python bindings and utilities for GeoJSON

py312-gobject3 @3.50.0_2 (python, gnome)
Python bindings for GObject, version 3

py312-InsightToolkit @5.4.4_1 (graphics, science, devel, python)
Python 3.12 bindings for Insight Segmentation and Registration Toolkit (ITK)

py312-InsightToolkit4 @4.13.3_5 (graphics, science, devel, python)
Python 3.12 bindings for Insight Segmentation and Registration Toolkit (ITK)

py312-krb5 @0.8.0 (python, net, security)
Kerberos API bindings for Python

py312-lal @7.6.0 (science, python)
Python 3.12 bindings for LSC Algorithm Library

py312-lalburst @2.0.5 (science, python)
Python 3.12 bindings for LSC Algorithm Library - Burst

py312-lalframe @3.0.5 (science, python)
Python 3.12 bindings for LSC Algorithm Library - Frame

py312-lalinference @4.1.7 (science, python)
Python 3.12 bindings for LSC Algorithm Library - Inference

py312-lalinspiral @5.0.1 (science, python)
Python 3.12 bindings for LSC Algorithm Library - Inspiral

py312-lalmetaio @4.0.5 (science, python)
Python 3.12 bindings for LSC Algorithm Library - MetaIO

py312-lalpulsar @7.0.0 (science, python)
Python 3.12 bindings for LSC Algorithm Library - Pulsar

py312-lalsimulation @6.0.0 (science, python)
Python 3.12 bindings for LSC Algorithm Library - Simulation

py312-libnewt @0.52.25 (devel, python)
python 3.12 bindings (the "snack" module) for libnewt

py312-libsass @0.23.0 (python, devel)
Python binding for libsass

py312-libsvm @3.36 (math, python)
Python 3.12 bindings for libsvm

py312-libtmux @0.53.0 (python, devel)
Python binding for tmux

py312-libvirt @11.8.0 (python)
The libvirt virtualization API python binding

py312-libxml2 @2.13.9 (python, textproc)
Python bindings for libxml2

py312-libxslt @1.1.43 (textproc, python)
Python bindings for libxslt

py312-llfuse @1.5.1 (python, devel, fuse)
Python bindings for the low-level FUSE API

py312-llvmlite @0.46.0 (python, devel, science)
A lightweight LLVM python binding for writing JIT compilers

py312-lz4 @4.4.4 (python)
LZ4 bindings for Python

py312-mailmanclient @3.3.5 (python, mail)
Python bindings for Mailman REST API

py312-maturin @1.11.5 (python, devel)
Build and publish crates with pyo3, rust-cpython and cffi bindings as well as rust binaries as python packages.

py312-misaka @2.1.1 (python)
A CFFI binding for Hoedown, a markdown parsing library

py312-mpi4py @4.1.1 (python)
MPI for Python - Python bindings for MPI

py312-mupdf @1.24.2 (python, graphics)
Python bindings for MuPDF, a lightweight PDF, XPS, and E-book viewer, renderer and toolkit

py312-murmurhash @1.0.10 (python)
Cython bindings for MurmurHash2

py312-musicbrainzngs @0.7.1 (python, multimedia)
Python bindings for Musicbrainz' NGS webservice

py312-nanobind @2.11.0 (python, devel)
nanobind: tiny and efficient C++/Python bindings

py312-olm @3.2.16 (devel, security, python)
olm bindings for Python 3.12

py312-opengl @3.1.10 (python, graphics)
Python binding to OpenGL

py312-openslide @1.4.3 (python, graphics)
Python binding for the OpenSlide library.

py312-orfeotoolbox @9.1.1_2 (gis, python)
Python 3.12 bindings for orfeotoolbox

py312-polygon @3.0.9.1 (python, devel, math)
Python bindings for General Polygon Clipping Library

py312-pybind11 @3.0.1 (python, devel)
Seamless operability between C++11 and Python.

py312-pybox2d @2.3.10 (python)
Python Box2D Bindings - 2D Physics

py312-pygit2 @1.18.0 (python, devel)
Python bindings for libgit2

py312-pylzma @0.6.0 (python, archivers)
Python bindings for the LZMA compression library.

py312-pynacl @1.5.0_1 (python, devel)
Python binding to the Networking and Cryptography (NaCl) library

py312-pyqt5 @5.15.11 (python, devel)
PyQt5 is a set of Python bindings for the Qt5 toolkit

py312-pyqt5-chart @5.15.7 (python, devel)
PyQt5 Chart bindings

py312-pyqt5-scintilla @2.14.1 (python, devel)
PyQt5 bindings for the QScintilla programmers editor widget

py312-pyqt5-webengine @5.15.7 (python, devel)
PyQt5 Webengine bindings

py312-pyqt6 @6.10.2 (python, devel)
PyQt6 is a set of Python bindings for the Qt6 toolkit

py312-pyqt6-3d @6.10.0 (python, devel)
Python bindings for the Qt 3D framework

py312-pyqt6-charts @6.10.0 (python, devel)
Python bindings for the Qt Charts library

py312-pyqt6-datavisualization @6.10.0 (python, devel)
Python bindings for the Qt Data Visualization library

py312-pyqt6-networkauth @6.10.0 (python, devel)
Python bindings for the Qt Network Authorization library

py312-pyqt6-scintilla @2.14.1 (python, devel)
PyQt6 bindings for the QScintilla programmers editor widget

py312-pyqt6-webengine @6.10.0 (python, devel)
Python bindings for the Qt WebEngine framework

py312-pysaga @9.11.1 (gis, python)
PySAGA, Python 3.12 bindings for SAGA

py312-pyside6 @6.7.3_1 (python, devel, aqua)
Python bindings for the Qt cross-platform application and UI framework

py312-pysimdjson @7.0.2 (python, devel)
SimdJson bindings for Python

py312-python-augeas @1.1.0_1 (python)
Python bindings for Augeas

py312-pyzstd @0.18.0 (python)
Python bindings to Zstandard (zstd) compression library, the API is similar to Python's bz2/lzma/zlib module.

py312-rpds-py @0.30.0 (python, devel)
Python bindings to Rust's persistent data structures (rpds)

py312-rsgislib @5.2.1 (gis, python)
Python 3.12 bindings for RSGISlib - Remote Sensing and GIS Library

py312-samplerate @0.2.1 (python)
Monolithic python wrapper for libsamplerate based on pybind11 and NumPy

py312-scamper @20260105 (net, python)
Python 3.12 bindings for scamper

py312-selenium @4.38.0 (python)
Python language bindings for Selenium WebDriver

py312-sip @6.15.1 (python, devel)
A Python bindings generator for C/C++ libraries

py312-tkinter @3.12.12 (python, graphics)
Python bindings to the Tk widget set

py312-triangle @20230923 (python, science, math)
Python binding to the triangle library

py312-wand @0.6.13 (python, graphics)
Ctypes-based simple MagickWand API binding for Python

py312-xmlsec @1.3.17 (python, security, textproc)
A set of Python bindings for the XML Security Library.

py312-xxhash @3.6.0 (python, devel)
Python binding for xxHash

py312-yara @4.5.4 (security, python)
yara bindings for python 3.12

py312-z3 @4.15.4 (python, python)
Python 3.12 bindings for the Z3 theorem prover

py312-zmq @27.1.0 (python, devel, net)
Python bindings for 0MQ

py313-argon2-cffi-bindings @25.1.0 (python, devel)
Low-level CFFI bindings for Argon2

py313-berkeleydb @18.1.14 (python, databases)
Python 3 bindings for Oracle Berkeley DB

py313-brotlicffi @1.2.0.0 (python)
Python CFFI bindings to the Brotli library

py313-bsddb3 @6.2.9_2 (python, databases)
Python 3 bindings for Oracle Berkeley DB

py313-cairo @1.29.0 (python, graphics)
Pycairo is set of Python bindings for the cairo graphics library

py313-clang @14 (python)
Python bindings for clang

py313-cramjam @2.10.0 (python)
Extremely thin and easy-to-install Python bindings to de/compression algorithms in Rust

py313-cwcwidth @0.1.12 (python)
Python bindings for wc(s)width

py313-discid @1.3.0 (python, audio, devel)
Python bindings for libdiscid by MusicBrainz.

py313-enchant @3.3.0 (python, textproc)
Python bindings for the Enchant spellchecking system

py313-ephemeral-port-reserve @1.1.4 (python)
Bind to an ephemeral port, force it into the TIME_WAIT state, and unbind it.

py313-fasttext @0.9.2_1 (textproc, python)
Python bindings for fasttext

py313-freetype @2.5.1 (python)
Freetype Python provides bindings for the FreeType library.

py313-gdbm @3.13.11 (python, databases)
Python bindings to the GNU dbm library

py313-geojson @3.2.0 (python, gis)
Python bindings and utilities for GeoJSON

py313-gobject3 @3.50.0_2 (python, gnome)
Python bindings for GObject, version 3

py313-InsightToolkit @5.4.4_1 (graphics, science, devel, python)
Python 3.13 bindings for Insight Segmentation and Registration Toolkit (ITK)

py313-InsightToolkit4 @4.13.3_5 (graphics, science, devel, python)
Python 3.13 bindings for Insight Segmentation and Registration Toolkit (ITK)

py313-krb5 @0.8.0 (python, net, security)
Kerberos API bindings for Python

py313-libnacl @2.1.0 (python, net)
Python binding for libsodium

py313-libnewt @0.52.25 (devel, python)
python 3.13 bindings (the "snack" module) for libnewt

py313-libsass @0.23.0 (python, devel)
Python binding for libsass

py313-libsvm @3.36 (math, python)
Python 3.13 bindings for libsvm

py313-libtmux @0.53.0 (python, devel)
Python binding for tmux

py313-libvirt @11.8.0 (python)
The libvirt virtualization API python binding

py313-libxml2 @2.13.9 (python, textproc)
Python bindings for libxml2

py313-llfuse @1.5.1 (python, devel, fuse)
Python bindings for the low-level FUSE API

py313-llvmlite @0.46.0 (python, devel, science)
A lightweight LLVM python binding for writing JIT compilers

py313-lz4 @4.4.4 (python)
LZ4 bindings for Python

py313-mailmanclient @3.3.5 (python, mail)
Python bindings for Mailman REST API

py313-maturin @1.11.5 (python, devel)
Build and publish crates with pyo3, rust-cpython and cffi bindings as well as rust binaries as python packages.

py313-mpi4py @4.1.1 (python)
MPI for Python - Python bindings for MPI

py313-murmurhash @1.0.10 (python)
Cython bindings for MurmurHash2

py313-musicbrainzngs @0.7.1 (python, multimedia)
Python bindings for Musicbrainz' NGS webservice

py313-nanobind @2.11.0 (python, devel)
nanobind: tiny and efficient C++/Python bindings

py313-nds2-client @0.16.12 (science, python)
Python 313 bindings for Network Data Server Client

py313-omniORBpy @4.3.4 (python, devel)
Python bindings for omniORB

py313-opengl @3.1.10 (python, graphics)
Python binding to OpenGL

py313-openslide @1.4.3 (python, graphics)
Python binding for the OpenSlide library.

py313-orfeotoolbox @9.1.1_2 (gis, python)
Python 3.13 bindings for orfeotoolbox

py313-petsc4py @3.20.2 (python, math)
PETSc for Python - Python bindings for PETSc

py313-pybind11 @3.0.1 (python, devel)
Seamless operability between C++11 and Python.

py313-pycrlibm @1.0.3 (python, math)
Python bindings for CRlibm

py313-pygit2 @1.18.0 (python, devel)
Python bindings for libgit2

py313-pylzma @0.6.0 (python, archivers)
Python bindings for the LZMA compression library.

py313-pynacl @1.5.0_1 (python, devel)
Python binding to the Networking and Cryptography (NaCl) library

py313-pyqt5 @5.15.11 (python, devel)
PyQt5 is a set of Python bindings for the Qt5 toolkit

py313-pyqt5-chart @5.15.7 (python, devel)
PyQt5 Chart bindings

py313-pyqt5-scintilla @2.14.1 (python, devel)
PyQt5 bindings for the QScintilla programmers editor widget

py313-pyqt5-webengine @5.15.7 (python, devel)
PyQt5 Webengine bindings

py313-pyqt6 @6.10.2 (python, devel)
PyQt6 is a set of Python bindings for the Qt6 toolkit

py313-pyqt6-3d @6.10.0 (python, devel)
Python bindings for the Qt 3D framework

py313-pyqt6-charts @6.10.0 (python, devel)
Python bindings for the Qt Charts library

py313-pyqt6-datavisualization @6.10.0 (python, devel)
Python bindings for the Qt Data Visualization library

py313-pyqt6-networkauth @6.10.0 (python, devel)
Python bindings for the Qt Network Authorization library

py313-pyqt6-scintilla @2.14.1 (python, devel)
PyQt6 bindings for the QScintilla programmers editor widget

py313-pyqt6-webengine @6.10.0 (python, devel)
Python bindings for the Qt WebEngine framework

py313-pysaga @9.11.1 (gis, python)
PySAGA, Python 3.13 bindings for SAGA

py313-pyside6 @6.7.3_1 (python, devel, aqua)
Python bindings for the Qt cross-platform application and UI framework

py313-pysimdjson @7.0.2 (python, devel)
SimdJson bindings for Python

py313-python-augeas @1.1.0_1 (python)
Python bindings for Augeas

py313-pyzstd @0.18.0 (python)
Python bindings to Zstandard (zstd) compression library, the API is similar to Python's bz2/lzma/zlib module.

py313-rpds-py @0.30.0 (python, devel)
Python bindings to Rust's persistent data structures (rpds)

py313-rsgislib @5.2.1 (gis, python)
Python 3.13 bindings for RSGISlib - Remote Sensing and GIS Library

py313-samplerate @0.2.1 (python)
Monolithic python wrapper for libsamplerate based on pybind11 and NumPy

py313-scamper @20260105 (net, python)
Python 3.13 bindings for scamper

py313-selenium @4.38.0 (python)
Python language bindings for Selenium WebDriver

py313-sip @6.15.1 (python, devel)
A Python bindings generator for C/C++ libraries

py313-tkinter @3.13.11 (python, graphics)
Python bindings to the Tk widget set

py313-xmlsec @1.3.17 (python, security, textproc)
A set of Python bindings for the XML Security Library.

py313-xxhash @3.6.0 (python, devel)
Python binding for xxHash

py313-yara @4.5.4 (security, python)
yara bindings for python 3.13

py313-z3 @4.15.4 (python, python)
Python 3.13 bindings for the Z3 theorem prover

py313-zmq @27.1.0 (python, devel, net)
Python bindings for 0MQ

py314-argon2-cffi-bindings @25.1.0 (python, devel)
Low-level CFFI bindings for Argon2

py314-brotlicffi @1.2.0.0 (python)
Python CFFI bindings to the Brotli library

py314-cairo @1.29.0 (python, graphics)
Pycairo is set of Python bindings for the cairo graphics library

py314-clang @14 (python)
Python bindings for clang

py314-enchant @3.3.0 (python, textproc)
Python bindings for the Enchant spellchecking system

py314-ephemeral-port-reserve @1.1.4 (python)
Bind to an ephemeral port, force it into the TIME_WAIT state, and unbind it.

py314-freetype @2.5.1 (python)
Freetype Python provides bindings for the FreeType library.

py314-gdbm @3.14.2 (python, databases)
Python bindings to the GNU dbm library

py314-geojson @3.2.0 (python, gis)
Python bindings and utilities for GeoJSON

py314-gobject3 @3.50.0_2 (python, gnome)
Python bindings for GObject, version 3

py314-krb5 @0.8.0 (python, net, security)
Kerberos API bindings for Python

py314-libsass @0.23.0 (python, devel)
Python binding for libsass

py314-libtmux @0.53.0 (python, devel)
Python binding for tmux

py314-libvirt @11.8.0 (python)
The libvirt virtualization API python binding

py314-libxml2 @2.13.9 (python, textproc)
Python bindings for libxml2

py314-llvmlite @0.46.0 (python, devel, science)
A lightweight LLVM python binding for writing JIT compilers

py314-lz4 @4.4.4 (python)
LZ4 bindings for Python

py314-maturin @1.11.5 (python, devel)
Build and publish crates with pyo3, rust-cpython and cffi bindings as well as rust binaries as python packages.

py314-mpi4py @4.1.1 (python)
MPI for Python - Python bindings for MPI

py314-nanobind @2.11.0 (python, devel)
nanobind: tiny and efficient C++/Python bindings

py314-nds2-client @0.16.12 (science, python)
Python 314 bindings for Network Data Server Client

py314-omniORBpy @4.3.4 (python, devel)
Python bindings for omniORB

py314-orfeotoolbox @9.1.1_2 (gis, python)
Python 3.14 bindings for orfeotoolbox

py314-pybind11 @3.0.1 (python, devel)
Seamless operability between C++11 and Python.

py314-pylzma @0.6.0 (python, archivers)
Python bindings for the LZMA compression library.

py314-pynacl @1.5.0_1 (python, devel)
Python binding to the Networking and Cryptography (NaCl) library

py314-pyqt5 @5.15.11 (python, devel)
PyQt5 is a set of Python bindings for the Qt5 toolkit

py314-pyqt5-chart @5.15.7 (python, devel)
PyQt5 Chart bindings

py314-pyqt5-scintilla @2.14.1 (python, devel)
PyQt5 bindings for the QScintilla programmers editor widget

py314-pyqt5-webengine @5.15.7 (python, devel)
PyQt5 Webengine bindings

py314-pyqt6 @6.10.2 (python, devel)
PyQt6 is a set of Python bindings for the Qt6 toolkit

py314-pyqt6-3d @6.10.0 (python, devel)
Python bindings for the Qt 3D framework

py314-pyqt6-charts @6.10.0 (python, devel)
Python bindings for the Qt Charts library

py314-pyqt6-datavisualization @6.10.0 (python, devel)
Python bindings for the Qt Data Visualization library

py314-pyqt6-networkauth @6.10.0 (python, devel)
Python bindings for the Qt Network Authorization library

py314-pyqt6-scintilla @2.14.1 (python, devel)
PyQt6 bindings for the QScintilla programmers editor widget

py314-pyqt6-webengine @6.10.0 (python, devel)
Python bindings for the Qt WebEngine framework

py314-pysaga @9.11.1 (gis, python)
PySAGA, Python 3.14 bindings for SAGA

py314-pyside6 @6.7.3_1 (python, devel, aqua)
Python bindings for the Qt cross-platform application and UI framework

py314-pysimdjson @7.0.2 (python, devel)
SimdJson bindings for Python

py314-python-augeas @1.1.0_1 (python)
Python bindings for Augeas

py314-pyzstd @0.18.0 (python)
Python bindings to Zstandard (zstd) compression library, the API is similar to Python's bz2/lzma/zlib module.

py314-rpds-py @0.30.0 (python, devel)
Python bindings to Rust's persistent data structures (rpds)

py314-rsgislib @5.2.1 (gis, python)
Python 3.14 bindings for RSGISlib - Remote Sensing and GIS Library

py314-scamper @20260105 (net, python)
Python 3.14 bindings for scamper

py314-selenium @4.38.0 (python)
Python language bindings for Selenium WebDriver

py314-sip @6.15.1 (python, devel)
A Python bindings generator for C/C++ libraries

py314-tkinter @3.14.2 (python, graphics)
Python bindings to the Tk widget set

py314-xmlsec @1.3.17 (python, security, textproc)
A set of Python bindings for the XML Security Library.

py314-xxhash @3.6.0 (python, devel)
Python binding for xxHash

py314-yara @4.5.4 (security, python)
yara bindings for python 3.14

py314-z3 @4.15.4 (python, python)
Python 3.14 bindings for the Z3 theorem prover

py314-zmq @27.1.0 (python, devel, net)
Python bindings for 0MQ

pybind11 @3.0.1 (devel)
Extension modules for pybind11, which provides seamless operability between C++11 and Python

pyotherside @1.6.2 (devel, qt5)
Asynchronous Python 3 Bindings for Qt 5

pypy-tkinter @7.3.9 (lang, python, graphics)
PyPy bindings for Python 2.7 to the Tk widget set

pypy36-tkinter @7.3.3_4 (lang, python, graphics)
PyPy bindings for Python 3.6 to the Tk widget set

pypy37-tkinter @7.3.9 (lang, python, graphics)
PyPy bindings for Python 3.7 to the Tk widget set

pypy38-tkinter @7.3.9 (lang, python, graphics)
PyPy bindings for Python 3.8 to the Tk widget set

pypy39-tkinter @7.3.9 (lang, python, graphics)
PyPy bindings for Python 3.9 to the Tk widget set

qtruby @4.14.3_3 (kde, kde4, devel)
Binding to Ruby for KDE.

qtscriptgenerator @0.2.0_1 (devel, kde4)
QtScript bindings generator.

qyoto @4.14.3_2 (kde, kde4, devel)
Binding to C# and .NET for KDE.

R-abind @1.4-8 (R, science)
Combine multidimensional arrays

R-anabel @3.0.1_1 (R, science)
Analysis of binding events + l

R-av @0.9.3 (R, science, multimedia)
Bindings to FFmpeg AV library for working with audio and video in R

R-bayesian @1.0.1 (R, science, math)
Bindings for Bayesian TidyModels

R-binda @1.0.4_2 (R, science, math)
Multi-class discriminant analysis using binary predictors

R-bindata @0.9-21 (R, science)
Generation of artificial binary data

R-bindr @0.1.1_1 (R, science, devel)
Parametrized active bindings

R-bindrcpp @0.2.3.9002_1 (R, science, devel)
Rcpp interface to active bindings

R-decido @0.3.0_1 (R, science, math)
Bindings for Mapbox ear cutting triangulation library

R-fstcore @0.9.18_2 (R, science, devel)
R bindings to the Fstlib library

R-gdalBindings @0.1.17_5 (R, science, gis)
GDAL classes wrapper for reading and writing raster blocks

R-gdalraster @1.11.1_3 (R, science, gis)
Bindings to the Geospatial Data Abstraction Library Raster API

R-git2r @0.35.0_1 (R, science, devel)
R bindings to the libgit2 library

R-lwgeom @0.2-15 (R, science, math, gis)
Bindings to selected liblwgeom functions for simple features

R-plogr @0.2.0_2 (R, science, devel)
R bindings for the plog C++ logging library

R-qlcal @0.0.12 (R, science)
R bindings to the calendaring functionality of QuantLib

R-RcppAnnoy @0.0.22_1 (R, science)
Rcpp bindings for Annoy, a library for approximate nearest neighbors

R-RcppBDT @0.2.6_2 (R, science, devel)
Rcpp bindings for Boost Date_Time

R-RcppCCTZ @0.2.12_2 (R, science)
Rcpp bindings for the CCTZ library

R-RcppCWB @0.6.4_1 (R, science, math)
Rcpp bindings for the C code of the Corpus Workbench (CWB)

R-RcppFastAD @0.0.4 (R, science, math)
Rcpp bindings to FastAD auto-differentiation

R-RcppFastFloat @0.0.4_1 (R, science)
Rcpp bindings for the fast_float header-only library for number parsing

R-RcppHNSW @0.6.0_1 (R, science)
Rcpp bindings for the approximate nearest neighbors library hnswlib

R-RcppMagicEnum @0.0.1 (R, science, devel)
Rcpp Bindings to Magic Enum C++ enum support

R-RcppQuantuccia @0.1.2_1 (R, science, finance)
R bindings to the calendaring functionality of QuantLib

R-RcppSimdJson @0.1.12_1 (R, science, devel)
Rcpp bindings for the simdjson header-only library for JSON parsing

R-RcppSMC @0.2.7_2 (R, science)
Rcpp bindings for Sequential Monte Carlo

R-RcppTOML @0.2.2_2 (R, science, devel)
Rcpp bindings to parser for TOML

R-redland @1.0.17-18_1 (R, science)
RDF library bindings in R

R-redux @1.1.4_2 (R, science, devel)
R bindings to hiredis

R-rgdal @1.6-7_10 (R, science, gis)
Bindings for the Geospatial Data Abstraction Library

R-RTMB @1.6 (R, science, math)
R bindings for TMB

R-rucrdtw @0.1.6_1 (R, science, math)
R bindings for the UCR suite for fast time series subsequence search

R-shinyAce @0.4.2_2 (R, science)
Ace editor bindings for Shiny

R-textshaping @0.4.1 (R, science, graphics)
Bindings to the HarfBuzz and Fribidi libraries

R-xml2 @1.3.6_3 (R, science, devel, textproc)
Bindings to libxml2

ranger @1.9.4_2 (sysutils)
ranger is a file manager with VI key bindings.

rb-atk @4.2.4 (ruby, gnome, devel)
Ruby/ATK is a Ruby binding of ATK-1.0.x

rb-audiofile @0.2.4_2 (ruby, audio)
A binding to the audofile library

rb-bzip2-ffi @1.1.1 (ruby, archivers)
Ruby bindings for libbz2

rb-cairo @1.17.13 (ruby, graphics)
Ruby bindings for Cairo

rb-cairo-gobject @4.2.4 (ruby, gnome, devel)
Ruby/CairoGObject is a Ruby binding of cairo-gobject

rb-clutter @4.2.4 (ruby, graphics)
Ruby/Clutter is a Ruby binding of Clutter

rb-clutter-gdk @4.2.4 (ruby, graphics)
Ruby/ClutterGDK is a Ruby binding of GDK-specific API of Clutter

rb-cocoa @1.2.0_1 (ruby, devel)
Ruby bindings for writing cocoa programs

rb-curb @1.0.6 (ruby, devel)
Ruby bindings for libcurl

rb-curses @1.4.7 (ruby, devel)
Ruby binding for curses, ncurses and PDCurses

rb-ffi-libarchive @1.1.14 (ruby, archivers)
Ruby FFI binding to libarchive

rb-ffi-portaudio @0.1.3 (ruby, audio)
Ruby bindings for PortAudio

rb-ffi-rzmq @2.0.7 (ruby, devel)
FFI bindings for ZeroMQ

rb-ffi-tk @2018.02.20 (ruby, x11)
FFI bindings to the Tk GUI toolkit

rb-fxruby @1.6.24 (ruby, x11)
Ruby bindings for the FOX GUI Toolkit.

rb-gd2 @1.1.1 (ruby)
Bindings for gd2 graphics library

rb-gdk3 @4.2.4 (ruby, gnome, devel)
Ruby/GDK3 is a Ruby binding of GDK-3.x

rb-gdk4 @4.2.4 (ruby, gnome, devel)
Ruby/GDK4 is a Ruby binding of GDK-4.x

rb-gdk_pixbuf2 @4.2.4 (ruby, gnome, devel)
Ruby/GdkPixbuf2 is a Ruby binding of GdkPixbuf-2.x

rb-gio2 @4.2.4 (ruby, gnome, devel)
Ruby/GIO2 provide Ruby binding to a VFS API

rb-glib2 @4.2.4 (ruby, gnome, devel)
Ruby/GLib2 provides base features for GLib2-based bindings

rb-gmp @0.7.43 (ruby, devel, math)
Ruby bindings to the GMP and MPFR libraries

rb-gnumeric @4.2.4 (ruby, gnome, science)
Ruby/Gnumeric is a Ruby binding of Gnumeric

rb-gobject-introspection @4.2.4 (ruby, gnome, devel)
Ruby/GObjectIntrospection provides bindings of GObject Introspection

rb-goffice @4.2.4 (ruby, gnome)
Ruby/GOFFICE is a Ruby binding of GOFFICE

rb-gpgme @2.0.24_2 (ruby, devel, crypto)
Ruby language binding of GPGME

rb-gsf @4.2.4 (ruby, devel)
Ruby/GSF is a Ruby binding of GSF

rb-gtk3 @4.2.4 (ruby, gnome, devel)
Ruby/GTK3 is a Ruby binding of GTK+-3.x

rb-gtk4 @4.2.4 (ruby, gnome, devel)
Ruby/GTK4 is a Ruby binding of GTK+-4.x

rb-gtksourceview4 @4.2.4 (ruby, gnome, devel)
Ruby/GtkSourceView4 is a Ruby binding of gtksourceview-4.x

rb-hyperestraier @1.4.13 (ruby, textproc)
Ruby binding of Hyper Estraier

rb-idn-ruby @0.1.5 (ruby, net)
LibIDN Ruby bindings

rb-libxml2 @2.3.4 (ruby, textproc)
Ruby bindings for libxml2

rb-llhttp-ffi @0.5.0 (ruby, devel)
Ruby FFI bindings for llhttp

rb-ncursesw @1.4.11 (ruby, devel)
Ruby bindings to the ncursesw library

rb-opengl @0.32g (ruby, graphics)
OpenGL bindings for Ruby

rb-pango @4.2.4 (ruby, gnome, devel)
Ruby/Pango is a Ruby binding of pango-1.x based on GObject-Introspection

rb-sdl-ffi @0.4 (ruby, devel)
Ruby-FFI binding to SDL 1.x multimedia libraries

rb-sdl2-bindings @0.2.3 (ruby, devel)
Ruby bindings for SDL2

rb-stomp @1.1_1 (ruby)
Ruby bindings for the stomp messaging protocol

rb-technorati-ruby @0.1.0 (ruby)
Technorati(http://technorati.com/) bindings for Ruby.

rb-topinambour @2.0.6 (ruby, sysutils)
VTE terminal based on the ruby Gtk3 bindings

rb-vte3 @4.2.4 (ruby, gnome, devel)
Ruby/VTE3 is a Ruby binding of VTE for GTK 3

rb19-ffi @1.0.11 (ruby)
Programmatically load dynamic libraries, bind functions within them, and call those functions from Ruby code.

rb19-yajl @0.7.6 (ruby, textproc)
Ruby C bindings to the Yajl JSON stream-based parser library.

rb30-curb @1.0.6 (ruby, devel)
Ruby bindings for libcurl

rb30-gmp @0.7.43 (ruby, devel, math)
Ruby bindings to the GMP and MPFR libraries

rb30-llhttp-ffi @0.5.0 (ruby, devel)
Ruby FFI bindings for llhttp

rb31-atk @4.2.4 (ruby, gnome, devel)
Ruby/ATK is a Ruby binding of ATK-1.0.x

rb31-bzip2-ffi @1.1.1 (ruby, archivers)
Ruby bindings for libbz2

rb31-cairo @1.17.13 (ruby, graphics)
Ruby bindings for Cairo

rb31-cairo-gobject @4.2.4 (ruby, gnome, devel)
Ruby/CairoGObject is a Ruby binding of cairo-gobject

rb31-clutter @4.2.4 (ruby, graphics)
Ruby/Clutter is a Ruby binding of Clutter

rb31-clutter-gdk @4.2.4 (ruby, graphics)
Ruby/ClutterGDK is a Ruby binding of GDK-specific API of Clutter

rb31-curb @1.0.6 (ruby, devel)
Ruby bindings for libcurl

rb31-curses @1.4.7 (ruby, devel)
Ruby binding for curses, ncurses and PDCurses

rb31-ffi-libarchive @1.1.14 (ruby, archivers)
Ruby FFI binding to libarchive

rb31-ffi-portaudio @0.1.3 (ruby, audio)
Ruby bindings for PortAudio

rb31-ffi-rzmq @2.0.7 (ruby, devel)
FFI bindings for ZeroMQ

rb31-ffi-tk @2018.02.20 (ruby, x11)
FFI bindings to the Tk GUI toolkit

rb31-gdk3 @4.2.4 (ruby, gnome, devel)
Ruby/GDK3 is a Ruby binding of GDK-3.x

rb31-gdk4 @4.2.4 (ruby, gnome, devel)
Ruby/GDK4 is a Ruby binding of GDK-4.x

rb31-gdk_pixbuf2 @4.2.4 (ruby, gnome, devel)
Ruby/GdkPixbuf2 is a Ruby binding of GdkPixbuf-2.x

rb31-gio2 @4.2.4 (ruby, gnome, devel)
Ruby/GIO2 provide Ruby binding to a VFS API

rb31-glib2 @4.2.4 (ruby, gnome, devel)
Ruby/GLib2 provides base features for GLib2-based bindings

rb31-gmp @0.7.43 (ruby, devel, math)
Ruby bindings to the GMP and MPFR libraries

rb31-gnumeric @4.2.4 (ruby, gnome, science)
Ruby/Gnumeric is a Ruby binding of Gnumeric

rb31-gobject-introspection @4.2.4 (ruby, gnome, devel)
Ruby/GObjectIntrospection provides bindings of GObject Introspection

rb31-goffice @4.2.4 (ruby, gnome)
Ruby/GOFFICE is a Ruby binding of GOFFICE

rb31-gpgme @2.0.24_2 (ruby, devel, crypto)
Ruby language binding of GPGME

rb31-gsf @4.2.4 (ruby, devel)
Ruby/GSF is a Ruby binding of GSF

rb31-gtk3 @4.2.4 (ruby, gnome, devel)
Ruby/GTK3 is a Ruby binding of GTK+-3.x

rb31-gtk4 @4.2.4 (ruby, gnome, devel)
Ruby/GTK4 is a Ruby binding of GTK+-4.x

rb31-gtksourceview4 @4.2.4 (ruby, gnome, devel)
Ruby/GtkSourceView4 is a Ruby binding of gtksourceview-4.x

rb31-idn-ruby @0.1.5 (ruby, net)
LibIDN Ruby bindings

rb31-llhttp-ffi @0.5.0 (ruby, devel)
Ruby FFI bindings for llhttp

rb31-ncursesw @1.4.11 (ruby, devel)
Ruby bindings to the ncursesw library

rb31-pango @4.2.4 (ruby, gnome, devel)
Ruby/Pango is a Ruby binding of pango-1.x based on GObject-Introspection

rb31-sdl-ffi @0.4 (ruby, devel)
Ruby-FFI binding to SDL 1.x multimedia libraries

rb31-sdl2-bindings @0.2.3 (ruby, devel)
Ruby bindings for SDL2

rb31-topinambour @2.0.6 (ruby, sysutils)
VTE terminal based on the ruby Gtk3 bindings

rb31-vte3 @4.2.4 (ruby, gnome, devel)
Ruby/VTE3 is a Ruby binding of VTE for GTK 3

rb32-atk @4.2.4 (ruby, gnome, devel)
Ruby/ATK is a Ruby binding of ATK-1.0.x

rb32-bzip2-ffi @1.1.1 (ruby, archivers)
Ruby bindings for libbz2

rb32-cairo @1.17.13 (ruby, graphics)
Ruby bindings for Cairo

rb32-cairo-gobject @4.2.4 (ruby, gnome, devel)
Ruby/CairoGObject is a Ruby binding of cairo-gobject

rb32-clutter @4.2.4 (ruby, graphics)
Ruby/Clutter is a Ruby binding of Clutter

rb32-clutter-gdk @4.2.4 (ruby, graphics)
Ruby/ClutterGDK is a Ruby binding of GDK-specific API of Clutter

rb32-curb @1.0.6 (ruby, devel)
Ruby bindings for libcurl

rb32-curses @1.4.7 (ruby, devel)
Ruby binding for curses, ncurses and PDCurses

rb32-ffi-libarchive @1.1.14 (ruby, archivers)
Ruby FFI binding to libarchive

rb32-ffi-portaudio @0.1.3 (ruby, audio)
Ruby bindings for PortAudio

rb32-ffi-rzmq @2.0.7 (ruby, devel)
FFI bindings for ZeroMQ

rb32-ffi-tk @2018.02.20 (ruby, x11)
FFI bindings to the Tk GUI toolkit

rb32-gdk3 @4.2.4 (ruby, gnome, devel)
Ruby/GDK3 is a Ruby binding of GDK-3.x

rb32-gdk4 @4.2.4 (ruby, gnome, devel)
Ruby/GDK4 is a Ruby binding of GDK-4.x

rb32-gdk_pixbuf2 @4.2.4 (ruby, gnome, devel)
Ruby/GdkPixbuf2 is a Ruby binding of GdkPixbuf-2.x

rb32-gio2 @4.2.4 (ruby, gnome, devel)
Ruby/GIO2 provide Ruby binding to a VFS API

rb32-glib2 @4.2.4 (ruby, gnome, devel)
Ruby/GLib2 provides base features for GLib2-based bindings

rb32-gmp @0.7.43 (ruby, devel, math)
Ruby bindings to the GMP and MPFR libraries

rb32-gnumeric @4.2.4 (ruby, gnome, science)
Ruby/Gnumeric is a Ruby binding of Gnumeric

rb32-gobject-introspection @4.2.4 (ruby, gnome, devel)
Ruby/GObjectIntrospection provides bindings of GObject Introspection

rb32-goffice @4.2.4 (ruby, gnome)
Ruby/GOFFICE is a Ruby binding of GOFFICE

rb32-gpgme @2.0.24_2 (ruby, devel, crypto)
Ruby language binding of GPGME

rb32-gsf @4.2.4 (ruby, devel)
Ruby/GSF is a Ruby binding of GSF

rb32-gtk3 @4.2.4 (ruby, gnome, devel)
Ruby/GTK3 is a Ruby binding of GTK+-3.x

rb32-gtk4 @4.2.4 (ruby, gnome, devel)
Ruby/GTK4 is a Ruby binding of GTK+-4.x

rb32-gtksourceview4 @4.2.4 (ruby, gnome, devel)
Ruby/GtkSourceView4 is a Ruby binding of gtksourceview-4.x

rb32-idn-ruby @0.1.5 (ruby, net)
LibIDN Ruby bindings

rb32-llhttp-ffi @0.5.0 (ruby, devel)
Ruby FFI bindings for llhttp

rb32-ncursesw @1.4.11 (ruby, devel)
Ruby bindings to the ncursesw library

rb32-pango @4.2.4 (ruby, gnome, devel)
Ruby/Pango is a Ruby binding of pango-1.x based on GObject-Introspection

rb32-sdl-ffi @0.4 (ruby, devel)
Ruby-FFI binding to SDL 1.x multimedia libraries

rb32-sdl2-bindings @0.2.3 (ruby, devel)
Ruby bindings for SDL2

rb32-topinambour @2.0.6 (ruby, sysutils)
VTE terminal based on the ruby Gtk3 bindings

rb32-vte3 @4.2.4 (ruby, gnome, devel)
Ruby/VTE3 is a Ruby binding of VTE for GTK 3

rb33-atk @4.2.4 (ruby, gnome, devel)
Ruby/ATK is a Ruby binding of ATK-1.0.x

rb33-bzip2-ffi @1.1.1 (ruby, archivers)
Ruby bindings for libbz2

rb33-cairo @1.17.13 (ruby, graphics)
Ruby bindings for Cairo

rb33-cairo-gobject @4.2.4 (ruby, gnome, devel)
Ruby/CairoGObject is a Ruby binding of cairo-gobject

rb33-clutter @4.2.4 (ruby, graphics)
Ruby/Clutter is a Ruby binding of Clutter

rb33-clutter-gdk @4.2.4 (ruby, graphics)
Ruby/ClutterGDK is a Ruby binding of GDK-specific API of Clutter

rb33-curb @1.0.6 (ruby, devel)
Ruby bindings for libcurl

rb33-curses @1.4.7 (ruby, devel)
Ruby binding for curses, ncurses and PDCurses

rb33-ffi-libarchive @1.1.14 (ruby, archivers)
Ruby FFI binding to libarchive

rb33-ffi-portaudio @0.1.3 (ruby, audio)
Ruby bindings for PortAudio

rb33-ffi-rzmq @2.0.7 (ruby, devel)
FFI bindings for ZeroMQ

rb33-ffi-tk @2018.02.20 (ruby, x11)
FFI bindings to the Tk GUI toolkit

rb33-gdk3 @4.2.4 (ruby, gnome, devel)
Ruby/GDK3 is a Ruby binding of GDK-3.x

rb33-gdk4 @4.2.4 (ruby, gnome, devel)
Ruby/GDK4 is a Ruby binding of GDK-4.x

rb33-gdk_pixbuf2 @4.2.4 (ruby, gnome, devel)
Ruby/GdkPixbuf2 is a Ruby binding of GdkPixbuf-2.x

rb33-gio2 @4.2.4 (ruby, gnome, devel)
Ruby/GIO2 provide Ruby binding to a VFS API

rb33-glib2 @4.2.4 (ruby, gnome, devel)
Ruby/GLib2 provides base features for GLib2-based bindings

rb33-gmp @0.7.43 (ruby, devel, math)
Ruby bindings to the GMP and MPFR libraries

rb33-gnumeric @4.2.4 (ruby, gnome, science)
Ruby/Gnumeric is a Ruby binding of Gnumeric

rb33-gobject-introspection @4.2.4 (ruby, gnome, devel)
Ruby/GObjectIntrospection provides bindings of GObject Introspection

rb33-goffice @4.2.4 (ruby, gnome)
Ruby/GOFFICE is a Ruby binding of GOFFICE

rb33-gpgme @2.0.24_2 (ruby, devel, crypto)
Ruby language binding of GPGME

rb33-gsf @4.2.4 (ruby, devel)
Ruby/GSF is a Ruby binding of GSF

rb33-gtk3 @4.2.4 (ruby, gnome, devel)
Ruby/GTK3 is a Ruby binding of GTK+-3.x

rb33-gtk4 @4.2.4 (ruby, gnome, devel)
Ruby/GTK4 is a Ruby binding of GTK+-4.x

rb33-gtksourceview4 @4.2.4 (ruby, gnome, devel)
Ruby/GtkSourceView4 is a Ruby binding of gtksourceview-4.x

rb33-idn-ruby @0.1.5 (ruby, net)
LibIDN Ruby bindings

rb33-llhttp-ffi @0.5.0 (ruby, devel)
Ruby FFI bindings for llhttp

rb33-ncursesw @1.4.11 (ruby, devel)
Ruby bindings to the ncursesw library

rb33-pango @4.2.4 (ruby, gnome, devel)
Ruby/Pango is a Ruby binding of pango-1.x based on GObject-Introspection

rb33-sdl-ffi @0.4 (ruby, devel)
Ruby-FFI binding to SDL 1.x multimedia libraries

rb33-sdl2-bindings @0.2.3 (ruby, devel)
Ruby bindings for SDL2

rb33-topinambour @2.0.6 (ruby, sysutils)
VTE terminal based on the ruby Gtk3 bindings

rb33-vte3 @4.2.4 (ruby, gnome, devel)
Ruby/VTE3 is a Ruby binding of VTE for GTK 3

redland-bindings @1.0.17.1 (www)
Redland RDF Language Bindings

rep-gtk @0.18 (x11)
GTK bindings for the librep LISP implementation

rsgislib_select @0.1 (gis, python)
common files for selecting default Python version bindings for RSGISLib

smokekde @4.14.3_6 (kde, kde4, devel)
Scripting Meta Object Kompiler Engine (SMOKE) KDE bindings.

smokeqt @4.14.3_3 (kde, kde4, devel)
Scripting Meta Object Kompiler Engine (SMOKE) Qt bindings.

subversion-javahlbindings @1.14.3 (devel, java)
Java (javahl) bindings for the subversion version control system (svn)

subversion-perlbindings @1.14.3 (devel, perl)
Perl bindings for the subversion version control system (svn)

subversion-perlbindings-5.28 @1.14.3 (devel, perl)
Perl bindings for the subversion version control system (svn)

subversion-perlbindings-5.30 @1.14.3 (devel, perl)
Perl bindings for the subversion version control system (svn)

subversion-perlbindings-5.32 @1.14.3 (devel, perl)
Perl bindings for the subversion version control system (svn)

subversion-perlbindings-5.34 @1.14.3 (devel, perl)
Perl bindings for the subversion version control system (svn)

subversion-python27bindings @1.13.0_1 (devel, python)
Python bindings for the subversion version control system (svn)

subversion-pythonbindings @1.14.3 (devel, python)
Python bindings for the subversion version control system (svn)

subversion-pythonbindings-3.10 @1.14.3 (devel, python)
Python bindings for the subversion version control system (svn)

subversion-pythonbindings-3.11 @1.14.3 (devel, python)
Python bindings for the subversion version control system (svn)

subversion-pythonbindings-3.12 @1.14.3 (devel, python)
Python bindings for the subversion version control system (svn)

subversion-rubybindings @1.14.3 (devel, ruby)
Ruby bindings for the subversion version control system (svn)

swig-csharp @4.4.1 (devel)
C# binding for swig

swig-d @4.4.1 (devel)
D binding for swig

swig-go @4.4.1 (devel)
Go binding for swig

swig-guile @4.4.1 (devel)
Guile binding for swig

swig-java @4.4.1 (devel)
Java binding for swig

swig-lua @4.4.1 (devel)
Lua binding for swig

swig-ocaml @4.4.1 (devel)
Objective Caml binding for swig

swig-octave @4.4.1 (devel)
Octave binding for swig

swig-perl @4.4.1 (devel)
Perl binding for swig

swig-php @4.4.1 (devel)
PHP 8 binding for swig

swig-python @4.4.1 (devel)
Python binding for swig

swig-r @4.4.1 (devel)
R binding for swig

swig-ruby @4.4.1 (devel)
Ruby binding for swig

swig-tcl @4.4.1 (devel)
Tcl binding for swig

swig3-chicken @3.0.12_5 (devel)
Chicken binding for swig

swig3-clisp @3.0.12_5 (devel)
CLISP binding for swig

swig3-csharp @3.0.12_5 (devel)
C# binding for swig

swig3-d @3.0.12_5 (devel)
D binding for swig

swig3-gcj @3.0.12_5 (devel)
GCJ binding for swig

swig3-go @3.0.12_5 (devel)
Go binding for swig

swig3-guile @3.0.12_5 (devel)
Guile binding for swig

swig3-java @3.0.12_5 (devel)
Java binding for swig

swig3-lua @3.0.12_5 (devel)
Lua binding for swig

swig3-ocaml @3.0.12_5 (devel)
Objective Caml binding for swig

swig3-octave @3.0.12_5 (devel)
Octave binding for swig

swig3-perl @3.0.12_5 (devel)
Perl binding for swig

swig3-php @3.0.12_5 (devel)
PHP 5 binding for swig

swig3-pike @3.0.12_5 (devel)
Pike binding for swig

swig3-python @3.0.12_5 (devel)
Python binding for swig

swig3-r @3.0.12_5 (devel)
R binding for swig

swig3-ruby @3.0.12_5 (devel)
Ruby binding for swig

swig3-tcl @3.0.12_5 (devel)
Tcl binding for swig

tclcurl @7.22.0 (devel)
Tcl binding for libcurl

tclsqlite2 @2.8.17 (devel, databases, tcl)
TCL bindings for the SQLite embedded database engine

valabind @1.8.0_1 (devel)
This program converts vapi vala interface files into swig interfaces.

vbindiff @3.0_beta5 (sysutils, textproc, devel)
Visual Binary Diff

vifm @0.14.3 (sysutils)
ncurses based file manager with vi like keybindings

whiptcl @0.52.25 (devel)
tcl bindings for libnewt

wxLua @2.8.12.3_4 (graphics, devel)
Lua bindings for wxWidgets

xapian-bindings-java @1.4.27 (devel)
Xapian bindings for Java

xapian-bindings-perl5.28 @1.4.27 (devel)
Xapian bindings for Perl 5.28

xapian-bindings-perl5.30 @1.4.27 (devel)
Xapian bindings for Perl 5.30

xapian-bindings-perl5.32 @1.4.27 (devel)
Xapian bindings for Perl 5.32

xapian-bindings-perl5.34 @1.4.27 (devel)
Xapian bindings for Perl 5.34

xapian-bindings-perl5.36 @1.4.27 (devel)
Xapian bindings for Perl 5.36

xapian-bindings-perl5.38 @1.4.27 (devel)
Xapian bindings for Perl 5.38

xapian-bindings-python310 @1.4.27 (devel)
Xapian bindings for Python 3.10

xapian-bindings-python311 @1.4.27 (devel)
Xapian bindings for Python 3.11

xapian-bindings-python312 @1.4.27 (devel)
Xapian bindings for Python 3.12

xapian-bindings-python313 @1.4.27 (devel)
Xapian bindings for Python 3.13

xapian-bindings-ruby27 @1.4.27 (devel)
Xapian bindings for Ruby 2.7

xapian-bindings-ruby30 @1.4.27 (devel)
Xapian bindings for Ruby 3.0

xapian-bindings-ruby31 @1.4.27 (devel)
Xapian bindings for Ruby 3.1

xapian-bindings-ruby32 @1.4.27 (devel)
Xapian bindings for Ruby 3.2

xapian-bindings-ruby33 @1.4.27 (devel)
Xapian bindings for Ruby 3.3

xapian-bindings-ruby34 @1.4.27 (devel)
Xapian bindings for Ruby 3.4

xvega-bindings @0.1.2 (devel, graphics)
Bindings from xvega to xeus.

yorick-gy @0.0.5 (science, yorick)
GObject Introspection and Gtk bindings for Yorick

z3-java @4.15.4 (math, science, java)
Java bindings for the Z3 theorem prover

zmqpp @4.2.0_1 (devel, net)
0mq 'highlevel' C++ bindings

Found 1189 ports.
