djbfft @0.76_1 (math)
D.J. Bernstein's fast fourier transform library

fftw @2.1.5_9 (math, devel)
Fast C routines to compute the Discrete Fourier Transform

fftw-3 @3.3.10 (math)
Fast C routines to compute the Discrete Fourier Transform

fftw-3-long @3.3.10 (math)
Fast C routines to compute the Discrete Fourier Transform

fftw-3-single @3.3.10 (math)
Fast C routines to compute the Discrete Fourier Transform

fftw-single @2.1.5_9 (math, devel)
Fast C routines to compute the Discrete Fourier Transform

finufft @2.1.0 (math, science)
Flatiron Institute Non-uniform Fast Fourier Transform library, FINUFFT

nfft-3 @3.5.0 (math)
Fast C routines to compute the Non-equispaced Discrete Fourier Transform

p5-pdl-fftw3 @0.203.0 (perl)
PDL::FFTW3 - PDL interface to the Fastest Fourier Transform in the West v3

p5.28-pdl-fftw3 @0.203.0 (perl)
PDL::FFTW3 - PDL interface to the Fastest Fourier Transform in the West v3

p5.30-pdl-fftw3 @0.203.0 (perl)
PDL::FFTW3 - PDL interface to the Fastest Fourier Transform in the West v3

p5.32-pdl-fftw3 @0.203.0 (perl)
PDL::FFTW3 - PDL interface to the Fastest Fourier Transform in the West v3

p5.34-pdl-fftw3 @0.203.0 (perl)
PDL::FFTW3 - PDL interface to the Fastest Fourier Transform in the West v3

R-fourierin @0.2.5_1 (R, science, math)
Numeric Fourier Integrals

Found 14 ports.
