4ti2 @1.6.13 (math)
A software package for algebraic, geometric and combinatorial problems on linear spaces.

arpd @0.2_6 (net, security)
user space ARP (Address Resolution Protocol) daemon

chai @2024.07.0 (devel)
Copy-hiding array abstraction to automatically migrate data between memory spaces

chromium-bsu @0.9.16.1 (games)
fast paced, arcade-style, top-scrolling space shooter.

cl-in-nomine @20231126 (lisp, devel)
Utilities for extensible namespaces in Common Lisp.

cl-lisp-namespace @20230623 (lisp, devel)
no more discussion on lisp-1 vs lisp-2. THIS IS LISP-N.

cl-named-readtables @20230828 (lisp, devel)
Named-Readtables is a library that provides a namespace for readtables akin to the already-existing namespace of packages.

cl-named-readtables-test @20230828 (lisp, devel)
Named-Readtables is a library that provides a namespace for readtables akin to the already-existing namespace of packages.

criticalmass @1.0.2_3 (games)
Critical Mass is an SDL/OpenGL space shoot'em up game.

curves @20220312 (math, graphics)
Curves provide mapping a point from 1D to 2D hilbert space.

diskonaut @0.11.0 (sysutils)
Terminal disk-space navigator

diskspace @1 (sysutils)
macOS command line tool to return the available disk space on APFS volumes

dmux @0.6.2 (sysutils)
A tmux workspace manager

docbook-xsl-nons @1.79.2_1 (textproc)
Non-namespaced version of the DocBook XSL stylesheets

docbook-xsl-ns @1.79.2_1 (textproc)
Namespaced version of the DocBook XSL stylesheets

erofs-utils @1.8.9 (sysutils)
Userspace utilities for EROFS file system

ext2fuse @0.8.1_4 (fuse)
ext2 filesystem in user space

ext4fuse @0.1.3_2 (fuse)
ext4 filesystem in user space

font-spleen @1.9.1 (x11, x11-font, graphics, fonts)
monospaced bitmapped font

GASNet @1.26.3_1 (devel, net, parallel, net, science)
Global-Address Space Networking

gdmap @0.8.1_3 (gnome, sysutils)
GdMap is a tool which allows to visualize disk space.

gworkspace @0.8.6 (gnustep)
GNUstep's Workspace Manager.

gws @0.1.16 (devel, sysutils)
helper for git workspaces

highlnk @0.2 (sysutils)
searches identical files to hardlink them to save space

k8sviz @0.3.4 (sysutils)
Generate Kubernetes architecture diagrams from the actual state in a namespace resources

kde4-filelight @4.14.3_3 (kde, kde4)
Understand usage of disk space.

kde4-workspace @4.14.4.20150324_6 (kde, kde4)
KDE Workspace

kdiskfree @4.14.3_3 (kde, kde4)
View free disk space.

kspaceduel @4.14.3_3 (kde, kde4, games)
In KSpaceduel each of two possible players controls a satellite spaceship orbiting the sun.

libfreespace @0.4 (devel)
library for developing applications using Hillcrest Labs Freespace Devices

libwnck3 @3.24.1_1 (gnome)
Library to manage X windows and workspaces (via pagers, tasklists, etc.)

maptran3d @1.2.0 (fortran, gis)
Modern Fortran 3D coordinate conversions for geospace ecef enu eci

marisa-trie @0.3.1_1 (textproc)
a static and space-efficient trie data structure

memtester @4.7.1 (sysutils)
A userspace utility for testing the memory subsystem for faults.

nfft-3 @3.5.0 (math)
Fast C routines to compute the Non-equispaced Discrete Fourier Transform

NotificationWatcher @20090907_1 (aqua)
monitors distributed and workspace notifications

octave-femoctave @2.1.8_1 (octave, math, science)
Use FEM for solving boundary value problems in two space dimensions.

octave-lssa @0.1.4_6 (octave, math, science)
A package implementing tools to compute spectral decompositions of irregularly-spaced time series.

octopus @12.1_1 (science)
A real-space (time-dependent) density-functional theory code.

p5-astro-spacetrack @0.180.0 (perl)
Astro::SpaceTrack - Retrieve orbital data from www.space-track.org

p5-bio-variation @1.7.5 (perl)
Bio::Variation name space contains modules to store sequence variation information as differences between the reference sequence and changes sequences

p5-convert-color @0.180.0 (perl)
Convert::Color - color space conversions and named lookups

p5-directory-scratch @0.180.0 (perl)
Easy-to-use self-cleaning scratch space.

p5-dist-zilla-plugin-metaprovides-package @2.4.3 (perl)
Dist::Zilla::Plugin::MetaProvides::Package - Extract namespaces/version from traditional packages for provides

p5-filesys-df @0.920.0_1 (perl)
Filesys::Df - Perl extension for filesystem disk space information.

p5-filesys-dfportable @0.850.0 (perl)
Perl extension for filesystem disk space information.

p5-filesys-diskspace @0.50.0_3 (perl)
Perl df

p5-graphics-color @0.310.0 (perl)
Graphics::Color - Device and library agnostic color spaces

p5-lexical-var @0.10.0 (perl)
Lexical::Var - static variables without namespace pollution

p5-memoize @1.170.0 (perl)
Memoize - Make functions faster by trading space for time

p5-namespace-autoclean @0.310.0 (perl)
namespace::autoclean - Keep imports out of your namespace

p5-namespace-clean @0.270.0 (perl)
Keep imports and functions out of your namespace

p5-pdl-graphics-colorspace @0.206.0 (perl)
PDL::Graphics::ColorSpace - colour-space conversions for PDL

p5-string-trim @0.5.0 (perl)
String::Trim - trim whitespace from your strings

p5-test-cleannamespaces @0.240.0 (perl)
Test::CleanNamespaces - Check for uncleaned imports

p5-test-trailingspace @0.60.100 (perl)
Test::TrailingSpace - test for trailing space in source files.

p5-text-trim @1.40.0 (perl)
Text::Trim - remove leading and/or trailing whitespace from strings

p5-text-wrapi18n @0.60.0_1 (perl)
Line wrapping module with support for multibyte, fullwidth, and combining characters and languages without whitespaces between words

p5-xml-commonns @0.60.0 (perl)
XML::CommonNS - A list of commonly used namespaces

p5-xml-namespace @0.20.0 (perl)
XML::Namespace - Simple support for XML Namespaces

p5-xml-namespacefactory @1.20.0 (perl)
XML::NamespaceFactory - Simple factory objects for SAX namespaced names

p5-xml-namespacesupport @1.120.0 (perl)
Simple generic namespace support class

p5.28-astro-spacetrack @0.180.0 (perl)
Astro::SpaceTrack - Retrieve orbital data from www.space-track.org

p5.28-bio-variation @1.7.5 (perl)
Bio::Variation name space contains modules to store sequence variation information as differences between the reference sequence and changes sequences

p5.28-convert-color @0.180.0 (perl)
Convert::Color - color space conversions and named lookups

p5.28-directory-scratch @0.180.0 (perl)
Easy-to-use self-cleaning scratch space.

p5.28-dist-zilla-plugin-metaprovides-package @2.4.3 (perl)
Dist::Zilla::Plugin::MetaProvides::Package - Extract namespaces/version from traditional packages for provides

p5.28-filesys-df @0.920.0_1 (perl)
Filesys::Df - Perl extension for filesystem disk space information.

p5.28-filesys-dfportable @0.850.0 (perl)
Perl extension for filesystem disk space information.

p5.28-filesys-diskspace @0.50.0_3 (perl)
Perl df

p5.28-graphics-color @0.310.0 (perl)
Graphics::Color - Device and library agnostic color spaces

p5.28-lexical-var @0.10.0 (perl)
Lexical::Var - static variables without namespace pollution

p5.28-memoize @1.170.0 (perl)
Memoize - Make functions faster by trading space for time

p5.28-namespace-autoclean @0.310.0 (perl)
namespace::autoclean - Keep imports out of your namespace

p5.28-namespace-clean @0.270.0 (perl)
Keep imports and functions out of your namespace

p5.28-pdl-graphics-colorspace @0.206.0 (perl)
PDL::Graphics::ColorSpace - colour-space conversions for PDL

p5.28-string-trim @0.5.0 (perl)
String::Trim - trim whitespace from your strings

p5.28-test-cleannamespaces @0.240.0 (perl)
Test::CleanNamespaces - Check for uncleaned imports

p5.28-test-trailingspace @0.60.100 (perl)
Test::TrailingSpace - test for trailing space in source files.

p5.28-text-trim @1.40.0 (perl)
Text::Trim - remove leading and/or trailing whitespace from strings

p5.28-text-wrapi18n @0.60.0_1 (perl)
Line wrapping module with support for multibyte, fullwidth, and combining characters and languages without whitespaces between words

p5.28-xml-commonns @0.60.0 (perl)
XML::CommonNS - A list of commonly used namespaces

p5.28-xml-namespace @0.20.0 (perl)
XML::Namespace - Simple support for XML Namespaces

p5.28-xml-namespacefactory @1.20.0 (perl)
XML::NamespaceFactory - Simple factory objects for SAX namespaced names

p5.28-xml-namespacesupport @1.120.0 (perl)
Simple generic namespace support class

p5.30-astro-spacetrack @0.180.0 (perl)
Astro::SpaceTrack - Retrieve orbital data from www.space-track.org

p5.30-bio-variation @1.7.5 (perl)
Bio::Variation name space contains modules to store sequence variation information as differences between the reference sequence and changes sequences

p5.30-convert-color @0.180.0 (perl)
Convert::Color - color space conversions and named lookups

p5.30-directory-scratch @0.180.0 (perl)
Easy-to-use self-cleaning scratch space.

p5.30-dist-zilla-plugin-metaprovides-package @2.4.3 (perl)
Dist::Zilla::Plugin::MetaProvides::Package - Extract namespaces/version from traditional packages for provides

p5.30-filesys-df @0.920.0_1 (perl)
Filesys::Df - Perl extension for filesystem disk space information.

p5.30-filesys-dfportable @0.850.0 (perl)
Perl extension for filesystem disk space information.

p5.30-filesys-diskspace @0.50.0_3 (perl)
Perl df

p5.30-graphics-color @0.310.0 (perl)
Graphics::Color - Device and library agnostic color spaces

p5.30-lexical-var @0.10.0 (perl)
Lexical::Var - static variables without namespace pollution

p5.30-memoize @1.170.0 (perl)
Memoize - Make functions faster by trading space for time

p5.30-namespace-autoclean @0.310.0 (perl)
namespace::autoclean - Keep imports out of your namespace

p5.30-namespace-clean @0.270.0 (perl)
Keep imports and functions out of your namespace

p5.30-pdl-graphics-colorspace @0.206.0 (perl)
PDL::Graphics::ColorSpace - colour-space conversions for PDL

p5.30-string-trim @0.5.0 (perl)
String::Trim - trim whitespace from your strings

p5.30-test-cleannamespaces @0.240.0 (perl)
Test::CleanNamespaces - Check for uncleaned imports

p5.30-test-trailingspace @0.60.100 (perl)
Test::TrailingSpace - test for trailing space in source files.

p5.30-text-trim @1.40.0 (perl)
Text::Trim - remove leading and/or trailing whitespace from strings

p5.30-text-wrapi18n @0.60.0_1 (perl)
Line wrapping module with support for multibyte, fullwidth, and combining characters and languages without whitespaces between words

p5.30-xml-commonns @0.60.0 (perl)
XML::CommonNS - A list of commonly used namespaces

p5.30-xml-namespace @0.20.0 (perl)
XML::Namespace - Simple support for XML Namespaces

p5.30-xml-namespacefactory @1.20.0 (perl)
XML::NamespaceFactory - Simple factory objects for SAX namespaced names

p5.30-xml-namespacesupport @1.120.0 (perl)
Simple generic namespace support class

p5.32-astro-spacetrack @0.180.0 (perl)
Astro::SpaceTrack - Retrieve orbital data from www.space-track.org

p5.32-bio-variation @1.7.5 (perl)
Bio::Variation name space contains modules to store sequence variation information as differences between the reference sequence and changes sequences

p5.32-convert-color @0.180.0 (perl)
Convert::Color - color space conversions and named lookups

p5.32-directory-scratch @0.180.0 (perl)
Easy-to-use self-cleaning scratch space.

p5.32-dist-zilla-plugin-metaprovides-package @2.4.3 (perl)
Dist::Zilla::Plugin::MetaProvides::Package - Extract namespaces/version from traditional packages for provides

p5.32-filesys-df @0.920.0_1 (perl)
Filesys::Df - Perl extension for filesystem disk space information.

p5.32-filesys-dfportable @0.850.0 (perl)
Perl extension for filesystem disk space information.

p5.32-filesys-diskspace @0.50.0_3 (perl)
Perl df

p5.32-graphics-color @0.310.0 (perl)
Graphics::Color - Device and library agnostic color spaces

p5.32-lexical-var @0.10.0 (perl)
Lexical::Var - static variables without namespace pollution

p5.32-memoize @1.170.0 (perl)
Memoize - Make functions faster by trading space for time

p5.32-namespace-autoclean @0.310.0 (perl)
namespace::autoclean - Keep imports out of your namespace

p5.32-namespace-clean @0.270.0 (perl)
Keep imports and functions out of your namespace

p5.32-pdl-graphics-colorspace @0.206.0 (perl)
PDL::Graphics::ColorSpace - colour-space conversions for PDL

p5.32-string-trim @0.5.0 (perl)
String::Trim - trim whitespace from your strings

p5.32-test-cleannamespaces @0.240.0 (perl)
Test::CleanNamespaces - Check for uncleaned imports

p5.32-test-trailingspace @0.60.100 (perl)
Test::TrailingSpace - test for trailing space in source files.

p5.32-text-trim @1.40.0 (perl)
Text::Trim - remove leading and/or trailing whitespace from strings

p5.32-text-wrapi18n @0.60.0_1 (perl)
Line wrapping module with support for multibyte, fullwidth, and combining characters and languages without whitespaces between words

p5.32-xml-commonns @0.60.0 (perl)
XML::CommonNS - A list of commonly used namespaces

p5.32-xml-namespace @0.20.0 (perl)
XML::Namespace - Simple support for XML Namespaces

p5.32-xml-namespacefactory @1.20.0 (perl)
XML::NamespaceFactory - Simple factory objects for SAX namespaced names

p5.32-xml-namespacesupport @1.120.0 (perl)
Simple generic namespace support class

p5.34-astro-spacetrack @0.180.0 (perl)
Astro::SpaceTrack - Retrieve orbital data from www.space-track.org

p5.34-bio-variation @1.7.5 (perl)
Bio::Variation name space contains modules to store sequence variation information as differences between the reference sequence and changes sequences

p5.34-convert-color @0.180.0 (perl)
Convert::Color - color space conversions and named lookups

p5.34-directory-scratch @0.180.0 (perl)
Easy-to-use self-cleaning scratch space.

p5.34-dist-zilla-plugin-metaprovides-package @2.4.3 (perl)
Dist::Zilla::Plugin::MetaProvides::Package - Extract namespaces/version from traditional packages for provides

p5.34-filesys-df @0.920.0_1 (perl)
Filesys::Df - Perl extension for filesystem disk space information.

p5.34-filesys-dfportable @0.850.0 (perl)
Perl extension for filesystem disk space information.

p5.34-filesys-diskspace @0.50.0_3 (perl)
Perl df

p5.34-graphics-color @0.310.0 (perl)
Graphics::Color - Device and library agnostic color spaces

p5.34-lexical-var @0.10.0 (perl)
Lexical::Var - static variables without namespace pollution

p5.34-memoize @1.170.0 (perl)
Memoize - Make functions faster by trading space for time

p5.34-namespace-autoclean @0.310.0 (perl)
namespace::autoclean - Keep imports out of your namespace

p5.34-namespace-clean @0.270.0 (perl)
Keep imports and functions out of your namespace

p5.34-pdl-graphics-colorspace @0.206.0 (perl)
PDL::Graphics::ColorSpace - colour-space conversions for PDL

p5.34-string-trim @0.5.0 (perl)
String::Trim - trim whitespace from your strings

p5.34-test-cleannamespaces @0.240.0 (perl)
Test::CleanNamespaces - Check for uncleaned imports

p5.34-test-trailingspace @0.60.100 (perl)
Test::TrailingSpace - test for trailing space in source files.

p5.34-text-trim @1.40.0 (perl)
Text::Trim - remove leading and/or trailing whitespace from strings

p5.34-text-wrapi18n @0.60.0_1 (perl)
Line wrapping module with support for multibyte, fullwidth, and combining characters and languages without whitespaces between words

p5.34-xml-commonns @0.60.0 (perl)
XML::CommonNS - A list of commonly used namespaces

p5.34-xml-namespace @0.20.0 (perl)
XML::Namespace - Simple support for XML Namespaces

p5.34-xml-namespacefactory @1.20.0 (perl)
XML::NamespaceFactory - Simple factory objects for SAX namespaced names

p5.34-xml-namespacesupport @1.120.0 (perl)
Simple generic namespace support class

pam-reattach @1.3 (security)
PAM module to reattach to user's per-session bootstrap namespace

pnpm @10.28.1 (devel)
Fast, disk space efficient package manager

py-apipkg @3.0.2 (python, devel)
namespace control and lazy-import mechanism

py-backports @1.0 (python, devel)
Namespace for backported Python features

py-gensim @4.3.2 (python, textproc)
Python framework for fast Vector Space Modelling

py-pyftdi @0.57.1 (python)
PyFtdi aims at providing a user-space driver for popular FTDI devices, implemented in pure Python language.

py-spacepy @0.2.2 (python)
SpacePy Tools for Space Science Applications

py27-backports @1.0 (python, devel)
Namespace for backported Python features

py39-spacepy @0.2.2 (python)
SpacePy Tools for Space Science Applications

py310-apipkg @3.0.2 (python, devel)
namespace control and lazy-import mechanism

py310-backports @1.0 (python, devel)
Namespace for backported Python features

py310-gensim @4.3.2 (python, textproc)
Python framework for fast Vector Space Modelling

py310-pyftdi @0.57.1 (python)
PyFtdi aims at providing a user-space driver for popular FTDI devices, implemented in pure Python language.

py311-backports @1.0 (python, devel)
Namespace for backported Python features

py311-gensim @4.3.2 (python, textproc)
Python framework for fast Vector Space Modelling

py311-pyftdi @0.57.1 (python)
PyFtdi aims at providing a user-space driver for popular FTDI devices, implemented in pure Python language.

py312-gensim @4.3.2 (python, textproc)
Python framework for fast Vector Space Modelling

py312-pyftdi @0.57.1 (python)
PyFtdi aims at providing a user-space driver for popular FTDI devices, implemented in pure Python language.

py313-pyftdi @0.57.1 (python)
PyFtdi aims at providing a user-space driver for popular FTDI devices, implemented in pure Python language.

py314-pyftdi @0.57.1 (python)
PyFtdi aims at providing a user-space driver for popular FTDI devices, implemented in pure Python language.

R-blackbox @1.1.46 (R, science, math)
Black box optimization and exploration of parameter space

R-BLSM @0.1.0_1 (R, science, math)
Bayesian Latent Space Model

R-bssm @2.0.2_1 (R, science, math)
Bayesian inference of non-linear and non-Gaussian state space models

R-BSSoverSpace @0.1.0_1 (R, science, math)
Blind source separation for multivariate spatial data using eigen analysis

R-carfima @2.0.2_2 (R, science, math)
Continuous-time fractionally integrated ARMA process for irregularly spaced long-memory time series data

R-CircSpaceTime @0.9.0_1 (R, science, math)
Spatial and spatio-temporal Bayesian model for circular data

R-colorspace @2.1-1 (R, science, graphics)
Toolbox for manipulating and assessing colors and palettes

R-farver @2.1.2 (R, science, graphics)
High-performance color space manipulation

R-fritools @4.3.0_1 (R, science, sysutils)
Miscellaneous utilities, tools and helper functions for finding and searching files on disk, searching for and removing R objects from the workspace

R-isoband @0.2.7_2 (R, science)
Generate isolines and isobands from regularly spaced elevation grids.

R-KERE @1.0.0_1 (R, science, math)
Expectile regression in reproducing kernel Hilbert space

R-KFAS @1.5.1_1 (R, science, math)
Kalman filter and smoother for exponential family state space models

R-kstMatrix @1.0-1 (R, science, economics)
Basic functions in knowledge space theory using matrix representation

R-ktweedie @1.0.3_1 (R, science, math)
Tweedie compound Poisson model in the reproducing kernel Hilbert space

R-logitr @1.1.2 (R, science, math)
Logit models w/Preference & WTP space utility parameterizations

R-ltsk @1.1.2 (R, science)
Local Time-Space Kriging

R-lvmcomp @1.2_1 (R, science, math)
Stochastic EM algorithms for latent variable models with a high-dimensional latent space

R-MARSS @3.11.9_1 (R, science, math)
Multivariate Auto-Regressive State-Space modelling

R-MHD @0.1.2_1 (R, science, math)
Metric Halfspace Depth

R-paradox @1.0.1 (R, science)
Define and work with parameter spaces for complex algorithms

R-pastecs @1.4.2_1 (R, science)
Package for analysis of space-time ecological series

R-procmaps @0.0.5.9003_2 (R, science, devel)
Portable address space mapping

R-prolsirm @0.1.0_1 (R, science)
Procrustes matching for latent space item response model

R-psp @1.0.2 (R, science, math)
Parameter Space Partitioning MCMC for global model evaluation

R-regRSM @0.5_1 (R, science, math, parallel)
Random subspace method (RSM) for linear regression

R-ROptSpace @0.2.3_1 (R, science, math)
Matrix reconstruction from a few entries

R-sfd @0.1.0 (R, science)
Space-Filling Design library

R-smooth @4.1.0 (R, science, math)
Forecasting using state space models

R-spacefillr @0.3.3 (R, science, math)
Space-filling random and quasi-random sequences

R-spacesXYZ @1.3-0_1 (R, science, graphics)
CIE XYZ and some of its derived color spaces

R-spacetime @1.3-2 (R, science)
Classes and methods for spatio-temporal data

R-SpaceTimeBSS @0.4-0 (R, science)
Blind source separation for multivariate spatio-temporal data

R-splancs @2.01-45 (R, science, math)
Spatial and space-time point pattern analysis

R-SSsimple @0.6.6_1 (R, science, math)
Simulate, solve state space models

R-starma @1.3 (R, science, math)
Space–Time Auto-Regressive Moving Average processes

R-svs @3.1.1 (R, science, math)
Tools for semantic vector spaces

R-tripack @1.3-9.1_1 (R, science, math)
Triangulation of irregularly spaced data

R-TSSS @1.3.4-5_1 (R, science, math)
Time Series Analysis with State Space Model

R-Vdgraph @2.2-7_1 (R, science, math)
Variance dispersion graphs and fraction of design space plots for response surface designs

raceintospace @1.1-20200802_4 (games)
Open Source version of old MS-DOS game Buzz Aldrin's Race Into Space

rb-devel-which @0.2.0 (ruby)
Locates a symbol/library in the user's namespace/path

rb-unicode-display_width @2.6.0 (ruby, devel)
Monospace Unicode character width in Ruby

rb-user_space @5.2.230101 (ruby, devel)
Automated certain XDG features

rb30-user_space @5.2.230101 (ruby, devel)
Automated certain XDG features

rb31-unicode-display_width @2.6.0 (ruby, devel)
Monospace Unicode character width in Ruby

rb31-user_space @5.2.230101 (ruby, devel)
Automated certain XDG features

rb32-unicode-display_width @2.6.0 (ruby, devel)
Monospace Unicode character width in Ruby

rb32-user_space @5.2.230101 (ruby, devel)
Automated certain XDG features

rb33-unicode-display_width @2.6.0 (ruby, devel)
Monospace Unicode character width in Ruby

rb33-user_space @5.2.230101 (ruby, devel)
Automated certain XDG features

rebels-in-the-sky @1.5.6 (games)
A P2P terminal game about space pirates playing basketball across the galaxy

rrgbis @1.12_1 (games)
Real time strategy game with fleets of spaceships.

sad @0.4.32 (textproc)
Space Age seD - CLI Search And Replace

SDLInvaders @0.8.0_1 (games)
simple clone of the famous Space Invaders game.

ship84 @1.3.3.7_2 (games)
space invaders clone using SDL

solid @3.5.7_3 (science, math, devel)
SOLID is a software library for collision detection of geometric objects in 3D space

spacebar @1.4.0 (sysutils)
A minimal status bar for macOS.

spacehulk @1.5-beta1 (games)
Space Hulk is a great board game of Games Workshop in the world of Warhammer 40000.

starfighter @1.7 (games)
2D Space Shooter

svinepalsen @0.2.1 (games)
Space Invaders style arcade game

terminus-font @4.49.1 (x11)
A clean monospaced font

unfs3 @0.9.22 (net)
User-space implementation of the NFSv3 server specification

userspace-rcu @0.15.6 (devel)
A userspace RCU (read-copy-update) library, liburcu.

wireguard-go @0.0.20250522 (net)
Userspace Go implementation of WireGuard VPN

xdiskusage @1.60_1 (x11)
program to show you what is using up all your disk space

xglobe @0.5p2 (x11)
XGlobe displays the earth as seen from space on your X desktop.

yabai @7.1.15 (sysutils)
A tiling window manager for macOS based on binary space partitioning

ydiff @1.5_1 (textproc, python)
View colored, incremental diff in workspace or from stdin with side by side and auto pager support

zellij @0.43.1 (sysutils)
A terminal workspace with batteries included

zimg @3.0.6 (graphics)
Scaling, colorspace conversion, and dithering library

Found 244 ports.
