arq_restore @5.7 (sysutils)
command-line utility for restoring from backups created by Arq

autorestic @1.8.3 (sysutils)
High level CLI utility for restic

autossh @1.4g (net, sysutils)
tool to restart terminated ssh sessions

burp @2.1.32_2 (sysutils)
BackUp and Restore Program

cl-dissect @20240325 (lisp, devel)
A lib for introspecting the call stack and active restarts.

CocoaRestClient @1.4.7 (www)
A free, native macOS app for testing HTTP/REST endpoints

cpprestsdk @2.10.19 (www, devel)
C++ REST library for client-server communication

elasticsearch @7.16.1 (databases, java)
Distributed RESTful search engine built for the cloud

flann @1.9.2_3 (science, devel)
Fast Library for Approximate Nearest Neighbors

git-tools @2025.08 (devel)
Assorted git-related scripts and tools, including git-restore-mtime

hamcrest-core @1.3 (java, devel)
library of matchers for building test expressions

hamcrest-library @1.2 (java, devel)
library of matchers for building test expressions

hyperestraier @1.4.13 (textproc, net)
Hyper Estraier is a full-text search system.

idevicerestore @1.0.0_2 (devel)
A command-line application to restore firmware files to iOS devices.

idevicerestore-devel @20251123 (devel)
A command-line application to restore firmware files to iOS devices.

libANN @1.1.2_1 (science, devel)
A Library for Approximate Nearest Neighbor Searching

libfreespace @0.4 (devel)
library for developing applications using Hillcrest Labs Freespace Devices

listat @2.1.1-20170611 (mail, textproc)
generates interesting statistics on mailing list demographics

lua-resty-core @0.1.31 (lua)
new FFI-based API for lua-nginx-module

lua-resty-lrucache @0.15 (lua)
lua-land LRU cache based on LuaJIT FFI

luajit-openresty @2.1-20220411 (lang)
OpenResty's maintained branch of LuaJIT

mongo-tools @100.10.0 (devel)
utilities for working with mongodb databases: bsondump, mongoimport, mongoexport, mongodump, mongorestore, mongostat, mongofiles, mongooplog, mongotop

nanoflann @1.7.1 (math, science)
A C++11 header-only library for Nearest Neighbor (NN) search wih KD-trees

ned @1.3.3 (textproc)
ned is like grep and ripgrep, but with powerful replace capabilities, but more powerful than sed, as it isn't restricted to line oriented editing.

p5-apache2-rest @0.70.0_1 (perl)
Micro framework for REST API implementation under apache2/mod_perl2/apreq2

p5-catalyst-action-rest @1.210.0 (perl)
Catalyst::Action::REST - Automated REST Method Dispatching

p5-forest @0.100.0 (perl)
Forest - A collection of n-ary tree related modules

p5-html-restrict @3.0.2 (perl)
HTML::Restrict - Strip unwanted HTML tags and attributes

p5-mixin-linewise @0.111.0 (perl)
Mixin::Linewise - Write your linewise code for handles, this does the rest.

p5-plack-middleware-methodoverride @0.200.0 (perl)
Override REST methods to Plack apps via POST

p5-twitter-api @1.0.600 (perl)
Twitter::API - A Twitter REST API library for Perl, successor to Net::Twitter

p5.28-apache2-rest @0.70.0_1 (perl)
Micro framework for REST API implementation under apache2/mod_perl2/apreq2

p5.28-catalyst-action-rest @1.210.0 (perl)
Catalyst::Action::REST - Automated REST Method Dispatching

p5.28-forest @0.100.0 (perl)
Forest - A collection of n-ary tree related modules

p5.28-html-restrict @3.0.2 (perl)
HTML::Restrict - Strip unwanted HTML tags and attributes

p5.28-mixin-linewise @0.111.0 (perl)
Mixin::Linewise - Write your linewise code for handles, this does the rest.

p5.28-plack-middleware-methodoverride @0.200.0 (perl)
Override REST methods to Plack apps via POST

p5.28-twitter-api @1.0.600 (perl)
Twitter::API - A Twitter REST API library for Perl, successor to Net::Twitter

p5.30-apache2-rest @0.70.0_1 (perl)
Micro framework for REST API implementation under apache2/mod_perl2/apreq2

p5.30-catalyst-action-rest @1.210.0 (perl)
Catalyst::Action::REST - Automated REST Method Dispatching

p5.30-forest @0.100.0 (perl)
Forest - A collection of n-ary tree related modules

p5.30-html-restrict @3.0.2 (perl)
HTML::Restrict - Strip unwanted HTML tags and attributes

p5.30-mixin-linewise @0.111.0 (perl)
Mixin::Linewise - Write your linewise code for handles, this does the rest.

p5.30-plack-middleware-methodoverride @0.200.0 (perl)
Override REST methods to Plack apps via POST

p5.30-twitter-api @1.0.600 (perl)
Twitter::API - A Twitter REST API library for Perl, successor to Net::Twitter

p5.32-apache2-rest @0.70.0_1 (perl)
Micro framework for REST API implementation under apache2/mod_perl2/apreq2

p5.32-catalyst-action-rest @1.210.0 (perl)
Catalyst::Action::REST - Automated REST Method Dispatching

p5.32-forest @0.100.0 (perl)
Forest - A collection of n-ary tree related modules

p5.32-html-restrict @3.0.2 (perl)
HTML::Restrict - Strip unwanted HTML tags and attributes

p5.32-mixin-linewise @0.111.0 (perl)
Mixin::Linewise - Write your linewise code for handles, this does the rest.

p5.32-plack-middleware-methodoverride @0.200.0 (perl)
Override REST methods to Plack apps via POST

p5.32-twitter-api @1.0.600 (perl)
Twitter::API - A Twitter REST API library for Perl, successor to Net::Twitter

p5.34-apache2-rest @0.70.0_1 (perl)
Micro framework for REST API implementation under apache2/mod_perl2/apreq2

p5.34-catalyst-action-rest @1.210.0 (perl)
Catalyst::Action::REST - Automated REST Method Dispatching

p5.34-forest @0.100.0 (perl)
Forest - A collection of n-ary tree related modules

p5.34-html-restrict @3.0.2 (perl)
HTML::Restrict - Strip unwanted HTML tags and attributes

p5.34-mixin-linewise @0.111.0 (perl)
Mixin::Linewise - Write your linewise code for handles, this does the rest.

p5.34-plack-middleware-methodoverride @0.200.0 (perl)
Override REST methods to Plack apps via POST

p5.34-twitter-api @1.0.600 (perl)
Twitter::API - A Twitter REST API library for Perl, successor to Net::Twitter

pg_rman @1.3.16 (databases)
Backup and restore management tool for PostgreSQL

prest @1.5.5 (devel, databases)
pREST (PostgreSQL REST) is REST API for any Postgres database.

py-annoy @1.17.3 (python, devel)
Approximate Nearest Neighbors in C++/Python

py-flask-restful @0.3.10 (python, www)
Flask extension for quickly building REST APIs.

py-hyperestraier @0.0.15 (python, textproc)
a Python module for Hyper Estraier

py-m2r @0.2.1 (python, devel)
Converts a markdown file including reStructuredText (rst) markups to a valid rst format

py-mailmanclient @3.3.5 (python, mail)
Python bindings for Mailman REST API

py-pyhamcrest @2.1.0 (python)
Hamcrest framework for matcher objects

py-pynndescent @0.6.0 (python, math)
Nearest Neighbor Descent

py-restkit @4.2.2 (python, www)
HTTP resource kit for Python

py-rich_rst @1.3.2 (python)
reStructuredText renderer for rich

py-rstcheck @6.2.5 (python, devel)
Checks syntax of reStructuredText and code blocks nested within it

py-rstcheck-core @1.2.2 (python, devel)
Checks syntax of reStructuredText and code blocks nested within it

py-scikits-ann @0.2_1 (python, science)
scikits.ann is a SWIG python wrapper for the Approximate Nearest Neighbor (ANN) Library

py-setupdocs @1.0.5 (python, devel)
setuptools plugin that automates building of docs from ReST source

py27-hyperestraier @0.0.15 (python, textproc)
a Python module for Hyper Estraier

py27-m2r @0.2.1 (python, devel)
Converts a markdown file including reStructuredText (rst) markups to a valid rst format

py27-pyhamcrest @1.10.1 (python)
Hamcrest framework for matcher objects

py27-restkit @4.2.2 (python, www)
HTTP resource kit for Python

py27-scikits-ann @0.2_1 (python, science)
scikits.ann is a SWIG python wrapper for the Approximate Nearest Neighbor (ANN) Library

py27-setupdocs @1.0.5 (python, devel)
setuptools plugin that automates building of docs from ReST source

py39-pyhamcrest @2.1.0 (python)
Hamcrest framework for matcher objects

py310-m2r @0.2.1 (python, devel)
Converts a markdown file including reStructuredText (rst) markups to a valid rst format

py310-mailmanclient @3.3.5 (python, mail)
Python bindings for Mailman REST API

py310-pyhamcrest @2.1.0 (python)
Hamcrest framework for matcher objects

py310-rich_rst @1.3.2 (python)
reStructuredText renderer for rich

py310-rstcheck @6.2.5 (python, devel)
Checks syntax of reStructuredText and code blocks nested within it

py310-rstcheck-core @1.2.2 (python, devel)
Checks syntax of reStructuredText and code blocks nested within it

py311-m2r @0.2.1 (python, devel)
Converts a markdown file including reStructuredText (rst) markups to a valid rst format

py311-mailmanclient @3.3.5 (python, mail)
Python bindings for Mailman REST API

py311-pyhamcrest @2.1.0 (python)
Hamcrest framework for matcher objects

py311-rich_rst @1.3.2 (python)
reStructuredText renderer for rich

py311-rstcheck @6.2.5 (python, devel)
Checks syntax of reStructuredText and code blocks nested within it

py311-rstcheck-core @1.2.2 (python, devel)
Checks syntax of reStructuredText and code blocks nested within it

py312-annoy @1.17.3 (python, devel)
Approximate Nearest Neighbors in C++/Python

py312-flask-restful @0.3.10 (python, www)
Flask extension for quickly building REST APIs.

py312-m2r @0.2.1 (python, devel)
Converts a markdown file including reStructuredText (rst) markups to a valid rst format

py312-mailmanclient @3.3.5 (python, mail)
Python bindings for Mailman REST API

py312-pyhamcrest @2.1.0 (python)
Hamcrest framework for matcher objects

py312-rich_rst @1.3.2 (python)
reStructuredText renderer for rich

py312-rstcheck @6.2.5 (python, devel)
Checks syntax of reStructuredText and code blocks nested within it

py312-rstcheck-core @1.2.2 (python, devel)
Checks syntax of reStructuredText and code blocks nested within it

py313-annoy @1.17.3 (python, devel)
Approximate Nearest Neighbors in C++/Python

py313-flask-restful @0.3.10 (python, www)
Flask extension for quickly building REST APIs.

py313-mailmanclient @3.3.5 (python, mail)
Python bindings for Mailman REST API

py313-pyhamcrest @2.1.0 (python)
Hamcrest framework for matcher objects

py313-pynndescent @0.6.0 (python, math)
Nearest Neighbor Descent

py313-rich_rst @1.3.2 (python)
reStructuredText renderer for rich

py313-rstcheck @6.2.5 (python, devel)
Checks syntax of reStructuredText and code blocks nested within it

py313-rstcheck-core @1.2.2 (python, devel)
Checks syntax of reStructuredText and code blocks nested within it

py314-pyhamcrest @2.1.0 (python)
Hamcrest framework for matcher objects

py314-rich_rst @1.3.2 (python)
reStructuredText renderer for rich

py314-rstcheck @6.2.5 (python, devel)
Checks syntax of reStructuredText and code blocks nested within it

py314-rstcheck-core @1.2.2 (python, devel)
Checks syntax of reStructuredText and code blocks nested within it

R-aorsf @0.1.5 (R, science, math)
Accelerated oblique random survival forests

R-archivist @2.3.8 (R, science, sysutils)
Tools for storing, restoring and searching for R objects

R-BiocNeighbors @1.22.0 (R, science, bioconductor)
Nearest neighbor detection for Bioconductor packages

R-cequre @1.5_1 (R, science, math)
Censored quantile regression and monotonicity-respecting restoring

R-CovRegRF @2.0.1 (R, science, math)
Covariance Regression with Random Forests

R-dann @1.0.0_1 (R, science, math)
Discriminant-Adaptive Nearest Neighbor classification

R-drf @1.1.0_1 (R, science)
Distributional Random Forests

R-FNN @1.1.4.1 (R, science, math)
Fast Nearest Neighbor search algorithms and applications

R-forestplot @3.1.3_1 (R, science)
Advanced forest plot using grid graphics

R-forestploter @1.1.2_1 (R, science, graphics)
Create flexible forest plot

R-ForestTools @1.0.2 (R, science)
Tools for analyzing remote sensing forest data

R-ggrcs @0.4.2 (R, science, graphics)
Draw histograms and Restricted Cubic Splines (RCS)

R-gmailr @2.0.0_1 (R, science, devel, net)
Access the Gmail RESTful API

R-grf @2.4.0 (R, science, economics, math)
Generalized Random Forests

R-ICtest @0.3-5_2 (R, science, math)
Estimating and testing the number of interesting components in linear dimension reduction

R-jenga @1.3.0_1 (R, science, math)
Fast extrapolation of time features using k-nearest neighbors

R-KEGGREST @1.44.1 (R, science, bioconductor, www)
Client-side REST access to the Kyoto Encyclopedia of Genes and Genomes (KEGG)

R-KernelKnn @1.1.5_2 (R, science, math)
Kernel k-nearest neighbors

R-kknn @1.3.1_2 (R, science, math)
Weighted k-nearest neighbors

R-knnmi @1.0_1 (R, science, math)
k-Nearest Neighbor Mutual Information estimator

R-literanger @0.1.1 (R, science, math)
Random forests for multiple imputation based on R-ranger

R-missForest @1.5_1 (R, science, math)
Non-parametric missing value imputation using random forest

R-MultivariateRandomForest @1.1.5 (R, science, math)
Models multivariate cases using random forests

R-nabor @0.5.0_2 (R, science, math)
R package wrapping libnabo: fast k nearest neighbor search for low dimensions

R-neighbr @1.0.3_1 (R, science)
Classification, regression, clustering with k-nearest neighbors

R-nna @0.0.2.1_1 (R, science, math)
Nearest-Neighbor Analysis

R-ocf @1.0.1 (R, science, math)
Ordered Correlation Forest

R-ODRF @0.0.4_1 (R, science, math)
Oblique decision random forest for classification and regression

R-orf @0.1.4_2 (R, science, math)
Ordered Random Forests

R-permute @0.9-7_2 (R, science)
Restricted permutations

R-pRF @1.2 (R, science)
Permutation Significance for Random Forests

R-quantregForest @1.3-7_1 (R, science, math)
Quantile Regression Forests

R-randomForest @4.7-1.2 (R, science, math)
Breiman and Cutler’s Random Forests for classification and regression

R-randomForestSRC @3.3.1 (R, science, math)
Fast unified random forests for survival, regression and classification (RF-SRC)

R-ranger @0.17.0 (R, science, math)
Fast implementation of random forests

R-RANN @2.6.2 (R, science)
Fast nearest neighbour search (wraps ANN library) using L2 metric

R-Rborist @0.3-7_1 (R, science, math)
Extensible, parallelizable implementation of the random forest algorithm

R-rcorpora @2.0.1 (R, science)
Collection of small text corpora of interesting data

R-RcppAnnoy @0.0.22_1 (R, science)
Rcpp bindings for Annoy, a library for approximate nearest neighbors

R-RcppHNSW @0.6.0_1 (R, science)
Rcpp bindings for the approximate nearest neighbors library hnswlib

R-restfulr @0.0.15_2 (R, science, www)
R interface to RESTful web services

R-restriktor @0.5-90 (R, science, math)
Restricted statistical estimation and inference for linear models

R-RestRserve @1.2.3 (R, science, net, devel)
Framework for building HTTP API

R-RFCCA @2.0.0_1 (R, science, math)
Random Forest with Canonical Correlation Analysis

R-rfinterval @1.0.0_2 (R, science, math)
Predictive inference for random forests

R-rfUtilities @2.1-5_1 (R, science, math)
Random forests model selection and performance evaluation

R-RLRsim @3.1-8_1 (R, science, math)
Exact (restricted) likelihood ratio tests for mixed and additive models

R-RLT @3.2.6_1 (R, science, math)
Random forest with a variety of additional features for regression, classification and survival analysis

R-Rnanoflann @0.0.3_1 (R, science, math)
Extremely fast nearest neighbor search

R-rnndescent @0.1.6 (R, science, math)
Nearest neighbor descent method for approximate nearest neighbors

R-SKNN @4.0 (R, science, math)
Super K-Nearest Neighbor (SKNN) classification algorithm

R-spNNGP @1.0.1 (R, science, math)
Spatial regression models for large datasets using nearest neighbor Gaussian processes

R-survRM2 @1.0-4 (R, science)
Comparing restricted mean survival time

R-timbr @0.2.2_1 (R, science)
Forest data frames

R-trtf @0.4-2_1 (R, science, math)
Transformation trees and forests

R-tsfknn @0.6.0_1 (R, science, math)
Time series forecasting using nearest neighbors

R-TSS.RESTREND @0.3.1_1 (R, science)
Time Series Segmentation of Residual Trends

R-tvm @0.5.2_1 (R, science, finance)
Functions for managing cashflows and interest rate curves

R-varSelRF @0.7-8_1 (R, science, math)
Variable Selection via Random Forests

R-yaImpute @1.0-34.1 (R, science, math)
Nearest-neighbor observation imputation and evaluation tools

rb-activeresource @2.2.2 (ruby, devel)
Object-oriented REST services

rb-hyperestraier @1.4.13 (ruby, textproc)
Ruby binding of Hyper Estraier

rb-rest-client @2.1.0 (ruby, www, devel)
Simple REST client for Ruby

rb19-activeresource @3.0.5 (ruby)
REST on Rails

rb19-httparty @0.6.0 (ruby)
Makes http fun! Also, makes consuming restful web services dead easy.

rb31-rest-client @2.1.0 (ruby, www, devel)
Simple REST client for Ruby

rb32-rest-client @2.1.0 (ruby, www, devel)
Simple REST client for Ruby

rb33-rest-client @2.1.0 (ruby, www, devel)
Simple REST client for Ruby

rest @0.8.1_1 (gnome, devel)
A library that makes it easier to access web services that claim to be RESTful.

restbed @4.8 (devel)
Framework that brings asynchronous RESTful functionality to C++14 applications.

restic @0.18.1 (sysutils)
Fast, secure, efficient backup program.

resticprofile @0.32.0 (sysutils)
Configuration profiles manager and scheduler for restic

restinio @0.6.14_3 (www, devel)
Header-only C++14 library that gives you an embedded HTTP/Websocket server.

restish @0.21.2 (devel)
Restish is a CLI for interacting with REST-ish HTTP APIs with some nice features built-in

restund @0.4.12 (net)
modular STUN/TURN server

rst2pdf @0.104 (textproc, python)
Convert reStructured Text to PDF via ReportLab

served @1.6.0_1 (devel)
Served is a C++ library for building high performance RESTful web servers.

sniprun @1.3.20 (devel)
A neovim plugin to run lines/blocs of code (independently of the rest of the file), supporting multiples languages

trojan @1.16.0_3 (net, security)
An unidentifiable mechanism that helps you bypass network restrictions.

trojan-go @0.10.6 (net, security)
An unidentifiable mechanism that helps you bypass network restrictions, written in Go.

v2ray @5.44.1 (net, security)
A proxy server for bypassing network restrictions

xray @26.1.23 (net, security)
Platform for building proxies to bypass network restrictions

Found 195 ports.
