airspy @20210912-41c439f1 (science, comms)
Host software for AirSpy, a project to produce a low cost, open source software radio platform (SDR).

alacritty @0.16.1 (aqua, shells)
A cross-platform, GPU-accelerated terminal emulator

alglib @4.01.0 (math)
a cross-platform numerical analysis and data processing library

amule @2021.12.05_2 (net, p2p, www)
aMule, the all-platform eMule p2p client

android-platform-tools @36.0.2 (java, devel)
Platform-Tools for Google Android SDK (adb and fastboot)

android-platform-tools-i386 @23.0.1 (java, devel)
Platform-Tools for Google Android SDK (adb and fastboot): legacy version for 32-bit Intel CPUs

android-platform-tools-latest @36.0.2 (java, devel)
Platform-Tools for Google Android SDK (adb and fastboot)

android-platform-tools-no_sse4 @31.0.3 (java, devel)
Platform-Tools for Google Android SDK (adb and fastboot): legacy version for non-SSE4 64-bit Intel CPUs

angelscript @2.33.0 (devel)
Flexible cross-platform scripting library

apache-solr8 @8.11.4 (java, textproc)
An open source enterprise search platform.

apache-solr9 @9.9.0 (java, textproc)
An open source enterprise search platform.

apertium @3.9.12 (textproc)
machine translation platform

arora @0.11.0_4 (www, aqua)
Cross-platform QtWebKit web browser

aspnetcore-runtime-2.1 @2.1.30_1 (dotnet)
ASP.NET Core is a cross-platform .NET framework for building modern cloud-based web applications on Windows, Mac, or Linux.

aspnetcore-runtime-3.1 @3.1.32_1 (dotnet)
ASP.NET Core is a cross-platform .NET framework for building modern cloud-based web applications on Windows, Mac, or Linux.

aspnetcore-runtime-6 @6.0.36 (dotnet)
ASP.NET Core is a cross-platform .NET framework for building modern cloud-based web applications on Windows, Mac, or Linux.

aspnetcore-runtime-7 @7.0.20 (dotnet)
ASP.NET Core is a cross-platform .NET framework for building modern cloud-based web applications on Windows, Mac, or Linux.

aspnetcore-runtime-8 @8.0.23 (dotnet)
ASP.NET Core is a cross-platform .NET framework for building modern cloud-based web applications on Windows, Mac, or Linux.

aspnetcore-runtime-9 @9.0.12 (dotnet)
ASP.NET Core is a cross-platform .NET framework for building modern cloud-based web applications on Windows, Mac, or Linux.

aspnetcore-runtime-10 @10.0.2 (dotnet)
ASP.NET Core is a cross-platform .NET framework for building modern cloud-based web applications on Windows, Mac, or Linux.

aspnetcore-runtime-devel @10.0.0-rc.2.25502.107 (dotnet)
ASP.NET Core is a cross-platform .NET framework for building modern cloud-based web applications on Windows, Mac, or Linux.

atanks @5.1_1 (games)
atanks is a multi-platform Scorched Earth clone

audacity-legacy @2.4.2_3 (audio)
A Free, Cross-Platform Digital Audio Editor.

bakefile @0.2.13 (devel)
cross-platform, cross-compiler native makefile generator

bcrypt @1.1 (security)
cross platform file encryption utility

beekeeper-studio @1.11.6 (databases)
Cross platform SQL editor and database management app for Windows, Linux, and Mac.

bladeRF @20211028-5a146b2a (science, comms)
bladeRF is an open-source hardware and software software-defined radio (SDR) platform.

bochs @2.6.11 (emulators)
cross platform x86 and x86_64 emulator

bombardier @2.0.2 (net, www)
Fast cross-platform HTTP benchmarking tool written in Go

bottom @0.12.3 (sysutils)
Yet another cross-platform graphical process/system monitor

brook @20260101.0 (net)
A cross-platform proxy/vpn software

caddy @2.10.2 (www)
Fast, multi-platform web server with automatic HTTPS

cava @0.10.7 (audio)
Cross-platform Audio Visualizer

charm @1.11.0_20151018 (office)
Charm - the Cross-Platform Time Tracker

charm-qt5 @1.11.0 (office)
Charm - the Cross-Platform Time Tracker

cl-clsql @6.7.0_1 (lisp, devel)
A multi-platform SQL interface for Common Lisp

cl-s-sysdeps @20210202 (lisp, devel)
A Common Lisp abstraction layer over platform dependent functionality.

clog @20030825 (devel)
cLog is a cross-platform C logging library.

cmake @3.31.10 (devel)
Cross-platform make

cmake-bootstrap @3.9.6 (devel)
Cross-platform make pegged at version 3.9.6. No dependencies.

cmake-devel @20251208-4.2.1-485f11a7 (devel)
Cross-platform make

cmake-devel-docs @20250827-4.1.1-ba8c4a15_1 (devel)
Cross-platform make

codeblocks @20.03_1 (devel, aqua, x11)
Open Source, Cross-platform, Free C/C++/D IDE

codeblocks-devel @20250101-r13598 (devel, aqua, x11)
Open Source, Cross-platform, Free C/C++/D IDE

Coin @3.1.3_7 (graphics, devel)
cross platform C++ OpenGL scene graph library

Coin-framework @3.1.3_6 (graphics, devel)
cross platform C++ OpenGL scene graph library

confluent-cli @4.45.1 (sysutils)
CLI for Confluent Cloud and Confluent Platform

consul @1.22.2 (net)
Consul is a distributed service mesh to connect, secure, and configure services across any runtime platform and public or private cloud.

corrade @2020.06_1 (graphics, devel)
Corrade is a multiplatform utility library written in C++11/C++14.

csvtk @0.33.0 (textproc)
A cross-platform, efficient and practical CSV/TSV toolkit in Golang

cubeb @20250325 (audio)
Cross platform audio library

CubicSDR @20230114-071204f3 (science, comms)
Cross-Platform Software-Defined Radio Application

cutter-rizin @2.4.1_1 (devel, aqua)
Free and Open Source Reverse Engineering Platform powered by rizin

dbeaver-community @25.3.3 (databases)
Free multi-platform database tool for developers, SQL programmers, database administrators and analysts.

DeaDBeeF @1.9.5 (multimedia)
DeaDBeeF is a modular cross-platform audio player

Deriv @2014.04.22 (www)
Cross-platform client for Wired 2.0

dhcptest @0.7 (net)
Cross-platform DHCP test client

djvulibre @3.5.29 (graphics, www)
Web centric format and software platform for distributing documents and images.

dotnet-cli @10.0.2 (dotnet)
The .NET command-line interface (CLI) is a cross-platform toolchain for developing, building, running, and publishing .NET applications.

dotnet-runtime-2.1 @2.1.30_1 (dotnet)
.NET is a cross-platform runtime for cloud, mobile, desktop, and IoT apps.

dotnet-runtime-3.1 @3.1.32_1 (dotnet)
.NET is a cross-platform runtime for cloud, mobile, desktop, and IoT apps.

dotnet-runtime-6 @6.0.36 (dotnet)
.NET is a cross-platform runtime for cloud, mobile, desktop, and IoT apps.

dotnet-runtime-7 @7.0.20 (dotnet)
.NET is a cross-platform runtime for cloud, mobile, desktop, and IoT apps.

dotnet-runtime-8 @8.0.23 (dotnet)
.NET is a cross-platform runtime for cloud, mobile, desktop, and IoT apps.

dotnet-runtime-9 @9.0.12 (dotnet)
.NET is a cross-platform runtime for cloud, mobile, desktop, and IoT apps.

dotnet-runtime-10 @10.0.2 (dotnet)
.NET is a cross-platform runtime for cloud, mobile, desktop, and IoT apps.

dotnet-runtime-devel @10.0.0-rc.2.25502.107 (dotnet)
.NET is a cross-platform runtime for cloud, mobile, desktop, and IoT apps.

dprint @0.50.1 (devel)
Pluggable and configurable code formatting platform written in Rust

drupal7 @7.103 (www, php)
Drupal Open Source enterprise content management platform

dspl @2024.06.05 (science, math)
Opensource cross-platform digital signal processing algorithm library

eina @1.7.10 (devel)
multi-platform data type library

elp @2024-11-07 (erlang, devel)
Erlang Language Platform

ETL @1.4.5 (graphics)
multi-platform class and template library

facter @1.7.6 (sysutils)
A cross-platform library for describing OS attributes.

flecli @0.1.7 (sysutils)
Multi-platform Fast Log Entry (FLE) processing tool

fyne @2.5.0 (devel)
Cross platform GUI in Go inspired by Material Design

g-ls @0.31.0 (sysutils)
Powerful and cross-platform ls

gcc10-bootstrap @10.5.0 (lang)
Cross-platform gcc pegged at version 10.5.0. No dependencies.

girara @0.4.5 (devel, gnome)
Cross-platform widget toolkit based on GTK+

git-interactive-rebase-tool @2.4.1 (devel)
Native cross platform full feature terminal based sequence editor for git interactive rebase.

gitqlient @1.4.3 (devel)
Multi-platform Git client written with Qt

gnome-mud @0.11.2_4 (gnome, games)
GNOME-Mud is a mudclient for the GNOME platform.

gobang @0.1.0-alpha.5 (databases)
A cross-platform TUI database management tool written in Rust

godot @3.5.3_1 (games, graphics, multimedia)
cross-platform 2-D and 3-D game development environment

google-cloud-sdk @555.0.0 (devel, python)
Command-line interface for Google Cloud Platform products and services

gtkpod @2.1.5_5 (multimedia, gnome)
gtkpod is a platform independent Graphical User Interface for Apple's iPod using GTK3.

hackrf @2024.02.1 (science, comms)
hackrf is a project to build a low cost software radio (SDR) platform.

hackrf-devel @20241205-db884152 (science, comms)
hackrf is a project to build a low cost software radio (SDR) platform.

howl @1.0.0 (net)
Howl is a cross-platform implementation of Zeroconf networking.

infisical @0.28.4 (security, devel)
Official CLI for Infisical, an open source secrets platform

ipmitool @1.8.19 (sysutils)
Intelligent Platform Management Interface management utility

jgoodies-looks @2.5.2 (java)
High-fidelity Windows and multi-platform appearance.

kdeedu4 @4.14.3 (kde, kde4)
Education based applications for the KDE4 platform

kdegames4 @4.14.3 (kde, kde4, games)
A variety of games made with the KDE4 development platform

kdesdk4 @4.14.3 (kde, kde4)
Utilities to ease development with the KDE4 platform -- Meta package

kdevplatform @1.7.4_5 (kde, kde4)
KDE libraries for IDE programs

KeePassXC @2.7.9 (security, aqua)
KeePassXC is a cross-platform community-driven port of the Windows application “Keepass Password Safe”.

KeePassXC-devel @20230514.git37dabd2_2 (security, aqua)
KeePassXC is a cross-platform community-driven port of the Windows application “Keepass Password Safe”.

keepnote @0.7.8 (office, python)
Cross-platform note-taking and organization

keychain-cpp @1.2.1 (security, sysutils)
Cross-platform wrapper for the OS credential storage

keystone @0.9.2 (devel)
Keystone is a multi-arch, multi-platform assembler framework for Arm, Arm64 (AArch64/Armv8), MIPS, Sparc, PowerPC, x86 (16/32/64-bit), SystemZ, Hexagon and more.

kitty @0.45.0 (aqua)
A cross-platform, fast, feature full, GPU based terminal emulator

koffice2-devel @1.9.98.7_3 (kde, kde4)
The KDE Office suite. KOffice is built on the KDE4 platform

kokkos @4.7.01 (devel)
implements a programming model in C++ for writing performance portable applications targeting all major HPC platforms

kokkos-devel @2025.10.19 (devel)
implements a programming model in C++ for writing performance portable applications targeting all major HPC platforms

kscd @4.14.3_3 (kde, kde4)
KsCD is a small, fast, CDDB enabled audio CD player which supports multiple platforms.

launch4j @3.50 (java)
Cross-platform Java executable wrapper

lazysql @0.4.7 (databases, devel)
A cross-platform TUI database management tool written in Go.

libao @1.2.2 (audio)
A Cross-platform Audio Library

libcdata @20220115 (security)
Library for cross-platform C generic data functions

libcdatetime @20220104 (security)
Library for cross-platform C threads functions

libcerror @20220101 (security)
Library for cross-platform C error functions

libcfile @20220106 (security)
Library for cross-platform C file functions

libclocale @20220107 (security)
Library for cross-platform C locale functions

libcnotify @20220108 (security)
Library for cross-platform C notification functions

libcommuni @3.7.0 (devel, net, irc)
Cross-platform IRC framework for Qt

libcsplit @20220109 (security)
Library for cross-platform C split strings functions

libcstring @20150101 (security)
Library for cross-platform C system functions

libcthreads @20220102 (security)
Library for cross-platform C threads functions

libdivecomputer @0.4.1 (devel)
Libdivecomputer is a cross-platform and open source library for communication with dive computers from various manufacturers.

libharu @2.3.0_2 (print)
a free, cross platform, open source library for generating PDF files

libimobiledevice @1.4.0_1 (devel)
A cross-platform software protocol library and tools to communicate with iOS devices natively.

libimobiledevice-devel @20251022 (devel)
A cross-platform software protocol library and tools to communicate with iOS devices natively.

libnick @2024.12.0 (devel)
Cross-platform base for native Nickvision applications

libocca @2.0.0 (devel, parallel)
Portable and vendor-neutral framework for parallel programming on heterogeneous platforms

libpano13 @2.9.21_1 (graphics)
The cross-platform library behind Panorama Tools

libpnet6 @0.1.5 (net, devel)
library for writing cross-platform network applications

libpointing @1.0.7 (devel)
An open-source cross-platform library to get raw events from pointing devices and master transfer functions.

libretroshare @2024.07.04 (net, devel, security, p2p)
RetroShare is a decentralized, private, secure, cross-platform communication software.

libsdl @1.2.15-20220801_1 (devel, multimedia)
Cross-platform multi-media development API

libsdl2 @2.32.10_1 (devel, multimedia)
Cross-platform multi-media development API

libsdl2-powerpc @2.30.10 (devel, multimedia)
Cross-platform multi-media development API

libsdl2-snowleopard @2.0.22 (devel, multimedia)
Cross-platform multi-media development API

libsdl2_net @2.2.0 (devel, net)
cross-platform networking library

libsdl12 @1.2.15-20250302 (devel, multimedia)
Cross-platform multi-media development API

libsdl_net @1.2.8-20220916 (devel, net)
cross-platform networking library

libserialport @0.1.2 (devel)
Cross-platform serial port C library

libsoundio @2.0.1-7 (audio)
Cross-platform audio input and output

libtermkey @0.22_1 (devel)
Cross-platform asynchronous I/O

libtins @4.2_1 (devel, net)
high-level, multiplatform C++ network packet sniffing and crafting library

libuv @1.44.2 (devel)
Cross-platform asychronous I/O

libuv-devel @1.47.0 (devel)
Cross-platform asychronous I/O

liteide @38.0 (editors, devel)
LiteIDE is a simple, open source, cross-platform Go IDE.

luamake @1.7 (devel, lua)
a platform independent configuration and build system that uses the standard Lua command-line interpreter

metabase @0.57.7 (databases, java)
Metabase is an open-source business intelligence platform. You can use Metabase to ask questions about your data, or embed Metabase in your app to let your customers explore their data on their own.

MicroTeX @2023.05.29_2 (tex)
Dynamic, cross-platform and embeddable LaTeX rendering library

miniserve @0.32.0 (net, www)
miniserve is a small, self-contained cross-platform CLI tool that allows you to just grab the binary and serve some file(s) via HTTP.

msbuild @20221013 (devel)
the build platform for .NET and Visual Studio

musikcube @3.0.4_1 (multimedia, audio)
A cross-platform, terminal-based music player, audio engine, metadata indexer and server in C++

NanoVNASaver @0.5.5 (science, comms)
NanoVNASaver is a multiplatform tool to save Touchstone files from the NanoVNA hardware

nspr @4.38.2 (devel)
A platform-neutral API for system level and libc like functions.

nzbget @21.1 (net)
NZBGet is a cross-platform binary newsgrabber for nzb files, written in C++.

ocaml-async_rpc_kernel @0.16.0_1 (ocaml, devel)
Platform-independent core of Async RPC library

ocaml-lambda-term @3.3.2 (ocaml, devel, editors)
Cross-platform library for manipulating the terminal

olena @2.1_2 (devel, framework, graphics, science)
Software platform for efficient and generic image processing

openal @1.3 (audio, devel)
OpenAL is a cross-platform 3D audio API

openal-soft @1.24.2 (audio, devel)
cross-platform software implementation of the OpenAL 3D audio API

opencascade @7.9.3 (science)
Development platform for CAD/CAE, 3D surface/solid modeling and data exchange

oscar @1.6.1 (aqua)
a cross platform, opensource sleep tracking program for reviewing CPAP and Oximetry data

ostinato @0.9_7 (net, devel)
Ostinato is an open-source, cross-platform network packet crafter/traffic generator and analyzer with a friendly GUI.

p5-file-changenotify @0.310.0 (perl)
Watch for changes to files, cross-platform style

p5-file-homedir @1.6.0 (perl)
Find your home and other directories, on any platform.

p5-mail-sendmail @0.820.0 (perl, mail)
Mail::Sendmail - Simple platform independent mailer

p5-math-random-secure @0.80.1 (perl, math)
Cryptographically-secure, cross-platform replacement for rand()

p5-net-ping-external @0.150.0 (perl)
Cross-platform interface to ICMP 'ping' utilities

p5-path-class @0.370.0 (perl)
This Perl extension provides cross-platform path specification manipulation.

p5-spreadsheet-writeexcel @2.400.0 (perl, perl, databases)
Write cross-platform Excel binary

p5-task-weaken @1.60.0 (perl)
Ensure that a platform has weaken support

p5-test-script @1.310.0 (perl)
Test::Script - Basic cross-platform tests for scripts

p5-wx @0.993.200 (perl)
Interface to the wxWidgets cross-platform GUI toolkit

p5.28-file-changenotify @0.310.0 (perl)
Watch for changes to files, cross-platform style

p5.28-file-homedir @1.6.0 (perl)
Find your home and other directories, on any platform.

p5.28-mail-sendmail @0.820.0 (perl, mail)
Mail::Sendmail - Simple platform independent mailer

p5.28-math-random-secure @0.80.1 (perl, math)
Cryptographically-secure, cross-platform replacement for rand()

p5.28-net-ping-external @0.150.0 (perl)
Cross-platform interface to ICMP 'ping' utilities

p5.28-path-class @0.370.0 (perl)
This Perl extension provides cross-platform path specification manipulation.

p5.28-spreadsheet-writeexcel @2.400.0 (perl, perl, databases)
Write cross-platform Excel binary

p5.28-task-weaken @1.60.0 (perl)
Ensure that a platform has weaken support

p5.28-test-script @1.310.0 (perl)
Test::Script - Basic cross-platform tests for scripts

p5.28-wx @0.993.200 (perl)
Interface to the wxWidgets cross-platform GUI toolkit

p5.30-file-changenotify @0.310.0 (perl)
Watch for changes to files, cross-platform style

p5.30-file-homedir @1.6.0 (perl)
Find your home and other directories, on any platform.

p5.30-mail-sendmail @0.820.0 (perl, mail)
Mail::Sendmail - Simple platform independent mailer

p5.30-math-random-secure @0.80.1 (perl, math)
Cryptographically-secure, cross-platform replacement for rand()

p5.30-net-ping-external @0.150.0 (perl)
Cross-platform interface to ICMP 'ping' utilities

p5.30-path-class @0.370.0 (perl)
This Perl extension provides cross-platform path specification manipulation.

p5.30-spreadsheet-writeexcel @2.400.0 (perl, perl, databases)
Write cross-platform Excel binary

p5.30-task-weaken @1.60.0 (perl)
Ensure that a platform has weaken support

p5.30-test-script @1.310.0 (perl)
Test::Script - Basic cross-platform tests for scripts

p5.30-wx @0.993.200 (perl)
Interface to the wxWidgets cross-platform GUI toolkit

p5.32-file-changenotify @0.310.0 (perl)
Watch for changes to files, cross-platform style

p5.32-file-homedir @1.6.0 (perl)
Find your home and other directories, on any platform.

p5.32-mail-sendmail @0.820.0 (perl, mail)
Mail::Sendmail - Simple platform independent mailer

p5.32-math-random-secure @0.80.1 (perl, math)
Cryptographically-secure, cross-platform replacement for rand()

p5.32-net-ping-external @0.150.0 (perl)
Cross-platform interface to ICMP 'ping' utilities

p5.32-path-class @0.370.0 (perl)
This Perl extension provides cross-platform path specification manipulation.

p5.32-spreadsheet-writeexcel @2.400.0 (perl, perl, databases)
Write cross-platform Excel binary

p5.32-task-weaken @1.60.0 (perl)
Ensure that a platform has weaken support

p5.32-test-script @1.310.0 (perl)
Test::Script - Basic cross-platform tests for scripts

p5.32-wx @0.993.200 (perl)
Interface to the wxWidgets cross-platform GUI toolkit

p5.34-file-changenotify @0.310.0 (perl)
Watch for changes to files, cross-platform style

p5.34-file-homedir @1.6.0 (perl)
Find your home and other directories, on any platform.

p5.34-mail-sendmail @0.820.0 (perl, mail)
Mail::Sendmail - Simple platform independent mailer

p5.34-math-random-secure @0.80.1 (perl, math)
Cryptographically-secure, cross-platform replacement for rand()

p5.34-net-ping-external @0.150.0 (perl)
Cross-platform interface to ICMP 'ping' utilities

p5.34-path-class @0.370.0 (perl)
This Perl extension provides cross-platform path specification manipulation.

p5.34-spreadsheet-writeexcel @2.400.0 (perl, perl, databases)
Write cross-platform Excel binary

p5.34-task-weaken @1.60.0 (perl)
Ensure that a platform has weaken support

p5.34-test-script @1.310.0 (perl)
Test::Script - Basic cross-platform tests for scripts

p5.34-wx @0.993.200 (perl)
Interface to the wxWidgets cross-platform GUI toolkit

p8-platform @2.1.0.1 (multimedia)
Pulse-Eight platform library

packer @1.14.3 (sysutils)
A tool for creating identical machine images for multiple platforms from a single source configuration.

phonon @4.10.3 (audio, kde, kde4)
Cross Platform Multimedia API used by Qt applications

phonon-qt5 @4.11.1 (audio, kde, kf5)
Cross Platform Multimedia API used by Qt applications

platformio @6.1.18 (devel, python)
Your Gateway to Embedded Software Development Excellence

playerstage-player @3.0.2_9 (science)
Player/Stage robotic platform

playerstage-stage @3.2.2_7 (science)
Player/Stage robotic platform

poedit1 @1.5.7_1 (editors, aqua)
Poedit is a cross-platform gettext catalogs (.po files) editor.

portaudio @20240308-88ab584e (audio, devel)
PortAudio is a free, cross platform, open-source, audio I/O library.

portmidi @2.0.8 (audio, devel)
Free, cross platform, open-source, real-time MIDI I/O library.

py-colorama @0.4.6 (python, devel)
Cross-platform colored terminal text

py-desktop-notifier @6.2.0 (python, sysutils)
py-desktop-notifier is a Python library for cross-platform desktop notifications

py-filelock @3.20.3 (python)
A platform independent file lock

py-findlibs @0.1.2 (python, science)
A Python package that search for shared libraries on various platforms

py-ifaddr @0.2.0 (python)
Cross-platform network interface and IP address enumeration library

py-lightblue @0.4_2 (python)
A cross-platform Python Bluetooth API

py-lockfile @0.12.2 (python, devel)
Platform-independent file locking module

py-platformdirs @4.5.1 (python, devel)
A small Python module for determining appropriate platform-specific dirs

py-portalocker @3.2.0 (python)
Cross-platform locking library

py-pyglet @2.1.11 (python, devel, graphics)
A cross-platform windowing and multimedia library for Python.

py-pykde4 @4.14.3_5 (kde, kde4, devel)
Python bindings for the KDE Development Platform

py-pykde4-docs @4.14.3_5 (kde, kde4, devel)
Python bindings for the KDE Development Platform

py-pyperclip @1.11.0 (python)
A cross-platform clipboard module for Python

py-pyside2 @5.15.18 (python, devel, aqua)
Python bindings for the Qt cross-platform application and UI framework

py-pyside6 @6.7.3_1 (python, devel, aqua)
Python bindings for the Qt cross-platform application and UI framework

py-pyttsx @1.1_2 (python, devel, audio)
Cross-platform Python wrapper for text-to-speech synthesis

py-reflink @0.2.2 (python, devel)
Python reflink wraps around platform specific reflink implementations

py-winpdb @1.4.8_2 (python)
Winpdb is a platform independent python debugger.

py-wxpython-3.0 @3.0.2.0 (python, graphics, devel)
Python interface to the wxWidgets 3.0 cross platform GUI

py-wxpython-4.0 @4.2.4 (python, graphics, devel)
Python interface to the wxWidgets 3.2 cross platform GUI

py27-colorama @0.4.5_1 (python, devel)
Cross-platform colored terminal text

py27-filelock @3.2.1 (python)
A platform independent file lock

py27-lightblue @0.4_2 (python)
A cross-platform Python Bluetooth API

py27-lockfile @0.12.2 (python, devel)
Platform-independent file locking module

py27-platformdirs @2.0.2 (python, devel)
A small Python module for determining appropriate platform-specific dirs

py27-pykde4 @4.14.3_5 (kde, kde4, devel)
Python bindings for the KDE Development Platform

py27-pyttsx @1.1_2 (python, devel, audio)
Cross-platform Python wrapper for text-to-speech synthesis

py27-winpdb @1.4.8_2 (python)
Winpdb is a platform independent python debugger.

py27-wxpython-3.0 @3.0.2.0 (python, graphics, devel)
Python interface to the wxWidgets 3.0 cross platform GUI

py39-colorama @0.4.6 (python, devel)
Cross-platform colored terminal text

py39-filelock @3.20.3 (python)
A platform independent file lock

py39-platformdirs @4.5.1 (python, devel)
A small Python module for determining appropriate platform-specific dirs

py39-pyglet @2.1.11 (python, devel, graphics)
A cross-platform windowing and multimedia library for Python.

py310-colorama @0.4.6 (python, devel)
Cross-platform colored terminal text

py310-desktop-notifier @6.2.0 (python, sysutils)
py-desktop-notifier is a Python library for cross-platform desktop notifications

py310-filelock @3.20.3 (python)
A platform independent file lock

py310-findlibs @0.1.2 (python, science)
A Python package that search for shared libraries on various platforms

py310-ifaddr @0.2.0 (python)
Cross-platform network interface and IP address enumeration library

py310-lockfile @0.12.2 (python, devel)
Platform-independent file locking module

py310-platformdirs @4.5.1 (python, devel)
A small Python module for determining appropriate platform-specific dirs

py310-portalocker @3.2.0 (python)
Cross-platform locking library

py310-pyglet @2.1.11 (python, devel, graphics)
A cross-platform windowing and multimedia library for Python.

py310-pyperclip @1.11.0 (python)
A cross-platform clipboard module for Python

py310-pyside2 @5.15.18 (python, devel, aqua)
Python bindings for the Qt cross-platform application and UI framework

py310-pyside6 @6.7.3_1 (python, devel, aqua)
Python bindings for the Qt cross-platform application and UI framework

py310-reflink @0.2.2 (python, devel)
Python reflink wraps around platform specific reflink implementations

py310-wxpython-4.0 @4.2.4 (python, graphics, devel)
Python interface to the wxWidgets 3.2 cross platform GUI

py311-colorama @0.4.6 (python, devel)
Cross-platform colored terminal text

py311-desktop-notifier @6.2.0 (python, sysutils)
py-desktop-notifier is a Python library for cross-platform desktop notifications

py311-filelock @3.20.3 (python)
A platform independent file lock

py311-findlibs @0.1.2 (python, science)
A Python package that search for shared libraries on various platforms

py311-ifaddr @0.2.0 (python)
Cross-platform network interface and IP address enumeration library

py311-lockfile @0.12.2 (python, devel)
Platform-independent file locking module

py311-platformdirs @4.5.1 (python, devel)
A small Python module for determining appropriate platform-specific dirs

py311-portalocker @3.2.0 (python)
Cross-platform locking library

py311-pyglet @2.1.11 (python, devel, graphics)
A cross-platform windowing and multimedia library for Python.

py311-pyperclip @1.11.0 (python)
A cross-platform clipboard module for Python

py311-pyside2 @5.15.18 (python, devel, aqua)
Python bindings for the Qt cross-platform application and UI framework

py311-pyside6 @6.7.3_1 (python, devel, aqua)
Python bindings for the Qt cross-platform application and UI framework

py311-reflink @0.2.2 (python, devel)
Python reflink wraps around platform specific reflink implementations

py311-wxpython-4.0 @4.2.4 (python, graphics, devel)
Python interface to the wxWidgets 3.2 cross platform GUI

py312-colorama @0.4.6 (python, devel)
Cross-platform colored terminal text

py312-desktop-notifier @6.2.0 (python, sysutils)
py-desktop-notifier is a Python library for cross-platform desktop notifications

py312-filelock @3.20.3 (python)
A platform independent file lock

py312-findlibs @0.1.2 (python, science)
A Python package that search for shared libraries on various platforms

py312-ifaddr @0.2.0 (python)
Cross-platform network interface and IP address enumeration library

py312-lockfile @0.12.2 (python, devel)
Platform-independent file locking module

py312-platformdirs @4.5.1 (python, devel)
A small Python module for determining appropriate platform-specific dirs

py312-portalocker @3.2.0 (python)
Cross-platform locking library

py312-pyglet @2.1.11 (python, devel, graphics)
A cross-platform windowing and multimedia library for Python.

py312-pyperclip @1.11.0 (python)
A cross-platform clipboard module for Python

py312-pyside6 @6.7.3_1 (python, devel, aqua)
Python bindings for the Qt cross-platform application and UI framework

py312-reflink @0.2.2 (python, devel)
Python reflink wraps around platform specific reflink implementations

py312-wxpython-4.0 @4.2.4 (python, graphics, devel)
Python interface to the wxWidgets 3.2 cross platform GUI

py313-colorama @0.4.6 (python, devel)
Cross-platform colored terminal text

py313-desktop-notifier @6.2.0 (python, sysutils)
py-desktop-notifier is a Python library for cross-platform desktop notifications

py313-filelock @3.20.3 (python)
A platform independent file lock

py313-findlibs @0.1.2 (python, science)
A Python package that search for shared libraries on various platforms

py313-ifaddr @0.2.0 (python)
Cross-platform network interface and IP address enumeration library

py313-lockfile @0.12.2 (python, devel)
Platform-independent file locking module

py313-platformdirs @4.5.1 (python, devel)
A small Python module for determining appropriate platform-specific dirs

py313-portalocker @3.2.0 (python)
Cross-platform locking library

py313-pyglet @2.1.11 (python, devel, graphics)
A cross-platform windowing and multimedia library for Python.

py313-pyperclip @1.11.0 (python)
A cross-platform clipboard module for Python

py313-pyside6 @6.7.3_1 (python, devel, aqua)
Python bindings for the Qt cross-platform application and UI framework

py313-reflink @0.2.2 (python, devel)
Python reflink wraps around platform specific reflink implementations

py313-wxpython-4.0 @4.2.4 (python, graphics, devel)
Python interface to the wxWidgets 3.2 cross platform GUI

py314-colorama @0.4.6 (python, devel)
Cross-platform colored terminal text

py314-desktop-notifier @6.2.0 (python, sysutils)
py-desktop-notifier is a Python library for cross-platform desktop notifications

py314-filelock @3.20.3 (python)
A platform independent file lock

py314-findlibs @0.1.2 (python, science)
A Python package that search for shared libraries on various platforms

py314-lockfile @0.12.2 (python, devel)
Platform-independent file locking module

py314-platformdirs @4.5.1 (python, devel)
A small Python module for determining appropriate platform-specific dirs

py314-pyglet @2.1.11 (python, devel, graphics)
A cross-platform windowing and multimedia library for Python.

py314-pyperclip @1.11.0 (python)
A cross-platform clipboard module for Python

py314-pyside6 @6.7.3_1 (python, devel, aqua)
Python bindings for the Qt cross-platform application and UI framework

py314-wxpython-4.0 @4.2.4 (python, graphics, devel)
Python interface to the wxWidgets 3.2 cross platform GUI

qbs @3.1.1 (devel)
build tool that helps simplify the build process for developing projects across multiple platforms.

qbs-docs @3.1.1 (devel)
build tool that helps simplify the build process for developing projects across multiple platforms.

qdjango @0.2.6 (devel)
Cross-platform C++ web development framework

qlipper @5.1.2 (aqua, office, textproc)
Lightweight & cross-platform clipboard history applet

qt4-creator-mac @2.8.1_4 (devel, aqua)
Cross-platform integrated development environment (IDE) tailored to the needs of Qt developers.

qt5-qtcreator @6.0.2_1 (devel, aqua)
Cross-platform integrated development environment (IDE) tailored to the needs of Qt developers.

qt5-qtcreator-docs @6.0.2_1 (devel, aqua)
Cross-platform integrated development environment (IDE) tailored to the needs of Qt developers.

qt6-qtcreator @18.0.2 (devel, aqua)
Cross-platform integrated development environment (IDE) tailored to the needs of Qt developers.

qt6-qtcreator-docs @18.0.2 (devel, aqua)
Cross-platform integrated development environment (IDE) tailored to the needs of Qt developers.

QtPass @1.4.0 (aqua, security)
QtPass is a multi-platform GUI for pass, the standard unix password manager.

quill @0.5.1 (security, sysutils)
Simple macOS binary signing from any platform

qxmpp @1.1.0_3 (devel, net)
Cross-platform C++ XMPP library

R-beepr @2.0 (R, science, sysutils)
Easily play notification sounds on any platform

R-cloudfs @0.1.3 (R, science, net, sysutils)
Streamlined interface to interact with cloud storage platforms

R-fs @1.6.5 (R, science, sysutils)
Cross-platform uniform interface to file system operations

R-mlflow @2.18.0 (R, science)
Open-source platform for the machine learning lifecycle

R-OpenML @1.12_1 (R, science)
Open Machine Learning and Open Data Platform

R-rmio @0.4.0_2 (R, science, devel)
Cross-platform C++11 header-only library for memory-mapped file IO

R-WriteXLS @6.7.0 (R, science, office)
Cross-platform Perl-based R function to create Excel 2003/2007 files

R-zip @2.3.1_1 (R, science, archivers)
Cross-platform zip compression

rb-launchy @2.5.2 (ruby, devel)
Cross-platform application launcher class

rb31-launchy @2.5.2 (ruby, devel)
Cross-platform application launcher class

rb32-launchy @2.5.2 (ruby, devel)
Cross-platform application launcher class

rb33-launchy @2.5.2 (ruby, devel)
Cross-platform application launcher class

reproc @14.2.4_1 (devel)
A cross-platform (C99/C++11) process library

retroshare-qt4 @0.6.4_2 (www, security, p2p)
RetroShare is a Free and Open Source cross-platform, Friend-2-Friend and secure decentralised communication platform

rotz @1.2.1 (sysutils)
Fully cross platform dotfile manager and dev environment bootstrapper written in Rust.

rush @0.8.0 (sysutils)
A cross-platform command-line tool for executing jobs in parallel

scummvm @2.9.0_2 (emulators, games)
cross-platform interpreter for several adventure engines

scummvm-devel @20231109_1 (emulators, games)
cross-platform interpreter for several adventure engines

SDL3 @3.4.0 (devel, multimedia)
Cross-platform multi-media development API

SDRPlusPlus @1.0.4_5 (science)
SDR++ is a cross-platform and open source SDR software with the aim of being bloat free and simple to use.

slang2 @2.3.3 (lang, devel)
multi-platform programmer's library

SoapySDR @0.8.1_1 (science)
A fresh and clean vendor neutral and platform independent SDR support library

softether5 @5.2.5188 (net, security)
Cross-platform multi-protocol VPN software

subprocess @0.4.0_1 (devel)
Cross-platform subprocess library for C++

swarm @2.4.1_27 (science)
Swarm is a platform for agent-based models (ABMs).

sword @1.9.0_6 (textproc)
cross-platform API/library for Bible software

tdlib @1.8.41 (devel)
Cross-platform library for building Telegram clients

tenacity @1.3.4 (audio)
an easy-to-use, cross-platform multi-track audio editor/recorder

texmaker @5.1.4 (tex, editors)
Free cross-platform LaTeX editor since 2003

tiemu3 @3.03_1 (math)
Texas Instruments TI89, Titanium, TI-92, TI-92+, Voyager 200 multi-platform emulator

VLC @3.0.11.1 (multimedia, devel)
VLC is a cross-platform media player and streaming server

VLC2 @2.2.8_24 (multimedia, devel)
VLC is a cross-platform media player and streaming server

VVVVVV @2.4.3 (games)
The indie platformer game where you reversed gravity instead of jumping

waypoint @0.11.4 (devel)
A tool to build, deploy, and release any application on any platform

wezterm @20251201-075747-d3b0fdad (aqua, sysutils)
A GPU-accelerated cross-platform terminal emulator and multiplexer written in Rust

whitebox-tools @2.2.0_1 (gis)
an advanced geospatial data analysis platform

wordpress @5.5.12 (www)
a state-of-the-art semantic personal publishing platform

wxgtk-2.8 @2.8.12_6 (graphics, devel)
C++ framework for cross-platform GUI development

wxgtk-3.0 @3.0.5.1_6 (graphics, devel)
C++ framework for cross-platform GUI development

wxgtk-3.0-cxx11 @3.0.5.1_6 (graphics, devel)
C++ framework for cross-platform GUI development

wxWidgets-2.8 @2.8.12_6 (graphics, devel)
C++ framework for cross-platform GUI development

wxWidgets-3.0 @3.0.5.1_6 (graphics, devel)
C++ framework for cross-platform GUI development

wxWidgets-3.0-cxx11 @3.0.5.1_6 (graphics, devel)
C++ framework for cross-platform GUI development

wxWidgets-3.2 @3.2.8.1_2 (graphics, devel)
C++ framework for cross-platform GUI development

xchm @1.32 (textproc)
A cross-platform GUI front-end to chmlib.

xmake @3.0.6 (devel)
A cross-platform build utility based on Lua

xmms2 @0.9.5_3 (audio)
CrossPlatform Music Multiplexer System

xmoto @0.5.11_1 (games)
X-Moto is a challenging 2D motocross platform game

xplc @0.3.13 (devel)
Cross-Platform Lightweight Components.

xray @26.1.23 (net, security)
Platform for building proxies to bypass network restrictions

Found 379 ports.
