antic @2022.11.30_1 (math)
Obsolete port, replaced by flint

arpeggio @1.4.4_2 (science, python)
Calculation of interatomic interactions in molecular structures

arpeggio-devel @20241024-258855b8_1 (science, python)
Calculation of interatomic interactions in molecular structures

auctex @13.2_1 (editors, print)
**Obsolete port** A major emacs mode for editing TeX files.

BlackHole @0.6.1 (audio)
macOS virtual audio driver.

bool @0.2.2 (sysutils)
find files that match a boolean expression

boolector @3.2.4 (math, science)
an SMT solver for the theory of bit-vectors

buildbot-console-view @3.10.1 (devel)
console view plugin for Buildbot web UI

c3270 @4.3ga8 (comms)
A console-based IBM3270 terminal emulator.

canto @0.6.13_3 (net, python)
flexible ncurses Atom/RSS newsreader for the console

centerim @5.0.1_1 (net)
Console multi-IM client.

cfonts @1.3.0 (textproc)
Sexy ANSI fonts for the console

chemkit @0.1_3 (science, chemistry)
Chemkit is an open-source C++ library for molecular modelling, cheminformatics, and molecular visualization.

cl-eos @20200631 (lisp, devel)
obsolete fork of FiveAM

clive @0.4.10 (net)
A console line client for livejournal.

cmake-devel-gui @20250827-4.1.1-ba8c4a15_1 (devel)
Obsolete port, replaced by cmake-gui-devel

cmatrix @2.0 (games, x11)
Console Matrix

csvToLedger @1.0 (office)
Convert CSVs to Ledger format

demeter-devel @0.9.26_1 (science)
Obsolete port, replaced by demeter

djview-qt5 @4.12.3 (aqua, graphics, www)
Obsolete port, replaced by djview

dnuos @1.0.11 (sysutils)
Console program that creates lists of music collections

docker-credential-helper-ecr @0.8.0
Obsolete port, replaced by amazon-ecr-credential-helper

dovecot-sieve @0.5.21.1 (mail)
Pigeonhole sieve and managesieve plugins for dovecot

EMBOSS @6.6.0_1 (science)
Molecular Biology software analysis package

etpan @0.7.1_1 (mail)
etPan is a console mail user agent based on libEtPan

fastcap-wr @2.0wr-010114 (science, electronics)
A multipole-accelerated capacitance analysis program

fasthenry-wr @3.0wr-010114 (science, electronics)
A multipole-accelerated inductance analysis program

foremost @1.5.7_1 (sysutils)
a console program to recover files based on their headers and footers.

fpc-cross-x86-64-win64 @3.2.2_1 (lang, pascal)
Obsolete port, replaced by fpc-cross-x86_64-win64

fstar-devel @20210824-b95d1ac_1 (lang, devel)
Obsolete port, replaced by fstar

fstar_select @1.3_1 (lang, devel)
Obsolete port

gdal-grass @1.0.4_1 (gis)
Obsolete port, replaced by gdal-plugin-grass

gdu @5.32.0 (sysutils)
Disk usage analyzer with console interface written in Go

gnome-chemistry-utils @0.14.17_2 (gnome, science, chemistry)
This package provides a set of Gtk3-based applications for drawing and viewing molecules, crystals and spectra.

godot-3.2 @3.2.3_3 (games, graphics, multimedia)
Obsolete port, replaced by godot

gpp4 @1.3.1_1 (science)
macromolecular crystallography library

gr-ais @20151220_13 (science, comms)
Obsolete port, replaced by gr37-ais

gr-cdma @20161220_5 (science, comms)
Obsolete port, replaced by gr37-cdma

gr-limesdr-devel @3.0.1 (science, comms)
Obsolete port, replaced by gr-limesdr

gr-lora @20180131_2 (science, comms)
Obsolete port, replaced by gr-lora-rpp0

gr-lte @20180220_4 (science, comms)
Obsolete port, replaced by gr37-lte

gr-mac @20140919_9 (science, comms)
Obsolete port, replaced by gr37-mac

gr-mapper @20181023-2ea1eb68_1 (science, comms)
Obsolete port, replaced by gr37-mapper

gr-ofdm @20180306_16 (science, comms)
Obsolete port, replaced by gr37-ofdm

gr-pcap @20170402_8 (science, comms)
Obsolete port, replaced by gr37-pcap

gr-pyqt @20160712_9 (science, comms)
Obsolete port, replaced by gr37-pyqt

gr-sdrplay @20180717-d28ae3d3_1 (science, comms)
Obsolete port, replaced by gr37-sdrplay

gr-tdd @20190521-13ae75ea_1 (science, comms)
Obsolete port, replaced by gr37-tdd

gromacs @2021.3_2 (science, math)
Molecular dynamics package designed for simulations of proteins, lipids, and nucleic acids.

gromacs-plumed @2021.3_2 (science, math)
Molecular dynamics package designed for simulations of proteins, lipids, and nucleic acids.: (THIS PORT INSTALLS A VERSION OF GROMACS PATCHED WITH PLUMED)

guile @2.2.7_3 (lang)
Obsolete port, replaced by guile-2.2

guile18 @1.8.8_8 (lang)
Obsolete port, replaced by guile-1.8

helm @4.1.0 (sysutils)
Obsolete port, replaced by helm-4.1

hexedit @1.6 (sysutils, editors)
A hexeditor for the console.

heyu @2.0beta.7.2 (comms)
HEYU is a text-based console program for remotely controlling lights and appliances in the home or office.

iRecovery @0.1 (sysutils)
Console client for iBoot/iBSS iPhone, iPod touch and iPad

jline @0.9.94 (devel, java)
A library for handling console input

katomic @4.14.3_3 (kde, kde4, games)
Katomic is both fun and educational game built around molecular geometry.

kegworks @2.0.4_1 (emulators)
Obsolete port, replaced by sikarugir

konsole @4.14.3_2 (kde, kde4)
Konsole is the terminal emulator for the K Desktop Environment.

kremlin-devel @20210824-b95d1ac_1 (lang, devel)
Obsolete port, replaced by fstar

kremlin_select @1.3_1 (lang, devel)
Obsolete port

kubectl @1.35.0 (sysutils)
Obsolete port, replaced by kubectl-1.35

libccp4 @8.0.0 (science)
C++ toolkit for superposition of macromolecules

libint @2.0.3 (science)
a library for the evaluation of molecular integrals of many-body operators over Gaussian functions

libpetanque @1.1.0 (math)
Library that helps manipulate symbolic boolean expressions

libpiano @2024.12.21 (audio)
Console-based pandora.com player

libVLC @3.0.11.1 (multimedia, devel)
Obsolete port, replaced by VLC

livestreamer @1.12.2_3 (multimedia)
Obsolete port, replaced by streamlink

lsdvd @0.17_2 (sysutils, multimedia)
lsdvd is a console application that displays the content of a dvd.

lua-ansicolors @1.0.2 (lua, devel)
Ansicolors is a simple Lua function for printing to the console in color

lua51-ansicolors @1.0.2 (lua, devel)
Ansicolors is a simple Lua function for printing to the console in color

lua52-ansicolors @1.0.2 (lua, devel)
Ansicolors is a simple Lua function for printing to the console in color

lua53-ansicolors @1.0.2 (lua, devel)
Ansicolors is a simple Lua function for printing to the console in color

lua54-ansicolors @1.0.2 (lua, devel)
Ansicolors is a simple Lua function for printing to the console in color

macmon @0.6.1 (sysutils)
Sudoless performance monitoring CLI tool for Apple Silicon processors

macos-fortress @2025.09.21 (net, security)
Firewall, Blackhole, and Privatizing Proxy for Trackers, Attackers, Malware, Adware, and Spammers

macos-fortress-proxy @2025.09.21 (net, security)
Blackhole and Privatizing Proxy.

macos-fortress-proxy-squid @2025.09.21 (net, security)
Blackhole and Privatizing Proxy using Squid and easylist-pac.

magic-wormhole @0.21.1 (net, python, sysutils)
Securely transfer data between computers.

mariadb-10.0 @10.0.38_3 (databases)
Obsolete port, replaced by mariadb-10.5

mariadb-10.0-server @10.0.38_2 (databases)
Obsolete port, replaced by mariadb-10.5-server

mariadb-10.1 @10.1.48_2 (databases)
Obsolete port, replaced by mariadb-10.5

mariadb-10.1-server @10.1.48_1 (databases)
Obsolete port, replaced by mariadb-10.5-server

mariadb-10.2 @10.2.44_2 (databases)
Obsolete port, replaced by mariadb-10.5

mariadb-10.2-server @10.2.44_1 (databases)
Obsolete port, replaced by mariadb-10.5-server

mcabber @1.1.2_1 (net)
Console Jabber client

mddisplay @3.0 (science)
A 3D Stereo Molecular Dynamics Trajectory Visualization Package

minetest @5.7.0_2 (games)
Obsolete port, replaced by luanti

mkconsole @1.14 (aqua)
application that displays logfiles on your desktop

mlton @20240519_2 (lang, ml)
Whole-program optimizing compiler for the SML

mmdb @1.25.6.1 (science)
macromolecular coordinate library

mmdb2 @2.0.22 (science)
A C++ toolkit for working with macromolecular coordinate files

moar @1.31.8_1 (textproc)
Obsolete port, replaced by moor

moc @2.6-alpha1_10 (multimedia)
MOC (music on console) is a console audio player for LINUX/UNIX

moe @1.15 (editors)
GNU moe - console text editor for ISO-8859 and ASCII character encodings.

molden @7.3 (science, graphics, chemistry)
Molecular graphics visualisation tool

mole @2.0.0 (net)
CLI application to create ssh tunnels focused on resiliency and user experience.

mole-cleaner @1.23.2 (sysutils)
Deep clean and optimize your Mac

molmol @2k.2.0_13 (science, chemistry)
Molecular graphics display program

mp3blaster @3.2.6 (audio)
Full-screen console mp3 and Ogg Vorbis player

muttils @1.3 (mail)
Utilities for console mail clients

mvnd @1.0.2_1 (java)
Obsolete port, replaced by mvnd1

mysql81 @8.1.0_6 (databases)
Obsolete port, replaced by mysql8

mysql81-server @8.1.0_3 (databases)
Obsolete port, replaced by mysql8-server

mysql82 @8.2.0_2 (databases)
Obsolete port, replaced by mysql8

mysql82-server @8.2.0_1 (databases)
Obsolete port, replaced by mysql8-server

netdata-dashboard @3.0.4 (sysutils)
Obsolete port, replaced by netdata

netris @0.52 (games)
networked tetris on the console

newsboat @2.42 (net, www)
a fork of Newsbeuter, an RSS/Atom feed reader for the text console

nload @0.7.4_1 (net)
A console application which monitors network traffic and bandwidth usage in real time

nMOLDYN @3.0.9_1 (science, chemistry)
An interactive analysis program for Molecular Dynamics simulations.

nsm-console @0.7 (net, security)
framework for performing analysis on packet capture files

octave-octclip @2.0.3_3 (octave, math, science)
This package allows to do boolean operations with polygons using the Greiner-Hormann algorithm.

octave-sole @0.1.1_1 (octave, math, science)
A package for transient and steady state simulation of organic solar cells.

olena @2.1_2 (devel, framework, graphics, science)
Software platform for efficient and generic image processing

OmegaT-latest @5.7.1 (aqua, textproc, java)
Obsolete port, replaced by OmegaT

orpie @1.5.2_4 (math)
fullscreen RPN calculator for the console

p5-alien-role-alt @0.50.0 (perl)
Alien::Role::Alt - (Deprecated) Alien::Base role that supports alternates

p5-alt-lexical-var-butsupportmodernperl @0.2.0_1 (perl)
Obsolete port, replaced by p5-lexical-var

p5-beam-emitter @1.7.0 (perl)
Beam::Emitter - Role for event emitting classes

p5-boolean @0.460.0 (perl)
boolean - Boolean support for Perl

p5-carp-clan-share @0.13.0 (perl)
Carp::Clan::Share - Share your Carp::Clan settings with your whole Clan

p5-catalyst-plugin-authorization-roles @0.90.0 (perl)
Role based authorization for Catalyst based on Catalyst::Plugin::Authentication

p5-class-returnvalue @0.550.0_3 (perl)
A return-value object that lets you treat it as as a boolean, array or object

p5-class-whitehole @0.40.0_3 (perl)
base class to treat unhandled method calls as errors

p5-dist-zilla-role-dynamicconfig @1.2.0 (perl)
Dist::Zilla::Role::DynamicConfig - A Role that accepts a dynamic configuration

p5-dist-zilla-role-filewatcher @0.6.0 (perl)
Dist::Zilla::Role::FileWatcher - Receive notification when something changes a file's contents

p5-dist-zilla-role-modulemetadata @0.6.0 (perl)
Dist::Zilla::Role::ModuleMetadata - A role for plugins that use Module::Metadata

p5-dist-zilla-role-pluginbundle-pluginremover @0.105.0 (perl)
Dist::Zilla::Role::PluginBundle::PluginRemover - Add '-remove' functionality to a bundle

p5-dist-zilla-role-registerstash @0.3.0 (perl)
Dist::Zilla::Role::RegisterStash - A plugin that can register stashes

p5-dist-zilla-role-repofileinjector @0.9.0 (perl)
Dist::Zilla::Role::RepoFileInjector - Create files outside the build directory

p5-dist-zilla-role-stash-plugins @1.6.0 (perl)
Dist::Zilla::Role::Stash::Plugins - A Stash that stores arguments for plugins

p5-lwp-consolelogger @1.0.1 (perl)
LWP::ConsoleLogger - LWP tracing and debugging

p5-math-bigrat @0.262.400_1 (perl)
Obsolete port, replaced by p5-math-bigint

p5-mojo-useragent-role-retry @0.2.0 (perl)
Mojo::UserAgent::Role::Retry - Retry requests on failure

p5-moosex-configfromfile @0.140.0 (perl)
MooseX::ConfigFromFile - An abstract Moose role for setting attributes from a configfile

p5-moosex-daemonize @0.220.0 (perl)
MooseX::Daemonize - Role for daemonizing your Moose based application

p5-moosex-getopt @0.780.0 (perl)
MooseX::Getopt - A Moose role for processing command line options

p5-moosex-log-log4perl @0.470.0 (perl)
A Logging Role for Moose based on Log::Log4perl

p5-moosex-role-parameterized @1.110.0 (perl)
MooseX::Role::Parameterized - roles with composition parameters

p5-moosex-role-strict @0.50.0_2 (perl)
MooseX::Role::Strict - use strict 'roles'

p5-moosex-role-warnonconflict @0.10.0 (perl)
MooseX::Role::WarnOnConflict - Warn if classes override role methods without excluding them

p5-moosex-role-withoverloading @0.170.0 (perl)
Roles which support overloading (DEPRECATED)

p5-moosex-simpleconfig @0.110.0 (perl)
MooseX::SimpleConfig - A Moose role for setting attributes from a simple configuration file

p5-moosex-storage-format-jsonpm @0.93.94 (perl)
MooseX::Storage::Format::JSONpm - a format role for MooseX::Storage using JSON.pm

p5-moosex-traits @0.130.0 (perl)
automatically apply roles at object creation time

p5-moox-traits @0.5.0 (perl)
MooX::Traits - automatically apply roles at object creation time

p5-number-tolerant @1.710.0_1 (perl)
Number::Tolerant - tolerance ranges for inexact numbers

p5-ole-storage_lite @0.240.0 (perl)
OLE::Storage_Lite - Simple Class for OLE document interface

p5-opengl-glut @0.720.0_1 (perl)
Obsolete port, replaced by p5-opengl

p5-pcsc @1.4.14_1 (perl)
Obsolete port, replaced by p5-chipcard-pcsc

p5-role-basic @0.160.0 (perl)
Role::Basic - Just roles. Nothing else.

p5-role-hasmessage @0.7.0 (perl)
Role::HasMessage - a thing with a message method

p5-role-hooks @0.8.0 (perl)
Role::Hooks - role callbacks

p5-role-identifiable @0.9.0 (perl)
Role::Identifiable - a thing you can identify somehow

p5-role-tiny @2.2.4 (perl)
Role::Tiny - Roles. Like a nouvelle cuisine portion size slice of Moose.

p5-test-number-delta @1.60.0 (perl)
Test::Number::Delta - Compare the difference between numbers against a given tolerance

p5-test2-suite @0.0.163_1 (perl)
Obsolete port, replaced by p5-test-simple

p5-throwable @1.1.0 (perl)
Throwable - a role for classes that can be thrown

p5-treepath-role-graph @0.70.0 (perl)
TreePath::Role::Graph - Role to visualize TreePath Graph

p5.28-alien-role-alt @0.50.0 (perl)
Alien::Role::Alt - (Deprecated) Alien::Base role that supports alternates

p5.28-alt-lexical-var-butsupportmodernperl @0.2.0_1 (perl)
Obsolete port, replaced by p5.28-lexical-var

p5.28-beam-emitter @1.7.0 (perl)
Beam::Emitter - Role for event emitting classes

p5.28-boolean @0.460.0 (perl)
boolean - Boolean support for Perl

p5.28-carp-clan-share @0.13.0 (perl)
Carp::Clan::Share - Share your Carp::Clan settings with your whole Clan

p5.28-catalyst-plugin-authorization-roles @0.90.0 (perl)
Role based authorization for Catalyst based on Catalyst::Plugin::Authentication

p5.28-class-returnvalue @0.550.0_3 (perl)
A return-value object that lets you treat it as as a boolean, array or object

p5.28-class-whitehole @0.40.0_3 (perl)
base class to treat unhandled method calls as errors

p5.28-dist-zilla-role-dynamicconfig @1.2.0 (perl)
Dist::Zilla::Role::DynamicConfig - A Role that accepts a dynamic configuration

p5.28-dist-zilla-role-filewatcher @0.6.0 (perl)
Dist::Zilla::Role::FileWatcher - Receive notification when something changes a file's contents

p5.28-dist-zilla-role-modulemetadata @0.6.0 (perl)
Dist::Zilla::Role::ModuleMetadata - A role for plugins that use Module::Metadata

p5.28-dist-zilla-role-pluginbundle-pluginremover @0.105.0 (perl)
Dist::Zilla::Role::PluginBundle::PluginRemover - Add '-remove' functionality to a bundle

p5.28-dist-zilla-role-registerstash @0.3.0 (perl)
Dist::Zilla::Role::RegisterStash - A plugin that can register stashes

p5.28-dist-zilla-role-repofileinjector @0.9.0 (perl)
Dist::Zilla::Role::RepoFileInjector - Create files outside the build directory

p5.28-dist-zilla-role-stash-plugins @1.6.0 (perl)
Dist::Zilla::Role::Stash::Plugins - A Stash that stores arguments for plugins

p5.28-lwp-consolelogger @1.0.1 (perl)
LWP::ConsoleLogger - LWP tracing and debugging

p5.28-math-bigrat @0.262.400_1 (perl)
Obsolete port, replaced by p5.28-math-bigint

p5.28-mojo-useragent-role-retry @0.2.0 (perl)
Mojo::UserAgent::Role::Retry - Retry requests on failure

p5.28-moosex-configfromfile @0.140.0 (perl)
MooseX::ConfigFromFile - An abstract Moose role for setting attributes from a configfile

p5.28-moosex-daemonize @0.220.0 (perl)
MooseX::Daemonize - Role for daemonizing your Moose based application

p5.28-moosex-getopt @0.780.0 (perl)
MooseX::Getopt - A Moose role for processing command line options

p5.28-moosex-log-log4perl @0.470.0 (perl)
A Logging Role for Moose based on Log::Log4perl

p5.28-moosex-role-parameterized @1.110.0 (perl)
MooseX::Role::Parameterized - roles with composition parameters

p5.28-moosex-role-strict @0.50.0_2 (perl)
MooseX::Role::Strict - use strict 'roles'

p5.28-moosex-role-warnonconflict @0.10.0 (perl)
MooseX::Role::WarnOnConflict - Warn if classes override role methods without excluding them

p5.28-moosex-role-withoverloading @0.170.0 (perl)
Roles which support overloading (DEPRECATED)

p5.28-moosex-simpleconfig @0.110.0 (perl)
MooseX::SimpleConfig - A Moose role for setting attributes from a simple configuration file

p5.28-moosex-storage-format-jsonpm @0.93.94 (perl)
MooseX::Storage::Format::JSONpm - a format role for MooseX::Storage using JSON.pm

p5.28-moosex-traits @0.130.0 (perl)
automatically apply roles at object creation time

p5.28-moox-traits @0.5.0 (perl)
MooX::Traits - automatically apply roles at object creation time

p5.28-number-tolerant @1.710.0_1 (perl)
Number::Tolerant - tolerance ranges for inexact numbers

p5.28-ole-storage_lite @0.240.0 (perl)
OLE::Storage_Lite - Simple Class for OLE document interface

p5.28-opengl-glut @0.720.0_1 (perl)
Obsolete port, replaced by p5.28-opengl

p5.28-pcsc @1.4.14_1 (perl)
Obsolete port, replaced by p5.28-chipcard-pcsc

p5.28-role-basic @0.160.0 (perl)
Role::Basic - Just roles. Nothing else.

p5.28-role-hasmessage @0.7.0 (perl)
Role::HasMessage - a thing with a message method

p5.28-role-hooks @0.8.0 (perl)
Role::Hooks - role callbacks

p5.28-role-identifiable @0.9.0 (perl)
Role::Identifiable - a thing you can identify somehow

p5.28-role-tiny @2.2.4 (perl)
Role::Tiny - Roles. Like a nouvelle cuisine portion size slice of Moose.

p5.28-test-number-delta @1.60.0 (perl)
Test::Number::Delta - Compare the difference between numbers against a given tolerance

p5.28-test2-suite @0.0.163_1 (perl)
Obsolete port, replaced by p5.28-test-simple

p5.28-throwable @1.1.0 (perl)
Throwable - a role for classes that can be thrown

p5.28-treepath-role-graph @0.70.0 (perl)
TreePath::Role::Graph - Role to visualize TreePath Graph

p5.30-alien-role-alt @0.50.0 (perl)
Alien::Role::Alt - (Deprecated) Alien::Base role that supports alternates

p5.30-alt-lexical-var-butsupportmodernperl @0.2.0_1 (perl)
Obsolete port, replaced by p5.30-lexical-var

p5.30-beam-emitter @1.7.0 (perl)
Beam::Emitter - Role for event emitting classes

p5.30-boolean @0.460.0 (perl)
boolean - Boolean support for Perl

p5.30-carp-clan-share @0.13.0 (perl)
Carp::Clan::Share - Share your Carp::Clan settings with your whole Clan

p5.30-catalyst-plugin-authorization-roles @0.90.0 (perl)
Role based authorization for Catalyst based on Catalyst::Plugin::Authentication

p5.30-class-returnvalue @0.550.0_3 (perl)
A return-value object that lets you treat it as as a boolean, array or object

p5.30-class-whitehole @0.40.0_3 (perl)
base class to treat unhandled method calls as errors

p5.30-dist-zilla-role-dynamicconfig @1.2.0 (perl)
Dist::Zilla::Role::DynamicConfig - A Role that accepts a dynamic configuration

p5.30-dist-zilla-role-filewatcher @0.6.0 (perl)
Dist::Zilla::Role::FileWatcher - Receive notification when something changes a file's contents

p5.30-dist-zilla-role-modulemetadata @0.6.0 (perl)
Dist::Zilla::Role::ModuleMetadata - A role for plugins that use Module::Metadata

p5.30-dist-zilla-role-pluginbundle-pluginremover @0.105.0 (perl)
Dist::Zilla::Role::PluginBundle::PluginRemover - Add '-remove' functionality to a bundle

p5.30-dist-zilla-role-registerstash @0.3.0 (perl)
Dist::Zilla::Role::RegisterStash - A plugin that can register stashes

p5.30-dist-zilla-role-repofileinjector @0.9.0 (perl)
Dist::Zilla::Role::RepoFileInjector - Create files outside the build directory

p5.30-dist-zilla-role-stash-plugins @1.6.0 (perl)
Dist::Zilla::Role::Stash::Plugins - A Stash that stores arguments for plugins

p5.30-lwp-consolelogger @1.0.1 (perl)
LWP::ConsoleLogger - LWP tracing and debugging

p5.30-math-bigrat @0.262.400_1 (perl)
Obsolete port, replaced by p5.30-math-bigint

p5.30-mojo-useragent-role-retry @0.2.0 (perl)
Mojo::UserAgent::Role::Retry - Retry requests on failure

p5.30-moosex-configfromfile @0.140.0 (perl)
MooseX::ConfigFromFile - An abstract Moose role for setting attributes from a configfile

p5.30-moosex-daemonize @0.220.0 (perl)
MooseX::Daemonize - Role for daemonizing your Moose based application

p5.30-moosex-getopt @0.780.0 (perl)
MooseX::Getopt - A Moose role for processing command line options

p5.30-moosex-log-log4perl @0.470.0 (perl)
A Logging Role for Moose based on Log::Log4perl

p5.30-moosex-role-parameterized @1.110.0 (perl)
MooseX::Role::Parameterized - roles with composition parameters

p5.30-moosex-role-strict @0.50.0_2 (perl)
MooseX::Role::Strict - use strict 'roles'

p5.30-moosex-role-warnonconflict @0.10.0 (perl)
MooseX::Role::WarnOnConflict - Warn if classes override role methods without excluding them

p5.30-moosex-role-withoverloading @0.170.0 (perl)
Roles which support overloading (DEPRECATED)

p5.30-moosex-simpleconfig @0.110.0 (perl)
MooseX::SimpleConfig - A Moose role for setting attributes from a simple configuration file

p5.30-moosex-storage-format-jsonpm @0.93.94 (perl)
MooseX::Storage::Format::JSONpm - a format role for MooseX::Storage using JSON.pm

p5.30-moosex-traits @0.130.0 (perl)
automatically apply roles at object creation time

p5.30-moox-traits @0.5.0 (perl)
MooX::Traits - automatically apply roles at object creation time

p5.30-number-tolerant @1.710.0_1 (perl)
Number::Tolerant - tolerance ranges for inexact numbers

p5.30-ole-storage_lite @0.240.0 (perl)
OLE::Storage_Lite - Simple Class for OLE document interface

p5.30-opengl-glut @0.720.0_1 (perl)
Obsolete port, replaced by p5.30-opengl

p5.30-pcsc @1.4.14_1 (perl)
Obsolete port, replaced by p5.30-chipcard-pcsc

p5.30-role-basic @0.160.0 (perl)
Role::Basic - Just roles. Nothing else.

p5.30-role-hasmessage @0.7.0 (perl)
Role::HasMessage - a thing with a message method

p5.30-role-hooks @0.8.0 (perl)
Role::Hooks - role callbacks

p5.30-role-identifiable @0.9.0 (perl)
Role::Identifiable - a thing you can identify somehow

p5.30-role-tiny @2.2.4 (perl)
Role::Tiny - Roles. Like a nouvelle cuisine portion size slice of Moose.

p5.30-test-number-delta @1.60.0 (perl)
Test::Number::Delta - Compare the difference between numbers against a given tolerance

p5.30-test2-suite @0.0.163_1 (perl)
Obsolete port, replaced by p5.30-test-simple

p5.30-throwable @1.1.0 (perl)
Throwable - a role for classes that can be thrown

p5.30-treepath-role-graph @0.70.0 (perl)
TreePath::Role::Graph - Role to visualize TreePath Graph

p5.32-alien-role-alt @0.50.0 (perl)
Alien::Role::Alt - (Deprecated) Alien::Base role that supports alternates

p5.32-alt-lexical-var-butsupportmodernperl @0.2.0_1 (perl)
Obsolete port, replaced by p5.32-lexical-var

p5.32-beam-emitter @1.7.0 (perl)
Beam::Emitter - Role for event emitting classes

p5.32-boolean @0.460.0 (perl)
boolean - Boolean support for Perl

p5.32-carp-clan-share @0.13.0 (perl)
Carp::Clan::Share - Share your Carp::Clan settings with your whole Clan

p5.32-catalyst-plugin-authorization-roles @0.90.0 (perl)
Role based authorization for Catalyst based on Catalyst::Plugin::Authentication

p5.32-class-returnvalue @0.550.0_3 (perl)
A return-value object that lets you treat it as as a boolean, array or object

p5.32-class-whitehole @0.40.0_3 (perl)
base class to treat unhandled method calls as errors

p5.32-dist-zilla-role-dynamicconfig @1.2.0 (perl)
Dist::Zilla::Role::DynamicConfig - A Role that accepts a dynamic configuration

p5.32-dist-zilla-role-filewatcher @0.6.0 (perl)
Dist::Zilla::Role::FileWatcher - Receive notification when something changes a file's contents

p5.32-dist-zilla-role-modulemetadata @0.6.0 (perl)
Dist::Zilla::Role::ModuleMetadata - A role for plugins that use Module::Metadata

p5.32-dist-zilla-role-pluginbundle-pluginremover @0.105.0 (perl)
Dist::Zilla::Role::PluginBundle::PluginRemover - Add '-remove' functionality to a bundle

p5.32-dist-zilla-role-registerstash @0.3.0 (perl)
Dist::Zilla::Role::RegisterStash - A plugin that can register stashes

p5.32-dist-zilla-role-repofileinjector @0.9.0 (perl)
Dist::Zilla::Role::RepoFileInjector - Create files outside the build directory

p5.32-dist-zilla-role-stash-plugins @1.6.0 (perl)
Dist::Zilla::Role::Stash::Plugins - A Stash that stores arguments for plugins

p5.32-lwp-consolelogger @1.0.1 (perl)
LWP::ConsoleLogger - LWP tracing and debugging

p5.32-math-bigrat @0.262.400_1 (perl)
Obsolete port, replaced by p5.32-math-bigint

p5.32-mojo-useragent-role-retry @0.2.0 (perl)
Mojo::UserAgent::Role::Retry - Retry requests on failure

p5.32-moosex-configfromfile @0.140.0 (perl)
MooseX::ConfigFromFile - An abstract Moose role for setting attributes from a configfile

p5.32-moosex-daemonize @0.220.0 (perl)
MooseX::Daemonize - Role for daemonizing your Moose based application

p5.32-moosex-getopt @0.780.0 (perl)
MooseX::Getopt - A Moose role for processing command line options

p5.32-moosex-log-log4perl @0.470.0 (perl)
A Logging Role for Moose based on Log::Log4perl

p5.32-moosex-role-parameterized @1.110.0 (perl)
MooseX::Role::Parameterized - roles with composition parameters

p5.32-moosex-role-strict @0.50.0_2 (perl)
MooseX::Role::Strict - use strict 'roles'

p5.32-moosex-role-warnonconflict @0.10.0 (perl)
MooseX::Role::WarnOnConflict - Warn if classes override role methods without excluding them

p5.32-moosex-role-withoverloading @0.170.0 (perl)
Roles which support overloading (DEPRECATED)

p5.32-moosex-simpleconfig @0.110.0 (perl)
MooseX::SimpleConfig - A Moose role for setting attributes from a simple configuration file

p5.32-moosex-storage-format-jsonpm @0.93.94 (perl)
MooseX::Storage::Format::JSONpm - a format role for MooseX::Storage using JSON.pm

p5.32-moosex-traits @0.130.0 (perl)
automatically apply roles at object creation time

p5.32-moox-traits @0.5.0 (perl)
MooX::Traits - automatically apply roles at object creation time

p5.32-number-tolerant @1.710.0_1 (perl)
Number::Tolerant - tolerance ranges for inexact numbers

p5.32-ole-storage_lite @0.240.0 (perl)
OLE::Storage_Lite - Simple Class for OLE document interface

p5.32-opengl-glut @0.720.0_1 (perl)
Obsolete port, replaced by p5.32-opengl

p5.32-pcsc @1.4.14_1 (perl)
Obsolete port, replaced by p5.32-chipcard-pcsc

p5.32-role-basic @0.160.0 (perl)
Role::Basic - Just roles. Nothing else.

p5.32-role-hasmessage @0.7.0 (perl)
Role::HasMessage - a thing with a message method

p5.32-role-hooks @0.8.0 (perl)
Role::Hooks - role callbacks

p5.32-role-identifiable @0.9.0 (perl)
Role::Identifiable - a thing you can identify somehow

p5.32-role-tiny @2.2.4 (perl)
Role::Tiny - Roles. Like a nouvelle cuisine portion size slice of Moose.

p5.32-test-number-delta @1.60.0 (perl)
Test::Number::Delta - Compare the difference between numbers against a given tolerance

p5.32-test2-suite @0.0.163_1 (perl)
Obsolete port, replaced by p5.32-test-simple

p5.32-throwable @1.1.0 (perl)
Throwable - a role for classes that can be thrown

p5.32-treepath-role-graph @0.70.0 (perl)
TreePath::Role::Graph - Role to visualize TreePath Graph

p5.34-alien-role-alt @0.50.0 (perl)
Alien::Role::Alt - (Deprecated) Alien::Base role that supports alternates

p5.34-alt-lexical-var-butsupportmodernperl @0.2.0_1 (perl)
Obsolete port, replaced by p5.34-lexical-var

p5.34-beam-emitter @1.7.0 (perl)
Beam::Emitter - Role for event emitting classes

p5.34-boolean @0.460.0 (perl)
boolean - Boolean support for Perl

p5.34-carp-clan-share @0.13.0 (perl)
Carp::Clan::Share - Share your Carp::Clan settings with your whole Clan

p5.34-catalyst-plugin-authorization-roles @0.90.0 (perl)
Role based authorization for Catalyst based on Catalyst::Plugin::Authentication

p5.34-class-returnvalue @0.550.0_3 (perl)
A return-value object that lets you treat it as as a boolean, array or object

p5.34-class-whitehole @0.40.0_3 (perl)
base class to treat unhandled method calls as errors

p5.34-dist-zilla-role-dynamicconfig @1.2.0 (perl)
Dist::Zilla::Role::DynamicConfig - A Role that accepts a dynamic configuration

p5.34-dist-zilla-role-filewatcher @0.6.0 (perl)
Dist::Zilla::Role::FileWatcher - Receive notification when something changes a file's contents

p5.34-dist-zilla-role-modulemetadata @0.6.0 (perl)
Dist::Zilla::Role::ModuleMetadata - A role for plugins that use Module::Metadata

p5.34-dist-zilla-role-pluginbundle-pluginremover @0.105.0 (perl)
Dist::Zilla::Role::PluginBundle::PluginRemover - Add '-remove' functionality to a bundle

p5.34-dist-zilla-role-registerstash @0.3.0 (perl)
Dist::Zilla::Role::RegisterStash - A plugin that can register stashes

p5.34-dist-zilla-role-repofileinjector @0.9.0 (perl)
Dist::Zilla::Role::RepoFileInjector - Create files outside the build directory

p5.34-dist-zilla-role-stash-plugins @1.6.0 (perl)
Dist::Zilla::Role::Stash::Plugins - A Stash that stores arguments for plugins

p5.34-lwp-consolelogger @1.0.1 (perl)
LWP::ConsoleLogger - LWP tracing and debugging

p5.34-math-bigrat @0.262.400_1 (perl)
Obsolete port, replaced by p5.34-math-bigint

p5.34-mojo-useragent-role-retry @0.2.0 (perl)
Mojo::UserAgent::Role::Retry - Retry requests on failure

p5.34-moosex-configfromfile @0.140.0 (perl)
MooseX::ConfigFromFile - An abstract Moose role for setting attributes from a configfile

p5.34-moosex-daemonize @0.220.0 (perl)
MooseX::Daemonize - Role for daemonizing your Moose based application

p5.34-moosex-getopt @0.780.0 (perl)
MooseX::Getopt - A Moose role for processing command line options

p5.34-moosex-log-log4perl @0.470.0 (perl)
A Logging Role for Moose based on Log::Log4perl

p5.34-moosex-role-parameterized @1.110.0 (perl)
MooseX::Role::Parameterized - roles with composition parameters

p5.34-moosex-role-strict @0.50.0_2 (perl)
MooseX::Role::Strict - use strict 'roles'

p5.34-moosex-role-warnonconflict @0.10.0 (perl)
MooseX::Role::WarnOnConflict - Warn if classes override role methods without excluding them

p5.34-moosex-role-withoverloading @0.170.0 (perl)
Roles which support overloading (DEPRECATED)

p5.34-moosex-simpleconfig @0.110.0 (perl)
MooseX::SimpleConfig - A Moose role for setting attributes from a simple configuration file

p5.34-moosex-storage-format-jsonpm @0.93.94 (perl)
MooseX::Storage::Format::JSONpm - a format role for MooseX::Storage using JSON.pm

p5.34-moosex-traits @0.130.0 (perl)
automatically apply roles at object creation time

p5.34-moox-traits @0.5.0 (perl)
MooX::Traits - automatically apply roles at object creation time

p5.34-number-tolerant @1.710.0_1 (perl)
Number::Tolerant - tolerance ranges for inexact numbers

p5.34-ole-storage_lite @0.240.0 (perl)
OLE::Storage_Lite - Simple Class for OLE document interface

p5.34-opengl-glut @0.720.0_1 (perl)
Obsolete port, replaced by p5.34-opengl

p5.34-pcsc @1.4.14_1 (perl)
Obsolete port, replaced by p5.34-chipcard-pcsc

p5.34-role-basic @0.160.0 (perl)
Role::Basic - Just roles. Nothing else.

p5.34-role-hasmessage @0.7.0 (perl)
Role::HasMessage - a thing with a message method

p5.34-role-hooks @0.8.0 (perl)
Role::Hooks - role callbacks

p5.34-role-identifiable @0.9.0 (perl)
Role::Identifiable - a thing you can identify somehow

p5.34-role-tiny @2.2.4 (perl)
Role::Tiny - Roles. Like a nouvelle cuisine portion size slice of Moose.

p5.34-test-number-delta @1.60.0 (perl)
Test::Number::Delta - Compare the difference between numbers against a given tolerance

p5.34-test2-suite @0.0.163_1 (perl)
Obsolete port, replaced by p5.34-test-simple

p5.34-throwable @1.1.0 (perl)
Throwable - a role for classes that can be thrown

p5.34-treepath-role-graph @0.70.0 (perl)
TreePath::Role::Graph - Role to visualize TreePath Graph

parrot @8.1.0_12 (lang, devel)
Obsolete port, replaced by MoarVM

pdftk @2.02_1 (textproc, graphics, pdf)
Obsolete port, replaced by pdftk-java

pev @0.80_4 (devel)
Obsolete port, replaced by readpe

pg12-postgis3 @3.6.0_1 (databases, gis)
Obsolete port, replaced by pg12-postgis

pg13-postgis3 @3.6.0_1 (databases, gis)
Obsolete port, replaced by pg13-postgis

pg14-postgis3 @3.6.0_1 (databases, gis)
Obsolete port, replaced by pg14-postgis

pg15-postgis3 @3.6.0_1 (databases, gis)
Obsolete port, replaced by pg15-postgis

pg16-postgis3 @3.6.0_1 (databases, gis)
Obsolete port, replaced by pg16-postgis

pg17-postgis3 @3.6.0_1 (databases, gis)
Obsolete port, replaced by pg17-postgis

pgbouncer @1.23.1 (databases)
Lightweight connection pooler for PostgreSQL

php-openswoole @22.0.0_1 (php, net, devel)
an event-driven asynchronous & concurrent & coroutine networking engine with high performance for PHP

php-swoole @5.0.3_1 (php, net, devel)
an event-driven asynchronous & concurrent & coroutine networking engine with high performance for PHP

php53-swoole @1.10.5_6 (php, net, devel)
an event-driven asynchronous & concurrent & coroutine networking engine with high performance for PHP

php54-swoole @1.10.5_6 (php, net, devel)
an event-driven asynchronous & concurrent & coroutine networking engine with high performance for PHP

php55-swoole @2.0.11_6 (php, net, devel)
an event-driven asynchronous & concurrent & coroutine networking engine with high performance for PHP

php56-swoole @2.0.11_6 (php, net, devel)
an event-driven asynchronous & concurrent & coroutine networking engine with high performance for PHP

php70-swoole @4.3.6_3 (php, net, devel)
an event-driven asynchronous & concurrent & coroutine networking engine with high performance for PHP

php71-swoole @4.5.11_3 (php, net, devel)
an event-driven asynchronous & concurrent & coroutine networking engine with high performance for PHP

php72-openswoole @4.10.0_2 (php, net, devel)
an event-driven asynchronous & concurrent & coroutine networking engine with high performance for PHP

php72-swoole @4.8.13_1 (php, net, devel)
an event-driven asynchronous & concurrent & coroutine networking engine with high performance for PHP

php73-openswoole @4.10.0_2 (php, net, devel)
an event-driven asynchronous & concurrent & coroutine networking engine with high performance for PHP

php73-swoole @4.8.13_1 (php, net, devel)
an event-driven asynchronous & concurrent & coroutine networking engine with high performance for PHP

php74-openswoole @22.0.0_1 (php, net, devel)
an event-driven asynchronous & concurrent & coroutine networking engine with high performance for PHP

php74-swoole @4.8.13_1 (php, net, devel)
an event-driven asynchronous & concurrent & coroutine networking engine with high performance for PHP

php80-openswoole @22.0.0_1 (php, net, devel)
an event-driven asynchronous & concurrent & coroutine networking engine with high performance for PHP

php80-swoole @5.0.3_1 (php, net, devel)
an event-driven asynchronous & concurrent & coroutine networking engine with high performance for PHP

php81-openswoole @22.0.0_1 (php, net, devel)
an event-driven asynchronous & concurrent & coroutine networking engine with high performance for PHP

php81-swoole @5.0.3_1 (php, net, devel)
an event-driven asynchronous & concurrent & coroutine networking engine with high performance for PHP

php82-openswoole @22.0.0_1 (php, net, devel)
an event-driven asynchronous & concurrent & coroutine networking engine with high performance for PHP

php82-swoole @5.0.3_1 (php, net, devel)
an event-driven asynchronous & concurrent & coroutine networking engine with high performance for PHP

pianobar @2024.12.21 (audio)
Console-based pandora.com player

pinfo @0.6.13 (textproc)
Console-based info reader

Platypus44 @4.4 (aqua, devel)
Program for creating application wrappers around scripts - obsolete version supporting PowerPC (PPC)

plumed @2.9.0_1 (science)
PLUMED is a plugin for molecular dynamics

plumed-devel @2.10-20230525 (science)
PLUMED is a plugin for molecular dynamics (development version)

pooler @1.89 (science)
Optimise combinations of primers

postgis3 @3.6.0_1 (databases, gis)
Obsolete port

profanity @0.15.1_1 (net)
A console-based XMPP client written in C using ncurses

pssh @2.3.1_2 (sysutils, net)
Obsolete port, replaced by pssh-lilydjwg

py-biopython @1.86 (python, science)
Python tools for computational molecular biology

py-bitarray @3.8.0 (python, math)
A efficient implementation of arrays of booleans

py-boolean.py @5.0 (python)
Define boolean algebras, create and parse boolean expressions and create custom boolean DSL.

py-jdcal @1.4.1 (python, devel)
Julian dates from proleptic Gregorian and Julian calendars

py-jupyter_console @6.6.3 (python, devel)
Jupyter terminal console.

py-last @7.0.0_1 (python)
Obsolete port, replaced by py-pylast

py-license-expression @30.4.1 (python)
license-expression is a comprehensive utility library to parse, compare, simplify and normalize license expressions (such as SPDX license expressions) using boolean logic.

py-MDAnalysis @2.10.0 (python, science)
An object-oriented toolkit to analyze molecular dynamics trajectories

py-mdtraj @1.11.0 (python)
A modern, open library for the analysis of molecular dynamics trajectories

py-molmod @1.4.8 (python, chemistry)
Python library with many components that are useful to write molecular modeling programs

py-napari-console @0.1.4 (python)
A plugin that adds a console to napari.

py-olefile @0.47 (python, devel)
Python package to parse read and write Microsoft OLE2 files (Structured Storage or Compound Document Microsoft Office) - Improved version of the OleFileIO module from PIL, the Python Image Library.

py-pexpect @4.9.0 (python, devel)
Allows easy control of interactive console applications.

py-proglog @0.1.10 (python, devel)
Log and progress bar manager for console, notebooks, web...

py-pudb @2024.1.3 (python, devel)
A full-screen, console-based Python debugger

py-qtconsole @5.7.0 (python, devel)
Jupyter QtConsole

py-roman_numerals_py @4.1.0_1 (math, textproc)
Obsolete port, replaced by py-roman_numerals

py-spyder-kernels @3.1.2 (python, devel)
Jupyter kernels for Spyder's console.

py-termstyle @0.1.11 (python)
console colouring for python

py-wasabi @1.1.2 (python)
A lightweight console printing and formatting toolkit

py-zsi @2.0 (python, net)
Zolera SOAP Infrastructure is a Python implementation of SOAP

py27-olefile @0.47 (python, devel)
Python package to parse read and write Microsoft OLE2 files (Structured Storage or Compound Document Microsoft Office) - Improved version of the OleFileIO module from PIL, the Python Image Library.

py27-zsi @2.0 (python, net)
Zolera SOAP Infrastructure is a Python implementation of SOAP

py39-jupyter_console @6.6.3 (python, devel)
Jupyter terminal console.

py39-molmod @1.4.8 (python, chemistry)
Python library with many components that are useful to write molecular modeling programs

py39-olefile @0.47 (python, devel)
Python package to parse read and write Microsoft OLE2 files (Structured Storage or Compound Document Microsoft Office) - Improved version of the OleFileIO module from PIL, the Python Image Library.

py39-pexpect @4.9.0 (python, devel)
Allows easy control of interactive console applications.

py310-biopython @1.86 (python, science)
Python tools for computational molecular biology

py310-bitarray @3.8.0 (python, math)
A efficient implementation of arrays of booleans

py310-boolean.py @5.0 (python)
Define boolean algebras, create and parse boolean expressions and create custom boolean DSL.

py310-jdcal @1.4.1 (python, devel)
Julian dates from proleptic Gregorian and Julian calendars

py310-jupyter_console @6.6.3 (python, devel)
Jupyter terminal console.

py310-last @7.0.0_1 (python)
Obsolete port, replaced by py310-pylast

py310-license-expression @30.4.1 (python)
license-expression is a comprehensive utility library to parse, compare, simplify and normalize license expressions (such as SPDX license expressions) using boolean logic.

py310-napari-console @0.1.4 (python)
A plugin that adds a console to napari.

py310-olefile @0.47 (python, devel)
Python package to parse read and write Microsoft OLE2 files (Structured Storage or Compound Document Microsoft Office) - Improved version of the OleFileIO module from PIL, the Python Image Library.

py310-pexpect @4.9.0 (python, devel)
Allows easy control of interactive console applications.

py310-proglog @0.1.10 (python, devel)
Log and progress bar manager for console, notebooks, web...

py310-pudb @2024.1.3 (python, devel)
A full-screen, console-based Python debugger

py310-qtconsole @5.7.0 (python, devel)
Jupyter QtConsole

py310-spyder-kernels @3.1.2 (python, devel)
Jupyter kernels for Spyder's console.

py310-termstyle @0.1.11 (python)
console colouring for python

py310-wasabi @1.1.2 (python)
A lightweight console printing and formatting toolkit

py311-biopython @1.86 (python, science)
Python tools for computational molecular biology

py311-bitarray @3.8.0 (python, math)
A efficient implementation of arrays of booleans

py311-boolean.py @5.0 (python)
Define boolean algebras, create and parse boolean expressions and create custom boolean DSL.

py311-jupyter_console @6.6.3 (python, devel)
Jupyter terminal console.

py311-last @7.0.0_1 (python)
Obsolete port, replaced by py311-pylast

py311-license-expression @30.4.1 (python)
license-expression is a comprehensive utility library to parse, compare, simplify and normalize license expressions (such as SPDX license expressions) using boolean logic.

py311-napari-console @0.1.4 (python)
A plugin that adds a console to napari.

py311-olefile @0.47 (python, devel)
Python package to parse read and write Microsoft OLE2 files (Structured Storage or Compound Document Microsoft Office) - Improved version of the OleFileIO module from PIL, the Python Image Library.

py311-pexpect @4.9.0 (python, devel)
Allows easy control of interactive console applications.

py311-pudb @2024.1.3 (python, devel)
A full-screen, console-based Python debugger

py311-qtconsole @5.7.0 (python, devel)
Jupyter QtConsole

py311-roman_numerals_py @4.1.0_1 (math, textproc)
Obsolete port, replaced by py311-roman_numerals

py311-spyder-kernels @3.1.2 (python, devel)
Jupyter kernels for Spyder's console.

py311-wasabi @1.1.2 (python)
A lightweight console printing and formatting toolkit

py312-biopython @1.86 (python, science)
Python tools for computational molecular biology

py312-bitarray @3.8.0 (python, math)
A efficient implementation of arrays of booleans

py312-boolean.py @5.0 (python)
Define boolean algebras, create and parse boolean expressions and create custom boolean DSL.

py312-jupyter_console @6.6.3 (python, devel)
Jupyter terminal console.

py312-last @7.0.0_1 (python)
Obsolete port, replaced by py312-pylast

py312-license-expression @30.4.1 (python)
license-expression is a comprehensive utility library to parse, compare, simplify and normalize license expressions (such as SPDX license expressions) using boolean logic.

py312-napari-console @0.1.4 (python)
A plugin that adds a console to napari.

py312-olefile @0.47 (python, devel)
Python package to parse read and write Microsoft OLE2 files (Structured Storage or Compound Document Microsoft Office) - Improved version of the OleFileIO module from PIL, the Python Image Library.

py312-pexpect @4.9.0 (python, devel)
Allows easy control of interactive console applications.

py312-pudb @2024.1.3 (python, devel)
A full-screen, console-based Python debugger

py312-qtconsole @5.7.0 (python, devel)
Jupyter QtConsole

py312-roman_numerals_py @4.1.0_1 (math, textproc)
Obsolete port, replaced by py312-roman_numerals

py312-spyder-kernels @3.1.2 (python, devel)
Jupyter kernels for Spyder's console.

py312-wasabi @1.1.2 (python)
A lightweight console printing and formatting toolkit

py313-biopython @1.86 (python, science)
Python tools for computational molecular biology

py313-bitarray @3.8.0 (python, math)
A efficient implementation of arrays of booleans

py313-boolean.py @5.0 (python)
Define boolean algebras, create and parse boolean expressions and create custom boolean DSL.

py313-jupyter_console @6.6.3 (python, devel)
Jupyter terminal console.

py313-last @7.0.0_1 (python)
Obsolete port, replaced by py313-pylast

py313-license-expression @30.4.1 (python)
license-expression is a comprehensive utility library to parse, compare, simplify and normalize license expressions (such as SPDX license expressions) using boolean logic.

py313-MDAnalysis @2.10.0 (python, science)
An object-oriented toolkit to analyze molecular dynamics trajectories

py313-mdtraj @1.11.0 (python)
A modern, open library for the analysis of molecular dynamics trajectories

py313-napari-console @0.1.4 (python)
A plugin that adds a console to napari.

py313-olefile @0.47 (python, devel)
Python package to parse read and write Microsoft OLE2 files (Structured Storage or Compound Document Microsoft Office) - Improved version of the OleFileIO module from PIL, the Python Image Library.

py313-pexpect @4.9.0 (python, devel)
Allows easy control of interactive console applications.

py313-pudb @2024.1.3 (python, devel)
A full-screen, console-based Python debugger

py313-qtconsole @5.7.0 (python, devel)
Jupyter QtConsole

py313-roman_numerals_py @4.1.0_1 (math, textproc)
Obsolete port, replaced by py313-roman_numerals

py313-spyder-kernels @3.1.2 (python, devel)
Jupyter kernels for Spyder's console.

py313-wasabi @1.1.2 (python)
A lightweight console printing and formatting toolkit

py314-biopython @1.86 (python, science)
Python tools for computational molecular biology

py314-bitarray @3.8.0 (python, math)
A efficient implementation of arrays of booleans

py314-olefile @0.47 (python, devel)
Python package to parse read and write Microsoft OLE2 files (Structured Storage or Compound Document Microsoft Office) - Improved version of the OleFileIO module from PIL, the Python Image Library.

py314-pexpect @4.9.0 (python, devel)
Allows easy control of interactive console applications.

py314-qtconsole @5.7.0 (python, devel)
Jupyter QtConsole

py314-roman_numerals_py @4.1.0_1 (math, textproc)
Obsolete port, replaced by py314-roman_numerals

py314-spyder-kernels @3.1.2 (python, devel)
Jupyter kernels for Spyder's console.

pymol @3.1.0_3 (science, chemistry)
Molecular graphics system

pymol-devel @20251111-9375fd24_2 (science, chemistry)
Molecular graphics system

python314-devel @3.14.0rc3_1 (lang)
Obsolete port, replaced by python314

python314-freethreading-devel @3.14.0rc3_1 (lang)
Obsolete port, replaced by python314-freethreading

qrupdate @1.1.2_7 (math)
library for fast updates of QR and Cholesky decompositions

qt5-qtcanvas3d @5.15.18 (aqua)
Obsolete port

qt5-qtcanvas3d-docs @5.15.18 (aqua)
Obsolete port

qt5-qtdeclarative-render2d @5.15.18 (aqua)
Obsolete port

qt5-qtdeclarative-render2d-docs @5.15.18 (aqua)
Obsolete port

qt5-qtenginio @5.15.18 (aqua)
Obsolete port

qt5-qtenginio-docs @5.15.18 (aqua)
Obsolete port

qt5-qtquick1 @5.15.18 (aqua)
Obsolete port

R-bigBits @1.3 (R, science, math)
Perform Boolean operations on large numbers

R-bit @4.5.0 (R, science, devel)
Classes and methods for fast memory-efficient boolean selections

R-BoolNet @2.1.9_1 (R, science, math)
Construction, simulation and analysis of Boolean networks

R-bWGR @2.2.13 (R, science, biology)
Bayesian whole-genome regression

R-CholWishart @1.1.4 (R, science, math)
Cholesky decomposition of the Wishart distribution

R-cleaR @0.0.4_1 (R, science, sysutils)
Clean the R console and environment

R-fmcsR @1.46.0 (R, science, bioconductor)
Mismatch-tolerant maximum common substructure searching

R-ggpolypath @0.3.0_1 (R, science)
Polygons with holes for ggplot2

R-golem @0.5.1 (R, science, devel)
Framework for robust Shiny applications

R-locpolExpectile @0.1.1_1 (R, science, math)
Local Polynomial Expectile regression

R-LOMAR @0.5.0 (R, science)
Read, register and compare point sets from single molecule localization microscopy

R-matahari @0.1.3_1 (R, science, sysutils)
Conveniently log everything you type into the R console

R-packagefinder @0.3.5_1 (R, science)
Search for R packages on CRAN, either directly from the R console or with an RStudio add-in

R-polylabelr @0.3.0 (R, science, math)
Find the pole of inaccessibility (visual center) of a polygon

R-r.proxy @0.1.3_1 (R, science, net)
Set proxy in R console

R-SeqArray @1.44.2 (R, science, bioconductor)
Data management of large-scale whole-genome sequence variant calls

R-snowFT @1.6-1_1 (R, science, parallel)
Fault-tolerant simple network of workstations

R-SparseChol @0.3.2 (R, science, math)
Sparse Cholesky LDL decomposition of symmetric matrices

R-tolerance @3.0.0_1 (R, science, math)
Statistical tolerance intervals and regions

R-volesti @1.1.2-8 (R, science, math)
Volume approximation and sampling of convex polytopes

radian @0.6.13 (math, python, R)
A XXI century R console

rasmol @2.7.4.2 (science, graphics, chemistry)
Molecular graphics visualisation tool

rb-bitset @0.6.2_1 (ruby, math)
BitSet Library for boolean operation

rb-diakonos @0.9.12 (ruby, editors)
Console text editor

rb-sup @2024.01.01 (ruby, mail)
Console-based e-mail client for people with a lot of e-mail

rb19-hirb @0.3.2 (ruby)
A mini view framework for console/irb that's easy to use

rb31-diakonos @0.9.12 (ruby, editors)
Console text editor

rb31-sup @2024.01.01 (ruby, mail)
Console-based e-mail client for people with a lot of e-mail

rb32-diakonos @0.9.12 (ruby, editors)
Console text editor

rb32-sup @2024.01.01 (ruby, mail)
Console-based e-mail client for people with a lot of e-mail

rb33-diakonos @0.9.12 (ruby, editors)
Console text editor

rb33-sup @2024.01.01 (ruby, mail)
Console-based e-mail client for people with a lot of e-mail

rekall @1.7.1_1 (security)
Obsolete port, replaced by volatility3

rtorrent @0.9.8_1 (net)
console-based BitTorrent client

rtorrent-devel @20241205 (net)
console-based BitTorrent client (unstable release)

rtx @2024.0.0_1 (sysutils)
Obsolete port, replaced by mise

sdcv @0.5.5 (textproc)
console version of StarDict program

SDL3-devel @3.1.8_1 (devel, multimedia)
Obsolete port, replaced by SDL3

SDL3_image-devel @3.1.1_1 (devel, graphics)
Obsolete port, replaced by SDL3_image

sdlconsole @2.1 (devel, multimedia)
a Quake-style console for SDL programs

sguil-client @1.0.0 (security, net)
GUI Console for Sguil Network Security Monitor

shell-fm @0.8_3 (audio)
Console-based last.fm player

shibboleth @3.4.1_1 (security, www, shibboleth)
Shibboleth Native Service Provider

sidplayfp @2.16.0 (audio)
Console SID/MUS player

slrn @1.0.3_2 (news, net)
A powerful console-based newsreader

squid5 @5.10_1 (net)
Obsolete port, replaced by squid

ssm @1.4 (science)
C++ toolkit for superposition of macromolecules

temporal-cli @1.18.4 (devel, sysutils)
Obsolete port, replaced by temporal

terraform @1.14.4 (sysutils)
Obsolete port, replaced by terraform-1.14

terragrunt @0.27.0 (sysutils)
Obsolete port, replaced by terragrunt-0.52

thefuck @3.32_5 (python, sysutils)
a magnificent app that corrects errors in previous console commands

theseus @3.3.0_4 (science)
A program for maximum likelihood superpositioning and analysis of macromolecular structures

tilde @1.1.3 (editors)
Tilde is a text editor for the console/terminal, which provides an intuitive interface for people accustomed to GUI environments such as Gnome, KDE and Windows.

tree-puzzle @5.2 (science)
a computer program to reconstruct phylogenetic trees from molecular sequence data by maximum likelihood

ts @1.0.3 (sysutils)
ts is a Unix batch system where the tasks spooled run one after the other.

vnstat @2.13 (net)
console-based network traffic monitor

volatility @2.6.1_1 (security)
Obsolete port, replaced by volatility3

wfview @1.64_1 (science)
Obsolete port, replaced by https://wfview.org/download/

wordgrinder @0.8 (editors)
WordGrinder, lightweight character-cell word processor designed for the console

wormhole-william @1.0.8 (net)
Go implementation of magic wormhole.

xconsole @1.0.7 (x11)
Monitor system console messages with X11

xwordgrinder @0.8 (editors)
WordGrinder, lightweight character-cell word processor designed for the console

Found 540 ports.
