6tunnel @0.14 (net)
Tunnelling for IPv4-only application

abcm2ps @8.14.15 (print, audio)
abcm2ps converts abc music tunes to PostScript

bore-cli @0.6.0 (net)
A simple CLI tool for making tunnels to localhost

clash @1.18.0 (net)
A rule-based tunnel in Go

clblast @1.6.2 (math)
Tuned OpenCL BLAS

cloudflared @2026.1.1 (net, security)
Cloudflare Tunnel client (formerly Argo Tunnel)

corkscrew @2.0_1 (net)
Tunnel SSH through HTTP proxies.

daapd @0.2.4b_1 (audio, net)
A DAAP server emulating an iTunes server.

desproxy @0.1.0-pre2 (net)
tunnels tcp, as socks, etc. through an http-proxy

dns2tcp @0.5.2 (net)
TCP over DNS tunnel

fortune @6.2.0-RELEASE_1 (games)
Infamous electronic fortune-cookie generator

fortune-mod @3.24.0 (games)
Fortune-cookie generator

gost @2.12.0 (net)
GO Simple Tunnel - a simple tunnel written in golang.

hem @0.3.3 (sysutils)
persistent ssh connection and tunnel manager

iTunesMatchHelper @0.1a (aqua)
Fixes missing metadata for songs that iTunes has matched

libopendaap @0.4.0 (audio)
library for connecting to iTunes shares

mihomo @1.19.19 (net)
Another rule-based tunnel in Go, formerly known as ClashMeta

miredo @1.2.6_1 (net)
Miredo is an open-source Teredo IPv6 tunneling software

mole @2.0.0 (net)
CLI application to create ssh tunnels focused on resiliency and user experience.

mt-daapd @0.2.4.2_4 (audio, net)
A multi-threaded DAAP server emulating an iTunes server.

onioncat @0.4.7 (net)
VPN-adapter that provides VPN-tunnels using Tor or I2P

openfortivpn @1.22.0 (net)
Client for PPP+SSL VPN tunnel services.

oski @1.0.1h_1 (devel)
a collection of low-level C primitives that provide automatically tuned computational kernels on sparse matrices

p5-audio-m4p @0.570.0 (perl)
QuickTime/MP4/iTunes Music Store audio/video file tools

p5-crypt-appletwofish @0.51.0_4 (perl)
two Apple iTMS/iTunes key descrambling algorithms

p5.28-audio-m4p @0.570.0 (perl)
QuickTime/MP4/iTunes Music Store audio/video file tools

p5.28-crypt-appletwofish @0.51.0_4 (perl)
two Apple iTMS/iTunes key descrambling algorithms

p5.30-audio-m4p @0.570.0 (perl)
QuickTime/MP4/iTunes Music Store audio/video file tools

p5.30-crypt-appletwofish @0.51.0_4 (perl)
two Apple iTMS/iTunes key descrambling algorithms

p5.32-audio-m4p @0.570.0 (perl)
QuickTime/MP4/iTunes Music Store audio/video file tools

p5.32-crypt-appletwofish @0.51.0_4 (perl)
two Apple iTMS/iTunes key descrambling algorithms

p5.34-audio-m4p @0.570.0 (perl)
QuickTime/MP4/iTunes Music Store audio/video file tools

p5.34-crypt-appletwofish @0.51.0_4 (perl)
two Apple iTMS/iTunes key descrambling algorithms

proxytunnel @1.9.0_3 (net)
ProxyTunnel is a program that connects stdin and stdout to a server somewhere on the network, through a standard HTTPS proxy. This will allow you for example to access SSH servers when you normally only have http(s) access.

prtunnel @0.2.7 (net)
tunnel TCP/IP through HTTP and SOCKS5 proxy servers

ptunnel @0.72 (net)
tunnel over ICMP

py-astunparse @1.6.3 (python)
An AST unparser for Python.

py-mistune @3.1.4 (python, devel, textproc)
The fastest markdown parser in pure Python.

py-python-socks @2.8.0 (python)
Core proxy (SOCKS4, SOCKS5, HTTP tunneling) functionality

py-sshtunnel @0.4.0 (python, devel)
Pure python SSH tunnels

py27-mistune @0.8.4 (python, devel, textproc)
The fastest markdown parser in pure Python.

py39-astunparse @1.6.3 (python)
An AST unparser for Python.

py39-mistune @3.1.4 (python, devel, textproc)
The fastest markdown parser in pure Python.

py310-astunparse @1.6.3 (python)
An AST unparser for Python.

py310-mistune @3.1.4 (python, devel, textproc)
The fastest markdown parser in pure Python.

py310-python-socks @2.8.0 (python)
Core proxy (SOCKS4, SOCKS5, HTTP tunneling) functionality

py310-sshtunnel @0.4.0 (python, devel)
Pure python SSH tunnels

py311-astunparse @1.6.3 (python)
An AST unparser for Python.

py311-mistune @3.1.4 (python, devel, textproc)
The fastest markdown parser in pure Python.

py311-python-socks @2.8.0 (python)
Core proxy (SOCKS4, SOCKS5, HTTP tunneling) functionality

py311-sshtunnel @0.4.0 (python, devel)
Pure python SSH tunnels

py312-astunparse @1.6.3 (python)
An AST unparser for Python.

py312-mistune @3.1.4 (python, devel, textproc)
The fastest markdown parser in pure Python.

py312-python-socks @2.8.0 (python)
Core proxy (SOCKS4, SOCKS5, HTTP tunneling) functionality

py312-sshtunnel @0.4.0 (python, devel)
Pure python SSH tunnels

py313-astunparse @1.6.3 (python)
An AST unparser for Python.

py313-mistune @3.1.4 (python, devel, textproc)
The fastest markdown parser in pure Python.

py313-python-socks @2.8.0 (python)
Core proxy (SOCKS4, SOCKS5, HTTP tunneling) functionality

py313-sshtunnel @0.4.0 (python, devel)
Pure python SSH tunnels

py314-mistune @3.1.4 (python, devel, textproc)
The fastest markdown parser in pure Python.

py314-python-socks @2.8.0 (python)
Core proxy (SOCKS4, SOCKS5, HTTP tunneling) functionality

R-dials @1.3.0 (R, science)
Tools for creating tuning parameter values

R-fastadi @0.1.1_1 (R, science, math)
Self-tuning data-adaptive matrix imputation

R-finetune @1.2.0_1 (R, science, economics, math)
Additional functions for model tuning

R-fortunes @1.5-4_1 (R, science)
R Fortunes

R-hypergeo2 @0.2.0 (R, science, math)
Generalized hypergeometric function with tunable high precision

R-mlr3tuning @1.0.1 (R, science, math)
Hyperparameter optimization for R-mlr3

R-NISTunits @1.0.1_2 (R, science)
Fundamental physical constants and unit conversions from NIST

R-ParamHelpers @1.14.1_1 (R, science, math)
Helpers for parameters in black-box optimization, tuning and machine learning

R-tidydann @1.0.0_1 (R, science, math)
Model specifications and tuning parameters for models in R-dann package

R-tspredit @1.0.787 (R, science, math)
Time series prediction integrated tuning

R-tune @1.2.1_1 (R, science)
Tidy tuning tools

rb-net-ssh-gateway @2.0.0 (ruby)
A simple library to assist in establishing tunneled Net::SSH connection

rb31-net-ssh-gateway @2.0.0 (ruby)
A simple library to assist in establishing tunneled Net::SSH connection

rb32-net-ssh-gateway @2.0.0 (ruby)
A simple library to assist in establishing tunneled Net::SSH connection

rb33-net-ssh-gateway @2.0.0 (ruby)
A simple library to assist in establishing tunneled Net::SSH connection

restund @0.4.12 (net)
modular STUN/TURN server

sstp-client @1.0.20 (net)
client implementation of Secure Socket Tunneling Protocol (SSTP)

stunnel @5.76 (security, net)
SSL tunneling program

tcpproxy @2.0.0-beta15 (net)
proxy (tunnel, redirector) for TCP/IP protocols

tuntaposx @20150118 (net)
Tun and tap virtual devices.

vpn-slice @0.16.1 (net)
vpnc-script replacement for split-tunnel setup

vtun @3.0.4_2 (net, security)
vtun is for creating encrypted network links

wstunnel @10.5.1 (net)
Tunnel all your traffic over Websocket or HTTP2 - Bypass firewalls/DPI

Found 84 ports.
