afscompress @1.7.3 (sysutils)
A fork of brkirch's afsctool utility, featuring several improvements.

aspell-dict-ast @0.01 (textproc)
Asturian dictionary for aspell

bandit @1.9.3 (python, security)
Security oriented static analyser for python code.

beets-importreplace @0.3 (audio)
Plugin for beets to perform regex replacements during import

blobwars @2.00 (games)
jump and run game featuring a Blob as main character

boswars @2.7_2 (games)
Bos Wars is a futuristic real time strategy game.

cl-gopher @20230804 (lisp, devel)
Yet another URI library for Common Lisp

cl-let-plus @20180307_1 (lisp, devel)
destructuring extension of let*

cl-puri @1.5.7.2 (lisp, www, devel)
Portable URI Library for Common Lisp

cl-quri @0.7.0 (lisp, devel)
Yet another URI library for Common Lisp

courier-authlib @0.72.1 (security, mail)
Courier Authentication Library is a generic authentication API

courier-imap @5.2.6 (mail)
IMAP server

courier-unicode @2.3.0 (devel, mail)
Courier Unicode Library implements several algorithms related to the Unicode Standard

cryptlib @3.4.8 (devel, security, crypto)
cryptlib is a powerful security toolkit (library)

dcfldd @1.9.3 (sysutils)
Enhanced version of dd for forensics and security

djbfft @0.76_1 (math)
D.J. Bernstein's fast fourier transform library

dosbox @0.74_6 (emulators)
DOS emulator featuring 386 realmode, filesystem, XMS, EMS

exploitdb @2022-10-18 (security)
Offensive Security’s Exploit Database Archive

fftw @2.1.5_9 (math, devel)
Fast C routines to compute the Discrete Fourier Transform

fftw-3 @3.3.10 (math)
Fast C routines to compute the Discrete Fourier Transform

fftw-3-long @3.3.10 (math)
Fast C routines to compute the Discrete Fourier Transform

fftw-3-single @3.3.10 (math)
Fast C routines to compute the Discrete Fourier Transform

fftw-single @2.1.5_9 (math, devel)
Fast C routines to compute the Discrete Fourier Transform

finufft @2.1.0 (math, science)
Flatiron Institute Non-uniform Fast Fourier Transform library, FINUFFT

flawfinder @2.0.19_2 (devel)
Examines C/C++ source code for security flaw

flawz @0.3.0 (security)
A Terminal UI for browsing security vulnerabilities (CVEs)

fuzz @0.6_2 (devel, security)
Software security checking tool

gcam @2010.07.27 (cad)
GCAM is the free GNU Computer Aided Manufacturing package.

ghidra @12.0.1 (devel)
A software reverse engineering (SRE) suite of tools developed by NSA's Research Directorate in support of the Cybersecurity mission

git-cinnabar @0.7.3 (devel, python)
Git remote helper to interact with mercurial repositories.

git-remote-hg @1.0.3.2_4 (devel, python)
Transparent bidirectional bridge between Git and Mercurial for Git

gnutls @3.7.11_1 (devel, security)
GNU Transport Layer Security Library

gnutls-devel @3.8.11 (devel, security)
GNU Transport Layer Security Library

gokart @0.5.1 (devel, security)
A static analysis tool for securing Go code

gosec @2.22.8 (security)
Golang security checker. Inspects source code for security problems by scanning the Go AST.

grc @1.13_3 (textproc)
Generic Colouriser for colourising logfiles and output of commands

gss @1.0.4 (security)
GNU Generic Security Service Library

gvemod-crayola @0.4_1 (science, graphics, x11)
An interactive tool for colouring faces of geometric objects within Geomview

hex @0.6.0 (sysutils)
Futuristic take on hexdump, made in Rust.

hg-credentials @0.1.2_1 (devel)
Mercurial extension for storing passwords securely

hg-evolve @11.1.8_1 (devel)
Additional history rewriting commands for Mercurial.

hg-git @1.2.0_1 (devel)
Push to and pull from a Git server repository from Mercurial.

hg-keyring @1.4.4_1 (devel, python)
Mercurial extension used to securely save passwords

hscolour @1.25_1 (devel, haskell)
A small Haskell script to colourise Haskell code

hss @1.10 (net)
An interactive parallel ssh client featuring autocomplete and asynchronous execution.

http-prompt @2.1.0_2 (net)
HTTPie + prompt_toolkit = an interactive command-line HTTP client featuring autocomplete and syntax highlighting

httperf @0.9.0_5 (www, benchmarks)
tool for measuring webserver performance

ioping @1.3 (sysutils)
Simple disk I/0 latency measuring tool

janet-uri @1.0.0 (janet, devel)
A uri parser implemented in janet

kfourinline @4.14.3_3 (kde, kde4, games)
KFourInLine is a board game for two players based on the Connect-Four game.

kruler @4.14.3_3 (kde, kde4)
KRuler displays on screen a ruler measuring pixels.

lib3mf @2.4.1 (print, graphics, devel)
lib3mf is an implementation of the 3D Manufacturing Format file standard.

lynis @3.1.6 (security)
Security and system auditing tool to harden systems

marksman @2024-12-18 (devel)
Write Markdown with code assist and intelligence in the comfort of your favourite editor

mercurial @7.0.2_3 (devel, python)
A fast, lightweight, distributed SCM system written in Python.

mercurial-rustext @7.0.2_3 (devel, python)
Experimental Rust optimizations for Mercurial

metasploit2 @2.7_6 (security)
Tools and information for security research and pentesting

metasploit3 @3.0_4 (security)
Tools and information for security research and pentesting

mod_security2 @2.9.12 (www, security)
Apache 2 intrusion detection and prevention engine for web applications

nebula @1.10.1 (net)
A scalable overlay networking tool with a focus on performance, simplicity and security.

nfft-3 @3.5.0 (math)
Fast C routines to compute the Non-equispaced Discrete Fourier Transform

nss @3.120 (net)
Network Security Service libraries.

Obsession @2023.07.12 (www, hotline)
A Hotline client written in Qt featuring Shift-JIS support and other stuff.

ocaml-uri @4.4.0_2 (ocaml, devel)
An RFC3986 URI/URL parsing library

openjdk8-temurin @8u472 (java, devel)
Eclipse Temurin, based on OpenJDK 8 (Long Term Support until at least November 2026)

openjdk11-temurin @11.0.29 (java, devel)
Eclipse Temurin, based on OpenJDK 11 (Long Term Support until at least October 2027)

openjdk17-temurin @17.0.17 (java, devel)
Eclipse Temurin, based on OpenJDK 17 (Long Term Support until at least October 2027)

openjdk21-temurin @21.0.10 (java, devel)
Eclipse Temurin, based on OpenJDK 21 (Long Term Support until at least December 2029)

openjdk22-temurin @22.0.2 (java, devel)
Eclipse Temurin, based on OpenJDK 22 (Short Term Support until September 2024)

openjdk23-temurin @23.0.2 (java, devel)
Eclipse Temurin, based on OpenJDK 23 (Short Term Support until March 2025)

openjdk24-temurin @24.0.2 (java, devel)
Eclipse Temurin, based on OpenJDK 24 (Short Term Support until September 2025)

openjdk25-temurin @25.0.2 (java, devel)
Eclipse Temurin, based on OpenJDK 25 (Long Term Support until at least September 2031)

p5-any-uri-escape @0.10.0 (perl)
Any::URI::Escape - Load URI::Escape::XS preferentially over URI::Escape

p5-class-refresh @0.70.0 (perl)
Class::Refresh - refresh your classes during runtime

p5-dist-zilla-plugin-test-reportprereqs @0.29.0 (perl)
Dist::Zilla::Plugin::Test::ReportPrereqs - Report on prerequisite versions during automated testing

p5-gd-securityimage @1.750.0 (perl)
Security image (captcha) generator.

p5-moosex-types-uri @0.100.0 (perl)
MooseX::Types::URI - URI related types and coercions for Moose

p5-pdl-fftw3 @0.203.0 (perl)
PDL::FFTW3 - PDL interface to the Fastest Fourier Transform in the West v3

p5-uri @5.340.0 (perl)
URI - Uniform Resource Identifiers (absolute and relative)

p5-uri-escape-xs @0.140.0 (perl)
URI::Escape::XS - drop-in replacement for URI::Escape

p5-uri-fetch @0.150.0 (perl)
URI::Fetch module for Perl

p5-uri-find @20160806 (perl)
URI::Find - Find URIs in arbitrary text

p5-uri-fromhash @0.50.0 (perl)
URI::FromHash - Build a URI from a set of named parameters

p5-uri-query @0.160.0 (perl)
URI::Query - class providing URI query string manipulation

p5.28-any-uri-escape @0.10.0 (perl)
Any::URI::Escape - Load URI::Escape::XS preferentially over URI::Escape

p5.28-class-refresh @0.70.0 (perl)
Class::Refresh - refresh your classes during runtime

p5.28-dist-zilla-plugin-test-reportprereqs @0.29.0 (perl)
Dist::Zilla::Plugin::Test::ReportPrereqs - Report on prerequisite versions during automated testing

p5.28-gd-securityimage @1.750.0 (perl)
Security image (captcha) generator.

p5.28-moosex-types-uri @0.100.0 (perl)
MooseX::Types::URI - URI related types and coercions for Moose

p5.28-pdl-fftw3 @0.203.0 (perl)
PDL::FFTW3 - PDL interface to the Fastest Fourier Transform in the West v3

p5.28-uri @5.340.0 (perl)
URI - Uniform Resource Identifiers (absolute and relative)

p5.28-uri-escape-xs @0.140.0 (perl)
URI::Escape::XS - drop-in replacement for URI::Escape

p5.28-uri-fetch @0.150.0 (perl)
URI::Fetch module for Perl

p5.28-uri-find @20160806 (perl)
URI::Find - Find URIs in arbitrary text

p5.28-uri-fromhash @0.50.0 (perl)
URI::FromHash - Build a URI from a set of named parameters

p5.28-uri-query @0.160.0 (perl)
URI::Query - class providing URI query string manipulation

p5.30-any-uri-escape @0.10.0 (perl)
Any::URI::Escape - Load URI::Escape::XS preferentially over URI::Escape

p5.30-class-refresh @0.70.0 (perl)
Class::Refresh - refresh your classes during runtime

p5.30-dist-zilla-plugin-test-reportprereqs @0.29.0 (perl)
Dist::Zilla::Plugin::Test::ReportPrereqs - Report on prerequisite versions during automated testing

p5.30-gd-securityimage @1.750.0 (perl)
Security image (captcha) generator.

p5.30-moosex-types-uri @0.100.0 (perl)
MooseX::Types::URI - URI related types and coercions for Moose

p5.30-pdl-fftw3 @0.203.0 (perl)
PDL::FFTW3 - PDL interface to the Fastest Fourier Transform in the West v3

p5.30-uri @5.340.0 (perl)
URI - Uniform Resource Identifiers (absolute and relative)

p5.30-uri-escape-xs @0.140.0 (perl)
URI::Escape::XS - drop-in replacement for URI::Escape

p5.30-uri-fetch @0.150.0 (perl)
URI::Fetch module for Perl

p5.30-uri-find @20160806 (perl)
URI::Find - Find URIs in arbitrary text

p5.30-uri-fromhash @0.50.0 (perl)
URI::FromHash - Build a URI from a set of named parameters

p5.30-uri-query @0.160.0 (perl)
URI::Query - class providing URI query string manipulation

p5.32-any-uri-escape @0.10.0 (perl)
Any::URI::Escape - Load URI::Escape::XS preferentially over URI::Escape

p5.32-class-refresh @0.70.0 (perl)
Class::Refresh - refresh your classes during runtime

p5.32-dist-zilla-plugin-test-reportprereqs @0.29.0 (perl)
Dist::Zilla::Plugin::Test::ReportPrereqs - Report on prerequisite versions during automated testing

p5.32-gd-securityimage @1.750.0 (perl)
Security image (captcha) generator.

p5.32-moosex-types-uri @0.100.0 (perl)
MooseX::Types::URI - URI related types and coercions for Moose

p5.32-pdl-fftw3 @0.203.0 (perl)
PDL::FFTW3 - PDL interface to the Fastest Fourier Transform in the West v3

p5.32-uri @5.340.0 (perl)
URI - Uniform Resource Identifiers (absolute and relative)

p5.32-uri-escape-xs @0.140.0 (perl)
URI::Escape::XS - drop-in replacement for URI::Escape

p5.32-uri-fetch @0.150.0 (perl)
URI::Fetch module for Perl

p5.32-uri-find @20160806 (perl)
URI::Find - Find URIs in arbitrary text

p5.32-uri-fromhash @0.50.0 (perl)
URI::FromHash - Build a URI from a set of named parameters

p5.32-uri-query @0.160.0 (perl)
URI::Query - class providing URI query string manipulation

p5.34-any-uri-escape @0.10.0 (perl)
Any::URI::Escape - Load URI::Escape::XS preferentially over URI::Escape

p5.34-class-refresh @0.70.0 (perl)
Class::Refresh - refresh your classes during runtime

p5.34-dist-zilla-plugin-test-reportprereqs @0.29.0 (perl)
Dist::Zilla::Plugin::Test::ReportPrereqs - Report on prerequisite versions during automated testing

p5.34-gd-securityimage @1.750.0 (perl)
Security image (captcha) generator.

p5.34-moosex-types-uri @0.100.0 (perl)
MooseX::Types::URI - URI related types and coercions for Moose

p5.34-pdl-fftw3 @0.203.0 (perl)
PDL::FFTW3 - PDL interface to the Fastest Fourier Transform in the West v3

p5.34-uri @5.340.0 (perl)
URI - Uniform Resource Identifiers (absolute and relative)

p5.34-uri-escape-xs @0.140.0 (perl)
URI::Escape::XS - drop-in replacement for URI::Escape

p5.34-uri-fetch @0.150.0 (perl)
URI::Fetch module for Perl

p5.34-uri-find @20160806 (perl)
URI::Find - Find URIs in arbitrary text

p5.34-uri-fromhash @0.50.0 (perl)
URI::FromHash - Build a URI from a set of named parameters

p5.34-uri-query @0.160.0 (perl)
URI::Query - class providing URI query string manipulation

pdfpc @4.7.0 (graphics)
pdfpc is a GTK based presentation viewer application for GNU/Linux which uses Keynote like multi-monitor output to provide meta information to the speaker during the presentation.

Performance @0.2.5 (gnustep)
Performance measuring classes

prelude-manager @5.2.0_1 (security)
collects and normalize security events from Prelude sensors

propka @3.5.1_1 (science, python)
Heuristic pKa calculations with ligands

py-cattrs @25.3.0_1 (python)
py-cattrs is an open-source Python library for structuring and unstructuring data.

py-curio @1.6 (python)
Curio is a coroutine-based library for concurrent systems programming

py-hgsubversion @1.9.3 (python, devel)
hgsubversion is a Mercurial extension for working with Subversion (svn) repositories.

py-hydra-core @1.2.0 (python)
Hydra is a framework for elegantly configuring complex applications

py-maturin @1.11.5 (python, devel)
Build and publish crates with pyo3, rust-cpython and cffi bindings as well as rust binaries as python packages.

py-mercurial_extension_utils @1.5.2 (python, devel)
Utility methods for Mercurial extensions

py-momepy @0.10.0 (python, gis)
Urban Morphology Measuring Toolkit (momepy)

py-pastedeploy @3.1.0 (python, www)
Paste Deployment is a system for finding and configuring WSGI applications and servers.

py-pytest-cov @7.0.0 (python, devel)
Pytest plugin for measuring coverage.

py-termstyle @0.1.11 (python)
console colouring for python

py-uri-template @1.3.0 (python, devel)
RFC 6570 URI Template Processor

py-uritemplate @4.1.1 (python, textproc, www)
Python implementation of RFC6570, URI Template

py-uritools @5.0.0 (python)
URI parsing, classification and composition

py-url-normalize @2.2.1 (python, devel, net)
URI Normalization function

py-xmlsec @1.3.17 (python, security, textproc)
A set of Python bindings for the XML Security Library.

py27-hgsubversion @1.9.3 (python, devel)
hgsubversion is a Mercurial extension for working with Subversion (svn) repositories.

py39-maturin @1.11.5 (python, devel)
Build and publish crates with pyo3, rust-cpython and cffi bindings as well as rust binaries as python packages.

py39-uri-template @1.3.0 (python, devel)
RFC 6570 URI Template Processor

py39-uritemplate @4.1.1 (python, textproc, www)
Python implementation of RFC6570, URI Template

py310-cattrs @25.3.0_1 (python)
py-cattrs is an open-source Python library for structuring and unstructuring data.

py310-curio @1.6 (python)
Curio is a coroutine-based library for concurrent systems programming

py310-hydra-core @1.2.0 (python)
Hydra is a framework for elegantly configuring complex applications

py310-maturin @1.11.5 (python, devel)
Build and publish crates with pyo3, rust-cpython and cffi bindings as well as rust binaries as python packages.

py310-mercurial_extension_utils @1.5.2 (python, devel)
Utility methods for Mercurial extensions

py310-momepy @0.9.1 (python, gis)
Urban Morphology Measuring Toolkit (momepy)

py310-pastedeploy @3.1.0 (python, www)
Paste Deployment is a system for finding and configuring WSGI applications and servers.

py310-pytest-cov @7.0.0 (python, devel)
Pytest plugin for measuring coverage.

py310-termstyle @0.1.11 (python)
console colouring for python

py310-uri-template @1.3.0 (python, devel)
RFC 6570 URI Template Processor

py310-uritemplate @4.1.1 (python, textproc, www)
Python implementation of RFC6570, URI Template

py310-uritools @5.0.0 (python)
URI parsing, classification and composition

py310-url-normalize @2.2.1 (python, devel, net)
URI Normalization function

py310-xmlsec @1.3.17 (python, security, textproc)
A set of Python bindings for the XML Security Library.

py311-cattrs @25.3.0_1 (python)
py-cattrs is an open-source Python library for structuring and unstructuring data.

py311-curio @1.6 (python)
Curio is a coroutine-based library for concurrent systems programming

py311-maturin @1.11.5 (python, devel)
Build and publish crates with pyo3, rust-cpython and cffi bindings as well as rust binaries as python packages.

py311-mercurial_extension_utils @1.5.2 (python, devel)
Utility methods for Mercurial extensions

py311-momepy @0.10.0 (python, gis)
Urban Morphology Measuring Toolkit (momepy)

py311-pastedeploy @3.1.0 (python, www)
Paste Deployment is a system for finding and configuring WSGI applications and servers.

py311-pytest-cov @7.0.0 (python, devel)
Pytest plugin for measuring coverage.

py311-uri-template @1.3.0 (python, devel)
RFC 6570 URI Template Processor

py311-uritemplate @4.1.1 (python, textproc, www)
Python implementation of RFC6570, URI Template

py311-uritools @5.0.0 (python)
URI parsing, classification and composition

py311-url-normalize @2.2.1 (python, devel, net)
URI Normalization function

py311-xmlsec @1.3.17 (python, security, textproc)
A set of Python bindings for the XML Security Library.

py312-cattrs @25.3.0_1 (python)
py-cattrs is an open-source Python library for structuring and unstructuring data.

py312-curio @1.6 (python)
Curio is a coroutine-based library for concurrent systems programming

py312-maturin @1.11.5 (python, devel)
Build and publish crates with pyo3, rust-cpython and cffi bindings as well as rust binaries as python packages.

py312-momepy @0.10.0 (python, gis)
Urban Morphology Measuring Toolkit (momepy)

py312-pastedeploy @3.1.0 (python, www)
Paste Deployment is a system for finding and configuring WSGI applications and servers.

py312-pytest-cov @7.0.0 (python, devel)
Pytest plugin for measuring coverage.

py312-uri-template @1.3.0 (python, devel)
RFC 6570 URI Template Processor

py312-uritemplate @4.1.1 (python, textproc, www)
Python implementation of RFC6570, URI Template

py312-uritools @5.0.0 (python)
URI parsing, classification and composition

py312-url-normalize @2.2.1 (python, devel, net)
URI Normalization function

py312-xmlsec @1.3.17 (python, security, textproc)
A set of Python bindings for the XML Security Library.

py313-cattrs @25.3.0_1 (python)
py-cattrs is an open-source Python library for structuring and unstructuring data.

py313-curio @1.6 (python)
Curio is a coroutine-based library for concurrent systems programming

py313-maturin @1.11.5 (python, devel)
Build and publish crates with pyo3, rust-cpython and cffi bindings as well as rust binaries as python packages.

py313-mercurial_extension_utils @1.5.2 (python, devel)
Utility methods for Mercurial extensions

py313-momepy @0.10.0 (python, gis)
Urban Morphology Measuring Toolkit (momepy)

py313-pytest-cov @7.0.0 (python, devel)
Pytest plugin for measuring coverage.

py313-uri-template @1.3.0 (python, devel)
RFC 6570 URI Template Processor

py313-uritemplate @4.1.1 (python, textproc, www)
Python implementation of RFC6570, URI Template

py313-uritools @5.0.0 (python)
URI parsing, classification and composition

py313-url-normalize @2.2.1 (python, devel, net)
URI Normalization function

py313-xmlsec @1.3.17 (python, security, textproc)
A set of Python bindings for the XML Security Library.

py314-cattrs @25.3.0_1 (python)
py-cattrs is an open-source Python library for structuring and unstructuring data.

py314-curio @1.6 (python)
Curio is a coroutine-based library for concurrent systems programming

py314-maturin @1.11.5 (python, devel)
Build and publish crates with pyo3, rust-cpython and cffi bindings as well as rust binaries as python packages.

py314-pytest-cov @7.0.0 (python, devel)
Pytest plugin for measuring coverage.

py314-uri-template @1.3.0 (python, devel)
RFC 6570 URI Template Processor

py314-uritemplate @4.1.1 (python, textproc, www)
Python implementation of RFC6570, URI Template

py314-url-normalize @2.2.1 (python, devel, net)
URI Normalization function

py314-xmlsec @1.3.17 (python, security, textproc)
A set of Python bindings for the XML Security Library.

R-attachment @0.4.2 (R, science, devel)
Manage dependencies during package development

R-capushe @1.1.2_1 (R, science, math)
CAlibrating Penalities Using Slope HEuristics

R-fourierin @0.2.5_1 (R, science, math)
Numeric Fourier Integrals

R-ineq @0.2-13_2 (R, science)
Measuring inequality, concentration and poverty

R-qap @0.1-2_2 (R, science, math)
Heuristics for the Quadratic Assignment Problem (QAP)

R-RTransferEntropy @0.2.21_1 (R, science, math)
Measuring information flow between time series with Shannon and Renyi transfer entropy

ratchet @0.11.4 (devel)
A tool for securing CI/CD workflows with version pinning.

rats @2.4 (security, devel)
Rough Auditing Tool for Security

rb-addressable @2.8.7 (ruby, net)
Addressable is an alternative implementation to the URI implementation that is part of Ruby standard library

rb-captcha @0.1.2 (ruby)
Ruby/CAPTCHA is an implementation of the 'Completely Automated Public Turing Test to Tell Computers and Humans Apart'.

rb-runt @0.7.0_1 (ruby)
Ruby API for scheduling recurring/occuring events

rb19-addressable @2.2.6 (ruby, devel)
replacement URI implementation

rb31-addressable @2.8.7 (ruby, net)
Addressable is an alternative implementation to the URI implementation that is part of Ruby standard library

rb32-addressable @2.8.7 (ruby, net)
Addressable is an alternative implementation to the URI implementation that is part of Ruby standard library

rb33-addressable @2.8.7 (ruby, net)
Addressable is an alternative implementation to the URI implementation that is part of Ruby standard library

sancp @1.6.1_1 (security)
Security Analyst Network Connection Profiler

sguil-client @1.0.0 (security, net)
GUI Console for Sguil Network Security Monitor

SilentKnight @1.21 (sysutils, aqua)
Automatic checking of security systems

skipfish @2.10b_6 (security)
web application security scanner

smtpping @1.1.3 (net)
A simple, portable tool for measuring SMTP server delay, delay variation and throughput.

Smultron @3.6b1 (aqua, editors)
Cocoa text editor with syntax colouring

softhsm @2.6.1_2 (security)
Software implementation of a Hardware Security Module (HSM)

sqlcipher @4.6.1 (databases)
An security extesion to the embedded SQL database engine

surblhost @0.8.0 (mail)
Surblhost is a small command-line program that looks up hostnames in the Spam URI Realtime Blocklists (SURBL).

tcp_wrappers @20_5 (net, devel)
Security wrappers for TCP services

terrascan @1.19.9 (sysutils)
Detect compliance and security violations across Infrastructure as Code

tfsec @1.28.14 (security, sysutils)
Security scanner for your Terraform code

tlssled @1.3_1 (net, security)
shell script for evaluating the security of a SSL/TLS (HTTPS) web server implementation

tortoisehg @7.0.1_1 (devel, python)
A set of graphical tools for Mercurial

toxcore @0.2.20_1 (net, security, devel)
Tox is a peer to peer (serverless) instant messenger aimed at making security and privacy easy to obtain for regular users. It uses NaCl for its encryption and authentication.

uriparser @0.9.9 (devel, www)
a strictly RFC 3986 compliant parsing library for URIs

volta @0.3.0 (www, net)
a high performance Squid compatible URI redirector

weplab @0.1.5 (net)
WEP encryption security review tool

xml-security-c @2.0.4_1 (security, xml, textproc, shibboleth)
XML Signing/Encryption for C++

xmlsec @1.3.9 (security, textproc, devel)
XML Security Library is a C library based on LibXML2.

xmlsec-1.2 @1.2.42 (security, textproc, devel)
XML Security Library is a C library based on LibXML2.

Found 247 ports.
