azmq @1.0.3 (devel)
C++ language binding library integrating ZeroMQ with Boost Asio

bact @0.13 (math)
a Boosting Algorithm for Classification of Trees

boost @1.76 (devel)
Collection of portable C++ source libraries

boost-build @2.0-m12_2 (devel)
Build system for large project software construction

boost-jam @3.1.18 (devel)
Boost.Jam (BJam) is a build tool based on FTJam

boost169 @1.69.0_11 (devel)
Collection of portable C++ source libraries

boost171 @1.71.0_10 (devel)
Collection of portable C++ source libraries

boost176 @1.76.0_14 (devel)
Collection of portable C++ source libraries

boost178 @1.78.0_10 (devel)
Collection of portable C++ source libraries

boost181 @1.81.0_13 (devel)
Collection of portable C++ source libraries

boost187 @1.87.0_3 (devel)
Collection of portable C++ source libraries

boost187-numpy @1.87.0_2 (devel)
Boost.Numpy library

boost188 @1.88.0_2 (devel)
Collection of portable C++ source libraries

boost188-numpy @1.88.0_1 (devel)
Boost.Numpy library

fasd @1.0.1 (sysutils)
Fasd (pronounced similar to 'fast') is a command-line productivity booster.

LightGBM @4.5.0 (math)
Fast, distributed, high performance gradient boosting (GBT, GBDT, GBRT, GBM or MART) framework

p5-type-tiny-xs @0.25.0 (perl)
Type::Tiny::XS - provides an XS boost for some of Type::Tiny's built-in type constraints

p5.28-type-tiny-xs @0.25.0 (perl)
Type::Tiny::XS - provides an XS boost for some of Type::Tiny's built-in type constraints

p5.30-type-tiny-xs @0.25.0 (perl)
Type::Tiny::XS - provides an XS boost for some of Type::Tiny's built-in type constraints

p5.32-type-tiny-xs @0.25.0 (perl)
Type::Tiny::XS - provides an XS boost for some of Type::Tiny's built-in type constraints

p5.34-type-tiny-xs @0.25.0 (perl)
Type::Tiny::XS - provides an XS boost for some of Type::Tiny's built-in type constraints

py-pyplusplus @1.8.7 (python, devel)
Py++ is a framework for creating a code generator for Boost.Python library and ctypes package

py-scikit-hep-boost-histogram @1.4.0 (python)
Python bindings for Boost::Histogram.

py-scikit-hep-hist @2.7.2 (python)
Hist is a analyst friendly front-end for boost-histogram.

py310-pyplusplus @1.8.7 (python, devel)
Py++ is a framework for creating a code generator for Boost.Python library and ctypes package

py310-scikit-hep-boost-histogram @1.4.0 (python)
Python bindings for Boost::Histogram.

py310-scikit-hep-hist @2.7.2 (python)
Hist is a analyst friendly front-end for boost-histogram.

py311-pyplusplus @1.8.7 (python, devel)
Py++ is a framework for creating a code generator for Boost.Python library and ctypes package

py311-scikit-hep-boost-histogram @1.4.0 (python)
Python bindings for Boost::Histogram.

py311-scikit-hep-hist @2.7.2 (python)
Hist is a analyst friendly front-end for boost-histogram.

py312-pyplusplus @1.8.7 (python, devel)
Py++ is a framework for creating a code generator for Boost.Python library and ctypes package

py313-pyplusplus @1.8.7 (python, devel)
Py++ is a framework for creating a code generator for Boost.Python library and ctypes package

R-ada @2.0-5_1 (R, science, math)
Package for stochastic boosting

R-audrex @2.0.1_1 (R, science, math)
Automatic dynamic regression using extreme gradient boosting

R-BH @1.84.0-0_1 (R, science, devel)
Boost C++ Header Files

R-boodist @1.0.0_1 (R, science, math)
Make some distributions from the Boost C++ library available in R

R-boostrq @1.0.0_1 (R, science, math)
Boosting Regression Quantiles

R-bst @0.3-24_1 (R, science, math)
Gradient boosting

R-BT @0.4_1 (R, science, math)
(Adaptive) Boosting Trees algorithm

R-conTree @0.3-1_1 (R, science, math)
Contrast trees and boosting

R-dblr @0.1.0_1 (R, science, math)
Discrete Boosting Logistic Regression

R-EIX @1.2.0_1 (R, science, math)
Explain interactions in XGBoost

R-gamboostLSS @2.0-7_1 (R, science, math)
Boosting methods for GAMLSS

R-gbm @2.2.2 (R, science, math)
Generalized boosted regression models

R-gbm3 @3.0_1 (R, science, math)
Generalized boosted regression models

R-GMMBoost @1.1.5_1 (R, science, math)
Likelihood-based boosting for generalized mixed models

R-gpboost @1.5.4 (R, science, math)
Combining tree-boosting with Gaussian process and mixed effects models

R-irboost @0.1-1.5_1 (R, science, math)
Iteratively reweighted boosting for robust analysis

R-l2boost @1.0.3_1 (R, science, math)
Friedman’s boosting algorithm

R-lightgbm @4.5.0 (R, science, math)
Light Gradient Boosting Machine

R-mboost @2.9-11 (R, science, math)
Model-based boosting

R-mixgb @1.5.2 (R, science, math)
Multiple imputation via xgboost

R-odeintr @1.7.1_2 (R, science, math)
Wraps the Boost odeint library for integration of differential equations

R-RBGL @1.80.0 (R, science, bioconductor, devel)
Interface to the graph algorithms contained in the Boost library

R-rbooster @1.1.0_1 (R, science)
AdaBoost framework for any classifier

R-RcppBDT @0.2.6_2 (R, science, devel)
Rcpp bindings for Boost Date_Time

R-RRBoost @0.2 (R, science, math)
Implementation of robust boosting algorithms for regression in R

R-sgboost @0.1.3 (R, science, math)
Sparse-Group Boosting

R-synchronicity @1.3.10_1 (R, science, devel)
Boost mutex functionality in R

R-tbm @0.3-6_1 (R, science, math)
Transformation Boosting Machines

R-TDboost @1.5_1 (R, science, math)
Boosted tweedie compound Poisson model

R-xgboost @1.7.8.1 (R, science, math)
Extreme Gradient Boosting

sbcl-bootstrap @2.2.9 (lang)
Common Lisp boot system to boostrap SBCL

Found 63 ports.
