p5-dancer @1.352.200 (perl)
Lightweight yet powerful web application framework

p5-dancer-plugin-database @2.130.0 (perl)
Easy database connections for Dancer applications

p5-dancer-plugin-database-core @0.200.0 (perl)
Shared core library for Dancer and Dancer2 database plugins

p5-dancer-session-cookie @0.300.0 (perl)
Dancer::Session::Cookie - Encrypted cookie-based session backend for Dancer

p5-dancer-template-mason @0.4.1 (perl)
Dancer::Template::Mason - Mason wrapper for Dancer

p5-dancer-template-mason2 @0.50.0 (perl)
Dancer::Template::Mason2 - Mason 2.x wrapper for Dancer

p5-dancer2 @2.0.1_1 (perl)
Dancer2 - Lightweight yet powerful web application framework

p5-dancer2-plugin-database @2.170.0 (perl)
Dancer2::Plugin::Database - easy database connections for Dancer2 applications

p5-dancer2-session-cookie @0.9.0 (perl)
Dancer2::Session::Cookie - Dancer 2 session storage in secure cookies

p5.28-dancer @1.352.200 (perl)
Lightweight yet powerful web application framework

p5.28-dancer-plugin-database @2.130.0 (perl)
Easy database connections for Dancer applications

p5.28-dancer-plugin-database-core @0.200.0 (perl)
Shared core library for Dancer and Dancer2 database plugins

p5.28-dancer-session-cookie @0.300.0 (perl)
Dancer::Session::Cookie - Encrypted cookie-based session backend for Dancer

p5.28-dancer-template-mason @0.4.1 (perl)
Dancer::Template::Mason - Mason wrapper for Dancer

p5.28-dancer-template-mason2 @0.50.0 (perl)
Dancer::Template::Mason2 - Mason 2.x wrapper for Dancer

p5.28-dancer2 @2.0.1_1 (perl)
Dancer2 - Lightweight yet powerful web application framework

p5.28-dancer2-plugin-database @2.170.0 (perl)
Dancer2::Plugin::Database - easy database connections for Dancer2 applications

p5.28-dancer2-session-cookie @0.9.0 (perl)
Dancer2::Session::Cookie - Dancer 2 session storage in secure cookies

p5.30-dancer @1.352.200 (perl)
Lightweight yet powerful web application framework

p5.30-dancer-plugin-database @2.130.0 (perl)
Easy database connections for Dancer applications

p5.30-dancer-plugin-database-core @0.200.0 (perl)
Shared core library for Dancer and Dancer2 database plugins

p5.30-dancer-session-cookie @0.300.0 (perl)
Dancer::Session::Cookie - Encrypted cookie-based session backend for Dancer

p5.30-dancer-template-mason @0.4.1 (perl)
Dancer::Template::Mason - Mason wrapper for Dancer

p5.30-dancer-template-mason2 @0.50.0 (perl)
Dancer::Template::Mason2 - Mason 2.x wrapper for Dancer

p5.30-dancer2 @2.0.1_1 (perl)
Dancer2 - Lightweight yet powerful web application framework

p5.30-dancer2-plugin-database @2.170.0 (perl)
Dancer2::Plugin::Database - easy database connections for Dancer2 applications

p5.30-dancer2-session-cookie @0.9.0 (perl)
Dancer2::Session::Cookie - Dancer 2 session storage in secure cookies

p5.32-dancer @1.352.200 (perl)
Lightweight yet powerful web application framework

p5.32-dancer-plugin-database @2.130.0 (perl)
Easy database connections for Dancer applications

p5.32-dancer-plugin-database-core @0.200.0 (perl)
Shared core library for Dancer and Dancer2 database plugins

p5.32-dancer-session-cookie @0.300.0 (perl)
Dancer::Session::Cookie - Encrypted cookie-based session backend for Dancer

p5.32-dancer-template-mason @0.4.1 (perl)
Dancer::Template::Mason - Mason wrapper for Dancer

p5.32-dancer-template-mason2 @0.50.0 (perl)
Dancer::Template::Mason2 - Mason 2.x wrapper for Dancer

p5.32-dancer2 @2.0.1_1 (perl)
Dancer2 - Lightweight yet powerful web application framework

p5.32-dancer2-plugin-database @2.170.0 (perl)
Dancer2::Plugin::Database - easy database connections for Dancer2 applications

p5.32-dancer2-session-cookie @0.9.0 (perl)
Dancer2::Session::Cookie - Dancer 2 session storage in secure cookies

p5.34-dancer @1.352.200 (perl)
Lightweight yet powerful web application framework

p5.34-dancer-plugin-database @2.130.0 (perl)
Easy database connections for Dancer applications

p5.34-dancer-plugin-database-core @0.200.0 (perl)
Shared core library for Dancer and Dancer2 database plugins

p5.34-dancer-session-cookie @0.300.0 (perl)
Dancer::Session::Cookie - Encrypted cookie-based session backend for Dancer

p5.34-dancer-template-mason @0.4.1 (perl)
Dancer::Template::Mason - Mason wrapper for Dancer

p5.34-dancer-template-mason2 @0.50.0 (perl)
Dancer::Template::Mason2 - Mason 2.x wrapper for Dancer

p5.34-dancer2 @2.0.1_1 (perl)
Dancer2 - Lightweight yet powerful web application framework

p5.34-dancer2-plugin-database @2.170.0 (perl)
Dancer2::Plugin::Database - easy database connections for Dancer2 applications

p5.34-dancer2-session-cookie @0.9.0 (perl)
Dancer2::Session::Cookie - Dancer 2 session storage in secure cookies

R-concordancer @1.0.2_1 (R, science, math)
R-Rcpp implementation Concordance Correlation Coefficient

Found 46 ports.
