acl2 @8.3 (math)
Applicative Common Lisp / A Computational Logic

aspell @0.60.8.1 (textproc)
Spell checker with better logic than ispell

chasen @2.3.3 (textproc, japanese)
Japanese morphological analysis system

chasen-base @2.3.3 (textproc, japanese)
Japanese morphological analysis system

cl-fiasco @20200314 (lisp, devel)
Common Lisp test framework that treasures your failures, logical continuation of Stefil.

clingo @5.7.1 (math)
An Answer Set Programming system to ground and solve logic programs.

coq @8.13.2 (lang, math)
Proof assistant for higher-order logic

espresso @1.0_1 (math, science, devel)
logic minimization program

gnome-sudoku @3.26.0 (gnome, games)
Sudoku is a Japanese logic game that exploded in popularity in 2005.

hunspell @1.7.2 (textproc)
Spell checker and morphological analyzer

juman @7.01 (textproc, japanese)
a user-extensible morphological analyzer for Japanese

juman6 @6.01_1 (textproc, japanese)
a user-extensible morphological analyzer for Japanese.

knetwalk @4.14.3_3 (kde, kde4, games)
KNetwalk is a single player logic game.

ksudoku @4.14.3_3 (kde, kde4, games)
KSudoku is a logic-based symbol placement puzzle.

logisim-evolution @3.8.0 (cad, education, java)
Digital logic designer and simulator

logtalk @3.97.1 (lang)
Logtalk - Open source object-oriented logic programming language

lttoolbox @3.8.2 (textproc)
toolbox for lexical processing, morphological analysis and generation

lucene-gosen2 @2.0.2 (java, textproc, japanese)
a Japanese morphological analyzer for Apache Lucene/Solr 3.x

lucene-gosen4 @4.6.0 (java, textproc, japanese)
a Japanese morphological analyzer for Apache Lucene/Solr 4.x

magicspp @4.16.0 (science)
ECMWF's Meteorological plotting software

Maude @2.7.1 (lang)
high-performance reflective language and system supporting both equational and rewriting logic specification and programming

mecab @0.996 (textproc, japanese)
yet another part-of-speech and morphological analyzer

mecab-base @0.996_1 (textproc, japanese)
yet another part-of-speech and morphological analyzer

mecab-sjis @0.996 (textproc, japanese)
yet another part-of-speech and morphological analyzer

mecab-utf8 @0.996 (textproc, japanese)
yet another part-of-speech and morphological analyzer

metview @5.25.1 (science)
meteorological workstation application

octave-fl-core @1.0.2 (octave, math, science)
Basic functions in Fuzzy Logic.

octave-fuzzy-logic-toolkit @0.6.2 (octave, math, science)
A mostly MATLAB-compatible fuzzy logic toolkit for Octave.

octave-image @2.18.1 (octave, math, science)
The Octave-forge Image package provides functions for processing images. The package also provides functions for feature extraction, image statistics, spatial and geometric transformations, morphological operations, linear filtering, and much more.

p5-extutils-installpaths @0.15.0 (perl)
ExtUtils::InstallPaths - Build.PL install path logic made easy

p5.28-extutils-installpaths @0.15.0 (perl)
ExtUtils::InstallPaths - Build.PL install path logic made easy

p5.30-extutils-installpaths @0.15.0 (perl)
ExtUtils::InstallPaths - Build.PL install path logic made easy

p5.32-extutils-installpaths @0.15.0 (perl)
ExtUtils::InstallPaths - Build.PL install path logic made easy

p5.34-extutils-installpaths @0.15.0 (perl)
ExtUtils::InstallPaths - Build.PL install path logic made easy

picmi @4.14.3_3 (kde, kde4, games)
Picmi is a single player logic-based puzzle game.

py-license-expression @30.4.1 (python)
license-expression is a comprehensive utility library to parse, compare, simplify and normalize license expressions (such as SPDX license expressions) using boolean logic.

py-logical-unification @0.4.7 (python)
Logical unification in Python

py-mecab-python3 @1.0.10 (python, textproc, japanese)
Python wrapper for the MeCab morphological analyzer for Japanese

py-oauthlib @3.3.1 (python, net, security)
A generic, spec-compliant, thorough implementation of the OAuth request-signing logic.

py-obspy @1.4.2 (python, science)
Python framework for processing seismological data

py-pyasdf @0.4.0_1 (python, science)
pyasdf is a Python API to read and write seismological ASDF files

py-pydantic_core @2.41.5 (python, devel)
Core validation logic for pydantic written in rust

py-resolvelib @1.2.1 (python, devel)
ResolveLib at the highest level provides a Resolver class that includes dependency resolution logic.

py-toposort @1.10 (python, devel)
Implements a topological sort algorithm

py27-oauthlib @3.3.1 (python, net, security)
A generic, spec-compliant, thorough implementation of the OAuth request-signing logic.

py310-license-expression @30.4.1 (python)
license-expression is a comprehensive utility library to parse, compare, simplify and normalize license expressions (such as SPDX license expressions) using boolean logic.

py310-logical-unification @0.4.7 (python)
Logical unification in Python

py310-mecab-python3 @1.0.10 (python, textproc, japanese)
Python wrapper for the MeCab morphological analyzer for Japanese

py310-oauthlib @3.3.1 (python, net, security)
A generic, spec-compliant, thorough implementation of the OAuth request-signing logic.

py310-obspy @1.4.2 (python, science)
Python framework for processing seismological data

py310-pyasdf @0.4.0_1 (python, science)
pyasdf is a Python API to read and write seismological ASDF files

py310-pydantic_core @2.41.5 (python, devel)
Core validation logic for pydantic written in rust

py310-resolvelib @1.2.1 (python, devel)
ResolveLib at the highest level provides a Resolver class that includes dependency resolution logic.

py310-toposort @1.10 (python, devel)
Implements a topological sort algorithm

py311-license-expression @30.4.1 (python)
license-expression is a comprehensive utility library to parse, compare, simplify and normalize license expressions (such as SPDX license expressions) using boolean logic.

py311-logical-unification @0.4.7 (python)
Logical unification in Python

py311-mecab-python3 @1.0.10 (python, textproc, japanese)
Python wrapper for the MeCab morphological analyzer for Japanese

py311-oauthlib @3.3.1 (python, net, security)
A generic, spec-compliant, thorough implementation of the OAuth request-signing logic.

py311-obspy @1.4.2 (python, science)
Python framework for processing seismological data

py311-pydantic_core @2.41.5 (python, devel)
Core validation logic for pydantic written in rust

py311-resolvelib @1.2.1 (python, devel)
ResolveLib at the highest level provides a Resolver class that includes dependency resolution logic.

py311-toposort @1.10 (python, devel)
Implements a topological sort algorithm

py312-license-expression @30.4.1 (python)
license-expression is a comprehensive utility library to parse, compare, simplify and normalize license expressions (such as SPDX license expressions) using boolean logic.

py312-logical-unification @0.4.7 (python)
Logical unification in Python

py312-mecab-python3 @1.0.10 (python, textproc, japanese)
Python wrapper for the MeCab morphological analyzer for Japanese

py312-oauthlib @3.3.1 (python, net, security)
A generic, spec-compliant, thorough implementation of the OAuth request-signing logic.

py312-obspy @1.4.2 (python, science)
Python framework for processing seismological data

py312-pydantic_core @2.41.5 (python, devel)
Core validation logic for pydantic written in rust

py312-resolvelib @1.2.1 (python, devel)
ResolveLib at the highest level provides a Resolver class that includes dependency resolution logic.

py313-license-expression @30.4.1 (python)
license-expression is a comprehensive utility library to parse, compare, simplify and normalize license expressions (such as SPDX license expressions) using boolean logic.

py313-logical-unification @0.4.7 (python)
Logical unification in Python

py313-mecab-python3 @1.0.10 (python, textproc, japanese)
Python wrapper for the MeCab morphological analyzer for Japanese

py313-oauthlib @3.3.1 (python, net, security)
A generic, spec-compliant, thorough implementation of the OAuth request-signing logic.

py313-obspy @1.4.2 (python, science)
Python framework for processing seismological data

py313-pydantic_core @2.41.5 (python, devel)
Core validation logic for pydantic written in rust

py313-resolvelib @1.2.1 (python, devel)
ResolveLib at the highest level provides a Resolver class that includes dependency resolution logic.

py314-logical-unification @0.4.7 (python)
Logical unification in Python

py314-oauthlib @3.3.1 (python, net, security)
A generic, spec-compliant, thorough implementation of the OAuth request-signing logic.

py314-pydantic_core @2.41.5 (python, devel)
Core validation logic for pydantic written in rust

py314-resolvelib @1.2.1 (python, devel)
ResolveLib at the highest level provides a Resolver class that includes dependency resolution logic.

R-ade4 @1.7-22_1 (R, science)
Analysis of ecological data: exploratory and euclidean methods in environmental sciences

R-archdata @1.2-1_1 (R, science)
Example datasets from archæological research

R-BioNet @1.64.0 (R, science, bioconductor)
Routines for the functional analysis of biological networks

R-Biostrings @2.72.1 (R, science, bioconductor)
Efficient manipulation of biological strings

R-bipartite @2.20 (R, science)
Visualising bipartite networks and calculating some (ecological) indices

R-chron @2.3-61_1 (R, science)
Chronological objects which can handle dates and times

R-DECIPHER @3.0.0 (R, science, bioconductor)
Tools for curating, analyzing and manipulating biological sequences

R-emdbook @1.3.13_1 (R, science)
Support functions and data for Ecological Models and Data

R-epiR @2.0.76 (R, science)
Tools for the analysis of epidemiological data

R-extraoperators @0.3.0_1 (R, science, math)
Extra binary relational and logical operators

R-fossil @0.4.0_1 (R, science)
Palæoecological and palæogeographical analysis tools

R-graphite @1.50.0 (R, science, bioconductor)
GRAPH interaction from pathway topological environment

R-kebabs @1.38.0 (R, science, bioconductor)
Kernel-Based Analysis of Biological Sequences

R-LogicReg @1.6.6_1 (R, science, math)
Logic Regression

R-metR @0.15.0_1 (R, science)
Tools for easier analysis of meteorological fields

R-metRology @0.9-28-1_1 (R, science)
Support for metrological applications

R-nfer @1.1.3_2 (R, science, math)
Event stream abstraction using interval logic

R-papaja @0.1.2 (R, science)
Prepare American Psychological Association Journal articles with R markdown

R-pastecs @1.4.2_1 (R, science)
Package for analysis of space-time ecological series

R-postlogic @0.1.0.1_1 (R, science, math)
Infix and postfix logic operators

R-psych @2.4.6.26 (R, science)
Procedures for psychological, psychometric and personality research

R-psychTools @2.4.3_1 (R, science)
Tools to accompany the R-psych package for psychological research

R-RcppJagger @0.0.2_1 (R, science, textproc)
R Wrapper for Jagger, a morphological analyzer

R-rgudhi @0.2.0_2 (R, science, math)
Interface to the GUDHI library for topological data analysis

R-robber @0.2.4_1 (R, science)
Use block model to estimate the robustness of ecological network

R-shinymeta @0.2.0.3_2 (R, science)
Export domain logic from Shiny using meta-programming

R-statpsych @1.6.0 (R, science)
Confidence interval and sample size methods that are especially useful in psychological research

R-sudachir @0.1.0_1 (R, science, textproc, japanese)
R interface to Sudachi, a Japanese morphological analyzer

R-TDAkit @0.1.2_1 (R, science, math)
Toolkit for topological data analysis

R-TDAstats @0.4.1_1 (R, science, math)
Pipeline for topological data analysis

R-tdaunif @0.2.0 (R, science, math)
Uniform manifold samplers for topological data analysis

R-timeDate @4041.110 (R, science)
Rmetrics – chronological and calendar objects

R-vegan @2.6-8 (R, science)
R package for community ecologists: popular ordination methods, ecological null models & diversity analysis

R-whisker @0.4.1_2 (R, science)
Mustache for R, logicless templating

rb-mustache @1.1.1 (ruby, www)
Logic-less templates, implemented in Ruby.

rb19-authlogic @2.1.5 (ruby)
A clean, simple, and unobtrusive Ruby authentication solution.

rb19-mustache @0.12.1 (ruby, www)
Logic-less templates, implemented in Ruby.

rb24-mustache @1.1.1 (ruby, www)
Logic-less templates, implemented in Ruby.

rb25-mustache @1.1.1 (ruby, www)
Logic-less templates, implemented in Ruby.

rb26-mustache @1.1.1 (ruby, www)
Logic-less templates, implemented in Ruby.

rb27-mustache @1.1.1 (ruby, www)
Logic-less templates, implemented in Ruby.

rb30-mustache @1.1.1 (ruby, www)
Logic-less templates, implemented in Ruby.

rb31-mustache @1.1.1 (ruby, www)
Logic-less templates, implemented in Ruby.

rb32-mustache @1.1.1 (ruby, www)
Logic-less templates, implemented in Ruby.

rb33-mustache @1.1.1 (ruby, www)
Logic-less templates, implemented in Ruby.

smodels @2.34 (science, math)
stable model semantics for logic programs

twelf @1.7.1 (lang, math)
Meta-logical framework for deductive systems

unidic-mecab @2.1.2 (textproc, japanese)
a dictionary for the Japanese morphological analyzer MeCab

Found 128 ports.
