gdal @3.12.1 (gis)
GDAL - Geospatial Data Abstraction Library

h3 @4.4.1 (gis, devel)
A hexagonal hierarchical geospatial indexing system

librasterlite2 @1.1.0-beta1_3 (databases, gis)
Library that stores and retrieves raster coverages using a SpatiaLite

octave-image @2.18.1 (octave, math, science)
The Octave-forge Image package provides functions for processing images. The package also provides functions for feature extraction, image statistics, spatial and geometric transformations, morphological operations, linear filtering, and much more.

pg12-postgis @3.6.1 (databases, gis)
PostGIS is the spatial extension to the PostGreSQL database.

pg13-postgis @3.6.1 (databases, gis)
PostGIS is the spatial extension to the PostGreSQL database.

pg14-postgis @3.6.1 (databases, gis)
PostGIS is the spatial extension to the PostGreSQL database.

pg15-postgis @3.6.1 (databases, gis)
PostGIS is the spatial extension to the PostGreSQL database.

pg16-postgis @3.6.1 (databases, gis)
PostGIS is the spatial extension to the PostGreSQL database.

pg17-postgis @3.6.1 (databases, gis)
PostGIS is the spatial extension to the PostGreSQL database.

postgis @3.6.1 (databases, gis)
PostGIS is the spatial extension to the PostGreSQL database.

postgis2 @2.5.11 (databases, gis)
PostGIS is the spatial extension to the PostGreSQL database.

py-access @1.1.10.post3 (python, gis)
Spatial Access for PySAL (access)

py-esda @2.8.1 (python, gis)
Exploratory Spatial Data Analysis in PySAL (esda)

py-gdal @3.12.1 (python, gis)
GDAL: Geospatial Data Abstraction Library

py-geoplot @0.5.1 (python, gis)
geoplot is a high-level Python geospatial plotting library

py-giddy @2.3.6 (python, gis)
GeospatIal Distribution DYnamics (giddy)

py-inequality @1.1.2 (python, gis)
Spatial Inequality Analysis (inequality)

py-pyogrio @0.12.1 (python, science, gis)
Bulk-oriented spatial vector file I/O using GDAL/OGR

py-pysal @25.1 (python, gis)
Python Spatial Analysis Library (PySAL)

py-rasterio @1.4.3_3 (python, gis)
Rasterio reads and writes geospatial raster data.

py-rasterstats @0.20.0 (python, gis)
rasterstats is a Python module for summarizing geospatial raster datasets

py-rtree @1.4.1 (python, devel)
R-Tree spatial index for Python GIS

py-shapely @2.1.2 (python, devel)
Shapely is a Python package for manipulation and analysis of 2D geospatial geometries

py-spaghetti @1.7.6 (python, gis)
Spatial graphs: networks, topology and inference (spaghetti)

py-spatialite @3.0.1_8 (python)
Python interface to SQLite 3 and Spatialite

py-spint @1.0.7 (python, gis)
Spatial Interaction Modeling Package (spint)

py-splot @1.1.7 (python, gis)
Lightweight plotting for geospatial analysis in PySAL (splot)

py-spopt @0.7.0 (python, gis)
Spatial Optimization (spopt)

py-spreg @1.8.5 (python, gis)
PySAL Spatial Econometrics Package (spreg)

py-spvcm @0.3.0 (python, gis)
Multilevel spatially-correlated variance components models (spvcm)

py-tobler @0.13.0 (python, gis)
Spatial interpolation, Dasymetric Mapping, & Change of Support (tobler)

py27-spatialite @3.0.1_8 (python)
Python interface to SQLite 3 and Spatialite

py310-access @1.1.10.post3 (python, gis)
Spatial Access for PySAL (access)

py310-esda @2.7.0 (python, gis)
Exploratory Spatial Data Analysis in PySAL (esda)

py310-gdal @3.12.1 (python, gis)
GDAL: Geospatial Data Abstraction Library

py310-geoplot @0.5.1 (python, gis)
geoplot is a high-level Python geospatial plotting library

py310-giddy @2.3.6 (python, gis)
GeospatIal Distribution DYnamics (giddy)

py310-inequality @1.1.1 (python, gis)
Spatial Inequality Analysis (inequality)

py310-pyogrio @0.12.1 (python, science, gis)
Bulk-oriented spatial vector file I/O using GDAL/OGR

py310-pysal @25.1 (python, gis)
Python Spatial Analysis Library (PySAL)

py310-rasterio @1.4.3_3 (python, gis)
Rasterio reads and writes geospatial raster data.

py310-rasterstats @0.20.0 (python, gis)
rasterstats is a Python module for summarizing geospatial raster datasets

py310-rtree @1.4.1 (python, devel)
R-Tree spatial index for Python GIS

py310-shapely @2.1.2 (python, devel)
Shapely is a Python package for manipulation and analysis of 2D geospatial geometries

py310-spaghetti @1.7.6 (python, gis)
Spatial graphs: networks, topology and inference (spaghetti)

py310-spint @1.0.7 (python, gis)
Spatial Interaction Modeling Package (spint)

py310-splot @1.1.7 (python, gis)
Lightweight plotting for geospatial analysis in PySAL (splot)

py310-spopt @0.6.1 (python, gis)
Spatial Optimization (spopt)

py310-spreg @1.8.5 (python, gis)
PySAL Spatial Econometrics Package (spreg)

py310-spvcm @0.3.0 (python, gis)
Multilevel spatially-correlated variance components models (spvcm)

py310-tobler @0.13.0 (python, gis)
Spatial interpolation, Dasymetric Mapping, & Change of Support (tobler)

py311-access @1.1.10.post3 (python, gis)
Spatial Access for PySAL (access)

py311-esda @2.8.1 (python, gis)
Exploratory Spatial Data Analysis in PySAL (esda)

py311-gdal @3.12.1 (python, gis)
GDAL: Geospatial Data Abstraction Library

py311-geoplot @0.5.1 (python, gis)
geoplot is a high-level Python geospatial plotting library

py311-giddy @2.3.6 (python, gis)
GeospatIal Distribution DYnamics (giddy)

py311-inequality @1.1.2 (python, gis)
Spatial Inequality Analysis (inequality)

py311-pyogrio @0.12.1 (python, science, gis)
Bulk-oriented spatial vector file I/O using GDAL/OGR

py311-pysal @25.1 (python, gis)
Python Spatial Analysis Library (PySAL)

py311-rasterio @1.4.3_3 (python, gis)
Rasterio reads and writes geospatial raster data.

py311-rasterstats @0.20.0 (python, gis)
rasterstats is a Python module for summarizing geospatial raster datasets

py311-rtree @1.4.1 (python, devel)
R-Tree spatial index for Python GIS

py311-shapely @2.1.2 (python, devel)
Shapely is a Python package for manipulation and analysis of 2D geospatial geometries

py311-spaghetti @1.7.6 (python, gis)
Spatial graphs: networks, topology and inference (spaghetti)

py311-spint @1.0.7 (python, gis)
Spatial Interaction Modeling Package (spint)

py311-splot @1.1.7 (python, gis)
Lightweight plotting for geospatial analysis in PySAL (splot)

py311-spopt @0.7.0 (python, gis)
Spatial Optimization (spopt)

py311-spreg @1.8.5 (python, gis)
PySAL Spatial Econometrics Package (spreg)

py311-spvcm @0.3.0 (python, gis)
Multilevel spatially-correlated variance components models (spvcm)

py311-tobler @0.13.0 (python, gis)
Spatial interpolation, Dasymetric Mapping, & Change of Support (tobler)

py312-access @1.1.10.post3 (python, gis)
Spatial Access for PySAL (access)

py312-esda @2.8.1 (python, gis)
Exploratory Spatial Data Analysis in PySAL (esda)

py312-gdal @3.12.1 (python, gis)
GDAL: Geospatial Data Abstraction Library

py312-geoplot @0.5.1 (python, gis)
geoplot is a high-level Python geospatial plotting library

py312-giddy @2.3.6 (python, gis)
GeospatIal Distribution DYnamics (giddy)

py312-inequality @1.1.2 (python, gis)
Spatial Inequality Analysis (inequality)

py312-pyogrio @0.12.1 (python, science, gis)
Bulk-oriented spatial vector file I/O using GDAL/OGR

py312-pysal @25.1 (python, gis)
Python Spatial Analysis Library (PySAL)

py312-rasterio @1.4.3_3 (python, gis)
Rasterio reads and writes geospatial raster data.

py312-rasterstats @0.20.0 (python, gis)
rasterstats is a Python module for summarizing geospatial raster datasets

py312-rtree @1.4.1 (python, devel)
R-Tree spatial index for Python GIS

py312-shapely @2.1.2 (python, devel)
Shapely is a Python package for manipulation and analysis of 2D geospatial geometries

py312-spaghetti @1.7.6 (python, gis)
Spatial graphs: networks, topology and inference (spaghetti)

py312-spint @1.0.7 (python, gis)
Spatial Interaction Modeling Package (spint)

py312-splot @1.1.7 (python, gis)
Lightweight plotting for geospatial analysis in PySAL (splot)

py312-spopt @0.7.0 (python, gis)
Spatial Optimization (spopt)

py312-spreg @1.8.5 (python, gis)
PySAL Spatial Econometrics Package (spreg)

py312-spvcm @0.3.0 (python, gis)
Multilevel spatially-correlated variance components models (spvcm)

py312-tobler @0.13.0 (python, gis)
Spatial interpolation, Dasymetric Mapping, & Change of Support (tobler)

py313-access @1.1.10.post3 (python, gis)
Spatial Access for PySAL (access)

py313-esda @2.8.1 (python, gis)
Exploratory Spatial Data Analysis in PySAL (esda)

py313-gdal @3.12.1 (python, gis)
GDAL: Geospatial Data Abstraction Library

py313-giddy @2.3.6 (python, gis)
GeospatIal Distribution DYnamics (giddy)

py313-inequality @1.1.2 (python, gis)
Spatial Inequality Analysis (inequality)

py313-pyogrio @0.12.1 (python, science, gis)
Bulk-oriented spatial vector file I/O using GDAL/OGR

py313-pysal @25.1 (python, gis)
Python Spatial Analysis Library (PySAL)

py313-rasterio @1.4.3_3 (python, gis)
Rasterio reads and writes geospatial raster data.

py313-rasterstats @0.20.0 (python, gis)
rasterstats is a Python module for summarizing geospatial raster datasets

py313-rtree @1.4.1 (python, devel)
R-Tree spatial index for Python GIS

py313-shapely @2.1.2 (python, devel)
Shapely is a Python package for manipulation and analysis of 2D geospatial geometries

py313-spaghetti @1.7.6 (python, gis)
Spatial graphs: networks, topology and inference (spaghetti)

py313-spint @1.0.7 (python, gis)
Spatial Interaction Modeling Package (spint)

py313-splot @1.1.7 (python, gis)
Lightweight plotting for geospatial analysis in PySAL (splot)

py313-spopt @0.7.0 (python, gis)
Spatial Optimization (spopt)

py313-spreg @1.8.5 (python, gis)
PySAL Spatial Econometrics Package (spreg)

py313-spvcm @0.3.0 (python, gis)
Multilevel spatially-correlated variance components models (spvcm)

py313-tobler @0.13.0 (python, gis)
Spatial interpolation, Dasymetric Mapping, & Change of Support (tobler)

py314-access @1.1.10.post3 (python, gis)
Spatial Access for PySAL (access)

py314-esda @2.8.1 (python, gis)
Exploratory Spatial Data Analysis in PySAL (esda)

py314-gdal @3.12.1 (python, gis)
GDAL: Geospatial Data Abstraction Library

py314-pyogrio @0.12.1 (python, science, gis)
Bulk-oriented spatial vector file I/O using GDAL/OGR

py314-rasterio @1.4.3_3 (python, gis)
Rasterio reads and writes geospatial raster data.

py314-rasterstats @0.20.0 (python, gis)
rasterstats is a Python module for summarizing geospatial raster datasets

py314-rtree @1.4.1 (python, devel)
R-Tree spatial index for Python GIS

py314-shapely @2.1.2 (python, devel)
Shapely is a Python package for manipulation and analysis of 2D geospatial geometries

py314-spreg @1.8.5 (python, gis)
PySAL Spatial Econometrics Package (spreg)

py314-tobler @0.13.0 (python, gis)
Spatial interpolation, Dasymetric Mapping, & Change of Support (tobler)

R-BSSoverSpace @0.1.0_1 (R, science, math)
Blind source separation for multivariate spatial data using eigen analysis

R-CircSpaceTime @0.9.0_1 (R, science, math)
Spatial and spatio-temporal Bayesian model for circular data

R-comat @0.9.5_1 (R, science, math)
Create co-occurrence matrices of spatial data

R-dbscan @1.2-0 (R, science)
Density-Based Spatial Clustering of Applications with Noise

R-fields @16.3 (R, science)
Tools for spatial data

R-FracKrigingR @1.0.0_1 (R, science)
Spatial multivariate data modelling

R-fsr @2.0.1_1 (R, science, math)
Handling of fuzzy spatial data

R-gamlss.spatial @3.0-2_1 (R, science, math)
Spatial terms in generalized additive models for location scale and shape models

R-gdalraster @1.11.1_3 (R, science, gis)
Bindings to the Geospatial Data Abstraction Library Raster API

R-geobr @1.9.1 (R, science)
Download official spatial data-sets of Brazil

R-geostan @0.8.1 (R, science, math)
Bayesian spatial analysis

R-ggmap @4.0.0_1 (R, science, gis, graphics)
Spatial visualization with R-ggplot2

R-gstat @2.1-2 (R, science, math)
Spatial and spatio-temporal geostatistical modelling, prediction and simulation

R-hosm @0.1.0_1 (R, science)
High Order Spatial Matrix

R-kzs @1.4_1 (R, science, math)
Kolmogorov–Zurbenko spatial smoothing and applications

R-lctools @0.2-10_1 (R, science, math)
Local correlation, spatial inequalities, geographically-weighted regression and other tools

R-maptools @1.1-8_1 (R, science, gis)
Tools for handling spatial objects

R-nimbleSCR @0.2.1 (R, science, math)
Spatial Capture-Recapture (SCR) methods

R-psgp @0.3-21_1 (R, science, math)
Projected spatial Gaussian process methods

R-RcppCensSpatial @0.3.0_1 (R, science, math)
Spatial estimation and prediction for censored/missing responses

R-rgdal @1.6-7_10 (R, science, gis)
Bindings for the Geospatial Data Abstraction Library

R-rgeoda @0.0.10-4_1 (R, science, math)
R library for spatial data analysis

R-Rlibkdv @1.1_1 (R, science, gis)
Versatile kernel density visualization library for geospatial analytics

R-sdmTMB @0.6.0 (R, science, math)
Spatial and spatio-temporal SPDE-based GLMMs

R-SearchTrees @0.5.5_1 (R, science)
Spatial Search Trees

R-seg @0.5-7_1 (R, science, math)
Measure spatial segregation

R-sfnetworks @0.6.4_1 (R, science, gis)
Tidy geospatial networks

R-sp @2.1-4 (R, science, gis)
Classes and methods for spatial data

R-spaMM @4.5.0 (R, science, math)
Mixed-effect models, with or without spatial random effects

R-spatial @7.3-17_1 (R, science)
Functions for Kriging and point pattern analysis

R-SpatialBSS @0.14-0_1 (R, science, math)
Blind source separation for multivariate spatial data

R-spatialCovariance @0.6-9_1 (R, science, math)
Computation of spatial covariance matrices for data on rectangles

R-SpatialGraph @1.0-4_1 (R, science, math)
SpatialGraph class

R-SpatialNP @1.1-5_1 (R, science, math)
Multivariate non-parametric methods based on spatial signs and ranks

R-spatialprobit @1.0.4_1 (R, science, economics)
Bayesian estimation of spatial Probit and Tobit models

R-spatialreg @1.3-5 (R, science, math)
Spatial regression analysis

R-spatstat @3.3-0 (R, science, math)
Spatial point pattern analysis, model fitting, simulation, tests

R-spBayes @0.4-8 (R, science, math)
Univariate and multivariate spatial-temporal modelling

R-spBFA @1.3_1 (R, science, math)
Spatial Bayesian Factor Analysis

R-spData @2.3.3 (R, science)
Datasets for spatial analysis

R-spDataLarge @2.1.1_1 (R, science)
Large datasets for spatial analysis

R-spdep @1.3-7 (R, science, math, gis)
Spatial Dependence: weighting schemes, statistics

R-sphet @2.0_1 (R, science, math)
Estimation of spatial autoregressive models with and without heteroskedastic innovations

R-splancs @2.01-45 (R, science, math)
Spatial and space-time point pattern analysis

R-splm @1.6-5_1 (R, science, economics)
Econometric models for spatial panel data

R-spMC @0.3.15_1 (R, science, math)
Continuous-lag spatial Markov chains

R-spmodel @0.9.0 (R, science, math)
Spatial statistical modelling and prediction

R-spNNGP @1.0.1 (R, science, math)
Spatial regression models for large datasets using nearest neighbor Gaussian processes

R-SSN @1.1.17_1 (R, science, math)
Spatial modelling on stream networks

R-SSN2 @0.2.1 (R, science)
Spatial modelling on stream networks

R-telefit @1.0.3_1 (R, science)
Estimation and prediction for remote effects spatial process models

R-terra @1.8-5_2 (R, science, gis)
Spatial data analysis

R-vapour @0.10.0_3 (R, science, gis)
Access to the Geospatial Data Abstraction Library (GDAL)

R-varycoef @0.3.4_1 (R, science, math)
Model spatially varying coefficients

R-wkb @0.4-0_1 (R, science, math)
Convert between spatial objects and well-known binary geometry

s2geometry @0.11.1_6 (math, science)
Computational geometry and spatial indexing on the sphere

spatialindex @2.1.0 (devel, science)
spatialindex provides a general framework for developing spatial indices.

spatialite @5.1.0_1 (databases, gis)
Spatial extensions for SQLite 3

spatialite-tools @5.1.0_1 (databases, gis)
Variety of CLI tools for SpatiaLite DB

verde @1.8.1 (science, python)
Verde is a Python library for processing spatial data

whitebox-tools @2.2.0_1 (gis)
an advanced geospatial data analysis platform

Found 179 ports.
