darkstat @3.0.721 (net)
network traffic analyzer

dnscap @2.5.0 (net)
DNS network traffic capture utility

dnstop @20240709 (net)
dnstop is a libpcap application that displays tables of DNS traffic

fprobe @1.1 (net)
collects network traffic data

fragroute @1.2_5 (net, security)
intercept, modify, and rewrite egress traffic

mrtg @2.17.4 (net)
The multi-router traffic grapher

nload @0.7.4_1 (net)
A console application which monitors network traffic and bandwidth usage in real time

ntop @5.0.1_7 (net)
network traffic probe

openfpc @0.1a_4 (security)
lightweight full-packet network traffic recorder & buffering tool

ostinato @0.9_7 (net, devel)
Ostinato is an open-source, cross-platform network packet crafter/traffic generator and analyzer with a friendly GUI.

proxify @0.0.16 (net, www)
Swiss Army knife Proxy tool for HTTP/HTTPS traffic capture, manipulation, and replay on the go.

py-pytest-recording @0.13.4 (python)
A pytest plugin powered by VCR.py to record and replay HTTP traffic

py310-pytest-recording @0.13.4 (python)
A pytest plugin powered by VCR.py to record and replay HTTP traffic

py311-pytest-recording @0.13.4 (python)
A pytest plugin powered by VCR.py to record and replay HTTP traffic

py312-pytest-recording @0.13.4 (python)
A pytest plugin powered by VCR.py to record and replay HTTP traffic

py313-pytest-recording @0.13.4 (python)
A pytest plugin powered by VCR.py to record and replay HTTP traffic

tcpcrypt-devel @0.5_2 (security, www)
encrypt (almost) all of your network traffic

tcpdstat @1.0 (net, security)
network traffic pattern analysis tool

tcpdump @4.99.6 (net)
dump traffic on a network

tcpxtract @1.0.1_1 (net, security)
tool for extracting files from network traffic based on file signatures

trafshow @5.2.3_3 (net)
continuous network traffic display

vnstat @2.13 (net)
console-based network traffic monitor

wstunnel @10.5.1 (net)
Tunnel all your traffic over Websocket or HTTP2 - Bypass firewalls/DPI

Found 23 ports.
