certbot-dns-route53 @5.3.0 (security)
The certbot route53 plugin for dns-01 challenges

cl-easy-routes @20240410 (lisp, devel)
Yet another routes handling utility on top of Hunchentoot

cl-routes @20170119 (lisp, www, devel)
Common Lisp implementation of the routes system for mapping URL's

dynamips @0.2.23 (net)
Cisco router emulator

fragroute @1.2_5 (net, security)
intercept, modify, and rewrite egress traffic

gpsbabel @1.7.0_1 (textproc, comms)
GPSBabel converts/uploads GPS waypoints, tracks, and routes

gpsbabel-app @1.7.0_1 (textproc, comms)
GPSBabel converts/uploads GPS waypoints, tracks, and routes

iproute2mac @1.6.0 (net, python)
CLI wrapper for basic network utilites on Mac OS X inspired with iproute2 on Linux systems - ip command.

knot-resolver @6.2.0 (net)
The Knot Resolver is a caching DNS resolver scalable from huge resolver farms down to home network routers.

lft @3.93 (net, security)
Layer Four Traceroute - advanced traceroute tool

metaproxy @1.22.1 (net, databases, devel)
Z39.50 proxy and router utilizing Yaz toolkit.

mrtg @2.17.4 (net)
The multi-router traffic grapher

mtr @0.96 (net)
traceroute and ping in a single tool

p5-gearman-server @1.130.1 (perl, net)
Function call router and load balancer

p5.28-gearman-server @1.130.1 (perl, net)
Function call router and load balancer

p5.30-gearman-server @1.130.1 (perl, net)
Function call router and load balancer

p5.32-gearman-server @1.130.1 (perl, net)
Function call router and load balancer

p5.34-gearman-server @1.130.1 (perl, net)
Function call router and load balancer

py-netdevicelib @0.1_1 (python, net)
python module for interacting with network devices like routers

py-routes @2.5.1 (python, www, devel)
A Routing package for Python that matches URLs to dicts and vice versa.

py27-netdevicelib @0.1_1 (python, net)
python module for interacting with network devices like routers

py39-routes @2.5.1 (python, www, devel)
A Routing package for Python that matches URLs to dicts and vice versa.

R-gdistance @1.6.4_1 (R, science, gis)
Distances and routes on geographical grids

radvd @1.8.5 (net)
router advertisement daemon

rb19-rack-mount @0.6.13 (ruby, www, devel)
Stackable dynamic tree based Rack router

routino @3.3.2 (gis)
Route planner for OpenStreetMap data

tcptraceroute @1.5beta7_1 (net)
a traceroute implementation using TCP packets

traceroute @1.4a12 (net)
a traceroute implementation using ICMP packets

wirouterkeyrec @1.1.2 (net)
Recover the default WPA passphrases of the supported router models

Found 29 ports.
