certigo @1.17.1 (sysutils)
A utility to examine and validate certificates in a variety of formats.

cgminer @4.10.0 (finance)
ASIC/FPGA miner in c for bitcoin

cl-in-nomine @20231126 (lisp, devel)
Utilities for extensible namespaces in Common Lisp.

cpuminer @2.5.1 (finance)
Multi-threaded CPU miner for Litecoin and Bitcoin

ferium @4.7.1 (games)
CLI program for downloading and updating Minecraft mods and modpacks.

file @5.46 (sysutils)
File - determine file type

flawfinder @2.0.19_2 (devel)
Examines C/C++ source code for security flaw

gdash @20210813unstable (games)
Emerald Mine-like game for GTK+ and SDL

git-when-merged @1.2.1_1 (devel)
Determine when a particular commit was merged into a git branch

GMines @0.1 (gnustep)
The well-known minesweeper game.

gnome-online-miners @3.24.0_2 (gnome)
Index your online content in Tracker.

irrlichtmt @1.9.0mt10 (devel)
a fork of Irrlicht by the Minetest developers

kmines @4.14.3_3 (kde, kde4, games)
KMines is the classic Minesweeper game.

latexdiff @1.3.4 (tex)
determine and mark up significant differences between latex files

libatomicbitvector @2020.05.19 (devel)
Atomic bitset/bitvector with size determined at runtime.

libmagic @5.46 (sysutils)
File - determine file type

minesweeper-go @0.3.1 (games)
A simple terminal-based implementation of Minesweeper

minetest @5.7.0_2 (games)
Obsolete port, replaced by luanti

MultiMC5 @0.6.12_1 (games)
A custom launcher for Minecraft

p5-date-holidays-de @2.70.0 (perl)
Date::Holidays::DE - Determine German holidays

p5-encode-locale @1.50.0 (perl)
Encode::Locale - Determine the locale encoding

p5-file-mimeinfo @0.360.0 (perl)
File::MimeInfo - Determine file type from the file name

p5-html-encoding @0.610.0_2 (perl)
Determine the encoding of HTML/XML/XHTML documents

p5-lwp-useragent-determined @1.70.0 (perl)
a virtual browser that retries errors

p5-module-manifest @1.90.0_1 (perl)
Parse and examine a Perl distribution MANIFEST file.

p5-path-isdev @1.1.3 (perl)
Determine if a given Path resembles a development source tree

p5-pdf-api2 @2.48.0 (perl)
PDF::API2 - Create, modify, and examine PDF files

p5-time-period @1.250.0 (perl)
Determine if a time is within the next specified period.

p5.28-date-holidays-de @2.70.0 (perl)
Date::Holidays::DE - Determine German holidays

p5.28-encode-locale @1.50.0 (perl)
Encode::Locale - Determine the locale encoding

p5.28-file-mimeinfo @0.360.0 (perl)
File::MimeInfo - Determine file type from the file name

p5.28-html-encoding @0.610.0_2 (perl)
Determine the encoding of HTML/XML/XHTML documents

p5.28-lwp-useragent-determined @1.70.0 (perl)
a virtual browser that retries errors

p5.28-module-manifest @1.90.0_1 (perl)
Parse and examine a Perl distribution MANIFEST file.

p5.28-path-isdev @1.1.3 (perl)
Determine if a given Path resembles a development source tree

p5.28-pdf-api2 @2.48.0 (perl)
PDF::API2 - Create, modify, and examine PDF files

p5.28-time-period @1.250.0 (perl)
Determine if a time is within the next specified period.

p5.30-date-holidays-de @2.70.0 (perl)
Date::Holidays::DE - Determine German holidays

p5.30-encode-locale @1.50.0 (perl)
Encode::Locale - Determine the locale encoding

p5.30-file-mimeinfo @0.360.0 (perl)
File::MimeInfo - Determine file type from the file name

p5.30-html-encoding @0.610.0_2 (perl)
Determine the encoding of HTML/XML/XHTML documents

p5.30-lwp-useragent-determined @1.70.0 (perl)
a virtual browser that retries errors

p5.30-module-manifest @1.90.0_1 (perl)
Parse and examine a Perl distribution MANIFEST file.

p5.30-path-isdev @1.1.3 (perl)
Determine if a given Path resembles a development source tree

p5.30-pdf-api2 @2.48.0 (perl)
PDF::API2 - Create, modify, and examine PDF files

p5.30-time-period @1.250.0 (perl)
Determine if a time is within the next specified period.

p5.32-date-holidays-de @2.70.0 (perl)
Date::Holidays::DE - Determine German holidays

p5.32-encode-locale @1.50.0 (perl)
Encode::Locale - Determine the locale encoding

p5.32-file-mimeinfo @0.360.0 (perl)
File::MimeInfo - Determine file type from the file name

p5.32-html-encoding @0.610.0_2 (perl)
Determine the encoding of HTML/XML/XHTML documents

p5.32-lwp-useragent-determined @1.70.0 (perl)
a virtual browser that retries errors

p5.32-module-manifest @1.90.0_1 (perl)
Parse and examine a Perl distribution MANIFEST file.

p5.32-path-isdev @1.1.3 (perl)
Determine if a given Path resembles a development source tree

p5.32-pdf-api2 @2.48.0 (perl)
PDF::API2 - Create, modify, and examine PDF files

p5.32-time-period @1.250.0 (perl)
Determine if a time is within the next specified period.

p5.34-date-holidays-de @2.70.0 (perl)
Date::Holidays::DE - Determine German holidays

p5.34-encode-locale @1.50.0 (perl)
Encode::Locale - Determine the locale encoding

p5.34-file-mimeinfo @0.360.0 (perl)
File::MimeInfo - Determine file type from the file name

p5.34-html-encoding @0.610.0_2 (perl)
Determine the encoding of HTML/XML/XHTML documents

p5.34-lwp-useragent-determined @1.70.0 (perl)
a virtual browser that retries errors

p5.34-module-manifest @1.90.0_1 (perl)
Parse and examine a Perl distribution MANIFEST file.

p5.34-path-isdev @1.1.3 (perl)
Determine if a given Path resembles a development source tree

p5.34-pdf-api2 @2.48.0 (perl)
PDF::API2 - Create, modify, and examine PDF files

p5.34-time-period @1.250.0 (perl)
Determine if a time is within the next specified period.

packwiz @20251124 (games)
Command line tool for creating Minecraft modpacks

php-meminfo @1.1.1 (php)
extension to examine PHP memory contents

php54-meminfo @1.0.5 (php)
extension to examine PHP memory contents

php55-meminfo @1.0.5 (php)
extension to examine PHP memory contents

php56-meminfo @1.1.1 (php)
extension to examine PHP memory contents

php70-meminfo @1.1.1 (php)
extension to examine PHP memory contents

php71-meminfo @1.1.1 (php)
extension to examine PHP memory contents

php72-meminfo @1.1.1 (php)
extension to examine PHP memory contents

php73-meminfo @1.1.1 (php)
extension to examine PHP memory contents

php74-meminfo @1.1.1 (php)
extension to examine PHP memory contents

php80-meminfo @1.1.1 (php)
extension to examine PHP memory contents

php81-meminfo @1.1.1 (php)
extension to examine PHP memory contents

php82-meminfo @1.1.1 (php)
extension to examine PHP memory contents

php83-meminfo @1.1.1 (php)
extension to examine PHP memory contents

PolyMC @1.4.3 (games)
A custom launcher for Minecraft

PrismLauncher @10.0.2 (games)
A custom launcher for Minecraft

py-dopamine-rl @3.1.10 (python, devel)
A framework for flexible Reinforcement Learning research

py-minecraft-overviewer @0.12.280_2018-11-18 (python)
Render high-resolution maps of a Minecraft world with a Google Maps powered interface

py-pdfminer @20240706 (python)
Python pdf extraction package

py-redmine @2.5.0 (python)
A library for communicating with a Redmine project management application

py-term-background @1.0.5 (python, devel)
Determine if shell has a light or dark background

py27-minecraft-overviewer @0.12.280_2018-11-18 (python)
Render high-resolution maps of a Minecraft world with a Google Maps powered interface

py39-dopamine-rl @3.1.10 (python, devel)
A framework for flexible Reinforcement Learning research

py310-pdfminer @20240706 (python)
Python pdf extraction package

py310-term-background @1.0.5 (python, devel)
Determine if shell has a light or dark background

py311-pdfminer @20240706 (python)
Python pdf extraction package

py311-term-background @1.0.5 (python, devel)
Determine if shell has a light or dark background

py312-pdfminer @20240706 (python)
Python pdf extraction package

py312-term-background @1.0.5 (python, devel)
Determine if shell has a light or dark background

py313-pdfminer @20240706 (python)
Python pdf extraction package

py313-redmine @2.5.0 (python)
A library for communicating with a Redmine project management application

py313-term-background @1.0.5 (python, devel)
Determine if shell has a light or dark background

py314-term-background @1.0.5 (python, devel)
Determine if shell has a light or dark background

R-BayesESS @0.1.19_2 (R, science, math)
Determines effective sample size of a parametric prior distribution in Bayesian models

R-ChemmineDrugs @1.0.2_1 (R, science, bioconductor)
DrugBank data set

R-ChemmineOB @1.42.0 (R, science, bioconductor)
R interface to a subset of OpenBabel functionalities

R-ChemmineR @3.56.0 (R, science, bioconductor)
Cheminformatics toolkit for R

R-FactoMineR @2.11_1 (R, science)
Multivariate exploratory data analysis and data mining

R-Factoshiny @2.6_1 (R, science)
Perform factorial analysis from R-FactoMineR with an R-shiny application

R-minerva @1.5.10_2 (R, science, math)
Maximal information-based non-parametric exploration for variable analysis

R-rappdirs @0.3.3_2 (R, science, devel)
Application directories: determine where to save data, caches and logs.

R-RcmdrPlugin.FactoMineR @1.8_1 (R, science)
R Commander plug-in for R-FactoMineR

R-survminer @0.4.9_1 (R, science)
Draw survival curves using R-ggplot2

R-textmineR @3.0.5_1 (R, science, textproc)
Functions for text mining and topic modelling

R-this.path @2.5.0 (R, science, sysutils)
Determine the path of the executing script

R-TraMineR @2.2-10 (R, science, math)
Trajectory miner – a toolbox for exploring and rendering sequences

R-TraMineRextras @0.6.8 (R, science, math)
TraMineR extension

rocksndiamonds @3.3.0.1_1 (games)
Arcade style game Boulderdash or Emerald Mine clone

Found 112 ports.
