SimpleIcons--simpleiconsone SimpleIcons "simpleiconsone ReEncodeFont" <[simpleiconsone.enc <SimpleIcons.pfb
SimpleIcons--simpleiconstwo SimpleIcons "simpleiconstwo ReEncodeFont" <[simpleiconstwo.enc <SimpleIcons.pfb
SimpleIcons--simpleiconsthree SimpleIcons "simpleiconsthree ReEncodeFont" <[simpleiconsthree.enc <SimpleIcons.pfb
SimpleIcons--simpleiconsfour SimpleIcons "simpleiconsfour ReEncodeFont" <[simpleiconsfour.enc <SimpleIcons.pfb
SimpleIcons--simpleiconsfive SimpleIcons "simpleiconsfive ReEncodeFont" <[simpleiconsfive.enc <SimpleIcons.pfb
SimpleIcons--simpleiconssix SimpleIcons "simpleiconssix ReEncodeFont" <[simpleiconssix.enc <SimpleIcons.pfb
SimpleIcons--simpleiconsseven SimpleIcons "simpleiconsseven ReEncodeFont" <[simpleiconsseven.enc <SimpleIcons.pfb
SimpleIcons--simpleiconseight SimpleIcons "simpleiconseight ReEncodeFont" <[simpleiconseight.enc <SimpleIcons.pfb
SimpleIcons--simpleiconsnine SimpleIcons "simpleiconsnine ReEncodeFont" <[simpleiconsnine.enc <SimpleIcons.pfb
SimpleIcons--simpleiconsonezero SimpleIcons "simpleiconsonezero ReEncodeFont" <[simpleiconsonezero.enc <SimpleIcons.pfb
SimpleIcons--simpleiconsoneone SimpleIcons "simpleiconsoneone ReEncodeFont" <[simpleiconsoneone.enc <SimpleIcons.pfb
SimpleIcons--simpleiconsonetwo SimpleIcons "simpleiconsonetwo ReEncodeFont" <[simpleiconsonetwo.enc <SimpleIcons.pfb
SimpleIcons--simpleiconsonethree SimpleIcons "simpleiconsonethree ReEncodeFont" <[simpleiconsonethree.enc <SimpleIcons.pfb
