2025-11-26 12:47:33.637 ShipIt[748:10491] Detected this as an install request
2025-11-26 12:47:33.865 ShipIt[748:10520] Beginning installation
2025-11-26 12:47:44.380 ShipIt[748:10521] Aborting update attempt because there are 1 running instances of the target app
2025-11-26 12:47:44.380 ShipIt[748:10520] Installation cancelled: Error Domain=SQRLInstallerErrorDomain Code=-9 "App Still Running Error" UserInfo={NSLocalizedDescription=App Still Running Error, NSLocalizedRecoverySuggestion=All instances of the target application should be quit during the update process}
2025-11-26 12:47:44.381 ShipIt[748:10520] ShipIt quitting
2025-11-26 12:47:54.508 ShipIt[765:10784] Detected this as an install request
2025-11-26 12:47:54.544 ShipIt[765:10784] Beginning installation
2025-11-26 12:48:02.463 ShipIt[765:10808] Aborting update attempt because there are 1 running instances of the target app
2025-11-26 12:48:02.465 ShipIt[765:10831] Installation cancelled: Error Domain=SQRLInstallerErrorDomain Code=-9 "App Still Running Error" UserInfo={NSLocalizedDescription=App Still Running Error, NSLocalizedRecoverySuggestion=All instances of the target application should be quit during the update process}
2025-11-26 12:48:02.467 ShipIt[765:10831] ShipIt quitting
2025-11-26 12:48:20.534 ShipIt[781:11152] Detected this as an install request
2025-11-26 12:48:20.563 ShipIt[781:11172] Beginning installation
2025-11-26 12:48:30.075 ShipIt[781:11171] Moving bundle from file:///Applications/Discord.app/ to file:///var/folders/wp/f6srgbb54x16r_d6bddv90mr0000gn/T/com.hnc.Discord.ShipIt.n3Hsodv8/Discord.app
2025-11-26 12:48:30.076 ShipIt[781:11171] Moving bundles directly as SquirrelMacEnableDirectContentsWrite is disabled for app: com.hnc.Discord.ShipIt
2025-11-26 12:48:30.076 ShipIt[781:11171] Moved bundle contents from file:///Applications/Discord.app/ to file:///var/folders/wp/f6srgbb54x16r_d6bddv90mr0000gn/T/com.hnc.Discord.ShipIt.n3Hsodv8/Discord.app
2025-11-26 12:48:30.076 ShipIt[781:11171] Moving bundle from file:///var/folders/wp/f6srgbb54x16r_d6bddv90mr0000gn/T/com.hnc.Discord.ShipIt.vYdeeZY8/Discord.app to file:///Applications/Discord.app/
2025-11-26 12:48:30.077 ShipIt[781:11171] Moving bundles directly as SquirrelMacEnableDirectContentsWrite is disabled for app: com.hnc.Discord.ShipIt
2025-11-26 12:48:30.077 ShipIt[781:11171] Moved bundle contents from file:///var/folders/wp/f6srgbb54x16r_d6bddv90mr0000gn/T/com.hnc.Discord.ShipIt.vYdeeZY8/Discord.app to file:///Applications/Discord.app/
2025-11-26 12:48:30.150 ShipIt[781:11171] Couldn't remove owned bundle at location file:///var/folders/wp/f6srgbb54x16r_d6bddv90mr0000gn/T/com.hnc.Discord.ShipIt.vYdeeZY8/Discord.app, error NSError { domain: NSCocoaErrorDomain, code: 4, description: "“Discord.app” couldn’t be removed.", failureReason: "The file doesn’t exist.", underlying error: NSError { domain: NSPOSIXErrorDomain, code: 2, description: "The operation couldn’t be completed. No such file or directory" }, userInfo: {
    NSFilePath = "/var/folders/wp/f6srgbb54x16r_d6bddv90mr0000gn/T/com.hnc.Discord.ShipIt.vYdeeZY8/Discord.app";
    NSUserStringVariant =     (
        Remove
    );
} }
2025-11-26 12:48:30.216 ShipIt[781:11172] On main thread and launching: file:///Applications/Discord.app/
2025-11-26 12:48:30.216 ShipIt[781:11172] Bundle URL is valid
2025-11-26 12:48:30.216 ShipIt[781:11172] Attempting to launch app on 11.0 or higher
2025-11-26 12:48:30.216 ShipIt[781:11172] Launching new ShipIt at /Applications/Discord.app/Contents/Frameworks/Squirrel.framework/Resources/ShipIt with instructions to launch file:///Applications/Discord.app/
2025-11-26 12:48:30.218 ShipIt[781:11171] Installation completed successfully
2025-11-26 12:48:30.226 ShipIt[781:11172] New ShipIt pid: 785
2025-11-26 12:48:42.386 ShipIt[785:11367] Detected this as a launch request
2025-11-26 12:48:42.511 ShipIt[785:11367] Successfully launched application at file:///Applications/Discord.app/
2025-11-26 12:48:42.511 ShipIt[785:11367] ShipIt quitting
2025-11-26 12:48:42.513 ShipIt[781:11172] ShipIt status 0
2025-11-26 12:48:42.513 ShipIt[781:11172] New ShipIt exited
2025-11-26 12:48:42.513 ShipIt[781:11172] ShipIt quitting
2025-12-08 13:30:01.534 ShipIt[42448:278530] Detected this as an install request
2025-12-08 13:30:02.686 ShipIt[42448:278573] Beginning installation
2025-12-08 13:31:04.609 ShipIt[42448:278574] Aborting update attempt because there are 1 running instances of the target app
2025-12-08 13:31:04.614 ShipIt[42448:278654] Installation cancelled: Error Domain=SQRLInstallerErrorDomain Code=-9 "App Still Running Error" UserInfo={NSLocalizedDescription=App Still Running Error, NSLocalizedRecoverySuggestion=All instances of the target application should be quit during the update process}
2025-12-08 13:31:04.616 ShipIt[42448:278654] ShipIt quitting
2025-12-08 13:31:05.830 ShipIt[42468:279075] Detected this as an install request
2025-12-08 13:31:05.878 ShipIt[42468:279075] Beginning installation
2025-12-08 13:31:23.795 ShipIt[42468:279106] Moving bundle from file:///Applications/Discord.app/ to file:///var/folders/wp/f6srgbb54x16r_d6bddv90mr0000gn/T/com.hnc.Discord.ShipIt.T40vQQog/Discord.app
2025-12-08 13:31:23.800 ShipIt[42468:279106] Moving bundles directly as SquirrelMacEnableDirectContentsWrite is disabled for app: com.hnc.Discord.ShipIt
2025-12-08 13:31:23.801 ShipIt[42468:279106] Moved bundle contents from file:///Applications/Discord.app/ to file:///var/folders/wp/f6srgbb54x16r_d6bddv90mr0000gn/T/com.hnc.Discord.ShipIt.T40vQQog/Discord.app
2025-12-08 13:31:23.801 ShipIt[42468:279106] Moving bundle from file:///var/folders/wp/f6srgbb54x16r_d6bddv90mr0000gn/T/com.hnc.Discord.ShipIt.Kv4Hzh4e/Discord.app to file:///Applications/Discord.app/
2025-12-08 13:31:23.802 ShipIt[42468:279106] Moving bundles directly as SquirrelMacEnableDirectContentsWrite is disabled for app: com.hnc.Discord.ShipIt
2025-12-08 13:31:23.803 ShipIt[42468:279106] Moved bundle contents from file:///var/folders/wp/f6srgbb54x16r_d6bddv90mr0000gn/T/com.hnc.Discord.ShipIt.Kv4Hzh4e/Discord.app to file:///Applications/Discord.app/
2025-12-08 13:31:24.033 ShipIt[42468:279106] Couldn't remove owned bundle at location file:///var/folders/wp/f6srgbb54x16r_d6bddv90mr0000gn/T/com.hnc.Discord.ShipIt.Kv4Hzh4e/Discord.app, error NSError { domain: NSCocoaErrorDomain, code: 4, description: "“Discord.app” couldn’t be removed.", failureReason: "The file doesn’t exist.", underlying error: NSError { domain: NSPOSIXErrorDomain, code: 2, description: "The operation couldn’t be completed. No such file or directory" }, userInfo: {
    NSFilePath = "/var/folders/wp/f6srgbb54x16r_d6bddv90mr0000gn/T/com.hnc.Discord.ShipIt.Kv4Hzh4e/Discord.app";
    NSUserStringVariant =     (
        Remove
    );
} }
2025-12-08 13:31:24.162 ShipIt[42468:279248] On main thread and launching: file:///Applications/Discord.app/
2025-12-08 13:31:24.162 ShipIt[42468:279248] Bundle URL is valid
2025-12-08 13:31:24.162 ShipIt[42468:279248] Attempting to launch app on 11.0 or higher
2025-12-08 13:31:24.162 ShipIt[42468:279248] Launching new ShipIt at /Applications/Discord.app/Contents/Frameworks/Squirrel.framework/Resources/ShipIt with instructions to launch file:///Applications/Discord.app/
2025-12-08 13:31:24.173 ShipIt[42468:279106] Installation completed successfully
2025-12-08 13:31:24.184 ShipIt[42468:279248] New ShipIt pid: 42480
2025-12-08 13:31:39.167 ShipIt[42480:279259] Detected this as a launch request
2025-12-08 13:31:39.687 ShipIt[42480:279259] Successfully launched application at file:///Applications/Discord.app/
2025-12-08 13:31:39.689 ShipIt[42480:279259] ShipIt quitting
2025-12-08 13:31:39.693 ShipIt[42468:279248] ShipIt status 0
2025-12-08 13:31:39.693 ShipIt[42468:279248] New ShipIt exited
2025-12-08 13:31:39.693 ShipIt[42468:279248] ShipIt quitting
2025-12-08 13:32:21.323 ShipIt[42495:279764] Detected this as an install request
2025-12-08 13:32:21.474 ShipIt[42495:279764] Beginning installation
2025-12-08 13:32:39.748 ShipIt[42495:279805] Moving bundle from file:///Applications/Discord.app/ to file:///var/folders/wp/f6srgbb54x16r_d6bddv90mr0000gn/T/com.hnc.Discord.ShipIt.2l9DvrdY/Discord.app
2025-12-08 13:32:39.752 ShipIt[42495:279805] Moving bundles directly as SquirrelMacEnableDirectContentsWrite is disabled for app: com.hnc.Discord.ShipIt
2025-12-08 13:32:39.754 ShipIt[42495:279805] Moved bundle contents from file:///Applications/Discord.app/ to file:///var/folders/wp/f6srgbb54x16r_d6bddv90mr0000gn/T/com.hnc.Discord.ShipIt.2l9DvrdY/Discord.app
2025-12-08 13:32:39.755 ShipIt[42495:279805] Moving bundle from file:///var/folders/wp/f6srgbb54x16r_d6bddv90mr0000gn/T/com.hnc.Discord.ShipIt.Tny0mJ9o/Discord.app to file:///Applications/Discord.app/
2025-12-08 13:32:39.755 ShipIt[42495:279805] Moving bundles directly as SquirrelMacEnableDirectContentsWrite is disabled for app: com.hnc.Discord.ShipIt
2025-12-08 13:32:39.756 ShipIt[42495:279805] Moved bundle contents from file:///var/folders/wp/f6srgbb54x16r_d6bddv90mr0000gn/T/com.hnc.Discord.ShipIt.Tny0mJ9o/Discord.app to file:///Applications/Discord.app/
2025-12-08 13:32:39.865 ShipIt[42495:279805] Couldn't remove owned bundle at location file:///var/folders/wp/f6srgbb54x16r_d6bddv90mr0000gn/T/com.hnc.Discord.ShipIt.Tny0mJ9o/Discord.app, error NSError { domain: NSCocoaErrorDomain, code: 4, description: "“Discord.app” couldn’t be removed.", failureReason: "The file doesn’t exist.", underlying error: NSError { domain: NSPOSIXErrorDomain, code: 2, description: "The operation couldn’t be completed. No such file or directory" }, userInfo: {
    NSFilePath = "/var/folders/wp/f6srgbb54x16r_d6bddv90mr0000gn/T/com.hnc.Discord.ShipIt.Tny0mJ9o/Discord.app";
    NSUserStringVariant =     (
        Remove
    );
} }
2025-12-08 13:32:40.014 ShipIt[42495:279949] On main thread and launching: file:///Applications/Discord.app/
2025-12-08 13:32:40.014 ShipIt[42495:279949] Bundle URL is valid
2025-12-08 13:32:40.014 ShipIt[42495:279949] Attempting to launch app on 11.0 or higher
2025-12-08 13:32:40.014 ShipIt[42495:279949] Launching new ShipIt at /Applications/Discord.app/Contents/Frameworks/Squirrel.framework/Resources/ShipIt with instructions to launch file:///Applications/Discord.app/
2025-12-08 13:32:40.015 ShipIt[42495:279805] Installation completed successfully
2025-12-08 13:32:40.031 ShipIt[42495:279949] New ShipIt pid: 42507
2025-12-08 13:32:56.197 ShipIt[42507:279973] Detected this as a launch request
2025-12-08 13:32:56.546 ShipIt[42507:279973] Successfully launched application at file:///Applications/Discord.app/
2025-12-08 13:32:56.546 ShipIt[42507:279973] ShipIt quitting
2025-12-08 13:32:56.550 ShipIt[42495:279949] ShipIt status 0
2025-12-08 13:32:56.550 ShipIt[42495:279949] New ShipIt exited
2025-12-08 13:32:56.550 ShipIt[42495:279949] ShipIt quitting
