
Mon Jun 30 14:06:03 CDT 2025

Rotating fax log files:/etc/periodic/monthly/199.rotate-fax: line 13: cd: /var/log/fax: No such file or directory


Doing login accounting:
	total     1259.86
	_mbsetupuser   876.76
	maxieds    383.09
	root         0.02

-- End of monthly output --

Tue Jul 29 16:34:48 CDT 2025

Rotating fax log files:/etc/periodic/monthly/199.rotate-fax: line 13: cd: /var/log/fax: No such file or directory


Doing login accounting:
	total     1767.17
	maxieds    890.40
	_mbsetupuser   876.76
	root         0.02

-- End of monthly output --

Mon Aug 18 14:50:00 CDT 2025

Rotating fax log files:/etc/periodic/monthly/199.rotate-fax: line 13: cd: /var/log/fax: No such file or directory


Doing login accounting:
	total     1837.05
	maxieds    960.28
	_mbsetupuser   876.76
	root         0.02

-- End of monthly output --

Fri Sep  5 12:56:50 CDT 2025

Rotating fax log files:/etc/periodic/monthly/199.rotate-fax: line 13: cd: /var/log/fax: No such file or directory


Doing login accounting:
	total     1840.06
	maxieds    963.29
	_mbsetupuser   876.76
	root         0.02

-- End of monthly output --

Fri Sep 26 12:11:34 CDT 2025

Rotating fax log files:/etc/periodic/monthly/199.rotate-fax: line 13: cd: /var/log/fax: No such file or directory


Doing login accounting:
	total     1851.69
	maxieds    974.91
	_mbsetupuser   876.76
	root         0.02

-- End of monthly output --

Mon Oct 20 12:22:48 CDT 2025

Rotating fax log files:/etc/periodic/monthly/199.rotate-fax: line 13: cd: /var/log/fax: No such file or directory


Doing login accounting:
	total     1862.58
	maxieds    985.81
	_mbsetupuser   876.76
	root         0.02

-- End of monthly output --

Fri Nov  7 12:37:49 CST 2025

Rotating fax log files:/etc/periodic/monthly/199.rotate-fax: line 13: cd: /var/log/fax: No such file or directory


Doing login accounting:
	total     1874.80
	maxieds    998.02
	_mbsetupuser   876.76
	root         0.02

-- End of monthly output --

Wed Nov 26 11:32:34 CST 2025

Rotating fax log files:/etc/periodic/monthly/199.rotate-fax: line 13: cd: /var/log/fax: No such file or directory


Doing login accounting:
	total     1886.73
	maxieds   1009.96
	_mbsetupuser   876.76
	root         0.02

-- End of monthly output --

Fri Dec 12 11:15:16 CST 2025

Rotating fax log files:/etc/periodic/monthly/199.rotate-fax: line 13: cd: /var/log/fax: No such file or directory


Doing login accounting:
	total     1891.98
	maxieds   1015.21
	_mbsetupuser   876.76
	root         0.02

-- End of monthly output --

Fri Jan  9 11:10:29 CST 2026

Rotating fax log files:/etc/periodic/monthly/199.rotate-fax: line 13: cd: /var/log/fax: No such file or directory


Doing login accounting:
	total     1907.54
	maxieds   1030.77
	_mbsetupuser   876.76
	root         0.02

-- End of monthly output --

Mon Jan 26 15:21:21 CST 2026

Rotating fax log files:/etc/periodic/monthly/199.rotate-fax: line 13: cd: /var/log/fax: No such file or directory


Doing login accounting:
	total     1929.66
	maxieds   1052.89
	_mbsetupuser   876.76
	root         0.02

-- End of monthly output --

Fri Feb 13 10:37:30 CST 2026

Rotating fax log files:/etc/periodic/monthly/199.rotate-fax: line 13: cd: /var/log/fax: No such file or directory


Doing login accounting:
	total     1977.03
	maxieds   1100.26
	_mbsetupuser   876.76
	root         0.02

-- End of monthly output --

Wed Mar  4 23:44:31 CST 2026

Rotating fax log files:/etc/periodic/monthly/199.rotate-fax: line 13: cd: /var/log/fax: No such file or directory


Doing login accounting:
	total     2033.69
	maxieds   1156.92
	_mbsetupuser   876.76
	root         0.02

-- End of monthly output --

Mon Mar 23 12:37:55 CDT 2026

Rotating fax log files:/etc/periodic/monthly/199.rotate-fax: line 13: cd: /var/log/fax: No such file or directory


Doing login accounting:
	total     2091.71
	maxieds   1214.94
	_mbsetupuser   876.76
	root         0.02

-- End of monthly output --

Tue Apr 14 15:07:28 CDT 2026

Rotating fax log files:/etc/periodic/monthly/199.rotate-fax: line 13: cd: /var/log/fax: No such file or directory


Doing login accounting:
	total     2286.33
	maxieds   1409.56
	_mbsetupuser   876.76
	root         0.02

-- End of monthly output --

Fri May  1 01:43:37 CDT 2026

Rotating fax log files:/etc/periodic/monthly/199.rotate-fax: line 13: cd: /var/log/fax: No such file or directory


Doing login accounting:
	total     1510.33
	maxieds   1480.81
	_mbsetupuser    29.51
	root         0.02

-- End of monthly output --

Sat May 23 04:43:18 CDT 2026

Rotating fax log files:/etc/periodic/monthly/199.rotate-fax: line 13: cd: /var/log/fax: No such file or directory


Doing login accounting:
	total     1558.18
	maxieds   1528.66
	_mbsetupuser    29.51
	root         0.02

-- End of monthly output --

Sun Jun  7 18:12:45 CDT 2026

Rotating fax log files:/etc/periodic/monthly/199.rotate-fax: line 13: cd: /var/log/fax: No such file or directory


Doing login accounting:
	total     1640.64
	maxieds   1635.92
	_mbsetupuser     4.71
	root         0.01

-- End of monthly output --
