May 26 00:05:10 Drs-MacBook-Pro login[32600]: USER_PROCESS: 32600 ttys033
May 26 00:08:12 Drs-MacBook-Pro syslogd[116]: ASL Sender Statistics
May 26 00:15:06 Drs-MacBook-Pro login[33164]: USER_PROCESS: 33164 ttys034
May 26 00:16:57 Drs-MacBook-Pro login[33277]: USER_PROCESS: 33277 ttys035
May 26 00:18:38 Drs-MacBook-Pro syslogd[116]: ASL Sender Statistics
May 26 00:28:45 Drs-MacBook-Pro syslogd[116]: ASL Sender Statistics
May 26 00:30:21 Drs-MacBook-Pro syslogd[116]: Configuration Notice:
	ASL Module "com.apple.cdscheduler" claims selected messages.
	Those messages may not appear in standard system log files or in the ASL database.
May 26 00:30:21 Drs-MacBook-Pro syslogd[116]: Configuration Notice:
	ASL Module "com.apple.install" claims selected messages.
	Those messages may not appear in standard system log files or in the ASL database.
May 26 00:30:21 Drs-MacBook-Pro syslogd[116]: Configuration Notice:
	ASL Module "com.apple.authd" sharing output destination "/var/log/asl" with ASL Module "com.apple.asl".
	Output parameters from ASL Module "com.apple.asl" override any specified in ASL Module "com.apple.authd".
May 26 00:30:21 Drs-MacBook-Pro syslogd[116]: Configuration Notice:
	ASL Module "com.apple.authd" sharing output destination "/var/log/system.log" with ASL Module "com.apple.asl".
	Output parameters from ASL Module "com.apple.asl" override any specified in ASL Module "com.apple.authd".
May 26 00:30:21 Drs-MacBook-Pro syslogd[116]: Configuration Notice:
	ASL Module "com.apple.authd" claims selected messages.
	Those messages may not appear in standard system log files or in the ASL database.
May 26 00:30:21 Drs-MacBook-Pro syslogd[116]: Configuration Notice:
	ASL Module "com.apple.eventmonitor" claims selected messages.
	Those messages may not appear in standard system log files or in the ASL database.
May 26 00:30:21 Drs-MacBook-Pro syslogd[116]: Configuration Notice:
	ASL Module "com.apple.mail" claims selected messages.
	Those messages may not appear in standard system log files or in the ASL database.
May 26 00:30:21 Drs-MacBook-Pro syslogd[116]: Configuration Notice:
	ASL Module "com.apple.performance" claims selected messages.
	Those messages may not appear in standard system log files or in the ASL database.
May 26 00:30:21 Drs-MacBook-Pro syslogd[116]: Configuration Notice:
	ASL Module "com.apple.iokit.power" claims selected messages.
	Those messages may not appear in standard system log files or in the ASL database.
May 26 00:30:21 Drs-MacBook-Pro syslogd[116]: Configuration Notice:
	ASL Module "com.apple.contacts.ContactsAutocomplete" claims selected messages.
	Those messages may not appear in standard system log files or in the ASL database.
May 26 00:30:21 Drs-MacBook-Pro syslogd[116]: Configuration Notice:
	ASL Module "com.apple.mkb" sharing output destination "/private/var/log/keybagd.log" with ASL Module "com.apple.mkb.internal".
	Output parameters from ASL Module "com.apple.mkb.internal" override any specified in ASL Module "com.apple.mkb".
May 26 00:30:21 Drs-MacBook-Pro syslogd[116]: Configuration Notice:
	ASL Module "com.apple.mkb" claims selected messages.
	Those messages may not appear in standard system log files or in the ASL database.
May 26 00:30:21 Drs-MacBook-Pro syslogd[116]: Configuration Notice:
	ASL Module "com.apple.MessageTracer" claims selected messages.
	Those messages may not appear in standard system log files or in the ASL database.
May 26 00:39:01 Drs-MacBook-Pro syslogd[116]: ASL Sender Statistics
May 26 00:49:01 Drs-MacBook-Pro syslogd[116]: ASL Sender Statistics
May 26 00:59:05 Drs-MacBook-Pro syslogd[116]: ASL Sender Statistics
May 26 01:09:05 Drs-MacBook-Pro syslogd[116]: ASL Sender Statistics
May 26 01:18:11 Drs-MacBook-Pro login[32452]: DEAD_PROCESS: 32452 ttys032
May 26 01:19:26 Drs-MacBook-Pro login[32286]: DEAD_PROCESS: 32286 ttys028
May 26 01:19:26 Drs-MacBook-Pro syslogd[116]: ASL Sender Statistics
May 26 01:26:42 Drs-MacBook-Pro login[32026]: DEAD_PROCESS: 32026 ttys027
May 26 01:29:11 Drs-MacBook-Pro login[32433]: DEAD_PROCESS: 32433 ttys031
May 26 01:29:31 Drs-MacBook-Pro syslogd[116]: ASL Sender Statistics
May 26 01:29:44 Drs-MacBook-Pro login[32414]: DEAD_PROCESS: 32414 ttys030
May 26 01:30:45 Drs-MacBook-Pro login[31693]: DEAD_PROCESS: 31693 ttys026
May 26 01:31:53 Drs-MacBook-Pro login[31330]: DEAD_PROCESS: 31330 ttys020
May 26 01:32:14 Drs-MacBook-Pro login[33277]: DEAD_PROCESS: 33277 ttys035
May 26 01:33:09 Drs-MacBook-Pro login[32600]: DEAD_PROCESS: 32600 ttys033
May 26 01:33:24 Drs-MacBook-Pro login[30900]: DEAD_PROCESS: 30900 ttys010
May 26 01:33:47 Drs-MacBook-Pro login[30917]: DEAD_PROCESS: 30917 ttys011
May 26 01:34:22 Drs-MacBook-Pro login[30951]: DEAD_PROCESS: 30951 ttys012
May 26 01:35:03 Drs-MacBook-Pro login[30972]: DEAD_PROCESS: 30972 ttys013
May 26 01:39:14 Drs-MacBook-Pro login[30873]: DEAD_PROCESS: 30873 ttys009
May 26 01:39:53 Drs-MacBook-Pro login[30840]: DEAD_PROCESS: 30840 ttys008
May 26 01:39:53 Drs-MacBook-Pro syslogd[116]: ASL Sender Statistics
May 26 01:40:08 Drs-MacBook-Pro login[31266]: DEAD_PROCESS: 31266 ttys018
May 26 01:40:41 Drs-MacBook-Pro login[31243]: DEAD_PROCESS: 31243 ttys017
May 26 01:40:55 Drs-MacBook-Pro login[31225]: DEAD_PROCESS: 31225 ttys016
May 26 01:41:08 Drs-MacBook-Pro login[31199]: DEAD_PROCESS: 31199 ttys015
May 26 01:42:42 Drs-MacBook-Pro login[31466]: DEAD_PROCESS: 31466 ttys025
May 26 01:43:13 Drs-MacBook-Pro login[31448]: DEAD_PROCESS: 31448 ttys024
May 26 01:44:28 Drs-MacBook-Pro login[32335]: DEAD_PROCESS: 32335 ttys029
May 26 01:44:48 Drs-MacBook-Pro login[31376]: DEAD_PROCESS: 31376 ttys022
May 26 01:45:51 Drs-MacBook-Pro login[31429]: DEAD_PROCESS: 31429 ttys023
May 26 01:46:20 Drs-MacBook-Pro login[31358]: DEAD_PROCESS: 31358 ttys021
May 26 01:46:39 Drs-MacBook-Pro login[31287]: DEAD_PROCESS: 31287 ttys019
May 26 01:47:21 Drs-MacBook-Pro login[30657]: DEAD_PROCESS: 30657 ttys007
May 26 01:47:40 Drs-MacBook-Pro login[30635]: DEAD_PROCESS: 30635 ttys006
May 26 01:47:54 Drs-MacBook-Pro login[30584]: DEAD_PROCESS: 30584 ttys005
May 26 01:50:28 Drs-MacBook-Pro syslogd[116]: ASL Sender Statistics
May 26 02:00:38 Drs-MacBook-Pro syslogd[116]: ASL Sender Statistics
May 26 02:04:15 Drs-MacBook-Pro login[22544]: DEAD_PROCESS: 22544 ttys003
May 26 02:04:23 Drs-MacBook-Pro login[35501]: USER_PROCESS: 35501 ttys003
May 26 02:12:08 Drs-MacBook-Pro syslogd[116]: ASL Sender Statistics
May 26 02:22:23 Drs-MacBook-Pro syslogd[116]: ASL Sender Statistics
May 26 02:34:25 Drs-MacBook-Pro syslogd[116]: ASL Sender Statistics
May 26 02:45:18 Drs-MacBook-Pro syslogd[116]: ASL Sender Statistics
May 26 02:55:18 Drs-MacBook-Pro syslogd[116]: ASL Sender Statistics
May 26 03:05:37 Drs-MacBook-Pro syslogd[116]: ASL Sender Statistics
May 26 03:15:37 Drs-MacBook-Pro syslogd[116]: ASL Sender Statistics
May 26 03:25:49 Drs-MacBook-Pro syslogd[116]: ASL Sender Statistics
May 26 03:27:13 Drs-MacBook-Pro login[35501]: DEAD_PROCESS: 35501 ttys003
May 26 03:27:54 Drs-MacBook-Pro login[31163]: DEAD_PROCESS: 31163 ttys014
May 26 03:34:36 Drs-MacBook-Pro login[21507]: DEAD_PROCESS: 21507 ttys002
May 26 03:35:02 Drs-MacBook-Pro login[21218]: DEAD_PROCESS: 21218 ttys001
May 26 03:35:24 Drs-MacBook-Pro login[428]: DEAD_PROCESS: 428 ttys000
May 26 03:35:52 Drs-MacBook-Pro login[33164]: DEAD_PROCESS: 33164 ttys034
May 26 03:35:52 Drs-MacBook-Pro syslogd[116]: ASL Sender Statistics
May 26 03:38:40 Drs-MacBook-Pro login[22974]: DEAD_PROCESS: 22974 ttys004
May 26 03:40:18 Drs-MacBook-Pro login[37179]: USER_PROCESS: 37179 ttys000
May 26 03:40:23 Drs-MacBook-Pro login[37179]: DEAD_PROCESS: 37179 ttys000
May 26 03:45:52 Drs-MacBook-Pro syslogd[116]: ASL Sender Statistics
May 26 03:55:57 Drs-MacBook-Pro syslogd[116]: ASL Sender Statistics
May 26 04:08:30 Drs-MacBook-Pro syslogd[116]: ASL Sender Statistics
May 26 04:18:57 Drs-MacBook-Pro syslogd[116]: ASL Sender Statistics
May 26 04:29:17 Drs-MacBook-Pro syslogd[116]: ASL Sender Statistics
May 26 04:39:26 Drs-MacBook-Pro syslogd[116]: ASL Sender Statistics
May 26 04:49:31 Drs-MacBook-Pro syslogd[116]: ASL Sender Statistics
May 26 04:59:32 Drs-MacBook-Pro syslogd[116]: ASL Sender Statistics
May 26 05:09:37 Drs-MacBook-Pro syslogd[116]: ASL Sender Statistics
May 26 05:19:38 Drs-MacBook-Pro syslogd[116]: ASL Sender Statistics
May 26 05:30:01 Drs-MacBook-Pro syslogd[116]: ASL Sender Statistics
May 26 05:40:10 Drs-MacBook-Pro syslogd[116]: ASL Sender Statistics
May 26 05:50:41 Drs-MacBook-Pro syslogd[116]: ASL Sender Statistics
May 26 06:01:12 Drs-MacBook-Pro syslogd[116]: ASL Sender Statistics
May 26 06:05:08 Drs-MacBook-Pro login[41349]: USER_PROCESS: 41349 ttys000
May 26 06:11:26 Drs-MacBook-Pro syslogd[116]: ASL Sender Statistics
May 26 06:38:56 Drs-MacBook-Pro syslogd[116]: ASL Sender Statistics
May 26 07:06:01 Drs-MacBook-Pro syslogd[116]: ASL Sender Statistics
May 26 07:18:28 Drs-MacBook-Pro syslogd[116]: ASL Sender Statistics
May 26 07:30:04 Drs-MacBook-Pro syslogd[116]: ASL Sender Statistics
May 26 07:37:28 Drs-MacBook-Pro login[41812]: USER_PROCESS: 41812 ttys001
May 26 07:40:59 Drs-MacBook-Pro syslogd[116]: ASL Sender Statistics
May 26 07:51:40 Drs-MacBook-Pro syslogd[116]: ASL Sender Statistics
May 26 08:01:41 Drs-MacBook-Pro syslogd[116]: ASL Sender Statistics
May 26 08:11:45 Drs-MacBook-Pro syslogd[116]: ASL Sender Statistics
May 26 08:12:54 Drs-MacBook-Pro login[42221]: USER_PROCESS: 42221 ttys002
May 26 08:12:54 Drs-MacBook-Pro login[42228]: USER_PROCESS: 42228 ttys003
May 26 08:13:11 Drs-MacBook-Pro login[42228]: DEAD_PROCESS: 42228 ttys003
May 26 08:13:14 Drs-MacBook-Pro login[42221]: DEAD_PROCESS: 42221 ttys002
May 26 08:22:24 Drs-MacBook-Pro syslogd[116]: ASL Sender Statistics
May 26 08:33:26 Drs-MacBook-Pro syslogd[116]: ASL Sender Statistics
May 26 08:45:36 Drs-MacBook-Pro syslogd[116]: ASL Sender Statistics
May 26 08:49:57 Drs-MacBook-Pro login[41812]: DEAD_PROCESS: 41812 ttys001
May 26 08:51:21 Drs-MacBook-Pro login[43153]: USER_PROCESS: 43153 ttys001
May 26 08:55:43 Drs-MacBook-Pro syslogd[116]: ASL Sender Statistics
May 26 09:05:44 Drs-MacBook-Pro syslogd[116]: ASL Sender Statistics
May 26 09:09:17 Drs-MacBook-Pro login[43477]: USER_PROCESS: 43477 ttys002
May 26 09:12:52 Drs-MacBook-Pro login[43477]: DEAD_PROCESS: 43477 ttys002
May 26 09:16:01 Drs-MacBook-Pro syslogd[116]: ASL Sender Statistics
May 26 09:18:22 Drs-MacBook-Pro login[43644]: USER_PROCESS: 43644 ttys002
May 26 09:21:25 Drs-MacBook-Pro login[43692]: USER_PROCESS: 43692 ttys003
May 26 09:26:30 Drs-MacBook-Pro syslogd[116]: ASL Sender Statistics
May 26 09:27:41 Drs-MacBook-Pro login[43774]: USER_PROCESS: 43774 ttys004
May 26 09:31:22 Drs-MacBook-Pro login[43774]: DEAD_PROCESS: 43774 ttys004
May 26 09:31:32 Drs-MacBook-Pro login[43692]: DEAD_PROCESS: 43692 ttys003
May 26 09:37:59 Drs-MacBook-Pro syslogd[116]: ASL Sender Statistics
