May 26 00:30:00 Drs-MacBook-Pro newsyslog[33490]: logfile turned over
Tue May 26 01:25:13.308 <kernel> AWDL Sync Enabled 1, data path state[1]
Tue May 26 01:26:47.198 <kernel> AWDL Sync Enabled 0, data path state[1]
Tue May 26 04:00:59.686 <kernel> AWDL Sync Enabled 1, data path state[1]
Tue May 26 04:02:21.722 <kernel> wl0: setup_keepalive: interval 594, retry_interval 30, retry_count 10
Tue May 26 04:02:21.722 <kernel> wl0: setup_keepalive: Local IP: 172.16.0.217
Tue May 26 04:02:21.723 <kernel> wl0: setup_keepalive: Remote IP: 17.57.144.245
Tue May 26 04:02:21.723 <kernel> wl0: setup_keepalive: Local port: 60782, Remote port: 5223
Tue May 26 04:02:21.723 <kernel> wl0: setup_keepalive: Seq: 2574771431, Ack: 3960987572, Win size: 65535
Tue May 26 04:02:21.723 <kernel> wl0: MDNS: IPV4 Addr: 172.16.0.217
Tue May 26 04:02:21.723 <kernel> wl0: MDNS: IPV6 Addr: fe80:0:0:0:c53:5c91:cdf0:18fb
Tue May 26 04:02:21.723 <kernel> wl0: MDNS: 1 SRV Recs, 2 TXT Recs
Tue May 26 04:02:21.723 <kernel> wl0: MDNS: 1 TCP ports:  5900 
Tue May 26 04:08:30.004 <kernel> IO80211VirtualInterface::controllerWillChangePowerState : Bringing down link
Tue May 26 04:08:30.161 <kernel> AWDL Sync Enabled 0, data path state[1]
Tue May 26 04:08:30.169 <kernel> IO80211VirtualInterface::handleSIOCSIFFLAGS : Source controllerWillChangePowerState calling peerManager->disable
Tue May 26 04:08:30.169 <kernel> wl0: wl_update_tcpkeep_seq: Original Seq: 2574771431, Ack: 3960987572, Win size: 65535
Tue May 26 04:08:30.169 <kernel> wl0: wl_update_tcpkeep_seq: Updated seq/ack/win from UserClient Seq 2574771931, Ack 3960987572, Win size 0
Tue May 26 04:08:30.169 <kernel> wl0: leaveModulePoweredForOffloads: Wi-Fi will stay on.
Tue May 26 04:08:30.169 <kernel> AirPort_Brcm43xx::platformWoWEnable: WWEN[enable], in_fatal_err[0]
Tue May 26 04:08:30.169 <kernel> AirPort_Brcm43xx::syncPowerState: WWEN[enabled]
Tue May 26 04:08:30.741 <kernel> AWDL Sync Enabled 1, data path state[1]
Tue May 26 04:08:30.741 <kernel> AirPort_Brcm43xx::platformWoWEnable: WWEN[disable], in_fatal_err[0]
Tue May 26 04:08:32.302 <airport[174]> ERROR: rapportd (390) is not entitled for com.apple.wifi.join_history, will not allow request
Tue May 26 04:08:32.311 <airport[174]> ERROR: sharingd (23713) is not entitled for com.apple.wifi.join_history, will not allow request
Tue May 26 04:08:57.247 <kernel> AWDL Sync Enabled 0, data path state[1]
Tue May 26 04:09:05.419 Apple80211Set:10289 Processing APPLE80211_IOC_ROAM
Tue May 26 04:09:05.420 Apple80211Set:10303 Processing APPLE80211_IOC_ROAM dataRef:0x7fa2b6226b00
Tue May 26 04:09:05.420 Apple80211Set:10324 CFType is CFData
Tue May 26 04:09:08.871 <kernel> AWDL Sync Enabled 1, data path state[1]
Tue May 26 04:09:24.029 <kernel> AWDL Sync Enabled 0, data path state[1]
Tue May 26 04:09:38.891 <kernel> AWDL Sync Enabled 1, data path state[1]
Tue May 26 04:09:41.043 <kernel> AWDL Sync Enabled 0, data path state[1]
Tue May 26 06:17:45.552 <kernel> AWDL Sync Enabled 1, data path state[1]
Tue May 26 06:19:21.878 <kernel> wl0: setup_keepalive: interval 594, retry_interval 30, retry_count 10
Tue May 26 06:19:21.878 <kernel> wl0: setup_keepalive: Local IP: 172.16.0.217
Tue May 26 06:19:21.878 <kernel> wl0: setup_keepalive: Remote IP: 17.57.144.245
Tue May 26 06:19:21.878 <kernel> wl0: setup_keepalive: Local port: 60782, Remote port: 5223
Tue May 26 06:19:21.878 <kernel> wl0: setup_keepalive: Seq: 2574774929, Ack: 3960988281, Win size: 65535
Tue May 26 06:19:21.879 <kernel> wl0: MDNS: IPV4 Addr: 172.16.0.217
Tue May 26 06:19:21.879 <kernel> wl0: MDNS: IPV6 Addr: fe80:0:0:0:c53:5c91:cdf0:18fb
Tue May 26 06:19:21.879 <kernel> wl0: MDNS: 1 SRV Recs, 2 TXT Recs
Tue May 26 06:19:21.879 <kernel> wl0: MDNS: 1 TCP ports:  5900 
Tue May 26 06:38:56.013 <kernel> IO80211VirtualInterface::controllerWillChangePowerState : Bringing down link
Tue May 26 06:38:56.163 <kernel> AWDL Sync Enabled 0, data path state[1]
Tue May 26 06:38:56.163 <kernel> IO80211VirtualInterface::handleSIOCSIFFLAGS : Source controllerWillChangePowerState calling peerManager->disable
Tue May 26 06:38:56.163 <kernel> wl0: wl_update_tcpkeep_seq: Original Seq: 2574774929, Ack: 3960988281, Win size: 65535
Tue May 26 06:38:56.474 <kernel> wl0: wl_update_tcpkeep_seq: Updated seq/ack/win from UserClient Seq 2574775429, Ack 3960988281, Win size 0
Tue May 26 06:38:56.474 <kernel> wl0: leaveModulePoweredForOffloads: Wi-Fi will stay on.
Tue May 26 06:38:56.474 <kernel> AirPort_Brcm43xx::platformWoWEnable: WWEN[enable], in_fatal_err[0]
Tue May 26 06:38:56.474 <kernel> AirPort_Brcm43xx::syncPowerState: WWEN[enabled]
Tue May 26 06:38:56.832 <kernel> AirPort_Brcm43xx::platformWoWEnable: WWEN[disable], in_fatal_err[0]
Tue May 26 06:38:56.992 <airport[174]> ERROR: sharingd (23713) is not entitled for com.apple.wifi.join_history, will not allow request
Tue May 26 06:38:57.002 <airport[174]> ERROR: rapportd (390) is not entitled for com.apple.wifi.join_history, will not allow request
Tue May 26 06:39:43.866 <kernel> wl0: setup_keepalive: interval 594, retry_interval 30, retry_count 10
Tue May 26 06:39:43.895 <kernel> wl0: setup_keepalive: Local IP: 172.16.0.217
Tue May 26 06:39:43.895 <kernel> wl0: setup_keepalive: Remote IP: 17.57.144.245
Tue May 26 06:39:43.895 <kernel> wl0: setup_keepalive: Local port: 60782, Remote port: 5223
Tue May 26 06:39:43.895 <kernel> wl0: setup_keepalive: Seq: 2574775495, Ack: 3960988305, Win size: 65535
Tue May 26 06:39:43.895 <kernel> wl0: MDNS: IPV4 Addr: 172.16.0.217
Tue May 26 06:39:43.895 <kernel> wl0: MDNS: IPV6 Addr: fe80:0:0:0:c53:5c91:cdf0:18fb
Tue May 26 06:39:43.895 <kernel> wl0: MDNS: 1 SRV Recs, 2 TXT Recs
Tue May 26 06:39:43.895 <kernel> wl0: MDNS: 1 TCP ports:  5900 
Tue May 26 07:06:01.001 <kernel> IO80211VirtualInterface::controllerWillChangePowerState : Bringing down link
Tue May 26 07:06:01.167 <kernel> IO80211VirtualInterface::handleSIOCSIFFLAGS : Source controllerWillChangePowerState calling peerManager->disable
Tue May 26 07:06:01.167 <kernel> wl0: wl_update_tcpkeep_seq: Original Seq: 2574775495, Ack: 3960988305, Win size: 65535
Tue May 26 07:06:01.167 <kernel> wl0: wl_update_tcpkeep_seq: Updated seq/ack/win from UserClient Seq 2574775523, Ack 3960988305, Win size 0
Tue May 26 07:06:01.167 <kernel> wl0: leaveModulePoweredForOffloads: Wi-Fi will stay on.
Tue May 26 07:06:01.167 <kernel> AirPort_Brcm43xx::platformWoWEnable: WWEN[enable], in_fatal_err[0]
Tue May 26 07:06:01.167 <kernel> AirPort_Brcm43xx::syncPowerState: WWEN[enabled]
Tue May 26 07:06:01.807 <airport[174]> ERROR: rapportd (390) is not entitled for com.apple.wifi.join_history, will not allow request
Tue May 26 07:06:01.807 <airport[174]> ERROR: sharingd (23713) is not entitled for com.apple.wifi.join_history, will not allow request
Tue May 26 07:06:01.845 <kernel> AirPort_Brcm43xx::platformWoWEnable: WWEN[disable], in_fatal_err[0]
Tue May 26 07:33:05.320 Apple80211Set:10289 Processing APPLE80211_IOC_ROAM
Tue May 26 07:33:05.321 Apple80211Set:10303 Processing APPLE80211_IOC_ROAM dataRef:0x7fa2b6163e80
Tue May 26 07:33:05.321 Apple80211Set:10324 CFType is CFData
Tue May 26 07:34:27.248 <kernel> wl0: setup_keepalive: interval 594, retry_interval 30, retry_count 10
Tue May 26 07:34:27.249 <kernel> wl0: setup_keepalive: Local IP: 172.16.0.217
Tue May 26 07:34:27.249 <kernel> wl0: setup_keepalive: Remote IP: 17.57.144.245
Tue May 26 07:34:27.249 <kernel> wl0: setup_keepalive: Local port: 60782, Remote port: 5223
Tue May 26 07:34:27.249 <kernel> wl0: setup_keepalive: Seq: 2574776783, Ack: 3960988401, Win size: 65535
Tue May 26 07:34:27.249 <kernel> wl0: MDNS: IPV4 Addr: 172.16.0.217
Tue May 26 07:34:27.249 <kernel> wl0: MDNS: IPV6 Addr: fe80:0:0:0:c53:5c91:cdf0:18fb
Tue May 26 07:34:27.249 <kernel> wl0: MDNS: 1 SRV Recs, 2 TXT Recs
Tue May 26 07:34:27.249 <kernel> wl0: MDNS: 1 TCP ports:  5900 
Tue May 26 07:34:39.001 <kernel> IO80211VirtualInterface::controllerWillChangePowerState : Bringing down link
Tue May 26 07:34:39.002 <kernel> IO80211VirtualInterface::handleSIOCSIFFLAGS : Source controllerWillChangePowerState calling peerManager->disable
Tue May 26 07:34:39.002 <kernel> wl0: wl_update_tcpkeep_seq: Original Seq: 2574776783, Ack: 3960988401, Win size: 65535
Tue May 26 07:34:39.002 <kernel> wl0: wl_update_tcpkeep_seq: Updated seq/ack/win from UserClient Seq 2574777283, Ack 3960988401, Win size 0
Tue May 26 07:34:39.002 <kernel> wl0: leaveModulePoweredForOffloads: Wi-Fi will stay on.
Tue May 26 07:34:39.002 <kernel> AirPort_Brcm43xx::platformWoWEnable: WWEN[enable], in_fatal_err[0]
Tue May 26 07:34:39.002 <kernel> AirPort_Brcm43xx::syncPowerState: WWEN[enabled]
Tue May 26 07:34:39.501 <airport[174]> airportdProcessDLILEvent: <en0> event=1, flags=0xFFFF8863, lastPowerPref=on
Tue May 26 07:34:39.501 <airport[174]> airportdProcessDLILEvent: en0 marked UP, applying user power preferences (ON).
Tue May 26 07:34:39.501 <airport[174]> airportdProcessDLILEvent: <en0> Setting power ON
Tue May 26 07:34:39.706 <kernel> AirPort_Brcm43xx::platformWoWEnable: WWEN[disable], in_fatal_err[0]
Tue May 26 07:34:40.166 <airport[174]> ERROR: rapportd (390) is not entitled for com.apple.wifi.join_history, will not allow request
Tue May 26 07:34:40.226 <airport[174]> ERROR: sharingd (23713) is not entitled for com.apple.wifi.join_history, will not allow request
Tue May 26 07:34:40.641 <airport[174]> ERROR: rapportd (390) is not entitled for com.apple.wifi.join_history, will not allow request
Tue May 26 07:34:40.645 <airport[174]> ERROR: sharingd (23713) is not entitled for com.apple.wifi.join_history, will not allow request
Tue May 26 07:35:03.121 Apple80211Set:10289 Processing APPLE80211_IOC_ROAM
Tue May 26 07:35:03.170 Apple80211Set:10303 Processing APPLE80211_IOC_ROAM dataRef:0x7fa2b576c4c0
Tue May 26 07:35:03.170 Apple80211Set:10324 CFType is CFData
