TERM_PROGRAM=Apple_Terminal
TERM=xterm-256color
SHELL=/bin/bash
TMPDIR=/var/folders/wp/f6srgbb54x16r_d6bddv90mr0000gn/T/
TERM_PROGRAM_VERSION=445.1
TERM_SESSION_ID=1D075FAC-7A8F-4485-BD20-39653EE7BE33
USER=maxieds
SSH_AUTH_SOCK=/private/tmp/com.apple.launchd.d1dHuHiPtH/Listeners
PATH=/usr/local/bin:/usr/bin:/bin:/usr/sbin:/sbin:/Library/Apple/usr/bin
LaunchInstanceID=9F277EF4-9200-408E-AB05-DCFE97028163
__CFBundleIdentifier=com.apple.Terminal
PWD=/Users/maxieds/psycho-boy-nonfiction-book2/draft-pages
LANG=en_US.UTF-8
XPC_FLAGS=0x0
PS1=\D{%Y-%m-%d %H:%M:%S} \u@\h:\w\$ 
XPC_SERVICE_NAME=0
HOME=/Users/maxieds
SHLVL=1
LOGNAME=maxieds
SECURITYSESSIONID=186a3
_=/usr/bin/env
