/System/Volumes/Data/usr/local/Homebrew/Library/Taps/gtdmmb/homebrew-core/.git/objects/pack/pack-eaa2e8f6963bac8199a950051fd891bf9de2024f.pack
/System/Volumes/Data/usr/local/Caskroom/anaconda/2025.06-1/Anaconda3-2025.06-1-MacOSX-x86_64.sh
/System/Volumes/Data/usr/local/Cellar/openjdk/25.0.2/libexec/openjdk.jdk/Contents/Home/lib/modules
/System/Volumes/Data/usr/local/anaconda3/pkgs/libllvm14-14.0.6-h26321d7_4/lib/libLLVM-14.dylib
/System/Volumes/Data/usr/local/anaconda3/pkgs/libllvm17-17.0.6-h7090790_1/lib/libLLVM-17.dylib
/System/Volumes/Data/usr/local/anaconda3/pkgs/qt-webengine-5.15.9-h90a370e_7/lib/libQt5WebEngineCore.5.15.9.dylib
/System/Volumes/Data/usr/local/anaconda3/lib/libLLVM-17.dylib
/System/Volumes/Data/usr/local/anaconda3/lib/libQt5WebEngineCore.5.15.9.dylib
/System/Volumes/Data/usr/local/anaconda3/lib/libLLVM-14.dylib
find: /System/Volumes/Data/.Spotlight-V100: No such file or directory
find: /System/Volumes/Data/boot: No such file or directory
find: /System/Volumes/Data/Previous Content: No such file or directory
/System/Volumes/Data/Library/Apple/System/Library/StagedFrameworks/Safari/WebCore.framework/Versions/A/WebCore
/System/Volumes/Data/Library/Developer/CommandLineTools/usr/bin/clang
/System/Volumes/Data/Library/Developer/CommandLineTools/usr/bin/swift-frontend
/System/Volumes/Data/Library/Developer/CommandLineTools/usr/lib/sourcekitdInProc.framework/Versions/A/sourcekitdInProc
/System/Volumes/Data/Library/Developer/CommandLineTools/usr/lib/libclang.dylib
/System/Volumes/Data/Library/Developer/CommandLineTools/usr/lib/libLTO.dylib
/System/Volumes/Data/Library/Developer/CommandLineTools/usr/lib/swift/macosx/lib_InternalSwiftScan.dylib
/System/Volumes/Data/Library/Developer/CommandLineTools/Library/PrivateFrameworks/LLDB.framework/Versions/A/LLDB
find: /System/Volumes/Data/Library/Caches/com.apple.aned: Operation not permitted
/System/Volumes/Data/System/Library/SpeechBase/Voices/AlexCompact.SpeechVoice/Contents/Resources/PCMWave
/System/Volumes/Data/System/Library/dyld/dyld_shared_cache_x86_64h.3
/System/Volumes/Data/System/Library/dyld/dyld_shared_cache_x86_64.2
/System/Volumes/Data/System/Library/dyld/dyld_shared_cache_x86_64.3
/System/Volumes/Data/System/Library/dyld/dyld_shared_cache_x86_64h.2
/System/Volumes/Data/System/Library/dyld/dyld_shared_cache_arm64e.1
/System/Volumes/Data/System/Library/dyld/aot_shared_cache.2
/System/Volumes/Data/System/Library/dyld/aot_shared_cache.3
/System/Volumes/Data/System/Library/dyld/dyld_shared_cache_x86_64.1
/System/Volumes/Data/System/Library/dyld/dyld_shared_cache_x86_64h.1
/System/Volumes/Data/System/Library/dyld/dyld_shared_cache_arm64e
/System/Volumes/Data/System/Library/dyld/dyld_shared_cache_x86_64h
/System/Volumes/Data/System/Library/dyld/aot_shared_cache.1
/System/Volumes/Data/System/Library/dyld/dyld_shared_cache_x86_64
/System/Volumes/Data/System/Library/dyld/aot_shared_cache.0
/System/Volumes/Data/System/Library/KernelCollections/SystemKernelExtensions.kc
find: /System/Volumes/Data/System/Library/Templates/Data/private/var/db/oah: Operation not permitted
/System/Volumes/Data/System/Library/Fonts/Apple Color Emoji.ttc
/System/Volumes/Data/System/Volumes/VM/swapfile0
find: /System/Volumes/Data/mnt: No such file or directory
find: /System/Volumes/Data/.fseventsd: No such file or directory
find: /System/Volumes/Data/private/var/networkd/db: Operation not permitted
/System/Volumes/Data/private/var/vm/sleepimage
find: /System/Volumes/Data/private/var/db/appinstalld: Operation not permitted
find: /System/Volumes/Data/private/var/db/Spotlight: Operation not permitted
find: /System/Volumes/Data/private/var/db/sysdiagnose/com.apple.sysdiagnose: Operation not permitted
find: /System/Volumes/Data/private/var/db/DumpPanic: Operation not permitted
find: /System/Volumes/Data/private/var/db/fpsd/dvp: Operation not permitted
find: /System/Volumes/Data/private/var/db/installcoordinationd: Operation not permitted
find: /System/Volumes/Data/private/var/db/Spotlight-V100: Operation not permitted
find: /System/Volumes/Data/private/var/db/oah: Operation not permitted
find: /System/Volumes/Data/private/var/db/lockdown: Operation not permitted
find: /System/Volumes/Data/private/var/db/KernelExtensionManagement/Staging: Operation not permitted
find: /System/Volumes/Data/private/var/db/DifferentialPrivacy: Operation not permitted
find: /System/Volumes/Data/private/var/db/MobileIdentityService: Operation not permitted
find: /System/Volumes/Data/private/var/db/searchparty: Operation not permitted
find: /System/Volumes/Data/private/var/db/CoreDuet/Knowledge: Operation not permitted
find: /System/Volumes/Data/private/var/db/ConfigurationProfiles/Store: Operation not permitted
find: /System/Volumes/Data/private/var/folders/wp/f6srgbb54x16r_d6bddv90mr0000gn/0/com.apple.ScreenTimeAgent/Store: Operation not permitted
find: /System/Volumes/Data/private/var/folders/wp/f6srgbb54x16r_d6bddv90mr0000gn/0/com.apple.lockoutagent: Operation not permitted
find: /System/Volumes/Data/private/var/folders/wp/f6srgbb54x16r_d6bddv90mr0000gn/0/com.apple.progressd/ClassKit: Operation not permitted
find: /System/Volumes/Data/private/var/folders/wp/f6srgbb54x16r_d6bddv90mr0000gn/0/com.apple.exchangesync: Operation not permitted
find: /System/Volumes/Data/private/var/folders/wp/f6srgbb54x16r_d6bddv90mr0000gn/0/com.apple.secinitd/Store: Operation not permitted
find: /System/Volumes/Data/private/var/folders/wp/f6srgbb54x16r_d6bddv90mr0000gn/0/com.apple.LaunchServices.dv: Operation not permitted
find: /System/Volumes/Data/private/var/folders/wp/f6srgbb54x16r_d6bddv90mr0000gn/0/dmd: Operation not permitted
find: /System/Volumes/Data/private/var/folders/wp/f6srgbb54x16r_d6bddv90mr0000gn/0/com.apple.nsurlsessiond: Operation not permitted
find: /System/Volumes/Data/private/var/folders/wp/f6srgbb54x16r_d6bddv90mr0000gn/0/com.apple.SharedWebCredentials: Operation not permitted
find: /System/Volumes/Data/private/var/folders/wp/f6srgbb54x16r_d6bddv90mr0000gn/0/com.apple.routined/dv: Operation not permitted
find: /System/Volumes/Data/private/var/folders/wp/f6srgbb54x16r_d6bddv90mr0000gn/C/com.apple.WebKit.WebContent.Sandbox: Operation not permitted
find: /System/Volumes/Data/private/var/folders/wp/f6srgbb54x16r_d6bddv90mr0000gn/C/com.apple.WebKit.Networking.Sandbox: Operation not permitted
find: /System/Volumes/Data/private/var/folders/wp/f6srgbb54x16r_d6bddv90mr0000gn/C/com.apple.quicklook.ThumbnailsAgent/com.apple.QuickLook.thumbnailcache: Operation not permitted
find: /System/Volumes/Data/private/var/folders/wp/f6srgbb54x16r_d6bddv90mr0000gn/C/com.apple.WebKit.GPU.Sandbox: Operation not permitted
find: /System/Volumes/Data/private/var/folders/zz/zyxvpxvq6csfxvn_n00000sm00006d/0: Operation not permitted
find: /System/Volumes/Data/private/var/folders/zz/zyxvpxvq6csfxvn_n00000sm00006d/C: Operation not permitted
find: /System/Volumes/Data/private/var/folders/zz/zyxvpxvq6csfxvn_n00000y800007k/0/com.apple.nsurlsessiond: Operation not permitted
find: /System/Volumes/Data/private/var/folders/zz/zyxvpxvq6csfxvn_n00000z000007r/0/com.apple.ScreenTimeAgent/Store: Operation not permitted
find: /System/Volumes/Data/private/var/folders/zz/zyxvpxvq6csfxvn_n00000z000007r/0/com.apple.lockoutagent: Operation not permitted
find: /System/Volumes/Data/private/var/folders/zz/zyxvpxvq6csfxvn_n00000z000007r/0/com.apple.exchangesync: Operation not permitted
find: /System/Volumes/Data/private/var/folders/zz/zyxvpxvq6csfxvn_n00000z000007r/0/dmd: Operation not permitted
find: /System/Volumes/Data/private/var/folders/zz/zyxvpxvq6csfxvn_n00000z000007r/0/com.apple.nsurlsessiond: Operation not permitted
find: /System/Volumes/Data/private/var/folders/zz/zyxvpxvq6csfxvn_n00000z000007r/0/com.apple.SharedWebCredentials: Operation not permitted
find: /System/Volumes/Data/private/var/folders/zz/zyxvpxvq6csfxvn_n00000z000007r/0/com.apple.routined/dv: Operation not permitted
find: /System/Volumes/Data/private/var/folders/zz/zyxvpxvq6csfxvn_n00000z000007r/C/com.apple.WebKit.WebContent.Sandbox: Operation not permitted
find: /System/Volumes/Data/private/var/folders/zz/zyxvpxvq6csfxvn_n00000z000007r/C/com.apple.WebKit.Networking.Sandbox: Operation not permitted
find: /System/Volumes/Data/private/var/folders/zz/zyxvpxvq6csfxvn_n00000z000007r/C/com.apple.quicklook.ThumbnailsAgent/com.apple.QuickLook.thumbnailcache: Operation not permitted
find: /System/Volumes/Data/private/var/folders/zz/zyxvpxvq6csfxvn_n00000z000007r/C/com.apple.WebKit.GPU.Sandbox: Operation not permitted
find: /System/Volumes/Data/private/var/folders/zz/zyxvpxvq6csfxvn_n0000000000000/0/com.apple.LaunchServices.dv: Operation not permitted
find: /System/Volumes/Data/private/var/folders/bn/zwnjmf9x1yj6t0xp49m7wwpw0000gp/0/com.apple.LaunchServices.dv: Operation not permitted
find: /System/Volumes/Data/private/var/protected/trustd/private: Operation not permitted
find: /System/Volumes/Data/.DocumentRevisions-V100: No such file or directory
/System/Volumes/Data/Users/maxieds/psycho-boy-nonfiction-book2/.git/objects/pack/pack-2ee2cf32776665003e2ddec304c18debab21f5c1.pack
/System/Volumes/Data/Users/maxieds/psycho-boy-nonfiction-book2/.git/objects/pack/pack-59fc5176c8ff6de62e8892cb5b30447e6a45bde2.pack
/System/Volumes/Data/Users/maxieds/psycho-boy-nonfiction-book2/.git/objects/pack/pack-416511bc085a98c2137f2bbe895a5d4c5c3b5bef.pack
/System/Volumes/Data/Users/maxieds/psycho-boy-nonfiction-book2/.git/objects/pack/pack-89a3b918566a1262404b425d5cb9a56f8d36be7a.pack
/System/Volumes/Data/Users/maxieds/psycho-boy-nonfiction-book2/.git/objects/pack/pack-001c48154b39124a4b190728338f5e43cadf6522.pack
/System/Volumes/Data/Users/maxieds/psycho-boy-nonfiction-book2/.git/objects/pack/tmp_pack_pfFwKl
/System/Volumes/Data/Users/maxieds/psycho-boy-nonfiction-book2/.git/objects/pack/pack-e5ea498e82b5e877cd04bb681a7beb57c66babe5.pack
/System/Volumes/Data/Users/maxieds/psycho-boy-nonfiction-book2/.git/objects/pack/tmp_pack_hI4U9R
/System/Volumes/Data/Users/maxieds/psycho-boy-nonfiction-book2/.git/objects/pack/pack-70c1dfb1ba1f86cba05656b21a4476edb6c32b5d.pack
/System/Volumes/Data/Users/maxieds/psycho-boy-nonfiction-book2/.git/objects/pack/pack-251bd9e897a361bb8893fd9717566b99d98bb738.pack
/System/Volumes/Data/Users/maxieds/psycho-boy-nonfiction-book2/.git/objects/pack/pack-b0be98c2fde1b833861f64adf0952ec9faaefd2b.pack
/System/Volumes/Data/Users/maxieds/psycho-boy-nonfiction-book2/.git/objects/pack/pack-4ae02255d39271693070b1f9da5b6dd4f7a14f40.pack
/System/Volumes/Data/Users/maxieds/homebrew-core/.git/objects/pack/pack-62fadff790169bb1210863d482ad866af5782ef7.pack
/System/Volumes/Data/Users/maxieds/Desktop/maxieds85v5/naomimac-Library-2023-04-27-v1.zip
/System/Volumes/Data/Users/maxieds/Desktop/maxieds85v5/media-exported-files 2/videos-exported-files/IMG_0244.MOV
/System/Volumes/Data/Users/maxieds/Desktop/maxieds85v5/media-exported-files 2/videos-exported-files/RPReplay_Final1681796349.MP4
/System/Volumes/Data/Users/maxieds/Desktop/maxieds85v5/media-exported-files 2/videos-exported-files/RPReplay_Final1681795309.MP4
/System/Volumes/Data/Users/maxieds/Desktop/maxieds85v5/media-exported-files 2/videos-exported-files/RPReplay_Final1681799049.MP4
/System/Volumes/Data/Users/maxieds/Desktop/maxieds85v5/media-exported-files 5/videos-exported-files/RPReplay_Final1681907706.MP4
/System/Volumes/Data/Users/maxieds/Desktop/maxieds85v5/media-exported-files 5/videos-exported-files/RPReplay_Final1681794349.MP4
/System/Volumes/Data/Users/maxieds/Desktop/maxieds85v5/media-exported-files 5/videos-exported-files/RPReplay_Final1681843920.MP4
/System/Volumes/Data/Users/maxieds/Desktop/maxieds85v5/media-exported-files 4/photos-exported-files/photos-library-all/IMG_0244.MOV
/System/Volumes/Data/Users/maxieds/Desktop/maxieds85v5/media-exported-files 4/photos-exported-files/photos-library-all/IMG_0168.MOV
/System/Volumes/Data/Users/maxieds/Desktop/maxieds85v5/media-exported-files 4/videos-exported-files/RPReplay_Final1681796931.MP4
/System/Volumes/Data/Users/maxieds/Desktop/maxieds85v5/media-exported-files 4/videos-exported-files/RPReplay_Final1681905162.MP4
/System/Volumes/Data/Users/maxieds/Desktop/maxieds85v5/media-exported-files 4/videos-exported-files/RPReplay_Final1685558147.MP4
/System/Volumes/Data/Users/maxieds/Desktop/maxieds85v5/media-exported-files 3/videos-exported-files/RPReplay_Final1681797231.MP4
/System/Volumes/Data/Users/maxieds/Desktop/maxieds85v5/media-exported-files 3/videos-exported-files/RPReplay_Final1681795045.MP4
/System/Volumes/Data/Users/maxieds/Desktop/maxieds85v5/media-exported-files 3/videos-exported-files/RPReplay_Final1681902528.MP4
/System/Volumes/Data/Users/maxieds/Desktop/maxieds85v5/media-exported-files/videos-exported-files/RPReplay_Final1681868616.MP4
/System/Volumes/Data/Users/maxieds/Desktop/maxieds85v5/media-exported-files/videos-exported-files/IMG_0168.MOV
/System/Volumes/Data/Users/maxieds/Desktop/It Gets Pissed And Mouths Off - MacPorts And Others - Screen Recording 2026-07-12 at 1.21.50 AM.mov
/System/Volumes/Data/Users/maxieds/Desktop/archived-desktop/googlechrome.dmg
/System/Volumes/Data/Users/maxieds/Desktop/archived-desktop/Screen Recording 2025-07-14 at 4.00.37 PM.mov
/System/Volumes/Data/Users/maxieds/Desktop/IETF Hackathon 555 Battle - Screen Recording 2026-07-12 at 3.42.25 AM.mov
/System/Volumes/Data/Users/maxieds/Library/Application Support/Firefox/.Firefox/Profiles/2fk8tjfz.default-release/remote-settings/quicksuggest-amp.sql
/System/Volumes/Data/Users/maxieds/Library/Application Support/Firefox/Profiles/z6e28awo.default-release/storage/default/https+++studio.youtube.com/idb/2182124985UepslaobaadtsaD.files/1
/System/Volumes/Data/Users/maxieds/Library/Application Support/.Application Support/Google/GoogleUpdater/crx_cache/bafbfd2f683cd2c26c57a0378be87fb640fd06d6c1d79bbf2637eec319ee5273
/System/Volumes/Data/Users/maxieds/Library/Application Support/.Application Support/Google/Chrome/component_crx_cache/62cb0d74f6c57e60be62e8e45d3b57eea1926dbb6d7b624a9295bcc2cb301424
/System/Volumes/Data/Users/maxieds/Library/Android/sdk/.downloadIntermediates/arm64-v8a-36.1_r04.zip.asdownload
/System/Volumes/Data/Users/maxieds/Library/Android/sdk/system-images/android-35/google_apis/x86_64/system.img
/System/Volumes/Data/Users/maxieds/Library/Android/sdk/system-images/android-35/google_apis/x86_64/vendor.img
/System/Volumes/Data/Users/maxieds/Library/Android/sdk/system-images/android-36.1/google_apis/arm64-v8a/system.img
/System/Volumes/Data/Users/maxieds/Library/Android/sdk/system-images/android-36.1/google_apis/arm64-v8a/vendor.img
/System/Volumes/Data/Users/maxieds/Library/Android/sdk/system-images/android-36.1/google_apis/x86_64/system.img
/System/Volumes/Data/Users/maxieds/Library/Android/sdk/system-images/android-36.1/google_apis/x86_64/vendor.img
/System/Volumes/Data/Users/maxieds/Library/Android/sdk/system-images/android-36.1/google_apis_playstore_ps16k/arm64-v8a/system.img
/System/Volumes/Data/Users/maxieds/Library/Android/sdk/system-images/android-36.1/google_apis_playstore_ps16k/x86_64/system.img
/System/Volumes/Data/Users/maxieds/Library/Android/sdk/system-images/android-36.1/google_apis_playstore/x86_64/system.img
/System/Volumes/Data/Users/maxieds/Library/Android/sdk/system-images/android-36.1/google_apis_ps16k/arm64-v8a/system.img
/System/Volumes/Data/Users/maxieds/Library/Android/sdk/system-images/android-36.1/google_apis_ps16k/arm64-v8a/vendor.img
/System/Volumes/Data/Users/maxieds/Library/Android/sdk/system-images/android-36.1/google_apis_ps16k/x86_64/system.img
/System/Volumes/Data/Users/maxieds/Library/Android/sdk/system-images/android-36.1/google_apis_ps16k/x86_64/vendor.img
/System/Volumes/Data/Users/maxieds/Library/Android/sdk/emulator/lib64/qt/lib/libQt6WebEngineCoreAndroidEmu.6.5.3.dylib
/System/Volumes/Data/Users/maxieds/Library/Android/sdk/emulator/lib64/vulkan/libLLVM.dylib
/System/Volumes/Data/Users/maxieds/Library/.Homebrew/aom--git/.git/objects/pack/pack-96bddab7830de21a405511498fd5127141e5fe93.pack
/System/Volumes/Data/Users/maxieds/.android/avd/Medium_Phone_-_Android_Emulator.avd/sdcard.img
/System/Volumes/Data/Users/maxieds/.android/avd/Medium_Phone_-_Android_Emulator.avd/snapshots/default_boot/ram.bin
/System/Volumes/Data/Users/maxieds/.android/avd/Medium_Phone_-_Android_Emulator.avd/cache.img.qcow2
/System/Volumes/Data/Users/maxieds/.android/avd/Medium_Phone_-_Android_Emulator.avd/userdata-qemu.img.qcow2
/System/Volumes/Data/Users/maxieds/MertensFunctionManuscriptMathematics/.git/objects/pack/pack-7671113b12ae21d48e70b9889b7929967353ae52.pack
/System/Volumes/Data/Users/maxieds/GATechGTDMMBSoftwareBackup/.git/objects/pack/pack-f277dc7a436a49f9a156792ecdbc1b3e36204a58.pack
/System/Volumes/Data/Users/maxieds/.gradle/wrapper/dists/gradle-8.13-bin/5xuhj0ry160q40clulazy9h7d/gradle-8.13-bin.zip
/System/Volumes/Data/Users/maxieds/.gradle/caches/9.1.0/transforms/a5a00ea525035b1b38069504539d891d/transformed/instrumented/instrumented-gradle-api-8.12.jar
/System/Volumes/Data/Users/maxieds/.gradle/caches/jars-9/o_05b91c8a727ce0a6db707467668252d4/lib.jar
/System/Volumes/Data/Users/maxieds/.gradle/caches/9.0.0/transforms/6a968c1f645ffc289938d1091515829a/transformed/instrumented/instrumented-gradle-api-8.12.jar
/System/Volumes/Data/Users/maxieds/.gradle/caches/8.11.1/transforms/18b8f7404c51c935555f5e75c126c6a3/transformed/instrumented/instrumented-gradle-api-8.12.jar
/System/Volumes/Data/Users/maxieds/.gradle/caches/8.12/transforms/4081310a90c6ecd1ed151f3d90004f0b/transformed/instrumented/instrumented-gradle-api-8.12.jar
/System/Volumes/Data/Users/maxieds/.gradle/caches/8.13/transforms/79c781d3b236004f3a5f172098e3417a/transformed/instrumented/instrumented-gradle-api-8.12.jar
/System/Volumes/Data/Users/maxieds/.gradle/caches/9.3.1/transforms/69caf8b4224271414f81c70a9f7c1a12/transformed/instrumented/instrumented-gradle-api-8.12.jar
/System/Volumes/Data/Users/maxieds/.Trash/post-july4th2026-obamalib-recovery/mac-terminal-logs/Terminal Saved Output - Archiving Capture The Flag Mac Personal Non-Standard Application Data To My Google Drive - Xcode In Particular Is Filthy.txt
/System/Volumes/Data/Users/maxieds/Documents/JayadevImages.zip
/System/Volumes/Data/Users/maxieds/Downloads/Discord.dmg
/System/Volumes/Data/Users/maxieds/Downloads/gimp-3.0.4-x86_64.dmg
/System/Volumes/Data/Users/maxieds/Downloads/LibreOffice_25.8.4_MacOS_aarch64.dmg
/System/Volumes/Data/Users/maxieds/Downloads/Firefox 141.0.2.dmg
/System/Volumes/Data/Users/maxieds/Downloads/MicrosoftTeams.pkg
/System/Volumes/Data/Users/maxieds/Downloads/LibreOffice_25.8.4_MacOS_x86-64.dmg
/System/Volumes/Data/Users/maxieds/Downloads/Workpuls.dmg
/System/Volumes/Data/Applications/Android Studio Meerkat.app/Contents/plugins/Kotlin/lib/kotlin-plugin.jar
/System/Volumes/Data/Applications/Android Studio Meerkat.app/Contents/plugins/android-ndk/resources/lldb/lib64/liblldb.dylib
/System/Volumes/Data/Applications/Android Studio Meerkat.app/Contents/lib/app.jar
/System/Volumes/Data/Applications/Android Studio Meerkat.app/Contents/lib/lib.jar
/System/Volumes/Data/Applications/Android Studio Chipmunk.app/Contents/plugins/android-ndk/resources/lldb/lib64/liblldb.14.0.0git.dylib
/System/Volumes/Data/Applications/Android Studio Chipmunk.app/Contents/plugins/c-clangd/bin/clang/mac/clangd
/System/Volumes/Data/Applications/Android Studio Chipmunk.app/Contents/lib/platform-impl.jar
/System/Volumes/Data/Applications/Google Chrome.app/Contents/Frameworks/Google Chrome Framework.framework/Versions/150.0.7871.114/Google Chrome Framework
/System/Volumes/Data/Applications/Google Chrome.app/Contents/Frameworks/Google Chrome Framework.framework/Versions/149.0.7827.201/Google Chrome Framework
/System/Volumes/Data/Applications/Xcode.app/Contents/_CodeSignature/CodeResources
/System/Volumes/Data/Applications/Xcode.app/Contents/Developer/Platforms/iPhoneOS.platform/_CodeSignature/CodeResources
/System/Volumes/Data/Applications/Xcode.app/Contents/Developer/Platforms/iPhoneOS.platform/Library/Developer/CoreSimulator/Profiles/Runtimes/iOS.simruntime/Contents/_CodeSignature/CodeResources
/System/Volumes/Data/Applications/Xcode.app/Contents/Developer/Platforms/iPhoneOS.platform/Library/Developer/CoreSimulator/Profiles/Runtimes/iOS.simruntime/Contents/Resources/RuntimeRoot/System/Library/PrivateFrameworks/UIKitCore.framework/UIKitCore
/System/Volumes/Data/Applications/Xcode.app/Contents/Developer/Platforms/iPhoneOS.platform/Library/Developer/CoreSimulator/Profiles/Runtimes/iOS.simruntime/Contents/Resources/RuntimeRoot/System/Library/PrivateFrameworks/SFSymbols.framework/CoreGlyphs.bundle/Assets.car
/System/Volumes/Data/Applications/Xcode.app/Contents/Developer/Platforms/iPhoneOS.platform/Library/Developer/CoreSimulator/Profiles/Runtimes/iOS.simruntime/Contents/Resources/RuntimeRoot/System/Library/Fonts/CoreAddition/AppleColorEmoji-160px.ttc
/System/Volumes/Data/Applications/Xcode.app/Contents/Developer/Platforms/iPhoneOS.platform/Library/Developer/CoreSimulator/Profiles/Runtimes/iOS.simruntime/Contents/Resources/RuntimeRoot/System/Cryptexes/OS/System/Library/PrivateFrameworks/WebCore.framework/WebCore
/System/Volumes/Data/Applications/Xcode.app/Contents/Developer/Toolchains/XcodeDefault.xctoolchain/usr/bin/clang
/System/Volumes/Data/Applications/Xcode.app/Contents/Developer/Toolchains/XcodeDefault.xctoolchain/usr/bin/swift-frontend
/System/Volumes/Data/Applications/Xcode.app/Contents/Developer/Toolchains/XcodeDefault.xctoolchain/usr/lib/sourcekitdInProc.framework/Versions/A/sourcekitdInProc
/System/Volumes/Data/Applications/Xcode.app/Contents/Developer/Toolchains/XcodeDefault.xctoolchain/usr/lib/libclang.dylib
/System/Volumes/Data/Applications/Xcode.app/Contents/Developer/Toolchains/XcodeDefault.xctoolchain/usr/lib/libLTO.dylib
/System/Volumes/Data/Applications/Xcode.app/Contents/Developer/Toolchains/XcodeDefault.xctoolchain/usr/lib/swift/macosx/lib_InternalSwiftScan.dylib
/System/Volumes/Data/Applications/Xcode.app/Contents/SharedFrameworks/LLDB.framework/Versions/A/LLDB
/System/Volumes/Data/Applications/Xcode.app/Contents/SharedFrameworks/DNTDocumentationSupport.framework/Versions/A/Resources/external/index/data.mdb
/System/Volumes/Data/Applications/Xcode.app/Contents/Resources/Packages/CoreTypes.pkg
/System/Volumes/Data/Applications/Xcode.app/Contents/Frameworks/libclang.dylib
/System/Volumes/Data/Applications/Xcode.app/Contents/Frameworks/libLTO.dylib
/System/Volumes/Data/Applications/Workpuls.app/Contents/Frameworks/Electron Framework.framework/Versions/A/Electron Framework
/System/Volumes/Data/Applications/LibreOffice.app/Contents/Frameworks/libmergedlo.dylib
/System/Volumes/Data/Applications/Android Studio Bumblebee.app/Contents/lib/platform-impl.jar
/System/Volumes/Data/Applications/Firefox.app/Contents/MacOS/XUL
/System/Volumes/Data/Applications/Slack.app/Contents/Frameworks/Electron Framework.framework/Versions/A/Electron Framework
/System/Volumes/Data/Applications/Discord.app/Contents/Frameworks/Electron Framework.framework/Versions/A/Electron Framework
/System/Volumes/Data/opt/local/var/macports/software/openjdk17/openjdk17-17.0.17_0+release+server.darwin_21.x86_64/opt/local/Library/Java/JavaVirtualMachines/openjdk17/Contents/Home/lib/modules
/System/Volumes/Data/opt/local/var/macports/registry/registry.db
/System/Volumes/Data/opt/local/Library/Java/JavaVirtualMachines/openjdk17/Contents/Home/lib/modules
find: /System/Volumes/Data/.PreviousSystemInformation: No such file or directory
find: /System/Volumes/Data/.TemporaryItems: No such file or directory
