  PID   TT  STAT      TIME COMMAND
    1   ??  Ss     0:12.28 /sbin/launchd
   99   ??  Ss     0:02.75 /usr/libexec/logd
  100   ??  Ss     0:00.92 /usr/libexec/UserEventAgent (System)
  103   ??  Ss     0:00.08 /System/Library/PrivateFrameworks/Uninstall.framework/Resources/uninstalld
  104   ??  Ss     0:07.97 /System/Library/Frameworks/CoreServices.framework/Versions/A/Frameworks/FSEvents.framework/Versions/A/Support/fseventsd
  105   ??  Ss     0:00.71 /System/Library/PrivateFrameworks/MediaRemote.framework/Support/mediaremoted
  108   ??  Ss     0:01.15 /usr/sbin/systemstats --daemon
  110   ??  Ss     0:01.14 /usr/libexec/configd
  111   ??  Ss     0:00.01 endpointsecurityd
  112   ??  Ss     0:02.03 /System/Library/CoreServices/powerd.bundle/powerd
  116   ??  Ss     0:00.07 /usr/libexec/remoted
  118   ??  Ss     0:00.41 /usr/libexec/keybagd -t 15
  119   ??  Ss     0:00.20 /System/Library/PrivateFrameworks/MobileSoftwareUpdate.framework/Support/softwareupdated
  121   ??  Ss     0:00.12 /usr/libexec/watchdogd
  125   ??  Ss     1:29.46 /System/Library/Frameworks/CoreServices.framework/Frameworks/Metadata.framework/Support/mds
  126   ??  Ss     0:00.15 /System/Library/CoreServices/iconservicesd
  127   ??  Ss     0:03.17 /usr/libexec/kernelmanagerd
  128   ??  Ss     0:00.76 /usr/libexec/diskarbitrationd
  131   ??  Ss     0:01.53 /usr/libexec/coreduetd
  132   ??  Ss     0:00.19 /usr/sbin/syslogd
  135   ??  Ss     0:00.03 /usr/libexec/thermalmonitord
  136   ??  Ss     0:05.43 /usr/libexec/opendirectoryd
  137   ??  Ss     0:01.18 /System/Library/PrivateFrameworks/ApplePushService.framework/apsd
  138   ??  Ss     0:00.93 /System/Library/CoreServices/launchservicesd
  139   ??  Ss     0:00.16 /usr/libexec/timed
  140   ??  Ss     0:00.23 /System/Library/PrivateFrameworks/MobileDevice.framework/Versions/A/Resources/usbmuxd -launchd
  141   ??  Ss     0:02.12 /usr/sbin/securityd -i
  142   ??  Ss     0:00.01 auditd -l
  147   ??  Ss     0:00.02 autofsd
  148   ??  Ss     0:00.06 /usr/libexec/displaypolicyd -k 1
  149   ??  Ss     0:02.62 /usr/libexec/dasd
  150   ??  Ss     0:00.22 /System/Library/PrivateFrameworks/Heimdal.framework/Helpers/kdc
  152   ??  Ss     0:00.17 /usr/sbin/distnoted daemon
  153   ??  Ss     0:00.05 /System/Library/PrivateFrameworks/AppleCredentialManager.framework/AppleCredentialManagerDaemon
  154   ??  Ss     0:02.49 /usr/libexec/PerfPowerServices
  156   ??  Ss     0:00.11 /System/Library/CoreServices/logind
  157   ??  Ss     0:00.13 /System/Library/PrivateFrameworks/GenerationalStorage.framework/Versions/A/Support/revisiond
  158   ??  Ss     0:00.02 /usr/sbin/KernelEventAgent
  160   ??  Ss     0:00.69 /usr/sbin/bluetoothd
  161   ??  Ss     0:01.54 /usr/sbin/notifyd
  162   ??  Ss     0:00.10 /usr/libexec/sandboxd
  163   ??  Ss     0:03.52 /usr/libexec/corebrightnessd --launchd
  164   ??  Ss     0:00.37 /usr/libexec/AirPlayXPCHelper
  165   ??  Ss     0:00.07 /System/Library/Frameworks/CoreMediaIO.framework/Versions/A/Resources/com.apple.cmio.registerassistantservice
  166   ??  Ss     0:02.13 /usr/sbin/cfprefsd daemon
  167   ??  Us     2:13.17 /System/Library/PrivateFrameworks/SkyLight.framework/Resources/WindowServer -daemon
  168   ??  Ss     0:03.09 /System/Library/PrivateFrameworks/TCC.framework/Support/tccd system
  169   ??  Ss     0:00.03 aslmanager
  170   ??  Ss     0:03.49 /usr/libexec/trustd
  171   ??  Ss     0:01.00 /System/Library/CoreServices/loginwindow.app/Contents/MacOS/loginwindow console
  172   ??  Ss     0:04.25 /usr/libexec/syspolicyd
  174   ??  Ss     0:00.36 /System/Library/CoreServices/coreservicesd
  177   ??  Ss     0:00.45 /System/Library/Frameworks/Security.framework/Versions/A/XPCServices/authd.xpc/Contents/MacOS/authd
  182   ??  S      0:00.06 /usr/sbin/distnoted agent
  183   ??  Ss     0:00.05 /usr/libexec/taskgated
  188   ??  Ss     0:03.28 /usr/libexec/runningboardd
  198   ??  Ss     0:01.24 /System/Library/PrivateFrameworks/CoreDuetContext.framework/Resources/contextstored
  199   ??  Ss     0:00.08 /usr/libexec/PowerUIAgent
  200   ??  Ss     0:02.65 /usr/libexec/airportd
  201   ??  Ss     0:01.76 /usr/sbin/coreaudiod
  205   ??  Ss     0:00.79 /usr/libexec/nehelper
  206   ??  Ss     0:03.35 /usr/libexec/symptomsd
  208   ??  Ss     0:00.15 /usr/libexec/findmydeviced
  214   ??  Ss     0:01.91 /System/Library/PrivateFrameworks/CoreAnalytics.framework/Support/analyticsd
  215   ??  Ss     0:01.28 /usr/sbin/mDNSResponder
  220   ??  Ss     0:00.48 /usr/libexec/diskmanagementd
  221   ??  Ss     0:00.02 /System/Library/Frameworks/NetFS.framework/Versions/A/XPCServices/PlugInLibraryService.xpc/Contents/MacOS/PlugInLibraryService
  222   ??  Ss     0:00.13 /usr/libexec/containermanagerd --runmode=agent --bundle-container-mode=global --bundle-container-owner=_appinstalld --system-container-mode=none
  233   ??  Ss     0:09.15 /usr/libexec/mobileassetd
  234   ??  Ss     0:00.21 /System/Library/CoreServices/backupd.bundle/Contents/Resources/backupd
  235   ??  Ss     0:00.19 /System/Library/Frameworks/Security.framework/Versions/A/XPCServices/com.apple.CodeSigningHelper.xpc/Contents/MacOS/com.apple.CodeSigningHelper
  236   ??  Ss     0:00.22 /usr/sbin/mDNSResponderHelper
  237   ??  Ss     0:00.65 /usr/libexec/lsd runAsRoot
  238   ??  Ss     0:00.15 /System/Library/PrivateFrameworks/WirelessDiagnostics.framework/Support/awdd
  239   ??  S      0:00.02 /System/Library/Frameworks/CoreServices.framework/Versions/A/Frameworks/CarbonCore.framework/Versions/A/XPCServices/csnameddatad.xpc/Contents/MacOS/csnameddatad
  241   ??  S      0:00.06 /usr/sbin/distnoted agent
  243   ??  Ss     0:00.88 /usr/libexec/nsurlsessiond --privileged
  244   ??  Ss     0:00.03 /System/Library/CryptoTokenKit/com.apple.ifdreader.slotd/Contents/MacOS/com.apple.ifdreader
  246   ??  Ss     0:00.04 /usr/libexec/apfsd
  247   ??  Ss     0:00.40 Core Audio Driver (BlackHole16ch.driver)
  248   ??  Ss     0:00.04 /usr/libexec/amfid
  249   ??  Ss     0:00.06 /usr/libexec/usbd
  251   ??  S      0:00.06 /usr/sbin/distnoted agent
  252   ??  Ss     0:00.11 /System/Library/Frameworks/CoreMediaIO.framework/Resources/VDC.plugin/Contents/Resources/VDCAssistant
  253   ??  S      0:00.09 /usr/libexec/secinitd
  254   ??  S      0:00.03 /usr/sbin/cfprefsd agent
  255   ??  Ss     0:00.07 /System/Library/PrivateFrameworks/SystemStatusServer.framework/Support/systemstatusd
  256   ??  S      0:00.20 /usr/libexec/trustd --agent
  264   ??  S      0:00.10 /usr/libexec/containermanagerd --runmode=agent --bundle-container-mode=global --bundle-container-owner=_appinstalld --system-container-mode=none
  296   ??  Ss     0:00.30 /usr/libexec/searchpartyd
  298   ??  Ss     0:00.68 /System/Library/CoreServices/Software Update.app/Contents/Resources/softwareupdated
  299   ??  Ss     0:00.03 /System/Library/CoreServices/ReportCrash daemon
  300   ??  S      0:00.06 /usr/sbin/distnoted agent
  301   ??  Ss     0:00.04 /System/Library/CoreServices/Software Update.app/Contents/Resources/suhelperd
  302   ??  Ss     0:00.07 /System/Library/Frameworks/AudioToolbox.framework/AudioComponentRegistrar -daemon
  303   ??  Ss     0:00.05 /System/Library/Frameworks/AudioToolbox.framework/XPCServices/com.apple.audio.SandboxHelper.xpc/Contents/MacOS/com.apple.audio.SandboxHelper
  304   ??  Ss     0:00.02 /System/Library/PrivateFrameworks/FindMyMac.framework/Resources/FindMyMacd
  305   ??  Ss     0:00.02 /System/Library/Frameworks/CoreAudio.framework/Versions/A/XPCServices/com.apple.audio.DriverHelper.xpc/Contents/MacOS/com.apple.audio.DriverHelper
  307   ??  Ss     0:00.47 /usr/libexec/ApplicationFirewall/socketfilterfw
  310   ??  Ss     0:00.04 /System/Library/CoreServices/backupd.bundle/Contents/Resources/backupd-helper -launchd
  311   ??  Ss    24:21.08 /System/Library/Frameworks/CoreServices.framework/Frameworks/Metadata.framework/Versions/A/Support/mds_stores
  313   ??  S      0:00.05 /usr/sbin/distnoted agent
  315   ??  S      0:00.06 /usr/sbin/distnoted agent
  320   ??  Ss     0:00.17 /System/Library/DriverExtensions/com.apple.AppleUserHIDDrivers.dext/com.apple.AppleUserHIDDrivers com.apple.driverkit.AppleUserHIDDrivers 0x100000442 com.apple.AppleUserHIDDrivers
  321   ??  Ss     0:00.02 /usr/libexec/thermald
  322   ??  Ss     0:00.11 /System/Library/Frameworks/SystemExtensions.framework/Versions/A/Helpers/sysextd
  323   ??  S      0:00.03 /usr/sbin/distnoted agent
  324   ??  Ss     0:01.22 /Library/Apple/System/Library/CoreServices/XProtect.app/Contents/XPCServices/XProtectPluginService.xpc/Contents/MacOS/XProtectPluginService
  326   ??  Ss     0:00.17 /System/Library/PrivateFrameworks/MobileSoftwareUpdate.framework/Versions/A/XPCServices/com.apple.MobileSoftwareUpdate.CleanupPreparePathService.xpc/Contents/MacOS/com.apple.MobileSoftwareUpdate.CleanupPreparePathService
  327   ??  Ss     0:00.06 /System/Library/Frameworks/CoreMediaIO.framework/Versions/A/Resources/UVCAssistant.systemextension/Contents/MacOS/UVCAssistant
  330   ??  S      0:00.05 /usr/sbin/distnoted agent
  340   ??  Ss     0:00.02 /usr/sbin/BlueTool -R
  341   ??  Ss     0:00.05 /usr/libexec/hidd
  343   ??  S      0:00.05 /usr/sbin/distnoted agent
  344   ??  Ss     0:00.07 /usr/libexec/secinitd
  345   ??  Ss     0:00.03 /System/Library/PrivateFrameworks/WiFiPolicy.framework/XPCServices/WiFiCloudAssetsXPCService.xpc/Contents/MacOS/WiFiCloudAssetsXPCService
  347   ??  Ss     0:00.45 /usr/libexec/locationd
  349   ??  Ss     0:00.04 /usr/libexec/colorsync.displayservices
  350   ??  Ss     0:00.04 /usr/libexec/colorsyncd
  351   ??  Ss     0:00.14 /usr/libexec/wifianalyticsd
  352   ??  Ss     0:00.13 /System/Library/CoreServices/appleeventsd --server
  353   ??  Ss     0:00.10 /System/Library/CoreServices/sharedfilelistd
  354   ??  S      0:00.74 /System/Library/PrivateFrameworks/ViewBridge.framework/Versions/A/XPCServices/ViewBridgeAuxiliary.xpc/Contents/MacOS/ViewBridgeAuxiliary
  356   ??  Ss     0:00.04 /usr/libexec/bootinstalld
  358   ??  Ss     0:00.02 /System/Library/PrivateFrameworks/AccountPolicy.framework/XPCServices/com.apple.AccountPolicyHelper.xpc/Contents/MacOS/com.apple.AccountPolicyHelper
  359   ??  Ss     0:00.12 /usr/libexec/symptomsd-diag
  360   ??  S      0:00.33 /System/Library/Frameworks/ApplicationServices.framework/Versions/A/Frameworks/HIServices.framework/Versions/A/XPCServices/com.apple.hiservices-xpcservice.xpc/Contents/MacOS/com.apple.hiservices-xpcservice
  361   ??  Ss     0:00.19 /usr/libexec/sysmond
  364   ??  Ss     0:00.06 /System/Library/Frameworks/GSS.framework/Helpers/GSSCred
  365   ??  Ss     0:00.04 /System/Library/Frameworks/CoreMediaIO.framework/Versions/A/Resources/AppleCamera.plugin/Contents/Resources/AppleCameraAssistant
  366   ??  S      0:00.06 /usr/sbin/systemstats --logger-helper /private/var/db/systemstats
  370   ??  Ss     0:00.06 /System/Library/Frameworks/LocalAuthentication.framework/Support/coreauthd
  372   ??  S      0:00.83 /usr/sbin/distnoted agent
  373   ??  S      0:03.12 /usr/sbin/cfprefsd agent
  374   ??  Ss     0:00.09 /usr/libexec/securityd_service
  375   ??  S      0:00.94 /usr/libexec/UserEventAgent (Aqua)
  376   ??  Ss     0:00.21 /usr/libexec/gamecontrollerd
  378   ??  S      0:00.24 /usr/sbin/universalaccessd launchd -s
  380   ??  S      0:00.97 /usr/libexec/knowledge-agent
  381   ??  S      0:00.92 /usr/libexec/lsd
  382   ??  S      0:01.75 /System/Library/PrivateFrameworks/TCC.framework/Support/tccd
  383   ??  S      0:00.50 /System/Library/PrivateFrameworks/iTunesCloud.framework/Support/itunescloudd
  384   ??  S      0:05.18 /usr/libexec/trustd --agent
  385   ??  S      0:00.02 /System/Library/Frameworks/CoreServices.framework/Versions/A/Frameworks/CarbonCore.framework/Versions/A/XPCServices/csnameddatad.xpc/Contents/MacOS/csnameddatad
  386   ??  Ss     0:00.14 /usr/libexec/logd_helper
  388   ??  S      0:02.31 /System/Library/Frameworks/Accounts.framework/Versions/A/Support/accountsd
  389   ??  S      0:00.60 /usr/libexec/secd
  390   ??  S      0:00.04 /System/Library/CoreServices/backgroundtaskmanagementagent
  391   ??  S      0:00.98 /System/Library/Frameworks/CoreTelephony.framework/Support/CommCenter -L
  392   ??  S      0:00.02 /System/Library/CoreServices/APFSUserAgent
  393   ??  S      0:00.29 /usr/libexec/rapportd
  394   ??  S      0:00.05 /System/Library/Frameworks/Security.framework/Versions/A/Resources/CloudKeychainProxy.bundle/Contents/MacOS/CloudKeychainProxy
  395   ??  S      0:00.90 /System/Library/PrivateFrameworks/SyncedDefaults.framework/Support/syncdefaultsd
  396   ??  S      0:02.38 /usr/libexec/nsurlsessiond
  397   ??  S      0:00.60 /usr/sbin/usernoted
  398   ??  S      0:03.06 /usr/libexec/containermanagerd --runmode=agent --bundle-container-mode=global --bundle-container-owner=_appinstalld --system-container-mode=none
  399   ??  S      0:00.60 /usr/libexec/routined LAUNCHED_BY_LAUNCHD
  400   ??  S      0:21.75 /usr/libexec/secinitd
  401   ??  S      0:01.38 /System/Library/PrivateFrameworks/IDS.framework/identityservicesd.app/Contents/MacOS/identityservicesd
  403   ??  S      0:00.53 /System/Library/PrivateFrameworks/DoNotDisturbServer.framework/Support/donotdisturbd
  404   ??  S      0:03.31 /System/Library/CoreServices/NotificationCenter.app/Contents/MacOS/NotificationCenter
  405   ??  S      0:00.88 /System/Library/CoreServices/WiFiAgent.app/Contents/MacOS/WiFiAgent
  406   ??  S      0:20.54 /System/Library/CoreServices/iconservicesagent
  407   ??  S      0:01.07 /System/Library/PrivateFrameworks/AssistantServices.framework/Versions/A/Support/assistantd
  409   ??  S      0:00.62 /System/Library/PrivateFrameworks/VoiceShortcuts.framework/Versions/A/Support/siriactionsd
  410   ??  S      0:00.74 /usr/libexec/networkserviceproxy
  411   ??  S      0:00.41 /System/Library/Frameworks/CoreServices.framework/Frameworks/Metadata.framework/Versions/A/Support/corespotlightd
  412   ??  S      0:01.24 /usr/libexec/swcd
  413   ??  S      0:00.41 /usr/libexec/siriknowledged
  414   ??  S      0:01.72 /System/Library/PrivateFrameworks/CloudKitDaemon.framework/Support/cloudd
  416   ??  Ss     0:00.06 /System/Library/PrivateFrameworks/SiriInference.framework/Support/siriinferenced
  418   ??  S      0:00.14 /System/Library/PrivateFrameworks/iCloudNotification.framework/iCloudNotificationAgent
  419   ??  S      0:01.99 /usr/libexec/triald
  420   ??  S      0:00.10 /System/Library/PrivateFrameworks/BiomeStreams.framework/Support/BiomeAgent
  421   ??  S      0:00.17 /System/Library/PrivateFrameworks/AppSSO.framework/Support/AppSSOAgent.app/Contents/MacOS/AppSSOAgent
  422   ??  S      0:01.22 /usr/libexec/pkd
  423   ??  S      0:01.45 /System/Library/PrivateFrameworks/CoreSuggestions.framework/Versions/A/Support/suggestd
  424   ??  S      0:00.09 /System/Library/PrivateFrameworks/PhotoLibraryServices.framework/Versions/A/Support/photolibraryd
  426   ??  S      0:00.11 /usr/libexec/pboard
  427   ??  S      0:00.05 /usr/sbin/distnoted agent
  428   ??  S      0:00.35 /System/Library/Frameworks/ApplicationServices.framework/Versions/A/Frameworks/HIServices.framework/Versions/A/XPCServices/com.apple.hiservices-xpcservice.xpc/Contents/MacOS/com.apple.hiservices-xpcservice
  429   ??  S      0:00.99 /System/Library/PrivateFrameworks/ViewBridge.framework/Versions/A/XPCServices/ViewBridgeAuxiliary.xpc/Contents/MacOS/ViewBridgeAuxiliary
  430   ??  S      0:00.19 /System/Library/PrivateFrameworks/UsageTracking.framework/Versions/A/UsageTrackingAgent
  431   ??  S      0:00.13 /System/Library/CoreServices/talagent
  432   ??  Ss     0:00.08 /System/Library/PrivateFrameworks/CoreADI.framework/adid
  433   ??  S      0:00.03 /System/Library/PrivateFrameworks/NewDeviceOutreach.framework/ndoagent
  434   ??  Ss     0:00.68 /System/Library/PrivateFrameworks/CoreEmbeddedSpeechRecognition.framework/Versions/A/XPCServices/com.apple.siri.embeddedspeech.xpc/Contents/MacOS/com.apple.siri.embeddedspeech
  435   ??  S      0:00.75 /System/Library/PrivateFrameworks/HomeKitDaemon.framework/Support/homed
  436   ??  S      0:00.72 /System/Library/PrivateFrameworks/TelephonyUtilities.framework/callservicesd
  437   ??  Ss     0:00.06 /usr/sbin/WirelessRadioManagerd
  438   ??  S      0:00.61 /usr/libexec/searchpartyuseragent
  440   ??  S      0:00.15 /System/Library/CoreServices/Keychain Circle Notification.app/Contents/MacOS/Keychain Circle Notification
  442   ??  S      0:00.02 /System/Library/PrivateFrameworks/CoreCDP.framework/Versions/A/Resources/cdpd
  443   ??  S      0:00.10 /System/Library/PrivateFrameworks/ProtectedCloudStorage.framework/Helpers/ProtectedCloudKeySyncing
  444   ??  S      0:00.39 /System/Library/Frameworks/Contacts.framework/Support/contactsd
  445   ??  S      0:00.03 /System/Library/PrivateFrameworks/CloudServices.framework/Helpers/com.apple.sbd
  446   ??  S      0:00.25 /usr/libexec/fmfd
  447   ??  Ss     0:00.26 /usr/sbin/systemsoundserverd
  450   ??  S      0:00.17 /System/Library/PrivateFrameworks/ContactsDonation.framework/Versions/A/Support/contactsdonationagent
  451   ??  S      0:00.14 /usr/libexec/neagent
  452   ??  S      0:00.16 /System/Library/CoreServices/sharedfilelistd
  453   ??  Ss     0:00.26 /usr/libexec/rtcreportingd
  456   ??  S      0:00.30 /System/Library/PrivateFrameworks/AppleMediaServices.framework/Resources/amsaccountsd
  457   ??  S      0:00.81 /System/Library/Frameworks/ApplicationServices.framework/Frameworks/ATS.framework/Support/fontd
  458   ??  S      0:00.85 /System/Library/Frameworks/ApplicationServices.framework/Versions/A/Frameworks/ATS.framework/Versions/A/Support/fontworker
  462   ??  Ss     0:00.03 /System/Library/PrivateFrameworks/SystemAdministration.framework/XPCServices/writeconfig.xpc/Contents/MacOS/writeconfig
  466   ??  S      0:00.55 /System/Library/PrivateFrameworks/AppleMediaServicesUI.framework/amsengagementd
  467   ??  S      0:00.02 /System/Library/Frameworks/CoreServices.framework/Versions/A/Frameworks/DictionaryServices.framework/Versions/A/XPCServices/com.apple.DictionaryServiceHelper.xpc/Contents/MacOS/com.apple.DictionaryServiceHelper
  468   ??  S      0:00.15 /System/Library/CoreServices/CoreServicesUIAgent.app/Contents/MacOS/CoreServicesUIAgent
  469   ??  Ss     0:06.32 /System/Applications/Calendar.app/Contents/PlugIns/CalendarWidgetExtension.appex/Contents/MacOS/CalendarWidgetExtension -AppleLanguages ("en-US")
  470   ??  Ss     0:00.48 /System/Applications/FindMy.app/Contents/PlugIns/FindMyWidgetPeople.appex/Contents/MacOS/FindMyWidgetPeople -AppleLanguages ("en-US")
  471   ??  Ss     0:00.11 /System/Applications/Photos.app/Contents/PlugIns/PhotosReliveWidget.appex/Contents/MacOS/PhotosReliveWidget -AppleLanguages ("en-US")
  472   ??  Ss     0:00.74 /System/Applications/News.app/Contents/PlugIns/NewsTag.appex/Contents/MacOS/NewsTag -AppleLanguages ("en-US")
  473   ??  Ss     0:03.20 /System/Applications/Stocks.app/Contents/PlugIns/StocksWidget.appex/Contents/MacOS/StocksWidget -AppleLanguages ("en-US")
  474   ??  Ss     0:11.45 /System/Library/CoreServices/Clock.app/Contents/PlugIns/WorldClockWidget.appex/Contents/MacOS/WorldClockWidget -AppleLanguages ("en-US")
  475   ??  S      0:00.07 /System/Library/Frameworks/LocalAuthentication.framework/Support/coreauthd
  476   ??  S      0:00.64 /usr/libexec/sharingd
  477   ??  S      0:00.12 /System/Library/Frameworks/CryptoTokenKit.framework/ctkd -tw
  479   ??  Ss     0:01.54 /System/Library/PrivateFrameworks/AmbientDisplay.framework/Versions/A/XPCServices/com.apple.AmbientDisplayAgent.xpc/Contents/MacOS/com.apple.AmbientDisplayAgent
  481   ??  S      0:03.43 /System/Library/PrivateFrameworks/GeoServices.framework/Versions/A/XPCServices/com.apple.geod.xpc/Contents/MacOS/com.apple.geod
  482   ??  Ss     0:00.45 /System/Applications/Stocks.app/Contents/PlugIns/StocksDetailIntents.appex/Contents/MacOS/StocksDetailIntents -AppleLanguages ("en-US")
  483   ??  S      0:00.30 /System/Library/PrivateFrameworks/GeoServices.framework/Versions/A/XPCServices/com.apple.geod.xpc/Contents/MacOS/com.apple.geod
  484   ??  Ss     0:00.26 /System/Applications/News.app/Contents/PlugIns/NewsTodayIntents.appex/Contents/MacOS/NewsTodayIntents -AppleLanguages ("en-US")
  485   ??  Ss     0:00.19 /usr/sbin/filecoordinationd
  486   ??  S      0:00.34 /System/Library/PrivateFrameworks/ContextKit.framework/Versions/A/XPCServices/ContextService.xpc/Contents/MacOS/ContextService
  487   ??  S      0:02.00 /System/Library/PrivateFrameworks/CalendarAgent.framework/Executables/CalendarAgent
  489   ??  Ss     0:00.06 /System/Library/CoreServices/iconservicesagent runAsRoot
  490   ??  Ss     0:02.39 /System/Applications/News.app/Contents/PlugIns/NewsToday2.appex/Contents/MacOS/NewsToday2 -AppleLanguages ("en-US")
  492   ??  Ss     0:01.66 /System/Library/CoreServices/Screen Time.app/Contents/PlugIns/ScreenTimeWidgetExtension.appex/Contents/MacOS/ScreenTimeWidgetExtension -AppleLanguages ("en-US")
  493   ??  Ss     0:00.06 /System/Library/PrivateFrameworks/CalendarWidget.framework/PlugIns/IntentsExtension.appex/Contents/MacOS/IntentsExtension -AppleLanguages ("en-US")
  494   ??  Ss     0:00.54 /System/Library/Frameworks/Metal.framework/Versions/A/XPCServices/MTLCompilerService.xpc/Contents/MacOS/MTLCompilerService
  495   ??  S      0:00.08 /System/Library/CoreServices/pbs
  496   ??  Ss     0:00.38 /System/Library/PrivateFrameworks/CalendarNotification.framework/Versions/A/XPCServices/CalNCService.xpc/Contents/MacOS/CalNCService
  497   ??  Ss     0:00.05 /System/Library/Frameworks/CryptoTokenKit.framework/ctkd -s
  498   ??  S      0:00.05 /System/Library/PrivateFrameworks/FamilyCircle.framework/Versions/A/Resources/familycircled
  499   ??  S      0:00.35 /System/Library/PrivateFrameworks/IMCore.framework/imagent.app/Contents/MacOS/imagent
  500   ??  S      0:00.12 /System/Library/PrivateFrameworks/AuthKit.framework/Versions/A/Support/akd
  501   ??  S      0:01.34 /System/Library/PrivateFrameworks/ScreenTimeCore.framework/Versions/A/ScreenTimeAgent
  502   ??  S      0:00.11 /System/Library/CoreServices/CoreLocationAgent.app/Contents/MacOS/CoreLocationAgent
  503   ??  S      0:00.46 /usr/libexec/dmd
  504   ??  Ss     0:00.10 /System/Library/PrivateFrameworks/TelephonyUtilities.framework/XPCServices/com.apple.FaceTime.FTConversationService.xpc/Contents/MacOS/com.apple.FaceTime.FTConversationService
  505   ??  S      0:00.14 /System/Library/PrivateFrameworks/UserActivity.framework/Agents/useractivityd
  506   ??  S      0:00.24 /System/Library/PrivateFrameworks/IMDPersistence.framework/XPCServices/IMDPersistenceAgent.xpc/Contents/MacOS/IMDPersistenceAgent
  507   ??  S      0:00.02 /System/Library/PrivateFrameworks/MediaRemote.framework/Support/mediaremoteagent
  508   ??  S      0:00.17 /System/Library/PrivateFrameworks/CallHistory.framework/Support/CallHistorySyncHelper
  510   ??  Ss     0:00.40 /System/Applications/Podcasts.app/Contents/PlugIns/PodcastsWidget.appex/Contents/MacOS/PodcastsWidget -AppleLanguages ("en-US")
  511   ??  Ss     0:00.26 /System/Applications/FindMy.app/Contents/PlugIns/FindMyWidgetItems.appex/Contents/MacOS/FindMyWidgetItems -AppleLanguages ("en-US")
  512   ??  Ss     0:00.13 /System/iOSSupport/System/Library/PrivateFrameworks/MobileTimer.framework/PlugIns/MobileTimerIntents.appex/Contents/MacOS/MobileTimerIntents -AppleLanguages ("en-US")
  513   ??  Ss     0:00.28 /System/Applications/FindMy.app/Contents/PlugIns/FindMyWidgetIntentsPeople.appex/Contents/MacOS/FindMyWidgetIntentsPeople -AppleLanguages ("en-US")
  515   ??  Ss     0:00.44 /System/Applications/Notes.app/Contents/PlugIns/com.apple.Notes.WidgetExtension.appex/Contents/MacOS/com.apple.Notes.WidgetExtension -AppleLanguages ("en-US")
  516   ??  Ss     0:00.16 /System/Library/CoreServices/Screen Time.app/Contents/PlugIns/ScreenTimeWidgetIntentsExtension.appex/Contents/MacOS/ScreenTimeWidgetIntentsExtension -AppleLanguages ("en-US")
  517   ??  S      0:00.06 /usr/libexec/USBAgent
  518   ??  Ss     0:00.43 /System/Applications/Reminders.app/Contents/PlugIns/RemindersWidgetExtension.appex/Contents/MacOS/RemindersWidgetExtension -AppleLanguages ("en-US")
  519   ??  Ss     0:00.14 /System/Applications/FindMy.app/Contents/PlugIns/FindMyWidgetIntentsItems.appex/Contents/MacOS/FindMyWidgetIntentsItems -AppleLanguages ("en-US")
  520   ??  S      0:00.40 /System/Library/PrivateFrameworks/CoreDuetContext.framework/Resources/ContextStoreAgent
  521   ??  Ss     0:02.00 /System/Library/CoreServices/ClimateProxy.app/Contents/PlugIns/WeatherWidget.appex/Contents/MacOS/WeatherWidget -AppleLanguages ("en-US")
  522   ??  Ss     0:00.89 /Applications/Safari.app/Contents/PlugIns/SafariWidgetExtension.appex/Contents/MacOS/SafariWidgetExtension -AppleLanguages ("en-US")
  523   ??  Ss     0:00.29 /System/Applications/Notes.app/Contents/PlugIns/com.apple.Notes.IntentsExtension.appex/Contents/MacOS/com.apple.Notes.IntentsExtension -AppleLanguages ("en-US")
  524   ??  S      0:00.36 /System/Library/CoreServices/UIKitSystem.app/Contents/MacOS/UIKitSystem system_app_start
  525   ??  S      0:01.26 /System/Library/PrivateFrameworks/CacheDelete.framework/deleted
  526   ??  Ss     0:00.22 /System/Applications/Reminders.app/Contents/PlugIns/RemindersIntentsExtension.appex/Contents/MacOS/RemindersIntentsExtension -AppleLanguages ("en-US")
  527   ??  Ss     0:00.17 /System/Library/CoreServices/ClimateProxy.app/Contents/PlugIns/WeatherIntents.appex/Contents/MacOS/WeatherIntents -AppleLanguages ("en-US")
  528   ??  Ss     0:00.03 /System/Library/PrivateFrameworks/CacheDelete.framework/deleted_helper
  529   ??  S      0:00.08 /usr/libexec/replayd
  530   ??  S      0:00.24 /System/Library/PrivateFrameworks/CloudDocsDaemon.framework/Versions/A/Support/bird
  531   ??  S      0:00.10 /System/Library/CoreServices/diagnostics_agent
  532   ??  Ss     0:00.03 /System/Library/PrivateFrameworks/PackageKit.framework/Resources/installd
  533   ??  S      0:00.57 /System/Library/PrivateFrameworks/AppStoreDaemon.framework/Support/appstoreagent
  534   ??  Ss     0:00.07 /usr/libexec/aned
  535   ??  S      0:00.03 /System/Library/PrivateFrameworks/GeoServices.framework/geodMachServiceBridge
  536   ??  S      0:00.47 /System/Library/PrivateFrameworks/FileProvider.framework/Support/fileproviderd
  537   ??  Ss     0:00.12 /usr/libexec/AssetCache/AssetCache
  538   ??  S      0:00.94 /System/Library/Frameworks/QuickLookThumbnailing.framework/Support/com.apple.quicklook.ThumbnailsAgent
  539   ??  Ss     0:00.06 /System/Library/PrivateFrameworks/CoreSymbolication.framework/coresymbolicationd
  540   ??  S      0:00.11 /System/Library/PrivateFrameworks/CommerceKit.framework/Versions/A/Resources/storedownloadd
  541   ??  Ss     0:00.03 /System/Library/PrivateFrameworks/PackageKit.framework/Resources/system_installd
  543   ??  Ss     0:00.06 /System/Applications/TV.app/Contents/PlugIns/TVCacheExtension.appex/Contents/MacOS/TVCacheExtension -AppleLanguages ("en-US")
  544   ??  Ss     0:00.23 /Applications/Safari.app/Contents/PlugIns/CacheDeleteExtension.appex/Contents/MacOS/CacheDeleteExtension -AppleLanguages ("en-US")
  545   ??  Ss     0:00.02 /System/Library/CoreServices/CrashReporterSupportHelper server-init
  546   ??  Ss     0:00.04 /System/Library/CoreServices/SubmitDiagInfo server-init
  552   ??  S      0:47.29 /System/Applications/Utilities/Terminal.app/Contents/MacOS/Terminal
  553   ??  S      0:03.60 /System/Library/CoreServices/Dock.app/Contents/MacOS/Dock
  554   ??  S      0:05.16 /System/Library/CoreServices/ControlCenter.app/Contents/MacOS/ControlCenter
  555   ??  S      0:00.22 /System/Library/CoreServices/SystemUIServer.app/Contents/MacOS/SystemUIServer
  556   ??  S      0:13.38 /System/Library/CoreServices/Finder.app/Contents/MacOS/Finder
  559   ??  S      0:00.66 /System/Library/CoreServices/Spotlight.app/Contents/MacOS/Spotlight
  560   ??  Ss     0:00.10 /System/Library/Frameworks/QuickLookUI.framework/Versions/A/XPCServices/QuickLookUIService.xpc/Contents/MacOS/QuickLookUIService
  561   ??  S      0:00.58 /System/Library/PrivateFrameworks/CoreParsec.framework/parsecd
  562   ??  S      0:00.19 /usr/libexec/avconferenced
  563   ??  Ss     0:00.03 automountd
  565   ??  S      0:00.09 /System/Library/PrivateFrameworks/AMPDevices.framework/Versions/A/Support/AMPDeviceDiscoveryAgent --launchd
  567   ??  S      0:00.08 /System/Library/Frameworks/AudioToolbox.framework/AudioComponentRegistrar
  568   ??  Ss     0:00.11 /usr/libexec/nfcd
  569   ??  Ss     0:01.79 /System/Library/Frameworks/VideoToolbox.framework/Versions/A/XPCServices/VTDecoderXPCService.xpc/Contents/MacOS/VTDecoderXPCService
  570   ??  Ss     0:00.15 /System/Library/Frameworks/AudioToolbox.framework/XPCServices/CarbonComponentScannerXPC.xpc/Contents/MacOS/CarbonComponentScannerXPC
  573   ??  Ss     0:30.46 /System/Library/Frameworks/QuickLook.framework/Versions/A/XPCServices/QuickLookSatellite.xpc/Contents/MacOS/QuickLookSatellite
  574   ??  S      0:00.10 /System/Library/PrivateFrameworks/CommerceKit.framework/Versions/A/Resources/commerce
  575   ??  S      0:00.02 SafeEjectGPUAgent
  576   ??  S      0:00.03 /System/Library/CoreServices/Menu Extras/SafeEjectGPUExtra.menu/Contents/XPCServices/SafeEjectGPUService.xpc/Contents/MacOS/SafeEjectGPUService
  577   ??  Ss     0:00.39 /System/Library/CoreServices/Dock.app/Contents/XPCServices/com.apple.dock.extra.xpc/Contents/MacOS/com.apple.dock.extra
  578   ??  S      0:00.11 /System/Library/PrivateFrameworks/CallHistory.framework/Support/CallHistoryPluginHelper
  579   ??  S      0:00.21 /System/Library/PrivateFrameworks/CoreSpeech.framework/corespeechd
  582   ??  S      0:00.05 /System/Library/Frameworks/InputMethodKit.framework/Resources/imklaunchagent
  584   ??  S      0:00.09 /System/Library/Image Capture/Support/icdd
  585   ??  S      0:00.16 /System/Library/PrivateFrameworks/AskPermission.framework/Versions/A/Resources/askpermissiond
  587   ??  S      0:00.08 /System/Library/CoreServices/AirPlayUIAgent.app/Contents/MacOS/AirPlayUIAgent --launchd
  588   ??  S      0:00.21 /System/Library/CoreServices/cloudpaird
  589   ??  S      0:00.23 /System/Library/CoreServices/TextInputMenuAgent.app/Contents/MacOS/TextInputMenuAgent
  591   ??  Ss     0:00.06 /System/Library/Frameworks/CryptoTokenKit.framework/ctkahp.bundle/Contents/MacOS/ctkahp -d
  593   ??  Ss     0:00.05 /System/Library/Frameworks/AudioToolbox.framework/XPCServices/com.apple.audio.SandboxHelper.xpc/Contents/MacOS/com.apple.audio.SandboxHelper
  594   ??  S      0:00.17 /System/Library/CoreServices/TextInputSwitcher.app/Contents/MacOS/TextInputSwitcher
  595   ??  S      0:00.06 /System/Library/Frameworks/CryptoTokenKit.framework/ctkahp.bundle/Contents/MacOS/ctkahp
  602   ??  Ss     0:00.05 /usr/sbin/spindump
  604   ??  S      0:00.02 /usr/libexec/spindump_agent
  605   ??  Ss     0:00.05 /System/Applications/Music.app/Contents/PlugIns/MusicCacheExtension.appex/Contents/MacOS/MusicCacheExtension -AppleLanguages ("en-US")
  606   ??  S      0:00.02 /System/Library/CoreServices/ReportCrash agent
  607   ??  S      0:00.11 /usr/libexec/diagnosticextensionsd
  608   ??  Ss     0:00.07 /System/Library/PrivateFrameworks/AssetCacheServicesExtensions.framework/XPCServices/AssetCacheTetheratorService.xpc/Contents/MacOS/AssetCacheTetheratorService
  609   ??  S      0:00.04 /usr/sbin/distnoted agent
  610   ??  S      0:00.95 /Library/Apple/System/Library/CoreServices/XProtect.app/Contents/XPCServices/XProtectPluginService.xpc/Contents/MacOS/XProtectPluginService
  611   ??  Ss     0:00.06 /System/Library/PrivateFrameworks/InstallCoordination.framework/Support/installcoordinationd
  612   ??  Ss     0:00.05 /System/Library/PrivateFrameworks/AppStoreDaemon.framework/Versions/A/XPCServices/com.apple.AppStoreDaemon.StorePrivilegedODRService.xpc/Contents/MacOS/com.apple.AppStoreDaemon.StorePrivilegedODRService
  613   ??  S      0:00.20 /usr/libexec/promotedcontentd
  614   ??  S      0:00.15 /System/Library/PrivateFrameworks/SoftwareUpdate.framework/Resources/SoftwareUpdateNotificationManager.app/Contents/MacOS/SoftwareUpdateNotificationManager
  617   ??  S      0:00.02 /System/Library/Frameworks/CoreServices.framework/Frameworks/Metadata.framework/Versions/A/Support/mdwrite
  623   ??  Ss     0:00.06 /System/Library/Frameworks/Metal.framework/Versions/A/XPCServices/MTLCompilerService.xpc/Contents/MacOS/MTLCompilerService
  627   ??  S      0:00.03 /usr/sbin/distnoted agent
  640   ??  Ss     0:00.59 /System/Library/PrivateFrameworks/Categories.framework/Versions/A/XPCServices/CategoriesService.xpc/Contents/MacOS/CategoriesService
  641   ??  Ss     0:00.16 /System/Library/PrivateFrameworks/Categories.framework/Versions/A/XPCServices/CategoriesService.xpc/Contents/MacOS/CategoriesService
  642   ??  S      0:00.50 /System/Library/CoreServices/lockoutagent
  643   ??  Ss     0:00.21 /System/Library/PrivateFrameworks/Categories.framework/Versions/A/XPCServices/CategoriesService.xpc/Contents/MacOS/CategoriesService
  644   ??  Ss     0:00.03 /System/Library/PrivateFrameworks/Categories.framework/Versions/A/XPCServices/CategoriesService.xpc/Contents/MacOS/CategoriesService
  645   ??  Ss     0:00.03 /System/Library/PrivateFrameworks/Categories.framework/Versions/A/XPCServices/CategoriesService.xpc/Contents/MacOS/CategoriesService
  646   ??  SN     0:01.91 /System/Library/Frameworks/CoreServices.framework/Frameworks/Metadata.framework/Versions/A/Support/mdbulkimport -s mdworker-bundle -c MDSImporterBundleFinder -m com.apple.metadata.mdbulkimport
  647   ??  Ss     0:00.17 /System/Library/Frameworks/QuickLookThumbnailing.framework/Versions/A/PlugIns/ThumbnailExtension_macOS.appex/Contents/MacOS/ThumbnailExtension_macOS -AppleLanguages ("en-US")
  653   ??  Ss     0:00.08 /System/Library/PrivateFrameworks/CoreLSKD.framework/Versions/A/lskdd
  663   ??  S      0:00.05 /usr/libexec/WiFiVelocityAgent
  664   ??  Ss     0:00.13 /usr/libexec/wifivelocityd
  667   ??  Ss     0:00.01 /usr/libexec/smd
  670   ??  S      0:00.03 /System/Library/PrivateFrameworks/CoreFollowUp.framework/Versions/A/Support/followupd
  679   ??  S      0:00.43 /usr/libexec/studentd
  680   ??  S      0:00.33 /System/Library/Frameworks/ClassKit.framework/Versions/A/progressd
  682   ??  Ss     0:00.09 /usr/libexec/captiveagent
  707   ??  S      0:00.09 /System/Library/PrivateFrameworks/StatusKit.framework/StatusKitAgent
  708   ??  SNs    0:00.07 /usr/sbin/netbiosd
  712   ??  S      0:00.26 /usr/libexec/tipsd
  715   ??  Ss     0:00.01 /usr/libexec/online-authd
  716   ??  S      0:00.28 /usr/libexec/adprivacyd
  720   ??  S      0:00.09 /usr/libexec/biomesyncd
  721   ??  S      0:00.58 /System/Library/PrivateFrameworks/AvatarPersistence.framework/Support/avatarsd
  727   ??  S      0:00.18 /Library/Apple/System/Library/CoreServices/SafariSupport.bundle/Contents/MacOS/PasswordBreachAgent
  728   ??  S      0:00.10 /System/Library/PrivateFrameworks/AssetCacheServices.framework/Versions/A/XPCServices/AssetCacheLocatorService.xpc/Contents/MacOS/AssetCacheLocatorService -a
  729   ??  S      0:00.23 /Library/Apple/System/Library/CoreServices/SafariSupport.bundle/Contents/MacOS/SafariBookmarksSyncAgent
  732   ??  S      0:00.05 /usr/libexec/proactiveeventtrackerd
  836   ??  S      0:00.06 /System/Library/Frameworks/CoreServices.framework/Frameworks/Metadata.framework/Versions/A/Support/mdworker -s mdworker-sizing -c MDSSizingWorker -m com.apple.mdworker.sizing
  970   ??  S      0:00.19 /System/Library/PrivateFrameworks/PaperKit.framework/Contents/LinkedNotesUIService.app/Contents/MacOS/LinkedNotesUIService
  977   ??  Ss     0:00.01 /System/Library/Frameworks/NetFS.framework/Versions/A/XPCServices/PlugInLibraryService.xpc/Contents/MacOS/PlugInLibraryService
  979   ??  Ss     0:00.10 /System/Library/PrivateFrameworks/CloudDocs.framework/PlugIns/com.apple.CloudDocs.MobileDocumentsFileProvider.appex/Contents/MacOS/com.apple.CloudDocs.MobileDocumentsFileProvider -AppleLanguages ("en-US")
  992   ??  Ss     0:00.28 /System/Library/PrivateFrameworks/Lookup.framework/Versions/A/XPCServices/LookupViewService.xpc/Contents/MacOS/LookupViewService
 1000   ??  S      0:00.31 /System/Library/Services/AppleSpell.service/Contents/MacOS/AppleSpell
 1001   ??  S      0:00.13 /usr/libexec/keyboardservicesd
 1066   ??  Ss     0:06.37 /System/Library/Frameworks/AppKit.framework/Versions/C/XPCServices/com.apple.appkit.xpc.openAndSavePanelService.xpc/Contents/MacOS/com.apple.appkit.xpc.openAndSavePanelService
 1067   ??  Ss     0:00.07 /System/Library/Frameworks/QuickLookUI.framework/Versions/A/XPCServices/QuickLookUIService.xpc/Contents/MacOS/QuickLookUIService
 1069   ??  Ss     0:00.03 /usr/libexec/memoryanalyticsd -xlatS
 1089   ??  S      0:00.04 /System/Library/Frameworks/CoreServices.framework/Frameworks/Metadata.framework/Versions/A/Support/mdworker_shared -s mdworker -c MDSImporterWorker -m com.apple.mdworker.shared
  592 s000  Ss     0:00.04 login -pf maxieds
  596 s000  S+     0:00.05 -bash
  655 s001  Ss     0:00.03 login -pfl maxieds /bin/bash -c exec -la bash /bin/bash
  656 s001  S+     0:00.02 -bash
  686 s002  Ss     0:00.02 login -pfl maxieds /bin/bash -c exec -la bash /bin/bash
  687 s002  S+     0:00.10 -bash
  813 s003  Ss     0:00.02 login -pfl maxieds /bin/bash -c exec -la bash /bin/bash
  814 s003  S+     0:00.15 -bash
  865 s004  Ss     0:00.03 login -pfl maxieds /bin/bash -c exec -la bash /bin/bash
  866 s004  S      0:00.11 -bash
 1090 s004  R+     0:00.00 ps ax
  942 s007  Ss     0:00.02 login -pfl maxieds /bin/bash -c exec -la bash /bin/bash
  943 s007  S+     0:00.08 -bash
  993 s008  Ss     0:00.02 login -pfl maxieds /bin/bash -c exec -la bash /bin/bash
  994 s008  S+     0:00.07 -bash
