ec-aebkbi	AeBonum-BoldItalic	<q-ec.enc	<aebkbi.pfb
rm-aebkbi	AeBonum-BoldItalic	<q-rm.enc	<aebkbi.pfb
ec-aebkri	AeBonum-Italic		<q-ec.enc	<aebkri.pfb
rm-aebkri	AeBonum-Italic		<q-rm.enc	<aebkri.pfb
ec-aeplbi	AePagella-BoldItalic	<q-ec.enc	<aeplbi.pfb
rm-aeplbi	AePagella-BoldItalic	<q-rm.enc	<aeplbi.pfb
ec-aeplri	AePagella-Italic	<q-ec.enc	<aeplri.pfb
rm-aeplri	AePagella-Italic	<q-rm.enc	<aeplri.pfb
ec-aecsri	AeSchola-Italic		<q-ec.enc	<aecsri.pfb
rm-aecsri	AeSchola-Italic		<q-rm.enc	<aecsri.pfb
ec-aecsbi	AeSchola-BoldItalic	<q-ec.enc	<aecsbi.pfb
rm-aecsbi	AeSchola-BoldItalic	<q-rm.enc	<aecsbi.pfb
ec-aemtti10	AeMmono10-Italic	<q-ec.enc	<aemtti10.pfb
rm-aemtti10	AeMmono10-Italic	<q-rm.enc	<aemtti10.pfb
ec-aembxi10	AeMroman10-BoldItalic	<q-ec.enc	<aembxi10.pfb
rm-aembxi10	AeMroman10-BoldItalic	<q-rm.enc	<aembxi10.pfb
ec-aemri10	AeMroman10-Italic	<q-ec.enc	<aemri10.pfb
rm-aemri10	AeMroman10-Italic	<q-rm.enc	<aemri10.pfb
ec-aemri12	AeMroman12-Italic	<q-ec.enc	<aemri12.pfb
rm-aemri12	AeMroman12-Italic	<q-rm.enc	<aemri12.pfb
ec-aemri7	AeMroman7-Italic	<q-ec.enc	<aemri7.pfb
rm-aemri7	AeMroman7-Italic	<q-rm.enc	<aemri7.pfb
ec-aemri8	AeMroman8-Italic	<q-ec.enc	<aemri8.pfb
rm-aemri8	AeMroman8-Italic	<q-rm.enc	<aemri8.pfb
ec-aemri9	AeMroman9-Italic	<q-ec.enc	<aemri9.pfb
rm-aemri9	AeMroman9-Italic	<q-rm.enc	<aemri9.pfb
