This is METAFONT, Version 2.71828182 (INIMF)  27 JAN 2026 13:39
(/opt/local/share/texmf-texlive/web2c/cp227.tcx)
**mf.ini
(/opt/local/share/texmf-texlive/metafont/config/mf.ini
(/opt/local/share/texmf-texlive/metafont/base/plain.mf
Preloading the plain base, version 2.71: preliminaries,
 basic constants and mathematical macros,
 macros for converting from device-independent units to pixels,
 macros and tables for various modes of operation,
 macros for drawing and filling,
 macros for proof labels and rules,
 macros for character and font administration,
and a few last-minute items.)
(/opt/local/share/texmf-texlive/fonts/source/public/modes/modes.mf) )
Beginning to dump on file mf.base
 (preloaded base=mf 2026.1.27)
2241 strings of total length 30247
12001 memory locations dumped; current usage is 3694&7945
1013 symbolic tokens
# actual command line used during this run
# mf-nowin -ini   -jobname=mf -progname=mf -translate-file=cp227.tcx mf.ini </dev/null
