-rw-r--r--  1 maxieds  staff   229K Jan 27 15:23 ../.android/cache/sdkbin-1_029182a5-sys-img2-3_xml
-rw-r--r--  1 maxieds  staff   214K Nov  7  2025 ../.android/cache/sdkbin-1_029f9a26-sys-img2-4_xml
-rw-r--r--  1 maxieds  staff   132K Jan 27 15:23 ../.android/cache/sdkbin-1_02c91cf8-sys-img2-3_xml
-rw-r--r--  1 maxieds  staff   115K Nov  7  2025 ../.android/cache/sdkbin-1_02d73479-sys-img2-4_xml
-rw-r--r--  1 maxieds  staff   110K Jan 27 15:23 ../.android/cache/sdkbin-1_2193743a-addon2-3_xml
-rw-r--r--  1 maxieds  staff   147K Jan 27 15:23 ../.android/cache/sdkbin-1_3ba9aebd-sys-img2-3_xml
-rw-r--r--  1 maxieds  staff   130K Nov  7  2025 ../.android/cache/sdkbin-1_3bb7c63e-sys-img2-4_xml
-rw-r--r--  1 maxieds  staff   151K Jan 27 15:23 ../.android/cache/sdkbin-1_4842592b-sys-img2-3_xml
-rw-r--r--  1 maxieds  staff   135K Nov  7  2025 ../.android/cache/sdkbin-1_485070ac-sys-img2-4_xml
-rw-r--r--  1 maxieds  staff    72K Jan 27 15:23 ../.android/cache/sdkbin-1_53ed092d-addon2-3_xml
-rw-r--r--  1 maxieds  staff   137K Jan 27 15:23 ../.android/cache/sdkbin-1_67805722-sys-img2-3_xml
-rw-r--r--  1 maxieds  staff   120K Nov  7  2025 ../.android/cache/sdkbin-1_678e6ea3-sys-img2-4_xml
-rw-r--r--  1 maxieds  staff   146K Jan 27 15:23 ../.android/cache/sdkbin-1_6dc81d35-sys-img2-3_xml
-rw-r--r--  1 maxieds  staff   129K Nov  7  2025 ../.android/cache/sdkbin-1_6dd634b6-sys-img2-4_xml
-rw-r--r--  1 maxieds  staff   227K Jan 27 15:23 ../.android/cache/sdkbin-1_705f9c93-sys-img2-3_xml
-rw-r--r--  1 maxieds  staff   213K Nov  7  2025 ../.android/cache/sdkbin-1_706db414-sys-img2-4_xml
-rw-r--r--  1 maxieds  staff   184K Jan 27 15:23 ../.android/cache/sdkbin-1_72765e83-sys-img2-3_xml
-rw-r--r--  1 maxieds  staff   166K Nov  7  2025 ../.android/cache/sdkbin-1_72847604-sys-img2-4_xml
-rw-r--r--  1 maxieds  staff   148K Jan 27 15:23 ../.android/cache/sdkbin-1_75698f08-sys-img2-3_xml
-rw-r--r--  1 maxieds  staff   132K Nov  7  2025 ../.android/cache/sdkbin-1_7577a689-sys-img2-4_xml
-rw-r--r--  1 maxieds  staff   139K Jan 27 15:23 ../.android/cache/sdkbin-1_8f346d54-sys-img2-3_xml
-rw-r--r--  1 maxieds  staff   122K Nov  7  2025 ../.android/cache/sdkbin-1_8f4284d5-sys-img2-4_xml
-rw-r--r--  1 maxieds  staff   142K Jan 27 15:23 ../.android/cache/sdkbin-1_a36dd23c-sys-img2-3_xml
-rw-r--r--  1 maxieds  staff   125K Nov  7  2025 ../.android/cache/sdkbin-1_a37be9bd-sys-img2-4_xml
-rw-r--r--  1 maxieds  staff   374K Jan 27 15:23 ../.android/cache/sdkbin-1_b743781d-repository2-2_xml
-rw-r--r--  1 maxieds  staff   381K Jan 27 15:23 ../.android/cache/sdkbin-1_b7518f9e-repository2-3_xml
-rw-r--r--  1 maxieds  staff   135K Jan 27 15:23 ../.android/cache/sdkbin-1_bda0cd14-sys-img2-3_xml
-rw-r--r--  1 maxieds  staff   118K Nov  7  2025 ../.android/cache/sdkbin-1_bdaee495-sys-img2-4_xml
-rw-r--r--  1 maxieds  staff   139K Jan 27 15:23 ../.android/cache/sdkbin-1_c44bfcd2-sys-img2-3_xml
-rw-r--r--  1 maxieds  staff   121K Nov  7  2025 ../.android/cache/sdkbin-1_c45a1453-sys-img2-4_xml
-rw-r--r--  1 maxieds  staff   132K Jan 27 15:23 ../.android/cache/sdkbin-1_d1d90657-sys-img2-3_xml
-rw-r--r--  1 maxieds  staff   114K Nov  7  2025 ../.android/cache/sdkbin-1_d1e71dd8-sys-img2-4_xml
-rw-r--r--  1 maxieds  staff   3.7K Jan 27 15:23 ../.android/cache/sdkbin-1_d2b9d222-addons_list-5_xml
-rw-r--r--  1 maxieds  staff   3.7K Nov  7  2025 ../.android/cache/sdkbin-1_d2c7e9a3-addons_list-6_xml
-rw-r--r--  1 maxieds  staff   147K Jan 27 15:23 ../.android/cache/sdkbin-1_da343b6b-sys-img2-3_xml
-rw-r--r--  1 maxieds  staff   130K Nov  7  2025 ../.android/cache/sdkbin-1_da4252ec-sys-img2-4_xml
-rw-r--r--  1 maxieds  staff   138K Jan 27 15:23 ../.android/cache/sdkbin-1_df10ac17-sys-img2-3_xml
-rw-r--r--  1 maxieds  staff   121K Nov  7  2025 ../.android/cache/sdkbin-1_df1ec398-sys-img2-4_xml
-rw-r--r--  1 maxieds  staff   309B Jan 26 15:55 ../.android/cache/sdkinf-1_029182a5-sys-img2-3_xml
-rw-r--r--  1 maxieds  staff   309B Nov  7  2025 ../.android/cache/sdkinf-1_029f9a26-sys-img2-4_xml
-rw-r--r--  1 maxieds  staff   299B Jan 26 15:55 ../.android/cache/sdkinf-1_02c91cf8-sys-img2-3_xml
-rw-r--r--  1 maxieds  staff   299B Nov  7  2025 ../.android/cache/sdkinf-1_02d73479-sys-img2-4_xml
-rw-r--r--  1 maxieds  staff   277B Jan 26 15:55 ../.android/cache/sdkinf-1_2193743a-addon2-3_xml
-rw-r--r--  1 maxieds  staff   298B Jan 26 15:55 ../.android/cache/sdkinf-1_3ba9aebd-sys-img2-3_xml
-rw-r--r--  1 maxieds  staff   298B Nov  7  2025 ../.android/cache/sdkinf-1_3bb7c63e-sys-img2-4_xml
-rw-r--r--  1 maxieds  staff   300B Jan 26 15:55 ../.android/cache/sdkinf-1_4842592b-sys-img2-3_xml
-rw-r--r--  1 maxieds  staff   300B Nov  7  2025 ../.android/cache/sdkinf-1_485070ac-sys-img2-4_xml
-rw-r--r--  1 maxieds  staff   282B Jan 26 15:55 ../.android/cache/sdkinf-1_53ed092d-addon2-3_xml
-rw-r--r--  1 maxieds  staff   306B Jan 26 15:55 ../.android/cache/sdkinf-1_67805722-sys-img2-3_xml
-rw-r--r--  1 maxieds  staff   306B Nov  7  2025 ../.android/cache/sdkinf-1_678e6ea3-sys-img2-4_xml
-rw-r--r--  1 maxieds  staff   306B Jan 26 15:55 ../.android/cache/sdkinf-1_6dc81d35-sys-img2-3_xml
-rw-r--r--  1 maxieds  staff   306B Nov  7  2025 ../.android/cache/sdkinf-1_6dd634b6-sys-img2-4_xml
-rw-r--r--  1 maxieds  staff   299B Jan 26 15:55 ../.android/cache/sdkinf-1_705f9c93-sys-img2-3_xml
-rw-r--r--  1 maxieds  staff   299B Nov  7  2025 ../.android/cache/sdkinf-1_706db414-sys-img2-4_xml
-rw-r--r--  1 maxieds  staff   295B Jan 26 15:55 ../.android/cache/sdkinf-1_72765e83-sys-img2-3_xml
-rw-r--r--  1 maxieds  staff   295B Nov  7  2025 ../.android/cache/sdkinf-1_72847604-sys-img2-4_xml
-rw-r--r--  1 maxieds  staff   298B Jan 26 15:55 ../.android/cache/sdkinf-1_75698f08-sys-img2-3_xml
-rw-r--r--  1 maxieds  staff   298B Nov  7  2025 ../.android/cache/sdkinf-1_7577a689-sys-img2-4_xml
-rw-r--r--  1 maxieds  staff   303B Jan 26 15:55 ../.android/cache/sdkinf-1_8f346d54-sys-img2-3_xml
-rw-r--r--  1 maxieds  staff   303B Nov  7  2025 ../.android/cache/sdkinf-1_8f4284d5-sys-img2-4_xml
-rw-r--r--  1 maxieds  staff   297B Jan 26 15:55 ../.android/cache/sdkinf-1_a36dd23c-sys-img2-3_xml
-rw-r--r--  1 maxieds  staff   297B Nov  7  2025 ../.android/cache/sdkinf-1_a37be9bd-sys-img2-4_xml
-rw-r--r--  1 maxieds  staff   282B Jan 26 15:55 ../.android/cache/sdkinf-1_b743781d-repository2-2_xml
-rw-r--r--  1 maxieds  staff   282B Jan 26 15:55 ../.android/cache/sdkinf-1_b7518f9e-repository2-3_xml
-rw-r--r--  1 maxieds  staff   311B Jan 26 15:55 ../.android/cache/sdkinf-1_bda0cd14-sys-img2-3_xml
-rw-r--r--  1 maxieds  staff   311B Nov  7  2025 ../.android/cache/sdkinf-1_bdaee495-sys-img2-4_xml
-rw-r--r--  1 maxieds  staff   297B Jan 26 15:55 ../.android/cache/sdkinf-1_c44bfcd2-sys-img2-3_xml
-rw-r--r--  1 maxieds  staff   297B Nov  7  2025 ../.android/cache/sdkinf-1_c45a1453-sys-img2-4_xml
-rw-r--r--  1 maxieds  staff   303B Jan 26 15:55 ../.android/cache/sdkinf-1_d1d90657-sys-img2-3_xml
-rw-r--r--  1 maxieds  staff   303B Nov  7  2025 ../.android/cache/sdkinf-1_d1e71dd8-sys-img2-4_xml
-rw-r--r--  1 maxieds  staff   280B Jan 26 15:55 ../.android/cache/sdkinf-1_d2b9d222-addons_list-5_xml
-rw-r--r--  1 maxieds  staff   280B Nov  7  2025 ../.android/cache/sdkinf-1_d2c7e9a3-addons_list-6_xml
-rw-r--r--  1 maxieds  staff   296B Jan 26 15:55 ../.android/cache/sdkinf-1_da343b6b-sys-img2-3_xml
-rw-r--r--  1 maxieds  staff   296B Nov  7  2025 ../.android/cache/sdkinf-1_da4252ec-sys-img2-4_xml
-rw-r--r--  1 maxieds  staff   321B Jan 26 15:55 ../.android/cache/sdkinf-1_df10ac17-sys-img2-3_xml
-rw-r--r--  1 maxieds  staff   321B Nov  7  2025 ../.android/cache/sdkinf-1_df1ec398-sys-img2-4_xml
