
Summary
=======
           System Version:	21H1320
           Hardware Model:	<unknown>
                 Board ID:	<unknown>
    Installed Memory Size:	0GB (0)
                Page Size:	4096
         Root Volume Type:	SSD:0,HDD:0,FUSION:0,FDE:0,RAID:0,TINYSSD:0,IN:0,EX:0,INEX:0,unknown
         Root Volume Size:	0GB (0)
     Discrete GPU Present:	0
               Total Time:	00:00:00
          Dashboard Start:	2026-05-18 13:29:46
            Dashboard End:	2026-05-18 13:29:46
Insufficient data retained for this system configuration.

Summary
=======
           System Version:	21H1320
           Hardware Model:	MacBookPro12,1
                 Board ID:	Mac-E43C1C25D4880AD6
    Installed Memory Size:	8GB (8589934592)
                Page Size:	4096
         Root Volume Type:	SSD:1,HDD:0,FUSION:0,FDE:0,RAID:0,TINYSSD:0,IN:1,EX:0,INEX:0,APFS
         Root Volume Size:	233GB (250656219136)
                 SSD Name:	APPLE SSD SM0256G
             SSD Revision:	BXW1SA0Q
     Discrete GPU Present:	0
               Total Time:	147:49:01
          Dashboard Start:	2026-05-19 20:30:08
            Dashboard End:	2026-05-26 00:18:48

Usage
=====
              Time on A/C:	47:40:33
          Time on Battery:	23:49:10
                Wake Time:	41:06:48
              User Active:	36:40:18
                User Idle:	04:26:30
           Dark Wake Time:	01:06:39
               Sleep Time:	29:17:39
             Standby Time:	00:00:00


Battery
=======
          Time on Battery:	23:49:10	-9.7 %/hr	-11465 mAh	-5531 mW
                     Wake:	06:49:19	-33.2 %/hr	-11632 mAh	-19258 mW
              User Active:	06:20:09	-32.8 %/hr	-10668 mAh	-19087 mW
                User Idle:	00:29:10	-39.9 %/hr	 -964 mAh	-23128 mW
                Dark Wake:	00:05:41	-40.3 %/hr	 -192 mAh	-65384 mW
                    Sleep:	16:54:09	0.4 %/hr	  359 mAh	-688 mW
                  Standby:	00:00:00	nan %/hr	    0 mAh	0 mW


Wake Detail Summary
===================

CPU Summary
===========
           Avg. Frequency:	2.661 GHz
           Package Power::	Pkg: 8.42W, CPU 6.08W, GPU: 0.24W
       Pkg Interrupt Rate:	Total: 9127Hz   ARPT: 116Hz   CMRA: 1Hz   HDEF: 1Hz   IGPU: 434Hz   IPI: 7301Hz   MacBookPro12,1: 5Hz   NHI0: 1Hz   SMC: 3Hz   SSD0: 369Hz   TMR: 858Hz   XHC1: 37Hz
          Pkg C-State Res:	Total: 44.1%   C2: 12%   C3: 11%   C6: 9%   C7: 3%   C8: 1%   C9: 0%   C10: 8%
        Cores C-State Res:	   C3: 0%   C6: 0%   C7: 55%
          GPU C-State Res:	   RC1: 1%   RC6: 88%
            XCPM Tier Res:	   TT5: 1%   background: 5%   idle: 68%   normal: 26%   rt_short: 0%


Thermal Summary
===============
            Total samples:	2514
    Pressure Distribution:	nominal: 1792, moderate: 637, heavy: 85
    CPU TLVL Distribution:	[MIN,1): 1290, [1,26): 218, [26,51): 265, [51,101): 668, [101,151): 70, [151,201): 3, [201,MAX): 0
    GPU TLVL Distribution:	[MIN,1): 2514, [1,26): 0, [26,51): 0, [51,101): 0, [101,151): 0, [151,201): 0, [201,MAX): 0
    IO  TLVL Distribution:	[MIN,1): 1750, [1,26): 718, [26,51): 46, [51,101): 0, [101,151): 0, [151,201): 0, [201,MAX): 0


Fan Summary
===========
            Total samples:	1601
             High samples:	44
        Very high samples:	1


I/O Summary
===========
               Disk Reads:	39244127 (258/s)
             Packets Sent:	17536475 (115/s)
              Disk Writes:	31252821 (206/s)
           Bytes Received:	49.17Gi (339.20Ki/s)
               Bytes Read:	4.29Ti (29.56Mi/s)
               Bytes Sent:	14.89Gi (102.70Ki/s)
            Bytes Written:	4.19Ti (28.93Mi/s)
         Packets Received:	41176333 (271/s)
         Ranked by all IO:		DISK READS                LOGICAL WRITES
                        	341.70Mi (34.50Mi/s)	461.21Ki (46.56Ki/s)	org.mozilla.firefox
                        	10.51Mi (1.06Mi/s)	143.42Ki (14.48Ki/s)	com.apple.finder
                        	5.65Mi (584.36Ki/s)	0.00B (0.00B/s)	com.apple.WindowServer
                        	3.44Mi (355.43Ki/s)	600.06Ki (60.58Ki/s)	com.apple.system
                        	3.57Mi (184.66Ki/s)	0.00B (0.00B/s)	com.apple.AvatarUI.AvatarPickerMemojiPicker
         Ranked by writes:		DISK READS                LOGICAL WRITES
                        	613.87Ki (34.66Ki/s)	616.57Ki (34.81Ki/s)	com.apple.cloudd
                        	3.44Mi (355.43Ki/s)	600.06Ki (60.58Ki/s)	com.apple.system
                        	341.70Mi (34.50Mi/s)	461.21Ki (46.56Ki/s)	org.mozilla.firefox
                        	10.51Mi (1.06Mi/s)	143.42Ki (14.48Ki/s)	com.apple.finder
                        	958.04Ki (96.72Ki/s)	129.89Ki (13.11Ki/s)	com.apple.news.widget


Ranked I/O Activity
===================
                     Time:	2026-05-23 09:01:30 to 2026-05-23 09:12:24 (00:10:53)
               Disk Reads:	364150 (557/s)
             Packets Sent:	209711 (321/s)
              Disk Writes:	330913 (506/s)
           Bytes Received:	1.83Gi (2.87Mi/s)
               Bytes Read:	75.71Gi (118.65Mi/s)
               Bytes Sent:	16.85Mi (26.40Ki/s)
            Bytes Written:	77.71Gi (121.78Mi/s)
         Packets Received:	1353778 (2072/s)
         Ranked by all IO:		DISK READS                LOGICAL WRITES
                        	73.38Gi (115.00Mi/s)	1.85Gi (2.90Mi/s)	org.mozilla.firefox
                        	647.76Mi (1015.13Ki/s)	582.16Ki (912.32B/s)	com.apple.Spotlight
                        	185.05Mi (290.00Ki/s)	17.52Mi (27.45Ki/s)	com.apple.system
                        	158.29Mi (248.06Ki/s)	598.80B (0.92B/s)	com.apple.finder
                        	154.90Mi (242.75Ki/s)	0.00B (0.00B/s)	com.apple.WindowServer
         Ranked by writes:		DISK READS                LOGICAL WRITES
                        	73.38Gi (115.00Mi/s)	1.85Gi (2.90Mi/s)	org.mozilla.firefox
                        	185.05Mi (290.00Ki/s)	17.52Mi (27.45Ki/s)	com.apple.system
                        	35.47Mi (27.79Ki/s)	5.58Mi (4.37Ki/s)	com.apple.lsd
                        	10.27Mi (16.09Ki/s)	4.21Mi (6.60Ki/s)	com.apple.mobileassetd
                        	7.32Mi (153.70Ki/s)	4.01Mi (84.21Ki/s)	com.apple.Safari.SafeBrowsing.Service

                     Time:	2026-05-23 09:21:50 to 2026-05-23 09:31:46 (00:09:56)
               Disk Reads:	326719 (548/s)
             Packets Sent:	13464 (23/s)
              Disk Writes:	292347 (490/s)
           Bytes Received:	72.96Mi (125.31Ki/s)
               Bytes Read:	68.25Gi (117.23Mi/s)
               Bytes Sent:	3.64Mi (6.25Ki/s)
            Bytes Written:	67.81Gi (116.47Mi/s)
         Packets Received:	64632 (108/s)
         Ranked by all IO:		DISK READS                LOGICAL WRITES
                        	64.98Gi (111.60Mi/s)	105.26Mi (180.80Ki/s)	org.mozilla.firefox
                        	534.05Mi (917.29Ki/s)	1.02Mi (1.74Ki/s)	com.apple.Spotlight
                        	375.24Mi (644.51Ki/s)	1.62Mi (2.79Ki/s)	com.apple.finder
                        	206.13Mi (354.05Ki/s)	0.00B (0.00B/s)	com.apple.WindowServer
                        	183.76Mi (315.63Ki/s)	677.65Ki (1.14Ki/s)	com.apple.Terminal
         Ranked by writes:		DISK READS                LOGICAL WRITES
                        	64.98Gi (111.60Mi/s)	105.26Mi (180.80Ki/s)	org.mozilla.firefox
                        	22.28Mi (38.28Ki/s)	17.60Mi (30.23Ki/s)	com.apple.mobileassetd
                        	88.42Mi (151.72Ki/s)	12.62Mi (21.65Ki/s)	com.apple.system
                        	25.23Mi (43.34Ki/s)	3.97Mi (6.81Ki/s)	com.apple.contextstored
                        	6.67Mi (154.61Ki/s)	3.65Mi (84.69Ki/s)	com.apple.Safari.SafeBrowsing.Service

                     Time:	2026-05-23 09:12:24 to 2026-05-23 09:21:50 (00:09:26)
               Disk Reads:	321299 (568/s)
             Packets Sent:	57145 (101/s)
              Disk Writes:	226610 (400/s)
           Bytes Received:	455.90Mi (824.77Ki/s)
               Bytes Read:	54.05Gi (97.78Mi/s)
               Bytes Sent:	8.22Mi (14.87Ki/s)
            Bytes Written:	52.89Gi (95.68Mi/s)
         Packets Received:	347029 (613/s)
         Ranked by all IO:		DISK READS                LOGICAL WRITES
                        	44.36Gi (80.26Mi/s)	411.67Mi (744.74Ki/s)	org.mozilla.firefox
                        	1.02Gi (1.85Mi/s)	5.90Mi (10.68Ki/s)	com.apple.finder
                        	592.87Mi (1.05Mi/s)	859.05Ki (1.52Ki/s)	com.apple.Spotlight
                        	432.68Mi (783.57Ki/s)	18.12Mi (32.81Ki/s)	com.apple.system
                        	347.85Mi (629.30Ki/s)	0.00B (0.00B/s)	com.apple.WindowServer
         Ranked by writes:		DISK READS                LOGICAL WRITES
                        	44.36Gi (80.26Mi/s)	411.67Mi (744.74Ki/s)	org.mozilla.firefox
                        	432.68Mi (783.57Ki/s)	18.12Mi (32.81Ki/s)	com.apple.system
                        	32.12Mi (58.10Ki/s)	9.02Mi (16.32Ki/s)	com.apple.mobileassetd
                        	1.02Gi (1.85Mi/s)	5.90Mi (10.68Ki/s)	com.apple.finder
                        	22.70Mi (51.48Ki/s)	4.36Mi (9.88Ki/s)	com.apple.triald


Airport Summary
===============
           Total Duration:	  151986.1 s

           awdl0_rx_bytes:	0.00B (0.00B/s)
        awdl0_bk_tx_bytes:	0.00B (0.00B/s)
        awdl0_be_tx_bytes:	0.00B (0.00B/s)
        awdl0_vo_tx_bytes:	0.00B (0.00B/s)
           awdl0_tx_bytes:	0.00B (0.00B/s)
        awdl0_vi_tx_bytes:	0.00B (0.00B/s)
              en_rx_bytes:	0.00B (0.00B/s)
           en_bk_tx_bytes:	0.00B (0.00B/s)
           en_be_tx_bytes:	0.00B (0.00B/s)
           en_vo_tx_bytes:	0.00B (0.00B/s)
              en_tx_bytes:	0.00B (0.00B/s)
           en_vi_tx_bytes:	0.00B (0.00B/s)

 phy_scan_user_scan_count:	       0.0    (       0.0Hz)
        awdl_radio_rx_dur:	       0.0 s  (       0.0%)
   phy_scan_user_scan_dur:	       0.0 s  (       0.0%)
              awdl_aw_dur:	       0.0 s  (       0.0%)
phy_activity_radio_tx_dur:	       0.0 s  (       0.0%)
           awdl_pscan_dur:	       0.0 s  (       0.0%)
phy_activity_radio_rx_dur:	       0.0 s  (       0.0%)
        awdl_radio_tx_dur:	       0.0 s  (       0.0%)



Bluetooth Summary
=================
           Total Duration:	  151986.1 s

BT Idle Timer Expired Count:	       0.0 (0.000/s)
BTLE Advertisement Reports Total Count:	       0.0 (0.000/s)
       BT Power Time Idle:	       0.0 s (0.0%)
        BT Power Time Off:	       0.0 s (0.0%)
         BT Power Time On:	       0.0 s (0.0%)
      BT Power Time Sleep:	       0.0 s (0.0%)




Ranked Thermal Activity
=======================
                     Time:	2026-05-24 18:57:35 to 2026-05-24 19:03:30 (00:05:54)
            Total samples:	6
    Pressure Distribution:	heavy: 6
    CPU TLVL Distribution:	[MIN,1): 0, [1,26): 0, [26,51): 0, [51,101): 1, [101,151): 3, [151,201): 2, [201,MAX): 0
    GPU TLVL Distribution:	[MIN,1): 6, [1,26): 0, [26,51): 0, [51,101): 0, [101,151): 0, [151,201): 0, [201,MAX): 0
    IO  TLVL Distribution:	[MIN,1): 0, [1,26): 0, [26,51): 6, [51,101): 0, [101,151): 0, [151,201): 0, [201,MAX): 0
           Avg. Frequency:	2.686 GHz
           Package Power::	Pkg: 19.78W, CPU 12.48W, GPU: 3.86W
       Pkg Interrupt Rate:	Total: 16280Hz   ARPT: 43Hz   HDEF: 2Hz   IGPU: 1395Hz   IPI: 12878Hz   MacBookPro12,1: 10Hz   SMC: 2Hz   SSD0: 967Hz   TMR: 927Hz   XHC1: 55Hz
          Pkg C-State Res:	Total: 2.3%   C2: 1%   C3: 1%   C6: 0%   C7: 0%   C8: 0%   C9: 0%   C10: 0%
        Cores C-State Res:	   C3: 0%   C6: 0%   C7: 25%
          GPU C-State Res:	   RC1: 2%   RC6: 17%
            XCPM Tier Res:	   TT5: 2%   background: 4%   idle: 49%   normal: 45%   rt_short: 0%
         Process Intrpts.:	1108437
                 CPU Time:	00:11:59 (203.0%)
                  	00:03:35 (60.9%)  	265460	org.mozilla.firefox
                  	00:02:41 (45.5%)  	22816	com.apple.SystemUIServer.agent
                  	00:02:09 (36.4%)  	729689	com.apple.system
                  	00:01:22 (23.2%)  	9079	com.apple.WindowServer
                  	00:00:28 (8.1%)  	5482	com.apple.Dictionary


Apps & Daemons (grouped by coalition)
=====================================
Energy Impact:
CPU Time	(CPU % of wall)		Energy Score	(Energy % of total)
28:45:02	(68.1 %)		11865331.85	(45.3 %)		org.mozilla.firefox
09:30:23	(22.5 %)		3885656.42	(14.8 %)		com.apple.system
01:01:20	(2.4 %)		3800855.10	(14.5 %)		com.apple.SystemUIServer.agent
04:19:45	(10.3 %)		3142282.67	(12.0 %)		com.apple.WindowServer
01:10:58	(2.8 %)		441392.93	(1.7 %)		com.apple.Spotlight

Ranked by Interrupts / Idle Wakeups:
118705625 (781.0/sec)	20318342 wkups (133.7/sec)	com.apple.system
51067305 (336.0/sec)	13904678 wkups (91.5/sec)	org.mozilla.firefox
4970515 (32.7/sec)	1773163 wkups (11.7/sec)	com.apple.audio.coreaudiod
3675773 (24.2/sec)	1220869 wkups (8.0/sec)	com.apple.WindowServer
1085720 (7.1/sec)	 221074 wkups (1.5/sec)	com.apple.Spotlight

Ranked by Process Launches (incl. XPC svcs. & fork()):
  14524	com.apple.Spotlight
  13353	com.apple.auditd
   2465	com.apple.Terminal
   1633	org.mozilla.firefox
   1407	com.apple.GameController.gamecontrollerd

Ranked by GPU:
01:56:38	4.60 %		com.apple.SystemUIServer.agent
00:52:48	2.08 %		com.apple.WindowServer
00:20:03	0.79 %		org.mozilla.firefox
00:01:36	0.06 %		com.apple.system
00:00:32	0.02 %		com.apple.mediaanalysisd

Ranked by Focal Duration:
No application focus info available.


Memory Summary
==============
                  Storage:	ssd
               FileSystem:	APFS
                    Total:	8.00Gi
                     Free:	198.92Mi
                    Wired:	2.33Gi
               Compressor:	1.81Gi
               Compressed:	16.77Gi
                Purgeable:	23.09Mi
                 Internal:	2.64Gi
                 External:	999.35Mi
               Swap Avail:	965.69Mi
                Swap Used:	6.31Gi

          IOAccelResident:	345.21Mi
             IOAccelWired:	218.55Mi
             IOAccelDirty:	345.10Mi
            IOAccelCached:	0.00B
         IOAccelPurgeable:	19.73Mi

                   Faults:	 3175840109
                   Purges:	   45021243 (1.16Mi/s)
               Zero-fills:	  889352776 (22.86Mi/s)
            Reactivations:	  921464282 (23.68Mi/s)
                 Page-ins:	   40687340 (1.05Mi/s)
                Page-outs:	    1666027 (43.85Ki/s)
           Decompressions:	 1657791246 (42.61Mi/s)
             Compressions:	 1737901927 (44.67Mi/s)
                 Swap-ins:	 1081128961 (27.79Mi/s)
                Swap-outs:	 1088129033 (27.97Mi/s)
                Breakdown:	          MEM          CMPRS            Purge            Wire
                	17.54Gi	14.79Gi	3.06Mi	30.17Ki	org.mozilla.firefox
                	439.73Mi	8.73Mi	0.00B	0.00B	com.apple.system
                	373.21Mi	86.03Mi	3.43Mi	34.46Mi	com.apple.WindowServer
                	360.15Mi	0.00B	2.55Mi	96.00Ki	com.google.Chrome
                	302.18Mi	218.78Mi	803.69Ki	0.00B	org.gimp.gimp-3.0

Ranked Memory Activity
======================
                     Time:	2026-05-23 09:01:30 to 2026-05-23 09:12:24 (00:10:53)
                     Free:	121.86Mi
                    Wired:	1.84Gi
               Compressor:	3.87Gi
               Compressed:	15.13Gi
                Purgeable:	4.86Mi
                 Internal:	1.74Gi
                 External:	440.97Mi
               Swap Avail:	726.50Mi
                Swap Used:	4.29Gi

          IOAccelResident:	414.54Mi
             IOAccelWired:	375.55Mi
             IOAccelDirty:	414.54Mi
            IOAccelCached:	0.00B
         IOAccelPurgeable:	202.00Ki

                   Faults:	   42111806
                   Purges:	     134908 (825.86Ki/s)
               Zero-fills:	    7156241 (42.78Mi/s)
            Reactivations:	    7744590 (46.30Mi/s)
                 Page-ins:	     158978 (973.21Ki/s)
                Page-outs:	       6947 (42.53Ki/s)
           Decompressions:	   25488253 (152.37Mi/s)
             Compressions:	   27656385 (165.34Mi/s)
                 Swap-ins:	   19459606 (116.33Mi/s)
                Swap-outs:	   19884620 (118.87Mi/s)
                Breakdown:	          MEM          CMPRS            Purge            Wire
                	15.34Gi	13.56Gi	0.00B	0.00B	org.mozilla.firefox
                	439.51Mi	12.16Mi	0.00B	0.00B	com.apple.system
                	349.43Mi	90.63Mi	133.15Ki	0.00B	com.apple.WindowServer
                	186.88Mi	170.60Mi	0.00B	0.00B	com.apple.finder
                	88.55Mi	88.35Mi	0.00B	0.00B	com.apple.security.syspolicy

                     Time:	2026-05-23 09:21:50 to 2026-05-23 09:31:46 (00:09:55)
                     Free:	204.18Mi
                    Wired:	1.87Gi
               Compressor:	4.27Gi
               Compressed:	18.25Gi
                Purgeable:	1.79Mi
                 Internal:	1.13Gi
                 External:	537.84Mi
               Swap Avail:	776.75Mi
                Swap Used:	5.24Gi

          IOAccelResident:	428.18Mi
             IOAccelWired:	344.33Mi
             IOAccelDirty:	428.18Mi
            IOAccelCached:	0.00B
         IOAccelPurgeable:	1.03Mi

                   Faults:	   34221092
                   Purges:	     187359 (1.23Mi/s)
               Zero-fills:	    4209808 (27.59Mi/s)
            Reactivations:	    8307703 (54.46Mi/s)
                 Page-ins:	      57645 (386.93Ki/s)
                Page-outs:	       8550 (57.39Ki/s)
           Decompressions:	   23339463 (152.99Mi/s)
             Compressions:	   24610522 (161.32Mi/s)
                 Swap-ins:	   17730992 (116.23Mi/s)
                Swap-outs:	   17731197 (116.23Mi/s)
                Breakdown:	          MEM          CMPRS            Purge            Wire
                	18.12Gi	16.61Gi	766.68Ki	0.00B	org.mozilla.firefox
                	456.51Mi	12.87Mi	0.00B	0.00B	com.apple.system
                	328.48Mi	90.14Mi	0.00B	0.00B	com.apple.WindowServer
                	170.48Mi	155.02Mi	0.00B	0.00B	com.apple.finder
                	88.54Mi	88.36Mi	0.00B	0.00B	com.apple.security.syspolicy

                     Time:	2026-05-23 09:12:24 to 2026-05-23 09:21:50 (00:09:26)
                     Free:	212.54Mi
                    Wired:	1.84Gi
               Compressor:	4.30Gi
               Compressed:	17.76Gi
                Purgeable:	4.92Mi
                 Internal:	1.25Gi
                 External:	411.38Mi
               Swap Avail:	825.00Mi
                Swap Used:	5.19Gi

          IOAccelResident:	398.14Mi
             IOAccelWired:	330.05Mi
             IOAccelDirty:	398.14Mi
            IOAccelCached:	0.00B
         IOAccelPurgeable:	72.00Ki

                   Faults:	   35833592
                   Purges:	     238172 (1.64Mi/s)
               Zero-fills:	    5734889 (39.57Mi/s)
            Reactivations:	    8344378 (57.58Mi/s)
                 Page-ins:	     770482 (5.32Mi/s)
                Page-outs:	       8155 (57.62Ki/s)
           Decompressions:	   22138490 (152.75Mi/s)
             Compressions:	   23515935 (162.26Mi/s)
                 Swap-ins:	   13019255 (89.83Mi/s)
                Swap-outs:	   13213521 (91.17Mi/s)
                Breakdown:	          MEM          CMPRS            Purge            Wire
                	17.66Gi	16.18Gi	242.50Ki	0.00B	org.mozilla.firefox
                	450.76Mi	14.10Mi	0.00B	0.00B	com.apple.system
                	328.23Mi	91.40Mi	253.78B	0.00B	com.apple.WindowServer
                	169.40Mi	155.06Mi	0.00B	0.00B	com.apple.finder
                	88.55Mi	88.54Mi	0.00B	0.00B	com.apple.security.syspolicy



Memory Pressure Summary
=======================
   Critical Sample Counts:	528
     Normal Sample Counts:	1720
       Warn Sample Counts:	262


Ranked Battery Usage
====================
                     Time:	2026-05-24 18:39:33 to 2026-05-24 18:49:24 (00:09:51)
            Battery Power:	-77457 mW (-146.2 %/hr)
           Avg. Frequency:	2.686 GHz
           Package Power::	Pkg: 19.42W, CPU 12.40W, GPU: 3.66W
       Pkg Interrupt Rate:	Total: 13506Hz   ARPT: 34Hz   HDEF: 2Hz   IGPU: 1391Hz   IPI: 10328Hz   MacBookPro12,1: 17Hz   SMC: 1Hz   SSD0: 719Hz   TMR: 1012Hz
          Pkg C-State Res:	Total: 2.5%   C2: 1%   C3: 1%   C6: 0%   C7: 0%   C8: 0%   C9: 0%   C10: 0%
        Cores C-State Res:	   C3: 0%   C6: 0%   C7: 28%
          GPU C-State Res:	   RC1: 2%   RC6: 18%
            XCPM Tier Res:	   TT5: 1%   background: 5%   idle: 51%   normal: 43%   rt_short: 0%
        Display Backlight:	65.0%
       Keyboard Backlight:	0.0%
                   PSR on:	36.7%
         Process Intrpts.:	1903608
                 CPU Time:	00:19:15 (195.5%)
                  	00:09:17 (94.2%)  	707448	org.mozilla.firefox
                  	00:03:55 (39.9%)  	31823	com.apple.SystemUIServer.agent
                  	00:03:11 (32.4%)  	1039425	com.apple.system
                  	00:01:32 (15.6%)  	14617	com.apple.WindowServer
                  	00:00:11 (1.9%)  	50934	com.apple.audio.coreaudiod

                     Time:	2026-05-22 11:53:58 to 2026-05-22 12:04:00 (00:10:10)
            Battery Power:	-36869 mW (-70.0 %/hr)
           Avg. Frequency:	2.916 GHz
           Package Power::	Pkg: 15.93W, CPU 13.18W, GPU: 0.47W
       Pkg Interrupt Rate:	Total: 15558Hz   ARPT: 170Hz   CMRA: 84Hz   HDEF: 7Hz   IGPU: 1471Hz   IPI: 12285Hz   MacBookPro12,1: 14Hz   NHI0: 1Hz   SMC: 6Hz   SSD0: 415Hz   TMR: 1103Hz   XHC1: 1Hz
          Pkg C-State Res:	Total: 3.3%   C2: 2%   C3: 1%   C6: 1%   C7: 0%
        Cores C-State Res:	   C3: 0%   C6: 0%   C7: 7%
          GPU C-State Res:	   RC1: 2%   RC6: 83%
            XCPM Tier Res:	   TT5: 1%   background: 18%   idle: 21%   normal: 60%   rt_short: 0%
        Display Backlight:	48.6%
       Keyboard Backlight:	90.2%
                   PSR on:	1.9%
         Process Intrpts.:	1235740
                 CPU Time:	00:30:01 (295.4%)
                  	00:11:56 (117.4%)  	32420	com.apple.Spotlight
                  	00:07:54 (77.8%)  	188770	org.mozilla.firefox
                  	00:04:52 (47.9%)  	870528	com.apple.system
                  	00:02:02 (20.1%)  	22788	com.apple.WindowServer
                  	00:00:41 (6.7%)  	94273	com.apple.audio.coreaudiod

                     Time:	2026-05-24 18:49:24 to 2026-05-24 18:59:25 (00:10:01)
            Battery Power:	-36802 mW (-83.3 %/hr)
           Avg. Frequency:	2.688 GHz
           Package Power::	Pkg: 16.85W, CPU 10.01W, GPU: 3.40W
       Pkg Interrupt Rate:	Total: 13732Hz   ARPT: 27Hz   HDEF: 2Hz   IGPU: 1193Hz   IPI: 10608Hz   MacBookPro12,1: 27Hz   SMC: 2Hz   SSD0: 848Hz   TMR: 1002Hz   XHC1: 23Hz
          Pkg C-State Res:	Total: 2.9%   C2: 2%   C3: 1%   C6: 0%   C7: 0%   C8: 0%   C9: 0%   C10: 0%
        Cores C-State Res:	   C3: 0%   C6: 0%   C7: 32%
          GPU C-State Res:	   RC1: 2%   RC6: 17%
            XCPM Tier Res:	   TT5: 2%   background: 5%   idle: 55%   normal: 38%   rt_short: 0%
        Display Backlight:	57.1%
       Keyboard Backlight:	59.8%
                   PSR on:	49.7%
         Process Intrpts.:	1684342
                 CPU Time:	00:17:59 (179.5%)
                  	00:04:49 (48.1%)  	393404	org.mozilla.firefox
                  	00:04:00 (39.9%)  	32033	com.apple.SystemUIServer.agent
                  	00:03:20 (33.3%)  	1112445	com.apple.system
                  	00:01:58 (19.7%)  	12356	com.apple.WindowServer
                  	00:01:20 (13.3%)  	14375	com.apple.Dictionary


Ranked CPU Activity
===================
                     Time:	2026-05-24 06:29:07 to 2026-05-24 06:33:56 (00:04:49)
           Avg. Frequency:	2.650 GHz
           Package Power::	Pkg: 20.70W, CPU 15.37W, GPU: 2.45W
       Pkg Interrupt Rate:	Total: 11550Hz   ARPT: 63Hz   HDEF: 1Hz   IGPU: 610Hz   IPI: 9517Hz   MacBookPro12,1: 2Hz   NHI0: 4Hz   SMC: 4Hz   SSD0: 562Hz   TMR: 772Hz   XHC1: 15Hz
          Pkg C-State Res:	Total: 0.8%   C2: 0%   C3: 0%   C6: 0%   C7: 0%   C8: 0%   C9: 0%   C10: 0%
        Cores C-State Res:	   C3: 0%   C6: 0%   C7: 8%
          GPU C-State Res:	   RC1: 1%   RC6: 53%
            XCPM Tier Res:	   TT5: 1%   background: 2%   idle: 28%   normal: 69%   rt_short: 0%
         Process Intrpts.:	537458
                 CPU Time:	00:08:16 (171.7%)
                  	00:04:25 (91.9%)  	136538	org.mozilla.firefox
                  	00:01:29 (30.9%)  	332921	com.apple.system
                  	00:01:08 (23.6%)  	6998	com.apple.SystemUIServer.agent
                  	00:00:21 (7.3%)  	1805	com.apple.WindowServer
                  	00:00:09 (3.2%)  	24807	com.apple.audio.coreaudiod

                     Time:	2026-05-24 18:19:23 to 2026-05-24 18:29:25 (00:10:02)
            Battery Power:	-27898 mW (-51.3 %/hr)
           Avg. Frequency:	2.681 GHz
           Package Power::	Pkg: 19.96W, CPU 15.07W, GPU: 2.00W
       Pkg Interrupt Rate:	Total: 15749Hz   ARPT: 27Hz   HDEF: 2Hz   IGPU: 1224Hz   IPI: 12512Hz   MacBookPro12,1: 28Hz   SMC: 1Hz   SSD0: 846Hz   TMR: 1099Hz   XHC1: 7Hz
          Pkg C-State Res:	Total: 1.2%   C2: 1%   C3: 0%   C6: 0%   C7: 0%   C8: 0%   C9: 0%   C10: 0%
        Cores C-State Res:	   C3: 0%   C6: 0%   C7: 14%
          GPU C-State Res:	   RC1: 2%   RC6: 21%
            XCPM Tier Res:	   TT5: 3%   background: 4%   idle: 33%   normal: 60%   rt_short: 0%
         Process Intrpts.:	2059193
                 CPU Time:	00:25:10 (250.6%)
                  	00:13:37 (135.7%)  	777571	org.mozilla.firefox
                  	00:03:48 (38.0%)  	1092502	com.apple.system
                  	00:03:40 (36.6%)  	30960	com.apple.SystemUIServer.agent
                  	00:01:19 (13.2%)  	8470	com.apple.WindowServer
                  	00:00:37 (6.2%)  	696	com.apple.finder

                     Time:	2026-05-24 18:59:25 to 2026-05-24 19:09:30 (00:10:04)
            Battery Power:	-29528 mW (-68.5 %/hr)
           Avg. Frequency:	2.686 GHz
           Package Power::	Pkg: 21.10W, CPU 13.59W, GPU: 4.07W
       Pkg Interrupt Rate:	Total: 17430Hz   ARPT: 50Hz   HDEF: 2Hz   IGPU: 1487Hz   IPI: 13903Hz   MacBookPro12,1: 2Hz   SMC: 2Hz   SSD0: 1021Hz   TMR: 894Hz   XHC1: 69Hz
          Pkg C-State Res:	Total: 2.1%   C2: 1%   C3: 1%   C6: 0%   C7: 0%   C8: 0%   C9: 0%   C10: 0%
        Cores C-State Res:	   C3: 0%   C6: 0%   C7: 23%
          GPU C-State Res:	   RC1: 2%   RC6: 17%
            XCPM Tier Res:	   TT5: 2%   background: 4%   idle: 46%   normal: 48%   rt_short: 0%
         Process Intrpts.:	1978512
                 CPU Time:	00:21:13 (210.6%)
                  	00:06:45 (67.1%)  	481561	org.mozilla.firefox
                  	00:04:51 (48.2%)  	42094	com.apple.SystemUIServer.agent
                  	00:03:48 (37.8%)  	1303845	com.apple.system
                  	00:02:30 (24.8%)  	16945	com.apple.WindowServer
                  	00:00:33 (5.6%)  	6960	com.apple.Dictionary


Audio Dashboard
===============
Headphone Speaker
              Active Time:	08:51:33 (21.5%)
               Avg Volume:	0.31

Builtin Speaker
              Active Time:	03:58:47 (9.7%)
               Avg Volume:	0.08


Devices Dashboard
=================
        Display Backlight:	48.9%
       Keyboard Backlight:	48.6%
                   PSR on:	37.8%

          Builtin Devices:	
                Bluetooth:	8.4%
                    Wi-Fi:	93.7%
           Builtin Camera:	1.4%

         External Devices:	
                      USB:	99.4%

Disk Usage Dashboard
====================
Root Volume Usage
     Avg Usage Percentage:	91.0%
     Max Usage Percentage:	99.9%
     Min Usage Percentage:	70.7%


ProDisplay Usage
================
