2025-04-08 01:13:02.664791-0700: Version: V6.5.7 starting [0]
2025-04-08 01:13:02.688643-0700: Started at Tue Apr  8 01:13:02 2025
2025-05-13 08:28:37.356949-0700: Version: V6.5.7 starting [0]
2025-05-13 08:28:37.840055-0700: Started at Tue May 13 08:28:37 2025
2025-05-13 08:28:52.221774-0700: ERROR: Node is not in defer state
2025-05-13 08:28:52.221828-0700: ERROR: Node: 10000048e [0:2:0] prev: 1 now: 1
2025-05-13 08:28:52.283644-0700: Version: V6.5.7 starting [0]
2025-05-13 08:28:52.293334-0700: Started at Tue May 13 08:28:52 2025
2025-05-14 09:16:51.780942-0700: Version: V6.5.7 starting [0]
2025-05-14 09:16:52.545824-0700: Started at Wed May 14 09:16:51 2025
2025-06-13 08:09:54.738975-0700: Version: V6.5.7 starting [0]
2025-06-13 08:09:55.182991-0700: Started at Fri Jun 13 08:09:54 2025
2025-06-13 14:53:37.269624-0500: exit at user request Fri Jun 13 14:53:37 2025

2025-06-13 14:59:03.539894-0500: Version: V6.5.7 starting [0]
2025-06-13 14:59:03.893732-0500: Started at Fri Jun 13 14:59:03 2025
2025-06-25 14:21:34.627249-0500: exit at user request Wed Jun 25 14:21:34 2025

2025-06-26 15:01:12.383592-0500: Version: V6.5.7 starting [0]
2025-06-26 15:01:13.986618-0500: Started at Thu Jun 26 15:01:12 2025
2025-06-26 15:01:28.707373-0500: ERROR: Node is not in defer state
2025-06-26 15:01:28.708026-0500: ERROR: Node: 1000004e2 [0:2:0] prev: 1 now: 1
2025-06-26 15:01:28.726546-0500: Version: V6.5.7 starting [0]
2025-06-26 15:01:28.727640-0500: Started at Thu Jun 26 15:01:28 2025
2025-07-18 12:45:38.987953-0500: exit at user request Fri Jul 18 12:45:40 2025

2025-07-18 12:49:42.327525-0500: Version: V6.5.7 starting [0]
2025-07-18 12:49:42.365347-0500: Started at Fri Jul 18 12:49:42 2025
2025-07-18 13:07:07.973315-0500: exit at user request Fri Jul 18 13:07:07 2025

2025-07-19 15:48:26.433977-0500: Version: V6.5.7 starting [0]
2025-07-19 15:48:27.870707-0500: Started at Sat Jul 19 15:48:26 2025
2025-07-19 15:48:42.813581-0500: ERROR: Node is not in defer state
2025-07-19 15:48:42.814030-0500: ERROR: Node: 1000004e2 [0:2:0] prev: 1 now: 1
2025-07-19 15:48:42.848858-0500: Version: V6.5.7 starting [0]
2025-07-19 15:48:42.850035-0500: Started at Sat Jul 19 15:48:42 2025
2025-07-19 16:12:04.441485-0500: exit at user request Sat Jul 19 16:12:04 2025

2025-07-19 16:28:41.307326-0500: Version: V6.5.7 starting [0]
2025-07-19 16:28:41.845306-0500: Started at Sat Jul 19 16:28:41 2025
2025-07-19 16:31:45.077134-0500: exit at user request Sat Jul 19 16:31:46 2025

2025-07-21 13:58:04.301497-0500: Version: V6.5.7 starting [0]
2025-07-21 13:58:05.312229-0500: Started at Mon Jul 21 13:58:04 2025
2025-07-21 15:01:36.401624-0500: exit at user request Mon Jul 21 15:01:36 2025

2025-07-22 13:12:30.573959-0500: Version: V6.5.7 starting [0]
2025-07-22 13:12:32.060717-0500: Started at Tue Jul 22 13:12:30 2025
2025-07-22 13:37:33.120752-0500: exit at user request Tue Jul 22 13:37:33 2025

2025-07-23 16:59:47.759633-0500: Version: V6.5.7 starting [0]
2025-07-23 16:59:48.029918-0500: Started at Wed Jul 23 16:59:47 2025
2025-07-23 17:18:20.054541-0500: exit at user request Wed Jul 23 17:18:20 2025

2025-07-26 14:23:49.087638-0500: Version: V6.5.7 starting [0]
2025-07-26 14:23:49.935744-0500: Started at Sat Jul 26 14:23:49 2025
2025-07-29 16:40:10.734409-0500: exit at user request Tue Jul 29 16:40:10 2025

2025-07-29 16:56:53.259708-0500: Version: V6.5.7 starting [0]
2025-07-29 16:56:54.021178-0500: Started at Tue Jul 29 16:56:53 2025
2025-07-29 16:57:09.301239-0500: ERROR: Node is not in defer state
2025-07-29 16:57:09.301295-0500: ERROR: Node: 1000004e2 [0:2:0] prev: 1 now: 1
2025-07-29 16:57:09.382782-0500: Version: V6.5.7 starting [0]
2025-07-29 16:57:09.384184-0500: Started at Tue Jul 29 16:57:09 2025
2025-07-29 17:09:15.996621-0500: exit at user request Tue Jul 29 17:09:14 2025

2025-07-30 17:36:36.886217-0500: Version: V6.5.7 starting [0]
2025-07-30 17:36:37.650764-0500: Started at Wed Jul 30 17:36:36 2025
2025-08-02 12:29:43.485596-0500: exit at user request Sat Aug  2 12:29:43 2025

2025-08-02 13:57:25.212562-0500: Version: V6.5.7 starting [0]
2025-08-02 13:57:25.904490-0500: Started at Sat Aug  2 13:57:25 2025
2025-08-02 15:09:00.688212-0500: exit at user request Sat Aug  2 15:09:00 2025

2025-08-06 12:09:08.940464-0500: Version: V6.5.7 starting [0]
2025-08-06 12:09:09.827764-0500: Started at Wed Aug  6 12:09:08 2025
2025-08-06 12:24:52.839184-0500: exit at user request Wed Aug  6 12:24:52 2025

2025-08-06 14:18:20.110987-0500: Version: V6.5.7 starting [0]
2025-08-06 14:18:20.176786-0500: Started at Wed Aug  6 14:18:20 2025
2025-08-06 14:18:35.393698-0500: ERROR: Node is not in defer state
2025-08-06 14:18:35.393868-0500: ERROR: Node: 1000004ce [0:2:0] prev: 1 now: 1
2025-08-06 14:18:35.455003-0500: Version: V6.5.7 starting [0]
2025-08-06 14:18:35.456348-0500: Started at Wed Aug  6 14:18:35 2025
2025-08-06 14:34:34.228549-0500: exit at user request Wed Aug  6 14:34:34 2025

2025-08-06 14:36:37.199243-0500: Version: V6.5.7 starting [0]
2025-08-06 14:36:37.609596-0500: Started at Wed Aug  6 14:36:37 2025
2025-08-06 14:53:29.028967-0500: exit at user request Wed Aug  6 14:53:29 2025

2025-08-07 14:16:07.438927-0500: Version: V6.5.7 starting [0]
2025-08-07 14:16:08.635064-0500: Started at Thu Aug  7 14:16:07 2025
2025-08-07 14:29:11.595967-0500: exit at user request Thu Aug  7 14:29:06 2025

2025-08-09 13:01:48.294059-0500: Version: V6.5.7 starting [0]
2025-08-09 13:01:49.415159-0500: Started at Sat Aug  9 13:01:48 2025
2025-08-09 13:05:08.341494-0500: exit at user request Sat Aug  9 13:05:00 2025

2025-08-14 10:09:25.090132-0500: Version: V6.5.7 starting [0]
2025-08-14 10:09:26.403324-0500: Started at Thu Aug 14 10:09:25 2025
2025-08-14 10:28:22.491876-0500: exit at user request Thu Aug 14 10:28:22 2025

2025-08-18 14:38:45.576426-0500: Version: V6.5.7 starting [0]
2025-08-18 14:38:46.488722-0500: Started at Mon Aug 18 14:38:45 2025
2025-08-18 15:01:07.314214-0500: exit at user request Mon Aug 18 15:01:07 2025

2025-08-18 15:31:38.575459-0500: Version: V6.5.7 starting [0]
2025-08-18 15:31:39.505266-0500: Started at Mon Aug 18 15:31:38 2025
2025-08-18 15:37:46.521861-0500: exit at user request Mon Aug 18 15:37:46 2025

2025-08-19 14:23:45.998801-0500: Version: V6.5.7 starting [0]
2025-08-19 14:23:46.571215-0500: Started at Tue Aug 19 14:23:45 2025
2025-08-19 14:35:31.864386-0500: exit at user request Tue Aug 19 14:35:29 2025

2025-08-20 13:13:11.515130-0500: Version: V6.5.7 starting [0]
2025-08-20 13:13:12.565055-0500: Started at Wed Aug 20 13:13:11 2025
2025-08-20 13:40:05.207863-0500: exit at user request Wed Aug 20 13:40:05 2025

2025-08-20 13:48:08.137158-0500: Version: V6.5.7 starting [0]
2025-08-20 13:48:08.803824-0500: Started at Wed Aug 20 13:48:08 2025
2025-08-20 13:56:13.033410-0500: exit at user request Wed Aug 20 13:56:13 2025

2025-08-21 12:33:32.693438-0500: Version: V6.5.7 starting [0]
2025-08-21 12:33:33.238592-0500: Started at Thu Aug 21 12:33:32 2025
2025-08-21 12:33:48.333002-0500: ERROR: Node is not in defer state
2025-08-21 12:33:48.333352-0500: ERROR: Node: 1000004e4 [0:2:0] prev: 1 now: 1
2025-08-21 12:33:48.354188-0500: Version: V6.5.7 starting [0]
2025-08-21 12:33:48.355358-0500: Started at Thu Aug 21 12:33:48 2025
2025-08-21 12:38:01.729509-0500: exit at user request Thu Aug 21 12:37:58 2025

2025-08-22 13:03:27.835571-0500: Version: V6.5.7 starting [0]
2025-08-22 13:03:27.882491-0500: Started at Fri Aug 22 13:03:27 2025
2025-08-22 13:25:28.373178-0500: exit at user request Fri Aug 22 13:25:28 2025

2025-08-23 11:03:11.311432-0500: Version: V6.5.7 starting [0]
2025-08-23 11:03:11.444884-0500: Started at Sat Aug 23 11:03:11 2025
2025-08-23 11:22:43.416382-0500: exit at user request Sat Aug 23 11:22:43 2025

2025-08-30 11:38:09.737292-0500: Version: V6.5.7 starting [0]
2025-08-30 11:38:10.909645-0500: Started at Sat Aug 30 11:38:09 2025
2025-08-30 11:54:55.209098-0500: exit at user request Sat Aug 30 11:54:55 2025

2025-09-03 12:53:10.610180-0500: Version: V6.5.7 starting [0]
2025-09-03 12:53:11.176683-0500: Started at Wed Sep  3 12:53:10 2025
2025-09-03 13:01:56.316827-0500: exit at user request Wed Sep  3 13:01:50 2025

2025-09-03 13:36:13.339850-0500: Version: V6.5.7 starting [0]
2025-09-03 13:36:14.301657-0500: Started at Wed Sep  3 13:36:13 2025
2025-09-03 13:51:33.968512-0500: exit at user request Wed Sep  3 13:51:33 2025

2025-09-03 14:07:41.435121-0500: Version: V6.5.7 starting [0]
2025-09-03 14:07:42.436374-0500: Started at Wed Sep  3 14:07:41 2025
2025-09-03 14:32:54.793774-0500: exit at user request Wed Sep  3 14:32:54 2025

2025-09-05 12:45:51.119037-0500: Version: V6.5.7 starting [0]
2025-09-05 12:45:52.126007-0500: Started at Fri Sep  5 12:45:51 2025
2025-09-05 12:46:06.504354-0500: ERROR: Node is not in defer state
2025-09-05 12:46:06.504399-0500: ERROR: Node: 1000004cd [0:2:0] prev: 1 now: 1
2025-09-05 12:46:06.531549-0500: Version: V6.5.7 starting [0]
2025-09-05 12:46:06.534740-0500: Started at Fri Sep  5 12:46:06 2025
2025-09-05 13:02:53.470129-0500: exit at user request Fri Sep  5 13:02:53 2025

2025-09-09 12:48:11.411602-0500: Version: V6.5.7 starting [0]
2025-09-09 12:48:12.911807-0500: Started at Tue Sep  9 12:48:11 2025
2025-09-09 13:15:39.424300-0500: exit at user request Tue Sep  9 13:15:39 2025

2025-09-13 11:31:41.954287-0500: Version: V6.5.7 starting [0]
2025-09-13 11:31:42.106795-0500: Started at Sat Sep 13 11:31:41 2025
2025-09-13 13:38:58.668095-0500: exit at user request Sat Sep 13 13:38:59 2025

2025-09-16 12:19:31.562501-0500: Version: V6.5.7 starting [0]
2025-09-16 12:19:32.756679-0500: Started at Tue Sep 16 12:19:31 2025
2025-09-16 13:34:00.767819-0500: exit at user request Tue Sep 16 13:34:00 2025

2025-09-17 15:05:39.548426-0500: Version: V6.5.7 starting [0]
2025-09-17 15:05:41.387650-0500: Started at Wed Sep 17 15:05:39 2025
2025-09-17 16:29:39.724433-0500: exit at user request Wed Sep 17 16:29:39 2025

2025-09-19 13:19:18.122243-0500: Version: V6.5.7 starting [0]
2025-09-19 13:19:19.156335-0500: Started at Fri Sep 19 13:19:18 2025
2025-09-19 14:18:06.999998-0500: exit at user request Fri Sep 19 14:18:06 2025

2025-09-20 12:56:18.137251-0500: Version: V6.5.7 starting [0]
2025-09-20 12:56:19.624660-0500: Started at Sat Sep 20 12:56:18 2025
2025-09-20 12:56:33.321211-0500: ERROR: Node is not in defer state
2025-09-20 12:56:33.321375-0500: ERROR: Node: 1000004cd [0:2:0] prev: 1 now: 1
2025-09-20 12:56:33.340540-0500: Version: V6.5.7 starting [0]
2025-09-20 12:56:33.341218-0500: Started at Sat Sep 20 12:56:33 2025
2025-09-20 12:56:33.664470-0500: ERROR: Node is not in defer state
2025-09-20 12:56:33.664526-0500: ERROR: Node: 1000004cd [0:2:0] prev: 1 now: 1
2025-09-20 12:56:43.679871-0500: Version: V6.5.7 starting [0]
2025-09-20 12:56:43.680613-0500: Started at Sat Sep 20 12:56:43 2025
2025-09-20 13:14:22.234371-0500: exit at user request Sat Sep 20 13:14:22 2025

2025-09-22 10:02:09.336355-0500: Version: V6.5.7 starting [0]
2025-09-22 10:02:10.475684-0500: Started at Mon Sep 22 10:02:09 2025
2025-09-22 10:02:24.122427-0500: ERROR: Node is not in defer state
2025-09-22 10:02:24.122480-0500: ERROR: Node: 1000004cd [0:2:0] prev: 1 now: 1
2025-09-22 10:02:24.151561-0500: Version: V6.5.7 starting [0]
2025-09-22 10:02:24.182612-0500: Started at Mon Sep 22 10:02:24 2025
2025-09-22 12:37:21.726817-0500: exit at user request Mon Sep 22 12:37:21 2025

2025-09-23 14:52:50.149698-0500: Version: V6.5.7 starting [0]
2025-09-23 14:52:50.194946-0500: Started at Tue Sep 23 14:52:50 2025
2025-09-23 16:28:13.809492-0500: exit at user request Tue Sep 23 16:28:13 2025

2025-09-24 10:11:11.813789-0500: Version: V6.5.7 starting [0]
2025-09-24 10:11:11.900206-0500: Started at Wed Sep 24 10:11:11 2025
2025-09-24 10:30:25.290768-0500: exit at user request Wed Sep 24 10:30:25 2025

2025-09-24 10:31:04.896440-0500: Version: V6.5.7 starting [0]
2025-09-24 10:31:06.388070-0500: Started at Wed Sep 24 10:31:04 2025
2025-09-24 10:31:22.251941-0500: ERROR: Node is not in defer state
2025-09-24 10:31:22.251987-0500: ERROR: Node: 1000004e3 [0:2:0] prev: 1 now: 1
2025-09-24 10:31:22.281162-0500: Version: V6.5.7 starting [0]
2025-09-24 10:31:22.286584-0500: Started at Wed Sep 24 10:31:22 2025
2025-09-24 10:40:20.558546-0500: exit at user request Wed Sep 24 10:40:21 2025

2025-09-26 11:13:22.313075-0500: Version: V6.5.7 starting [0]
2025-09-26 11:13:23.443178-0500: Started at Fri Sep 26 11:13:22 2025
2025-09-26 11:13:38.414219-0500: ERROR: Node is not in defer state
2025-09-26 11:13:38.414310-0500: ERROR: Node: 1000004cd [0:2:0] prev: 1 now: 1
2025-09-26 11:13:38.436487-0500: Version: V6.5.7 starting [0]
2025-09-26 11:13:38.437338-0500: Started at Fri Sep 26 11:13:38 2025
2025-09-26 11:30:09.973194-0500: exit at user request Fri Sep 26 11:30:09 2025

2025-09-26 12:00:36.993377-0500: Version: V6.5.7 starting [0]
2025-09-26 12:00:37.023899-0500: Started at Fri Sep 26 12:00:36 2025
2025-09-26 13:11:30.949998-0500: exit at user request Fri Sep 26 13:11:30 2025

2025-09-28 14:08:32.695849-0500: Version: V6.5.7 starting [0]
2025-09-28 14:08:33.713799-0500: Started at Sun Sep 28 14:08:32 2025
2025-09-28 14:15:53.165584-0500: exit at user request Sun Sep 28 14:15:49 2025

2025-09-30 13:32:39.184043-0500: Version: V6.5.7 starting [0]
2025-09-30 13:32:39.349561-0500: Started at Tue Sep 30 13:32:39 2025
2025-09-30 17:07:40.966836-0500: exit at user request Tue Sep 30 17:07:40 2025

2025-10-01 13:10:24.420977-0500: Version: V6.5.7 starting [0]
2025-10-01 13:10:26.232166-0500: Started at Wed Oct  1 13:10:24 2025
2025-10-01 13:45:17.389212-0500: exit at user request Wed Oct  1 13:45:17 2025

2025-10-01 13:45:40.652545-0500: Version: V6.5.7 starting [0]
2025-10-01 13:45:41.135936-0500: Started at Wed Oct  1 13:45:40 2025
2025-10-01 13:48:16.078386-0500: exit at user request Wed Oct  1 13:48:16 2025

2025-10-01 15:21:42.684144-0500: Version: V6.5.7 starting [0]
2025-10-01 15:21:43.007758-0500: Started at Wed Oct  1 15:21:42 2025
2025-10-01 16:17:58.039883-0500: exit at user request Wed Oct  1 16:17:58 2025

2025-10-01 16:40:53.571851-0500: Version: V6.5.7 starting [0]
2025-10-01 16:40:54.141627-0500: Started at Wed Oct  1 16:40:53 2025
2025-10-01 16:55:58.013585-0500: exit at user request Wed Oct  1 16:55:58 2025

2025-10-02 13:52:09.027436-0500: Version: V6.5.7 starting [0]
2025-10-02 13:52:10.083366-0500: Started at Thu Oct  2 13:52:09 2025
2025-10-02 14:15:50.245158-0500: exit at user request Thu Oct  2 14:15:50 2025

2025-10-02 15:00:52.474460-0500: Version: V6.5.7 starting [0]
2025-10-02 15:00:52.981358-0500: Started at Thu Oct  2 15:00:52 2025
2025-10-02 15:22:14.873298-0500: exit at user request Thu Oct  2 15:22:14 2025

2025-10-02 16:14:01.264645-0500: Version: V6.5.7 starting [0]
2025-10-02 16:14:01.391907-0500: Started at Thu Oct  2 16:14:01 2025
2025-10-02 16:15:40.530731-0500: exit at user request Thu Oct  2 16:15:41 2025

2025-10-04 14:08:26.485497-0500: Version: V6.5.7 starting [0]
2025-10-04 14:08:26.605784-0500: Started at Sat Oct  4 14:08:26 2025
2025-10-04 14:16:33.335760-0500: exit at user request Sat Oct  4 14:16:29 2025

2025-10-04 15:08:42.841624-0500: Version: V6.5.7 starting [0]
2025-10-04 15:08:43.302557-0500: Started at Sat Oct  4 15:08:42 2025
2025-10-04 15:08:58.432702-0500: ERROR: Node is not in defer state
2025-10-04 15:08:58.432761-0500: ERROR: Node: 1000004ce [0:2:0] prev: 1 now: 1
2025-10-04 15:08:58.447158-0500: Version: V6.5.7 starting [0]
2025-10-04 15:08:58.447998-0500: Started at Sat Oct  4 15:08:58 2025
2025-10-04 15:27:26.685112-0500: exit at user request Sat Oct  4 15:27:26 2025

2025-10-06 13:30:46.746931-0500: Version: V6.5.7 starting [0]
2025-10-06 13:30:47.860219-0500: Started at Mon Oct  6 13:30:46 2025
2025-10-06 13:36:44.168273-0500: exit at user request Mon Oct  6 13:36:37 2025

2025-10-06 14:40:57.639853-0500: Version: V6.5.7 starting [0]
2025-10-06 14:40:57.923031-0500: Started at Mon Oct  6 14:40:57 2025
2025-10-06 15:08:41.864928-0500: exit at user request Mon Oct  6 15:08:41 2025

2025-10-06 15:32:45.395964-0500: Version: V6.5.7 starting [0]
2025-10-06 15:32:46.014298-0500: Started at Mon Oct  6 15:32:45 2025
2025-10-06 15:36:51.591788-0500: exit at user request Mon Oct  6 15:36:52 2025

2025-10-08 13:03:13.524663-0500: Version: V6.5.7 starting [0]
2025-10-08 13:03:14.722322-0500: Started at Wed Oct  8 13:03:13 2025
2025-10-08 13:14:23.115570-0500: exit at user request Wed Oct  8 13:14:25 2025

2025-10-08 13:19:09.779541-0500: Version: V6.5.7 starting [0]
2025-10-08 13:19:09.827531-0500: Started at Wed Oct  8 13:19:09 2025
2025-10-08 13:35:10.435373-0500: exit at user request Wed Oct  8 13:35:10 2025

2025-10-10 11:19:56.086448-0500: Version: V6.5.7 starting [0]
2025-10-10 11:19:56.914181-0500: Started at Fri Oct 10 11:19:56 2025
2025-10-10 11:58:33.048778-0500: exit at user request Fri Oct 10 11:58:33 2025

2025-10-11 12:28:57.572368-0500: Version: V6.5.7 starting [0]
2025-10-11 12:28:58.060307-0500: Started at Sat Oct 11 12:28:57 2025
2025-10-11 13:00:41.933301-0500: exit at user request Sat Oct 11 13:00:41 2025

2025-10-11 13:33:18.447037-0500: Version: V6.5.7 starting [0]
2025-10-11 13:33:19.065558-0500: Started at Sat Oct 11 13:33:18 2025
2025-10-11 13:33:34.823750-0500: ERROR: Node is not in defer state
2025-10-11 13:33:34.823813-0500: ERROR: Node: 1000004cd [0:2:0] prev: 1 now: 1
2025-10-11 13:33:34.842166-0500: Version: V6.5.7 starting [0]
2025-10-11 13:33:34.843125-0500: Started at Sat Oct 11 13:33:34 2025
2025-10-11 14:08:32.476515-0500: exit at user request Sat Oct 11 14:08:32 2025

2025-10-14 12:01:27.262364-0500: Version: V6.5.7 starting [0]
2025-10-14 12:01:28.475379-0500: Started at Tue Oct 14 12:01:27 2025
2025-10-14 12:11:38.374806-0500: exit at user request Tue Oct 14 12:11:26 2025

2025-10-18 12:08:28.046132-0500: Version: V6.5.7 starting [0]
2025-10-18 12:08:28.089985-0500: Started at Sat Oct 18 12:08:28 2025
2025-10-18 12:15:35.244806-0500: exit at user request Sat Oct 18 12:15:24 2025

2025-10-19 13:05:18.903245-0500: Version: V6.5.7 starting [0]
2025-10-19 13:05:18.904507-0500: Started at Sun Oct 19 13:05:18 2025
2025-10-19 13:07:19.081011-0500: exit at user request Sun Oct 19 13:07:15 2025

2025-10-20 12:12:37.996063-0500: Version: V6.5.7 starting [0]
2025-10-20 12:12:38.030635-0500: Started at Mon Oct 20 12:12:37 2025
2025-10-20 13:10:02.308948-0500: exit at user request Mon Oct 20 13:10:02 2025

2025-10-21 10:14:42.476673-0500: Version: V6.5.7 starting [0]
2025-10-21 10:14:42.481164-0500: Started at Tue Oct 21 10:14:42 2025
2025-10-21 10:14:57.353596-0500: ERROR: Node is not in defer state
2025-10-21 10:14:57.353656-0500: ERROR: Node: 1000004cd [0:2:0] prev: 1 now: 1
2025-10-21 10:14:57.369942-0500: Version: V6.5.7 starting [0]
2025-10-21 10:14:57.370606-0500: Started at Tue Oct 21 10:14:57 2025
2025-10-21 14:45:51.094477-0500: exit at user request Tue Oct 21 14:45:51 2025

2025-10-21 15:25:00.180268-0500: Version: V6.5.7 starting [0]
2025-10-21 15:25:00.433582-0500: Started at Tue Oct 21 15:25:00 2025
2025-10-21 15:40:06.513576-0500: exit at user request Tue Oct 21 15:40:06 2025

2025-10-22 14:03:54.772696-0500: Version: V6.5.7 starting [0]
2025-10-22 14:03:55.945402-0500: Started at Wed Oct 22 14:03:54 2025
2025-10-22 14:47:41.203434-0500: exit at user request Wed Oct 22 14:47:41 2025

2025-10-23 12:02:09.490179-0500: Version: V6.5.7 starting [0]
2025-10-23 12:02:09.927166-0500: Started at Thu Oct 23 12:02:09 2025
2025-10-23 13:03:54.698085-0500: exit at user request Thu Oct 23 13:03:54 2025

2025-10-26 13:41:39.921750-0500: Version: V6.5.7 starting [0]
2025-10-26 13:41:41.092684-0500: Started at Sun Oct 26 13:41:39 2025
2025-10-26 13:51:37.641832-0500: exit at user request Sun Oct 26 13:51:29 2025

2025-10-29 12:51:22.917060-0500: Version: V6.5.7 starting [0]
2025-10-29 12:51:23.608076-0500: Started at Wed Oct 29 12:51:22 2025
2025-10-29 12:51:37.180238-0500: ERROR: Node is not in defer state
2025-10-29 12:51:37.180345-0500: ERROR: Node: 1000004cd [0:2:0] prev: 1 now: 1
2025-10-29 12:51:37.216973-0500: Version: V6.5.7 starting [0]
2025-10-29 12:51:37.218941-0500: Started at Wed Oct 29 12:51:37 2025
2025-10-29 13:03:23.802842-0500: exit at user request Wed Oct 29 13:03:09 2025

2025-10-30 11:51:31.564119-0500: Version: V6.5.7 starting [0]
2025-10-30 11:51:33.010952-0500: Started at Thu Oct 30 11:51:31 2025
2025-10-30 12:31:03.723997-0500: exit at user request Thu Oct 30 12:31:03 2025

2025-10-31 11:25:44.866688-0500: Version: V6.5.7 starting [0]
2025-10-31 11:25:44.978845-0500: Started at Fri Oct 31 11:25:44 2025
2025-10-31 11:25:58.635370-0500: ERROR: Node is not in defer state
2025-10-31 11:25:58.635451-0500: ERROR: Node: 1000004e4 [0:2:0] prev: 1 now: 1
2025-10-31 11:25:58.651712-0500: Version: V6.5.7 starting [0]
2025-10-31 11:25:58.652636-0500: Started at Fri Oct 31 11:25:58 2025
2025-10-31 12:29:25.305796-0500: exit at user request Fri Oct 31 12:29:25 2025

2025-10-31 12:34:13.544688-0500: Version: V6.5.7 starting [0]
2025-10-31 12:34:13.638907-0500: Started at Fri Oct 31 12:34:13 2025
2025-10-31 12:37:18.784119-0500: exit at user request Fri Oct 31 12:37:19 2025

2025-10-31 13:58:33.186680-0500: Version: V6.5.7 starting [0]
2025-10-31 13:58:33.244653-0500: Started at Fri Oct 31 13:58:33 2025
2025-10-31 13:58:48.698715-0500: ERROR: Node is not in defer state
2025-10-31 13:58:48.698768-0500: ERROR: Node: 1000004ce [0:2:0] prev: 1 now: 1
2025-10-31 13:58:48.723037-0500: Version: V6.5.7 starting [0]
2025-10-31 13:58:48.724325-0500: Started at Fri Oct 31 13:58:48 2025
2025-10-31 14:05:01.576194-0500: exit at user request Fri Oct 31 14:05:03 2025

2025-10-31 14:16:10.415395-0500: Version: V6.5.7 starting [0]
2025-10-31 14:16:10.771542-0500: Started at Fri Oct 31 14:16:10 2025
2025-10-31 14:21:12.350368-0500: exit at user request Fri Oct 31 14:21:13 2025

2025-11-01 09:24:43.313460-0500: Version: V6.5.7 starting [0]
2025-11-01 09:24:44.712066-0500: Started at Sat Nov  1 09:24:43 2025
2025-11-01 09:58:35.709229-0500: exit at user request Sat Nov  1 09:58:35 2025

2025-11-01 10:06:54.319329-0500: Version: V6.5.7 starting [0]
2025-11-01 10:06:54.527355-0500: Started at Sat Nov  1 10:06:54 2025
2025-11-01 10:14:09.036487-0500: exit at user request Sat Nov  1 10:14:08 2025

2025-11-01 11:20:05.176577-0500: Version: V6.5.7 starting [0]
2025-11-01 11:20:05.966111-0500: Started at Sat Nov  1 11:20:05 2025
2025-11-01 11:51:32.723397-0500: exit at user request Sat Nov  1 11:51:32 2025

2025-11-03 13:37:57.005615-0600: Version: V6.5.7 starting [0]
2025-11-03 13:37:57.181353-0600: Started at Mon Nov  3 13:37:57 2025
2025-11-03 14:17:58.776422-0600: exit at user request Mon Nov  3 14:17:59 2025

2025-11-05 12:57:14.908974-0600: Version: V6.5.7 starting [0]
2025-11-05 12:57:15.831534-0600: Started at Wed Nov  5 12:57:14 2025
2025-11-05 12:57:29.899801-0600: ERROR: Node is not in defer state
2025-11-05 12:57:29.899858-0600: ERROR: Node: 1000004cf [0:2:0] prev: 1 now: 1
2025-11-05 12:57:30.042693-0600: Version: V6.5.7 starting [0]
2025-11-05 12:57:30.043682-0600: Started at Wed Nov  5 12:57:30 2025
2025-11-05 13:19:55.545271-0600: exit at user request Wed Nov  5 13:19:54 2025

2025-11-05 13:57:47.474056-0600: Version: V6.5.7 starting [0]
2025-11-05 13:57:48.341513-0600: Started at Wed Nov  5 13:57:47 2025
2025-11-05 14:19:43.463064-0600: exit at user request Wed Nov  5 14:19:43 2025

2025-11-07 12:28:39.022717-0600: Version: V6.5.7 starting [0]
2025-11-07 12:28:41.037254-0600: Started at Fri Nov  7 12:28:39 2025
2025-11-07 14:16:18.783134-0600: exit at user request Fri Nov  7 14:16:19 2025

2025-11-08 12:08:13.823745-0600: Version: V6.5.7 starting [0]
2025-11-08 12:08:14.899601-0600: Started at Sat Nov  8 12:08:13 2025
2025-11-08 12:08:29.447649-0600: ERROR: Node is not in defer state
2025-11-08 12:08:29.447750-0600: ERROR: Node: 1000004cd [0:2:0] prev: 1 now: 1
2025-11-08 12:08:29.475330-0600: Version: V6.5.7 starting [0]
2025-11-08 12:08:29.480404-0600: Started at Sat Nov  8 12:08:29 2025
2025-11-08 12:08:29.890602-0600: ERROR: Node is not in defer state
2025-11-08 12:08:29.890861-0600: ERROR: Node: 1000004cd [0:2:0] prev: 1 now: 1
2025-11-08 12:08:39.907519-0600: Version: V6.5.7 starting [0]
2025-11-08 12:08:39.908166-0600: Started at Sat Nov  8 12:08:39 2025
2025-11-08 13:27:40.100736-0600: exit at user request Sat Nov  8 13:27:40 2025

2025-11-10 12:55:59.769037-0600: Version: V6.5.7 starting [0]
2025-11-10 12:56:00.873338-0600: Started at Mon Nov 10 12:55:59 2025
2025-11-10 13:03:02.627380-0600: exit at user request Mon Nov 10 13:02:57 2025

2025-11-10 13:14:13.418558-0600: Version: V6.5.7 starting [0]
2025-11-10 13:14:13.466857-0600: Started at Mon Nov 10 13:14:13 2025
2025-11-10 13:21:28.346699-0600: exit at user request Mon Nov 10 13:21:29 2025

2025-11-10 14:00:37.303477-0600: Version: V6.5.7 starting [0]
2025-11-10 14:00:37.342297-0600: Started at Mon Nov 10 14:00:37 2025
2025-11-10 14:19:28.800346-0600: exit at user request Mon Nov 10 14:19:28 2025

2025-11-11 09:57:12.360301-0600: Version: V6.5.7 starting [0]
2025-11-11 09:57:13.376777-0600: Started at Tue Nov 11 09:57:12 2025
2025-11-11 09:57:28.504883-0600: ERROR: Node is not in defer state
2025-11-11 09:57:28.504959-0600: ERROR: Node: 1000004cd [0:2:0] prev: 1 now: 1
2025-11-11 09:57:28.521277-0600: Version: V6.5.7 starting [0]
2025-11-11 09:57:28.521955-0600: Started at Tue Nov 11 09:57:28 2025
2025-11-11 10:11:09.959136-0600: exit at user request Tue Nov 11 10:11:09 2025

2025-11-11 13:08:45.239249-0600: Version: V6.5.7 starting [0]
2025-11-11 13:08:45.391509-0600: Started at Tue Nov 11 13:08:45 2025
2025-11-11 13:17:50.897006-0600: exit at user request Tue Nov 11 13:17:51 2025

2025-11-14 13:46:28.712443-0600: Version: V6.5.7 starting [0]
2025-11-14 13:46:28.860244-0600: Started at Fri Nov 14 13:46:28 2025
2025-11-14 15:29:56.106036-0600: exit at user request Fri Nov 14 15:29:56 2025

2025-11-15 14:17:16.849869-0600: Version: V6.5.7 starting [0]
2025-11-15 14:17:17.855076-0600: Started at Sat Nov 15 14:17:16 2025
2025-11-15 14:17:33.607444-0600: ERROR: Node is not in defer state
2025-11-15 14:17:33.607592-0600: ERROR: Node: 1000004e1 [0:2:0] prev: 1 now: 1
2025-11-15 14:17:33.642779-0600: Version: V6.5.7 starting [0]
2025-11-15 14:17:33.644276-0600: Started at Sat Nov 15 14:17:33 2025
2025-11-15 14:50:10.896103-0600: exit at user request Sat Nov 15 14:50:10 2025

2025-11-15 15:04:20.527267-0600: Version: V6.5.7 starting [0]
2025-11-15 15:04:20.564481-0600: Started at Sat Nov 15 15:04:20 2025
2025-11-15 15:46:21.771861-0600: exit at user request Sat Nov 15 15:46:21 2025

2025-11-17 12:27:43.864979-0600: Version: V6.5.7 starting [0]
2025-11-17 12:27:43.943228-0600: Started at Mon Nov 17 12:27:43 2025
2025-11-17 12:58:58.560124-0600: exit at user request Mon Nov 17 12:58:58 2025

2025-11-17 13:50:07.116358-0600: Version: V6.5.7 starting [0]
2025-11-17 13:50:07.190536-0600: Started at Mon Nov 17 13:50:07 2025
2025-11-17 14:38:28.314950-0600: exit at user request Mon Nov 17 14:38:28 2025

2025-11-17 14:54:25.668124-0600: Version: V6.5.7 starting [0]
2025-11-17 14:54:25.941560-0600: Started at Mon Nov 17 14:54:25 2025
2025-11-17 14:54:41.638644-0600: ERROR: Node is not in defer state
2025-11-17 14:54:41.638695-0600: ERROR: Node: 1000004ce [0:2:0] prev: 1 now: 1
2025-11-17 14:54:41.667031-0600: Version: V6.5.7 starting [0]
2025-11-17 14:54:41.669249-0600: Started at Mon Nov 17 14:54:41 2025
2025-11-17 15:05:29.220770-0600: exit at user request Mon Nov 17 15:05:30 2025

2025-11-19 11:03:28.727279-0600: Version: V6.5.7 starting [0]
2025-11-19 11:03:29.046232-0600: Started at Wed Nov 19 11:03:28 2025
2025-11-19 11:54:10.346104-0600: exit at user request Wed Nov 19 11:54:10 2025

2025-11-19 12:07:29.778485-0600: Version: V6.5.7 starting [0]
2025-11-19 12:07:30.321691-0600: Started at Wed Nov 19 12:07:29 2025
2025-11-19 12:17:49.688927-0600: exit at user request Wed Nov 19 12:17:50 2025

2025-11-19 12:18:45.241227-0600: Version: V6.5.7 starting [0]
2025-11-19 12:18:45.721662-0600: Started at Wed Nov 19 12:18:45 2025
2025-11-19 12:21:06.169607-0600: exit at user request Wed Nov 19 12:21:06 2025

2025-11-20 12:50:49.694243-0600: Version: V6.5.7 starting [0]
2025-11-20 12:50:49.936820-0600: Started at Thu Nov 20 12:50:49 2025
2025-11-20 12:51:05.180982-0600: ERROR: Node is not in defer state
2025-11-20 12:51:05.181039-0600: ERROR: Node: 1000004cd [0:2:0] prev: 1 now: 1
2025-11-20 12:51:05.198963-0600: Version: V6.5.7 starting [0]
2025-11-20 12:51:05.200967-0600: Started at Thu Nov 20 12:51:05 2025
2025-11-20 13:07:52.079704-0600: exit at user request Thu Nov 20 13:07:52 2025

2025-11-21 12:18:57.540094-0600: Version: V6.5.7 starting [0]
2025-11-21 12:18:58.068752-0600: Started at Fri Nov 21 12:18:57 2025
2025-11-21 12:19:12.064398-0600: ERROR: Node is not in defer state
2025-11-21 12:19:12.064629-0600: ERROR: Node: 1000004ce [0:2:0] prev: 1 now: 1
2025-11-21 12:19:12.091772-0600: Version: V6.5.7 starting [0]
2025-11-21 12:19:12.092898-0600: Started at Fri Nov 21 12:19:12 2025
2025-11-21 13:14:32.559615-0600: exit at user request Fri Nov 21 13:14:32 2025

2025-11-21 13:25:25.655013-0600: Version: V6.5.7 starting [0]
2025-11-21 13:25:25.781217-0600: Started at Fri Nov 21 13:25:25 2025
2025-11-21 13:25:41.010452-0600: ERROR: Node is not in defer state
2025-11-21 13:25:41.010966-0600: ERROR: Node: 1000004e3 [0:2:0] prev: 1 now: 1
2025-11-21 13:25:41.045383-0600: Version: V6.5.7 starting [0]
2025-11-21 13:25:41.047808-0600: Started at Fri Nov 21 13:25:41 2025
2025-11-21 13:55:15.626740-0600: exit at user request Fri Nov 21 13:55:15 2025

2025-11-22 10:36:26.113565-0600: Version: V6.5.7 starting [0]
2025-11-22 10:36:26.959440-0600: Started at Sat Nov 22 10:36:26 2025
2025-11-22 10:46:14.774955-0600: exit at user request Sat Nov 22 10:46:11 2025

2025-11-22 11:08:02.972478-0600: Version: V6.5.7 starting [0]
2025-11-22 11:08:03.243881-0600: Started at Sat Nov 22 11:08:02 2025
2025-11-22 11:40:54.981403-0600: exit at user request Sat Nov 22 11:40:54 2025

2025-11-22 12:30:56.629443-0600: Version: V6.5.7 starting [0]
2025-11-22 12:30:57.309753-0600: Started at Sat Nov 22 12:30:56 2025
2025-11-22 12:36:03.812773-0600: exit at user request Sat Nov 22 12:36:05 2025

2025-11-26 11:21:28.407269-0600: Version: V6.5.7 starting [0]
2025-11-26 11:21:28.712816-0600: Started at Wed Nov 26 11:21:28 2025
2025-11-26 11:59:20.545051-0600: exit at user request Wed Nov 26 11:59:20 2025

2025-11-26 12:34:48.462246-0600: Version: V6.5.7 starting [0]
2025-11-26 12:34:48.719949-0600: Started at Wed Nov 26 12:34:48 2025
2025-11-26 13:04:13.677009-0600: exit at user request Wed Nov 26 13:04:13 2025

2025-11-29 12:52:46.080144-0600: Version: V6.5.7 starting [0]
2025-11-29 12:52:46.784076-0600: Started at Sat Nov 29 12:52:46 2025
2025-11-29 13:18:58.114402-0600: exit at user request Sat Nov 29 13:18:58 2025

2025-11-29 13:49:12.877536-0600: Version: V6.5.7 starting [0]
2025-11-29 13:49:13.167357-0600: Started at Sat Nov 29 13:49:12 2025
2025-11-29 14:01:06.854577-0600: exit at user request Sat Nov 29 14:01:08 2025

2025-12-01 12:38:58.112187-0600: Version: V6.5.7 starting [0]
2025-12-01 12:38:59.016363-0600: Started at Mon Dec  1 12:38:58 2025
2025-12-01 14:35:10.652319-0600: exit at user request Mon Dec  1 14:35:10 2025

2025-12-06 13:52:38.755533-0600: Version: V6.5.7 starting [0]
2025-12-06 13:52:40.358278-0600: Started at Sat Dec  6 13:52:38 2025
2025-12-06 14:07:08.453744-0600: exit at user request Sat Dec  6 14:06:45 2025

2025-12-08 12:34:38.693038-0600: Version: V6.5.7 starting [0]
2025-12-08 12:34:39.548193-0600: Started at Mon Dec  8 12:34:38 2025
2025-12-08 13:37:31.706950-0600: exit at user request Mon Dec  8 13:37:31 2025

2025-12-09 13:07:43.355991-0600: Version: V6.5.7 starting [0]
2025-12-09 13:07:44.226587-0600: Started at Tue Dec  9 13:07:43 2025
2025-12-09 13:07:59.470073-0600: ERROR: Node is not in defer state
2025-12-09 13:07:59.472243-0600: ERROR: Node: 1000004e4 [0:2:0] prev: 1 now: 1
2025-12-09 13:07:59.494367-0600: Version: V6.5.7 starting [0]
2025-12-09 13:07:59.495091-0600: Started at Tue Dec  9 13:07:59 2025
2025-12-09 13:28:20.128666-0600: exit at user request Tue Dec  9 13:28:20 2025

2025-12-12 11:04:09.432133-0600: Version: V6.5.7 starting [0]
2025-12-12 11:04:09.922377-0600: Started at Fri Dec 12 11:04:09 2025
2025-12-12 13:13:53.920587-0600: exit at user request Fri Dec 12 13:13:55 2025

2025-12-15 13:32:11.498573-0600: Version: V6.5.7 starting [0]
2025-12-15 13:32:11.625973-0600: Started at Mon Dec 15 13:32:11 2025
2025-12-15 13:32:24.686259-0600: ERROR: Node is not in defer state
2025-12-15 13:32:24.686387-0600: ERROR: Node: 1000004cc [0:2:0] prev: 1 now: 1
2025-12-15 13:32:24.704969-0600: Version: V6.5.7 starting [0]
2025-12-15 13:32:24.707529-0600: Started at Mon Dec 15 13:32:24 2025
2025-12-15 14:45:34.557918-0600: exit at user request Mon Dec 15 14:45:34 2025

2025-12-15 15:28:58.558209-0600: Version: V6.5.7 starting [0]
2025-12-15 15:28:58.686778-0600: Started at Mon Dec 15 15:28:58 2025
2025-12-15 15:29:14.118764-0600: ERROR: Node is not in defer state
2025-12-15 15:29:14.118895-0600: ERROR: Node: 1000004cd [0:2:0] prev: 1 now: 1
2025-12-15 15:29:14.143892-0600: Version: V6.5.7 starting [0]
2025-12-15 15:29:14.144639-0600: Started at Mon Dec 15 15:29:14 2025
2025-12-15 15:33:57.881500-0600: exit at user request Mon Dec 15 15:33:58 2025

2025-12-16 12:00:40.559441-0600: Version: V6.5.7 starting [0]
2025-12-16 12:00:41.601195-0600: Started at Tue Dec 16 12:00:40 2025
2025-12-16 12:57:03.288926-0600: exit at user request Tue Dec 16 12:57:03 2025

2025-12-17 14:50:34.710073-0600: Version: V6.5.7 starting [0]
2025-12-17 14:50:36.190353-0600: Started at Wed Dec 17 14:50:34 2025
2025-12-17 14:50:51.543157-0600: ERROR: Node is not in defer state
2025-12-17 14:50:51.543482-0600: ERROR: Node: 1000004ce [0:2:0] prev: 1 now: 1
2025-12-17 14:50:51.576661-0600: Version: V6.5.7 starting [0]
2025-12-17 14:50:51.577896-0600: Started at Wed Dec 17 14:50:51 2025
2025-12-17 14:50:51.897706-0600: ERROR: Node is not in defer state
2025-12-17 14:50:51.897764-0600: ERROR: Node: 1000004ce [0:2:0] prev: 1 now: 1
2025-12-17 14:51:01.909192-0600: Version: V6.5.7 starting [0]
2025-12-17 14:51:01.909838-0600: Started at Wed Dec 17 14:51:01 2025
2025-12-17 15:55:51.240954-0600: exit at user request Wed Dec 17 15:55:51 2025

2025-12-19 11:39:18.292399-0600: Version: V6.5.7 starting [0]
2025-12-19 11:39:19.636149-0600: Started at Fri Dec 19 11:39:18 2025
2025-12-19 13:43:36.528918-0600: exit at user request Fri Dec 19 13:43:36 2025

2025-12-19 14:13:12.688481-0600: Version: V6.5.7 starting [0]
2025-12-19 14:13:13.521556-0600: Started at Fri Dec 19 14:13:12 2025
2025-12-19 14:34:45.605794-0600: exit at user request Fri Dec 19 14:34:45 2025

2025-12-19 14:47:53.340402-0600: Version: V6.5.7 starting [0]
2025-12-19 14:47:53.823836-0600: Started at Fri Dec 19 14:47:53 2025
2025-12-19 14:59:44.185459-0600: exit at user request Fri Dec 19 14:59:45 2025

2025-12-19 15:09:18.131211-0600: Version: V6.5.7 starting [0]
2025-12-19 15:09:18.195068-0600: Started at Fri Dec 19 15:09:18 2025
2025-12-19 15:14:08.964932-0600: exit at user request Fri Dec 19 15:14:09 2025

2025-12-20 12:35:00.833164-0600: Version: V6.5.7 starting [0]
2025-12-20 12:35:01.124177-0600: Started at Sat Dec 20 12:35:00 2025
2025-12-20 13:20:29.233741-0600: exit at user request Sat Dec 20 13:20:29 2025

2025-12-23 12:13:12.748685-0600: Version: V6.5.7 starting [0]
2025-12-23 12:13:12.810032-0600: Started at Tue Dec 23 12:13:12 2025
2025-12-23 13:21:12.945483-0600: exit at user request Tue Dec 23 13:21:12 2025

2025-12-24 11:56:01.044789-0600: Version: V6.5.7 starting [0]
2025-12-24 11:56:02.340899-0600: Started at Wed Dec 24 11:56:01 2025
2025-12-24 12:06:38.964405-0600: exit at user request Wed Dec 24 12:06:36 2025

2025-12-26 15:42:03.725621-0600: Version: V6.5.7 starting [0]
2025-12-26 15:42:04.695266-0600: Started at Fri Dec 26 15:42:03 2025
2025-12-26 16:02:37.172057-0600: exit at user request Fri Dec 26 16:02:37 2025

2025-12-27 14:54:43.764926-0600: Version: V6.5.7 starting [0]
2025-12-27 14:54:44.536683-0600: Started at Sat Dec 27 14:54:43 2025
2025-12-27 15:20:03.970164-0600: exit at user request Sat Dec 27 15:20:03 2025

2025-12-29 15:28:26.201722-0600: Version: V6.5.7 starting [0]
2025-12-29 15:28:27.615279-0600: Started at Mon Dec 29 15:28:26 2025
2025-12-29 15:57:15.015254-0600: exit at user request Mon Dec 29 15:57:15 2025

2025-12-29 16:39:48.514966-0600: Version: V6.5.7 starting [0]
2025-12-29 16:39:48.563200-0600: Started at Mon Dec 29 16:39:48 2025
2025-12-29 16:51:41.266360-0600: exit at user request Mon Dec 29 16:51:41 2025

2025-12-30 15:54:51.459963-0600: Version: V6.5.7 starting [0]
2025-12-30 15:54:52.664229-0600: Started at Tue Dec 30 15:54:51 2025
2025-12-30 16:09:52.353102-0600: exit at user request Tue Dec 30 16:09:52 2025

2025-12-30 16:18:52.298596-0600: Version: V6.5.7 starting [0]
2025-12-30 16:18:52.376256-0600: Started at Tue Dec 30 16:18:52 2025
2025-12-30 16:19:07.830442-0600: ERROR: Node is not in defer state
2025-12-30 16:19:07.830528-0600: ERROR: Node: 1000004cd [0:2:0] prev: 1 now: 1
2025-12-30 16:19:07.847397-0600: Version: V6.5.7 starting [0]
2025-12-30 16:19:07.848227-0600: Started at Tue Dec 30 16:19:07 2025
2025-12-30 16:23:42.498960-0600: exit at user request Tue Dec 30 16:23:43 2025

2026-01-02 12:32:33.381121-0600: Version: V6.5.7 starting [0]
2026-01-02 12:32:34.267540-0600: Started at Fri Jan  2 12:32:33 2026
2026-01-02 12:32:50.354457-0600: ERROR: Node is not in defer state
2026-01-02 12:32:50.354522-0600: ERROR: Node: 1000004cd [0:2:0] prev: 1 now: 1
2026-01-02 12:32:50.408927-0600: Version: V6.5.7 starting [0]
2026-01-02 12:32:50.410180-0600: Started at Fri Jan  2 12:32:50 2026
2026-01-02 13:08:16.957951-0600: exit at user request Fri Jan  2 13:08:16 2026

2026-01-02 14:06:07.019803-0600: Version: V6.5.7 starting [0]
2026-01-02 14:06:07.972991-0600: Started at Fri Jan  2 14:06:07 2026
2026-01-02 14:18:54.228591-0600: exit at user request Fri Jan  2 14:18:54 2026

2026-01-02 14:19:19.292703-0600: Version: V6.5.7 starting [0]
2026-01-02 14:19:20.037895-0600: Started at Fri Jan  2 14:19:19 2026
2026-01-02 14:28:09.713861-0600: exit at user request Fri Jan  2 14:28:09 2026

2026-01-05 13:29:21.792256-0600: Version: V6.5.7 starting [0]
2026-01-05 13:29:22.117159-0600: Started at Mon Jan  5 13:29:21 2026
2026-01-05 16:00:03.431200-0600: exit at user request Mon Jan  5 16:00:03 2026

2026-01-08 14:48:50.899363-0600: Version: V6.5.7 starting [0]
2026-01-08 14:48:51.073212-0600: Started at Thu Jan  8 14:48:50 2026
2026-01-08 14:49:04.526266-0600: ERROR: Node is not in defer state
2026-01-08 14:49:04.526316-0600: ERROR: Node: 1000004e2 [0:2:0] prev: 1 now: 1
2026-01-08 14:49:04.551895-0600: Version: V6.5.7 starting [0]
2026-01-08 14:49:04.554046-0600: Started at Thu Jan  8 14:49:04 2026
2026-01-08 15:07:31.947314-0600: exit at user request Thu Jan  8 15:07:31 2026

2026-01-08 15:10:00.242974-0600: Version: V6.5.7 starting [0]
2026-01-08 15:10:00.822805-0600: Started at Thu Jan  8 15:10:00 2026
2026-01-08 15:13:53.420085-0600: exit at user request Thu Jan  8 15:13:54 2026

2026-01-09 11:00:05.548629-0600: Version: V6.5.7 starting [0]
2026-01-09 11:00:06.230926-0600: Started at Fri Jan  9 11:00:05 2026
2026-01-09 11:00:20.700456-0600: ERROR: Node is not in defer state
2026-01-09 11:00:20.700566-0600: ERROR: Node: 1000004cc [0:2:0] prev: 1 now: 1
2026-01-09 11:00:20.741587-0600: Version: V6.5.7 starting [0]
2026-01-09 11:00:20.751447-0600: Started at Fri Jan  9 11:00:20 2026
2026-01-09 13:23:33.277857-0600: exit at user request Fri Jan  9 13:23:33 2026

2026-01-09 14:48:02.299293-0600: Version: V6.5.7 starting [0]
2026-01-09 14:48:02.833444-0600: Started at Fri Jan  9 14:48:02 2026
2026-01-09 14:48:26.301032-0600: exit at user request Fri Jan  9 14:48:26 2026

2026-01-12 12:42:49.326859-0600: Version: V6.5.7 starting [0]
2026-01-12 12:42:50.899846-0600: Started at Mon Jan 12 12:42:49 2026
2026-01-12 13:00:34.864343-0600: exit at user request Mon Jan 12 13:00:34 2026

2026-01-12 14:26:34.272424-0600: Version: V6.5.7 starting [0]
2026-01-12 14:26:35.158790-0600: Started at Mon Jan 12 14:26:34 2026
2026-01-12 14:49:29.640541-0600: exit at user request Mon Jan 12 14:49:29 2026

2026-01-12 15:13:52.560299-0600: Version: V6.5.7 starting [0]
2026-01-12 15:13:52.801293-0600: Started at Mon Jan 12 15:13:52 2026
2026-01-12 15:29:17.307404-0600: exit at user request Mon Jan 12 15:29:17 2026

2026-01-13 15:09:35.497802-0600: Version: V6.5.7 starting [0]
2026-01-13 15:09:35.588150-0600: Started at Tue Jan 13 15:09:35 2026
2026-01-13 15:09:49.439341-0600: ERROR: Node is not in defer state
2026-01-13 15:09:49.439397-0600: ERROR: Node: 1000004cd [0:2:0] prev: 1 now: 1
2026-01-13 15:09:49.581748-0600: Version: V6.5.7 starting [0]
2026-01-13 15:09:49.592700-0600: Started at Tue Jan 13 15:09:49 2026
2026-01-13 15:09:50.023585-0600: ERROR: Node is not in defer state
2026-01-13 15:09:50.023686-0600: ERROR: Node: 1000004cd [0:2:0] prev: 1 now: 1
2026-01-13 15:10:00.041540-0600: Version: V6.5.7 starting [0]
2026-01-13 15:10:00.042368-0600: Started at Tue Jan 13 15:10:00 2026
2026-01-13 15:35:24.638503-0600: exit at user request Tue Jan 13 15:35:24 2026

2026-01-13 16:04:04.533674-0600: Version: V6.5.7 starting [0]
2026-01-13 16:04:04.735697-0600: Started at Tue Jan 13 16:04:04 2026
2026-01-13 16:17:49.076681-0600: exit at user request Tue Jan 13 16:17:50 2026

2026-01-15 15:49:24.060098-0600: Version: V6.5.7 starting [0]
2026-01-15 15:49:25.592991-0600: Started at Thu Jan 15 15:49:24 2026
2026-01-15 17:02:44.631328-0600: exit at user request Thu Jan 15 17:02:44 2026

2026-01-16 10:38:07.787073-0600: Version: V6.5.7 starting [0]
2026-01-16 10:38:08.659079-0600: Started at Fri Jan 16 10:38:07 2026
2026-01-16 14:47:36.465767-0600: exit at user request Fri Jan 16 14:47:36 2026

2026-01-17 12:05:12.969471-0600: Version: V6.5.7 starting [0]
2026-01-17 12:05:13.361747-0600: Started at Sat Jan 17 12:05:12 2026
2026-01-17 12:05:26.705522-0600: ERROR: Node is not in defer state
2026-01-17 12:05:26.705592-0600: ERROR: Node: 1000004cd [0:2:0] prev: 1 now: 1
2026-01-17 12:05:26.736173-0600: Version: V6.5.7 starting [0]
2026-01-17 12:05:26.737290-0600: Started at Sat Jan 17 12:05:26 2026
2026-01-17 16:27:37.630703-0600: exit at user request Sat Jan 17 16:27:37 2026

2026-01-18 14:23:09.266004-0600: Version: V6.5.7 starting [0]
2026-01-18 14:23:09.757750-0600: Started at Sun Jan 18 14:23:09 2026
2026-01-18 16:12:22.341870-0600: exit at user request Sun Jan 18 16:12:22 2026

2026-01-18 16:16:55.588832-0600: Version: V6.5.7 starting [0]
2026-01-18 16:16:55.714601-0600: Started at Sun Jan 18 16:16:55 2026
2026-01-18 16:17:11.359241-0600: ERROR: Node is not in defer state
2026-01-18 16:17:11.359300-0600: ERROR: Node: 1000004cd [0:2:0] prev: 1 now: 1
2026-01-18 16:17:11.370710-0600: Version: V6.5.7 starting [0]
2026-01-18 16:17:11.371414-0600: Started at Sun Jan 18 16:17:11 2026
2026-01-18 16:20:08.571528-0600: exit at user request Sun Jan 18 16:20:09 2026

2026-01-19 11:16:13.154633-0600: Version: V6.5.7 starting [0]
2026-01-19 11:16:14.004283-0600: Started at Mon Jan 19 11:16:13 2026
2026-01-19 11:25:35.850819-0600: exit at user request Mon Jan 19 11:25:39 2026

2026-01-19 13:37:37.348153-0600: Version: V6.5.7 starting [0]
2026-01-19 13:37:37.853507-0600: Started at Mon Jan 19 13:37:37 2026
2026-01-19 13:37:53.133386-0600: ERROR: Node is not in defer state
2026-01-19 13:37:53.133444-0600: ERROR: Node: 1000004cd [0:2:0] prev: 1 now: 1
2026-01-19 13:37:53.156841-0600: Version: V6.5.7 starting [0]
2026-01-19 13:37:53.158200-0600: Started at Mon Jan 19 13:37:53 2026
2026-01-19 14:21:44.505588-0600: exit at user request Mon Jan 19 14:21:44 2026

2026-01-21 15:58:50.425991-0600: Version: V6.5.7 starting [0]
2026-01-21 15:58:51.344392-0600: Started at Wed Jan 21 15:58:50 2026
2026-01-21 16:37:26.741431-0600: exit at user request Wed Jan 21 16:37:27 2026

2026-01-22 13:34:34.745051-0600: Version: V6.5.7 starting [0]
2026-01-22 13:34:34.956837-0600: Started at Thu Jan 22 13:34:34 2026
2026-01-22 13:34:48.655108-0600: ERROR: Node is not in defer state
2026-01-22 13:34:48.655443-0600: ERROR: Node: 1000004cd [0:2:0] prev: 1 now: 1
2026-01-22 13:34:48.666750-0600: Version: V6.5.7 starting [0]
2026-01-22 13:34:48.667472-0600: Started at Thu Jan 22 13:34:48 2026
2026-01-22 18:00:00.617290-0600: exit at user request Thu Jan 22 18:00:00 2026

2026-01-23 13:51:11.584287-0600: Version: V6.5.7 starting [0]
2026-01-23 13:51:12.956621-0600: Started at Fri Jan 23 13:51:11 2026
2026-01-23 14:31:11.318015-0600: exit at user request Fri Jan 23 14:31:11 2026

2026-01-23 16:01:19.979270-0600: Version: V6.5.7 starting [0]
2026-01-23 16:01:20.036257-0600: Started at Fri Jan 23 16:01:19 2026
2026-01-23 16:02:56.354147-0600: exit at user request Fri Jan 23 16:02:56 2026

2026-01-26 15:11:56.252779-0600: Version: V6.5.7 starting [0]
2026-01-26 15:11:56.339676-0600: Started at Mon Jan 26 15:11:56 2026
2026-01-26 15:12:10.210587-0600: ERROR: Node is not in defer state
2026-01-26 15:12:10.210666-0600: ERROR: Node: 1000004cd [0:2:0] prev: 1 now: 1
2026-01-26 15:12:10.226232-0600: Version: V6.5.7 starting [0]
2026-01-26 15:12:10.226991-0600: Started at Mon Jan 26 15:12:10 2026
2026-01-26 16:11:07.926508-0600: exit at user request Mon Jan 26 16:11:09 2026

2026-01-27 12:59:35.691733-0600: Version: V6.5.7 starting [0]
2026-01-27 12:59:36.435075-0600: Started at Tue Jan 27 12:59:35 2026
2026-01-27 18:54:47.339444-0600: exit at user request Tue Jan 27 18:54:47 2026

2026-01-27 19:09:53.047326-0600: Version: V6.5.7 starting [0]
2026-01-27 19:09:53.216079-0600: Started at Tue Jan 27 19:09:53 2026
2026-01-27 19:10:08.531137-0600: ERROR: Node is not in defer state
2026-01-27 19:10:08.531189-0600: ERROR: Node: 1000004cd [0:2:0] prev: 1 now: 1
2026-01-27 19:10:08.549981-0600: Version: V6.5.7 starting [0]
2026-01-27 19:10:08.550832-0600: Started at Tue Jan 27 19:10:08 2026
2026-01-27 19:17:25.477884-0600: exit at user request Tue Jan 27 19:17:25 2026

2026-01-28 15:42:53.769614-0600: Version: V6.5.7 starting [0]
2026-01-28 15:42:54.462749-0600: Started at Wed Jan 28 15:42:53 2026
2026-01-28 15:58:20.796104-0600: exit at user request Wed Jan 28 15:58:20 2026

2026-01-29 14:39:30.751172-0600: Version: V6.5.7 starting [0]
2026-01-29 14:39:31.743540-0600: Started at Thu Jan 29 14:39:30 2026
2026-01-29 18:59:19.769532-0600: exit at user request Thu Jan 29 18:59:19 2026

2026-01-30 10:40:24.798801-0600: Version: V6.5.7 starting [0]
2026-01-30 10:40:25.617926-0600: Started at Fri Jan 30 10:40:24 2026
2026-01-30 10:40:40.491935-0600: ERROR: Node is not in defer state
2026-01-30 10:40:40.491992-0600: ERROR: Node: 1000004cd [0:2:0] prev: 1 now: 1
2026-01-30 10:40:40.509572-0600: Version: V6.5.7 starting [0]
2026-01-30 10:40:40.510659-0600: Started at Fri Jan 30 10:40:40 2026
2026-01-30 13:36:53.247949-0600: exit at user request Fri Jan 30 13:36:53 2026

2026-02-01 14:04:45.216836-0600: Version: V6.5.7 starting [0]
2026-02-01 14:04:45.389470-0600: Started at Sun Feb  1 14:04:45 2026
2026-02-01 15:02:34.450825-0600: exit at user request Sun Feb  1 15:02:34 2026

2026-02-04 10:02:55.500251-0600: Version: V6.5.7 starting [0]
2026-02-04 10:02:57.036528-0600: Started at Wed Feb  4 10:02:55 2026
2026-02-04 17:36:22.493993-0600: exit at user request Wed Feb  4 17:36:22 2026

2026-02-05 08:10:47.866915-0600: Version: V6.5.7 starting [0]
2026-02-05 08:10:48.523313-0600: Started at Thu Feb  5 08:10:47 2026
2026-02-05 09:03:07.260159-0600: exit at user request Thu Feb  5 09:03:07 2026

2026-02-05 10:34:37.723164-0600: Version: V6.5.7 starting [0]
2026-02-05 10:34:38.172461-0600: Started at Thu Feb  5 10:34:37 2026
2026-02-05 10:34:52.772299-0600: ERROR: Node is not in defer state
2026-02-05 10:34:52.772365-0600: ERROR: Node: 1000004ce [0:2:0] prev: 1 now: 1
2026-02-05 10:34:52.788873-0600: Version: V6.5.7 starting [0]
2026-02-05 10:34:52.790312-0600: Started at Thu Feb  5 10:34:52 2026
2026-02-05 11:21:54.669993-0600: exit at user request Thu Feb  5 11:21:54 2026

2026-02-05 12:57:26.527786-0600: Version: V6.5.7 starting [0]
2026-02-05 12:57:26.589955-0600: Started at Thu Feb  5 12:57:26 2026
2026-02-05 12:57:41.737188-0600: ERROR: Node is not in defer state
2026-02-05 12:57:41.737243-0600: ERROR: Node: 1000004cc [0:2:0] prev: 1 now: 1
2026-02-05 12:57:41.762249-0600: Version: V6.5.7 starting [0]
2026-02-05 12:57:41.763175-0600: Started at Thu Feb  5 12:57:41 2026
2026-02-05 19:38:18.889563-0600: exit at user request Thu Feb  5 19:38:18 2026

2026-02-06 09:02:40.837454-0600: Version: V6.5.7 starting [0]
2026-02-06 09:02:41.644524-0600: Started at Fri Feb  6 09:02:40 2026
2026-02-06 09:02:57.704217-0600: ERROR: Node is not in defer state
2026-02-06 09:02:57.707017-0600: ERROR: Node: 1000004cf [0:2:0] prev: 1 now: 1
2026-02-06 09:02:57.765799-0600: Version: V6.5.7 starting [0]
2026-02-06 09:02:57.766983-0600: Started at Fri Feb  6 09:02:57 2026
2026-02-06 13:29:56.887157-0600: exit at user request Fri Feb  6 13:29:57 2026

2026-02-06 15:27:03.760031-0600: Version: V6.5.7 starting [0]
2026-02-06 15:27:04.425598-0600: Started at Fri Feb  6 15:27:03 2026
2026-02-06 16:38:24.717657-0600: exit at user request Fri Feb  6 16:38:24 2026

2026-02-10 12:10:06.194350-0600: Version: V6.5.7 starting [0]
2026-02-10 12:10:06.282404-0600: Started at Tue Feb 10 12:10:06 2026
2026-02-10 15:18:16.751313-0600: exit at user request Tue Feb 10 15:18:16 2026

2026-02-10 15:18:33.006188-0600: Version: V6.5.7 starting [0]
2026-02-10 15:18:33.374379-0600: Started at Tue Feb 10 15:18:33 2026
2026-02-10 15:38:13.606508-0600: exit at user request Tue Feb 10 15:38:13 2026

2026-02-10 15:38:31.754529-0600: Version: V6.5.7 starting [0]
2026-02-10 15:38:32.292014-0600: Started at Tue Feb 10 15:38:31 2026
2026-02-10 15:45:52.689299-0600: exit at user request Tue Feb 10 15:45:52 2026

2026-02-10 15:46:10.176795-0600: Version: V6.5.7 starting [0]
2026-02-10 15:46:10.424745-0600: Started at Tue Feb 10 15:46:10 2026
2026-02-10 18:44:52.606937-0600: exit at user request Tue Feb 10 18:44:53 2026

2026-02-11 10:43:06.473804-0600: Version: V6.5.7 starting [0]
2026-02-11 10:43:06.665906-0600: Started at Wed Feb 11 10:43:06 2026
2026-02-11 14:13:11.529608-0600: exit at user request Wed Feb 11 14:13:11 2026

2026-02-13 09:58:00.163776-0600: Version: V6.5.7 starting [0]
2026-02-13 09:58:01.453202-0600: Started at Fri Feb 13 09:58:00 2026
2026-02-13 11:14:30.561960-0600: exit at user request Fri Feb 13 11:14:30 2026

2026-02-13 11:14:46.099387-0600: Version: V6.5.7 starting [0]
2026-02-13 11:14:46.145386-0600: Started at Fri Feb 13 11:14:46 2026
2026-02-13 13:00:13.725337-0600: exit at user request Fri Feb 13 13:00:13 2026

2026-02-13 13:00:37.491767-0600: Version: V6.5.7 starting [0]
2026-02-13 13:00:37.567940-0600: Started at Fri Feb 13 13:00:37 2026
2026-02-13 13:39:23.028235-0600: exit at user request Fri Feb 13 13:39:23 2026

2026-02-13 14:20:50.029325-0600: Version: V6.5.7 starting [0]
2026-02-13 14:20:51.043382-0600: Started at Fri Feb 13 14:20:50 2026
2026-02-13 14:21:07.144148-0600: ERROR: Node is not in defer state
2026-02-13 14:21:07.144251-0600: ERROR: Node: 1000004ca [0:2:0] prev: 1 now: 1
2026-02-13 14:21:07.213899-0600: Version: V6.5.7 starting [0]
2026-02-13 14:21:07.214967-0600: Started at Fri Feb 13 14:21:07 2026
2026-02-13 14:26:47.697144-0600: exit at user request Fri Feb 13 14:26:49 2026

2026-02-13 14:27:05.770586-0600: Version: V6.5.7 starting [0]
2026-02-13 14:27:06.354640-0600: Started at Fri Feb 13 14:27:05 2026
2026-02-13 14:27:34.690165-0600: exit at user request Fri Feb 13 14:27:34 2026

2026-02-13 14:29:18.738935-0600: Version: V6.5.7 starting [0]
2026-02-13 14:29:19.389404-0600: Started at Fri Feb 13 14:29:18 2026
2026-02-13 14:35:58.935350-0600: exit at user request Fri Feb 13 14:35:59 2026

2026-02-13 14:40:38.333206-0600: Version: V6.5.7 starting [0]
2026-02-13 14:40:38.978471-0600: Started at Fri Feb 13 14:40:38 2026
2026-02-13 14:40:53.682897-0600: ERROR: Node is not in defer state
2026-02-13 14:40:53.682953-0600: ERROR: Node: 1000004ce [0:2:0] prev: 1 now: 1
2026-02-13 14:40:53.710429-0600: Version: V6.5.7 starting [0]
2026-02-13 14:40:53.714382-0600: Started at Fri Feb 13 14:40:53 2026
2026-02-13 14:54:15.255087-0600: exit at user request Fri Feb 13 14:54:15 2026

2026-02-13 14:54:31.973365-0600: Version: V6.5.7 starting [0]
2026-02-13 14:54:32.014081-0600: Started at Fri Feb 13 14:54:31 2026
2026-02-13 14:58:07.346550-0600: exit at user request Fri Feb 13 14:58:07 2026

2026-02-13 14:58:23.771392-0600: Version: V6.5.7 starting [0]
2026-02-13 14:58:23.832835-0600: Started at Fri Feb 13 14:58:23 2026
2026-02-13 15:29:44.061418-0600: exit at user request Fri Feb 13 15:29:44 2026

2026-02-13 15:31:43.956681-0600: Version: V6.5.7 starting [0]
2026-02-13 15:31:45.200147-0600: Started at Fri Feb 13 15:31:43 2026
2026-02-13 15:49:40.927057-0600: exit at user request Fri Feb 13 15:49:40 2026

2026-02-14 09:12:09.494062-0600: Version: V6.5.7 starting [0]
2026-02-14 09:12:09.566872-0600: Started at Sat Feb 14 09:12:09 2026
2026-02-14 16:10:04.310846-0600: exit at user request Sat Feb 14 16:10:04 2026

2026-02-15 13:22:14.794772-0600: Version: V6.5.7 starting [0]
2026-02-15 13:22:15.338939-0600: Started at Sun Feb 15 13:22:14 2026
2026-02-15 13:22:30.132541-0600: ERROR: Node is not in defer state
2026-02-15 13:22:30.132603-0600: ERROR: Node: 1000004cc [0:2:0] prev: 1 now: 1
2026-02-15 13:22:30.150155-0600: Version: V6.5.7 starting [0]
2026-02-15 13:22:30.151017-0600: Started at Sun Feb 15 13:22:30 2026
2026-02-15 14:40:19.745569-0600: exit at user request Sun Feb 15 14:40:19 2026

2026-02-17 12:05:27.534933-0600: Version: V6.5.7 starting [0]
2026-02-17 12:05:28.691579-0600: Started at Tue Feb 17 12:05:27 2026
2026-02-17 12:05:43.633196-0600: ERROR: Node is not in defer state
2026-02-17 12:05:43.642725-0600: ERROR: Node: 1000004ce [0:2:0] prev: 1 now: 1
2026-02-17 12:05:43.665783-0600: Version: V6.5.7 starting [0]
2026-02-17 12:05:43.666635-0600: Started at Tue Feb 17 12:05:43 2026
2026-02-17 18:12:39.000507-0600: exit at user request Tue Feb 17 18:12:39 2026

2026-02-20 11:12:16.536644-0600: Version: V6.5.7 starting [0]
2026-02-20 11:12:16.562784-0600: Started at Fri Feb 20 11:12:16 2026
2026-02-20 11:12:31.322020-0600: ERROR: Node is not in defer state
2026-02-20 11:12:31.322071-0600: ERROR: Node: 1000004cd [0:2:0] prev: 1 now: 1
2026-02-20 11:12:31.348259-0600: Version: V6.5.7 starting [0]
2026-02-20 11:12:31.349399-0600: Started at Fri Feb 20 11:12:31 2026
2026-02-20 13:03:11.788445-0600: exit at user request Fri Feb 20 13:03:11 2026

2026-02-22 13:32:28.882061-0600: Version: V6.5.7 starting [0]
2026-02-22 13:32:29.843072-0600: Started at Sun Feb 22 13:32:28 2026
2026-02-22 13:32:44.885845-0600: ERROR: Node is not in defer state
2026-02-22 13:32:44.885886-0600: ERROR: Node: 1000004ce [0:2:0] prev: 1 now: 1
2026-02-22 13:32:44.906668-0600: Version: V6.5.7 starting [0]
2026-02-22 13:32:44.907509-0600: Started at Sun Feb 22 13:32:44 2026
2026-02-22 13:52:49.498836-0600: exit at user request Sun Feb 22 13:52:49 2026

2026-02-22 14:09:39.611329-0600: Version: V6.5.7 starting [0]
2026-02-22 14:09:39.818484-0600: Started at Sun Feb 22 14:09:39 2026
2026-02-22 14:13:46.026097-0600: exit at user request Sun Feb 22 14:13:46 2026

2026-02-25 13:48:00.543296-0600: Version: V6.5.7 starting [0]
2026-02-25 13:48:01.625955-0600: Started at Wed Feb 25 13:48:00 2026
2026-02-25 19:04:06.228209-0600: exit at user request Wed Feb 25 19:04:06 2026

2026-02-26 01:26:57.974584-0600: Version: V6.5.7 starting [0]
2026-02-26 01:26:59.117866-0600: Started at Thu Feb 26 01:26:57 2026
2026-02-26 11:49:18.583781-0600: exit at user request Thu Feb 26 11:49:18 2026

2026-02-26 12:35:39.470749-0600: Version: V6.5.7 starting [0]
2026-02-26 12:35:40.595241-0600: Started at Thu Feb 26 12:35:39 2026
2026-02-26 19:32:29.998142-0600: exit at user request Thu Feb 26 19:32:29 2026

2026-02-26 22:54:58.914975-0600: Version: V6.5.7 starting [0]
2026-02-26 22:55:00.321919-0600: Started at Thu Feb 26 22:54:58 2026
2026-02-27 05:17:52.610402-0600: exit at user request Fri Feb 27 05:17:52 2026

2026-02-27 09:41:43.429404-0600: Version: V6.5.7 starting [0]
2026-02-27 09:41:43.559225-0600: Started at Fri Feb 27 09:41:43 2026
2026-02-27 13:20:08.828148-0600: exit at user request Fri Feb 27 13:20:08 2026

2026-03-04 20:28:47.483007-0600: Version: V6.5.7 starting [0]
2026-03-04 20:28:48.340506-0600: Started at Wed Mar  4 20:28:47 2026
2026-03-04 20:29:03.415766-0600: ERROR: Node is not in defer state
2026-03-04 20:29:03.415882-0600: ERROR: Node: 1000004cd [0:2:0] prev: 1 now: 1
2026-03-04 20:29:03.437493-0600: Version: V6.5.7 starting [0]
2026-03-04 20:29:03.438710-0600: Started at Wed Mar  4 20:29:03 2026
2026-03-05 11:37:13.632733-0600: exit at user request Thu Mar  5 11:37:13 2026

2026-03-05 15:13:58.291936-0600: Version: V6.5.7 starting [0]
2026-03-05 15:13:58.371322-0600: Started at Thu Mar  5 15:13:58 2026
2026-03-05 15:14:13.278787-0600: ERROR: Node is not in defer state
2026-03-05 15:14:13.278863-0600: ERROR: Node: 1000004cd [0:2:0] prev: 1 now: 1
2026-03-05 15:14:13.293111-0600: Version: V6.5.7 starting [0]
2026-03-05 15:14:13.293764-0600: Started at Thu Mar  5 15:14:13 2026
2026-03-05 15:14:13.685470-0600: ERROR: Node is not in defer state
2026-03-05 15:14:13.685519-0600: ERROR: Node: 1000004cd [0:2:0] prev: 1 now: 1
2026-03-05 15:14:23.702614-0600: Version: V6.5.7 starting [0]
2026-03-05 15:14:23.703294-0600: Started at Thu Mar  5 15:14:23 2026
2026-03-05 19:50:30.473527-0600: exit at user request Thu Mar  5 19:50:30 2026

2026-03-05 22:32:15.513511-0600: Version: V6.5.7 starting [0]
2026-03-05 22:32:16.227627-0600: Started at Thu Mar  5 22:32:15 2026
2026-03-06 09:04:09.782429-0600: exit at user request Fri Mar  6 09:04:09 2026

2026-03-06 10:29:46.938486-0600: Version: V6.5.7 starting [0]
2026-03-06 10:29:47.869140-0600: Started at Fri Mar  6 10:29:46 2026
2026-03-06 16:55:00.386732-0600: exit at user request Fri Mar  6 16:55:00 2026

2026-03-06 19:19:29.198793-0600: Version: V6.5.7 starting [0]
2026-03-06 19:19:30.248621-0600: Started at Fri Mar  6 19:19:29 2026
2026-03-07 05:26:21.896876-0600: exit at user request Sat Mar  7 05:26:22 2026

2026-03-09 13:52:49.051501-0500: Version: V6.5.7 starting [0]
2026-03-09 13:52:49.134794-0500: Started at Mon Mar  9 13:52:49 2026
2026-03-09 15:00:36.292045-0500: exit at user request Mon Mar  9 15:00:36 2026

2026-03-14 12:54:58.078209-0500: Version: V6.5.7 starting [0]
2026-03-14 12:54:58.538568-0500: Started at Sat Mar 14 12:54:58 2026
2026-03-14 12:55:12.390512-0500: ERROR: Node is not in defer state
2026-03-14 12:55:12.390570-0500: ERROR: Node: 1000004cc [0:2:0] prev: 1 now: 1
2026-03-14 12:55:12.401364-0500: Version: V6.5.7 starting [0]
2026-03-14 12:55:12.401998-0500: Started at Sat Mar 14 12:55:12 2026
2026-03-14 14:35:31.869858-0500: exit at user request Sat Mar 14 14:35:31 2026

2026-03-16 13:40:14.437914-0500: Version: V6.5.7 starting [0]
2026-03-16 13:40:15.423591-0500: Started at Mon Mar 16 13:40:14 2026
2026-03-16 15:07:07.575173-0500: exit at user request Mon Mar 16 15:07:07 2026

2026-03-17 08:43:59.059796-0500: Version: V6.5.7 starting [0]
2026-03-17 08:44:00.119755-0500: Started at Tue Mar 17 08:43:59 2026
2026-03-17 16:40:50.439779-0500: exit at user request Tue Mar 17 16:40:50 2026

2026-03-18 13:32:02.240488-0500: Version: V6.5.7 starting [0]
2026-03-18 13:32:02.486449-0500: Started at Wed Mar 18 13:32:02 2026
2026-03-18 13:32:17.183166-0500: ERROR: Node is not in defer state
2026-03-18 13:32:17.183217-0500: ERROR: Node: 1000004ce [0:2:0] prev: 1 now: 1
2026-03-18 13:32:17.200004-0500: Version: V6.5.7 starting [0]
2026-03-18 13:32:17.200867-0500: Started at Wed Mar 18 13:32:17 2026
2026-03-18 13:32:17.557452-0500: ERROR: Node is not in defer state
2026-03-18 13:32:17.557527-0500: ERROR: Node: 1000004ce [0:2:0] prev: 1 now: 1
2026-03-18 13:32:27.574492-0500: Version: V6.5.7 starting [0]
2026-03-18 13:32:27.575122-0500: Started at Wed Mar 18 13:32:27 2026
2026-03-18 15:30:05.894393-0500: exit at user request Wed Mar 18 15:30:06 2026

2026-03-20 11:56:34.174108-0500: Version: V6.5.7 starting [0]
2026-03-20 11:56:35.183574-0500: Started at Fri Mar 20 11:56:34 2026
2026-03-20 12:55:29.880866-0500: exit at user request Fri Mar 20 12:55:29 2026

2026-03-23 12:26:43.837234-0500: Version: V6.5.7 starting [0]
2026-03-23 12:26:44.200695-0500: Started at Mon Mar 23 12:26:43 2026
2026-03-23 13:52:59.373993-0500: exit at user request Mon Mar 23 13:52:59 2026

2026-03-26 12:48:02.273777-0500: Version: V6.5.7 starting [0]
2026-03-26 12:48:03.468099-0500: Started at Thu Mar 26 12:48:02 2026
2026-03-26 12:48:19.201259-0500: ERROR: Node is not in defer state
2026-03-26 12:48:19.201321-0500: ERROR: Node: 1000004cd [0:2:0] prev: 1 now: 1
2026-03-26 12:48:19.227731-0500: Version: V6.5.7 starting [0]
2026-03-26 12:48:19.228777-0500: Started at Thu Mar 26 12:48:19 2026
2026-03-26 16:29:53.501164-0500: exit at user request Thu Mar 26 16:29:53 2026

2026-03-26 20:00:51.545472-0500: Version: V6.5.7 starting [0]
2026-03-26 20:00:52.061881-0500: Started at Thu Mar 26 20:00:51 2026
2026-03-27 08:47:53.908476-0500: exit at user request Fri Mar 27 08:47:53 2026

2026-03-27 10:21:34.245733-0500: Version: V6.5.7 starting [0]
2026-03-27 10:21:34.380383-0500: Started at Fri Mar 27 10:21:34 2026
2026-03-27 10:21:48.587941-0500: ERROR: Node is not in defer state
2026-03-27 10:21:48.587998-0500: ERROR: Node: 1000004e3 [0:2:0] prev: 1 now: 1
2026-03-27 10:21:48.600434-0500: Version: V6.5.7 starting [0]
2026-03-27 10:21:48.601291-0500: Started at Fri Mar 27 10:21:48 2026
2026-03-27 16:45:09.874943-0500: exit at user request Fri Mar 27 16:45:09 2026

2026-03-27 19:28:27.578460-0500: Version: V6.5.7 starting [0]
2026-03-27 19:28:28.472693-0500: Started at Fri Mar 27 19:28:27 2026
2026-03-28 09:31:49.992144-0500: exit at user request Sat Mar 28 09:31:50 2026

2026-03-30 16:03:45.457580-0500: Version: V6.5.7 starting [0]
2026-03-30 16:03:45.984666-0500: Started at Mon Mar 30 16:03:45 2026
2026-03-30 17:40:21.178200-0500: exit at user request Mon Mar 30 17:40:21 2026

2026-03-31 14:51:47.180440-0500: Version: V6.5.7 starting [0]
2026-03-31 14:51:47.402558-0500: Started at Tue Mar 31 14:51:47 2026
2026-03-31 15:19:36.532233-0500: exit at user request Tue Mar 31 15:19:36 2026

2026-04-01 14:00:43.228274-0500: Version: V6.5.7 starting [0]
2026-04-01 14:00:44.416752-0500: Started at Wed Apr  1 14:00:43 2026
2026-04-01 15:15:58.355897-0500: exit at user request Wed Apr  1 15:15:59 2026

2026-04-02 13:21:11.627914-0500: Version: V6.5.7 starting [0]
2026-04-02 13:21:12.666870-0500: Started at Thu Apr  2 13:21:11 2026
2026-04-02 13:21:27.528409-0500: ERROR: Node is not in defer state
2026-04-02 13:21:27.528463-0500: ERROR: Node: 1000004ce [0:2:0] prev: 1 now: 1
2026-04-02 13:21:27.551093-0500: Version: V6.5.7 starting [0]
2026-04-02 13:21:27.554308-0500: Started at Thu Apr  2 13:21:27 2026
2026-04-02 15:01:55.840431-0500: exit at user request Thu Apr  2 15:01:55 2026

2026-04-03 09:33:46.413497-0500: Version: V6.5.7 starting [0]
2026-04-03 09:33:47.425220-0500: Started at Fri Apr  3 09:33:46 2026
2026-04-03 16:58:19.835773-0500: exit at user request Fri Apr  3 16:58:19 2026

2026-04-03 18:29:54.634713-0500: Version: V6.5.7 starting [0]
2026-04-03 18:29:55.250225-0500: Started at Fri Apr  3 18:29:54 2026
2026-04-09 10:16:34.227343-0500: exit at user request Thu Apr  9 10:16:31 2026

2026-04-10 13:48:46.481968-0500: Version: V6.5.7 starting [0]
2026-04-10 13:48:46.569348-0500: Started at Fri Apr 10 13:48:46 2026
2026-04-10 16:20:26.200082-0500: exit at user request Fri Apr 10 16:20:26 2026

2026-04-11 14:09:01.968063-0500: Version: V6.5.7 starting [0]
2026-04-11 14:09:02.105426-0500: Started at Sat Apr 11 14:09:01 2026
2026-04-11 16:25:01.135586-0500: exit at user request Sat Apr 11 16:25:01 2026

2026-04-13 13:28:55.089455-0500: Version: V6.5.7 starting [0]
2026-04-13 13:28:56.222411-0500: Started at Mon Apr 13 13:28:55 2026
2026-04-13 17:17:52.528537-0500: exit at user request Mon Apr 13 17:17:52 2026

2026-04-14 14:56:36.988799-0500: Version: V6.5.7 starting [0]
2026-04-14 14:56:37.265112-0500: Started at Tue Apr 14 14:56:36 2026
2026-04-14 17:41:53.556433-0500: exit at user request Tue Apr 14 17:41:53 2026

2026-04-15 09:57:11.094494-0500: Version: V6.5.7 starting [0]
2026-04-15 09:57:12.263646-0500: Started at Wed Apr 15 09:57:11 2026
2026-04-15 09:59:18.182175-0500: exit at user request Wed Apr 15 09:59:16 2026

2026-04-16 15:07:40.052996-0500: Version: V6.5.7 starting [0]
2026-04-16 15:07:40.343094-0500: Started at Thu Apr 16 15:07:40 2026
2026-04-16 15:07:54.460611-0500: ERROR: Node is not in defer state
2026-04-16 15:07:54.460671-0500: ERROR: Node: 1000004cd [0:2:0] prev: 1 now: 1
2026-04-16 15:07:54.478826-0500: Version: V6.5.7 starting [0]
2026-04-16 15:07:54.479775-0500: Started at Thu Apr 16 15:07:54 2026
2026-04-16 17:33:04.913739-0500: exit at user request Thu Apr 16 17:33:04 2026

2026-04-17 11:44:22.050660-0500: Version: V6.5.7 starting [0]
2026-04-17 11:44:23.267320-0500: Started at Fri Apr 17 11:44:22 2026
2026-04-17 14:14:48.198703-0500: exit at user request Fri Apr 17 14:14:48 2026

2026-04-19 12:00:40.168957-0500: Version: V6.5.7 starting [0]
2026-04-19 12:00:40.967373-0500: Started at Sun Apr 19 12:00:40 2026
2026-04-19 12:00:56.040674-0500: ERROR: Node is not in defer state
2026-04-19 12:00:56.040780-0500: ERROR: Node: 1000004cd [0:2:0] prev: 1 now: 1
2026-04-19 12:00:56.057516-0500: Version: V6.5.7 starting [0]
2026-04-19 12:00:56.058513-0500: Started at Sun Apr 19 12:00:56 2026
2026-04-19 12:06:09.054419-0500: exit at user request Sun Apr 19 12:05:58 2026

2026-04-19 15:18:21.346045-0500: Version: V6.5.7 starting [0]
2026-04-19 15:18:21.377233-0500: Started at Sun Apr 19 15:18:21 2026
2026-04-19 15:21:19.298830-0500: exit at user request Sun Apr 19 15:21:21 2026

2026-04-23 11:07:22.841750-0500: Version: V6.5.7 starting [0]
2026-04-23 11:07:22.886363-0500: Started at Thu Apr 23 11:07:22 2026
2026-04-23 11:07:38.286140-0500: ERROR: Node is not in defer state
2026-04-23 11:07:38.286494-0500: ERROR: Node: 1000004e2 [0:2:0] prev: 1 now: 1
2026-04-23 11:07:38.301136-0500: Version: V6.5.7 starting [0]
2026-04-23 11:07:38.306071-0500: Started at Thu Apr 23 11:07:38 2026
2026-04-23 11:44:18.289747-0500: exit at user request Thu Apr 23 11:44:19 2026

2026-04-24 07:45:33.216762-0500: Version: V6.5.7 starting [0]
2026-04-24 07:45:33.386987-0500: Started at Fri Apr 24 07:45:33 2026
2026-04-24 07:45:47.363279-0500: ERROR: Node is not in defer state
2026-04-24 07:45:47.363348-0500: ERROR: Node: 1000004e3 [0:2:0] prev: 1 now: 1
2026-04-24 07:45:47.380251-0500: Version: V6.5.7 starting [0]
2026-04-24 07:45:47.380992-0500: Started at Fri Apr 24 07:45:47 2026
2026-04-24 07:47:51.260984-0500: exit at user request Fri Apr 24 07:47:49 2026

2026-04-24 12:56:37.223149-0500: Version: V6.5.7 starting [0]
2026-04-24 12:56:37.263563-0500: Started at Fri Apr 24 12:56:37 2026
2026-04-24 13:48:37.123149-0500: exit at user request Fri Apr 24 13:48:37 2026

2026-04-24 14:14:21.997085-0500: Version: V6.5.7 starting [0]
2026-04-24 14:14:22.126111-0500: Started at Fri Apr 24 14:14:21 2026
2026-04-24 14:14:37.002297-0500: ERROR: Node is not in defer state
2026-04-24 14:14:37.002369-0500: ERROR: Node: 1000004cd [0:2:0] prev: 1 now: 1
2026-04-24 14:14:37.025020-0500: Version: V6.5.7 starting [0]
2026-04-24 14:14:37.025980-0500: Started at Fri Apr 24 14:14:37 2026
2026-04-24 14:20:40.952297-0500: exit at user request Fri Apr 24 14:20:41 2026

2026-04-24 16:09:28.835740-0500: Version: V6.5.7 starting [0]
2026-04-24 16:09:29.196420-0500: Started at Fri Apr 24 16:09:28 2026
2026-04-24 16:09:43.845738-0500: ERROR: Node is not in defer state
2026-04-24 16:09:43.845838-0500: ERROR: Node: 1000004cd [0:2:0] prev: 1 now: 1
2026-04-24 16:09:43.868080-0500: Version: V6.5.7 starting [0]
2026-04-24 16:09:43.869077-0500: Started at Fri Apr 24 16:09:43 2026
2026-04-24 16:14:07.339068-0500: exit at user request Fri Apr 24 16:14:06 2026

2026-04-25 00:10:23.527361-0500: Version: V6.5.7 starting [0]
2026-04-25 00:10:24.540750-0500: Started at Sat Apr 25 00:10:23 2026
2026-04-25 01:08:45.404795-0500: exit at user request Sat Apr 25 01:08:45 2026

2026-04-25 01:09:00.432430-0500: Version: V6.5.7 starting [0]
2026-04-25 01:09:00.485541-0500: Started at Sat Apr 25 01:09:00 2026
2026-04-25 01:09:16.134854-0500: ERROR: Node is not in defer state
2026-04-25 01:09:16.134896-0500: ERROR: Node: 1000004e4 [0:2:0] prev: 1 now: 1
2026-04-25 01:09:16.177179-0500: Version: V6.5.7 starting [0]
2026-04-25 01:09:16.178133-0500: Started at Sat Apr 25 01:09:16 2026
2026-04-26 11:08:44.419505-0500: exit at user request Sun Apr 26 11:08:44 2026

2026-04-29 07:08:27.811664-0500: Version: V6.5.7 starting [0]
2026-04-29 07:08:29.061858-0500: Started at Wed Apr 29 07:08:27 2026
2026-04-29 16:47:42.083738-0500: exit at user request Wed Apr 29 16:47:42 2026

2026-04-29 17:44:07.987207-0500: Version: V6.5.7 starting [0]
2026-04-29 17:44:08.047781-0500: Started at Wed Apr 29 17:44:07 2026
2026-04-29 17:44:22.858145-0500: ERROR: Node is not in defer state
2026-04-29 17:44:22.858224-0500: ERROR: Node: 1000004ce [0:2:0] prev: 1 now: 1
2026-04-29 17:44:22.875127-0500: Version: V6.5.7 starting [0]
2026-04-29 17:44:22.876027-0500: Started at Wed Apr 29 17:44:22 2026
2026-04-29 19:01:44.563429-0500: exit at user request Wed Apr 29 19:01:44 2026

2026-04-29 19:11:27.048258-0500: Version: V6.5.7 starting [0]
2026-04-29 19:11:27.130191-0500: Started at Wed Apr 29 19:11:27 2026
2026-04-29 19:11:42.163544-0500: ERROR: Node is not in defer state
2026-04-29 19:11:42.163717-0500: ERROR: Node: 1000004cd [0:2:0] prev: 1 now: 1
2026-04-29 19:11:42.179721-0500: Version: V6.5.7 starting [0]
2026-04-29 19:11:42.180565-0500: Started at Wed Apr 29 19:11:42 2026
2026-04-29 19:47:30.735689-0500: exit at user request Wed Apr 29 19:47:30 2026

2026-04-29 22:40:13.145317-0500: Version: V6.5.7 starting [0]
2026-04-29 22:40:13.903194-0500: Started at Wed Apr 29 22:40:13 2026
2026-04-30 10:52:01.476490-0500: exit at user request Thu Apr 30 10:52:01 2026

2026-04-30 22:12:01.769690-0500: Version: V6.5.7 starting [0]
2026-04-30 22:12:03.143977-0500: Started at Thu Apr 30 22:12:01 2026
2026-05-01 08:48:57.691752-0500: exit at user request Fri May  1 08:48:57 2026

2026-05-05 14:11:53.408035-0500: Version: V6.5.7 starting [0]
2026-05-05 14:11:54.905300-0500: Started at Tue May  5 14:11:53 2026
2026-05-05 15:23:32.188781-0500: exit at user request Tue May  5 15:23:32 2026

2026-05-06 07:10:08.326310-0500: Version: V6.5.7 starting [0]
2026-05-06 07:10:08.923878-0500: Started at Wed May  6 07:10:08 2026
2026-05-06 07:58:28.522873-0500: exit at user request Wed May  6 07:58:28 2026

2026-05-06 08:34:18.796974-0500: Version: V6.5.7 starting [0]
2026-05-06 08:34:19.027342-0500: Started at Wed May  6 08:34:18 2026
2026-05-07 11:59:06.138025-0500: exit at user request Thu May  7 11:59:06 2026

2026-05-08 11:53:42.562489-0500: Version: V6.5.7 starting [0]
2026-05-08 11:53:42.613221-0500: Started at Fri May  8 11:53:42 2026
2026-05-08 12:33:49.735565-0500: exit at user request Fri May  8 12:33:49 2026

2026-05-15 09:39:49.076624-0500: Version: V6.5.7 starting [0]
2026-05-15 09:39:50.300146-0500: Started at Fri May 15 09:39:49 2026
2026-05-15 15:28:46.107245-0500: exit at user request Fri May 15 15:28:46 2026

2026-05-16 11:52:33.610467-0500: Version: V6.5.7 starting [0]
2026-05-16 11:52:33.869195-0500: Started at Sat May 16 11:52:33 2026
2026-05-16 12:04:32.437840-0500: exit at user request Sat May 16 12:04:30 2026

2026-05-18 13:29:53.717154-0500: Version: V6.5.7 starting [0]
2026-05-18 13:29:53.897533-0500: Started at Mon May 18 13:29:53 2026
2026-05-18 14:44:30.989341-0500: exit at user request Mon May 18 14:44:31 2026

2026-05-19 20:30:15.653017-0500: Version: V6.5.7 starting [0]
2026-05-19 20:30:15.752522-0500: Started at Tue May 19 20:30:15 2026
2026-05-19 21:37:35.661737-0500: exit at user request Tue May 19 21:37:35 2026

2026-05-22 11:53:45.818261-0500: Version: V6.5.7 starting [0]
2026-05-22 11:53:45.902428-0500: Started at Fri May 22 11:53:45 2026
2026-05-22 12:31:48.211326-0500: exit at user request Fri May 22 12:31:48 2026

2026-05-23 01:52:23.824894-0500: Version: V6.5.7 starting [0]
2026-05-23 01:52:25.321354-0500: Started at Sat May 23 01:52:23 2026
2026-05-23 10:18:20.922622-0500: Version: V6.5.7 starting [0]
2026-05-23 10:18:21.015039-0500: Started at Sat May 23 10:18:20 2026
2026-05-26 23:05:46.118799-0500: exit at user request Tue May 26 23:05:46 2026

2026-05-29 11:56:24.718805-0500: Version: V6.5.7 starting [0]
2026-05-29 11:56:25.816552-0500: Started at Fri May 29 11:56:24 2026
2026-05-29 11:56:40.279189-0500: ERROR: Node is not in defer state
2026-05-29 11:56:40.279242-0500: ERROR: Node: 1000004a3 [0:2:0] prev: 1 now: 1
2026-05-29 11:56:40.301944-0500: Version: V6.5.7 starting [0]
2026-05-29 11:56:40.302865-0500: Started at Fri May 29 11:56:40 2026
2026-05-29 15:11:13.108879-0500: exit at user request Fri May 29 15:11:13 2026

2026-06-03 11:33:07.360397-0500: Version: V6.5.7 starting [0]
2026-06-03 11:33:08.655423-0500: Started at Wed Jun  3 11:33:07 2026
2026-06-03 11:35:50.923875-0500: exit at user request Wed Jun  3 11:35:37 2026

2026-06-06 11:10:11.937639-0500: Version: V6.5.7 starting [0]
2026-06-06 11:10:12.714988-0500: Started at Sat Jun  6 11:10:11 2026
2026-06-06 11:10:27.371710-0500: ERROR: Node is not in defer state
2026-06-06 11:10:27.371767-0500: ERROR: Node: 1000004a4 [0:2:0] prev: 1 now: 1
2026-06-06 11:10:27.409109-0500: Version: V6.5.7 starting [0]
2026-06-06 11:10:27.409946-0500: Started at Sat Jun  6 11:10:27 2026
2026-06-06 14:31:51.284560-0500: exit at user request Sat Jun  6 14:31:51 2026

2026-06-07 10:41:08.165592-0500: Version: V6.5.7 starting [0]
2026-06-07 10:41:08.944241-0500: Started at Sun Jun  7 10:41:08 2026
2026-06-07 10:41:21.955309-0500: ERROR: Node is not in defer state
2026-06-07 10:41:21.955368-0500: ERROR: Node: 1000004b9 [0:2:0] prev: 1 now: 1
2026-06-07 10:41:21.971494-0500: Version: V6.5.7 starting [0]
2026-06-07 10:41:21.972326-0500: Started at Sun Jun  7 10:41:21 2026
2026-06-07 14:59:11.274021-0500: exit at user request Sun Jun  7 14:59:11 2026

2026-06-07 16:01:57.514427-0500: Version: V6.5.7 starting [0]
2026-06-07 16:01:57.885512-0500: Started at Sun Jun  7 16:01:57 2026
2026-06-07 18:50:59.766038-0500: exit at user request Sun Jun  7 18:50:59 2026

2026-06-08 10:09:42.936933-0500: Version: V6.5.7 starting [0]
2026-06-08 10:09:43.560354-0500: Started at Mon Jun  8 10:09:42 2026
2026-06-08 16:26:40.148932-0500: exit at user request Mon Jun  8 16:26:40 2026

2026-06-08 17:10:05.630657-0500: Version: V6.5.7 starting [0]
2026-06-08 17:10:06.885860-0500: Started at Mon Jun  8 17:10:05 2026
2026-06-08 20:29:41.610957-0500: exit at user request Mon Jun  8 20:29:41 2026

2026-06-11 11:36:04.441274-0500: Version: V6.5.7 starting [0]
2026-06-11 11:36:05.552678-0500: Started at Thu Jun 11 11:36:04 2026
2026-06-11 13:45:59.284279-0500: exit at user request Thu Jun 11 13:45:59 2026

2026-06-11 15:04:25.046293-0500: Version: V6.5.7 starting [0]
2026-06-11 15:04:25.458960-0500: Started at Thu Jun 11 15:04:25 2026
2026-06-11 15:04:40.600016-0500: ERROR: Node is not in defer state
2026-06-11 15:04:40.600070-0500: ERROR: Node: 1000004a3 [0:2:0] prev: 1 now: 1
2026-06-11 15:04:40.713581-0500: Version: V6.5.7 starting [0]
2026-06-11 15:04:40.725600-0500: Started at Thu Jun 11 15:04:40 2026
2026-06-11 20:57:32.955932-0500: exit at user request Thu Jun 11 20:57:32 2026

2026-06-12 15:40:43.778933-0500: Version: V6.5.7 starting [0]
2026-06-12 15:40:44.374023-0500: Started at Fri Jun 12 15:40:43 2026
2026-06-12 16:24:41.925024-0500: exit at user request Fri Jun 12 16:24:41 2026

2026-06-12 17:24:23.138927-0500: Version: V6.5.7 starting [0]
2026-06-12 17:24:23.570316-0500: Started at Fri Jun 12 17:24:23 2026
2026-06-12 18:55:38.647791-0500: exit at user request Fri Jun 12 18:55:38 2026

2026-06-13 11:27:28.367532-0500: Version: V6.5.7 starting [0]
2026-06-13 11:27:28.851976-0500: Started at Sat Jun 13 11:27:28 2026
