/Users/maxieds/psycho-boy-nonfiction-book/docs/trump-app-bluetooth-problem-solved/.DS_Store
/Users/maxieds/psycho-boy-nonfiction-book/docs/trump-app-bluetooth-problem-solved/linkedin-tagging-stalking-false-connections/.DS_Store
/Users/maxieds/psycho-boy-nonfiction-book/docs/trump-app-bluetooth-problem-solved/linkedin-tagging-stalking-false-connections/anthony-adobe-linkedin/.DS_Store
/Users/maxieds/psycho-boy-nonfiction-book/docs/trump-app-bluetooth-problem-solved/darkweb-portal-entry-points-through-dotgov-sites-sex-slavery-trumpepstein/.DS_Store
/Users/maxieds/psycho-boy-nonfiction-book/docs/trump-app-bluetooth-problem-solved/darkweb-portal-entry-points-through-dotgov-sites-sex-slavery-trumpepstein/homecfg/.DS_Store
/Users/maxieds/psycho-boy-nonfiction-book/docs/trump-app-bluetooth-problem-solved/darkweb-portal-entry-points-through-dotgov-sites-sex-slavery-trumpepstein/memes-intro/.DS_Store
/Users/maxieds/psycho-boy-nonfiction-book/docs/trump-app-bluetooth-problem-solved/darkweb-portal-entry-points-through-dotgov-sites-sex-slavery-trumpepstein/youtube-netstat-florida-github-trumps-mastadon/.DS_Store
/Users/maxieds/psycho-boy-nonfiction-book/docs/trump-app-bluetooth-problem-solved/nfc-bluetooth-usb-financial-schemes/.DS_Store
/Users/maxieds/psycho-boy-nonfiction-book/docs/trump-app-bluetooth-problem-solved/bribery-extortion-chicago-illinios-usa-northamerica-earth/.DS_Store
/Users/maxieds/psycho-boy-nonfiction-book/docs/trump-app-bluetooth-problem-solved/bribery-extortion-chicago-illinios-usa-northamerica-earth/youtube-darkweb-analytics/.DS_Store
/Users/maxieds/psycho-boy-nonfiction-book/docs/capture-the-flag-maralago-wargames/porche911/.DS_Store
/Users/maxieds/psycho-boy-nonfiction-book/docs/capture-the-flag-maralago-wargames/porche911/arpa-git-local3/.DS_Store
/Users/maxieds/psycho-boy-nonfiction-book/docs/capture-the-flag-maralago-wargames/porche911/trump-is-screwed-tld-blackberry-email-hints/.DS_Store
/Users/maxieds/psycho-boy-nonfiction-book/docs/capture-the-flag-maralago-wargames/porche911/dotandroid/.DS_Store
/Users/maxieds/psycho-boy-nonfiction-book/docs/capture-the-flag-maralago-wargames/july4th2026-obama-presidential-library-capture-the-flag/.DS_Store
/Users/maxieds/psycho-boy-nonfiction-book/docs/capture-the-flag-maralago-wargames/july4th2026-obama-presidential-library-capture-the-flag/daddy-caught-redpawed-with-his-little-thingy-in-the-honeypot-by-kevin-and-obama/.DS_Store
/Users/maxieds/psycho-boy-nonfiction-book/docs/capture-the-flag-maralago-wargames/post-july4th2026-obamalib-recovery/.DS_Store
/Users/maxieds/psycho-boy-nonfiction-book/docs/capture-the-flag-maralago-wargames/post-july4th2026-obamalib-recovery/arpa-git-local3/.DS_Store
/Users/maxieds/psycho-boy-nonfiction-book/docs/trump-campaign-app-2020/kevin-hints-free-online-analyzers/.DS_Store
/Users/maxieds/psycho-boy-nonfiction-book/docs/trump-campaign-app-2020/daddy-caught-redpawed-with-his-little-thingy-in-the-honeypot-by-kevin-and-obama/.DS_Store
/Users/maxieds/psycho-boy-nonfiction-book/docs/trump-campaign-app-2020/Github-maxieds-GEyesThemes-releases-2020-stashed-highlights/.DS_Store
/Users/maxieds/psycho-boy-nonfiction-book/docs/youtube-posts-archive/takeout-20250223T200655Z-001/Takeout/.DS_Store
/Users/maxieds/psycho-boy-nonfiction-book/docs/youtube-posts-archive/saveweb2zip-com-www-youtube-com/.DS_Store
/Users/maxieds/psycho-boy-nonfiction-book/docs/youtube-posts-archive/saveweb2zip-com-www-youtube-com/fonts.gstatic.com/.DS_Store
/Users/maxieds/psycho-boy-nonfiction-book/docs/youtube-posts-archive/saveweb2zip-com-www-youtube-com/fonts.gstatic.com/s/.DS_Store
/Users/maxieds/psycho-boy-nonfiction-book/docs/youtube-posts-archive/saveweb2zip-com-www-youtube-com/fonts.gstatic.com/s/roboto/.DS_Store
/Users/maxieds/psycho-boy-nonfiction-book/docs/youtube-posts-archive/.DS_Store
