https://www.google.com/search?client=firefox-b-1-d&q=chicago+ham+radio+club
https://studio.youtube.com/channel/UCqSYEc4R7Vp4h233TQECEIw/videos/upload?filter=%5B%5D&sort=%7B%22columnType%22%3A%22date%22%2C%22sortOrder%22%3A%22DESCENDING%22%7D
https://drive.google.com/drive/u/1/folders/1hAql18QnnmHjlMrBLzQeGvj0ijm2y6Cg
https://drive.google.com/drive/u/1/folders/14AiTBCfB9Dl87FeXB9hAQxA2H0ctvSG8
https://drive.google.com/drive/u/1/folders/1HTJevn1ifUyRP8szcjMVyeJDRh4BNATt
https://blog.quarkslab.com/hydradancer-faster-usb-emulation-for-facedancer.html
https://github.com/hydrausb3/grehack22
https://github.com/HydraDancer/hydradancer_fw
https://github.com/greatscottgadgets/Facedancer
https://github.com/HydraDancer/Facedancer
https://github.com/hydrausb3/wch-ch56x-bsp
https://github.com/hydrabus/hydrafw/wiki/HydraFW-console-commands
https://github.com/hydrabus/hydrafw/wiki/HydraFW-Binary-mode-guide
http://dangerousprototypes.com/blog/2009/10/09/bus-pirate-raw-bitbang-mode/
http://dangerousprototypes.com/blog/2009/10/08/bus-pirate-raw-spi-mode/
http://dangerousprototypes.com/blog/2009/10/14/bus-pirate-binary-i2c-mode/
http://dangerousprototypes.com/blog/2009/10/19/bus-pirate-binary-uart-mode/
https://github.com/maxieds/ChameleonBLEAPI/blob/56b5310c3e2a6c89d139d2dda6438969a92abb5b/appmain/utils/system/LogUtils.java#L4
https://github.com/maxieds/ChameleonBLEAPI/tree/master/appmain/xmodem
https://github.com/maxieds/ChameleonBLEAPI/tree/master/appmain/executor
https://github.com/maxieds/ChameleonBLEAPI/tree/master/appmain/defined
https://github.com/maxieds/ChameleonBLEAPI/tree/master/appmain/utils
https://github.com/maxieds/ChameleonBLEAPI/blob/master/appmain/devices/UsbSerialControl.java
https://github.com/maxieds/ChameleonBLEAPI/blob/master/appmain/devices/BleCMDControl.java
https://github.com/maxieds/ChameleonBLEAPI/blob/master/appmain/devices/BleSerialControl.java
https://github.com/maxieds/ChameleonBLEAPI/tree/master/appmain/posixio
https://github.com/maxieds/ChameleonBLEAPI/tree/master/appmain/callback
https://github.com/maxieds/ChameleonBLEAPI/tree/master/appmain/javabean
https://github.com/maxieds/ChameleonBLEAPI/tree/master/packets
https://www.google.com/search?client=firefox-b-1-d&q=nfc+sak
https://github.com/emsec/ChameleonMini
https://github.com/emsec/ChameleonMini/blob/master/Doc/DESFireSupportReadme.md
https://github.com/emsec/ChameleonMini/blob/master/Doc/DESFireGallagherReadme.md
https://www.google.com/search?client=firefox-b-1-d&q=2%5E12
https://www.today.com/life/astrology/212-angel-number-meaning-rcna160954
https://www.nanpa.com/resources/area-code-maps
https://en.wikipedia.org/wiki/Internet_Assigned_Numbers_Authority
https://24timezones.com/225/area-code
https://www.timeanddate.com/worldclock/dialingcodes.html?p1=25&p2=1&number=225-447-2525
https://www.justanswer.com/general/0hk79-country-code-numbers-need-dial.html
https://www.google.com/search?client=firefox-b-1-d&hs=Rhwp&sca_esv=b1a695d422d02fcb&biw=1578&bih=744&sxsrf=ANbL-n7xpvTnPXpUlXiKt_jx2ji9uAvwQw%3A1779587522391&udm=50&q=Which+country+uses+the+%2B225+code%3F+List+other+country+codes+for+Africa&aep=64&sa=X&ved=2ahUKEwj3wfmQ6NCUAxXxrisGHaFXG4YQy8AQKAF6BAgcEAg&mstk=AUtExfDKBnkg1Z2_oJ9sD7cf_gCbaLCTD8tug3zXKy5zBsPy3S5p7S4sutkPGBQhlaG05Y3zaFf-fM8kS02QMYm_pDQPkEqiG47r2afBRuHK50U9mK1-M852Rsqtu1cKCbQ2cHtrx49tA1GxzDdFrDcq75GdiBhYqEz4W0ZvlhOB53KCcNRoTRXBRDJ2d5PHEcXmyvJvsR_KUMi-xxfs3hbHb9WO6bMaV5tDYZ7tS7BcgoUswKzD_HggstWNpURpe8rGULntNerzGAZo4-pEVkA8e-aWAcVnaOA1W0lHG0YcqHCDKIfGL6JtxWe4qYG99mXNX5-moYMGsjx8wQ&csuir=1&mtid=h1oSauH3AYmoptQP4NSJsAc
https://www.mightycall.com/blog/best-area-codes/
https://themortgagepoint.com/2024/10/30/where-are-the-most-expensive-zip-codes-in-the-u-s/
https://www.google.com/search?client=firefox-b-1-d&hs=0OHV&sca_esv=a5eb312efc22731d&udm=7&sxsrf=ANbL-n4udJJXxd5la-MrrFJzSBpUG6_I8Q:1779595753061&q=Beavis+and+Butthead+youtube+full+episodes&sa=X&ved=2ahUKEwjqydHlhtGUAxXuiSsGHYqUIu8Q1QJ6BAgbEAE&biw=1578&bih=744&dpr=1.58
https://www.youtube.com/watch?v=Z3RoJ_fvZcE
https://www.youtube.com/watch?v=Et-Hnn0sgCw
https://www.youtube.com/results?search_query=beavis+and+butthead
https://www.youtube.com/watch?v=C3wRLV2TGPQ
https://en.wikipedia.org/wiki/QR_code
https://github.com/skjolber/ndef-tools-for-android/tree/master/jse/src/main/java/android/annotation
https://github.com/skjolber/ndef-tools-for-android/tree/master/jse/src/main/java/android/content
https://github.com/skjolber/ndef-tools-for-android/tree/master/jse/src/main/java/android/net
https://github.com/skjolber/ndef-tools-for-android/tree/master/jse/src/main/java/android/nfc
https://github.com/skjolber/ndef-tools-for-android/tree/master/jse/src/main/java/android/os
https://img.ly/docs/cesdk/android/open-the-editor/uri-resolver-36b624/
https://img.ly/docs/cesdk/android/open-the-editor/set-zoom-level-d31896/
https://img.ly/docs/cesdk/android/insert-media-a217f5/
https://www.rfc-editor.org/info/rfc4918/
https://www.rfc-editor.org/info/rfc2518/
https://www.rfc-editor.org/info/rfc2291/
https://www.rfc-editor.org/info/rfc3648/
https://www.rfc-editor.org/info/rfc3744/
https://www.rfc-editor.org/info/rfc4331/
https://www.rfc-editor.org/info/rfc4437/
https://www.rfc-editor.org/info/rfc7095/
https://www.rfc-editor.org/info/rfc8688/
https://en.wikipedia.org/wiki/FOAF
https://en.wikipedia.org/wiki/Geo_URI_scheme
https://franckybox.com/wp-content/uploads/qrcode.pdf
https://sumitbopche01.medium.com/understanding-qr-codes-a-detailed-exploration-ca62fa767a65
https://en.wikipedia.org/wiki/QR_algorithm
https://stackoverflow.com/questions/5446421/encode-algorithm-qr-code
https://arxiv.org/html/2410.05497v1
https://www.qrcode.com/en/about/version.html
https://www.nanpa.com/
https://github.com/skjolber/ndef-tools-for-android/blob/master/ndef/src/main/java/com/github/skjolber/ndef/MimeRecord.java
https://web.archive.org/web/20230205201354/https://help.gototags.com/article/nfc-ndef-android-application-record/
https://web.archive.org/web/20210511215639/https://help.gototags.com/article/multiple-ndef-records-nfc-tag/
https://web.archive.org/web/20200817164113/https://nfc-forum.org/our-work/specification-releases/specifications/nfc-forum-technical-specifications/
https://web.archive.org/web/20200817164113/https://nfc-forum.org/our-work/specification-releases/specifications/nfc-forum-technical-specifications/#20dda92878a17a731
https://web.archive.org/web/20200817164113/https://nfc-forum.org/our-work/specification-releases/specifications/nfc-forum-technical-specifications/#d7f7edccdf7529a51
https://web.archive.org/web/20200817164113/https://nfc-forum.org/our-work/specification-releases/specifications/nfc-forum-technical-specifications/#dc9e4cb41aeaaf678
https://www.atlasrfidstore.com/rfid-insider/how-to-use-nfc-tags-in-marketing/
https://www.atlasrfidstore.com/rfid-tags/
https://www.atlasrfidstore.com/rfid-insider/nfc-facts-applications/
https://nfc-forum.org/
https://www.atlasrfidstore.com/rfid-insider/active-rfid-vs-passive-rfid/
https://rfid.atlasrfidstore.com/hubfs/The%20Insiders%20Guide%20to%20Working%20with%20RFID/The%20Insiders%20Guide%20To%20Working%20With%20RFID%20-%20atlasRFIDstore.pdf
https://developer.android.com/reference/android/nfc/NdefRecord#TNF_EXTERNAL_TYPE
https://stackoverflow.com/questions/23035490/android-receiving-and-processing-ndef-records
https://www.ietf.org/rfc/rfc2046.txt
https://www.ietf.org/rfc/rfc822.txt
https://www.google.com/search?client=firefox-b-1-d&q=ietf+founders+radical+feminism
https://www.pbs.org/newshour/brief/467941/vint-cerf
https://apps.dtic.mil/sti/pdfs/AD0699946.pdf
https://www.bitsavers.org/pdf/bbn/imp/BBN1822_Jan1976.pdf
https://en.wikipedia.org/wiki/Timeline_of_the_history_of_the_Internet
https://apps.dtic.mil/sti/pdfs/ADA115440.pdf
https://www.darpa.mil/attachments/DARPA_Directors_Sheet_20201.pdf
https://web.archive.org/web/20230306014055/https://www.darpa.mil/attachments/DARPA_Directors_Sheet_20201.pdf
https://conservancy.umn.edu/collections/0abdcd91-4750-43f1-add3-da30a43925be/search
https://carolinadigitalphone.com/future-of-the-internet/
https://www.cnn.com/2025/02/14/uk/james-howells-landfill-bitcoin-gbr-intl-scli
https://www.geneticsandsociety.org/article/what-elon-musks-iq
https://en.wikipedia.org/wiki/Internet_Engineering_Task_Force
https://datatracker.ietf.org/doc/rfc1251/
https://www.iab.org/about/history/
https://en.wikipedia.org/wiki/List_of_Internet_pioneers
https://web.archive.org/web/20260000000000*/https://img.ly/docs/cesdk/android/open-the-editor/set-zoom-level-d31896/
https://web.archive.org/
https://datatracker.ietf.org/doc/html/rfc7089
https://mementoweb.org/guide/timemap-json/
https://mementoweb.org/guide/howto/
https://en.wikipedia.org/wiki/Cryptocurrency_exchange
https://en.wikipedia.org/wiki/Cryptocurrency_wallet
https://en.wikipedia.org/wiki/Super_PAC
https://en.wikipedia.org/wiki/Make_America_Great_Again_Inc.
https://en.wikipedia.org/wiki/Donald_Trump
https://en.wikipedia.org/wiki/Cryptocurrency
https://en.wikipedia.org/wiki/BBC_News
https://en.wikipedia.org/wiki/Dark_web
https://ws-dl.blogspot.com/2013/07/2013-07-15-wayback-machine-upgrades.html
https://web.archive.org/web/20260000000000*/https://archive-access.sourceforge.net/projects/wayback/administrator_manual.html#Archival_URL_Replay_Mode
https://ws-dl.blogspot.com/2010/03/2010-03-19-mementofox-add-on-released.html
https://github.com/internetarchive/wayback/tree/master/wayback-cdx-server
https://github.com/internetarchive/wayback/blob/master/wayback-cdx-server/pom.xml
https://github.com/internetarchive/wayback/blob/master/wayback-cdx-server/src/main/webapp/WEB-INF/ia-web-archive-cdx-server-config.xml
https://github.com/internetarchive/wayback/blob/master/wayback-cdx-server/src/main/webapp/WEB-INF/wayback-cdx-server-servlet.xml
https://github.com/internetarchive/wayback/blob/master/wayback-cdx-server/src/main/webapp/WEB-INF/web.xml
https://github.com/internetarchive/wayback/tree/master/wayback-cdx-server/src/main/java/org/archive/cdxserver/filter
https://www.google.com/search?client=firefox-b-1-d&q=alert+sounds+mp3+examples
https://www.google.com/search?client=firefox-b-1-d&hs=nAc&sca_esv=f0c72423257adc39&sxsrf=ANbL-n5qGz32Onn9v7vr0wDEV8b986jT2Q%3A1779619707856&q=Funny+alert+sounds+mp3+examples&sa=X&ved=2ahUKEwjTnJaE4NGUAxVr3skDHdq8PDgQ1QJ6BAg2EAE
https://www.google.com/search?client=firefox-b-1-d&hs=nAc&sca_esv=f0c72423257adc39&sxsrf=ANbL-n5qGz32Onn9v7vr0wDEV8b986jT2Q:1779619707856&q=Tiktok+alert+sounds+mp3+examples&sa=X&ved=2ahUKEwjTnJaE4NGUAxVr3skDHdq8PDgQ1QJ6BAgqEAE
https://www.google.com/search?client=firefox-b-1-d&hs=nAc&sca_esv=f0c72423257adc39&sxsrf=ANbL-n5qGz32Onn9v7vr0wDEV8b986jT2Q:1779619707856&q=Loud+alert+sounds+mp3+examples&sa=X&ved=2ahUKEwjTnJaE4NGUAxVr3skDHdq8PDgQ1QJ6BAg7EAE
https://www.linkedin.com/mynetwork/invite-connect/connections/
https://www.linkedin.com/in/brighten/
https://www.linkedin.com/in/rhonda-mcelroy-1a64246/
https://www.linkedin.com/search/results/people/?origin=MEMBER_PROFILE_CANNED_SEARCH&network=%5B%22F%22%5D&connectionOf=%5B%22ACoAAAEhTg4B2j6LgZ3aLYNfEjkz9jxrWpaKzeA%22%5D
https://www.linkedin.com/in/jason-zych/
file:///Users/maxieds/Downloads/Profile.pdf
about:debugging#/setup
about:debugging#/runtime/this-firefox
https://firefox-source-docs.mozilla.org/devtools-user/web_console/helpers/
https://www.mozilla.org/keymaster/gatekeeper/there.is.only.xul
https://en.wikipedia.org/wiki/XUL
https://en.wikipedia.org/wiki/Category:RDF_data_access
https://en.wikipedia.org/wiki/Category:User_interface_markup_languages
https://en.wikipedia.org/wiki/Category:XML-based_standards
https://en.wikipedia.org/wiki/Category:Software_that_uses_XUL
https://en.wikipedia.org/wiki/Category:1997_introductions
https://firefox-source-docs.mozilla.org/devtools-user/
https://www.google.com/search?client=firefox-b-1-d&q=firefox+developer+console+pcap+logs
https://support.happyfox.com/kb/article/882-accessing-the-browser-console-and-network-logs/
https://firefox-source-docs.mozilla.org/devtools-user/network_monitor/index.html
https://developer.chrome.com/docs/devtools/workspaces
https://developer.chrome.com/docs/devtools/#network
https://developer.chrome.com/docs/devtools/memory
https://developer.chrome.com/docs/devtools/dom
https://developer.chrome.com/docs/devtools/console
https://developer.chrome.com/docs/devtools/progressive-web-apps
https://localhost/:6000
https://www.apple.com/privacy
https://support.apple.com/mac-battery-service
