2026-06-11 12:03:56-0500: sUsingService=false
2026-06-11 12:03:56-0500: sUpdateSilently=false
2026-06-11 12:03:56-0500: isElevated=false
2026-06-11 12:03:56-0500: gInvocation=UpdaterInvocation::First
2026-06-11 12:03:56-0500: Writing status to file: applying
2026-06-11 12:03:56-0500: Performing a staged update
2026-06-11 12:03:56-0500: PATCH DIRECTORY /Users/maxieds/Library/Caches/Mozilla/updates/Applications/Firefox/updates/0
2026-06-11 12:03:56-0500: INSTALLATION DIRECTORY /Applications/Firefox.app
2026-06-11 12:03:56-0500: WORKING DIRECTORY /Users/maxieds/Library/Caches/Mozilla/updates/Applications/Firefox/updates/0/Updated.app
2026-06-11 12:04:01-0500: UPDATE TYPE partial
2026-06-11 12:04:01-0500: PREPARE PATCH Contents/_CodeSignature/CodeResources
2026-06-11 12:04:01-0500: PREPARE ADD Contents/Resources/removed-files
2026-06-11 12:04:01-0500: PREPARE ADD Contents/Resources/precomplete
2026-06-11 12:04:01-0500: PREPARE PATCH Contents/Resources/platform.ini
2026-06-11 12:04:01-0500: PREPARE PATCH Contents/Resources/omni.ja
2026-06-11 12:04:02-0500: PREPARE PATCH Contents/Resources/gmp-clearkey/0.1/libclearkey.dylib.sig
2026-06-11 12:04:02-0500: PREPARE PATCH Contents/Resources/gmp-clearkey/0.1/libclearkey.dylib
2026-06-11 12:04:02-0500: PREPARE PATCH Contents/Resources/firefox.sig
2026-06-11 12:04:02-0500: PREPARE PATCH Contents/Resources/browser/omni.ja
2026-06-11 12:04:03-0500: PREPARE PATCH Contents/Resources/application.ini
2026-06-11 12:04:03-0500: PREPARE PATCH Contents/Resources/XUL.sig
2026-06-11 12:04:03-0500: PREPARE PATCH Contents/MacOS/updater.app/Contents/MacOS/org.mozilla.updater
2026-06-11 12:04:03-0500: PREPARE PATCH Contents/MacOS/plugin-container.app/Contents/_CodeSignature/CodeResources
2026-06-11 12:04:03-0500: PREPARE PATCH Contents/MacOS/plugin-container.app/Contents/Resources/plugin-container.sig
2026-06-11 12:04:03-0500: PREPARE PATCH Contents/MacOS/plugin-container.app/Contents/MacOS/plugin-container
2026-06-11 12:04:03-0500: PREPARE PATCH Contents/MacOS/pingsender
2026-06-11 12:04:03-0500: PREPARE PATCH Contents/MacOS/nmhproxy
2026-06-11 12:04:03-0500: PREPARE PATCH Contents/MacOS/media-plugin-helper.app/Contents/_CodeSignature/CodeResources
2026-06-11 12:04:03-0500: PREPARE PATCH Contents/MacOS/media-plugin-helper.app/Contents/Resources/Firefox Media Plugin Helper.sig
2026-06-11 12:04:03-0500: PREPARE PATCH Contents/MacOS/media-plugin-helper.app/Contents/MacOS/Firefox Media Plugin Helper
2026-06-11 12:04:03-0500: PREPARE PATCH Contents/MacOS/libsoftokn3.dylib
2026-06-11 12:04:03-0500: PREPARE PATCH Contents/MacOS/libonnxruntime.dylib
2026-06-11 12:04:03-0500: PREPARE PATCH Contents/MacOS/libnss3.dylib
2026-06-11 12:04:03-0500: PREPARE PATCH Contents/MacOS/libmozinference.dylib
2026-06-11 12:04:03-0500: PREPARE PATCH Contents/MacOS/libmozglue.dylib
2026-06-11 12:04:03-0500: PREPARE PATCH Contents/MacOS/libmozavutil.dylib
2026-06-11 12:04:03-0500: PREPARE PATCH Contents/MacOS/libmozavcodec.dylib
2026-06-11 12:04:03-0500: PREPARE PATCH Contents/MacOS/liblgpllibs.dylib
2026-06-11 12:04:03-0500: PREPARE PATCH Contents/MacOS/libgkcodecs.dylib
2026-06-11 12:04:04-0500: PREPARE PATCH Contents/MacOS/libfreebl3.dylib
2026-06-11 12:04:04-0500: PREPARE PATCH Contents/MacOS/gpu-helper.app/Contents/MacOS/Firefox GPU Helper
2026-06-11 12:04:04-0500: PREPARE ADD Contents/MacOS/firefox
2026-06-11 12:04:04-0500: PREPARE PATCH Contents/MacOS/crashreporter.app/Contents/MacOS/crashreporter
2026-06-11 12:04:04-0500: PREPARE PATCH Contents/MacOS/crashhelper
2026-06-11 12:04:04-0500: PREPARE PATCH Contents/MacOS/XUL
2026-06-11 12:04:10-0500: PREPARE PATCH Contents/Library/LaunchServices/org.mozilla.updater
2026-06-11 12:04:10-0500: PREPARE PATCH Contents/Info.plist
2026-06-11 12:04:10-0500: PREPARE ADD Contents/CodeResources
2026-06-11 12:04:10-0500: EXECUTE PATCH Contents/_CodeSignature/CodeResources
2026-06-11 12:04:10-0500: EXECUTE ADD Contents/Resources/removed-files
2026-06-11 12:04:10-0500: EXECUTE ADD Contents/Resources/precomplete
2026-06-11 12:04:10-0500: EXECUTE PATCH Contents/Resources/platform.ini
2026-06-11 12:04:10-0500: EXECUTE PATCH Contents/Resources/omni.ja
2026-06-11 12:04:11-0500: EXECUTE PATCH Contents/Resources/gmp-clearkey/0.1/libclearkey.dylib.sig
2026-06-11 12:04:11-0500: EXECUTE PATCH Contents/Resources/gmp-clearkey/0.1/libclearkey.dylib
2026-06-11 12:04:11-0500: EXECUTE PATCH Contents/Resources/firefox.sig
2026-06-11 12:04:11-0500: EXECUTE PATCH Contents/Resources/browser/omni.ja
2026-06-11 12:04:12-0500: EXECUTE PATCH Contents/Resources/application.ini
2026-06-11 12:04:12-0500: EXECUTE PATCH Contents/Resources/XUL.sig
2026-06-11 12:04:12-0500: EXECUTE PATCH Contents/MacOS/updater.app/Contents/MacOS/org.mozilla.updater
2026-06-11 12:04:12-0500: EXECUTE PATCH Contents/MacOS/plugin-container.app/Contents/_CodeSignature/CodeResources
2026-06-11 12:04:12-0500: EXECUTE PATCH Contents/MacOS/plugin-container.app/Contents/Resources/plugin-container.sig
2026-06-11 12:04:12-0500: EXECUTE PATCH Contents/MacOS/plugin-container.app/Contents/MacOS/plugin-container
2026-06-11 12:04:12-0500: EXECUTE PATCH Contents/MacOS/pingsender
2026-06-11 12:04:12-0500: EXECUTE PATCH Contents/MacOS/nmhproxy
2026-06-11 12:04:12-0500: EXECUTE PATCH Contents/MacOS/media-plugin-helper.app/Contents/_CodeSignature/CodeResources
2026-06-11 12:04:12-0500: EXECUTE PATCH Contents/MacOS/media-plugin-helper.app/Contents/Resources/Firefox Media Plugin Helper.sig
2026-06-11 12:04:12-0500: EXECUTE PATCH Contents/MacOS/media-plugin-helper.app/Contents/MacOS/Firefox Media Plugin Helper
2026-06-11 12:04:12-0500: EXECUTE PATCH Contents/MacOS/libsoftokn3.dylib
2026-06-11 12:04:12-0500: EXECUTE PATCH Contents/MacOS/libonnxruntime.dylib
2026-06-11 12:04:12-0500: EXECUTE PATCH Contents/MacOS/libnss3.dylib
2026-06-11 12:04:12-0500: EXECUTE PATCH Contents/MacOS/libmozinference.dylib
2026-06-11 12:04:12-0500: EXECUTE PATCH Contents/MacOS/libmozglue.dylib
2026-06-11 12:04:12-0500: EXECUTE PATCH Contents/MacOS/libmozavutil.dylib
2026-06-11 12:04:12-0500: EXECUTE PATCH Contents/MacOS/libmozavcodec.dylib
2026-06-11 12:04:12-0500: EXECUTE PATCH Contents/MacOS/liblgpllibs.dylib
2026-06-11 12:04:12-0500: EXECUTE PATCH Contents/MacOS/libgkcodecs.dylib
2026-06-11 12:04:13-0500: EXECUTE PATCH Contents/MacOS/libfreebl3.dylib
2026-06-11 12:04:13-0500: EXECUTE PATCH Contents/MacOS/gpu-helper.app/Contents/MacOS/Firefox GPU Helper
2026-06-11 12:04:13-0500: EXECUTE ADD Contents/MacOS/firefox
2026-06-11 12:04:13-0500: EXECUTE PATCH Contents/MacOS/crashreporter.app/Contents/MacOS/crashreporter
2026-06-11 12:04:13-0500: EXECUTE PATCH Contents/MacOS/crashhelper
2026-06-11 12:04:13-0500: EXECUTE PATCH Contents/MacOS/XUL
2026-06-11 12:04:19-0500: EXECUTE PATCH Contents/Library/LaunchServices/org.mozilla.updater
2026-06-11 12:04:19-0500: EXECUTE PATCH Contents/Info.plist
2026-06-11 12:04:19-0500: EXECUTE ADD Contents/CodeResources
2026-06-11 12:04:19-0500: FINISH PATCH Contents/_CodeSignature/CodeResources
2026-06-11 12:04:19-0500: FINISH ADD Contents/Resources/removed-files
2026-06-11 12:04:19-0500: FINISH ADD Contents/Resources/precomplete
2026-06-11 12:04:19-0500: FINISH PATCH Contents/Resources/platform.ini
2026-06-11 12:04:19-0500: FINISH PATCH Contents/Resources/omni.ja
2026-06-11 12:04:19-0500: FINISH PATCH Contents/Resources/gmp-clearkey/0.1/libclearkey.dylib.sig
2026-06-11 12:04:19-0500: FINISH PATCH Contents/Resources/gmp-clearkey/0.1/libclearkey.dylib
2026-06-11 12:04:19-0500: FINISH PATCH Contents/Resources/firefox.sig
2026-06-11 12:04:19-0500: FINISH PATCH Contents/Resources/browser/omni.ja
2026-06-11 12:04:19-0500: FINISH PATCH Contents/Resources/application.ini
2026-06-11 12:04:19-0500: FINISH PATCH Contents/Resources/XUL.sig
2026-06-11 12:04:19-0500: FINISH PATCH Contents/MacOS/updater.app/Contents/MacOS/org.mozilla.updater
2026-06-11 12:04:19-0500: FINISH PATCH Contents/MacOS/plugin-container.app/Contents/_CodeSignature/CodeResources
2026-06-11 12:04:19-0500: FINISH PATCH Contents/MacOS/plugin-container.app/Contents/Resources/plugin-container.sig
2026-06-11 12:04:19-0500: FINISH PATCH Contents/MacOS/plugin-container.app/Contents/MacOS/plugin-container
2026-06-11 12:04:19-0500: FINISH PATCH Contents/MacOS/pingsender
2026-06-11 12:04:19-0500: FINISH PATCH Contents/MacOS/nmhproxy
2026-06-11 12:04:19-0500: FINISH PATCH Contents/MacOS/media-plugin-helper.app/Contents/_CodeSignature/CodeResources
2026-06-11 12:04:19-0500: FINISH PATCH Contents/MacOS/media-plugin-helper.app/Contents/Resources/Firefox Media Plugin Helper.sig
2026-06-11 12:04:19-0500: FINISH PATCH Contents/MacOS/media-plugin-helper.app/Contents/MacOS/Firefox Media Plugin Helper
2026-06-11 12:04:19-0500: FINISH PATCH Contents/MacOS/libsoftokn3.dylib
2026-06-11 12:04:19-0500: FINISH PATCH Contents/MacOS/libonnxruntime.dylib
2026-06-11 12:04:19-0500: FINISH PATCH Contents/MacOS/libnss3.dylib
2026-06-11 12:04:19-0500: FINISH PATCH Contents/MacOS/libmozinference.dylib
2026-06-11 12:04:19-0500: FINISH PATCH Contents/MacOS/libmozglue.dylib
2026-06-11 12:04:19-0500: FINISH PATCH Contents/MacOS/libmozavutil.dylib
2026-06-11 12:04:19-0500: FINISH PATCH Contents/MacOS/libmozavcodec.dylib
2026-06-11 12:04:19-0500: FINISH PATCH Contents/MacOS/liblgpllibs.dylib
2026-06-11 12:04:19-0500: FINISH PATCH Contents/MacOS/libgkcodecs.dylib
2026-06-11 12:04:19-0500: FINISH PATCH Contents/MacOS/libfreebl3.dylib
2026-06-11 12:04:19-0500: FINISH PATCH Contents/MacOS/gpu-helper.app/Contents/MacOS/Firefox GPU Helper
2026-06-11 12:04:19-0500: FINISH ADD Contents/MacOS/firefox
2026-06-11 12:04:19-0500: FINISH PATCH Contents/MacOS/crashreporter.app/Contents/MacOS/crashreporter
2026-06-11 12:04:19-0500: FINISH PATCH Contents/MacOS/crashhelper
2026-06-11 12:04:19-0500: FINISH PATCH Contents/MacOS/XUL
2026-06-11 12:04:19-0500: FINISH PATCH Contents/Library/LaunchServices/org.mozilla.updater
2026-06-11 12:04:19-0500: FINISH PATCH Contents/Info.plist
2026-06-11 12:04:19-0500: FINISH ADD Contents/CodeResources
2026-06-11 12:04:19-0500: succeeded
2026-06-11 12:04:19-0500: Writing status to file: applied

2026-06-11 12:04:19-0500: calling QuitProgressUI
2026-06-11 12:04:19-0500: Running LaunchCallbackAndPostProcessApps
2026-06-11 12:04:19-0500: No callback arg. Skipping LaunchWinPostProcess and LaunchCallbackApp
