TERM_PROGRAM=Apple_Terminal
SHELL=/bin/bash
TERM=xterm-256color
TMPDIR=/var/folders/wp/f6srgbb54x16r_d6bddv90mr0000gn/T/
TERM_PROGRAM_VERSION=445.1
OLDPWD=/Users/maxieds
TERM_SESSION_ID=85C07224-17BD-4C2C-8EB0-361F86BD3888
USER=maxieds
SSH_AUTH_SOCK=/private/tmp/com.apple.launchd.3lFWbOkCyM/Listeners
PATH=/usr/local/bin:/usr/bin:/bin:/usr/sbin:/sbin:/Library/Apple/usr/bin
__CFBundleIdentifier=com.apple.Terminal
PWD=/Users/maxieds/psycho-boy-nonfiction-book2
LANG=en_US.UTF-8
XPC_FLAGS=0x0
PS1=\D{%Y-%m-%d %H:%M:%S} \u@\h:\w\$ 
XPC_SERVICE_NAME=0
SHLVL=1
HOME=/Users/maxieds
LOGNAME=maxieds
_=/usr/bin/env
