SHELL=/bin/bash
XPC_FLAGS=0x0
TERM_PROGRAM_VERSION=445.1
__CFBundleIdentifier=com.apple.Terminal
SSH_AUTH_SOCK=/private/tmp/com.apple.launchd.DY0dgNPHBm/Listeners
TERM_SESSION_ID=D253B36C-6C74-4FE3-895A-105670BB9CB7
PWD=/Users/maxieds/psycho-boy-nonfiction-book
LOGNAME=maxieds
HOME=/Users/maxieds
LANG=en_US.UTF-8
TMPDIR=/var/folders/wp/f6srgbb54x16r_d6bddv90mr0000gn/T/
TERM=xterm-256color
USER=maxieds
SHLVL=2
XPC_SERVICE_NAME=0
PS1=\D{%Y-%m-%d %H:%M:%S} \u@\h:\w\$ 
PATH=/usr/local/bin:/usr/bin:/bin:/usr/sbin:/sbin:/Library/Apple/usr/bin
OLDPWD=/Users/maxieds
TERM_PROGRAM=Apple_Terminal
_=/usr/bin/env
