-rw-r--r--  1 maxieds  staff    25B Jul 14 19:47 .git/HEAD
-rw-r--r--  1 maxieds  staff   372B Jul 14 19:47 .git/config
-rw-r--r--  1 maxieds  staff    73B Jul 14 19:33 .git/description
-rw-r--r--  1 maxieds  staff    67M Jul 15 05:38 .git/index
-rw-r--r--  1 maxieds  staff   793B Jul 14 19:47 .git/packed-refs

.git/hooks:
total 128
drwxr-xr-x  16 maxieds  staff   512B Jul 14 19:33 .
drwxr-xr-x  12 maxieds  staff   384B Jul 15 05:38 ..
-rwxr-xr-x   1 maxieds  staff   478B Jul 14 19:33 applypatch-msg.sample
-rwxr-xr-x   1 maxieds  staff   896B Jul 14 19:33 commit-msg.sample
-rwxr-xr-x   1 maxieds  staff   4.6K Jul 14 19:33 fsmonitor-watchman.sample
-rwxr-xr-x   1 maxieds  staff   189B Jul 14 19:33 post-update.sample
-rwxr-xr-x   1 maxieds  staff   424B Jul 14 19:33 pre-applypatch.sample
-rwxr-xr-x   1 maxieds  staff   1.6K Jul 14 19:33 pre-commit.sample
-rwxr-xr-x   1 maxieds  staff   416B Jul 14 19:33 pre-merge-commit.sample
-rwxr-xr-x   1 maxieds  staff   1.3K Jul 14 19:33 pre-push.sample
-rwxr-xr-x   1 maxieds  staff   4.8K Jul 14 19:33 pre-rebase.sample
-rwxr-xr-x   1 maxieds  staff   544B Jul 14 19:33 pre-receive.sample
-rwxr-xr-x   1 maxieds  staff   1.5K Jul 14 19:33 prepare-commit-msg.sample
-rwxr-xr-x   1 maxieds  staff   2.7K Jul 14 19:33 push-to-checkout.sample
-rwxr-xr-x   1 maxieds  staff   2.3K Jul 14 19:33 sendemail-validate.sample
-rwxr-xr-x   1 maxieds  staff   3.6K Jul 14 19:33 update.sample

.git/info:
total 8
drwxr-xr-x   3 maxieds  staff    96B Jul 14 19:33 .
drwxr-xr-x  12 maxieds  staff   384B Jul 15 05:38 ..
-rw-r--r--   1 maxieds  staff   240B Jul 14 19:33 exclude

.git/logs:
total 8
drwxr-xr-x   4 maxieds  staff   128B Jul 14 19:47 .
drwxr-xr-x  12 maxieds  staff   384B Jul 15 05:38 ..
-rw-r--r--   1 maxieds  staff   212B Jul 14 19:47 HEAD
drwxr-xr-x   4 maxieds  staff   128B Jul 14 19:47 refs

.git/logs/refs:
total 0
drwxr-xr-x  4 maxieds  staff   128B Jul 14 19:47 .
drwxr-xr-x  4 maxieds  staff   128B Jul 14 19:47 ..
drwxr-xr-x  3 maxieds  staff    96B Jul 14 19:47 heads
drwxr-xr-x  3 maxieds  staff    96B Jul 14 19:47 remotes

.git/logs/refs/heads:
total 8
drwxr-xr-x  3 maxieds  staff    96B Jul 14 19:47 .
drwxr-xr-x  4 maxieds  staff   128B Jul 14 19:47 ..
-rw-r--r--  1 maxieds  staff   212B Jul 14 19:47 mistress

.git/logs/refs/remotes:
total 0
drwxr-xr-x  3 maxieds  staff    96B Jul 14 19:47 .
drwxr-xr-x  4 maxieds  staff   128B Jul 14 19:47 ..
drwxr-xr-x  3 maxieds  staff    96B Jul 14 19:47 origin

.git/logs/refs/remotes/origin:
total 8
drwxr-xr-x  3 maxieds  staff    96B Jul 14 19:47 .
drwxr-xr-x  3 maxieds  staff    96B Jul 14 19:47 ..
-rw-r--r--  1 maxieds  staff   212B Jul 14 19:47 HEAD

.git/objects:
total 0
drwxr-xr-x   4 maxieds  staff   128B Jul 14 19:33 .
drwxr-xr-x  12 maxieds  staff   384B Jul 15 05:38 ..
drwxr-xr-x   2 maxieds  staff    64B Jul 14 19:33 info
drwxr-xr-x   5 maxieds  staff   160B Jul 14 19:47 pack

.git/objects/info:
total 0
drwxr-xr-x  2 maxieds  staff    64B Jul 14 19:33 .
drwxr-xr-x  4 maxieds  staff   128B Jul 14 19:33 ..

.git/objects/pack:
total 33673368
drwxr-xr-x  5 maxieds  staff   160B Jul 14 19:47 .
drwxr-xr-x  4 maxieds  staff   128B Jul 14 19:33 ..
-r--r--r--  1 maxieds  staff    12M Jul 14 19:47 pack-508b7a3eb38e68320d7cb6e5845edf2bf5c2eed9.idx
-r--r--r--  1 maxieds  staff    16G Jul 15 05:38 pack-508b7a3eb38e68320d7cb6e5845edf2bf5c2eed9.pack
-r--r--r--  1 maxieds  staff   1.4M Jul 14 19:47 pack-508b7a3eb38e68320d7cb6e5845edf2bf5c2eed9.rev

.git/refs:
total 0
drwxr-xr-x   5 maxieds  staff   160B Jul 14 19:47 .
drwxr-xr-x  12 maxieds  staff   384B Jul 15 05:38 ..
drwxr-xr-x   3 maxieds  staff    96B Jul 14 19:47 heads
drwxr-xr-x   3 maxieds  staff    96B Jul 14 19:47 remotes
drwxr-xr-x   2 maxieds  staff    64B Jul 14 19:33 tags

.git/refs/heads:
total 8
drwxr-xr-x  3 maxieds  staff    96B Jul 14 19:47 .
drwxr-xr-x  5 maxieds  staff   160B Jul 14 19:47 ..
-rw-r--r--  1 maxieds  staff    41B Jul 14 19:47 mistress

.git/refs/remotes:
total 0
drwxr-xr-x  3 maxieds  staff    96B Jul 14 19:47 .
drwxr-xr-x  5 maxieds  staff   160B Jul 14 19:47 ..
drwxr-xr-x  3 maxieds  staff    96B Jul 14 19:47 origin

.git/refs/remotes/origin:
total 8
drwxr-xr-x  3 maxieds  staff    96B Jul 14 19:47 .
drwxr-xr-x  3 maxieds  staff    96B Jul 14 19:47 ..
-rw-r--r--  1 maxieds  staff    34B Jul 14 19:47 HEAD

.git/refs/tags:
total 0
drwxr-xr-x  2 maxieds  staff    64B Jul 14 19:33 .
drwxr-xr-x  5 maxieds  staff   160B Jul 14 19:47 ..
