abtransfers @0.0.5.0_5 (finance)
AB-Transfers allows to carry out bank transactions online. It is meant to complement KMyMoney and GnuCash.

adtpro @2.1.0 (emulators)
transfers disks and disk images between Apple IIs and modern computers

algol-68rs @2021.05.18 (lang, algol)
The RSRE Algol-68RS Compiler: an update of the original port by Sian Mountbatten of a68toc (ctrans) from Algol-68RS/ELLA2000.

android-file-transfer-linux @3.9 (aqua, fuse, sysutils)
Reliable MTP client with minimalistic UI

antlr4-cpp-runtime @4.13.2_1 (lang, devel)
ANTLR (ANother Tool for Language Recognition) is a powerful parser generator for reading, processing, executing, or translating structured text or binary files.

apertium @3.9.12 (textproc)
machine translation platform

aptdec @20220924-3e8297a9 (science, comms)
decodes images transmitted by NOAA weather satellites

asciidoc @10.2.1_2 (textproc)
Formatter/translator for text files to numerous formats

aterm @1.0.1_1 (x11)
Color vt102 terminal emu w/transparency support

audacious-plugins @4.5.1_2 (audio)
Adds I/O, audio decoding, audio transforming and UI plugins.

bibledit @4.8_2 (textproc)
A USFM text editor for Bible translators using Linux and Mac OS X.

bibtex2html @1.99_1 (textproc, www)
Bibtex to HTML translator

butane @0.25.1 (sysutils)
Butane translates Butane Configs into Ignition Configs.

cicada @0.3.5_11 (textproc)
a hypergraph-based toolkit for statistical machine translation

cl-parenscript @20200618_1 (lisp, devel)
Lisp to JavaScript transpiler

cl-translate @20170505 (lisp, www, devel)
Abstraction layer for translations

colm @0.14.7_1 (lang, devel)
Programming language for analysis and transformation.

cryptcat @1.2.1_1 (net, security)
lightweight netcat with integrated transport encryption

cufflinks @2.2.1_2 (science, biology)
Cufflinks assembles transcripts, estimates their abundances, and tests for differential expression and regulation in RNA-Seq samples.

curl @8.13.0 (net, www)
Tool for transferring files with URL syntax

d3dmetal @3.0 (devel)
Direct3D to Metal translation layer

djbfft @0.76_1 (math)
D.J. Bernstein's fast fourier transform library

doclifter @2.20_1 (textproc)
troff macro to DocBook translater

duck @7.8.5.34493 (net)
CLI for Cyberduck (a multi-protocol file transfer tool)

dvdrip @0.98.11_8 (multimedia)
perl front end for transcode

eiscor @0.2.0 (math, fortran)
eigensolvers based on unitary core transformations

exiftran @2.14_2 (graphics)
A tool for transformations on JPEG from fbida

fftw @2.1.5_9 (math, devel)
Fast C routines to compute the Discrete Fourier Transform

fftw-3 @3.3.10 (math)
Fast C routines to compute the Discrete Fourier Transform

fftw-3-long @3.3.10 (math)
Fast C routines to compute the Discrete Fourier Transform

fftw-3-single @3.3.10 (math)
Fast C routines to compute the Discrete Fourier Transform

fftw-single @2.1.5_9 (math, devel)
Fast C routines to compute the Discrete Fourier Transform

fig2dev @3.2.9a (print, graphics)
Translates Fig code to various graphics languages

finufft @2.1.0 (math, science)
Flatiron Institute Non-uniform Fast Fourier Transform library, FINUFFT

fitpack @0.2.0 (fortran, math)
Modern Fortran translation of the FITPACK package for curve and surface fitting

flrig @2.0.10_1 (science)
FLRIG is a transceiver control program

foundationdb @6.3.24 (databases)
FoundationDB gives you the power of ACID transactions in a distributed database.

fstrm @0.6.1_1 (devel)
fstrm is a C implementation of the Frame Streams data transport protocol.

git-crypt @0.7.0 (devel)
Transparent file encryption in git.

git-remote-hg @1.0.3.2_4 (devel, python)
Transparent bidirectional bridge between Git and Mercurial for Git

giza-pp @1.0.7_1 (textproc)
a statistical machine translation toolkit

gnutls @3.7.11_1 (devel, security)
GNU Transport Layer Security Library

gnutls-devel @3.8.11 (devel, security)
GNU Transport Layer Security Library

gr-gsm @20200214-fd4454d6_5 (science, comms)
Provides augmented functionality for GNU Radio: a set of tools for receiving information transmitted by GSM equipment/devices.

gr37-gsm @20180812_3 (science, comms)
Provides augmented functionality for GNU Radio: a set of tools for receiving information transmitted by GSM equipment/devices.

HandBrake @0.10.0 (multimedia, aqua)
The open source video transcoder

HandBrakeCLI @0.10.0 (multimedia)
The open source video transcoder (CLI)

hevea @2.36 (textproc, www, tex)
HEVEA is a quite complete and fast LATEX to HTML translator.

hptt @1.0.5_1 (math)
High-Performance Tensor Transpose library

hsftp @1.15_2 (net, security)
ftp emulator that uses ssh to transport commands and data

iguanaIR @1.0pre2 (sysutils)
Driver for IguanaWorks USB IR Transceiver

iso-codes @4.7.0 (devel)
ISO country, language and currency codes and translations

itstool @2.0.7_4 (textproc)
ITS Tool allows you to translate your XML documents with PO files, using rules from the W3C Internationalization Tag Set.

jet @0.7.27 (textproc, devel)
CLI to transform between JSON, EDN, YAML and Transit using Clojure

jnethack @3.4.3-0.11_1 (games, japanese)
Classic dungeon adventure game, translated in Japanese.

jtc @1.76 (textproc)
cli tool to extract, manipulate and transform source JSON

latex2man @1.23 (textproc)
Translator program intended to translate a LaTeX document into man

latex2rtf @2.3.18_3 (tex)
Translator program intended to translate a LaTeX document into RTF

lftp @4.9.3 (net)
Sophisticated file transfer program

liblas @1.8.1-20251108 (gis)
LAS 1.0/1.1/1.2 ASPRS LiDAR data translation toolset

liblouis @2.1.1 (textproc)
A Braille translation and back-translation library

liblouisxml @2.1.0 (textproc)
Braille transcription services for xml documents

liblsl @1.16.2 (science)
C++ library for multi-modal time-synched data transmission over the local network.

libmtp @1.1.21 (multimedia)
libmtp is an implementation of Microsoft's Media Transfer Protocol (MTP)

libpointing @1.0.7 (devel)
An open-source cross-platform library to get raw events from pointing devices and master transfer functions.

libsharp @1.0.0 (science)
C/C++ library for fast spherical harmonic transforms

libsrtp @2.6.0 (net, devel)
Secure Real-time Transport Protocol (SRTP)

libsrtp1 @1.6.0_1 (net, devel)
Secure Real-time Transport Protocol (SRTP)

libtranscript @0.3.3 (devel, textproc)
libtranscript is a character-set conversion library, much like the iconv set of functions.

libtranslate @0.99_1 (textproc)
A natural language translation library

lowdown @2.0.4 (textproc)
simple markdown translator

magic-wormhole @0.21.1 (net, python, sysutils)
Securely transfer data between computers.

makuosan @1.3.6 (net)
Makuosan(MAKUO for short) is a software which transfer files to multiple servers simultaneously using UDP multicast.

marst @2.7 (lang, algol)
Algol-to-C translator

mediaserv @0.05_8 (net)
On-demand transcoding server for videos, targetting the Nokia Internet Tablets.

mmencode @2.7 (textproc)
Translate to and from mail-oriented encoding formats

mosesdecoder @20121007_4 (textproc)
a statistical machine translation system

mstrans @1.4 (sysutils, textproc)
Text conversion between Unix and MS-DOS line endings.

multimon-ng @1.2.0 (science, comms)
multimon-ng decodes radio digital transmission signals

mutationpp @1.0.5 (science)
The MUlticomponent Thermodynamic And Transport library for IONized gases in C++

mvfst @2024.09.23.00_1 (devel, net, security)
Implementation of the QUIC transport protocol

nfft-3 @3.5.0 (math)
Fast C routines to compute the Non-equispaced Discrete Fourier Transform

ocaml-topkg @1.0.7 (ocaml, devel)
The transitory OCaml software packager

octave-cfitsio @0.0.7_1 (octave, math, science)
I/O routines to read and write FITS (Flexible Image Transport System) files.

octave-coder @1.10.1 (octave, math, science)
Octave Coder is a code generator and build system that, given a function name translates the function and all of its dependencies to C++ and builds a .oct shared module.

octave-fits @1.0.7_11 (octave, math, science)
The Octave-FITS package provides functions for reading and writing FITS (Flexible Image Transport System) files

octave-geometry @4.1.0_2 (octave, math, science)
Library for geometric computing extending MatGeom functions. Useful to create, transform, manipulate and display geometric primitives.

octave-image @2.18.1 (octave, math, science)
The Octave-forge Image package provides functions for processing images. The package also provides functions for feature extraction, image statistics, spatial and geometric transformations, morphological operations, linear filtering, and much more.

octave-ocs @0.1.5_10 (octave, math, science)
Package for solving DC and transient electrical circuit equations.

octave-octproj @3.1.0 (octave, math, science)
This package allows to call functions of PROJ.4 library for cartographic projections transformations.

octave-sole @0.1.1_1 (octave, math, science)
A package for transient and steady state simulation of organic solar cells.

octosql @0.13.0 (databases, textproc)
OctoSQL is a query tool that allows you to join, analyse and transform data from multiple databases and file formats using SQL.

Okapi @1.47.0 (aqua, textproc, java)
A set of tools for localization and translation

OmegaT @6.0.1 (aqua, textproc, java)
A full-featured Computer-Aided Translation (CAT) tool

omnicompiler @1.3.1 (lang, devel, parallel)
code transformation compilers for C, Fortran and OpenACC

openbabel2 @2.4.1_1 (science, devel, chemistry)
A chemistry file translation program.

openfst @1.7.2 (devel)
C++ finite-state transducers library

openttd @14.1 (games, aqua)
OpenTTD is an open source simulation game based upon Transport Tycoon Deluxe

ortp @5.2.16 (devel)
A Real-time Transport Protocol (RTP) library

p5-class-container @0.130.0 (perl)
Glues object frameworks together transparently

p5-config-any @0.330.0 (perl)
Load configuration from different file formats, transparently

p5-dbix-connector @0.600.0 (perl)
DBIx::Connector - Fast, safe DBI connection and transaction management

p5-dist-zilla-plugin-rewriteversion-transitional @0.9.0 (perl)
Dist::Zilla::Plugin::RewriteVersion::Transitional - Ease the transition to [RewriteVersion] in your distribution

p5-event-rpc @1.110.0 (perl)
Event::RPC - Event based transparent Client/Server RPC framework

p5-http-cache-transparent @1.400.0_1 (perl)
Cache the result of http get-requests persistently

p5-lingua-translit @0.290.0 (perl)
convert text from one writing system to another

p5-log-report @1.440.0 (perl)
Log::Report - report a problem, with exceptions and translation support

p5-mail-transport @4.10.0 (perl)
Mail::Transport - use Mail Transfer Agents (MTAs)

p5-math-dct @0.40.0 (perl)
Math::DCT - 1D and NxN 2D Fast Discreet Cosine Transforms (DCT-II)

p5-mime-lite-html @1.240.0 (perl)
MIME::Lite::HTML - Provide routine to transform a HTML page in a MIME-Lite mail

p5-module-util @1.90.0 (perl)
Module::Util - Module name tools and transformations

p5-moosex-meta-typeconstraint-mooish @0.1.0 (perl)
MooseX::Meta::TypeConstraint::Mooish - Translate Moo-style constraints to Moose-style

p5-moox-late @0.100.0 (perl)
MooX::late - easily translate Moose code to Moo

p5-pdl-fftw3 @0.203.0 (perl)
PDL::FFTW3 - PDL interface to the Fastest Fourier Transform in the West v3

p5-pdl-transform-color @1.10.0 (perl)
PDL::Transform::Color - Useful color system conversions for PDL

p5-pod-elemental-transformer-list @0.102.1 (perl)
Pod::Elemental::Transformer::List - transform :list regions into =over/=back to save typing

p5-pod-elemental-transformer-verbatim @0.1.0 (perl)
Pod::Elemental::Transformer::Verbatim - Transform :verbatim regions into verbatim paragraphs

p5-pod-parser @1.670.0 (perl)
Pod::Parser - base class for creating POD filters and translators

p5-pod2-base @0.43.0 (perl)
POD2::Base - Base module for translations of Perl documentation

p5-sql-translator @1.660.0 (perl)
SQL::Translator - manipulate structured data definitions (SQL and more)

p5-text-unidecode @1.300.0 (perl)
Text::Unidecode -- plain ASCII transliterations of Unicode text

p5-text-wikiformat @0.810.0_2 (perl)
Module for translating Wiki formatted text into other formats

p5.28-class-container @0.130.0 (perl)
Glues object frameworks together transparently

p5.28-config-any @0.330.0 (perl)
Load configuration from different file formats, transparently

p5.28-dbix-connector @0.600.0 (perl)
DBIx::Connector - Fast, safe DBI connection and transaction management

p5.28-dist-zilla-plugin-rewriteversion-transitional @0.9.0 (perl)
Dist::Zilla::Plugin::RewriteVersion::Transitional - Ease the transition to [RewriteVersion] in your distribution

p5.28-event-rpc @1.110.0 (perl)
Event::RPC - Event based transparent Client/Server RPC framework

p5.28-http-cache-transparent @1.400.0_1 (perl)
Cache the result of http get-requests persistently

p5.28-lingua-translit @0.290.0 (perl)
convert text from one writing system to another

p5.28-log-report @1.440.0 (perl)
Log::Report - report a problem, with exceptions and translation support

p5.28-mail-transport @4.10.0 (perl)
Mail::Transport - use Mail Transfer Agents (MTAs)

p5.28-math-dct @0.40.0 (perl)
Math::DCT - 1D and NxN 2D Fast Discreet Cosine Transforms (DCT-II)

p5.28-mime-lite-html @1.240.0 (perl)
MIME::Lite::HTML - Provide routine to transform a HTML page in a MIME-Lite mail

p5.28-module-util @1.90.0 (perl)
Module::Util - Module name tools and transformations

p5.28-moosex-meta-typeconstraint-mooish @0.1.0 (perl)
MooseX::Meta::TypeConstraint::Mooish - Translate Moo-style constraints to Moose-style

p5.28-moox-late @0.100.0 (perl)
MooX::late - easily translate Moose code to Moo

p5.28-pdl-fftw3 @0.203.0 (perl)
PDL::FFTW3 - PDL interface to the Fastest Fourier Transform in the West v3

p5.28-pdl-transform-color @1.10.0 (perl)
PDL::Transform::Color - Useful color system conversions for PDL

p5.28-pod-elemental-transformer-list @0.102.1 (perl)
Pod::Elemental::Transformer::List - transform :list regions into =over/=back to save typing

p5.28-pod-elemental-transformer-verbatim @0.1.0 (perl)
Pod::Elemental::Transformer::Verbatim - Transform :verbatim regions into verbatim paragraphs

p5.28-pod2-base @0.43.0 (perl)
POD2::Base - Base module for translations of Perl documentation

p5.28-sql-translator @1.660.0 (perl)
SQL::Translator - manipulate structured data definitions (SQL and more)

p5.28-text-unidecode @1.300.0 (perl)
Text::Unidecode -- plain ASCII transliterations of Unicode text

p5.28-text-wikiformat @0.810.0_2 (perl)
Module for translating Wiki formatted text into other formats

p5.30-class-container @0.130.0 (perl)
Glues object frameworks together transparently

p5.30-config-any @0.330.0 (perl)
Load configuration from different file formats, transparently

p5.30-dbix-connector @0.600.0 (perl)
DBIx::Connector - Fast, safe DBI connection and transaction management

p5.30-dist-zilla-plugin-rewriteversion-transitional @0.9.0 (perl)
Dist::Zilla::Plugin::RewriteVersion::Transitional - Ease the transition to [RewriteVersion] in your distribution

p5.30-event-rpc @1.110.0 (perl)
Event::RPC - Event based transparent Client/Server RPC framework

p5.30-http-cache-transparent @1.400.0_1 (perl)
Cache the result of http get-requests persistently

p5.30-lingua-translit @0.290.0 (perl)
convert text from one writing system to another

p5.30-log-report @1.440.0 (perl)
Log::Report - report a problem, with exceptions and translation support

p5.30-mail-transport @4.10.0 (perl)
Mail::Transport - use Mail Transfer Agents (MTAs)

p5.30-math-dct @0.40.0 (perl)
Math::DCT - 1D and NxN 2D Fast Discreet Cosine Transforms (DCT-II)

p5.30-mime-lite-html @1.240.0 (perl)
MIME::Lite::HTML - Provide routine to transform a HTML page in a MIME-Lite mail

p5.30-module-util @1.90.0 (perl)
Module::Util - Module name tools and transformations

p5.30-moosex-meta-typeconstraint-mooish @0.1.0 (perl)
MooseX::Meta::TypeConstraint::Mooish - Translate Moo-style constraints to Moose-style

p5.30-moox-late @0.100.0 (perl)
MooX::late - easily translate Moose code to Moo

p5.30-pdl-fftw3 @0.203.0 (perl)
PDL::FFTW3 - PDL interface to the Fastest Fourier Transform in the West v3

p5.30-pdl-transform-color @1.10.0 (perl)
PDL::Transform::Color - Useful color system conversions for PDL

p5.30-pod-elemental-transformer-list @0.102.1 (perl)
Pod::Elemental::Transformer::List - transform :list regions into =over/=back to save typing

p5.30-pod-elemental-transformer-verbatim @0.1.0 (perl)
Pod::Elemental::Transformer::Verbatim - Transform :verbatim regions into verbatim paragraphs

p5.30-pod2-base @0.43.0 (perl)
POD2::Base - Base module for translations of Perl documentation

p5.30-sql-translator @1.660.0 (perl)
SQL::Translator - manipulate structured data definitions (SQL and more)

p5.30-text-unidecode @1.300.0 (perl)
Text::Unidecode -- plain ASCII transliterations of Unicode text

p5.30-text-wikiformat @0.810.0_2 (perl)
Module for translating Wiki formatted text into other formats

p5.32-class-container @0.130.0 (perl)
Glues object frameworks together transparently

p5.32-config-any @0.330.0 (perl)
Load configuration from different file formats, transparently

p5.32-dbix-connector @0.600.0 (perl)
DBIx::Connector - Fast, safe DBI connection and transaction management

p5.32-dist-zilla-plugin-rewriteversion-transitional @0.9.0 (perl)
Dist::Zilla::Plugin::RewriteVersion::Transitional - Ease the transition to [RewriteVersion] in your distribution

p5.32-event-rpc @1.110.0 (perl)
Event::RPC - Event based transparent Client/Server RPC framework

p5.32-http-cache-transparent @1.400.0_1 (perl)
Cache the result of http get-requests persistently

p5.32-lingua-translit @0.290.0 (perl)
convert text from one writing system to another

p5.32-log-report @1.440.0 (perl)
Log::Report - report a problem, with exceptions and translation support

p5.32-mail-transport @4.10.0 (perl)
Mail::Transport - use Mail Transfer Agents (MTAs)

p5.32-math-dct @0.40.0 (perl)
Math::DCT - 1D and NxN 2D Fast Discreet Cosine Transforms (DCT-II)

p5.32-mime-lite-html @1.240.0 (perl)
MIME::Lite::HTML - Provide routine to transform a HTML page in a MIME-Lite mail

p5.32-module-util @1.90.0 (perl)
Module::Util - Module name tools and transformations

p5.32-moosex-meta-typeconstraint-mooish @0.1.0 (perl)
MooseX::Meta::TypeConstraint::Mooish - Translate Moo-style constraints to Moose-style

p5.32-moox-late @0.100.0 (perl)
MooX::late - easily translate Moose code to Moo

p5.32-pdl-fftw3 @0.203.0 (perl)
PDL::FFTW3 - PDL interface to the Fastest Fourier Transform in the West v3

p5.32-pdl-transform-color @1.10.0 (perl)
PDL::Transform::Color - Useful color system conversions for PDL

p5.32-pod-elemental-transformer-list @0.102.1 (perl)
Pod::Elemental::Transformer::List - transform :list regions into =over/=back to save typing

p5.32-pod-elemental-transformer-verbatim @0.1.0 (perl)
Pod::Elemental::Transformer::Verbatim - Transform :verbatim regions into verbatim paragraphs

p5.32-pod-parser @1.670.0 (perl)
Pod::Parser - base class for creating POD filters and translators

p5.32-pod2-base @0.43.0 (perl)
POD2::Base - Base module for translations of Perl documentation

p5.32-sql-translator @1.660.0 (perl)
SQL::Translator - manipulate structured data definitions (SQL and more)

p5.32-text-unidecode @1.300.0 (perl)
Text::Unidecode -- plain ASCII transliterations of Unicode text

p5.32-text-wikiformat @0.810.0_2 (perl)
Module for translating Wiki formatted text into other formats

p5.34-class-container @0.130.0 (perl)
Glues object frameworks together transparently

p5.34-config-any @0.330.0 (perl)
Load configuration from different file formats, transparently

p5.34-dbix-connector @0.600.0 (perl)
DBIx::Connector - Fast, safe DBI connection and transaction management

p5.34-dist-zilla-plugin-rewriteversion-transitional @0.9.0 (perl)
Dist::Zilla::Plugin::RewriteVersion::Transitional - Ease the transition to [RewriteVersion] in your distribution

p5.34-event-rpc @1.110.0 (perl)
Event::RPC - Event based transparent Client/Server RPC framework

p5.34-http-cache-transparent @1.400.0_1 (perl)
Cache the result of http get-requests persistently

p5.34-lingua-translit @0.290.0 (perl)
convert text from one writing system to another

p5.34-log-report @1.440.0 (perl)
Log::Report - report a problem, with exceptions and translation support

p5.34-mail-transport @4.10.0 (perl)
Mail::Transport - use Mail Transfer Agents (MTAs)

p5.34-math-dct @0.40.0 (perl)
Math::DCT - 1D and NxN 2D Fast Discreet Cosine Transforms (DCT-II)

p5.34-mime-lite-html @1.240.0 (perl)
MIME::Lite::HTML - Provide routine to transform a HTML page in a MIME-Lite mail

p5.34-module-util @1.90.0 (perl)
Module::Util - Module name tools and transformations

p5.34-moosex-meta-typeconstraint-mooish @0.1.0 (perl)
MooseX::Meta::TypeConstraint::Mooish - Translate Moo-style constraints to Moose-style

p5.34-moox-late @0.100.0 (perl)
MooX::late - easily translate Moose code to Moo

p5.34-pdl-fftw3 @0.203.0 (perl)
PDL::FFTW3 - PDL interface to the Fastest Fourier Transform in the West v3

p5.34-pdl-transform-color @1.10.0 (perl)
PDL::Transform::Color - Useful color system conversions for PDL

p5.34-pod-elemental-transformer-list @0.102.1 (perl)
Pod::Elemental::Transformer::List - transform :list regions into =over/=back to save typing

p5.34-pod-elemental-transformer-verbatim @0.1.0 (perl)
Pod::Elemental::Transformer::Verbatim - Transform :verbatim regions into verbatim paragraphs

p5.34-pod-parser @1.670.0 (perl)
Pod::Parser - base class for creating POD filters and translators

p5.34-pod2-base @0.43.0 (perl)
POD2::Base - Base module for translations of Perl documentation

p5.34-sql-translator @1.660.0 (perl)
SQL::Translator - manipulate structured data definitions (SQL and more)

p5.34-text-unidecode @1.300.0 (perl)
Text::Unidecode -- plain ASCII transliterations of Unicode text

p5.34-text-wikiformat @0.810.0_2 (perl)
Module for translating Wiki formatted text into other formats

php52-ftp @5.2.17_3 (php, net)
a PHP extension for accessing file servers using the File Transfer Protocol

php52-xsl @5.2.17_1 (php, textproc)
a PHP interface to libxslt, which implements the XSL standard and lets you perform XSL transformations

php53-ftp @5.3.29_3 (php, net)
a PHP extension for accessing file servers using the File Transfer Protocol

php53-xsl @5.3.29_1 (php, textproc)
a PHP interface to libxslt, which implements the XSL standard and lets you perform XSL transformations

php54-ftp @5.4.45_3 (php, net)
a PHP extension for accessing file servers using the File Transfer Protocol

php54-xsl @5.4.45_1 (php, textproc)
a PHP interface to libxslt, which implements the XSL standard and lets you perform XSL transformations

php55-ftp @5.5.38_3 (php, net)
a PHP extension for accessing file servers using the File Transfer Protocol

php55-xsl @5.5.38_1 (php, textproc)
a PHP interface to libxslt, which implements the XSL standard and lets you perform XSL transformations

php56-ftp @5.6.40_3 (php, net)
a PHP extension for accessing file servers using the File Transfer Protocol

php56-xsl @5.6.40_1 (php, textproc)
a PHP interface to libxslt, which implements the XSL standard and lets you perform XSL transformations

php70-ftp @7.0.33_2 (php, net)
a PHP extension for accessing file servers using the File Transfer Protocol

php70-xsl @7.0.33_1 (php, textproc)
a PHP interface to libxslt, which implements the XSL standard and lets you perform XSL transformations

php71-ftp @7.1.33_1 (php, net)
a PHP extension for accessing file servers using the File Transfer Protocol

php71-xsl @7.1.33_1 (php, textproc)
a PHP interface to libxslt, which implements the XSL standard and lets you perform XSL transformations

php72-ftp @7.2.34_1 (php, net)
a PHP extension for accessing file servers using the File Transfer Protocol

php72-xsl @7.2.34_1 (php, textproc)
a PHP interface to libxslt, which implements the XSL standard and lets you perform XSL transformations

php73-ftp @7.3.33 (php, net)
a PHP extension for accessing file servers using the File Transfer Protocol

php73-xsl @7.3.33_1 (php, textproc)
a PHP interface to libxslt, which implements the XSL standard and lets you perform XSL transformations

php74-ftp @7.4.33 (php, net)
a PHP extension for accessing file servers using the File Transfer Protocol

php74-xsl @7.4.33 (php, textproc)
a PHP interface to libxslt, which implements the XSL standard and lets you perform XSL transformations

php80-ftp @8.0.30 (php, net)
a PHP extension for accessing file servers using the File Transfer Protocol

php80-xsl @8.0.30 (php, textproc)
a PHP interface to libxslt, which implements the XSL standard and lets you perform XSL transformations

php81-ftp @8.1.30 (php, net)
a PHP extension for accessing file servers using the File Transfer Protocol

php81-xsl @8.1.30 (php, textproc)
a PHP interface to libxslt, which implements the XSL standard and lets you perform XSL transformations

php82-ftp @8.2.24 (php, net)
a PHP extension for accessing file servers using the File Transfer Protocol

php82-xsl @8.2.24 (php, textproc)
a PHP interface to libxslt, which implements the XSL standard and lets you perform XSL transformations

php83-ftp @8.3.12 (php, net)
a PHP extension for accessing file servers using the File Transfer Protocol

php83-xsl @8.3.12 (php, textproc)
a PHP interface to libxslt, which implements the XSL standard and lets you perform XSL transformations

php84-ftp @8.4.0RC1 (php, net)
a PHP extension for accessing file servers using the File Transfer Protocol

php84-xsl @8.4.0RC1 (php, textproc)
a PHP interface to libxslt, which implements the XSL standard and lets you perform XSL transformations

po4a @0.74 (textproc)
framework to translate documentation and other materials

poedit @3.4.1 (editors)
Gettext translations editor

postfix @3.10.7 (mail)
Fast and robust mail transfer agent

potrace @1.16 (graphics)
Transform bitmaps into vector graphics

proj4 @4.9.3 (gis)
PROJ 4 is a generic coordinate transformation software

proj5 @5.2.0 (gis)
PROJ 5 is a generic coordinate transformation software

proj6 @6.3.2 (gis)
PROJ 6 is a generic coordinate transformation software

proj7 @7.2.1_1 (gis)
PROJ 7 is a generic coordinate transformation software

proj8 @8.2.1_1 (gis)
PROJ 8 is a generic coordinate transformation software

proj9 @9.7.1 (gis)
PROJ 9 is a generic coordinate transformation software

pstoedit @4.01 (graphics)
Translate PostScript and PDF to other vector formats

py-affine @2.4.0 (python, devel, math, gis)
Matrices describing affine transformation of the plane.

py-ajsonrpc @1.2.0 (python, devel)
JSON-RPC 1/2 transport implementation

py-asdf-transform-schemas @0.6.0 (python)
This package provides ASDF schemas for validating transform tags.

py-aws-sam-translator @1.106.0 (python)
AWS SAM Translator is a library that transform SAM templates into AWS CloudFormation templates

py-colour @0.4.6 (python)
A comprehensive number of colour theory transformations and algorithms

py-comet @3.1.0 (python, science, www)
A complete VOEvent transport system

py-coolprop @6.4.3_1 (python, science)
Open-source thermodynamic and transport properties database

py-country @24.6.1 (python)
ISO country, subdivision, language, currency and script definitions and their translations

py-cssselect @1.2.0 (python, devel)
cssselect parses CSS3 Selectors and translates them to XPath 1.0

py-elastic-transport @9.1.0 (python)
Transport classes/utilities for Elastic client libraries

py-google-auth-httplib2 @0.1.0 (python, www, devel)
provides an httplib2 transport for google-auth

py-imagecodecs @2026.1.14 (python, graphics)
Image transformation, compression, and decompression codecs

py-isbnlib @3.10.14 (python)
Extract, clean, transform, hyphenate and metadata for ISBNs (International Standard Book Number).

py-json-rpc @1.13.0 (python, devel)
JSON-RPC 1/2 transport implementation

py-numcodecs @0.16.5 (python)
Numcodecs is a Python package providing buffer compression and transformation codecs for use in data storage and communication applications.

py-pywavelets @1.9.0_1 (python, science, math)
PyWavelets is a Python wavelet transforms module

py-requests-cache @1.2.1_1 (python, devel)
Transparent persistent cache for py-requests

py-requests-file @3.0.1 (python)
Requests-File is a transport adapter for use with the Requests Python library to allow local filesystem access via file:// URLs.

py-s3transfer @0.13.1 (python)
An Amazon S3 Transfer Manager

py-sentence-transformers @2.0.0 (python, textproc)
Sentence Embeddings using BERT / RoBERTa / XLM-R

py-speaklater @1.3 (python, textproc)
lazy strings for translations

py-sqlglot @26.19.0 (python, databases)
An easily customizable SQL parser and transpiler

py-stomper @0.4.3 (python)
A transport neutral client implementation of the STOMP protocol

py-tensorflow-transform @0.28.0 (python)
A library for data preprocessing with TensorFlow

py-torchaudio @0.12.0 (python, audio)
Data manipulation and transformation for audio signal processing, powered by PyTorch

py-torchvision @0.15.2 (python)
PyTorch datasets, transforms and models specific to computer vision

py-transaction @3.0.0 (python, databases)
generic transaction implementation for Python

py-transformers @4.21.2 (python, textproc)
State-of-the-art Natural Language Processing for TensorFlow 2.0 and PyTorch

py-translationstring @1.4_1 (python, devel)
Utility library for i18n.

py-unidecode @1.4.0 (python, textproc)
ASCII transliterations of Unicode text

py-zope-proxy @4.6.1 (python, zope)
Proxies are special objects which serve as mostly-transparent wrappers around another object, intervening in the apparent behavior of the wrapped object only when necessary to apply the policy (e.g., access checking, location brokering, etc.) for which the proxy is responsible.

py27-speaklater @1.3 (python, textproc)
lazy strings for translations

py27-stomper @0.4.3 (python)
A transport neutral client implementation of the STOMP protocol

py27-transaction @3.0.0 (python, databases)
generic transaction implementation for Python

py35-speaklater @1.3 (python, textproc)
lazy strings for translations

py36-speaklater @1.3 (python, textproc)
lazy strings for translations

py39-google-auth-httplib2 @0.1.0 (python, www, devel)
provides an httplib2 transport for google-auth

py39-tensorflow-transform @0.28.0 (python)
A library for data preprocessing with TensorFlow

py310-affine @2.4.0 (python, devel, math, gis)
Matrices describing affine transformation of the plane.

py310-ajsonrpc @1.2.0 (python, devel)
JSON-RPC 1/2 transport implementation

py310-asdf-transform-schemas @0.6.0 (python)
This package provides ASDF schemas for validating transform tags.

py310-aws-sam-translator @1.106.0 (python)
AWS SAM Translator is a library that transform SAM templates into AWS CloudFormation templates

py310-coolprop @6.4.3_1 (python, science)
Open-source thermodynamic and transport properties database

py310-country @24.6.1 (python)
ISO country, subdivision, language, currency and script definitions and their translations

py310-cssselect @1.2.0 (python, devel)
cssselect parses CSS3 Selectors and translates them to XPath 1.0

py310-elastic-transport @9.1.0 (python)
Transport classes/utilities for Elastic client libraries

py310-google-auth-httplib2 @0.1.0 (python, www, devel)
provides an httplib2 transport for google-auth

py310-imagecodecs @2026.1.14 (python, graphics)
Image transformation, compression, and decompression codecs

py310-json-rpc @1.13.0 (python, devel)
JSON-RPC 1/2 transport implementation

py310-numcodecs @0.16.5 (python)
Numcodecs is a Python package providing buffer compression and transformation codecs for use in data storage and communication applications.

py310-pywavelets @1.8.0_1 (python, science, math)
PyWavelets is a Python wavelet transforms module

py310-requests-cache @1.2.1_1 (python, devel)
Transparent persistent cache for py-requests

py310-requests-file @3.0.1 (python)
Requests-File is a transport adapter for use with the Requests Python library to allow local filesystem access via file:// URLs.

py310-s3transfer @0.13.1 (python)
An Amazon S3 Transfer Manager

py310-sentence-transformers @2.0.0 (python, textproc)
Sentence Embeddings using BERT / RoBERTa / XLM-R

py310-sqlglot @26.19.0 (python, databases)
An easily customizable SQL parser and transpiler

py310-torchaudio @0.12.0 (python, audio)
Data manipulation and transformation for audio signal processing, powered by PyTorch

py310-torchvision @0.15.2 (python)
PyTorch datasets, transforms and models specific to computer vision

py310-transformers @4.21.2 (python, textproc)
State-of-the-art Natural Language Processing for TensorFlow 2.0 and PyTorch

py310-translationstring @1.4_1 (python, devel)
Utility library for i18n.

py310-unidecode @1.4.0 (python, textproc)
ASCII transliterations of Unicode text

py310-zope-proxy @4.6.1 (python, zope)
Proxies are special objects which serve as mostly-transparent wrappers around another object, intervening in the apparent behavior of the wrapped object only when necessary to apply the policy (e.g., access checking, location brokering, etc.) for which the proxy is responsible.

py311-affine @2.4.0 (python, devel, math, gis)
Matrices describing affine transformation of the plane.

py311-ajsonrpc @1.2.0 (python, devel)
JSON-RPC 1/2 transport implementation

py311-asdf-transform-schemas @0.6.0 (python)
This package provides ASDF schemas for validating transform tags.

py311-aws-sam-translator @1.106.0 (python)
AWS SAM Translator is a library that transform SAM templates into AWS CloudFormation templates

py311-coolprop @6.4.3_1 (python, science)
Open-source thermodynamic and transport properties database

py311-country @24.6.1 (python)
ISO country, subdivision, language, currency and script definitions and their translations

py311-cssselect @1.2.0 (python, devel)
cssselect parses CSS3 Selectors and translates them to XPath 1.0

py311-elastic-transport @9.1.0 (python)
Transport classes/utilities for Elastic client libraries

py311-google-auth-httplib2 @0.1.0 (python, www, devel)
provides an httplib2 transport for google-auth

py311-imagecodecs @2026.1.14 (python, graphics)
Image transformation, compression, and decompression codecs

py311-json-rpc @1.13.0 (python, devel)
JSON-RPC 1/2 transport implementation

py311-numcodecs @0.16.5 (python)
Numcodecs is a Python package providing buffer compression and transformation codecs for use in data storage and communication applications.

py311-pywavelets @1.9.0_1 (python, science, math)
PyWavelets is a Python wavelet transforms module

py311-requests-cache @1.2.1_1 (python, devel)
Transparent persistent cache for py-requests

py311-requests-file @3.0.1 (python)
Requests-File is a transport adapter for use with the Requests Python library to allow local filesystem access via file:// URLs.

py311-s3transfer @0.13.1 (python)
An Amazon S3 Transfer Manager

py311-sqlglot @26.19.0 (python, databases)
An easily customizable SQL parser and transpiler

py311-translationstring @1.4_1 (python, devel)
Utility library for i18n.

py311-unidecode @1.4.0 (python, textproc)
ASCII transliterations of Unicode text

py312-affine @2.4.0 (python, devel, math, gis)
Matrices describing affine transformation of the plane.

py312-ajsonrpc @1.2.0 (python, devel)
JSON-RPC 1/2 transport implementation

py312-asdf-transform-schemas @0.6.0 (python)
This package provides ASDF schemas for validating transform tags.

py312-aws-sam-translator @1.106.0 (python)
AWS SAM Translator is a library that transform SAM templates into AWS CloudFormation templates

py312-colour @0.4.6 (python)
A comprehensive number of colour theory transformations and algorithms

py312-comet @3.1.0 (python, science, www)
A complete VOEvent transport system

py312-country @24.6.1 (python)
ISO country, subdivision, language, currency and script definitions and their translations

py312-cssselect @1.2.0 (python, devel)
cssselect parses CSS3 Selectors and translates them to XPath 1.0

py312-elastic-transport @9.1.0 (python)
Transport classes/utilities for Elastic client libraries

py312-google-auth-httplib2 @0.1.0 (python, www, devel)
provides an httplib2 transport for google-auth

py312-imagecodecs @2026.1.14 (python, graphics)
Image transformation, compression, and decompression codecs

py312-numcodecs @0.16.5 (python)
Numcodecs is a Python package providing buffer compression and transformation codecs for use in data storage and communication applications.

py312-pywavelets @1.9.0_1 (python, science, math)
PyWavelets is a Python wavelet transforms module

py312-requests-cache @1.2.1_1 (python, devel)
Transparent persistent cache for py-requests

py312-requests-file @3.0.1 (python)
Requests-File is a transport adapter for use with the Requests Python library to allow local filesystem access via file:// URLs.

py312-s3transfer @0.13.1 (python)
An Amazon S3 Transfer Manager

py312-sqlglot @26.19.0 (python, databases)
An easily customizable SQL parser and transpiler

py312-translationstring @1.4_1 (python, devel)
Utility library for i18n.

py312-unidecode @1.4.0 (python, textproc)
ASCII transliterations of Unicode text

py313-affine @2.4.0 (python, devel, math, gis)
Matrices describing affine transformation of the plane.

py313-ajsonrpc @1.2.0 (python, devel)
JSON-RPC 1/2 transport implementation

py313-asdf-transform-schemas @0.6.0 (python)
This package provides ASDF schemas for validating transform tags.

py313-aws-sam-translator @1.106.0 (python)
AWS SAM Translator is a library that transform SAM templates into AWS CloudFormation templates

py313-country @24.6.1 (python)
ISO country, subdivision, language, currency and script definitions and their translations

py313-cssselect @1.2.0 (python, devel)
cssselect parses CSS3 Selectors and translates them to XPath 1.0

py313-elastic-transport @9.1.0 (python)
Transport classes/utilities for Elastic client libraries

py313-google-auth-httplib2 @0.1.0 (python, www, devel)
provides an httplib2 transport for google-auth

py313-imagecodecs @2026.1.14 (python, graphics)
Image transformation, compression, and decompression codecs

py313-isbnlib @3.10.14 (python)
Extract, clean, transform, hyphenate and metadata for ISBNs (International Standard Book Number).

py313-numcodecs @0.16.5 (python)
Numcodecs is a Python package providing buffer compression and transformation codecs for use in data storage and communication applications.

py313-pywavelets @1.9.0_1 (python, science, math)
PyWavelets is a Python wavelet transforms module

py313-requests-cache @1.2.1_1 (python, devel)
Transparent persistent cache for py-requests

py313-requests-file @3.0.1 (python)
Requests-File is a transport adapter for use with the Requests Python library to allow local filesystem access via file:// URLs.

py313-s3transfer @0.13.1 (python)
An Amazon S3 Transfer Manager

py313-sqlglot @26.19.0 (python, databases)
An easily customizable SQL parser and transpiler

py313-unidecode @1.4.0 (python, textproc)
ASCII transliterations of Unicode text

py314-affine @2.4.0 (python, devel, math, gis)
Matrices describing affine transformation of the plane.

py314-ajsonrpc @1.2.0 (python, devel)
JSON-RPC 1/2 transport implementation

py314-asdf-transform-schemas @0.6.0 (python)
This package provides ASDF schemas for validating transform tags.

py314-aws-sam-translator @1.106.0 (python)
AWS SAM Translator is a library that transform SAM templates into AWS CloudFormation templates

py314-country @24.6.1 (python)
ISO country, subdivision, language, currency and script definitions and their translations

py314-google-auth-httplib2 @0.1.0 (python, www, devel)
provides an httplib2 transport for google-auth

py314-imagecodecs @2026.1.14 (python, graphics)
Image transformation, compression, and decompression codecs

py314-pywavelets @1.9.0_1 (python, science, math)
PyWavelets is a Python wavelet transforms module

py314-requests-cache @1.2.1_1 (python, devel)
Transparent persistent cache for py-requests

py314-requests-file @3.0.1 (python)
Requests-File is a transport adapter for use with the Requests Python library to allow local filesystem access via file:// URLs.

py314-s3transfer @0.13.1 (python)
An Amazon S3 Transfer Manager

py314-unidecode @1.4.0 (python, textproc)
ASCII transliterations of Unicode text

qpdf @12.3.2 (textproc, pdf)
content-preserving PDF transformation system

qq @0.3.1 (textproc)
jq inspired (and gojq dependent) interoperable config format transcoder with interactive querying.

qrcp @0.11.3 (sysutils, net)
Transfer files over wifi from your computer to your mobile device by scanning a QR code without leaving the terminal.

qt5-qttranslations @5.15.18 (aqua)
Tools and Module(s) for Qt Tool Kit 5

qt6-qttranslations @6.10.2 (aqua)
Tools and Module(s) for Qt Tool Kit 6

qt53-qttranslations @5.3.2_2 (aqua)
Tools and Module(s) for Qt Tool Kit 5

qt55-qttranslations @5.5.1_3 (aqua)
Tools and Module(s) for Qt Tool Kit 5

qt56-qttranslations @5.6.3_2 (aqua)
Tools and Module(s) for Qt Tool Kit 5

qt57-qttranslations @5.7.1_2 (aqua)
Tools and Module(s) for Qt Tool Kit 5

qt58-qttranslations @5.8.0_2 (aqua)
Tools and Module(s) for Qt Tool Kit 5

qt59-qttranslations @5.9.9_2 (aqua)
Tools and Module(s) for Qt Tool Kit 5

qt64-qttranslations @6.4.3_2 (aqua)
Tools and Module(s) for Qt Tool Kit 6

qt67-qttranslations @6.7.3 (aqua)
Tools and Module(s) for Qt Tool Kit 6

qt68-qttranslations @6.8.3 (aqua)
Tools and Module(s) for Qt Tool Kit 6

qt69-qttranslations @6.9.3 (aqua)
Tools and Module(s) for Qt Tool Kit 6

qt511-qttranslations @5.11.3_2 (aqua)
Tools and Module(s) for Qt Tool Kit 5

qt513-qttranslations @5.13.2_2 (aqua)
Tools and Module(s) for Qt Tool Kit 5

quisk @4.2.18_1 (science, comms)
QUISK is a Software Defined Radio (SDR) transceiver that can control various radio hardware.

R-accessibility @1.4.0_1 (R, science)
Transport accessibility measures

R-acepack @1.4.2_1 (R, science, math)
ACE and AVAS for selecting multiple regression transformations

R-ast2ast @0.3.2_1 (R, science, devel)
Translates an R function to a C++ function

R-AutoTransQF @0.1.3_1 (R, science, math)
Novel automatic shifted log transformation

R-bsitar @0.2.1_1 (R, science, math)
Bayesian super-imposition by translation and rotation growth curve analysis

R-calibmsm @1.1.1 (R, science, math)
Calibration plots for the transition probabilities from multistate models

R-causaleffect @1.3.15_1 (R, science, math)
Deriving expressions of joint interventional distributions and transport formulas in causal models

R-cdata @1.2.1_1 (R, science)
Fluid data transformations

R-codalm @0.1.2_1 (R, science, math)
Transformation-free linear regression for compositional outcomes and predictors

R-collapse @2.0.18 (R, science, economics, math)
Advanced and fast data transformation

R-cotram @0.5-2 (R, science, math)
Count transformation models

R-datawizard @0.13.0 (R, science)
Easy data wrangling and statistical transformations

R-deepRstudio @0.0.9_1 (R, science, textproc)
Seamless language translation in RStudio using DeepL API and Rstudioapi

R-DelayedArray @0.30.1 (R, science, bioconductor, devel)
Unified framework for working transparently with on-disk and in-memory array-like datasets

R-dtt @0.1-2_1 (R, science, math)
Discrete Trigonometric Transforms

R-dualtrees @0.1.5_1 (R, science)
Decimated and undecimated 2D complex dual-tree wavelet transform

R-english @1.2-6_2 (R, science)
Translate integers into English

R-etm @1.1.1_1 (R, science, math)
Empirical Transition Matrix

R-glmtrans @2.0.0_1 (R, science, math)
Transfer learning under regularized generalized linear models

R-Gmisc @3.0.3_1 (R, science)
Descriptive statistics, transition plots and more

R-GofKmt @2.2.0_1 (R, science, math)
Khmaladze martingale transformation goodness-of-fit test

R-grafzahl @0.0.11_1 (R, science, math)
Supervised machine learning for textual data using transformers and Quanteda

R-gtranslate @0.0.1_1 (R, science, textproc)
Translate between different languages

R-hht @2.1.6 (R, science, math)
Hilbert–Huang Transform: tools and methods

R-hypr @0.2.8_1 (R, science)
Hypothesis matrix translation

R-invertiforms @0.1.1_1 (R, science, math)
Invertible transforms for matrices

R-invLT @0.2.1_1 (R, science, math)
Inversion of Laplace-transformed functions

R-itdr @2.0.1_1 (R, science, math)
Integral transformation methods for SDR in regression

R-lorentz @1.1-1_1 (R, science)
The Lorentz transform in relativistic physics

R-matlab2r @1.5.0_1 (R, science, math)
Translation layer from MATLAB to R

R-MCMCprecision @0.4.0_1 (R, science, math)
Precision of discrete parameters in transdimensional MCMC

R-mlt @1.6-1 (R, science, math)
Most Likely Transformations

R-nimbleNoBounds @1.0.3 (R, science, math)
Transformed distributions for improved MCMC efficiency

R-nltm @1.4.5_1 (R, science, math)
Non-Linear Transformation Models

R-pdqr @0.3.1_1 (R, science, math)
Create, transform and summarize custom random variables with distribution functions

R-presmTP @1.1.0_1 (R, science)
Function for estimating the transition probabilities in an illness-death model

R-PROJ @0.5.0 (R, science, gis)
Generic coordinate system transformations using PROJ

R-qmap @1.0-4_1 (R, science, math)
Statistical transformations for post-processing climate model output

R-reproj @0.7.0 (R, science, gis)
Coordinate system transformations for generic map data

R-RTransferEntropy @0.2.21_1 (R, science, math)
Measuring information flow between time series with Shannon and Renyi transfer entropy

R-rust @1.4.3 (R, science, math)
Ratio-of-Uniforms Simulation with Transformation

R-RWgraph @1.0.0_1 (R, science, math)
Random walks on graphs representing a transactional network

R-sctransform @0.4.1 (R, science)
Variance stabilizing transformations for single cell UMI data

R-selectr @0.4-2_2 (R, science)
Translate CSS selectors to XPath expressions

R-sitar @1.4.0_1 (R, science, math)
Super-imposition by translation and rotation growth curve analysis

R-sjmisc @2.8.10 (R, science)
Data and variable transformation functions

R-SPEI @1.8.1_1 (R, science)
Calculation of the standardized precipitation-evapotranspiration index

R-TAG @0.5.1_1 (R, science, math)
Transformed Additive Gaussian processes

R-tbm @0.3-6_1 (R, science, math)
Transformation Boosting Machines

R-tram @1.2-0 (R, science, math)
R-Formula-based user-interfaces to specific transformation models

R-tramME @1.0.6 (R, science, math)
Transformation models with mixed effects

R-tramnet @0.0-8_1 (R, science, math)
Penalized transformation models

R-transformr @0.1.5_1 (R, science, geometry)
Polygon and path transformations

R-transport @0.15-4 (R, science)
Computation of optimal transport plans and Wasserstein distances

R-transreg @1.0.3 (R, science, math)
Penalised regression with multiple sets of prior effects

R-tRnslate @0.0.3_1 (R, science, devel)
Translate R code in source files

R-trtf @0.4-2_1 (R, science, math)
Transformation trees and forests

R-tth @4.16-0 (R, science, tex)
C source code and R wrappers for the tth/ttm TeX-to-HTML/MathML translators

R-wavelets @0.3-0.2_1 (R, science, finance)
Functions for computing wavelet filters, wavelet transforms and multiresolution analyses

R-wavethresh @4.7.3 (R, science, math)
Wavelets statistics and transforms

R-WSGeometry @1.2.1_1 (R, science, math)
Geometric tools based on balanced/unbalanced optimal transport

R-xslt @1.4.6 (R, science)
Extensible style-sheet language transformations

rb-net-ftp @0.3.8 (ruby, net)
Support for the File Transfer Protocol

rb-og @0.9.5_1 (ruby, databases)
Og provides transparent serialization of object graphs to a RDBMS backend

rb-rubytoc @1.0.0.5 (ruby, devel)
Ruby (subset) to C translator

rb19-taps @0.3.8_1 (ruby, www, databases)
A simple database-agnostic import/export app to transfer data to/from a remote database.

rb30-net-ftp @0.3.8 (ruby, net)
Support for the File Transfer Protocol

rb31-net-ftp @0.3.8 (ruby, net)
Support for the File Transfer Protocol

rb31-rubytoc @1.0.0.5 (ruby, devel)
Ruby (subset) to C translator

rb32-net-ftp @0.3.8 (ruby, net)
Support for the File Transfer Protocol

rb32-rubytoc @1.0.0.5 (ruby, devel)
Ruby (subset) to C translator

rb33-rubytoc @1.0.0.5 (ruby, devel)
Ruby (subset) to C translator

reposurgeon @5.3 (devel)
A tool for editing version-control repositories and translating among different systems. Supports git, bzr, Subversion, darcs, and fossil directly.

rpm2html @1.11.2 (sysutils)
Translates an RPM database and dependency information into HTML

rq @1.0.4 (textproc)
Record Query - A tool for doing record analysis and transformation

rsync @3.4.1 (net)
Fast incremental file transfer

rsync-hfscomp @3.1.2_2 (net)
Fast incremental file transfer

rust-bootstrap-transition @1.77.0 (lang, devel)
A safe, concurrent, practical language

simutrans @112.0_1 (games)
Simutrans is a freeware transport simulation game.

simutrans-pak64 @112.0 (games)
Standard 64x64 graphics for simutrans

splatd @1.2_1 (net)
Splat: Scalable Periodic LDAP Attribute Transmogrifier

srgn @0.14.1 (devel, textproc)
A code surgeon for precise text and code transplantation. A marriage of `tr`/`sed`, `rg` and `tree-sitter`.

srt @1.5.2 (net, multimedia, comms)
transport protocol for ultra-low latency live video and audio streaming

sse2neon @0.0.0_20210505 (devel)
library for translating Intel SSE intrinsics to ARM Neon intrinsics

sshuttle @1.3.2 (net, python)
Transparent proxy server that works as a poor man's VPN.

sword-commentary-dtn @1.0_2 (textproc)
Darby Translation Notes

tablet-encode @2.30_6 (multimedia)
Transcoding video files for Nokia Internet Tablets

tcl2doxy @0-2 (textproc)
Tcl/Tk input filter for doxygen Tcl2doxy translates Tcl/Tk source code into C-like code which doxygen is able to parse and generate a documentation for.

tclxml @3.2 (lang, tcl)
This package provides XML parsers, DOM scripting and XSL Transformations for Tcl.

termscp @0.19.1 (sysutils, net)
A feature rich terminal file transfer

tnftp @20230507_1 (net)
Internet File Transfer Protocol client

tnftpd @20200704 (net)
Internet File Transfer Protocol server

torsocks @2.4.0 (net, security)
A transparent socks proxy for use with tor

transcode @1.1.7_31 (multimedia)
Video and audio processing tools

TransformerKit @1.1.1 (devel)
A block-based API for NSValueTransformer, with a growing collection of useful examples.

translate-shell @0.9.7 (textproc)
Google Translate to serve as a command-line tool

translate-toolkit @3.16.3 (textproc)
Tools and API for translation and localization engineering.

transmission @4.1.0 (net, aqua)
Lightweight BitTorrent client

transmission-qt @2.94_1 (net, p2p)
Lightweight BitTorrent client

transmission-x11 @4.0.6_1 (net, x11, p2p)
Lightweight BitTorrent client

transset @1.0.2 (x11)
transset is an utility for setting opacity property on X11 windows

tsduck @3.22-1953 (multimedia)
MPEG Transport Stream Toolkit

tsocks @1.8.4_2 (net)
Transparent SOCKS proxying library

tth @4.16 (textproc, print)
a TeX to HTML transaltor

twopnt @0.1.0 (fortran, math)
Modern Fortran translation of the TWOPNT program for Boundary Value Problems

wcalc @1.1 (science, electronics)
analyze and synthesize transmission line structures and related components

wtf @20230126 (games)
translates common Internet acronyms

wtf-x @0.1 (aqua)
A Mac OS X program to translate common Internet acronyms

x264transcode @0.3.1_1 (multimedia)
Automated DVD/VOB/M2TS to MKV system

xalanc @1.12_1 (textproc)
XSLT processor in C++ for transforming XML

xmlgen @1.4 (lang, tcl)
The Tcl package xmlgen allows to write Tcl code which translates itself into XML.

xorg-xtrans @1.5.2 (x11, devel)
X.org xtrans

zssh @1.5c_6 (comms, security)
interactive file transfer wrapper for ssh

zsync @0.6.2 (net)
file transfer program

zzuf @0.15 (security)
zzuf is a transparent application input fuzzer

Found 515 ports.
