cl-dbi @20230917 (lisp, devel)
Database independent interface for Common Lisp

fsplib @0.14 (devel)
fsplib is an independent implementation of the FSP protocol written in C.

gtkpod @2.1.5_5 (multimedia, gnome)
gtkpod is a platform independent Graphical User Interface for Apple's iPod using GTK3.

libdbi @0.9.0 (databases, devel)
Database independent abstraction layer for C

libiodbc @3.52.16_1 (devel)
Independent Open DataBase Connectivity

libplacebo @7.351.0 (devel, multimedia)
core rendering algorithms and ideas of mpv rewritten as an independent library

libptytty @2.0 (devel)
library for OS-independent pseudo-tty management

luamake @1.7 (devel, lua)
a platform independent configuration and build system that uses the standard Lua command-line interpreter

ocaml-async_rpc_kernel @0.16.0_1 (ocaml, devel)
Platform-independent core of Async RPC library

ocaml-splittable_random @0.16.0_1 (ocaml, devel)
PRNG that can be split into independent streams

octave-pool @1.2.3 (octave, math, science)
Parallel computing with independent job submission for Octave.

openlibm @0.8.4 (math, devel)
high quality system independent, portable, open source libm implementation

ox @0.7.7 (editors)
An independent Rust text editor that runs in your terminal!

p5-dbix-dbschema @0.470.0 (perl)
Database-independent schema objects

p5-mail-sendmail @0.820.0 (perl, mail)
Mail::Sendmail - Simple platform independent mailer

p5-pdl-graphics-simple @1.16.0 (perl)
PDL::Graphics::Simple - Simple backend-independent plotting for PDL

p5.28-dbix-dbschema @0.470.0 (perl)
Database-independent schema objects

p5.28-mail-sendmail @0.820.0 (perl, mail)
Mail::Sendmail - Simple platform independent mailer

p5.28-pdl-graphics-simple @1.16.0 (perl)
PDL::Graphics::Simple - Simple backend-independent plotting for PDL

p5.30-dbix-dbschema @0.470.0 (perl)
Database-independent schema objects

p5.30-mail-sendmail @0.820.0 (perl, mail)
Mail::Sendmail - Simple platform independent mailer

p5.30-pdl-graphics-simple @1.16.0 (perl)
PDL::Graphics::Simple - Simple backend-independent plotting for PDL

p5.32-dbix-dbschema @0.470.0 (perl)
Database-independent schema objects

p5.32-mail-sendmail @0.820.0 (perl, mail)
Mail::Sendmail - Simple platform independent mailer

p5.32-pdl-graphics-simple @1.16.0 (perl)
PDL::Graphics::Simple - Simple backend-independent plotting for PDL

p5.34-dbix-dbschema @0.470.0 (perl)
Database-independent schema objects

p5.34-mail-sendmail @0.820.0 (perl, mail)
Mail::Sendmail - Simple platform independent mailer

p5.34-pdl-graphics-simple @1.16.0 (perl)
PDL::Graphics::Simple - Simple backend-independent plotting for PDL

py-filelock @3.20.3 (python)
A platform independent file lock

py-lockfile @0.12.2 (python, devel)
Platform-independent file locking module

py-winpdb @1.4.8_2 (python)
Winpdb is a platform independent python debugger.

py27-filelock @3.2.1 (python)
A platform independent file lock

py27-lockfile @0.12.2 (python, devel)
Platform-independent file locking module

py27-winpdb @1.4.8_2 (python)
Winpdb is a platform independent python debugger.

py39-filelock @3.20.3 (python)
A platform independent file lock

py310-filelock @3.20.3 (python)
A platform independent file lock

py310-lockfile @0.12.2 (python, devel)
Platform-independent file locking module

py311-filelock @3.20.3 (python)
A platform independent file lock

py311-lockfile @0.12.2 (python, devel)
Platform-independent file locking module

py312-filelock @3.20.3 (python)
A platform independent file lock

py312-lockfile @0.12.2 (python, devel)
Platform-independent file locking module

py313-filelock @3.20.3 (python)
A platform independent file lock

py313-lockfile @0.12.2 (python, devel)
Platform-independent file locking module

py314-filelock @3.20.3 (python)
A platform independent file lock

py314-lockfile @0.12.2 (python, devel)
Platform-independent file locking module

R-AUC @0.3.2_1 (R, science, math)
Threshold-independent performance measures for probabilistic classifiers

R-chisquare @1.1.1 (R, science, math)
Chi-Square and g-square test of independence, residual analysis and measures of categorical association

R-cocor @1.1-4_2 (R, science, math)
Statistical tests for the comparison between two correlations based on either independent or dependent groups

R-dHSIC @2.1_1 (R, science, math)
Independence testing via Hilbert–Schmidt independence criterion

R-ghcm @3.0.1_1 (R, science, math)
Functional conditional independence testing with the GHCM

R-gRain @1.4.2 (R, science, math)
Graphical Independence Networks

R-gWidgets @0.0-54.2_1 (R, science, graphics)
API for building toolkit-independent, interactive GUIs

R-HHG @2.3.7_1 (R, science, math)
Heller–Heller–Gorfine tests of independence and equality of distributions

R-ica @1.0-3 (R, science, math)
Independent Component Analysis

R-IndGenErrors @0.1.4_1 (R, science, math)
Tests of independence between innovations of generalized error models

R-SCCI @1.2_1 (R, science, math)
Stochastic complexity-based conditional independence test for discrete data

R-SIS @0.8-8_1 (R, science)
Sure Independence Screening

sniprun @1.3.20 (devel)
A neovim plugin to run lines/blocs of code (independently of the rest of the file), supporting multiples languages

SoapySDR @0.8.1_1 (science)
A fresh and clean vendor neutral and platform independent SDR support library

Found 59 ports.
