amass @5.0.1 (security, net)
In-depth Attack Surface Mapping and Asset Discovery

autotrace @0.31.10_1 (graphics)
Convert bitmaps to vector graphics

bitmap @1.0.9 (x11, graphics)
Bitmap editor and converter utilities for X11

carto @1.2.0_1 (gis)
Fast CSS-like map stylesheets

cclient @2007f_5 (mail, devel)
UW IMAP c-client library

chromaprint @1.5.1 (audio)
Chromaprint is an audio fingerprint library

cl-language-codes @20230703 (lisp, devel)
A simple library mapping ISO language codes to language names.

cl-mmap @20230902 (lisp, devel)
yet another CL deflate decompressor

cl-nkeymaps @1.1.1 (lisp, devel)
General-purpose keymap management à-la Emacs.

cl-routes @20170119 (lisp, www, devel)
Common Lisp implementation of the routes system for mapping URL's

code-minimap @0.6.4 (textproc)
A high performance code minimap renderer

courier-imap @5.2.6 (mail)
IMAP server

curves @20220312 (math, graphics)
Curves provide mapping a point from 1D to 2D hilbert space.

cvemap @1.0.0 (security)
Navigate the CVE jungle with ease

cyrus-imapd @2.4.20_6 (mail)
The Cyrus IMAP Server

cyrus5-imapd @2.5.4_3 (mail)
The Cyrus IMAP Server

deletemail @0.5_4 (mail)
non-interactive tool for removing mail from IMAP4 mailboxes

ditaa @0.11.0 (java, editors)
Java ASCII art to bitmap graphics conversion utility

dmapd @0.0.85 (multimedia)
A server that provides DAAP and DPAP shares.

dovecot @2.3.21.1_1 (mail)
Secure, fast imap and pop3 server

dvi2bitmap @1.0 (graphics)
Utility to convert TeX DVI files directly to bitmaps

efont-unicode @0.4.2_1 (x11, fonts)
efont Unicode Bitmap Fonts

epstool @3.08_13 (print)
create or extract preview images in EPS files, fix bounding boxes and convert to bitmaps

felix @2.16.0 (sysutils)
tui file manager with vim-like key mapping

fetchmail @6.4.38 (mail)
Batch mail retrieval utility for IMAP, POP2, POP3, APOP, KPOP, ETRN, or ODMR

fetchmail-devel @6.5.0.beta5_1 (mail)
Batch mail retrieval utility for IMAP, POP2, POP3, APOP, KPOP, ETRN, or ODMR

font-spleen @1.9.1 (x11, x11-font, graphics, fonts)
monospaced bitmapped font

fontforge @20230101_1 (graphics, fonts)
Outline and bitmap font editor/converter for many formats

fonttosfnt @1.2.2 (x11, graphics)
Wrap a bitmap font in a sfnt (TrueType) wrapper

ftpmap @0.4_1 (net)
Scans remote FTP servers to see what ftpd is used

gdmap @0.8.1_3 (gnome, sysutils)
GdMap is a tool which allows to visualize disk space.

getmail @5.16 (mail, python)
extensible mail retrieval system with POP3, IMAP4, SSL support

getmail6 @6.19.05 (mail, python)
extensible mail retrieval system with POP3, IMAP4, SSL support

gifshuffle @2.0 (graphics)
GIF Colourmap Steganography: conceal messages in GIF images

gmt4 @4.5.18_23 (science)
The Generic Mapping Tools

gmt5 @5.4.5_23 (science)
The Generic Mapping Tools

gmt6 @6.6.0_1 (science)
The Generic Mapping Tools

gnome-maps @3.38.6 (gnome)
Map application for GNOME 3.

goimapnotify @2.4-rc4 (mail)
Execute scripts on IMAP mailbox changes (new/deleted/updated messages) using IDLE

gom @0.4 (gnome)
Gom provides an object mapper from GObjects to SQLite.

gr-mapper @20181023-2ea1eb68_1 (science, comms)
Obsolete port, replaced by gr37-mapper

gr37-mapper @20181023-2ea1eb68_1 (science, comms)
Provides augmented functionality for GNU Radio: Symbol to Bit Mapping and Demapping Blocks

gucharmap @15.0.4 (gnome)
gucharmap is a featureful unicode character map.

gupnp-igd @1.6.0 (net, gnome)
GUPnP-IGD is a library to handle UPnP IGD port mapping.

imap-uw @2007f_4 (mail)
University of Washington IMAP daemon

imapdedup @20230707 (mail)
IMAP message de-duplicator

imapfilter @2.8.3 (mail)
IMAP message processor/filter

imapsync @2.264 (mail, perl)
imapsync is an IMAP synchronization, copy or migration tool.

imposm @0.14.2 (gis)
Imposm imports OpenStreetMap data into PostGIS

JOSM @19439 (gis, editors, java)
An extensible editor for OpenStreetMap

libchamplain @0.12.20 (gnome)
A Clutter based widget to display rich, interactive maps.

libdmapsharing @3.9.12 (devel)
A DMAP client and server library

libosmium @2.22.0_2 (gis)
A fast and flexible C++ library for working with OpenStreetMap data

libosmium-doc @2.22.0_2 (gis)
A fast and flexible C++ library for working with OpenStreetMap data - documentation

libshumate @1.2.2 (gnome, gis, x11)
GTK-4 widget to display maps

libvirt-glib @5.0.0 (sysutils)
GLib and GObject mapping for Libvirt

lmdb @0.9.35 (databases)
Symas Lightning Memory-Mapped Database (LMDB)

MacBiff @1.1.16_2 (aqua, net)
IMAP email checker

macports-module-map @0.1 (devel)
module map for MacPorts headers

mapm @4.9.5_1 (math, science)
A Portable Arbitrary Precision Math Library in C.

mapm3 @3.0_5 (science)
cli tool for calculating Quantitative Trait Loci

mapnik @4.1.3 (gis, devel)
Open Source C++/Python mapping toolkit.

mapserver @8.0.2_3 (gis)
mapserver

maptran3d @1.2.0 (fortran, gis)
Modern Fortran 3D coordinate conversions for geospace ecef enu eci

mariadb-lib_mysqludf_json @0.0.2 (databases, lang)
Map database data to the JSON.

mbtileserver @0.11.0 (gis)
A simple Go-based server for map tiles stored in mbtiles format

meli @0.8.7 (mail)
Terminal email client with support for multiple accounts and Maildir / mbox / notmuch / IMAP / JMAP

mftrace @1.2.16_1 (graphics)
Trace TeX bitmap font to PFA, PFB, or TTF font

mod_tile @0.8.1_2 (gis)
Renders map tiles with mapnik and serves them using Apache and mod_tile

mplus-fonts @2.2.4_2 (x11, fonts)
simple and highly readable bitmap Japanese fonts

mysql5-lib_mysqludf_json @0.0.2 (databases, lang)
Map database data to the JSON.

mysql51-lib_mysqludf_json @0.0.2 (databases, lang)
Map database data to the JSON.

mysql55-lib_mysqludf_json @0.0.2 (databases, lang)
Map database data to the JSON.

network-weathermap @0.97c (net)
Weathermap is a network visualisation tool, to take graphs you already have and display an overview of your network as a map. It supports RRD, MRTG (RRD and old log-format), and tab-delimited text files. Other sources are via plugins or external scripts.

nghttp3 @1.14.0 (net)
nghttp3 is an implementation of RFC 9114 HTTP/3 mapping over QUIC and RFC 9204 QPACK in C

nginx @1.28.1 (www, mail)
High-performance HTTP(S) server, HTTP(S) reverse proxy and IMAP/POP3 proxy server

nginx-devel @1.29.5 (www, mail)
High-performance HTTP(S) server, HTTP(S) reverse proxy and IMAP/POP3 proxy server

nginx-devel-geoip2 @1.29.5 (www, mail)
High-performance HTTP(S) server, HTTP(S) reverse proxy and IMAP/POP3 proxy server

nginx-devel-headers_more @1.29.5 (www, mail)
High-performance HTTP(S) server, HTTP(S) reverse proxy and IMAP/POP3 proxy server

nginx-devel-lua @1.29.5 (www, mail)
High-performance HTTP(S) server, HTTP(S) reverse proxy and IMAP/POP3 proxy server

nginx-devel-rtmp @1.29.5 (www, mail)
High-performance HTTP(S) server, HTTP(S) reverse proxy and IMAP/POP3 proxy server

nmap @7.98 (net)
Port scanning utility for large networks

nmap-formatter @3.1.0 (sysutils, net)
A tool that allows you to convert NMAP results to html, csv, json, markdown, graphviz (dot) or sqlite. Simply put it's nmap converter.

ocaml-mmap @1.2.0 (ocaml, devel)
Support for mmap(2) in OCaml

ocaml-parmap @1.2.5 (ocaml, devel)
Parmap is a library for multicore architecture for OCaml programs

octave-mapping @1.4.3_2 (octave, math, science)
Simple Mapping functions.

offlineimap @8.0.0-20231218_1 (mail, python)
IMAP/Maildir synchronization and reader support

openstreetmap-carto @5.9.0 (gis)
A general-purpose OpenStreetMap mapnik style, in CartoCSS

osm-gps-map @1.2.0_1 (graphics)
A GTK+ 3 widget for displaying OpenStreetMap tiles.

osm-gps-map-gtk2 @0.7.3_1 (graphics)
A GTK+ 2 widget for displaying OpenStreetMap tiles.

osm2pgsql @2.2.0_1 (gis)
osm2pgsql is OpenStreetMap data to PostgreSQL converter

osmium-tool @1.18.0 (gis)
A command line tool for working with OpenStreetMap

ossp-val @0.9.4 (devel)
flexible name to value mapping library for C variables

p5-cache-fastmmap @1.600.0 (perl)
Cache::FastMmap - Uses an mmap'ed file to act as a shared memory interprocess cache

p5-catalyst-plugin-session-store-fastmmap @0.160.0 (perl)
FastMmap session storage backend.

p5-dbix-class @0.82.844 (perl)
DBIx::Class - Extensible and flexible object <-> relational mapper.

p5-encode-imaputf7 @1.70.0 (perl)
Encode::IMAPUTF7 - modification of UTF-7 encoding for IMAP

p5-file-map @0.710.0 (perl)
File::Map - Memory mapping made simple and safe.

p5-geo-coder-osm @0.30.0 (perl)
Geo::Coder::OSM - Geocode addresses with the OpenStreetMap Nominatim API

p5-gmail-imapd @0.940.0_3 (perl)
An IMAP4 gateway to Google's webmail service

p5-imap-bodystructure @1.30.0 (perl)
IMAP4-compatible BODYSTRUCTURE and ENVELOPE parser

p5-mail-box-imap4 @4.10.0 (perl)
Mail::Box::IMAP4 - handle IMAP4 folders as client

p5-mail-imapclient @3.430.0 (perl)
Perl 5 module to talk to an IMAP server.

p5-nmap-scanner @1.0.0_5 (perl)
Perform and manipulate nmap scans using perl

p5-perl-ostype @1.10.0 (perl)
Map Perl operating system names to generic types

p5.28-cache-fastmmap @1.600.0 (perl)
Cache::FastMmap - Uses an mmap'ed file to act as a shared memory interprocess cache

p5.28-catalyst-plugin-session-store-fastmmap @0.160.0 (perl)
FastMmap session storage backend.

p5.28-dbix-class @0.82.844 (perl)
DBIx::Class - Extensible and flexible object <-> relational mapper.

p5.28-encode-imaputf7 @1.70.0 (perl)
Encode::IMAPUTF7 - modification of UTF-7 encoding for IMAP

p5.28-file-map @0.710.0 (perl)
File::Map - Memory mapping made simple and safe.

p5.28-geo-coder-osm @0.30.0 (perl)
Geo::Coder::OSM - Geocode addresses with the OpenStreetMap Nominatim API

p5.28-gmail-imapd @0.940.0_3 (perl)
An IMAP4 gateway to Google's webmail service

p5.28-imap-bodystructure @1.30.0 (perl)
IMAP4-compatible BODYSTRUCTURE and ENVELOPE parser

p5.28-mail-box-imap4 @4.10.0 (perl)
Mail::Box::IMAP4 - handle IMAP4 folders as client

p5.28-mail-imapclient @3.430.0 (perl)
Perl 5 module to talk to an IMAP server.

p5.28-nmap-scanner @1.0.0_5 (perl)
Perform and manipulate nmap scans using perl

p5.28-perl-ostype @1.10.0 (perl)
Map Perl operating system names to generic types

p5.30-cache-fastmmap @1.600.0 (perl)
Cache::FastMmap - Uses an mmap'ed file to act as a shared memory interprocess cache

p5.30-catalyst-plugin-session-store-fastmmap @0.160.0 (perl)
FastMmap session storage backend.

p5.30-dbix-class @0.82.844 (perl)
DBIx::Class - Extensible and flexible object <-> relational mapper.

p5.30-encode-imaputf7 @1.70.0 (perl)
Encode::IMAPUTF7 - modification of UTF-7 encoding for IMAP

p5.30-file-map @0.710.0 (perl)
File::Map - Memory mapping made simple and safe.

p5.30-geo-coder-osm @0.30.0 (perl)
Geo::Coder::OSM - Geocode addresses with the OpenStreetMap Nominatim API

p5.30-gmail-imapd @0.940.0_3 (perl)
An IMAP4 gateway to Google's webmail service

p5.30-imap-bodystructure @1.30.0 (perl)
IMAP4-compatible BODYSTRUCTURE and ENVELOPE parser

p5.30-mail-box-imap4 @4.10.0 (perl)
Mail::Box::IMAP4 - handle IMAP4 folders as client

p5.30-mail-imapclient @3.430.0 (perl)
Perl 5 module to talk to an IMAP server.

p5.30-nmap-scanner @1.0.0_5 (perl)
Perform and manipulate nmap scans using perl

p5.30-perl-ostype @1.10.0 (perl)
Map Perl operating system names to generic types

p5.32-cache-fastmmap @1.600.0 (perl)
Cache::FastMmap - Uses an mmap'ed file to act as a shared memory interprocess cache

p5.32-catalyst-plugin-session-store-fastmmap @0.160.0 (perl)
FastMmap session storage backend.

p5.32-dbix-class @0.82.844 (perl)
DBIx::Class - Extensible and flexible object <-> relational mapper.

p5.32-encode-imaputf7 @1.70.0 (perl)
Encode::IMAPUTF7 - modification of UTF-7 encoding for IMAP

p5.32-file-map @0.710.0 (perl)
File::Map - Memory mapping made simple and safe.

p5.32-geo-coder-osm @0.30.0 (perl)
Geo::Coder::OSM - Geocode addresses with the OpenStreetMap Nominatim API

p5.32-gmail-imapd @0.940.0_3 (perl)
An IMAP4 gateway to Google's webmail service

p5.32-imap-bodystructure @1.30.0 (perl)
IMAP4-compatible BODYSTRUCTURE and ENVELOPE parser

p5.32-mail-box-imap4 @4.10.0 (perl)
Mail::Box::IMAP4 - handle IMAP4 folders as client

p5.32-mail-imapclient @3.430.0 (perl)
Perl 5 module to talk to an IMAP server.

p5.32-nmap-scanner @1.0.0_5 (perl)
Perform and manipulate nmap scans using perl

p5.32-perl-ostype @1.10.0 (perl)
Map Perl operating system names to generic types

p5.34-cache-fastmmap @1.600.0 (perl)
Cache::FastMmap - Uses an mmap'ed file to act as a shared memory interprocess cache

p5.34-catalyst-plugin-session-store-fastmmap @0.160.0 (perl)
FastMmap session storage backend.

p5.34-dbix-class @0.82.844 (perl)
DBIx::Class - Extensible and flexible object <-> relational mapper.

p5.34-encode-imaputf7 @1.70.0 (perl)
Encode::IMAPUTF7 - modification of UTF-7 encoding for IMAP

p5.34-file-map @0.710.0 (perl)
File::Map - Memory mapping made simple and safe.

p5.34-geo-coder-osm @0.30.0 (perl)
Geo::Coder::OSM - Geocode addresses with the OpenStreetMap Nominatim API

p5.34-gmail-imapd @0.940.0_3 (perl)
An IMAP4 gateway to Google's webmail service

p5.34-imap-bodystructure @1.30.0 (perl)
IMAP4-compatible BODYSTRUCTURE and ENVELOPE parser

p5.34-mail-box-imap4 @4.10.0 (perl)
Mail::Box::IMAP4 - handle IMAP4 folders as client

p5.34-mail-imapclient @3.430.0 (perl)
Perl 5 module to talk to an IMAP server.

p5.34-nmap-scanner @1.0.0_5 (perl)
Perform and manipulate nmap scans using perl

p5.34-perl-ostype @1.10.0 (perl)
Map Perl operating system names to generic types

Pantomime @1.2.0pre3 (gnustep)
a framework for supporing POP, IMAP3, and SMTP

Pantomime-Framework @1.2.0pre1 (mail, devel)
a framework for supporing POP, IMAP3, and SMTP

parallel-hashmap @2.0.0 (devel)
A family of header-only, very fast and memory-friendly hashmap and btree containers

php-geoip @1.1.1 (php, devel)
Map IP address to geographic places

php52-imap @5.2.17 (php, mail)
a PHP interface to the IMAP protocol

php53-geoip @1.0.8_1 (php, devel)
Map IP address to geographic places

php53-imap @5.3.29 (php, mail)
a PHP interface to the IMAP protocol

php54-geoip @1.0.8_1 (php, devel)
Map IP address to geographic places

php54-imap @5.4.45 (php, mail)
a PHP interface to the IMAP protocol

php55-geoip @1.0.8_1 (php, devel)
Map IP address to geographic places

php55-imap @5.5.38 (php, mail)
a PHP interface to the IMAP protocol

php56-geoip @1.0.8_1 (php, devel)
Map IP address to geographic places

php56-imap @5.6.40 (php, mail)
a PHP interface to the IMAP protocol

php70-geoip @1.1.1 (php, devel)
Map IP address to geographic places

php70-imap @7.0.33 (php, mail)
a PHP interface to the IMAP protocol

php71-geoip @1.1.1 (php, devel)
Map IP address to geographic places

php71-imap @7.1.33 (php, mail)
a PHP interface to the IMAP protocol

php72-geoip @1.1.1 (php, devel)
Map IP address to geographic places

php72-imap @7.2.34 (php, mail)
a PHP interface to the IMAP protocol

php73-geoip @1.1.1 (php, devel)
Map IP address to geographic places

php73-imap @7.3.33 (php, mail)
a PHP interface to the IMAP protocol

php74-geoip @1.1.1 (php, devel)
Map IP address to geographic places

php74-imap @7.4.33 (php, mail)
a PHP interface to the IMAP protocol

php80-geoip @1.1.1 (php, devel)
Map IP address to geographic places

php80-imap @8.0.30 (php, mail)
a PHP interface to the IMAP protocol

php81-geoip @1.1.1 (php, devel)
Map IP address to geographic places

php81-imap @8.1.30 (php, mail)
a PHP interface to the IMAP protocol

php82-geoip @1.1.1 (php, devel)
Map IP address to geographic places

php82-imap @8.2.24 (php, mail)
a PHP interface to the IMAP protocol

php83-geoip @1.1.1 (php, devel)
Map IP address to geographic places

php83-imap @8.3.12 (php, mail)
a PHP interface to the IMAP protocol

potrace @1.16 (graphics)
Transform bitmaps into vector graphics

ptex @2.4.2 (graphics)
Per-face texture mapping for production rendering

pthsem @2.0.8 (devel)
pthsem is an extend version of GNU pth, with support for semaphores

py-acoustid @1.3.0 (python, devel, audio)
Chromaprint and Acoustid for Python

py-basemap-data @2.0.0 (python, gis)
Data assets for matplotlib basemap

py-bidict @0.23.1 (python)
The bidirectional mapping library for Python

py-cfgrib @0.9.10.2 (python, science)
Python interface to map GRIB files to the NetCDF Common Data Model following the CF Convention using ecCodes

py-colorcet @3.1.0 (python)
Collection of perceptually uniform colormaps

py-gammapy @2.0 (python, science)
A Python package for gamma-ray astronomy

py-heapdict @1.0.1_1 (python, devel)
Mutable mapping tools.

py-imaplib2 @3.6 (python, mail, devel)
A threaded Python IMAP4 client.

py-immutables @0.21 (python, devel)
A high-performance immutable mapping type for Python

py-mapclassify @2.10.0 (python, gis)
Classification Schemes for Choropleth Maps

py-matplotlib-basemap @2.0.0 (python, graphics, math)
matplotlib toolkit for plotting data on map projections

py-minecraft-overviewer @0.12.280_2018-11-18 (python)
Render high-resolution maps of a Minecraft world with a Google Maps powered interface

py-mongoalchemy @0.21 (python, www)
Document-Object Mapper/Toolkit for Mongo Databases

py-mongoengine @0.29.1 (python)
MongoEngine is a Document-Object Mapper (think ORM, but for document databases) for working with MongoDB from Python.

py-mrjob @0.7.4 (python, parallel)
Python MapReduce framework

py-pacmap @0.8.0 (python, science)
PaCMAP: Pairwise Controlled Manifold Approximation Projection

py-pygmt @0.17.0 (python, science)
Python interface for the Generic Mapping Tools

py-pymca @5.9.4 (python, science)
Mapping and X-Ray Fluorescence Analysis

py-pysam @0.22.0 (python, science)
Python interface for the SAM/BAM sequence alignment and mapping format

py-rchitect @0.4.7 (python, R)
Mapping R API to Python

py-smmap @6.0.0 (python)
Pure python sliding memory map manager

py-storm @1.0 (python, databases)
Storm is an object-relational mapper (ORM) for Python developed at Canonical

py-tobler @0.13.0 (python, gis)
Spatial interpolation, Dasymetric Mapping, & Change of Support (tobler)

py-umap-learn @0.5.9.post2 (python)
Uniform Manifold Approximation and Projection

py-zict @3.0.0 (python, devel)
Mutable mapping tools.

py27-minecraft-overviewer @0.12.280_2018-11-18 (python)
Render high-resolution maps of a Minecraft world with a Google Maps powered interface

py27-mongoalchemy @0.21 (python, www)
Document-Object Mapper/Toolkit for Mongo Databases

py27-osmgpsmap @0.7.3_4 (python, graphics)
Python interfaces for osm-gps-map

py310-acoustid @1.3.0 (python, devel, audio)
Chromaprint and Acoustid for Python

py310-bidict @0.23.1 (python)
The bidirectional mapping library for Python

py310-cfgrib @0.9.10.2 (python, science)
Python interface to map GRIB files to the NetCDF Common Data Model following the CF Convention using ecCodes

py310-colorcet @3.1.0 (python)
Collection of perceptually uniform colormaps

py310-heapdict @1.0.1_1 (python, devel)
Mutable mapping tools.

py310-imaplib2 @3.6 (python, mail, devel)
A threaded Python IMAP4 client.

py310-immutables @0.21 (python, devel)
A high-performance immutable mapping type for Python

py310-mapclassify @2.10.0 (python, gis)
Classification Schemes for Choropleth Maps

py310-mongoengine @0.29.1 (python)
MongoEngine is a Document-Object Mapper (think ORM, but for document databases) for working with MongoDB from Python.

py310-pysam @0.22.0 (python, science)
Python interface for the SAM/BAM sequence alignment and mapping format

py310-rchitect @0.4.7 (python, R)
Mapping R API to Python

py310-smmap @6.0.0 (python)
Pure python sliding memory map manager

py310-tobler @0.13.0 (python, gis)
Spatial interpolation, Dasymetric Mapping, & Change of Support (tobler)

py310-zict @3.0.0 (python, devel)
Mutable mapping tools.

py311-acoustid @1.3.0 (python, devel, audio)
Chromaprint and Acoustid for Python

py311-bidict @0.23.1 (python)
The bidirectional mapping library for Python

py311-colorcet @3.1.0 (python)
Collection of perceptually uniform colormaps

py311-gammapy @2.0 (python, science)
A Python package for gamma-ray astronomy

py311-heapdict @1.0.1_1 (python, devel)
Mutable mapping tools.

py311-imaplib2 @3.6 (python, mail, devel)
A threaded Python IMAP4 client.

py311-immutables @0.21 (python, devel)
A high-performance immutable mapping type for Python

py311-mapclassify @2.10.0 (python, gis)
Classification Schemes for Choropleth Maps

py311-mongoengine @0.29.1 (python)
MongoEngine is a Document-Object Mapper (think ORM, but for document databases) for working with MongoDB from Python.

py311-pygmt @0.17.0 (python, science)
Python interface for the Generic Mapping Tools

py311-pysam @0.22.0 (python, science)
Python interface for the SAM/BAM sequence alignment and mapping format

py311-rchitect @0.4.7 (python, R)
Mapping R API to Python

py311-smmap @6.0.0 (python)
Pure python sliding memory map manager

py311-tobler @0.13.0 (python, gis)
Spatial interpolation, Dasymetric Mapping, & Change of Support (tobler)

py311-zict @3.0.0 (python, devel)
Mutable mapping tools.

py312-acoustid @1.3.0 (python, devel, audio)
Chromaprint and Acoustid for Python

py312-bidict @0.23.1 (python)
The bidirectional mapping library for Python

py312-colorcet @3.1.0 (python)
Collection of perceptually uniform colormaps

py312-gammapy @2.0 (python, science)
A Python package for gamma-ray astronomy

py312-heapdict @1.0.1_1 (python, devel)
Mutable mapping tools.

py312-imaplib2 @3.6 (python, mail, devel)
A threaded Python IMAP4 client.

py312-immutables @0.21 (python, devel)
A high-performance immutable mapping type for Python

py312-mapclassify @2.10.0 (python, gis)
Classification Schemes for Choropleth Maps

py312-pacmap @0.8.0 (python, science)
PaCMAP: Pairwise Controlled Manifold Approximation Projection

py312-pygmt @0.17.0 (python, science)
Python interface for the Generic Mapping Tools

py312-pysam @0.22.0 (python, science)
Python interface for the SAM/BAM sequence alignment and mapping format

py312-smmap @6.0.0 (python)
Pure python sliding memory map manager

py312-tobler @0.13.0 (python, gis)
Spatial interpolation, Dasymetric Mapping, & Change of Support (tobler)

py312-zict @3.0.0 (python, devel)
Mutable mapping tools.

py313-acoustid @1.3.0 (python, devel, audio)
Chromaprint and Acoustid for Python

py313-basemap-data @2.0.0 (python, gis)
Data assets for matplotlib basemap

py313-bidict @0.23.1 (python)
The bidirectional mapping library for Python

py313-colorcet @3.1.0 (python)
Collection of perceptually uniform colormaps

py313-heapdict @1.0.1_1 (python, devel)
Mutable mapping tools.

py313-immutables @0.21 (python, devel)
A high-performance immutable mapping type for Python

py313-mapclassify @2.10.0 (python, gis)
Classification Schemes for Choropleth Maps

py313-matplotlib-basemap @2.0.0 (python, graphics, math)
matplotlib toolkit for plotting data on map projections

py313-mrjob @0.7.4 (python, parallel)
Python MapReduce framework

py313-pacmap @0.8.0 (python, science)
PaCMAP: Pairwise Controlled Manifold Approximation Projection

py313-pygmt @0.17.0 (python, science)
Python interface for the Generic Mapping Tools

py313-pymca @5.9.4 (python, science)
Mapping and X-Ray Fluorescence Analysis

py313-smmap @6.0.0 (python)
Pure python sliding memory map manager

py313-storm @1.0 (python, databases)
Storm is an object-relational mapper (ORM) for Python developed at Canonical

py313-tobler @0.13.0 (python, gis)
Spatial interpolation, Dasymetric Mapping, & Change of Support (tobler)

py313-umap-learn @0.5.9.post2 (python)
Uniform Manifold Approximation and Projection

py314-bidict @0.23.1 (python)
The bidirectional mapping library for Python

py314-smmap @6.0.0 (python)
Pure python sliding memory map manager

py314-tobler @0.13.0 (python, gis)
Spatial interpolation, Dasymetric Mapping, & Change of Support (tobler)

qjson @0.9.0 (devel)
map JSON data to QVariant objects

qjson-qt5 @0.9.0 (devel)
map JSON data to QVariant objects

R-amap @0.8-20 (R, science, math)
Another Multidimensional Analysis Package

R-automap @1.1-12 (R, science, math)
Automatic interpolation package

R-bigmemory @4.6.4_1 (R, science, math)
Manage massive matrices with shared memory and memory-mapped files

R-bmp @0.3_2 (R, science, graphics)
Read Windows Bitmap (BMP) images

R-bqtl @1.0-38 (R, science)
Bayesian QTL mapping tool-kit

R-CMAPSS @0.1.1 (R, science)
Commercial Modular Aero-Propulsion System Simulation data-set

R-colorRamps @2.3.4_1 (R, science, graphics)
Builds gradient color maps

R-comato @1.1_1 (R, science, math)
Analysis of concept maps and concept landscapes

R-ComplexHeatmap @2.20.0 (R, science, bioconductor)
Complex heatmaps

R-currr @0.1.2_2 (R, science)
Apply mapping functions in frequent saving

R-decido @0.3.0_1 (R, science, math)
Bindings for Mapbox ear cutting triangulation library

R-EnrichedHeatmap @1.34.0 (R, science, bioconductor)
Making of enriched heatmaps

R-fastmap @1.2.0 (R, science, devel)
Fast map implementation for R

R-furrr @0.3.1_2 (R, science)
Apply mapping functions in parallel using futures

R-FuzzyM @0.1.0_1 (R, science)
Fuzzy cognitive maps operations

R-GenBinomApps @1.2.1_1 (R, science, math)
Clopper–Pearson confidence interval and generalized Binomial distribution

R-gggenes @0.5.1_1 (R, science, graphics)
R-ggplot2 extension extension for drawing gene arrow maps

R-ggmap @4.0.0_1 (R, science, gis, graphics)
Spatial visualization with R-ggplot2

R-heatmaply @1.5.0_1 (R, science, graphics)
Interactive cluster heat maps using plotly and ggplot2

R-intamap @1.5-7_1 (R, science, math)
Procedures for automated interpolation

R-intmap @1.0.0_2 (R, science, devel)
Ordered containers with integer keys

R-kohonen @3.0.12_1 (R, science)
Supervised and unsupervised self-organising maps

R-leaflet @2.2.2_1 (R, science)
Create and customize interactive maps

R-manynet @1.3.2 (R, science, math)
Many ways to make, manipulate and map myriad networks

R-MAPA @2.0.7_1 (R, science, math)
Multiple Aggregation Prediction Algorithm

R-mapdata @2.3.1_1 (R, science, gis)
Supplement to maps package, providing some larger and/or higher-resolution databases

R-mapproj @1.2.11_2 (R, science)
Map Projections

R-maps @3.4.2.1 (R, science, gis)
Draw geographical maps

R-maptiles @0.7.0_1 (R, science, gis)
Download and display map tiles

R-maptools @1.1-8_1 (R, science, gis)
Tools for handling spatial objects

R-maptree @1.4-8_1 (R, science)
Mapping, pruning and graphing tree models

R-mime @0.12_2 (R, science, devel)
Map filenames to MIME types

R-mmapcharr @0.3.0 (R, science)
Memory-map character files

R-mRpostman @1.1.4 (R, science, mail)
IMAP client for R

R-pals @1.9 (R, science)
Color palettes, colormaps and tools to evaluate them

R-parallelMap @1.5.1_2 (R, science, devel)
Unified interface to parallelization back-ends

R-pheatmap @1.0.12_1 (R, science)
Implementation of heatmaps that offers more control over dimensions and appearance

R-pixmap @0.4-13 (R, science, graphics)
Functions for import, export, plotting and other manipulations of bitmapped images

R-plot.matrix @1.6.2_1 (R, science, graphics)
Visualize a matrix object plainly as heatmap

R-procmaps @0.0.5.9003_2 (R, science, devel)
Portable address space mapping

R-qmap @1.0-4_1 (R, science, math)
Statistical transformations for post-processing climate model output

R-qtl2 @0.36 (R, science)
Quantitative trait locus mapping in experimental crosses

R-RcppColors @0.6.0_1 (R, science)
C++ header files for color conversion and color mappings

R-rDppDiversity @0.0.2_2 (R, science, math)
Subset searching algorithm using DPP greedy map

R-readbitmap @0.1.5_2 (R, science, graphics)
Simple unified interface to read bitmap images (BMP, JPEG, PNG, TIFF)

R-remMap @0.2-0_1 (R, science, math)
Regularized multivariate regression for identifying master predictors

R-reproj @0.7.0 (R, science, gis)
Coordinate system transformations for generic map data

R-RgoogleMaps @1.5.1_1 (R, science, gis)
Overlays on static maps

R-rmio @0.4.0_2 (R, science, devel)
Cross-platform C++11 header-only library for memory-mapped file IO

R-RMVL @1.1.0.1 (R, science, math)
Mappable vector library for handling large datasets

R-rnaturalearth @1.0.1_1 (R, science, gis)
World map data from Natural Earth

R-Rsomoclu @1.7.6_1 (R, science)
Somoclu is a massively parallel implementation of self-organizing maps

R-rsvg @2.6.1 (R, science, graphics)
Render SVG images into PDF, PNG, EPS or Bitmap

R-scico @1.5.0_1 (R, science)
Palettes for R based on the scientific color-maps

R-semaphore @1.0.2 (R, science, devel)
Shared memory atomic operations

R-slippymath @0.3.1_1 (R, science)
Slippy map tile tools

R-som @0.3-5.2 (R, science)
Self-Organizing Map

R-text2map @0.2.0_1 (R, science, textproc)
R tools for text matrices, embeddings and networks

R-treemapify @2.5.6_1 (R, science, graphics)
Draw treemaps in R-ggplot2

R-umap @0.2.10.0_2 (R, science, math)
Uniform manifold approximation and projection

R-uwot @0.2.2_1 (R, science, math)
Uniform manifold approximation and projection (umap) method for dimensionality reduction

R-viridis @0.6.5_1 (R, science)
Colorblind-friendly color maps for R

R-viridisLite @0.4.2_1 (R, science, graphics)
Colorblind-friendly color maps (lite version)

R-xLLiM @2.3_1 (R, science, math)
High-dimensional locally-linear mapping

rb-lafcadio @0.9.5 (ruby, databases)
Lafcadio is an object-relational mapping layer for Ruby and MySQL.

readosm @1.1.0a (devel, gis)
A library for extracting Open Stream Map (OSM) files

robin-map @0.6.3 (devel)
C++ implementation of a fast hash map and hash set using robin hood hashing

routino @3.3.2 (gis)
Route planner for OpenStreetMap data

scale2x @4.0 (graphics)
utility to increase the size of small bitmaps

scotty @3.0.0_9 (net)
Network management extensions to Tcl that enables TCP/UDP connections, DNS queries, and SNMP. The graphical network mapper tkined is also included.

setxkbmap @1.3.2 (x11)
Set the keyboard using the X11 keyboard extension

shenidam @1.0_3 (multimedia)
Lightweight audio mapping software for AV footage

sitemap_gen @1.5_1 (www, python)
sitecopy website maintenance utility

sparsehash @2.0.4 (devel)
An extremely memory-efficient hash_map implementation

sqlmap @1.10 (security, databases, python)
Automatic SQL injection and database takeover tool

squirrelmail @1.4.22 (www, mail, php)
A webmail system which accesses mail over IMAP

tempo @1.1.4_1 (science)
TEMPO (Topographic Eeg Mapping PrOgram)

tiled @0.9.1 (devel, games, aqua)
general purpose tile map editor

tilemaker @3.0.0_1 (gis)
Make OpenStreetMap vector tiles without the stack

tophat @2.1.2_3 (science, biology)
a fast splice junction mapper for RNA-Seq reads

trojita @0.7 (mail)
Fast and lightweight Qt IMAP e-mail client

weightwatcher @1.12 (science)
Astronomical software that produces control maps.

xbitmaps @1.1.2 (x11, graphics)
Bitmaps that are shared between X applications

xmodmap @1.0.10 (x11)
Modify keymaps and pointer button mappings in X11

xpdf-arabic @2003-feb-16 (graphics, print)
Xpdf character mapping for Arabic

xpdf-chinese-simplified @2004-jul-27 (graphics, print)
Xpdf character mapping for simplified Chinese

xpdf-chinese-traditional @2004-jul-27 (graphics, print)
Xpdf character mapping for traditional Chinese

xpdf-cyrillic @2003-jun-28 (graphics, print)
Xpdf character mapping for Cyrillic

xpdf-greek @2003-jun-28 (graphics, print)
Xpdf character mapping for Greek

xpdf-hebrew @2003-feb-16 (graphics, print)
Xpdf character mapping for Hebrew

xpdf-japanese @2004-jul-27 (graphics, print)
Xpdf character mapping for Japanese

xpdf-korean @2005-jul-07 (graphics, print)
Xpdf character mapping for Korean

xpdf-latin2 @2002-oct-22 (graphics, print)
Xpdf character mapping for latin2

xpdf-thai @2002-jan-16 (graphics, print)
Xpdf character mapping for Thai

xpdf-turkish @2002-apr-10 (graphics, print)
Xpdf character mapping for Turkish

xpm @3.5.17 (x11, devel, graphics)
The X Pixmap Library

xstdcmap @1.0.4 (x11)
X11 standard colormap utility

zenmap @7.97 (net, python)
GUI for nmap

zmap @4.3.4 (net)
ZMap is a fast network scanner

Found 378 ports.
