py-skyfield @1.54 (python)
Skyfield is a pure-Python astronomy package that makes it easy to generate high precision research-grade positions for planets and Earth satellites.

py-skyfield-data @7.0.0 (python)
Data files for py-skyfield

py310-skyfield @1.54 (python)
Skyfield is a pure-Python astronomy package that makes it easy to generate high precision research-grade positions for planets and Earth satellites.

py310-skyfield-data @7.0.0 (python)
Data files for py-skyfield

py311-skyfield @1.54 (python)
Skyfield is a pure-Python astronomy package that makes it easy to generate high precision research-grade positions for planets and Earth satellites.

py311-skyfield-data @7.0.0 (python)
Data files for py-skyfield

py312-skyfield @1.54 (python)
Skyfield is a pure-Python astronomy package that makes it easy to generate high precision research-grade positions for planets and Earth satellites.

py312-skyfield-data @7.0.0 (python)
Data files for py-skyfield

py313-skyfield @1.54 (python)
Skyfield is a pure-Python astronomy package that makes it easy to generate high precision research-grade positions for planets and Earth satellites.

py313-skyfield-data @7.0.0 (python)
Data files for py-skyfield

py314-skyfield @1.54 (python)
Skyfield is a pure-Python astronomy package that makes it easy to generate high precision research-grade positions for planets and Earth satellites.

py314-skyfield-data @7.0.0 (python)
Data files for py-skyfield

qrupdate @1.1.2_7 (math)
library for fast updates of QR and Cholesky decompositions

R-CholWishart @1.1.4 (R, science, math)
Cholesky decomposition of the Wishart distribution

R-SparseChol @0.3.2 (R, science, math)
Sparse Cholesky LDL decomposition of symmetric matrices

rebels-in-the-sky @1.5.6 (games)
A P2P terminal game about space pirates playing basketball across the galaxy

skymaker @3.10.5 (science)
SkyMaker is a program that simulates astronomical images.

skypipe @0.2 (net, devel)
Skypipe lets you pipe data across sessions and machines.

Found 18 ports.
