blaspp @2024.10.26 (math, science)
C++ API for the Basic Linear Algebra Subroutines

bzr-svn @1.2.2 (devel, python)
Plugin that allows direct access to Subversion repositories

cargo-asm @0.1.13 (devel)
cargo subcommand showing the assembly or llvm-ir generated for Rust code

chgrep @1.2.4_1 (sysutils)
Fast string substitution across multiple files

cidr @2.3.2_1 (net)
RFC 1878 subnet helper

cl-xsubseq @20170803 (lisp, devel)
Efficient way to use "subseq"s in Common Lisp

colorsvn @0.3.3_3 (textproc)
colorsvn is the Subversion output colorizer

coolprop-if97 @2.1.3 (science)
Implementation of the IF97 formulation for the properties of pure water substance.

cvs2svn @2.5.0 (devel, python)
Tool for converting from CVS to subversion

git-review @2.4.0 (devel, python)
Tool to submit code to Gerrit

insub @13.0 (irc)
extra cowsay cows and irssi script

isrcsubmit @2.1.0 (audio, devel, python)
Utility to extract ISRCs from audio CDs and submit them to MusicBrainz

kdesvn @1.6.0_4 (kde, kde4)
KDE4 subversion frontend

kochi-substitute @20030809_1 (x11, fonts)
Free Japanese TrueType fonts named 'Kochi Mincho' and 'Kochi Gothic'

lastfmsubmitd @0.35_1 (audio)
LastFM Music Submitter

lastmp @0.35_1 (audio)
LastFM Music Submitter for MPD

libass @0.17.4 (multimedia)
Subtitle renderer for the ASS/SSA subtitle format

libass-devel @2024.10.14 (multimedia)
Subtitle renderer for the ASS/SSA subtitle format

libiio @0.24_3 (science, comms)
libiio is used to interface to the Industrial Input/Output (IIO) Subsystem

libomp @21.1.7 (lang)
The OpenMP subproject of LLVM

libpipeline @1.5.8 (devel)
C library for manipulating pipelines of subprocesses.

loli @2016.07.01_1 (lang)
LoLi is another approach to System F-sub in a LISPy way

memtester @4.7.1 (sysutils)
A userspace utility for testing the memory subsystem for faults.

mp4ff @0.33.2 (multimedia)
Tools for parsing and writing MP4 files including video, audio and subtitles.

mpstats @0.3 (sysutils, macports)
submit statistics about your macports installation

ocaml-mpi @1.01_7 (science, devel, ocaml)
Caml bindings for a large subset of MPI functions

ocaml-textutils_kernel @0.16.0_1 (ocaml, textproc)
The subset of textutils using only core_kernel and working in JavaScript

octave-geographiclib @2.5 (octave, math, science)
Native Octave/MATLAB implementations of a subset of the C++ library, GeographicLib.

octave-pool @1.2.3 (octave, math, science)
Parallel computing with independent job submission for Octave.

opensubdiv @3.4.4_2 (graphics)
subdivision surface library

p5-alien-base-modulebuild @1.170.0 (perl)
Alien::Base::ModuleBuild - A Module::Build subclass for building Alien:: modules and their libraries

p5-app-svn-bisect @1.100.0 (perl)
Subversion bisect tool

p5-astro-fits-cfitsio @1.180.0 (perl)
Interface to William Pence's cfitsio subroutine library

p5-context-preserve @0.30.0 (perl)
Context::Preserve - Run code after a subroutine call, preserving the context the subroutine would have seen if it were the last statement in the caller

p5-cpan-meta-yaml @0.20.0 (perl)
CPAN::Meta::YAML - Read and write a subset of YAML for CPAN Meta files

p5-data-dumper-concise @2.23.0 (perl)
Less indentation and newlines plus sub deparsing

p5-datetime-hires @0.40.0 (perl)
DateTime::HiRes - Create DateTime objects with sub-second current time resolution

p5-encode-detect @1.10.0_4 (perl)
Encode-Encoding subclass that detects the encoding of data

p5-exporter-tiny @1.6.3 (perl)
Exporter::Tiny - an exporter with the features of Sub::Exporter but only core dependencies

p5-extutils-f77 @1.260.0_1 (perl)
Helper for linking C with Fortran subroutines

p5-function-parameters @2.2.6 (perl)
Function::Parameters - define functions and methods with parameter lists (subroutine signatures)

p5-future-asyncawait @0.710.0 (perl)
Future::AsyncAwait - deferred subroutine syntax for futures

p5-hook-lexwrap @0.260.0 (perl)
Lexically scoped subroutine wrappers

p5-inline @0.870.0 (perl)
Inline - Write Perl Subroutines in Other Programming Languages

p5-inline-c @0.820.0 (perl)
Inline::C Write Perl Subroutines in C

p5-io-captureoutput @1.110.500 (perl)
IO::CaptureOutput - (DEPRECATED) capture STDOUT and STDERR from Perl code, subprocesses or XS

p5-ipc-run3 @0.49.0 (perl)
Run a subprocess in batch mode (a la system) on Unix, Win32, etc.

p5-log-any-adapter-callback @0.102.0 (perl)
Log::Any::Adapter::Callback - (DEPRECATED) Send Log::Any logs to a subroutine.

p5-lwpx-paranoidagent @1.120.0 (perl)
LWPx::ParanoidAgent - subclass of LWP::UserAgent that protects you from harm

p5-module-find @0.170.0 (perl)
Module::Find - Find and use installed modules in a (sub)category

p5-moosex-nonmoose @0.270.0 (perl)
MooseX::NonMoose - easy subclassing of non-Moose classes

p5-netaddr-ip @4.79.0 (perl, net)
Manages IPv4 and IPv6 addresses and subnets

p5-params-validationcompiler @0.310.0 (perl)
Params::ValidationCompiler - Build an optimized subroutine parameter validator once, use it forever

p5-pgplot @2.350.0 (perl)
PGPLOT - allow subroutines in the PGPLOT graphics library to be called from Perl.

p5-pod-elemental-makeselector @0.120.0 (perl)
Pod::Elemental::MakeSelector - Build complex selectors as a single sub

p5-scalar-list-utils @1.700.0 (perl)
Scalar::List::Utils - A distribution of general-utility subroutines

p5-string-ediff @0.90.0_1 (perl)
Produce common sub-string indices for two strings

p5-sub-delete @1.0.30 (perl)
Sub::Delete - Perl module enabling one to delete subroutines

p5-sub-exporter @0.991.0 (perl)
a sophisticated exporter for custom-built routines

p5-sub-exporter-formethods @0.100.55 (perl)
Sub::Exporter::ForMethods - helper routines for using Sub::Exporter to build methods

p5-sub-exporter-globexporter @0.6.0 (perl)
Sub::Exporter::GlobExporter - export shared globs with Sub::Exporter collectors

p5-sub-exporter-progressive @0.1.13 (perl)
Sub::Exporter::Progressive - Only use Sub::Exporter if you need it.

p5-sub-handlesvia @0.53.5 (perl)
Sub::HandlesVia - alternative handles_via implementation

p5-sub-handlesvia-xs @0.3.3 (perl)
Sub::HandlesVia::XS - XS parts for Sub::HandlesVia; no user-serviceable parts inside

p5-sub-identify @0.140.0 (perl)
Retrieve names of code references

p5-sub-info @0.2.0 (perl)
Sub::Info - Tool for inspecting subroutines

p5-sub-install @0.929.0 (perl)
install subroutines into packages easily

p5-sub-name @0.280.0 (perl)
Sub::Name - (Re)name a sub

p5-sub-override @0.120.0 (perl)
Sub::Override - Perl extension for easily overriding subroutines

p5-sub-quote @2.6.9 (perl)
Sub::Quote - efficient generation of subroutines via string eval

p5-sub-uplevel @0.280.0 (perl)
Apparently run a function in a higher stack frame

p5-svn-dump @0.80.0 (perl)
A Perl interface to Subversion dumps

p5-svn-mirror @0.750.0_4 (perl)
This is a Perl extension for mirroring a remote repository to a local subversion one.

p5-svn-notify @2.870.0 (perl)
Subversion activity notification

p5-syntax-keyword-multisub @0.50.0 (perl)
Syntax::Keyword::MultiSub - multiple dispatch on subroutines

p5-test-api @0.10.0 (perl)
Test::API - Test a list of subroutines provided by a module

p5-test-mockmodule @0.180.0 (perl)
Test::MockModule - Override subroutines in a module for unit testing

p5-test-subcalls @1.100.0 (perl)
Track the number of times subs are called

p5-test-www-mechanize @1.600.0 (perl)
Testing-specific WWW::Mechanize subclass

p5-tie-refhash-weak @0.90.0 (perl)
Tie::RefHash::Weak - A Tie::RefHash subclass with weakened references in the keys

p5-unix-syslog @1.100.0_3 (perl)
Access to the Unix system logger via Perl's XSUBs

p5-variable-ondestruct @0.90.0 (perl)
Variable::OnDestruct - Call a subroutine on destruction of a variable.

p5-xml-tiny @2.70.0 (perl)
XML::Tiny is a simple lightweight parser for a subset of XML

p5-xml-validator-schema @1.100.0_1 (perl, textproc)
validate XML against a subset of W3C XML Schema

p5-xs-parse-sublike @0.410.0 (perl)
XS::Parse::Sublike - XS functions to assist in parsing sub-like syntax

p5.28-alien-base-modulebuild @1.170.0 (perl)
Alien::Base::ModuleBuild - A Module::Build subclass for building Alien:: modules and their libraries

p5.28-app-svn-bisect @1.100.0 (perl)
Subversion bisect tool

p5.28-astro-fits-cfitsio @1.180.0 (perl)
Interface to William Pence's cfitsio subroutine library

p5.28-context-preserve @0.30.0 (perl)
Context::Preserve - Run code after a subroutine call, preserving the context the subroutine would have seen if it were the last statement in the caller

p5.28-cpan-meta-yaml @0.20.0 (perl)
CPAN::Meta::YAML - Read and write a subset of YAML for CPAN Meta files

p5.28-data-dumper-concise @2.23.0 (perl)
Less indentation and newlines plus sub deparsing

p5.28-datetime-hires @0.40.0 (perl)
DateTime::HiRes - Create DateTime objects with sub-second current time resolution

p5.28-encode-detect @1.10.0_4 (perl)
Encode-Encoding subclass that detects the encoding of data

p5.28-exporter-tiny @1.6.3 (perl)
Exporter::Tiny - an exporter with the features of Sub::Exporter but only core dependencies

p5.28-extutils-f77 @1.260.0_1 (perl)
Helper for linking C with Fortran subroutines

p5.28-function-parameters @2.2.6 (perl)
Function::Parameters - define functions and methods with parameter lists (subroutine signatures)

p5.28-future-asyncawait @0.710.0 (perl)
Future::AsyncAwait - deferred subroutine syntax for futures

p5.28-hook-lexwrap @0.260.0 (perl)
Lexically scoped subroutine wrappers

p5.28-inline @0.870.0 (perl)
Inline - Write Perl Subroutines in Other Programming Languages

p5.28-inline-c @0.820.0 (perl)
Inline::C Write Perl Subroutines in C

p5.28-io-captureoutput @1.110.500 (perl)
IO::CaptureOutput - (DEPRECATED) capture STDOUT and STDERR from Perl code, subprocesses or XS

p5.28-ipc-run3 @0.49.0 (perl)
Run a subprocess in batch mode (a la system) on Unix, Win32, etc.

p5.28-log-any-adapter-callback @0.102.0 (perl)
Log::Any::Adapter::Callback - (DEPRECATED) Send Log::Any logs to a subroutine.

p5.28-lwpx-paranoidagent @1.120.0 (perl)
LWPx::ParanoidAgent - subclass of LWP::UserAgent that protects you from harm

p5.28-module-find @0.170.0 (perl)
Module::Find - Find and use installed modules in a (sub)category

p5.28-moosex-nonmoose @0.270.0 (perl)
MooseX::NonMoose - easy subclassing of non-Moose classes

p5.28-netaddr-ip @4.79.0 (perl, net)
Manages IPv4 and IPv6 addresses and subnets

p5.28-params-validationcompiler @0.310.0 (perl)
Params::ValidationCompiler - Build an optimized subroutine parameter validator once, use it forever

p5.28-pgplot @2.350.0 (perl)
PGPLOT - allow subroutines in the PGPLOT graphics library to be called from Perl.

p5.28-pod-elemental-makeselector @0.120.0 (perl)
Pod::Elemental::MakeSelector - Build complex selectors as a single sub

p5.28-scalar-list-utils @1.700.0 (perl)
Scalar::List::Utils - A distribution of general-utility subroutines

p5.28-string-ediff @0.90.0_1 (perl)
Produce common sub-string indices for two strings

p5.28-sub-delete @1.0.30 (perl)
Sub::Delete - Perl module enabling one to delete subroutines

p5.28-sub-exporter @0.991.0 (perl)
a sophisticated exporter for custom-built routines

p5.28-sub-exporter-formethods @0.100.55 (perl)
Sub::Exporter::ForMethods - helper routines for using Sub::Exporter to build methods

p5.28-sub-exporter-globexporter @0.6.0 (perl)
Sub::Exporter::GlobExporter - export shared globs with Sub::Exporter collectors

p5.28-sub-exporter-progressive @0.1.13 (perl)
Sub::Exporter::Progressive - Only use Sub::Exporter if you need it.

p5.28-sub-handlesvia @0.53.5 (perl)
Sub::HandlesVia - alternative handles_via implementation

p5.28-sub-handlesvia-xs @0.3.3 (perl)
Sub::HandlesVia::XS - XS parts for Sub::HandlesVia; no user-serviceable parts inside

p5.28-sub-identify @0.140.0 (perl)
Retrieve names of code references

p5.28-sub-info @0.2.0 (perl)
Sub::Info - Tool for inspecting subroutines

p5.28-sub-install @0.929.0 (perl)
install subroutines into packages easily

p5.28-sub-name @0.280.0 (perl)
Sub::Name - (Re)name a sub

p5.28-sub-override @0.120.0 (perl)
Sub::Override - Perl extension for easily overriding subroutines

p5.28-sub-quote @2.6.9 (perl)
Sub::Quote - efficient generation of subroutines via string eval

p5.28-sub-uplevel @0.280.0 (perl)
Apparently run a function in a higher stack frame

p5.28-svn-dump @0.80.0 (perl)
A Perl interface to Subversion dumps

p5.28-svn-mirror @0.750.0_4 (perl)
This is a Perl extension for mirroring a remote repository to a local subversion one.

p5.28-svn-notify @2.870.0 (perl)
Subversion activity notification

p5.28-syntax-keyword-multisub @0.50.0 (perl)
Syntax::Keyword::MultiSub - multiple dispatch on subroutines

p5.28-test-api @0.10.0 (perl)
Test::API - Test a list of subroutines provided by a module

p5.28-test-mockmodule @0.180.0 (perl)
Test::MockModule - Override subroutines in a module for unit testing

p5.28-test-subcalls @1.100.0 (perl)
Track the number of times subs are called

p5.28-test-www-mechanize @1.600.0 (perl)
Testing-specific WWW::Mechanize subclass

p5.28-tie-refhash-weak @0.90.0 (perl)
Tie::RefHash::Weak - A Tie::RefHash subclass with weakened references in the keys

p5.28-unix-syslog @1.100.0_3 (perl)
Access to the Unix system logger via Perl's XSUBs

p5.28-variable-ondestruct @0.90.0 (perl)
Variable::OnDestruct - Call a subroutine on destruction of a variable.

p5.28-xml-tiny @2.70.0 (perl)
XML::Tiny is a simple lightweight parser for a subset of XML

p5.28-xml-validator-schema @1.100.0_1 (perl, textproc)
validate XML against a subset of W3C XML Schema

p5.28-xs-parse-sublike @0.410.0 (perl)
XS::Parse::Sublike - XS functions to assist in parsing sub-like syntax

p5.30-alien-base-modulebuild @1.170.0 (perl)
Alien::Base::ModuleBuild - A Module::Build subclass for building Alien:: modules and their libraries

p5.30-app-svn-bisect @1.100.0 (perl)
Subversion bisect tool

p5.30-astro-fits-cfitsio @1.180.0 (perl)
Interface to William Pence's cfitsio subroutine library

p5.30-context-preserve @0.30.0 (perl)
Context::Preserve - Run code after a subroutine call, preserving the context the subroutine would have seen if it were the last statement in the caller

p5.30-cpan-meta-yaml @0.20.0 (perl)
CPAN::Meta::YAML - Read and write a subset of YAML for CPAN Meta files

p5.30-data-dumper-concise @2.23.0 (perl)
Less indentation and newlines plus sub deparsing

p5.30-datetime-hires @0.40.0 (perl)
DateTime::HiRes - Create DateTime objects with sub-second current time resolution

p5.30-encode-detect @1.10.0_4 (perl)
Encode-Encoding subclass that detects the encoding of data

p5.30-exporter-tiny @1.6.3 (perl)
Exporter::Tiny - an exporter with the features of Sub::Exporter but only core dependencies

p5.30-extutils-f77 @1.260.0_1 (perl)
Helper for linking C with Fortran subroutines

p5.30-function-parameters @2.2.6 (perl)
Function::Parameters - define functions and methods with parameter lists (subroutine signatures)

p5.30-future-asyncawait @0.710.0 (perl)
Future::AsyncAwait - deferred subroutine syntax for futures

p5.30-hook-lexwrap @0.260.0 (perl)
Lexically scoped subroutine wrappers

p5.30-inline @0.870.0 (perl)
Inline - Write Perl Subroutines in Other Programming Languages

p5.30-inline-c @0.820.0 (perl)
Inline::C Write Perl Subroutines in C

p5.30-io-captureoutput @1.110.500 (perl)
IO::CaptureOutput - (DEPRECATED) capture STDOUT and STDERR from Perl code, subprocesses or XS

p5.30-ipc-run3 @0.49.0 (perl)
Run a subprocess in batch mode (a la system) on Unix, Win32, etc.

p5.30-log-any-adapter-callback @0.102.0 (perl)
Log::Any::Adapter::Callback - (DEPRECATED) Send Log::Any logs to a subroutine.

p5.30-lwpx-paranoidagent @1.120.0 (perl)
LWPx::ParanoidAgent - subclass of LWP::UserAgent that protects you from harm

p5.30-module-find @0.170.0 (perl)
Module::Find - Find and use installed modules in a (sub)category

p5.30-moosex-nonmoose @0.270.0 (perl)
MooseX::NonMoose - easy subclassing of non-Moose classes

p5.30-netaddr-ip @4.79.0 (perl, net)
Manages IPv4 and IPv6 addresses and subnets

p5.30-params-validationcompiler @0.310.0 (perl)
Params::ValidationCompiler - Build an optimized subroutine parameter validator once, use it forever

p5.30-pgplot @2.350.0 (perl)
PGPLOT - allow subroutines in the PGPLOT graphics library to be called from Perl.

p5.30-pod-elemental-makeselector @0.120.0 (perl)
Pod::Elemental::MakeSelector - Build complex selectors as a single sub

p5.30-scalar-list-utils @1.700.0 (perl)
Scalar::List::Utils - A distribution of general-utility subroutines

p5.30-string-ediff @0.90.0_1 (perl)
Produce common sub-string indices for two strings

p5.30-sub-delete @1.0.30 (perl)
Sub::Delete - Perl module enabling one to delete subroutines

p5.30-sub-exporter @0.991.0 (perl)
a sophisticated exporter for custom-built routines

p5.30-sub-exporter-formethods @0.100.55 (perl)
Sub::Exporter::ForMethods - helper routines for using Sub::Exporter to build methods

p5.30-sub-exporter-globexporter @0.6.0 (perl)
Sub::Exporter::GlobExporter - export shared globs with Sub::Exporter collectors

p5.30-sub-exporter-progressive @0.1.13 (perl)
Sub::Exporter::Progressive - Only use Sub::Exporter if you need it.

p5.30-sub-handlesvia @0.53.5 (perl)
Sub::HandlesVia - alternative handles_via implementation

p5.30-sub-handlesvia-xs @0.3.3 (perl)
Sub::HandlesVia::XS - XS parts for Sub::HandlesVia; no user-serviceable parts inside

p5.30-sub-identify @0.140.0 (perl)
Retrieve names of code references

p5.30-sub-info @0.2.0 (perl)
Sub::Info - Tool for inspecting subroutines

p5.30-sub-install @0.929.0 (perl)
install subroutines into packages easily

p5.30-sub-name @0.280.0 (perl)
Sub::Name - (Re)name a sub

p5.30-sub-override @0.120.0 (perl)
Sub::Override - Perl extension for easily overriding subroutines

p5.30-sub-quote @2.6.9 (perl)
Sub::Quote - efficient generation of subroutines via string eval

p5.30-sub-uplevel @0.280.0 (perl)
Apparently run a function in a higher stack frame

p5.30-svn-dump @0.80.0 (perl)
A Perl interface to Subversion dumps

p5.30-svn-mirror @0.750.0_4 (perl)
This is a Perl extension for mirroring a remote repository to a local subversion one.

p5.30-svn-notify @2.870.0 (perl)
Subversion activity notification

p5.30-syntax-keyword-multisub @0.50.0 (perl)
Syntax::Keyword::MultiSub - multiple dispatch on subroutines

p5.30-test-api @0.10.0 (perl)
Test::API - Test a list of subroutines provided by a module

p5.30-test-mockmodule @0.180.0 (perl)
Test::MockModule - Override subroutines in a module for unit testing

p5.30-test-subcalls @1.100.0 (perl)
Track the number of times subs are called

p5.30-test-www-mechanize @1.600.0 (perl)
Testing-specific WWW::Mechanize subclass

p5.30-tie-refhash-weak @0.90.0 (perl)
Tie::RefHash::Weak - A Tie::RefHash subclass with weakened references in the keys

p5.30-unix-syslog @1.100.0_3 (perl)
Access to the Unix system logger via Perl's XSUBs

p5.30-variable-ondestruct @0.90.0 (perl)
Variable::OnDestruct - Call a subroutine on destruction of a variable.

p5.30-xml-tiny @2.70.0 (perl)
XML::Tiny is a simple lightweight parser for a subset of XML

p5.30-xml-validator-schema @1.100.0_1 (perl, textproc)
validate XML against a subset of W3C XML Schema

p5.30-xs-parse-sublike @0.410.0 (perl)
XS::Parse::Sublike - XS functions to assist in parsing sub-like syntax

p5.32-alien-base-modulebuild @1.170.0 (perl)
Alien::Base::ModuleBuild - A Module::Build subclass for building Alien:: modules and their libraries

p5.32-app-svn-bisect @1.100.0 (perl)
Subversion bisect tool

p5.32-astro-fits-cfitsio @1.180.0 (perl)
Interface to William Pence's cfitsio subroutine library

p5.32-context-preserve @0.30.0 (perl)
Context::Preserve - Run code after a subroutine call, preserving the context the subroutine would have seen if it were the last statement in the caller

p5.32-cpan-meta-yaml @0.20.0 (perl)
CPAN::Meta::YAML - Read and write a subset of YAML for CPAN Meta files

p5.32-data-dumper-concise @2.23.0 (perl)
Less indentation and newlines plus sub deparsing

p5.32-datetime-hires @0.40.0 (perl)
DateTime::HiRes - Create DateTime objects with sub-second current time resolution

p5.32-encode-detect @1.10.0_4 (perl)
Encode-Encoding subclass that detects the encoding of data

p5.32-exporter-tiny @1.6.3 (perl)
Exporter::Tiny - an exporter with the features of Sub::Exporter but only core dependencies

p5.32-extutils-f77 @1.260.0_1 (perl)
Helper for linking C with Fortran subroutines

p5.32-function-parameters @2.2.6 (perl)
Function::Parameters - define functions and methods with parameter lists (subroutine signatures)

p5.32-future-asyncawait @0.710.0 (perl)
Future::AsyncAwait - deferred subroutine syntax for futures

p5.32-hook-lexwrap @0.260.0 (perl)
Lexically scoped subroutine wrappers

p5.32-inline @0.870.0 (perl)
Inline - Write Perl Subroutines in Other Programming Languages

p5.32-inline-c @0.820.0 (perl)
Inline::C Write Perl Subroutines in C

p5.32-io-captureoutput @1.110.500 (perl)
IO::CaptureOutput - (DEPRECATED) capture STDOUT and STDERR from Perl code, subprocesses or XS

p5.32-ipc-run3 @0.49.0 (perl)
Run a subprocess in batch mode (a la system) on Unix, Win32, etc.

p5.32-log-any-adapter-callback @0.102.0 (perl)
Log::Any::Adapter::Callback - (DEPRECATED) Send Log::Any logs to a subroutine.

p5.32-lwpx-paranoidagent @1.120.0 (perl)
LWPx::ParanoidAgent - subclass of LWP::UserAgent that protects you from harm

p5.32-module-find @0.170.0 (perl)
Module::Find - Find and use installed modules in a (sub)category

p5.32-moosex-nonmoose @0.270.0 (perl)
MooseX::NonMoose - easy subclassing of non-Moose classes

p5.32-netaddr-ip @4.79.0 (perl, net)
Manages IPv4 and IPv6 addresses and subnets

p5.32-params-validationcompiler @0.310.0 (perl)
Params::ValidationCompiler - Build an optimized subroutine parameter validator once, use it forever

p5.32-pgplot @2.350.0 (perl)
PGPLOT - allow subroutines in the PGPLOT graphics library to be called from Perl.

p5.32-pod-elemental-makeselector @0.120.0 (perl)
Pod::Elemental::MakeSelector - Build complex selectors as a single sub

p5.32-scalar-list-utils @1.700.0 (perl)
Scalar::List::Utils - A distribution of general-utility subroutines

p5.32-string-ediff @0.90.0_1 (perl)
Produce common sub-string indices for two strings

p5.32-sub-delete @1.0.30 (perl)
Sub::Delete - Perl module enabling one to delete subroutines

p5.32-sub-exporter @0.991.0 (perl)
a sophisticated exporter for custom-built routines

p5.32-sub-exporter-formethods @0.100.55 (perl)
Sub::Exporter::ForMethods - helper routines for using Sub::Exporter to build methods

p5.32-sub-exporter-globexporter @0.6.0 (perl)
Sub::Exporter::GlobExporter - export shared globs with Sub::Exporter collectors

p5.32-sub-exporter-progressive @0.1.13 (perl)
Sub::Exporter::Progressive - Only use Sub::Exporter if you need it.

p5.32-sub-handlesvia @0.53.5 (perl)
Sub::HandlesVia - alternative handles_via implementation

p5.32-sub-handlesvia-xs @0.3.3 (perl)
Sub::HandlesVia::XS - XS parts for Sub::HandlesVia; no user-serviceable parts inside

p5.32-sub-identify @0.140.0 (perl)
Retrieve names of code references

p5.32-sub-info @0.2.0 (perl)
Sub::Info - Tool for inspecting subroutines

p5.32-sub-install @0.929.0 (perl)
install subroutines into packages easily

p5.32-sub-name @0.280.0 (perl)
Sub::Name - (Re)name a sub

p5.32-sub-override @0.120.0 (perl)
Sub::Override - Perl extension for easily overriding subroutines

p5.32-sub-quote @2.6.9 (perl)
Sub::Quote - efficient generation of subroutines via string eval

p5.32-sub-uplevel @0.280.0 (perl)
Apparently run a function in a higher stack frame

p5.32-svn-dump @0.80.0 (perl)
A Perl interface to Subversion dumps

p5.32-svn-mirror @0.750.0_4 (perl)
This is a Perl extension for mirroring a remote repository to a local subversion one.

p5.32-svn-notify @2.870.0 (perl)
Subversion activity notification

p5.32-syntax-keyword-multisub @0.50.0 (perl)
Syntax::Keyword::MultiSub - multiple dispatch on subroutines

p5.32-test-api @0.10.0 (perl)
Test::API - Test a list of subroutines provided by a module

p5.32-test-mockmodule @0.180.0 (perl)
Test::MockModule - Override subroutines in a module for unit testing

p5.32-test-subcalls @1.100.0 (perl)
Track the number of times subs are called

p5.32-test-www-mechanize @1.600.0 (perl)
Testing-specific WWW::Mechanize subclass

p5.32-tie-refhash-weak @0.90.0 (perl)
Tie::RefHash::Weak - A Tie::RefHash subclass with weakened references in the keys

p5.32-unix-syslog @1.100.0_3 (perl)
Access to the Unix system logger via Perl's XSUBs

p5.32-variable-ondestruct @0.90.0 (perl)
Variable::OnDestruct - Call a subroutine on destruction of a variable.

p5.32-xml-tiny @2.70.0 (perl)
XML::Tiny is a simple lightweight parser for a subset of XML

p5.32-xml-validator-schema @1.100.0_1 (perl, textproc)
validate XML against a subset of W3C XML Schema

p5.32-xs-parse-sublike @0.410.0 (perl)
XS::Parse::Sublike - XS functions to assist in parsing sub-like syntax

p5.34-alien-base-modulebuild @1.170.0 (perl)
Alien::Base::ModuleBuild - A Module::Build subclass for building Alien:: modules and their libraries

p5.34-app-svn-bisect @1.100.0 (perl)
Subversion bisect tool

p5.34-astro-fits-cfitsio @1.180.0 (perl)
Interface to William Pence's cfitsio subroutine library

p5.34-context-preserve @0.30.0 (perl)
Context::Preserve - Run code after a subroutine call, preserving the context the subroutine would have seen if it were the last statement in the caller

p5.34-cpan-meta-yaml @0.20.0 (perl)
CPAN::Meta::YAML - Read and write a subset of YAML for CPAN Meta files

p5.34-data-dumper-concise @2.23.0 (perl)
Less indentation and newlines plus sub deparsing

p5.34-datetime-hires @0.40.0 (perl)
DateTime::HiRes - Create DateTime objects with sub-second current time resolution

p5.34-encode-detect @1.10.0_4 (perl)
Encode-Encoding subclass that detects the encoding of data

p5.34-exporter-tiny @1.6.3 (perl)
Exporter::Tiny - an exporter with the features of Sub::Exporter but only core dependencies

p5.34-extutils-f77 @1.260.0_1 (perl)
Helper for linking C with Fortran subroutines

p5.34-function-parameters @2.2.6 (perl)
Function::Parameters - define functions and methods with parameter lists (subroutine signatures)

p5.34-future-asyncawait @0.710.0 (perl)
Future::AsyncAwait - deferred subroutine syntax for futures

p5.34-hook-lexwrap @0.260.0 (perl)
Lexically scoped subroutine wrappers

p5.34-inline @0.870.0 (perl)
Inline - Write Perl Subroutines in Other Programming Languages

p5.34-inline-c @0.820.0 (perl)
Inline::C Write Perl Subroutines in C

p5.34-io-captureoutput @1.110.500 (perl)
IO::CaptureOutput - (DEPRECATED) capture STDOUT and STDERR from Perl code, subprocesses or XS

p5.34-ipc-run3 @0.49.0 (perl)
Run a subprocess in batch mode (a la system) on Unix, Win32, etc.

p5.34-log-any-adapter-callback @0.102.0 (perl)
Log::Any::Adapter::Callback - (DEPRECATED) Send Log::Any logs to a subroutine.

p5.34-lwpx-paranoidagent @1.120.0 (perl)
LWPx::ParanoidAgent - subclass of LWP::UserAgent that protects you from harm

p5.34-module-find @0.170.0 (perl)
Module::Find - Find and use installed modules in a (sub)category

p5.34-moosex-nonmoose @0.270.0 (perl)
MooseX::NonMoose - easy subclassing of non-Moose classes

p5.34-netaddr-ip @4.79.0 (perl, net)
Manages IPv4 and IPv6 addresses and subnets

p5.34-params-validationcompiler @0.310.0 (perl)
Params::ValidationCompiler - Build an optimized subroutine parameter validator once, use it forever

p5.34-pgplot @2.350.0 (perl)
PGPLOT - allow subroutines in the PGPLOT graphics library to be called from Perl.

p5.34-pod-elemental-makeselector @0.120.0 (perl)
Pod::Elemental::MakeSelector - Build complex selectors as a single sub

p5.34-scalar-list-utils @1.700.0 (perl)
Scalar::List::Utils - A distribution of general-utility subroutines

p5.34-string-ediff @0.90.0_1 (perl)
Produce common sub-string indices for two strings

p5.34-sub-delete @1.0.30 (perl)
Sub::Delete - Perl module enabling one to delete subroutines

p5.34-sub-exporter @0.991.0 (perl)
a sophisticated exporter for custom-built routines

p5.34-sub-exporter-formethods @0.100.55 (perl)
Sub::Exporter::ForMethods - helper routines for using Sub::Exporter to build methods

p5.34-sub-exporter-globexporter @0.6.0 (perl)
Sub::Exporter::GlobExporter - export shared globs with Sub::Exporter collectors

p5.34-sub-exporter-progressive @0.1.13 (perl)
Sub::Exporter::Progressive - Only use Sub::Exporter if you need it.

p5.34-sub-handlesvia @0.53.5 (perl)
Sub::HandlesVia - alternative handles_via implementation

p5.34-sub-handlesvia-xs @0.3.3 (perl)
Sub::HandlesVia::XS - XS parts for Sub::HandlesVia; no user-serviceable parts inside

p5.34-sub-identify @0.140.0 (perl)
Retrieve names of code references

p5.34-sub-info @0.2.0 (perl)
Sub::Info - Tool for inspecting subroutines

p5.34-sub-install @0.929.0 (perl)
install subroutines into packages easily

p5.34-sub-name @0.280.0 (perl)
Sub::Name - (Re)name a sub

p5.34-sub-override @0.120.0 (perl)
Sub::Override - Perl extension for easily overriding subroutines

p5.34-sub-quote @2.6.9 (perl)
Sub::Quote - efficient generation of subroutines via string eval

p5.34-sub-uplevel @0.280.0 (perl)
Apparently run a function in a higher stack frame

p5.34-svn-dump @0.80.0 (perl)
A Perl interface to Subversion dumps

p5.34-svn-mirror @0.750.0_4 (perl)
This is a Perl extension for mirroring a remote repository to a local subversion one.

p5.34-svn-notify @2.870.0 (perl)
Subversion activity notification

p5.34-syntax-keyword-multisub @0.50.0 (perl)
Syntax::Keyword::MultiSub - multiple dispatch on subroutines

p5.34-test-api @0.10.0 (perl)
Test::API - Test a list of subroutines provided by a module

p5.34-test-mockmodule @0.180.0 (perl)
Test::MockModule - Override subroutines in a module for unit testing

p5.34-test-subcalls @1.100.0 (perl)
Track the number of times subs are called

p5.34-test-www-mechanize @1.600.0 (perl)
Testing-specific WWW::Mechanize subclass

p5.34-tie-refhash-weak @0.90.0 (perl)
Tie::RefHash::Weak - A Tie::RefHash subclass with weakened references in the keys

p5.34-unix-syslog @1.100.0_3 (perl)
Access to the Unix system logger via Perl's XSUBs

p5.34-variable-ondestruct @0.90.0 (perl)
Variable::OnDestruct - Call a subroutine on destruction of a variable.

p5.34-xml-tiny @2.70.0 (perl)
XML::Tiny is a simple lightweight parser for a subset of XML

p5.34-xml-validator-schema @1.100.0_1 (perl, textproc)
validate XML against a subset of W3C XML Schema

p5.34-xs-parse-sublike @0.410.0 (perl)
XS::Parse::Sublike - XS functions to assist in parsing sub-like syntax

pd-faust @0.18 (pure, audio, devel)
a Pd plugin loader which lets you run Faust programs as externals in Pd and dynamically generate Pd GUI subpatches

pdflib @7.0.5p3 (print)
PDFlib Lite (Source Code) is a subset of PDFlib

php-svn @1.0.3 (php, devel)
PHP bindings for Subversion

php53-svn @1.0.3 (php, devel)
PHP bindings for Subversion

php54-svn @1.0.3 (php, devel)
PHP bindings for Subversion

php55-svn @1.0.3 (php, devel)
PHP bindings for Subversion

php56-svn @1.0.3 (php, devel)
PHP bindings for Subversion

py-alagitpull @0.1.0 (python)
Cleverly-named alabaster sub-theme for git-pull projects

py-country @24.6.1 (python)
ISO country, subdivision, language, currency and script definitions and their translations

py-hgsubversion @1.9.3 (python, devel)
hgsubversion is a Mercurial extension for working with Subversion (svn) repositories.

py-holidays @0.84 (python)
Generate country-, subdivision-, and market-specific holiday sets.

py-lazy_loader @0.4 (python)
load subpackages and functions on demand

py-poetry-plugin-shell @1.0.1 (python)
Poetry plugin to run subshell with virtual environment activated

py-ptyprocess @0.7.0_1 (python, devel)
Run a subprocess in a pseudo terminal

py-pypubsub @4.0.3 (python, devel)
Python Publish-Subscribe Package

py-pysvn @1.9.22 (python, devel)
Python Subversion Extension (pysvn)

py-pytest-forked @1.6.0 (python, devel)
run tests in isolated forked subprocesses

py-pytest-subtests @0.13.1 (python, devel)
unittest subTest() support and subtests fixture.

py-scikit-hep-mplhep_data @0.0.3 (python)
Sub-package to hold data (fonts) for mplhep.

py-sh @2.2.2 (python, devel)
A full-fledged subprocess interface for Python

py-subprocess-tee @0.4.2 (python)
A subprocess.run that works like tee

py-subprocess32 @3.5.4 (python, devel)
Backport of the subprocess module from Python 3.2-3.5

py-subvertpy @0.10.1 (python, devel)
Alternative Python bindings for Subversion (svn)

py-tempita @0.5.2 (python)
Tempita is a small templating language for text substitution.

py-tldextract @5.3.1 (python, net)
tldextract accurately separates the gTLD or ccTLD (generic or country code top-level domain) from the registered domain and subdomains of a URL.

py-uc-micro-py @1.0.3 (python)
Micro subset of unicode data files for linkify-it-py projects.

py27-hgsubversion @1.9.3 (python, devel)
hgsubversion is a Mercurial extension for working with Subversion (svn) repositories.

py27-pysvn @1.9.22 (python, devel)
Python Subversion Extension (pysvn)

py27-subprocess32 @3.5.4 (python, devel)
Backport of the subprocess module from Python 3.2-3.5

py27-subvertpy @0.10.1 (python, devel)
Alternative Python bindings for Subversion (svn)

py27-tempita @0.5.2 (python)
Tempita is a small templating language for text substitution.

py39-ptyprocess @0.7.0_1 (python, devel)
Run a subprocess in a pseudo terminal

py39-pytest-forked @1.6.0 (python, devel)
run tests in isolated forked subprocesses

py39-uc-micro-py @1.0.3 (python)
Micro subset of unicode data files for linkify-it-py projects.

py310-alagitpull @0.1.0 (python)
Cleverly-named alabaster sub-theme for git-pull projects

py310-country @24.6.1 (python)
ISO country, subdivision, language, currency and script definitions and their translations

py310-holidays @0.84 (python)
Generate country-, subdivision-, and market-specific holiday sets.

py310-lazy_loader @0.4 (python)
load subpackages and functions on demand

py310-poetry-plugin-shell @1.0.1 (python)
Poetry plugin to run subshell with virtual environment activated

py310-ptyprocess @0.7.0_1 (python, devel)
Run a subprocess in a pseudo terminal

py310-pysvn @1.9.22 (python, devel)
Python Subversion Extension (pysvn)

py310-pytest-forked @1.6.0 (python, devel)
run tests in isolated forked subprocesses

py310-pytest-subtests @0.13.1 (python, devel)
unittest subTest() support and subtests fixture.

py310-scikit-hep-mplhep_data @0.0.3 (python)
Sub-package to hold data (fonts) for mplhep.

py310-sh @2.2.2 (python, devel)
A full-fledged subprocess interface for Python

py310-subprocess-tee @0.4.2 (python)
A subprocess.run that works like tee

py310-tempita @0.5.2 (python)
Tempita is a small templating language for text substitution.

py310-tldextract @5.3.1 (python, net)
tldextract accurately separates the gTLD or ccTLD (generic or country code top-level domain) from the registered domain and subdomains of a URL.

py310-uc-micro-py @1.0.3 (python)
Micro subset of unicode data files for linkify-it-py projects.

py311-alagitpull @0.1.0 (python)
Cleverly-named alabaster sub-theme for git-pull projects

py311-country @24.6.1 (python)
ISO country, subdivision, language, currency and script definitions and their translations

py311-holidays @0.84 (python)
Generate country-, subdivision-, and market-specific holiday sets.

py311-lazy_loader @0.4 (python)
load subpackages and functions on demand

py311-poetry-plugin-shell @1.0.1 (python)
Poetry plugin to run subshell with virtual environment activated

py311-ptyprocess @0.7.0_1 (python, devel)
Run a subprocess in a pseudo terminal

py311-pysvn @1.9.22 (python, devel)
Python Subversion Extension (pysvn)

py311-pytest-forked @1.6.0 (python, devel)
run tests in isolated forked subprocesses

py311-pytest-subtests @0.13.1 (python, devel)
unittest subTest() support and subtests fixture.

py311-scikit-hep-mplhep_data @0.0.3 (python)
Sub-package to hold data (fonts) for mplhep.

py311-sh @2.2.2 (python, devel)
A full-fledged subprocess interface for Python

py311-subprocess-tee @0.4.2 (python)
A subprocess.run that works like tee

py311-tldextract @5.3.1 (python, net)
tldextract accurately separates the gTLD or ccTLD (generic or country code top-level domain) from the registered domain and subdomains of a URL.

py311-uc-micro-py @1.0.3 (python)
Micro subset of unicode data files for linkify-it-py projects.

py312-alagitpull @0.1.0 (python)
Cleverly-named alabaster sub-theme for git-pull projects

py312-country @24.6.1 (python)
ISO country, subdivision, language, currency and script definitions and their translations

py312-holidays @0.84 (python)
Generate country-, subdivision-, and market-specific holiday sets.

py312-lazy_loader @0.4 (python)
load subpackages and functions on demand

py312-poetry-plugin-shell @1.0.1 (python)
Poetry plugin to run subshell with virtual environment activated

py312-ptyprocess @0.7.0_1 (python, devel)
Run a subprocess in a pseudo terminal

py312-pypubsub @4.0.3 (python, devel)
Python Publish-Subscribe Package

py312-pysvn @1.9.22 (python, devel)
Python Subversion Extension (pysvn)

py312-pytest-forked @1.6.0 (python, devel)
run tests in isolated forked subprocesses

py312-pytest-subtests @0.13.1 (python, devel)
unittest subTest() support and subtests fixture.

py312-scikit-hep-mplhep_data @0.0.3 (python)
Sub-package to hold data (fonts) for mplhep.

py312-sh @2.2.2 (python, devel)
A full-fledged subprocess interface for Python

py312-subprocess-tee @0.4.2 (python)
A subprocess.run that works like tee

py312-tldextract @5.3.1 (python, net)
tldextract accurately separates the gTLD or ccTLD (generic or country code top-level domain) from the registered domain and subdomains of a URL.

py312-uc-micro-py @1.0.3 (python)
Micro subset of unicode data files for linkify-it-py projects.

py313-country @24.6.1 (python)
ISO country, subdivision, language, currency and script definitions and their translations

py313-holidays @0.84 (python)
Generate country-, subdivision-, and market-specific holiday sets.

py313-lazy_loader @0.4 (python)
load subpackages and functions on demand

py313-poetry-plugin-shell @1.0.1 (python)
Poetry plugin to run subshell with virtual environment activated

py313-ptyprocess @0.7.0_1 (python, devel)
Run a subprocess in a pseudo terminal

py313-pytest-forked @1.6.0 (python, devel)
run tests in isolated forked subprocesses

py313-pytest-subtests @0.13.1 (python, devel)
unittest subTest() support and subtests fixture.

py313-scikit-hep-mplhep_data @0.0.3 (python)
Sub-package to hold data (fonts) for mplhep.

py313-sh @2.2.2 (python, devel)
A full-fledged subprocess interface for Python

py313-subprocess-tee @0.4.2 (python)
A subprocess.run that works like tee

py313-tldextract @5.3.1 (python, net)
tldextract accurately separates the gTLD or ccTLD (generic or country code top-level domain) from the registered domain and subdomains of a URL.

py313-uc-micro-py @1.0.3 (python)
Micro subset of unicode data files for linkify-it-py projects.

py314-country @24.6.1 (python)
ISO country, subdivision, language, currency and script definitions and their translations

py314-holidays @0.84 (python)
Generate country-, subdivision-, and market-specific holiday sets.

py314-lazy_loader @0.4 (python)
load subpackages and functions on demand

py314-poetry-plugin-shell @1.0.1 (python)
Poetry plugin to run subshell with virtual environment activated

py314-ptyprocess @0.7.0_1 (python, devel)
Run a subprocess in a pseudo terminal

py314-sh @2.2.2 (python, devel)
A full-fledged subprocess interface for Python

py314-subprocess-tee @0.4.2 (python)
A subprocess.run that works like tee

py314-tldextract @5.3.1 (python, net)
tldextract accurately separates the gTLD or ccTLD (generic or country code top-level domain) from the registered domain and subdomains of a URL.

py314-uc-micro-py @1.0.3 (python)
Micro subset of unicode data files for linkify-it-py projects.

R-anticlust @0.8.7 (R, science, math)
Subset partitioning via anticlustering

R-BCSub @0.5_1 (R, science, math)
Bayesian semi-parametric factor analysis model for subtype identification (clustering)

R-bestglm @0.37.3_1 (R, science, math)
Best subset GLM and regression utilities

R-BranchGLM @3.0.1 (R, science, math)
Efficient and scalable GLM best subset selection

R-bsub @1.1.0_1 (R, science, devel)
Submitter and monitor of the LSF Cluster

R-ChemmineOB @1.42.0 (R, science, bioconductor)
R interface to a subset of OpenBabel functionalities

R-cmprsk @2.2-12 (R, science, math)
Subdistribution analysis of competing risks

R-FitAR @1.94_1 (R, science, math)
Subset AR Model fitting

R-fmcsR @1.46.0 (R, science, bioconductor)
Mismatch-tolerant maximum common substructure searching

R-glmc @0.3-1_1 (R, science, math)
Fitting of generalized linear models subject to constraints

R-gsubfn @0.7_2 (R, science)
Utilities for strings and function arguments

R-inops @0.0.1_2 (R, science)
Infix operators for detection, subsetting and replacement

R-leaps @3.2 (R, science, math)
Regression subset selection

R-LIC @0.0.2_2 (R, science, math)
LIC Criterion for Optimal Subset Selection

R-micEconCES @1.0-2_1 (R, science, math)
Analysis with the constant elasticity of substitution (CES) function

R-mvgb @0.0.6 (R, science, math)
Generate multivariate sub-gaussian stable probabilities using the QRSVN algorithm

R-narray @0.5.1_1 (R, science, devel)
Subset- and name-aware array utility functions

R-Numero @1.9.8 (R, science, math)
Statistical framework to define subgroups in complex datasets

R-PeakSegOptimal @2024.10.1 (R, science)
Optimal segmentation subject to up-down constraints

R-psica @1.0.2_1 (R, science, math)
Decision tree analysis for probabilistic subgroup identification with multiple treatments

R-RationalExp @0.2.2_1 (R, science, economics)
Test of the rational expectations hypothesis based on the marginal distributions of realizations and subjective beliefs

R-rDppDiversity @0.0.2_2 (R, science, math)
Subset searching algorithm using DPP greedy map

R-regRSM @0.5_1 (R, science, math, parallel)
Random subspace method (RSM) for linear regression

R-RMSS @1.1.1_1 (R, science, math)
Robust Multi-Model Subset Selection

R-rprojroot @2.0.4.9007 (R, science, devel)
Finding files in project subdirectories

R-rucrdtw @0.1.6_1 (R, science, math)
R bindings for the UCR suite for fast time series subsequence search

R-sparseinv @0.1.3_1 (R, science, math)
Computation of the sparse inverse subset

R-subplex @1.9 (R, science, math)
Unconstrained optimization using the subplex algorithm

R-subselect @0.15.5_1 (R, science, math)
Selection of variable subsets

R-waspr @1.0.1_1 (R, science, math)
Wasserstein barycenters of subset posteriors

R-WeightSVM @1.7-13_1 (R, science, math)
Subject-weighted support vector machines

rb-public_suffix @6.0.1 (ruby, net)
PublicSuffix can parse and decompose a domain name into top level domain, domain and subdomains

rb-rubytoc @1.0.0.5 (ruby, devel)
Ruby (subset) to C translator

rb-wisper @2.0.1 (ruby)
Micro-library providing objects with publish-subscribe capabilities

rb19-diff-lcs @1.1.2_1 (ruby)
Ruby port of Algorithm::Diff using longest common subsequence

rb31-public_suffix @6.0.1 (ruby, net)
PublicSuffix can parse and decompose a domain name into top level domain, domain and subdomains

rb31-rubytoc @1.0.0.5 (ruby, devel)
Ruby (subset) to C translator

rb31-wisper @2.0.1 (ruby)
Micro-library providing objects with publish-subscribe capabilities

rb32-public_suffix @6.0.1 (ruby, net)
PublicSuffix can parse and decompose a domain name into top level domain, domain and subdomains

rb32-rubytoc @1.0.0.5 (ruby, devel)
Ruby (subset) to C translator

rb32-wisper @2.0.1 (ruby)
Micro-library providing objects with publish-subscribe capabilities

rb33-public_suffix @6.0.1 (ruby, net)
PublicSuffix can parse and decompose a domain name into top level domain, domain and subdomains

rb33-rubytoc @1.0.0.5 (ruby, devel)
Ruby (subset) to C translator

rb33-wisper @2.0.1 (ruby)
Micro-library providing objects with publish-subscribe capabilities

reposurgeon @5.3 (devel)
A tool for editing version-control repositories and translating among different systems. Supports git, bzr, Subversion, darcs, and fossil directly.

scmpc @0.4.1 (audio)
a client for MPD that submits your tracks to last.fm

sipcalc @1.1.6 (net)
An advanced IP subnet calculator

subdownloader @2.0.18 (multimedia)
Automatically download and upload subtitles for videos

subprocess @0.4.0_1 (devel)
Cross-platform subprocess library for C++

subsurface @3.1.1_4 (x11)
Subsurface is an open source dive log program written in C.

subtitleripper @0.3-4_3 (multimedia)
DVD subtitle ripper

subversion @1.14.3 (devel)
subversion (svn) -- a version control system designed to be a better cvs

subversion-javahlbindings @1.14.3 (devel, java)
Java (javahl) bindings for the subversion version control system (svn)

subversion-perlbindings @1.14.3 (devel, perl)
Perl bindings for the subversion version control system (svn)

subversion-perlbindings-5.28 @1.14.3 (devel, perl)
Perl bindings for the subversion version control system (svn)

subversion-perlbindings-5.30 @1.14.3 (devel, perl)
Perl bindings for the subversion version control system (svn)

subversion-perlbindings-5.32 @1.14.3 (devel, perl)
Perl bindings for the subversion version control system (svn)

subversion-perlbindings-5.34 @1.14.3 (devel, perl)
Perl bindings for the subversion version control system (svn)

subversion-python27bindings @1.13.0_1 (devel, python)
Python bindings for the subversion version control system (svn)

subversion-pythonbindings @1.14.3 (devel, python)
Python bindings for the subversion version control system (svn)

subversion-pythonbindings-3.10 @1.14.3 (devel, python)
Python bindings for the subversion version control system (svn)

subversion-pythonbindings-3.11 @1.14.3 (devel, python)
Python bindings for the subversion version control system (svn)

subversion-pythonbindings-3.12 @1.14.3 (devel, python)
Python bindings for the subversion version control system (svn)

subversion-rubybindings @1.14.3 (devel, ruby)
Ruby bindings for the subversion version control system (svn)

svn2cl @0.14 (devel, textproc)
Subversion log to GNU-style ChangeLog

svn2git @1.0.18 (devel)
converts a Subversion repository into one or more Git repositories

svndigest @0.11.1 (devel)
Create statistics of a subversion repository

svndumptool @0.6.1_3 (devel)
tool for processing Subversion dumpfiles

tcl_bonjour @1.1 (net, tcl)
A Tcl package for publishing and subscribing to network services via Bonjour on OS X.

viewvc @1.2.5 (devel, www)
Browser interface for CVS and Subversion

websvn @2.3.3 (www)
web-based Subversion repository viewer in PHP

whatmask @1.2_1 (net)
Easily convert between three common subnet mask notations

zsh-history-substring-search @1.1.0 (sysutils, shells)
Zsh port of Fish shell's history search.

Found 477 ports.
