bat @0.26.1 (textproc)
A cat(1) clone with syntax highlighting and Git integration.

bibclean @2.17 (tex)
BibTeX bibliography prettyprinter and syntax checker

castxml @0.6.13 (lang)
CastXML is a C-family abstract syntax tree XML output tool.

cl-annot @20150606 (lisp, devel)
Python-like Annotation Syntax for Common Lisp

cl-colorize @20241110 (lisp, textproc)
A Syntax Highlighting library

cl-interpol @0.2.7 (lisp, devel)
Common Lisp surface syntax niceties

cl-syntax @20150315 (lisp, devel)
Reader Syntax Coventions for Common Lisp and SLIME

colorer @take5.be5_2 (textproc, devel)
A library that provides source text syntax highlighting services

curl @8.13.0 (net, www)
Tool for transferring files with URL syntax

difftastic @0.67.0 (devel, textproc)
An experimental diff tool that compares files based on their syntax

drill @0.9.0 (net, www)
Drill is an HTTP load testing application written in Rust inspired by Ansible syntax

git-delta @0.18.2_1 (textproc)
A syntax-highlighter for git and diff output

gpp @2.24 (lang)
general-purpose preprocessor with customizable syntax

highlight @4.18 (textproc, devel)
converts source code to formatted text with syntax highlighting

HighlighterKit @0.1 (gnustep)
Syntax highlighting framework

http-prompt @2.1.0_2 (net)
HTTPie + prompt_toolkit = an interactive command-line HTTP client featuring autocomplete and syntax highlighting

jello @1.6.1_1 (sysutils, textproc, python)
Filter JSON and JSON Lines data with Python syntax

jtidy @04aug2000r7 (java, devel, textproc)
Java library for syntax checking and pretty printing HTML

libt3highlight @0.5.0 (devel)
The libt3highlight library provides functions for syntax-highlighting different types of text files.

litecli @1.15.0 (databases, python)
CLI for SQLite Databases with auto-completion and syntax highlighting

mycli @1.31.2 (databases, python)
A Terminal Client for MySQL with AutoCompletion and Syntax Highlighting

nagelfar @1.3.5 (lang)
A Tcl Syntax checker

nanorc @2020.10.10 (editors)
Improved Nano Syntax Highlighting Files

nvimpager @0.13.0 (sysutils)
Using neovim as a pager to view man pages, git diffs, whatnot with neovim's syntax highlighting and mouse support.

ocaml-ppx_bench @0.16.0_1 (ocaml, devel)
Syntax extension for writing in-line benchmarks in OCaml code

ocaml-ppx_import @1.11.0 (ocaml, devel)
A syntax extension for importing declarations from interface files

ocaml-ppx_inline_test @0.16.1_1 (ocaml, devel)
Syntax extension for writing in-line tests in OCaml code

ocaml-ppx_sexp_conv @0.16.0_1 (ocaml, devel)
ppx syntax extension that generates code for converting OCaml types to and from s-expressions

ocaml-ppx_string @0.16.0_1 (ocaml, devel)
Extension providing a syntax for string interpolation

ocaml-syntax-shims @1.0.0 (ocaml, devel)
Backport new syntax to older OCaml versions

ocaml-visitors @20210608_1 (ocaml, devel)
An OCaml syntax extension for generating visitor classes

p5-b-debug @1.260.0 (perl)
B::Debug - Walk Perl syntax tree, printing debug info about ops

p5-dist-zilla-plugin-test-compile @2.59.0 (perl)
Dist::Zilla::Plugin::Test::Compile - Common tests to check syntax of your modules

p5-feature-compat-class @0.80.0 (perl)
Feature::Compat::Class - make class syntax available

p5-feature-compat-try @0.50.0 (perl)
Feature::Compat::Try - make try/catch syntax available

p5-future-asyncawait @0.710.0 (perl)
Future::AsyncAwait - deferred subroutine syntax for futures

p5-html-tree @5.70.0_1 (perl)
Perl parser that can build HTML syntax trees.

p5-indirect @0.390.0 (perl)
indirect - Lexically warn about using the indirect method call syntax.

p5-moosex-has-sugar @1.0.6 (perl)
MooseX::Has::Sugar - Sugar Syntax for moose 'has' fields

p5-moosex-types-perl @0.101.344 (perl)
MooseX::Types::Perl - Moose types that check against Perl syntax

p5-object-pad @0.823.0 (perl)
Object::Pad - a simple syntax for lexical field-based objects

p5-ppi-html @1.80.0_1 (perl)
PPI::HTML - Generate syntax-highlighted HTML for Perl using PPI

p5-syntax @0.4.0 (perl)
syntax - Activate syntax extensions

p5-syntax-highlight-perl @1.0.0_1 (perl)
Perform syntax highlighting of Perl code

p5-syntax-keyword-defer @0.110.0 (perl)
Syntax::Keyword::Defer - execute code when leaving a block

p5-syntax-keyword-dynamically @0.140.0 (perl)
Syntax::Keyword::Dynamically - dynamically change the value of a variable

p5-syntax-keyword-junction @0.3.9 (perl)
Syntax::Keyword::Junction - Perl6 style Junction operators in Perl5

p5-syntax-keyword-match @0.150.0 (perl)
Syntax::Keyword::Match - a match/case syntax for perl

p5-syntax-keyword-multisub @0.50.0 (perl)
Syntax::Keyword::MultiSub - multiple dispatch on subroutines

p5-syntax-keyword-try @0.310.0 (perl)
Syntax::Keyword::Try - a try/catch/finally syntax for perl

p5-syntax-operator-divides @0.80.0 (perl)
Syntax::Operator::Divides - an infix operator for division test

p5-syntax-operator-equ @0.100.0 (perl)
Syntax::Operator::Equ - equality operators that distinguish undef

p5-syntax-operator-existsor @0.30.0 (perl)
Syntax::Operator::ExistsOr - an infix operator sensitive to hash element existence

p5-syntax-operator-in @0.100.0 (perl)
Syntax::Operator::In - infix element-of-list meta-operator

p5-tcl-ptk @1.110.0 (perl)
Tcl::pTk - Interface to Tcl/Tk with Perl/Tk compatible syntax

p5-test-strict @0.540.0 (perl)
Test::Strict - Check syntax, presence of 'use strict' and test coverage

p5-text-multimarkdown @1.5.0 (perl)
Text::MultiMarkdown - Convert MultiMarkdown syntax to (X)HTML

p5-text-vimcolor @0.290.0 (perl)
syntax color text in HTML or XML using Vim.

p5-xs-parse-keyword @0.490.0 (perl)
XS::Parse::Keyword - XS functions to assist in parsing keyword syntax

p5-xs-parse-sublike @0.410.0 (perl)
XS::Parse::Sublike - XS functions to assist in parsing sub-like syntax

p5.28-b-debug @1.260.0 (perl)
B::Debug - Walk Perl syntax tree, printing debug info about ops

p5.28-dist-zilla-plugin-test-compile @2.59.0 (perl)
Dist::Zilla::Plugin::Test::Compile - Common tests to check syntax of your modules

p5.28-feature-compat-class @0.80.0 (perl)
Feature::Compat::Class - make class syntax available

p5.28-feature-compat-try @0.50.0 (perl)
Feature::Compat::Try - make try/catch syntax available

p5.28-future-asyncawait @0.710.0 (perl)
Future::AsyncAwait - deferred subroutine syntax for futures

p5.28-html-tree @5.70.0_1 (perl)
Perl parser that can build HTML syntax trees.

p5.28-indirect @0.390.0 (perl)
indirect - Lexically warn about using the indirect method call syntax.

p5.28-moosex-has-sugar @1.0.6 (perl)
MooseX::Has::Sugar - Sugar Syntax for moose 'has' fields

p5.28-moosex-types-perl @0.101.344 (perl)
MooseX::Types::Perl - Moose types that check against Perl syntax

p5.28-object-pad @0.823.0 (perl)
Object::Pad - a simple syntax for lexical field-based objects

p5.28-ppi-html @1.80.0_1 (perl)
PPI::HTML - Generate syntax-highlighted HTML for Perl using PPI

p5.28-syntax @0.4.0 (perl)
syntax - Activate syntax extensions

p5.28-syntax-highlight-perl @1.0.0_1 (perl)
Perform syntax highlighting of Perl code

p5.28-syntax-keyword-defer @0.110.0 (perl)
Syntax::Keyword::Defer - execute code when leaving a block

p5.28-syntax-keyword-dynamically @0.140.0 (perl)
Syntax::Keyword::Dynamically - dynamically change the value of a variable

p5.28-syntax-keyword-junction @0.3.9 (perl)
Syntax::Keyword::Junction - Perl6 style Junction operators in Perl5

p5.28-syntax-keyword-match @0.150.0 (perl)
Syntax::Keyword::Match - a match/case syntax for perl

p5.28-syntax-keyword-multisub @0.50.0 (perl)
Syntax::Keyword::MultiSub - multiple dispatch on subroutines

p5.28-syntax-keyword-try @0.310.0 (perl)
Syntax::Keyword::Try - a try/catch/finally syntax for perl

p5.28-syntax-operator-divides @0.80.0 (perl)
Syntax::Operator::Divides - an infix operator for division test

p5.28-syntax-operator-equ @0.100.0 (perl)
Syntax::Operator::Equ - equality operators that distinguish undef

p5.28-syntax-operator-existsor @0.30.0 (perl)
Syntax::Operator::ExistsOr - an infix operator sensitive to hash element existence

p5.28-syntax-operator-in @0.100.0 (perl)
Syntax::Operator::In - infix element-of-list meta-operator

p5.28-tcl-ptk @1.110.0 (perl)
Tcl::pTk - Interface to Tcl/Tk with Perl/Tk compatible syntax

p5.28-test-strict @0.540.0 (perl)
Test::Strict - Check syntax, presence of 'use strict' and test coverage

p5.28-text-multimarkdown @1.5.0 (perl)
Text::MultiMarkdown - Convert MultiMarkdown syntax to (X)HTML

p5.28-text-vimcolor @0.290.0 (perl)
syntax color text in HTML or XML using Vim.

p5.28-xs-parse-keyword @0.490.0 (perl)
XS::Parse::Keyword - XS functions to assist in parsing keyword syntax

p5.28-xs-parse-sublike @0.410.0 (perl)
XS::Parse::Sublike - XS functions to assist in parsing sub-like syntax

p5.30-b-debug @1.260.0 (perl)
B::Debug - Walk Perl syntax tree, printing debug info about ops

p5.30-dist-zilla-plugin-test-compile @2.59.0 (perl)
Dist::Zilla::Plugin::Test::Compile - Common tests to check syntax of your modules

p5.30-feature-compat-class @0.80.0 (perl)
Feature::Compat::Class - make class syntax available

p5.30-feature-compat-try @0.50.0 (perl)
Feature::Compat::Try - make try/catch syntax available

p5.30-future-asyncawait @0.710.0 (perl)
Future::AsyncAwait - deferred subroutine syntax for futures

p5.30-html-tree @5.70.0_1 (perl)
Perl parser that can build HTML syntax trees.

p5.30-indirect @0.390.0 (perl)
indirect - Lexically warn about using the indirect method call syntax.

p5.30-moosex-has-sugar @1.0.6 (perl)
MooseX::Has::Sugar - Sugar Syntax for moose 'has' fields

p5.30-moosex-types-perl @0.101.344 (perl)
MooseX::Types::Perl - Moose types that check against Perl syntax

p5.30-object-pad @0.823.0 (perl)
Object::Pad - a simple syntax for lexical field-based objects

p5.30-ppi-html @1.80.0_1 (perl)
PPI::HTML - Generate syntax-highlighted HTML for Perl using PPI

p5.30-syntax @0.4.0 (perl)
syntax - Activate syntax extensions

p5.30-syntax-highlight-perl @1.0.0_1 (perl)
Perform syntax highlighting of Perl code

p5.30-syntax-keyword-defer @0.110.0 (perl)
Syntax::Keyword::Defer - execute code when leaving a block

p5.30-syntax-keyword-dynamically @0.140.0 (perl)
Syntax::Keyword::Dynamically - dynamically change the value of a variable

p5.30-syntax-keyword-junction @0.3.9 (perl)
Syntax::Keyword::Junction - Perl6 style Junction operators in Perl5

p5.30-syntax-keyword-match @0.150.0 (perl)
Syntax::Keyword::Match - a match/case syntax for perl

p5.30-syntax-keyword-multisub @0.50.0 (perl)
Syntax::Keyword::MultiSub - multiple dispatch on subroutines

p5.30-syntax-keyword-try @0.310.0 (perl)
Syntax::Keyword::Try - a try/catch/finally syntax for perl

p5.30-syntax-operator-divides @0.80.0 (perl)
Syntax::Operator::Divides - an infix operator for division test

p5.30-syntax-operator-equ @0.100.0 (perl)
Syntax::Operator::Equ - equality operators that distinguish undef

p5.30-syntax-operator-existsor @0.30.0 (perl)
Syntax::Operator::ExistsOr - an infix operator sensitive to hash element existence

p5.30-syntax-operator-in @0.100.0 (perl)
Syntax::Operator::In - infix element-of-list meta-operator

p5.30-tcl-ptk @1.110.0 (perl)
Tcl::pTk - Interface to Tcl/Tk with Perl/Tk compatible syntax

p5.30-test-strict @0.540.0 (perl)
Test::Strict - Check syntax, presence of 'use strict' and test coverage

p5.30-text-multimarkdown @1.5.0 (perl)
Text::MultiMarkdown - Convert MultiMarkdown syntax to (X)HTML

p5.30-text-vimcolor @0.290.0 (perl)
syntax color text in HTML or XML using Vim.

p5.30-xs-parse-keyword @0.490.0 (perl)
XS::Parse::Keyword - XS functions to assist in parsing keyword syntax

p5.30-xs-parse-sublike @0.410.0 (perl)
XS::Parse::Sublike - XS functions to assist in parsing sub-like syntax

p5.32-b-debug @1.260.0 (perl)
B::Debug - Walk Perl syntax tree, printing debug info about ops

p5.32-dist-zilla-plugin-test-compile @2.59.0 (perl)
Dist::Zilla::Plugin::Test::Compile - Common tests to check syntax of your modules

p5.32-feature-compat-class @0.80.0 (perl)
Feature::Compat::Class - make class syntax available

p5.32-feature-compat-try @0.50.0 (perl)
Feature::Compat::Try - make try/catch syntax available

p5.32-future-asyncawait @0.710.0 (perl)
Future::AsyncAwait - deferred subroutine syntax for futures

p5.32-html-tree @5.70.0_1 (perl)
Perl parser that can build HTML syntax trees.

p5.32-indirect @0.390.0 (perl)
indirect - Lexically warn about using the indirect method call syntax.

p5.32-moosex-has-sugar @1.0.6 (perl)
MooseX::Has::Sugar - Sugar Syntax for moose 'has' fields

p5.32-moosex-types-perl @0.101.344 (perl)
MooseX::Types::Perl - Moose types that check against Perl syntax

p5.32-object-pad @0.823.0 (perl)
Object::Pad - a simple syntax for lexical field-based objects

p5.32-ppi-html @1.80.0_1 (perl)
PPI::HTML - Generate syntax-highlighted HTML for Perl using PPI

p5.32-syntax @0.4.0 (perl)
syntax - Activate syntax extensions

p5.32-syntax-highlight-perl @1.0.0_1 (perl)
Perform syntax highlighting of Perl code

p5.32-syntax-keyword-defer @0.110.0 (perl)
Syntax::Keyword::Defer - execute code when leaving a block

p5.32-syntax-keyword-dynamically @0.140.0 (perl)
Syntax::Keyword::Dynamically - dynamically change the value of a variable

p5.32-syntax-keyword-junction @0.3.9 (perl)
Syntax::Keyword::Junction - Perl6 style Junction operators in Perl5

p5.32-syntax-keyword-match @0.150.0 (perl)
Syntax::Keyword::Match - a match/case syntax for perl

p5.32-syntax-keyword-multisub @0.50.0 (perl)
Syntax::Keyword::MultiSub - multiple dispatch on subroutines

p5.32-syntax-keyword-try @0.310.0 (perl)
Syntax::Keyword::Try - a try/catch/finally syntax for perl

p5.32-syntax-operator-divides @0.80.0 (perl)
Syntax::Operator::Divides - an infix operator for division test

p5.32-syntax-operator-equ @0.100.0 (perl)
Syntax::Operator::Equ - equality operators that distinguish undef

p5.32-syntax-operator-existsor @0.30.0 (perl)
Syntax::Operator::ExistsOr - an infix operator sensitive to hash element existence

p5.32-syntax-operator-in @0.100.0 (perl)
Syntax::Operator::In - infix element-of-list meta-operator

p5.32-tcl-ptk @1.110.0 (perl)
Tcl::pTk - Interface to Tcl/Tk with Perl/Tk compatible syntax

p5.32-test-strict @0.540.0 (perl)
Test::Strict - Check syntax, presence of 'use strict' and test coverage

p5.32-text-multimarkdown @1.5.0 (perl)
Text::MultiMarkdown - Convert MultiMarkdown syntax to (X)HTML

p5.32-text-vimcolor @0.290.0 (perl)
syntax color text in HTML or XML using Vim.

p5.32-xs-parse-keyword @0.490.0 (perl)
XS::Parse::Keyword - XS functions to assist in parsing keyword syntax

p5.32-xs-parse-sublike @0.410.0 (perl)
XS::Parse::Sublike - XS functions to assist in parsing sub-like syntax

p5.34-b-debug @1.260.0 (perl)
B::Debug - Walk Perl syntax tree, printing debug info about ops

p5.34-dist-zilla-plugin-test-compile @2.59.0 (perl)
Dist::Zilla::Plugin::Test::Compile - Common tests to check syntax of your modules

p5.34-feature-compat-class @0.80.0 (perl)
Feature::Compat::Class - make class syntax available

p5.34-feature-compat-try @0.50.0 (perl)
Feature::Compat::Try - make try/catch syntax available

p5.34-future-asyncawait @0.710.0 (perl)
Future::AsyncAwait - deferred subroutine syntax for futures

p5.34-html-tree @5.70.0_1 (perl)
Perl parser that can build HTML syntax trees.

p5.34-indirect @0.390.0 (perl)
indirect - Lexically warn about using the indirect method call syntax.

p5.34-moosex-has-sugar @1.0.6 (perl)
MooseX::Has::Sugar - Sugar Syntax for moose 'has' fields

p5.34-moosex-types-perl @0.101.344 (perl)
MooseX::Types::Perl - Moose types that check against Perl syntax

p5.34-object-pad @0.823.0 (perl)
Object::Pad - a simple syntax for lexical field-based objects

p5.34-ppi-html @1.80.0_1 (perl)
PPI::HTML - Generate syntax-highlighted HTML for Perl using PPI

p5.34-syntax @0.4.0 (perl)
syntax - Activate syntax extensions

p5.34-syntax-highlight-perl @1.0.0_1 (perl)
Perform syntax highlighting of Perl code

p5.34-syntax-keyword-defer @0.110.0 (perl)
Syntax::Keyword::Defer - execute code when leaving a block

p5.34-syntax-keyword-dynamically @0.140.0 (perl)
Syntax::Keyword::Dynamically - dynamically change the value of a variable

p5.34-syntax-keyword-junction @0.3.9 (perl)
Syntax::Keyword::Junction - Perl6 style Junction operators in Perl5

p5.34-syntax-keyword-match @0.150.0 (perl)
Syntax::Keyword::Match - a match/case syntax for perl

p5.34-syntax-keyword-multisub @0.50.0 (perl)
Syntax::Keyword::MultiSub - multiple dispatch on subroutines

p5.34-syntax-keyword-try @0.310.0 (perl)
Syntax::Keyword::Try - a try/catch/finally syntax for perl

p5.34-syntax-operator-divides @0.80.0 (perl)
Syntax::Operator::Divides - an infix operator for division test

p5.34-syntax-operator-equ @0.100.0 (perl)
Syntax::Operator::Equ - equality operators that distinguish undef

p5.34-syntax-operator-existsor @0.30.0 (perl)
Syntax::Operator::ExistsOr - an infix operator sensitive to hash element existence

p5.34-syntax-operator-in @0.100.0 (perl)
Syntax::Operator::In - infix element-of-list meta-operator

p5.34-tcl-ptk @1.110.0 (perl)
Tcl::pTk - Interface to Tcl/Tk with Perl/Tk compatible syntax

p5.34-test-strict @0.540.0 (perl)
Test::Strict - Check syntax, presence of 'use strict' and test coverage

p5.34-text-multimarkdown @1.5.0 (perl)
Text::MultiMarkdown - Convert MultiMarkdown syntax to (X)HTML

p5.34-text-vimcolor @0.290.0 (perl)
syntax color text in HTML or XML using Vim.

p5.34-xs-parse-keyword @0.490.0 (perl)
XS::Parse::Keyword - XS functions to assist in parsing keyword syntax

p5.34-xs-parse-sublike @0.410.0 (perl)
XS::Parse::Sublike - XS functions to assist in parsing sub-like syntax

pgcli @4.3.0 (databases, python)
Postgres CLI with autocompletion and syntax highlighting

pgFormatter @5.6 (databases, devel, textproc)
PostgreSQL SQL syntax beautifier

php-colorer @0.7_1 (php, devel)
Syntax highlighting

php53-colorer @0.7_1 (php, devel)
Syntax highlighting

py-astroid @4.0.3 (python, devel)
Rebuild a new abstract syntax tree from Python's ast.

py-asttokens @3.0.1 (python, devel)
The asttokens module annotates Python abstract syntax trees (ASTs).

py-pygments @2.19.2 (python, devel)
Python syntax highlighter

py-rfc3987-syntax @1.1.0 (python)
Helper functions to parse and validate the syntax of terms defined in RFC 3987 — the IETF standard for Internationalized Resource Identifiers (IRIs).

py-rstcheck @6.2.5 (python, devel)
Checks syntax of reStructuredText and code blocks nested within it

py-rstcheck-core @1.2.2 (python, devel)
Checks syntax of reStructuredText and code blocks nested within it

py27-pygments @2.5.2 (python, devel)
Python syntax highlighter

py38-pygments @2.19.2 (python, devel)
Python syntax highlighter

py39-asttokens @3.0.1 (python, devel)
The asttokens module annotates Python abstract syntax trees (ASTs).

py39-pygments @2.19.2 (python, devel)
Python syntax highlighter

py310-astroid @4.0.3 (python, devel)
Rebuild a new abstract syntax tree from Python's ast.

py310-asttokens @3.0.1 (python, devel)
The asttokens module annotates Python abstract syntax trees (ASTs).

py310-pygments @2.19.2 (python, devel)
Python syntax highlighter

py310-rfc3987-syntax @1.1.0 (python)
Helper functions to parse and validate the syntax of terms defined in RFC 3987 — the IETF standard for Internationalized Resource Identifiers (IRIs).

py310-rstcheck @6.2.5 (python, devel)
Checks syntax of reStructuredText and code blocks nested within it

py310-rstcheck-core @1.2.2 (python, devel)
Checks syntax of reStructuredText and code blocks nested within it

py311-astroid @4.0.3 (python, devel)
Rebuild a new abstract syntax tree from Python's ast.

py311-asttokens @3.0.1 (python, devel)
The asttokens module annotates Python abstract syntax trees (ASTs).

py311-pygments @2.19.2 (python, devel)
Python syntax highlighter

py311-rfc3987-syntax @1.1.0 (python)
Helper functions to parse and validate the syntax of terms defined in RFC 3987 — the IETF standard for Internationalized Resource Identifiers (IRIs).

py311-rstcheck @6.2.5 (python, devel)
Checks syntax of reStructuredText and code blocks nested within it

py311-rstcheck-core @1.2.2 (python, devel)
Checks syntax of reStructuredText and code blocks nested within it

py312-astroid @4.0.3 (python, devel)
Rebuild a new abstract syntax tree from Python's ast.

py312-asttokens @3.0.1 (python, devel)
The asttokens module annotates Python abstract syntax trees (ASTs).

py312-pygments @2.19.2 (python, devel)
Python syntax highlighter

py312-rfc3987-syntax @1.1.0 (python)
Helper functions to parse and validate the syntax of terms defined in RFC 3987 — the IETF standard for Internationalized Resource Identifiers (IRIs).

py312-rstcheck @6.2.5 (python, devel)
Checks syntax of reStructuredText and code blocks nested within it

py312-rstcheck-core @1.2.2 (python, devel)
Checks syntax of reStructuredText and code blocks nested within it

py313-astroid @4.0.3 (python, devel)
Rebuild a new abstract syntax tree from Python's ast.

py313-asttokens @3.0.1 (python, devel)
The asttokens module annotates Python abstract syntax trees (ASTs).

py313-pygments @2.19.2 (python, devel)
Python syntax highlighter

py313-rfc3987-syntax @1.1.0 (python)
Helper functions to parse and validate the syntax of terms defined in RFC 3987 — the IETF standard for Internationalized Resource Identifiers (IRIs).

py313-rstcheck @6.2.5 (python, devel)
Checks syntax of reStructuredText and code blocks nested within it

py313-rstcheck-core @1.2.2 (python, devel)
Checks syntax of reStructuredText and code blocks nested within it

py314-astroid @4.0.3 (python, devel)
Rebuild a new abstract syntax tree from Python's ast.

py314-asttokens @3.0.1 (python, devel)
The asttokens module annotates Python abstract syntax trees (ASTs).

py314-pygments @2.19.2 (python, devel)
Python syntax highlighter

py314-rfc3987-syntax @1.1.0 (python)
Helper functions to parse and validate the syntax of terms defined in RFC 3987 — the IETF standard for Internationalized Resource Identifiers (IRIs).

py314-rstcheck @6.2.5 (python, devel)
Checks syntax of reStructuredText and code blocks nested within it

py314-rstcheck-core @1.2.2 (python, devel)
Checks syntax of reStructuredText and code blocks nested within it

pyupgrade @3.21.2_1 (python, devel)
A tool to automatically upgrade syntax for newer versions.

QLColorCode @4.1.0_1 (sysutils, aqua)
Quick Look plugin that renders source code with syntax highlighting.

R-downlit @0.4.4 (R, science)
Syntax highlighting and automatic linking

R-highlight @0.5.1_2 (R, science, devel)
Syntax highlighter

R-highr @0.11 (R, science, devel)
Syntax highlighting for R source code

R-kableExtra @1.4.0_1 (R, science)
Construct complex table with kable and pipe syntax

R-mxsem @0.1.0 (R, science, math)
R-lavaan-like syntax for R-OpenMx models

R-tidyft @0.9.20 (R, science)
Fast and memory efficient data operations in tidy syntax

rb-ast @2.4.2 (ruby, devel)
Library for working with Abstract Syntax Trees

rb-coderay @0.9.8 (ruby)
Fast and easy syntax highlighting for selected languages.

rb-mocha @0.9.12 (ruby, devel)
Mocha is a library for mocking and stubbing using a syntax like that of JMock, and SchMock.

rb-rake @13.1.0 (ruby, devel)
Ruby make-like utility using standard Ruby syntax

rb18-rake @0.8.7 (ruby, devel)
Ruby make-like utility using standard Ruby syntax

rb19-mocha @0.9.8 (ruby)
Library for mocking and stubbing using a syntax like that of JMock

rb19-rr @0.10.11 (ruby)
test double framework that features a rich selection of double techniques and a terse syntax.

rb22-rake @13.1.0 (ruby, devel)
Ruby make-like utility using standard Ruby syntax

rb23-rake @13.1.0 (ruby, devel)
Ruby make-like utility using standard Ruby syntax

rb25-rake @13.1.0 (ruby, devel)
Ruby make-like utility using standard Ruby syntax

rb26-rake @13.1.0 (ruby, devel)
Ruby make-like utility using standard Ruby syntax

rb27-rake @13.1.0 (ruby, devel)
Ruby make-like utility using standard Ruby syntax

rb30-rake @13.1.0 (ruby, devel)
Ruby make-like utility using standard Ruby syntax

rb31-ast @2.4.2 (ruby, devel)
Library for working with Abstract Syntax Trees

rb32-ast @2.4.2 (ruby, devel)
Library for working with Abstract Syntax Trees

rb33-ast @2.4.2 (ruby, devel)
Library for working with Abstract Syntax Trees

sdf2-bundle @2.4 (devel)
Package related to the SDF2 syntax defintion formalism.

semgrep @0.14.0 (devel)
Fast and syntax-aware semantic code pattern search for many languages: like grep but for code.

serd @0.30.12 (audio)
lightweight C library for RDF syntax

shellharden @4.3.1 (devel, sysutils)
The corrective bash syntax highlighter

sid @1.10_1 (devel)
Syntax Improving Device: a LL(1) parser generator

slang @1.4.9 (lang)
library that includes a powerful scripting language with a C-like syntax

Smultron @3.6b1 (aqua, editors)
Cocoa text editor with syntax colouring

source-highlight @3.1.9_1 (textproc, devel)
source-code syntax highlighter

sratom @0.6.10 (audio)
library for serialising LV2 atoms to/from RDF, particularly the Turtle syntax

texml @2.0.4 (textproc)
XML syntax for TeX

treecc @0.3.10_1 (devel)
Manages generation of code to handle syntax trees.

typescript @5.9.3 (lang)
TypeScript is JavaScript with syntax for types

vale @3.7.1 (textproc)
A syntax-aware linter for prose built with speed and extensibility in mind.

zsh-syntax-highlighting @0.8.0 (sysutils, shells)
Fish shell-like like syntax highlighting for Zsh.

Found 258 ports.
