binwalk @3.1.0 (cross)
firmware analyzing and reverse engineering tool

binwalk2 @2.4.3_2 (cross)
Binwalk is a fast, easy to use tool for analyzing, reverse engineering, and extracting firmware images

knetwalk @4.14.3_3 (kde, kde4, games)
KNetwalk is a single player logic game.

netwalker-ircc @0.5.0_3 (irc)
A simple, fast IRC client with an ncurses UI.

p5-b-debug @1.260.0 (perl)
B::Debug - Walk Perl syntax tree, printing debug info about ops

p5-padwalker @2.500.0 (perl)
play with other peoples' lexical variables

p5.28-b-debug @1.260.0 (perl)
B::Debug - Walk Perl syntax tree, printing debug info about ops

p5.28-padwalker @2.500.0 (perl)
play with other peoples' lexical variables

p5.30-b-debug @1.260.0 (perl)
B::Debug - Walk Perl syntax tree, printing debug info about ops

p5.30-padwalker @2.500.0 (perl)
play with other peoples' lexical variables

p5.32-b-debug @1.260.0 (perl)
B::Debug - Walk Perl syntax tree, printing debug info about ops

p5.32-padwalker @2.500.0 (perl)
play with other peoples' lexical variables

p5.34-b-debug @1.260.0 (perl)
B::Debug - Walk Perl syntax tree, printing debug info about ops

p5.34-padwalker @2.500.0 (perl)
play with other peoples' lexical variables

py-scandir @1.10.0 (python, devel)
Scandir, a better directory iterator and faster os.walk()

py27-scandir @1.10.0 (python, devel)
Scandir, a better directory iterator and faster os.walk()

R-crawl @2.3.0_1 (R, science)
Fit continuous-time correlated random walk models to animal movement data

R-Rdrw @1.0.2_1 (R, science, math)
Univariate and multivariate damped random walk processes

R-rwc @1.11_1 (R, science, math)
Random Walk Covariance models

R-RWgraph @1.0.0_1 (R, science, math)
Random walks on graphs representing a transactional network

R-walker @1.0.10 (R, science, math)
Bayesian generalized linear models with time-varying coefficients

R-xtranat @0.1.0_2 (R, science, math)
Network metrics based on random walks

voidwalker @0.1.0 (devel)
A GDB toolbox for low-level debugging.

Found 23 ports.
