apache-solr8 @8.11.4 (java, textproc)
An open source enterprise search platform.

apache-solr9 @9.9.0 (java, textproc)
An open source enterprise search platform.

arborx @1.7 (math)
An open-source library designed to provide performance portable algorithms for geometric search

aspectj @1.6.2 (java, lang, devel)
seamless aspect-oriented extension to the Java language

ast-grep @0.40.5 (devel, textproc)
A CLI tool for code structural search, lint and rewriting.

baloo @4.14.3_3 (kde, kde4)
Baloo is a metadata and search framework for KDE.

baloo-widgets @4.14.3_3 (kde, kde4)
Baloo is a metadata and search framework for KDE.

beets-amazon @20210908 (audio)
plugin for beets that lets you search amazon for album-details

cl-clss @20230703 (lisp, devel)
A DOM tree searching engine based on CSS selectors.

cl-montezuma @20170216 (lisp, devel)
Montezuma is a port of the Lucene text search engine library.

clucene @2.3.3.4_3 (devel)
Clucene is a C++ port of Lucene: the high-performance, full-featured text search engine written in Java.

clucene-devel @3025_1 (devel)
the open-source, C++ search engine

codesearch @1.2.0 (devel)
Indexed regular expression-based search

doodle @0.7.3 (sysutils)
Doodle is a tool to quickly search the documents on a computer.

eblook @1.6.1-media-20220426 (textproc, japanese)
Interactive EB interface command for searching words in CD-ROM books.

elasticsearch @7.16.1 (databases, java)
Distributed RESTful search engine built for the cloud

flashbake @0.28.0 (devel, python)
A seamless source control tool for ordinary people

fsearch @0.2.3_4 (sysutils)
FSearch is a fast file search utility

fsql @0.5.2 (sysutils)
Search through your filesystem with SQL-esque queries.

ggc @7.0.5 (devel)
A modern Git CLI tool with both traditional command-line and interactive incremental-search UI.

ghidra @12.0.1 (devel)
A software reverse engineering (SRE) suite of tools developed by NSA's Research Directorate in support of the Cybersecurity mission

glark @1.8.0 (textproc)
Search text files for complex regular expressions

glimpse @4.18.6_1 (textproc)
text search engine

gomodctl @0.5.0 (devel)
Search, Check, and Update Go modules.

gpac @2.4.0_4 (multimedia)
multimedia framework for research and academic purposes

gr37-lora-BastilleResearch @20170713_3 (science, comms)
Provides an open-source implementation of the LoRa CSS PHY.

groonga @13.0.1_1 (databases)
An embeddable fulltext search engine

highlnk @0.2 (sysutils)
searches identical files to hardlink them to save space

hmmer @3.4 (science)
HMMER is used for searching sequence databases for sequence homologs, and for making sequence alignments

holoviews @1.22.1 (science, python)
HoloViews is an open-source Python library designed to make data analysis and visualization seamless and simple.

hyperestraier @1.4.13 (textproc, net)
Hyper Estraier is a full-text search system.

ipatool @2.2.0 (sysutils)
CLI for searching and downloading iOS app packages from the App Store

ipsw @3.1.645 (security, devel)
iOS/macOS Research Swiss Army Knife

jikesrvm @2.3.3 (lang, java, devel)
the Jikes (Java) Research Virtual Machine

kakarot @0.2_1 (textproc, japanese)
a Japanese dependency parser to search the entire tree

kde4-baseapps @4.14.3_6 (kde, kde4)
KDE4 applications and libraries from the base package

krep @1.5.0 (textproc)
A High-Performance String Search Utility

kubeseal @0.29.0 (sysutils, security)
Kubernetes tool for one-way encrypted Secrets

libANN @1.1.2_1 (science, devel)
A Library for Approximate Nearest Neighbor Searching

libfaiss @1.7.3_1 (math)
Efficient similarity search library from Facebook AI Research.

liblightgrep @1.5.0_1 (devel)
Search for regular expressions as defined in Unicode Technical Standard 18

libsphinxclient @2.2.11_1 (textproc, net)
C library to talk to the Sphinx full-text search engine

lookup @1.4-media-20121122_1 (textproc, japanese)
Dictionary search interface for Emacs, including the media patch

lrslib @7.3 (math)
self-contained ANSI C implementation of the reverse search algorithm for vertex enumeration/convex hull problems

LucenePlusPlus @3.0.9 (devel)
High-performance, full-featured text search engine for C++

mairix @0.24 (mail)
Email index and search tool

metasploit2 @2.7_6 (security)
Tools and information for security research and pentesting

metasploit3 @3.0_4 (security)
Tools and information for security research and pentesting

mu @1.12.13 (mail)
Command-line tools to index and search email (aka maildir-utils)

nanoflann @1.7.1 (math, science)
A C++11 header-only library for Nearest Neighbor (NN) search wih KD-trees

ncbi_tools @20120620_1 (science)
Blast is a set of tools for doing nucleotide and protein searches

netselect @0.4 (net)
An ultrafast intelligent parallelizing binary-search implementation of ping

notmuch @0.38.3_1 (mail)
Fast, global-search and tag-based email system

ocrmypdf @16.13.0 (textproc)
ocrmypdf adds an OCR text layer to scanned PDF files, allowing them to be searched

octave-tisean @0.2.3_10 (octave, math, science)
Nonlinear Time Series Analysis

ota @20211019 (archivers)
iOS OTA/PBZX expander/unpacker/lister/searcher

p5-class-dbi-abstractsearch @0.70.0_3 (perl)
Abstract Class::DBI's SQL with SQL::Abstract::Limit

p5-class-isa @0.360.0 (perl)
Class::ISA - report the search path for a class's ISA tree

p5-dbix-searchbuilder @1.820.0 (perl)
Deal with multiple SearchBuilder result sets as one

p5-file-find-rule-perl @1.160.0 (perl)
File::Find::Rule::Perl - Common rules for searching for Perl things

p5-gd-svg @0.330.0_2 (perl)
Perl extension for Seamlessly enabling SVG output from scripts written using GD

p5-lexical-sealrequirehints @0.12.0 (perl)
Lexical::SealRequireHints - prevent leakage of lexical hints

p5-search-elasticsearch @8.120.0 (perl)
Search::Elasticsearch - The official client for Elasticsearch

p5-search-elasticsearch-client-2_0 @6.810.0 (perl)
Thin client with full support for Elasticsearch 2.x APIs

p5-search-elasticsearch-client-5_0 @6.810.0 (perl)
Thin client with full support for Elasticsearch 5.x APIs

p5-search-elasticsearch-client-6_0 @7.717.0 (perl)
Thin client with full support for Elasticsearch 6.x APIs

p5-test-useallmodules @0.170.0 (perl)
do use_ok() for all the MANIFESTed modules

p5-webservice-musicbrainz @1.0.10 (perl)
API to search the musicbrainz.org database

p5-www-search @2.519.0 (perl)
WWW::Search provides access to search engines

p5.28-class-dbi-abstractsearch @0.70.0_3 (perl)
Abstract Class::DBI's SQL with SQL::Abstract::Limit

p5.28-class-isa @0.360.0 (perl)
Class::ISA - report the search path for a class's ISA tree

p5.28-dbix-searchbuilder @1.820.0 (perl)
Deal with multiple SearchBuilder result sets as one

p5.28-file-find-rule-perl @1.160.0 (perl)
File::Find::Rule::Perl - Common rules for searching for Perl things

p5.28-gd-svg @0.330.0_2 (perl)
Perl extension for Seamlessly enabling SVG output from scripts written using GD

p5.28-lexical-sealrequirehints @0.12.0 (perl)
Lexical::SealRequireHints - prevent leakage of lexical hints

p5.28-search-elasticsearch @8.120.0 (perl)
Search::Elasticsearch - The official client for Elasticsearch

p5.28-search-elasticsearch-client-2_0 @6.810.0 (perl)
Thin client with full support for Elasticsearch 2.x APIs

p5.28-search-elasticsearch-client-5_0 @6.810.0 (perl)
Thin client with full support for Elasticsearch 5.x APIs

p5.28-search-elasticsearch-client-6_0 @7.717.0 (perl)
Thin client with full support for Elasticsearch 6.x APIs

p5.28-test-useallmodules @0.170.0 (perl)
do use_ok() for all the MANIFESTed modules

p5.28-webservice-musicbrainz @1.0.10 (perl)
API to search the musicbrainz.org database

p5.28-www-search @2.519.0 (perl)
WWW::Search provides access to search engines

p5.30-class-dbi-abstractsearch @0.70.0_3 (perl)
Abstract Class::DBI's SQL with SQL::Abstract::Limit

p5.30-class-isa @0.360.0 (perl)
Class::ISA - report the search path for a class's ISA tree

p5.30-dbix-searchbuilder @1.820.0 (perl)
Deal with multiple SearchBuilder result sets as one

p5.30-file-find-rule-perl @1.160.0 (perl)
File::Find::Rule::Perl - Common rules for searching for Perl things

p5.30-gd-svg @0.330.0_2 (perl)
Perl extension for Seamlessly enabling SVG output from scripts written using GD

p5.30-lexical-sealrequirehints @0.12.0 (perl)
Lexical::SealRequireHints - prevent leakage of lexical hints

p5.30-search-elasticsearch @8.120.0 (perl)
Search::Elasticsearch - The official client for Elasticsearch

p5.30-search-elasticsearch-client-2_0 @6.810.0 (perl)
Thin client with full support for Elasticsearch 2.x APIs

p5.30-search-elasticsearch-client-5_0 @6.810.0 (perl)
Thin client with full support for Elasticsearch 5.x APIs

p5.30-search-elasticsearch-client-6_0 @7.717.0 (perl)
Thin client with full support for Elasticsearch 6.x APIs

p5.30-test-useallmodules @0.170.0 (perl)
do use_ok() for all the MANIFESTed modules

p5.30-webservice-musicbrainz @1.0.10 (perl)
API to search the musicbrainz.org database

p5.30-www-search @2.519.0 (perl)
WWW::Search provides access to search engines

p5.32-class-dbi-abstractsearch @0.70.0_3 (perl)
Abstract Class::DBI's SQL with SQL::Abstract::Limit

p5.32-class-isa @0.360.0 (perl)
Class::ISA - report the search path for a class's ISA tree

p5.32-dbix-searchbuilder @1.820.0 (perl)
Deal with multiple SearchBuilder result sets as one

p5.32-file-find-rule-perl @1.160.0 (perl)
File::Find::Rule::Perl - Common rules for searching for Perl things

p5.32-gd-svg @0.330.0_2 (perl)
Perl extension for Seamlessly enabling SVG output from scripts written using GD

p5.32-lexical-sealrequirehints @0.12.0 (perl)
Lexical::SealRequireHints - prevent leakage of lexical hints

p5.32-search-elasticsearch @8.120.0 (perl)
Search::Elasticsearch - The official client for Elasticsearch

p5.32-search-elasticsearch-client-2_0 @6.810.0 (perl)
Thin client with full support for Elasticsearch 2.x APIs

p5.32-search-elasticsearch-client-5_0 @6.810.0 (perl)
Thin client with full support for Elasticsearch 5.x APIs

p5.32-search-elasticsearch-client-6_0 @7.717.0 (perl)
Thin client with full support for Elasticsearch 6.x APIs

p5.32-test-useallmodules @0.170.0 (perl)
do use_ok() for all the MANIFESTed modules

p5.32-webservice-musicbrainz @1.0.10 (perl)
API to search the musicbrainz.org database

p5.32-www-search @2.519.0 (perl)
WWW::Search provides access to search engines

p5.34-class-dbi-abstractsearch @0.70.0_3 (perl)
Abstract Class::DBI's SQL with SQL::Abstract::Limit

p5.34-class-isa @0.360.0 (perl)
Class::ISA - report the search path for a class's ISA tree

p5.34-dbix-searchbuilder @1.820.0 (perl)
Deal with multiple SearchBuilder result sets as one

p5.34-file-find-rule-perl @1.160.0 (perl)
File::Find::Rule::Perl - Common rules for searching for Perl things

p5.34-gd-svg @0.330.0_2 (perl)
Perl extension for Seamlessly enabling SVG output from scripts written using GD

p5.34-lexical-sealrequirehints @0.12.0 (perl)
Lexical::SealRequireHints - prevent leakage of lexical hints

p5.34-search-elasticsearch @8.120.0 (perl)
Search::Elasticsearch - The official client for Elasticsearch

p5.34-search-elasticsearch-client-2_0 @6.810.0 (perl)
Thin client with full support for Elasticsearch 2.x APIs

p5.34-search-elasticsearch-client-5_0 @6.810.0 (perl)
Thin client with full support for Elasticsearch 5.x APIs

p5.34-search-elasticsearch-client-6_0 @7.717.0 (perl)
Thin client with full support for Elasticsearch 6.x APIs

p5.34-test-useallmodules @0.170.0 (perl)
do use_ok() for all the MANIFESTed modules

p5.34-webservice-musicbrainz @1.0.10 (perl)
API to search the musicbrainz.org database

p5.34-www-search @2.519.0 (perl)
WWW::Search provides access to search engines

pari-seadata @20090618 (math)
These polynomials were extracted from the ECHIDNA databases and computed by David R. Kohel

pari-seadata-big @20170418 (math)
The third one is huge and contains extra modular polynomials of level between 500 and 800.

pari-seadata-small @20090618 (math)
The second one is a much smaller version that should be suitable for fields up to 350 bits.

pavucontrol @6.0 (audio)
PulseAudio Volume Control

pazpar2 @1.14.1_1 (databases, net, www, devel)
metasearch daemon and server

pdfgrep @2.2.0_1 (textproc)
A tool to search text in PDF files.

php-sphinx @1.3.3 (php, textproc)
PHP bindings for Sphinx full-text search

php53-sphinx @1.3.3 (php, textproc)
PHP bindings for Sphinx full-text search

php54-sphinx @1.3.3 (php, textproc)
PHP bindings for Sphinx full-text search

php55-sphinx @1.3.3 (php, textproc)
PHP bindings for Sphinx full-text search

php56-sphinx @1.3.3 (php, textproc)
PHP bindings for Sphinx full-text search

polymake @4.11_2 (math)
polymake is open source software for research in polyhedral geometry.

pulseaudio @17.0_4 (audio)
A sound server for POSIX OSes

py-acora @2.5 (python, textproc, devel)
Fast multi-keyword search engine for text strings.

py-algopy @0.7.2 (python, math)
AlgoPy is a Research Prototype for Algorithmic Differentation in Python

py-allennlp @2.4.0 (python, textproc)
An open-source NLP research library, built on PyTorch.

py-astlib @0.13.1 (python, science)
python modules for research astronomers

py-dopamine-rl @3.1.10 (python, devel)
A framework for flexible Reinforcement Learning research

py-elasticsearch @9.1.0 (python)
Python client for Elasticsearch

py-elasticsearch-dsl @7.3.0 (python)
Python client for Elasticsearch

py-fairseq @0.12.2 (python)
Facebook AI Research Sequence-to-Sequence Toolkit written in Python.

py-findlibs @0.1.2 (python, science)
A Python package that search for shared libraries on various platforms

py-hypy @1.0.1 (python, textproc)
Fulltext search interface for Python applications

py-photomosaic @2020.06.03 (python, graphics)
Creating fun photomosaics, GIFs, and murals from your family pictures using ML & similarity search

py-pybind11 @3.0.1 (python, devel)
Seamless operability between C++11 and Python.

py-pytorch-lightning @1.6.5 (python)
The lightweight PyTorch wrapper for high-performance AI research.

py-scikit-dsp-comm @2.0.1 (python)
A collection of functions and classes to support signal processing and communications theory teaching and research

py-seaborn @0.13.2 (python, science)
Statistical data visualization library

py-skyfield @1.54 (python)
Skyfield is a pure-Python astronomy package that makes it easy to generate high precision research-grade positions for planets and Earth satellites.

py-tropycal @1.4 (python, science)
Tropycal is a Python package intended to simplify the process of retrieving and analyzing tropical cyclone data, both for past storms and in real time, and is geared towards the research and operational meteorology sectors.

py-whoosh @2.7.4 (python)
Fast pure-Python indexing and search library

py27-pybind11 @2.4.3 (python, devel)
Seamless operability between C++11 and Python.

py39-dopamine-rl @3.1.10 (python, devel)
A framework for flexible Reinforcement Learning research

py39-elasticsearch @9.1.0 (python)
Python client for Elasticsearch

py39-elasticsearch-dsl @7.3.0 (python)
Python client for Elasticsearch

py39-pybind11 @3.0.1 (python, devel)
Seamless operability between C++11 and Python.

py310-acora @2.5 (python, textproc, devel)
Fast multi-keyword search engine for text strings.

py310-algopy @0.7.2 (python, math)
AlgoPy is a Research Prototype for Algorithmic Differentation in Python

py310-allennlp @2.4.0 (python, textproc)
An open-source NLP research library, built on PyTorch.

py310-elasticsearch @9.1.0 (python)
Python client for Elasticsearch

py310-fairseq @0.12.2 (python)
Facebook AI Research Sequence-to-Sequence Toolkit written in Python.

py310-faiss @1.7.3_1 (math, python)
Python 3.10 bindings for Efficient similarity search library from Facebook AI Research.

py310-findlibs @0.1.2 (python, science)
A Python package that search for shared libraries on various platforms

py310-photomosaic @2020.06.03 (python, graphics)
Creating fun photomosaics, GIFs, and murals from your family pictures using ML & similarity search

py310-pybind11 @3.0.1 (python, devel)
Seamless operability between C++11 and Python.

py310-pytorch-lightning @1.6.5 (python)
The lightweight PyTorch wrapper for high-performance AI research.

py310-scikit-dsp-comm @2.0.1 (python)
A collection of functions and classes to support signal processing and communications theory teaching and research

py310-seaborn @0.13.2 (python, science)
Statistical data visualization library

py310-skyfield @1.54 (python)
Skyfield is a pure-Python astronomy package that makes it easy to generate high precision research-grade positions for planets and Earth satellites.

py310-tropycal @1.4 (python, science)
Tropycal is a Python package intended to simplify the process of retrieving and analyzing tropical cyclone data, both for past storms and in real time, and is geared towards the research and operational meteorology sectors.

py310-whoosh @2.7.4 (python)
Fast pure-Python indexing and search library

py311-acora @2.5 (python, textproc, devel)
Fast multi-keyword search engine for text strings.

py311-algopy @0.7.2 (python, math)
AlgoPy is a Research Prototype for Algorithmic Differentation in Python

py311-elasticsearch @9.1.0 (python)
Python client for Elasticsearch

py311-findlibs @0.1.2 (python, science)
A Python package that search for shared libraries on various platforms

py311-pybind11 @3.0.1 (python, devel)
Seamless operability between C++11 and Python.

py311-seaborn @0.13.2 (python, science)
Statistical data visualization library

py311-skyfield @1.54 (python)
Skyfield is a pure-Python astronomy package that makes it easy to generate high precision research-grade positions for planets and Earth satellites.

py311-tropycal @1.4 (python, science)
Tropycal is a Python package intended to simplify the process of retrieving and analyzing tropical cyclone data, both for past storms and in real time, and is geared towards the research and operational meteorology sectors.

py311-whoosh @2.7.4 (python)
Fast pure-Python indexing and search library

py312-acora @2.5 (python, textproc, devel)
Fast multi-keyword search engine for text strings.

py312-algopy @0.7.2 (python, math)
AlgoPy is a Research Prototype for Algorithmic Differentation in Python

py312-elasticsearch @9.1.0 (python)
Python client for Elasticsearch

py312-findlibs @0.1.2 (python, science)
A Python package that search for shared libraries on various platforms

py312-hypy @1.0.1 (python, textproc)
Fulltext search interface for Python applications

py312-pybind11 @3.0.1 (python, devel)
Seamless operability between C++11 and Python.

py312-seaborn @0.13.2 (python, science)
Statistical data visualization library

py312-skyfield @1.54 (python)
Skyfield is a pure-Python astronomy package that makes it easy to generate high precision research-grade positions for planets and Earth satellites.

py312-tropycal @1.4 (python, science)
Tropycal is a Python package intended to simplify the process of retrieving and analyzing tropical cyclone data, both for past storms and in real time, and is geared towards the research and operational meteorology sectors.

py313-algopy @0.7.2 (python, math)
AlgoPy is a Research Prototype for Algorithmic Differentation in Python

py313-astlib @0.13.1 (python, science)
python modules for research astronomers

py313-elasticsearch @9.1.0 (python)
Python client for Elasticsearch

py313-findlibs @0.1.2 (python, science)
A Python package that search for shared libraries on various platforms

py313-pybind11 @3.0.1 (python, devel)
Seamless operability between C++11 and Python.

py313-seaborn @0.13.2 (python, science)
Statistical data visualization library

py313-skyfield @1.54 (python)
Skyfield is a pure-Python astronomy package that makes it easy to generate high precision research-grade positions for planets and Earth satellites.

py313-tropycal @1.4 (python, science)
Tropycal is a Python package intended to simplify the process of retrieving and analyzing tropical cyclone data, both for past storms and in real time, and is geared towards the research and operational meteorology sectors.

py314-algopy @0.7.2 (python, math)
AlgoPy is a Research Prototype for Algorithmic Differentation in Python

py314-findlibs @0.1.2 (python, science)
A Python package that search for shared libraries on various platforms

py314-pybind11 @3.0.1 (python, devel)
Seamless operability between C++11 and Python.

py314-seaborn @0.13.2 (python, science)
Statistical data visualization library

py314-skyfield @1.54 (python)
Skyfield is a pure-Python astronomy package that makes it easy to generate high precision research-grade positions for planets and Earth satellites.

pybind11 @3.0.1 (devel)
Extension modules for pybind11, which provides seamless operability between C++11 and Python

R-archdata @1.2-1_1 (R, science)
Example datasets from archæological research

R-archivist @2.3.8 (R, science, sysutils)
Tools for storing, restoring and searching for R objects

R-bfast @1.7.0 (R, science, economics)
Breaks for Additive Season and Trend in time series

R-blindreview @2.0.0_1 (R, science)
Blind review using forward search procedures

R-cherry @0.6-14_1 (R, science)
Multiple testing methods for exploratory research

R-clusterSim @0.51-5 (R, science, math)
Search for an optimal clustering procedure for a data-set

R-CodeDepends @0.6.6_1 (R, science, devel)
Analysis of R code for reproducible research and code comprehension

R-collinear @2.0.0 (R, science, math)
Seamless multicollinearity management for categorical and numeric variables

R-DeclareDesign @1.0.10 (R, science, math)
Declare and diagnose research designs

R-deepRstudio @0.0.9_1 (R, science, textproc)
Seamless language translation in RStudio using DeepL API and Rstudioapi

R-dosearch @1.0.11 (R, science, math)
Causal effect identification from multiple incomplete data sources

R-fastTS @1.0.2 (R, science, economics)
Fast time series modelling for seasonal series with exogenous variables

R-fmcsR @1.46.0 (R, science, bioconductor)
Mismatch-tolerant maximum common substructure searching

R-FNN @1.1.4.1 (R, science, math)
Fast Nearest Neighbor search algorithms and applications

R-forsearch @6.3.0 (R, science, math)
Diagnostic analysis using forward search procedure

R-forward @1.0.7 (R, science, math)
Robust analysis using forward search in linear and generalized linear regression models

R-fritools @4.3.0_1 (R, science, sysutils)
Miscellaneous utilities, tools and helper functions for finding and searching files on disk, searching for and removing R objects from the workspace

R-gtreg @0.4.0 (R, science)
Regulatory tables for clinical research

R-jstor @0.3.11_1 (R, science)
Functions and helpers to import metadata, ngrams and full-texts delivered by Data for Research by JSTOR

R-JuliaCall @0.17.5_1 (R, science, math)
Seamless integration between R and Julia

R-Lahman @12.0-0 (R, science)
Sean Lahman baseball database

R-lavaSearch2 @2.0.3_1 (R, science, math)
Tools for model specification in the latent-variable framework

R-nabor @0.5.0_2 (R, science, math)
R package wrapping libnabo: fast k nearest neighbor search for low dimensions

R-NLRoot @1.0_1 (R, science, math)
Search for the root of an equation

R-outbreaks @1.9.0_1 (R, science)
Collection of disease outbreak data

R-packagefinder @0.3.5_1 (R, science)
Search for R packages on CRAN, either directly from the R console or with an RStudio add-in

R-pkgsearch @3.1.3_1 (R, science, devel)
Search R packages on CRAN

R-psych @2.4.6.26 (R, science)
Procedures for psychological, psychometric and personality research

R-psychTools @2.4.3_1 (R, science)
Tools to accompany the R-psych package for psychological research

R-RANN @2.6.2 (R, science)
Fast nearest neighbour search (wraps ANN library) using L2 metric

R-Rcpp @1.0.13-1 (R, science, devel)
Seamless R and C++ Integration

R-RcppClock @1.1_2 (R, science)
Seamless Rcpp benchmarking

R-rDppDiversity @0.0.2_2 (R, science, math)
Subset searching algorithm using DPP greedy map

R-repmis @0.5_1 (R, science)
Miscellaneous tools for reproducible research

R-Rmalschains @0.2-10_1 (R, science, math)
Continuous Optimization using Memetic Algorithms with Local Search Chains (MA-LS-Chains)

R-Rnanoflann @0.0.3_1 (R, science, math)
Extremely fast nearest neighbor search

R-rucrdtw @0.1.6_1 (R, science, math)
R bindings for the UCR suite for fast time series subsequence search

R-sarima @0.9.3_1 (R, science, math)
Simulation and prediction with seasonal ARIMA models

R-SearchTrees @0.5.5_1 (R, science)
Spatial Search Trees

R-SetMethods @4.0_2 (R, science)
Functions for set-theoretic multi-method research and advanced QCA

R-SparseArray @1.4.8 (R, science, bioconductor, devel)
Efficient in-memory representation of multi-dimensional sparse arrays

R-SSVS @2.0.0_1 (R, science, math)
Functions for performing stochastic search variable selection (SSVS)

R-statpsych @1.6.0 (R, science)
Confidence interval and sample size methods that are especially useful in psychological research

R-stlplus @0.5.1_2 (R, science, math)
Enhanced seasonal decomposition of time series

R-surveil @0.3.0 (R, science)
Time series models for disease surveillance

R-uroot @2.1-3_1 (R, science, math)
Unit root tests for seasonal time series

rb-acts_as_taggable @2.0.2 (ruby)
An acts-as Mixin for easy applying and searching tags/folksnomies on Active Record objects

rb19-nokogiri @1.6.0 (ruby, xml)
HTML, XML, SAX, & Reader parser with XPath/CSS3 selector searching

recoll @1.31.6 (textproc)
Desktop full text search

regexxer @0.11-20210904 (gnome)
A search and replace tool for GNOME.

ripgrep @15.1.0 (textproc)
fast command line search tool

ripgrep-all @0.10.10 (textproc)
rga: ripgrep, but also search in PDFs, E-Books, Office documents, zip, tar.gz, etc.

rkhunter @1.4.6_1 (sysutils, security)
A tool to search for rootkits.

sad @0.4.32 (textproc)
Space Age seD - CLI Search And Replace

seahorse @3.20.0_2 (gnome, crypto)
Seahorse is a graphical interface for managing and using encryption keys.

sealcurses @2024-12-02 (devel)
SDL Emulation and Adaptation Layer for Curses (ncursesw)

seaport @0.10.1_1 (devel, python)
The modern MacPorts portfile updater

search-that-hash @0.2.8_1 (security, python)
Searches Hash APIs to crack your hash quickly

searchfs @0.4.0 (sysutils)
APFS / HFS+ search utility

semgrep @0.14.0 (devel)
Fast and syntax-aware semantic code pattern search for many languages: like grep but for code.

senna @1.1.4 (textproc)
embeddable fulltext search engine

serpl @0.3.3 (devel)
A simple terminal UI for search and replace, ala VS Code.

sgrep @0.99 (textproc)
structured grep is a tool for searching SGML, XML and HTML files

sgrep2 @1.94a_1 (textproc)
structured grep is a tool for searching SGML, XML and HTML files

smtube @21.10.0_1 (www)
Browse, search, and play YouTube videos

sphinx @2.2.11_1 (textproc, net)
Sphinx is a full-text search engine

stork @1.5.0 (textproc, www)
Impossibly fast web search, made for static sites.

strigi @0.7.8_15 (devel)
Fastest and smallest desktop searching program

string_replace @0.1 (textproc, perl)
searches and replaces a text string or regular expression

the_silver_searcher @2.2.0 (textproc)
A code-searching tool similar to ack, but faster.

tracker @2.3.6 (gnome)
Metadata database, indexer and search tool.

tracker3 @3.7.3_1 (gnome, sysutils)
Object database, tag/metadata database, search tool and indexer

ugrep @7.5.0 (textproc, sysutils)
ultra fast grep with interactive query UI and fuzzy search

uhd @3.15.0.0_7 (science, comms)
USRP Hardware Driver for Ettus Research Products

uhd-39lts @3.9-LTS_6 (science, comms)
USRP Hardware Driver for Ettus Research Products

uhd-devel @20230127-4.4.0.0-5fac246b (science, comms)
USRP Hardware Driver for Ettus Research Products

unicode @3.2 (textproc)
displays properties for a given Unicode character or searches for a given character name

xapian-core @1.4.27 (devel)
Xapian search library

xpa @2.1.19 (science)
The XPA messaging system provides seamless communication between many kinds of Unix programs, including X programs and Tcl/Tk programs.

youtube-search-python @1.6.6 (net, multimedia, python)
Search for YouTube videos, channels & playlists

zsh-history-substring-search @1.1.0 (sysutils, shells)
Zsh port of Fish shell's history search.

Found 285 ports.
