Hypr @1.1.4 (x11, sysutils)
Hypr is a dynamic tiling window manager for Xorg

xorg @20090316 (x11)
The X Window System

xorg-apps @20151011 (x11)
X.org apps meta-package

xorg-cf-files @1.0.8 (x11, devel)
Build files for discontinued imake build system.

xorg-encodings @1.0.5_1 (x11, x11-font, graphics)
X.org font encodings

xorg-font-util @1.3.2 (x11, graphics)
X.org font utilities bdftruncate and ucs2any

xorg-fonts @20090102_1 (x11)
X.org fonts meta-package

xorg-libAppleWM @1.4.1_1 (x11, devel)
X.org libAppleWM

xorg-libdmx @1.1.5 (x11, devel)
X.org libdmx

xorg-libfontenc @1.1.8 (x11, devel)
X.org libfontenc

xorg-libFS @1.0.10 (x11, devel)
X.org libFS

xorg-libice @1.1.2 (x11, devel)
X.org libice

xorg-libpthread-stubs @0.5 (x11, devel)
X.org/Xcb libpthread stubs

xorg-libsm @1.2.6 (x11, devel)
X.org libSM

xorg-libX11 @1.8.12 (x11, devel)
X.org libX11

xorg-libXau @1.0.12 (x11, devel)
X.org libXau

xorg-libXaw @1.0.16_1 (x11, devel)
X.org libXaw

xorg-libxcb @1.17.0 (x11, devel)
X.org libxcb

xorg-libXcomposite @0.4.6 (x11, devel)
X.org libXcomposite

xorg-libXcursor @1.2.3 (x11, devel)
X.org libXcursor

xorg-libXdamage @1.1.6 (x11, devel)
X.org libXdamage

xorg-libXdmcp @1.1.5 (x11, devel)
X.org libXdmcp

xorg-libXevie @1.0.3_2 (x11, devel)
X.org llibXevie

xorg-libXext @1.3.6 (x11, devel)
X.org libXext

xorg-libXfixes @6.0.2 (x11, devel)
X.org libXfixes

xorg-libXfont @1.5.4_2 (x11, devel)
X.org libXfont

xorg-libXfont2 @2.0.7 (x11, devel)
X.org libXfont

xorg-libXfontcache @1.0.5_2 (x11, devel)
X.org libXfontcache

xorg-libXi @1.8.2 (x11, devel)
X.org libXi

xorg-libXinerama @1.1.5 (x11, devel)
X.org libXinerama

xorg-libxkbfile @1.1.3 (x11, devel)
X.org libxbfile

xorg-libxkbui @1.0.2 (x11, devel)
X.org libxbui

xorg-libXmu @1.2.1 (x11, devel)
X.org libXmu

xorg-libXp @1.0.4 (x11, devel)
X.org libXp

xorg-libXpresent @1.0.1 (x11, devel)
X.org libXpresent

xorg-libXrandr @1.5.4 (x11, devel)
X.org libXrandr

xorg-libXres @1.2.2 (x11, devel)
X.org libXres

xorg-libXScrnSaver @1.2.4 (x11, devel)
X.org libXScrnSaver

xorg-libxshmfence @1.3.2 (x11, devel)
X.org libxshmfence

xorg-libXt @1.3.1 (x11, devel)
X.org libXt

xorg-libXTrap @1.0.1_1 (x11, devel)
X.org libXTrap

xorg-libXtst @1.2.5 (x11, devel)
X.org libXt

xorg-libXv @1.0.12 (x11, devel)
X.org libXv

xorg-libXvMC @1.0.14 (x11, devel)
X.org libXvMC

xorg-libXxf86dga @1.1.6 (x11, devel)
X.org libXxf86dga

xorg-libXxf86misc @1.0.4_1 (x11, devel)
X.org libXxf86misc

xorg-libXxf86vm @1.1.5 (x11, devel)
X.org libXxf86vm

xorg-proto @20180829 (x11, devel)
X.org proto meta-package

xorg-scripts @1.0.1 (x11)
Several useful X11 scripts: fontname.sh, fontprop.sh, xon

xorg-server @1.20.11_1 (x11, devel)
The X.org / Xquartz X server.

xorg-server-1.18 @1.18.4 (x11, devel)
The X.org / Xquartz X server.

xorg-server-devel @1.20.99.1_1 (x11, devel)
The X.org / Xquartz X server.

xorg-server-legacy @1.20.10_3 (x11, devel)
The X.org / Xquartz X server.

xorg-sgml-doctools @1.11 (x11, textproc)
X.org xorg-sgml-doctools

xorg-util-macros @1.20.2 (x11, devel)
X.org util-macros

xorg-xcb-proto @1.17.0 (x11, devel)
X.org xcb-proto

xorg-xcb-util @0.4.1 (x11, devel)
X.org xcb-util

xorg-xcb-util-cursor @0.1.4 (x11, devel)
X.org xcb-util-cursor

xorg-xcb-util-image @0.4.1 (x11, devel)
X.org xcb-util-image

xorg-xcb-util-keysyms @0.4.0 (x11, devel)
X.org xcb-util-keysyms

xorg-xcb-util-renderutil @0.3.9 (x11, devel)
X.org xcb-util-renderutil

xorg-xcb-util-wm @0.4.1 (x11, devel)
X.org xcb-util-wm

xorg-xcb-util-xrm @1.3_1 (x11, devel)
X.org xcb-util-xrm

xorg-xorgproto @2024.1 (x11, devel)
X.org xorgproto

xorg-xtrans @1.5.2 (x11, devel)
X.org xtrans

xorriso @1.5.6.pl02 (sysutils)
ISO 9660 Rock Ridge Filesystem Manipulator

Found 66 ports.
