4ti2 @1.6.13 (math)
A software package for algebraic, geometric and combinatorial problems on linear spaces.

a60 @0.23a (lang, algol)
Algol 60 interpreter NASE A60

ADOL-C @2.7.2_1 (math, science)
Algorithmic Differentiation Library for C/C++

alglib @4.01.0 (math)
a cross-platform numerical analysis and data processing library

algol-68rs @2021.05.18 (lang, algol)
The RSRE Algol-68RS Compiler: an update of the original port by Sian Mountbatten of a68toc (ctrans) from Algol-68RS/ELLA2000.

algol68g @3.10.7 (lang, algol, devel)
Algol 68 implementation as defined by the Revised Report

alps @2.3.0_16 (science)
Algorithms and Libraries for Physics Simulations

arborx @1.7 (math)
An open-source library designed to provide performance portable algorithms for geometric search

armadillo @15.2.3 (science)
Armadillo C++ linear algebra library

atlas @3.10.2_2 (math)
Portable optimal linear algebra software

autopano-sift-c @2.5.1_1 (graphics)
Detects control points in photos using SIFT algorithm

bact @0.13 (math)
a Boosting Algorithm for Classification of Trees

bcprov @1.74 (java, devel, security)
A Java implementation of cryptographic algorithms

blaspp @2024.10.26 (math, science)
C++ API for the Basic Linear Algebra Subroutines

botan @2.19.5 (security, devel)
cryptographic algorithms and formats library in C++

brown-cluster @1.3-20171019 (textproc)
C++ implementation of the Brown word clustering algorithm

cadabra2 @2.5.14_1 (math)
A field theory approach to symbolic computer algebra

cgal4 @4.14.3_3 (gis, science)
Computational Geometry Algorithm Library

cgal5 @5.6.3 (gis, science)
Computational Geometry Algorithm Library

cgal6 @6.0.1 (gis, science)
Computational Geometry Algorithm Library

cl-isaac @20230627 (lisp, devel)
Optimized Common Lisp version of Bob Jenkins' ISAAC-32 and ISAAC-64 algorithms, fast cryptographic random number generators.

cl-md5 @2.0.5 (lisp, devel)
Common Lisp implementation of the MD5 Message-Digest Algorithm (RFC 1321)

classias @1.1 (math, textproc)
a collection of machine-learning algorithms for classification

coinor-coinutils @2.11.10 (math)
Utilities, data structures, and linear algebra methods for COIN-OR projects

ColPack @1.0.10 (math, science)
A graph coloring algorithm package

cotila @1.2.1 (math, science)
A compile-time linear algebra system for C++

courier-unicode @2.3.0 (devel, mail)
Courier Unicode Library implements several algorithms related to the Unicode Standard

cusp @0.5.1_1 (math, science)
Generic Parallel Algorithms for Sparse Matrix and Graph

ddeabm @3.0.0 (fortran, math)
Modern Fortran implementation of the DDEABM Adams–Bashforth algorithm

DoCon @2.11_5 (math, devel)
DoCon is the Algebraic Domain Constructor

dspl @2024.06.05 (science, math)
Opensource cross-platform digital signal processing algorithm library

eigen @2.0.17 (math, science)
A C++ template library for linear algebra: vectors, matrices, and related algorithms.

eigen3 @3.4.0_1 (math, science)
A C++ template library for linear algebra: vectors, matrices, and related algorithms.

eigen3-devel @3.4-tracking-20241122 (math, science)
A C++ template library for linear algebra: vectors, matrices, and related algorithms.

expreduce @0.5.1 (math)
An experimental computer algebra system written in Go

fplll @5.5.0 (math)
Lattice algorithms using floating-point arithmetic

fribidi @1.0.16 (textproc)
Free Implementation of the Unicode BiDi algorithm

fricas @1.3.12_2 (math)
The Fricas computer algebra system

fxt @2024.11.16 (math, science)
Library of low-level algorithms

gaul-devel @0.1850 (math)
Genetic algorithms library

GaussianLib @2023.02.17 (devel, math)
Basic linear algebra C++ library for 2D and 3D applications

gds @2.18.7_13 (science)
LSC Algorithm Library

giflib @4.2.3_1 (graphics)
GIF library using patented LZW algorithm

giflib5 @5.2.2_2 (graphics)
GIF library using patented LZW algorithm

GiNaC @1.8.9 (math)
GiNaC is C++ library that provides a set of algebraic capabilities.

ginkgo @1.9.0 (math, parallel)
Numerical linear algebra software package

gnat-charles @20050913 (devel)
Charles is a container and algorithms library for Ada.

iulib @0.4-20141216_4 (graphics)
C++ library of image understanding-related algorithms

jbigkit @2.1 (graphics)
Data compression algorithm for bi-level high-res images

jubatus_core @1.1.1 (devel, math, textproc)
Jubatus algorithm component

kalgebra @4.14.3_3 (kde, kde4)
2D and 3D Graph Calculator

kick @0.1 (devel)
Kick provies C++ containers and algorithms for light-weight or embedded systems

lal @7.6.0 (science)
LSC Algorithm Library

lalapps @10.0.1 (science, python)
LSC Algorithm Library Applications

lalburst @2.0.5 (science)
LSC Algorithm Library - Burst

lalframe @3.0.5 (science)
LSC Algorithm Library - Frame

lalinference @4.1.7 (science)
LSC Algorithm Library - Inference

lalinspiral @5.0.1 (science)
LSC Algorithm Library - Inspiral

lalmetaio @4.0.5 (science)
LSC Algorithm Library - MetaIO

lalpulsar @7.0.0 (science)
LSC Algorithm Library - Pulsar

lalsimulation @6.0.0 (science)
LSC Algorithm Library - Simulation

lapack @3.12.1 (math, devel, science)
Linear Algebra PACKage

LBFGSpp @0.4.0 (math)
Header-only C++ library for L-BFGS and L-BFGS-B algorithms

levmar @2.6_3 (math)
Levenberg-Marquardt nonlinear least squares algorithm

libghash @0.0.2_2 (devel)
General Purpose Hash Function Algorithm library

libplacebo @7.351.0 (devel, multimedia)
core rendering algorithms and ideas of mpv rewritten as an independent library

librsync @2.3.4 (net, devel)
library that implements the rsync remote-delta algorithm

libstemmer @3.0.1 (textproc)
Algorithmic Stemmer Library

libvideogfx @1.0.9_1 (multimedia)
A library for rapid development of video processing, computer vision, and computer graphics algorithms

LiE @2.2.2_5 (math)
A computer algebra program for Lie group calculations

linalg @1.8.2 (math, science)
Linear algebra library that provides a user-friendly interface to several BLAS and LAPACK routines

logstalgia @1.1.4_3 (www)
a website access log visualisation tool

lrslib @7.3 (math)
self-contained ANSI C implementation of the reverse search algorithm for vertex enumeration/convex hull problems

lz4 @1.10.0 (archivers)
Extremely Fast Compression algorithm

marst @2.7 (lang, algol)
Algol-to-C translator

massif-visualizer @0.4.0_2 (kde, kde4)
tool to visualize valgrind massif data

maxima @5.47.0_20 (math)
The Maxima computer algebra system

maxima-devel @5.47-dev-20230730_20 (math)
The Maxima computer algebra system

mcl @14-137_1 (science, math)
MCL - a cluster algorithm for graphs.

mdds-2.0 @2.0.3 (devel)
Collection of multi-dimensional data structure and indexing algorithms.

mdds-2.1 @2.1.1 (devel)
Collection of multi-dimensional data structure and indexing algorithms.

octave-data-smoothing @1.3.0_5 (octave, math, science)
Algorithms for smoothing noisy data.

octave-lal @7.6.0 (science, octave)
Octave 3.12 bindings for LSC Algorithm Library

octave-lalburst @2.0.5 (science, octave)
Octave 3.12 bindings for LSC Algorithm Library - Burst

octave-lalframe @3.0.5 (science, octave)
Octave 3.12 bindings for LSC Algorithm Library - Frame

octave-lalinference @4.1.7 (science, octave)
Octave 3.12 bindings for LSC Algorithm Library - Inference

octave-lalinspiral @5.0.1 (science, octave)
Octave 3.12 bindings for LSC Algorithm Library - Inspiral

octave-lalmetaio @4.0.5 (science, octave)
Octave 3.12 bindings for LSC Algorithm Library - MetaIO

octave-lalpulsar @7.0.0 (science, octave)
Octave 3.12 bindings for LSC Algorithm Library - Pulsar

octave-lalsimulation @6.0.0 (science, octave)
Octave 3.12 bindings for LSC Algorithm Library - Simulation

octave-linear-algebra @2.2.3_1 (octave, math, science)
Additional linear algebra code, including general SVD and matrix functions.

octave-octclip @2.0.3_3 (octave, math, science)
This package allows to do boolean operations with polygons using the Greiner-Hormann algorithm.

oll @0.03 (math, textproc)
a library supporting several for online-learning algorithms.

orfeotoolbox @9.1.1_2 (gis, graphics)
Orfeo ToolBox - Free library of image processing algorithms

p4est @2.8.6 (science, math)
A graph coloring algorithm package

p5-algorithm-annotate @0.100.0_3 (perl)
This is a Perl extension for representing a series of changes in annotate form.

p5-algorithm-c3 @0.110.0 (perl)
A module for merging hierarchies using the C3 algorithm

p5-algorithm-combinatorics @0.270.0 (perl)
Algorithm::Combinatorics - Efficient generation of combinatorial sequences

p5-algorithm-curvefit @1.60.0 (perl)
Algorithm::CurveFit - Nonlinear Least Squares Fitting

p5-algorithm-dependency @1.112.0 (perl)
Base class for implementing various dependency trees

p5-algorithm-diff @1.201.0 (perl)
This is a Perl extension for computing intelligent differences between two files / lists.

p5-algorithm-munkres @0.80.0_2 (perl)
This is a Perl extension for Munkres' solution to classical Assignment problem for square and rectangular matrices

p5-class-c3 @0.350.0 (perl)
A pragma to use the C3 method resolution order algortihm

p5-compress-bzip2 @2.280.0 (perl)
Perl interface to the bzip2 compression algorithms

p5-crypt-appletwofish @0.51.0_4 (perl)
two Apple iTMS/iTunes key descrambling algorithms

p5-crypt-blowfish @2.140.0_1 (perl)
Implementation of the blowfish-crypto algorithm for perl

p5-crypt-openssl-dsa @0.200.0 (perl)
Crypt::OpenSSL::DSA - Digital Signature Algorithm using OpenSSL

p5-crypt-openssl-ecdsa @0.100.0 (perl)
Crypt::OpenSSL::ECDSA - Perl extension for OpenSSL ECDSA (Elliptic Curve Digital Signature Algorithm)

p5-crypt-pbkdf2 @0.161.520 (perl)
Crypt::PBKDF2 - The PBKDF2 password hashing algorithm

p5-crypt-rc4 @2.20.0_4 (perl)
Perl implementation of the RC4 encryption algorithm

p5-crypt-rijndael @1.160.0_1 (perl)
Implementation of the Rijndel-crypto algorithm for perl

p5-crypt-twofish @2.180.0 (perl)
Implementation of the twofish-crypto algorithm for perl

p5-data-uuid-mt @1.1.0 (perl)
Data::UUID::MT - Fast random UUID generator using the Mersenne Twister algorithm

p5-digest-gost @0.60.0 (perl)
Digest::GOST - Perl interface to the GOST R 34.11-94 digest algorithm

p5-digest-jhash @0.100.0 (perl)
Digest::JHash - Perl extension for 32 bit Jenkins Hashing Algorithm

p5-digest-md2 @2.40.0 (perl)
Perl interface to the MD2 Algorithm

p5-digest-md4 @1.900.0 (perl)
Perl interface to the MD4 Algorithm

p5-digest-perl-md5 @1.910.0 (perl)
Digest::MD5::Perl - Perl implementation of Ron Rivest's MD5 Algorithm

p5-digest-sha1 @2.130.0_4 (perl)
Perl interface to the SHA-1 Algorithm

p5-graph @0.973.500 (perl)
Graph - graph data structures and algorithms

p5-lingua-stem-it @0.20.0_3 (perl)
Porter's stemming algorithm for Italian

p5-lingua-stem-ru @0.40.0 (perl)
Porter's stemming algorithm for Russian (KOI8-R only)

p5-lingua-stem-snowball-da @1.10.0_3 (perl)
Porters stemming algorithm for Denmark

p5-math-random-isaac @1.4.0 (perl, math)
Perl interface to the ISAAC PRNG algorithm

p5-math-random-isaac-xs @1.4.0_1 (perl)
Math::Random::ISAAC::XS - C implementation of the ISAAC PRNG algorithm

p5-net-ip-lpm @1.100.0 (perl)
Perl implementation of Longest Prefix Match algorithm

p5-snowball-norwegian @1.200.0_3 (perl)
Porters stemming algorithm for Norwegian

p5-snowball-swedish @1.200.0_3 (perl)
Porters stemming algorithm for Swedish

p5-text-roman @3.500.0 (perl)
Allows conversion between Roman and Arabic algarisms

p5-text-soundex @3.50.0 (perl)
Text::Soundex - Implementation of the soundex algorithm.

p5-unicode-collate @1.310.0 (perl)
Unicode Collation Algorithm

p5-unicode-linebreak @2019.1.0_1 (perl)
Unicode::LineBreak - UAX #14 Unicode Line Breaking Algorithm

p5.28-algorithm-annotate @0.100.0_3 (perl)
This is a Perl extension for representing a series of changes in annotate form.

p5.28-algorithm-c3 @0.110.0 (perl)
A module for merging hierarchies using the C3 algorithm

p5.28-algorithm-combinatorics @0.270.0 (perl)
Algorithm::Combinatorics - Efficient generation of combinatorial sequences

p5.28-algorithm-curvefit @1.60.0 (perl)
Algorithm::CurveFit - Nonlinear Least Squares Fitting

p5.28-algorithm-dependency @1.112.0 (perl)
Base class for implementing various dependency trees

p5.28-algorithm-diff @1.201.0 (perl)
This is a Perl extension for computing intelligent differences between two files / lists.

p5.28-algorithm-munkres @0.80.0_2 (perl)
This is a Perl extension for Munkres' solution to classical Assignment problem for square and rectangular matrices

p5.28-class-c3 @0.350.0 (perl)
A pragma to use the C3 method resolution order algortihm

p5.28-compress-bzip2 @2.280.0 (perl)
Perl interface to the bzip2 compression algorithms

p5.28-crypt-appletwofish @0.51.0_4 (perl)
two Apple iTMS/iTunes key descrambling algorithms

p5.28-crypt-blowfish @2.140.0_1 (perl)
Implementation of the blowfish-crypto algorithm for perl

p5.28-crypt-openssl-dsa @0.200.0 (perl)
Crypt::OpenSSL::DSA - Digital Signature Algorithm using OpenSSL

p5.28-crypt-openssl-ecdsa @0.100.0 (perl)
Crypt::OpenSSL::ECDSA - Perl extension for OpenSSL ECDSA (Elliptic Curve Digital Signature Algorithm)

p5.28-crypt-pbkdf2 @0.161.520 (perl)
Crypt::PBKDF2 - The PBKDF2 password hashing algorithm

p5.28-crypt-rc4 @2.20.0_4 (perl)
Perl implementation of the RC4 encryption algorithm

p5.28-crypt-rijndael @1.160.0_1 (perl)
Implementation of the Rijndel-crypto algorithm for perl

p5.28-crypt-twofish @2.180.0 (perl)
Implementation of the twofish-crypto algorithm for perl

p5.28-data-uuid-mt @1.1.0 (perl)
Data::UUID::MT - Fast random UUID generator using the Mersenne Twister algorithm

p5.28-digest-gost @0.60.0 (perl)
Digest::GOST - Perl interface to the GOST R 34.11-94 digest algorithm

p5.28-digest-jhash @0.100.0 (perl)
Digest::JHash - Perl extension for 32 bit Jenkins Hashing Algorithm

p5.28-digest-md2 @2.40.0 (perl)
Perl interface to the MD2 Algorithm

p5.28-digest-md4 @1.900.0 (perl)
Perl interface to the MD4 Algorithm

p5.28-digest-perl-md5 @1.910.0 (perl)
Digest::MD5::Perl - Perl implementation of Ron Rivest's MD5 Algorithm

p5.28-digest-sha1 @2.130.0_4 (perl)
Perl interface to the SHA-1 Algorithm

p5.28-graph @0.973.500 (perl)
Graph - graph data structures and algorithms

p5.28-lingua-stem-it @0.20.0_3 (perl)
Porter's stemming algorithm for Italian

p5.28-lingua-stem-ru @0.40.0 (perl)
Porter's stemming algorithm for Russian (KOI8-R only)

p5.28-lingua-stem-snowball-da @1.10.0_3 (perl)
Porters stemming algorithm for Denmark

p5.28-math-random-isaac @1.4.0 (perl, math)
Perl interface to the ISAAC PRNG algorithm

p5.28-math-random-isaac-xs @1.4.0_1 (perl)
Math::Random::ISAAC::XS - C implementation of the ISAAC PRNG algorithm

p5.28-net-ip-lpm @1.100.0 (perl)
Perl implementation of Longest Prefix Match algorithm

p5.28-snowball-norwegian @1.200.0_3 (perl)
Porters stemming algorithm for Norwegian

p5.28-snowball-swedish @1.200.0_3 (perl)
Porters stemming algorithm for Swedish

p5.28-text-roman @3.500.0 (perl)
Allows conversion between Roman and Arabic algarisms

p5.28-text-soundex @3.50.0 (perl)
Text::Soundex - Implementation of the soundex algorithm.

p5.28-unicode-collate @1.310.0 (perl)
Unicode Collation Algorithm

p5.28-unicode-linebreak @2019.1.0_1 (perl)
Unicode::LineBreak - UAX #14 Unicode Line Breaking Algorithm

p5.30-algorithm-annotate @0.100.0_3 (perl)
This is a Perl extension for representing a series of changes in annotate form.

p5.30-algorithm-c3 @0.110.0 (perl)
A module for merging hierarchies using the C3 algorithm

p5.30-algorithm-combinatorics @0.270.0 (perl)
Algorithm::Combinatorics - Efficient generation of combinatorial sequences

p5.30-algorithm-curvefit @1.60.0 (perl)
Algorithm::CurveFit - Nonlinear Least Squares Fitting

p5.30-algorithm-dependency @1.112.0 (perl)
Base class for implementing various dependency trees

p5.30-algorithm-diff @1.201.0 (perl)
This is a Perl extension for computing intelligent differences between two files / lists.

p5.30-algorithm-munkres @0.80.0_2 (perl)
This is a Perl extension for Munkres' solution to classical Assignment problem for square and rectangular matrices

p5.30-class-c3 @0.350.0 (perl)
A pragma to use the C3 method resolution order algortihm

p5.30-compress-bzip2 @2.280.0 (perl)
Perl interface to the bzip2 compression algorithms

p5.30-crypt-appletwofish @0.51.0_4 (perl)
two Apple iTMS/iTunes key descrambling algorithms

p5.30-crypt-blowfish @2.140.0_1 (perl)
Implementation of the blowfish-crypto algorithm for perl

p5.30-crypt-openssl-dsa @0.200.0 (perl)
Crypt::OpenSSL::DSA - Digital Signature Algorithm using OpenSSL

p5.30-crypt-openssl-ecdsa @0.100.0 (perl)
Crypt::OpenSSL::ECDSA - Perl extension for OpenSSL ECDSA (Elliptic Curve Digital Signature Algorithm)

p5.30-crypt-pbkdf2 @0.161.520 (perl)
Crypt::PBKDF2 - The PBKDF2 password hashing algorithm

p5.30-crypt-rc4 @2.20.0_4 (perl)
Perl implementation of the RC4 encryption algorithm

p5.30-crypt-rijndael @1.160.0_1 (perl)
Implementation of the Rijndel-crypto algorithm for perl

p5.30-crypt-twofish @2.180.0 (perl)
Implementation of the twofish-crypto algorithm for perl

p5.30-data-uuid-mt @1.1.0 (perl)
Data::UUID::MT - Fast random UUID generator using the Mersenne Twister algorithm

p5.30-digest-gost @0.60.0 (perl)
Digest::GOST - Perl interface to the GOST R 34.11-94 digest algorithm

p5.30-digest-jhash @0.100.0 (perl)
Digest::JHash - Perl extension for 32 bit Jenkins Hashing Algorithm

p5.30-digest-md2 @2.40.0 (perl)
Perl interface to the MD2 Algorithm

p5.30-digest-md4 @1.900.0 (perl)
Perl interface to the MD4 Algorithm

p5.30-digest-perl-md5 @1.910.0 (perl)
Digest::MD5::Perl - Perl implementation of Ron Rivest's MD5 Algorithm

p5.30-digest-sha1 @2.130.0_4 (perl)
Perl interface to the SHA-1 Algorithm

p5.30-graph @0.973.500 (perl)
Graph - graph data structures and algorithms

p5.30-lingua-stem-it @0.20.0_3 (perl)
Porter's stemming algorithm for Italian

p5.30-lingua-stem-ru @0.40.0 (perl)
Porter's stemming algorithm for Russian (KOI8-R only)

p5.30-lingua-stem-snowball-da @1.10.0_3 (perl)
Porters stemming algorithm for Denmark

p5.30-math-random-isaac @1.4.0 (perl, math)
Perl interface to the ISAAC PRNG algorithm

p5.30-math-random-isaac-xs @1.4.0_1 (perl)
Math::Random::ISAAC::XS - C implementation of the ISAAC PRNG algorithm

p5.30-net-ip-lpm @1.100.0 (perl)
Perl implementation of Longest Prefix Match algorithm

p5.30-snowball-norwegian @1.200.0_3 (perl)
Porters stemming algorithm for Norwegian

p5.30-snowball-swedish @1.200.0_3 (perl)
Porters stemming algorithm for Swedish

p5.30-text-roman @3.500.0 (perl)
Allows conversion between Roman and Arabic algarisms

p5.30-text-soundex @3.50.0 (perl)
Text::Soundex - Implementation of the soundex algorithm.

p5.30-unicode-collate @1.310.0 (perl)
Unicode Collation Algorithm

p5.30-unicode-linebreak @2019.1.0_1 (perl)
Unicode::LineBreak - UAX #14 Unicode Line Breaking Algorithm

p5.32-algorithm-annotate @0.100.0_3 (perl)
This is a Perl extension for representing a series of changes in annotate form.

p5.32-algorithm-c3 @0.110.0 (perl)
A module for merging hierarchies using the C3 algorithm

p5.32-algorithm-combinatorics @0.270.0 (perl)
Algorithm::Combinatorics - Efficient generation of combinatorial sequences

p5.32-algorithm-curvefit @1.60.0 (perl)
Algorithm::CurveFit - Nonlinear Least Squares Fitting

p5.32-algorithm-dependency @1.112.0 (perl)
Base class for implementing various dependency trees

p5.32-algorithm-diff @1.201.0 (perl)
This is a Perl extension for computing intelligent differences between two files / lists.

p5.32-algorithm-munkres @0.80.0_2 (perl)
This is a Perl extension for Munkres' solution to classical Assignment problem for square and rectangular matrices

p5.32-class-c3 @0.350.0 (perl)
A pragma to use the C3 method resolution order algortihm

p5.32-compress-bzip2 @2.280.0 (perl)
Perl interface to the bzip2 compression algorithms

p5.32-crypt-appletwofish @0.51.0_4 (perl)
two Apple iTMS/iTunes key descrambling algorithms

p5.32-crypt-blowfish @2.140.0_1 (perl)
Implementation of the blowfish-crypto algorithm for perl

p5.32-crypt-openssl-dsa @0.200.0 (perl)
Crypt::OpenSSL::DSA - Digital Signature Algorithm using OpenSSL

p5.32-crypt-openssl-ecdsa @0.100.0 (perl)
Crypt::OpenSSL::ECDSA - Perl extension for OpenSSL ECDSA (Elliptic Curve Digital Signature Algorithm)

p5.32-crypt-pbkdf2 @0.161.520 (perl)
Crypt::PBKDF2 - The PBKDF2 password hashing algorithm

p5.32-crypt-rc4 @2.20.0_4 (perl)
Perl implementation of the RC4 encryption algorithm

p5.32-crypt-rijndael @1.160.0_1 (perl)
Implementation of the Rijndel-crypto algorithm for perl

p5.32-crypt-twofish @2.180.0 (perl)
Implementation of the twofish-crypto algorithm for perl

p5.32-data-uuid-mt @1.1.0 (perl)
Data::UUID::MT - Fast random UUID generator using the Mersenne Twister algorithm

p5.32-digest-gost @0.60.0 (perl)
Digest::GOST - Perl interface to the GOST R 34.11-94 digest algorithm

p5.32-digest-jhash @0.100.0 (perl)
Digest::JHash - Perl extension for 32 bit Jenkins Hashing Algorithm

p5.32-digest-md2 @2.40.0 (perl)
Perl interface to the MD2 Algorithm

p5.32-digest-md4 @1.900.0 (perl)
Perl interface to the MD4 Algorithm

p5.32-digest-perl-md5 @1.910.0 (perl)
Digest::MD5::Perl - Perl implementation of Ron Rivest's MD5 Algorithm

p5.32-digest-sha1 @2.130.0_4 (perl)
Perl interface to the SHA-1 Algorithm

p5.32-graph @0.973.500 (perl)
Graph - graph data structures and algorithms

p5.32-lingua-stem-it @0.20.0_3 (perl)
Porter's stemming algorithm for Italian

p5.32-lingua-stem-ru @0.40.0 (perl)
Porter's stemming algorithm for Russian (KOI8-R only)

p5.32-lingua-stem-snowball-da @1.10.0_3 (perl)
Porters stemming algorithm for Denmark

p5.32-math-random-isaac @1.4.0 (perl, math)
Perl interface to the ISAAC PRNG algorithm

p5.32-math-random-isaac-xs @1.4.0_1 (perl)
Math::Random::ISAAC::XS - C implementation of the ISAAC PRNG algorithm

p5.32-net-ip-lpm @1.100.0 (perl)
Perl implementation of Longest Prefix Match algorithm

p5.32-snowball-norwegian @1.200.0_3 (perl)
Porters stemming algorithm for Norwegian

p5.32-snowball-swedish @1.200.0_3 (perl)
Porters stemming algorithm for Swedish

p5.32-text-roman @3.500.0 (perl)
Allows conversion between Roman and Arabic algarisms

p5.32-text-soundex @3.50.0 (perl)
Text::Soundex - Implementation of the soundex algorithm.

p5.32-unicode-collate @1.310.0 (perl)
Unicode Collation Algorithm

p5.32-unicode-linebreak @2019.1.0_1 (perl)
Unicode::LineBreak - UAX #14 Unicode Line Breaking Algorithm

p5.34-algorithm-annotate @0.100.0_3 (perl)
This is a Perl extension for representing a series of changes in annotate form.

p5.34-algorithm-c3 @0.110.0 (perl)
A module for merging hierarchies using the C3 algorithm

p5.34-algorithm-combinatorics @0.270.0 (perl)
Algorithm::Combinatorics - Efficient generation of combinatorial sequences

p5.34-algorithm-curvefit @1.60.0 (perl)
Algorithm::CurveFit - Nonlinear Least Squares Fitting

p5.34-algorithm-dependency @1.112.0 (perl)
Base class for implementing various dependency trees

p5.34-algorithm-diff @1.201.0 (perl)
This is a Perl extension for computing intelligent differences between two files / lists.

p5.34-algorithm-munkres @0.80.0_2 (perl)
This is a Perl extension for Munkres' solution to classical Assignment problem for square and rectangular matrices

p5.34-class-c3 @0.350.0 (perl)
A pragma to use the C3 method resolution order algortihm

p5.34-compress-bzip2 @2.280.0 (perl)
Perl interface to the bzip2 compression algorithms

p5.34-crypt-appletwofish @0.51.0_4 (perl)
two Apple iTMS/iTunes key descrambling algorithms

p5.34-crypt-blowfish @2.140.0_1 (perl)
Implementation of the blowfish-crypto algorithm for perl

p5.34-crypt-openssl-dsa @0.200.0 (perl)
Crypt::OpenSSL::DSA - Digital Signature Algorithm using OpenSSL

p5.34-crypt-openssl-ecdsa @0.100.0 (perl)
Crypt::OpenSSL::ECDSA - Perl extension for OpenSSL ECDSA (Elliptic Curve Digital Signature Algorithm)

p5.34-crypt-pbkdf2 @0.161.520 (perl)
Crypt::PBKDF2 - The PBKDF2 password hashing algorithm

p5.34-crypt-rc4 @2.20.0_4 (perl)
Perl implementation of the RC4 encryption algorithm

p5.34-crypt-rijndael @1.160.0_1 (perl)
Implementation of the Rijndel-crypto algorithm for perl

p5.34-crypt-twofish @2.180.0 (perl)
Implementation of the twofish-crypto algorithm for perl

p5.34-data-uuid-mt @1.1.0 (perl)
Data::UUID::MT - Fast random UUID generator using the Mersenne Twister algorithm

p5.34-digest-gost @0.60.0 (perl)
Digest::GOST - Perl interface to the GOST R 34.11-94 digest algorithm

p5.34-digest-jhash @0.100.0 (perl)
Digest::JHash - Perl extension for 32 bit Jenkins Hashing Algorithm

p5.34-digest-md2 @2.40.0 (perl)
Perl interface to the MD2 Algorithm

p5.34-digest-md4 @1.900.0 (perl)
Perl interface to the MD4 Algorithm

p5.34-digest-perl-md5 @1.910.0 (perl)
Digest::MD5::Perl - Perl implementation of Ron Rivest's MD5 Algorithm

p5.34-digest-sha1 @2.130.0_4 (perl)
Perl interface to the SHA-1 Algorithm

p5.34-graph @0.973.500 (perl)
Graph - graph data structures and algorithms

p5.34-lingua-stem-it @0.20.0_3 (perl)
Porter's stemming algorithm for Italian

p5.34-lingua-stem-ru @0.40.0 (perl)
Porter's stemming algorithm for Russian (KOI8-R only)

p5.34-lingua-stem-snowball-da @1.10.0_3 (perl)
Porters stemming algorithm for Denmark

p5.34-math-random-isaac @1.4.0 (perl, math)
Perl interface to the ISAAC PRNG algorithm

p5.34-math-random-isaac-xs @1.4.0_1 (perl)
Math::Random::ISAAC::XS - C implementation of the ISAAC PRNG algorithm

p5.34-net-ip-lpm @1.100.0 (perl)
Perl implementation of Longest Prefix Match algorithm

p5.34-snowball-norwegian @1.200.0_3 (perl)
Porters stemming algorithm for Norwegian

p5.34-snowball-swedish @1.200.0_3 (perl)
Porters stemming algorithm for Swedish

p5.34-text-roman @3.500.0 (perl)
Allows conversion between Roman and Arabic algarisms

p5.34-text-soundex @3.50.0 (perl)
Text::Soundex - Implementation of the soundex algorithm.

p5.34-unicode-collate @1.310.0 (perl)
Unicode Collation Algorithm

p5.34-unicode-linebreak @2019.1.0_1 (perl)
Unicode::LineBreak - UAX #14 Unicode Line Breaking Algorithm

pari @2.17.0 (math)
PARI/GP computer algebra system

permlib @0.2.9 (math, science)
a C++ library implementing permutation group algorithms

pg12-pgrouting @3.6.3_1 (gis)
Routing algorithms for PostgreSQL/PostGIS

pg13-pgrouting @4.0.0 (gis)
Routing algorithms for PostgreSQL/PostGIS

pg14-pgrouting @4.0.0 (gis)
Routing algorithms for PostgreSQL/PostGIS

pg15-pgrouting @4.0.0 (gis)
Routing algorithms for PostgreSQL/PostGIS

pg16-pgrouting @4.0.0 (gis)
Routing algorithms for PostgreSQL/PostGIS

pg17-pgrouting @4.0.0 (gis)
Routing algorithms for PostgreSQL/PostGIS

pgrouting @4.0.0 (gis)
Routing algorithms for PostgreSQL/PostGIS

php-mcrypt @1.0.7 (php, security)
a PHP interface to the mcrypt library, which offers a wide variety of algorithms

php52-mcrypt @5.2.17 (php, security)
a PHP interface to the mcrypt library, which offers a wide variety of algorithms

php53-mcrypt @5.3.29 (php, security)
a PHP interface to the mcrypt library, which offers a wide variety of algorithms

php54-mcrypt @5.4.45 (php, security)
a PHP interface to the mcrypt library, which offers a wide variety of algorithms

php55-mcrypt @5.5.38 (php, security)
a PHP interface to the mcrypt library, which offers a wide variety of algorithms

php56-mcrypt @5.6.40 (php, security)
a PHP interface to the mcrypt library, which offers a wide variety of algorithms

php70-mcrypt @7.0.33 (php, security)
a PHP interface to the mcrypt library, which offers a wide variety of algorithms

php71-mcrypt @7.1.33 (php, security)
a PHP interface to the mcrypt library, which offers a wide variety of algorithms

php72-mcrypt @1.0.7 (php, security)
a PHP interface to the mcrypt library, which offers a wide variety of algorithms

php73-mcrypt @1.0.7 (php, security)
a PHP interface to the mcrypt library, which offers a wide variety of algorithms

php74-mcrypt @1.0.7 (php, security)
a PHP interface to the mcrypt library, which offers a wide variety of algorithms

php80-mcrypt @1.0.7 (php, security)
a PHP interface to the mcrypt library, which offers a wide variety of algorithms

php81-mcrypt @1.0.7 (php, security)
a PHP interface to the mcrypt library, which offers a wide variety of algorithms

php82-mcrypt @1.0.7 (php, security)
a PHP interface to the mcrypt library, which offers a wide variety of algorithms

php83-mcrypt @1.0.7 (php, security)
a PHP interface to the mcrypt library, which offers a wide variety of algorithms

pikaia @2.0.0 (fortran, math)
Modern Fortran edition of the Pikaia genetic algorithm

powellopt @2023.12.03 (fortran, math)
Optimization algorithms by M.J.D. Powell

psblas3 @3.8.1-2_1 (math, science, parallel)
Library of parallel sparse linear algebra on high performance computer.

pure-reduce @0.4 (pure, devel, math)
a Pure interface to the Reduce computer algebra system

py-algopy @0.7.2 (python, math)
AlgoPy is a Research Prototype for Algorithmic Differentation in Python

py-argon2-cffi @25.1.0 (python, devel)
Argon2 is a secure password hashing algorithm.

py-bidi @0.6.7 (python)
Pure python implementation of the BiDi layout algorithm

py-boolean.py @5.0 (python)
Define boolean algebras, create and parse boolean expressions and create custom boolean DSL.

py-colour @0.4.6 (python)
A comprehensive number of colour theory transformations and algorithms

py-commpy @0.8.0 (python)
Digital Communication Algorithms with Python

py-cramjam @2.10.0 (python)
Extremely thin and easy-to-install Python bindings to de/compression algorithms in Rust

py-crc32c @2.8 (python, devel)
A python package implementing the crc32c algorithm in hardware and software.

py-deap @1.4.3 (python, devel)
Distributed Evolutionary Algorithms in Python

py-diff-match-patch @20241021 (python)
The Diff Match and Patch libraries offer robust algorithms to perform the operations required for synchronizing plain text.

py-fastdtw @0.3.4 (python, science)
Dynamic Time Warping (DTW) algorithm with an O(N) time and memory complexity.

py-kiwisolver @1.4.9 (python, math)
Kiwi is an efficient C++ implementation of the Cassowary constraint solving algorithm.

py-munkres @1.1.4 (python, devel)
Munkres algorithm for Python

py-pyuca @1.2 (python, devel)
a Python implementation of the Unicode Collation Algorithm

py-pyviennacl @1.0.3 (python, devel)
Sparse/dense linear algebra on GPUs and CPUs using OpenCL

py-scikit-image @0.26.0 (python, science)
Image processing algorithms for SciPy.

py-sgp4 @2.25 (python, science)
Most recent SGP4 satellite tracking algorithm in Python.

py-snowballstemmer @3.0.1 (python)
This package provides 23 stemmer algorithms for 22 languages generated from Snowball algorithms.

py-spark_parser @1.9.0 (python)
An Earley-Algorithm Context-free grammar Parser Toolkit

py-toposort @1.10 (python, devel)
Implements a topological sort algorithm

py-xarray-einstats @0.9.1 (python, math)
Stats, linear algebra and einops for xarray

py27-kiwisolver @1.1.0 (python, math)
Kiwi is an efficient C++ implementation of the Cassowary constraint solving algorithm.

py27-snowballstemmer @3.0.1 (python)
This package provides 23 stemmer algorithms for 22 languages generated from Snowball algorithms.

py38-snowballstemmer @3.0.1 (python)
This package provides 23 stemmer algorithms for 22 languages generated from Snowball algorithms.

py39-argon2-cffi @25.1.0 (python, devel)
Argon2 is a secure password hashing algorithm.

py39-kiwisolver @1.4.9 (python, math)
Kiwi is an efficient C++ implementation of the Cassowary constraint solving algorithm.

py39-snowballstemmer @3.0.1 (python)
This package provides 23 stemmer algorithms for 22 languages generated from Snowball algorithms.

py310-algopy @0.7.2 (python, math)
AlgoPy is a Research Prototype for Algorithmic Differentation in Python

py310-argon2-cffi @25.1.0 (python, devel)
Argon2 is a secure password hashing algorithm.

py310-bidi @0.6.7 (python)
Pure python implementation of the BiDi layout algorithm

py310-boolean.py @5.0 (python)
Define boolean algebras, create and parse boolean expressions and create custom boolean DSL.

py310-commpy @0.8.0 (python)
Digital Communication Algorithms with Python

py310-cramjam @2.10.0 (python)
Extremely thin and easy-to-install Python bindings to de/compression algorithms in Rust

py310-crc32c @2.8 (python, devel)
A python package implementing the crc32c algorithm in hardware and software.

py310-deap @1.4.3 (python, devel)
Distributed Evolutionary Algorithms in Python

py310-diff-match-patch @20241021 (python)
The Diff Match and Patch libraries offer robust algorithms to perform the operations required for synchronizing plain text.

py310-kiwisolver @1.4.9 (python, math)
Kiwi is an efficient C++ implementation of the Cassowary constraint solving algorithm.

py310-munkres @1.1.4 (python, devel)
Munkres algorithm for Python

py310-pyuca @1.2 (python, devel)
a Python implementation of the Unicode Collation Algorithm

py310-scikit-image @0.26.0 (python, science)
Image processing algorithms for SciPy.

py310-sgp4 @2.25 (python, science)
Most recent SGP4 satellite tracking algorithm in Python.

py310-snowballstemmer @3.0.1 (python)
This package provides 23 stemmer algorithms for 22 languages generated from Snowball algorithms.

py310-spark_parser @1.9.0 (python)
An Earley-Algorithm Context-free grammar Parser Toolkit

py310-toposort @1.10 (python, devel)
Implements a topological sort algorithm

py310-xarray-einstats @0.9.1 (python, math)
Stats, linear algebra and einops for xarray

py311-algopy @0.7.2 (python, math)
AlgoPy is a Research Prototype for Algorithmic Differentation in Python

py311-argon2-cffi @25.1.0 (python, devel)
Argon2 is a secure password hashing algorithm.

py311-bidi @0.6.7 (python)
Pure python implementation of the BiDi layout algorithm

py311-boolean.py @5.0 (python)
Define boolean algebras, create and parse boolean expressions and create custom boolean DSL.

py311-cramjam @2.10.0 (python)
Extremely thin and easy-to-install Python bindings to de/compression algorithms in Rust

py311-crc32c @2.8 (python, devel)
A python package implementing the crc32c algorithm in hardware and software.

py311-deap @1.4.3 (python, devel)
Distributed Evolutionary Algorithms in Python

py311-diff-match-patch @20241021 (python)
The Diff Match and Patch libraries offer robust algorithms to perform the operations required for synchronizing plain text.

py311-kiwisolver @1.4.9 (python, math)
Kiwi is an efficient C++ implementation of the Cassowary constraint solving algorithm.

py311-munkres @1.1.4 (python, devel)
Munkres algorithm for Python

py311-pyuca @1.2 (python, devel)
a Python implementation of the Unicode Collation Algorithm

py311-pyviennacl @1.0.3 (python, devel)
Sparse/dense linear algebra on GPUs and CPUs using OpenCL

py311-scikit-image @0.26.0 (python, science)
Image processing algorithms for SciPy.

py311-sgp4 @2.25 (python, science)
Most recent SGP4 satellite tracking algorithm in Python.

py311-snowballstemmer @3.0.1 (python)
This package provides 23 stemmer algorithms for 22 languages generated from Snowball algorithms.

py311-spark_parser @1.9.0 (python)
An Earley-Algorithm Context-free grammar Parser Toolkit

py311-toposort @1.10 (python, devel)
Implements a topological sort algorithm

py311-xarray-einstats @0.9.1 (python, math)
Stats, linear algebra and einops for xarray

py312-algopy @0.7.2 (python, math)
AlgoPy is a Research Prototype for Algorithmic Differentation in Python

py312-argon2-cffi @25.1.0 (python, devel)
Argon2 is a secure password hashing algorithm.

py312-bidi @0.6.7 (python)
Pure python implementation of the BiDi layout algorithm

py312-boolean.py @5.0 (python)
Define boolean algebras, create and parse boolean expressions and create custom boolean DSL.

py312-colour @0.4.6 (python)
A comprehensive number of colour theory transformations and algorithms

py312-cramjam @2.10.0 (python)
Extremely thin and easy-to-install Python bindings to de/compression algorithms in Rust

py312-crc32c @2.8 (python, devel)
A python package implementing the crc32c algorithm in hardware and software.

py312-deap @1.4.3 (python, devel)
Distributed Evolutionary Algorithms in Python

py312-diff-match-patch @20241021 (python)
The Diff Match and Patch libraries offer robust algorithms to perform the operations required for synchronizing plain text.

py312-kiwisolver @1.4.9 (python, math)
Kiwi is an efficient C++ implementation of the Cassowary constraint solving algorithm.

py312-lal @7.6.0 (science, python)
Python 3.12 bindings for LSC Algorithm Library

py312-lalburst @2.0.5 (science, python)
Python 3.12 bindings for LSC Algorithm Library - Burst

py312-lalframe @3.0.5 (science, python)
Python 3.12 bindings for LSC Algorithm Library - Frame

py312-lalinference @4.1.7 (science, python)
Python 3.12 bindings for LSC Algorithm Library - Inference

py312-lalinspiral @5.0.1 (science, python)
Python 3.12 bindings for LSC Algorithm Library - Inspiral

py312-lalmetaio @4.0.5 (science, python)
Python 3.12 bindings for LSC Algorithm Library - MetaIO

py312-lalpulsar @7.0.0 (science, python)
Python 3.12 bindings for LSC Algorithm Library - Pulsar

py312-lalsimulation @6.0.0 (science, python)
Python 3.12 bindings for LSC Algorithm Library - Simulation

py312-pyuca @1.2 (python, devel)
a Python implementation of the Unicode Collation Algorithm

py312-scikit-image @0.26.0 (python, science)
Image processing algorithms for SciPy.

py312-sgp4 @2.25 (python, science)
Most recent SGP4 satellite tracking algorithm in Python.

py312-snowballstemmer @3.0.1 (python)
This package provides 23 stemmer algorithms for 22 languages generated from Snowball algorithms.

py312-spark_parser @1.9.0 (python)
An Earley-Algorithm Context-free grammar Parser Toolkit

py312-xarray-einstats @0.9.1 (python, math)
Stats, linear algebra and einops for xarray

py313-algopy @0.7.2 (python, math)
AlgoPy is a Research Prototype for Algorithmic Differentation in Python

py313-argon2-cffi @25.1.0 (python, devel)
Argon2 is a secure password hashing algorithm.

py313-bidi @0.6.7 (python)
Pure python implementation of the BiDi layout algorithm

py313-boolean.py @5.0 (python)
Define boolean algebras, create and parse boolean expressions and create custom boolean DSL.

py313-cramjam @2.10.0 (python)
Extremely thin and easy-to-install Python bindings to de/compression algorithms in Rust

py313-crc32c @2.8 (python, devel)
A python package implementing the crc32c algorithm in hardware and software.

py313-deap @1.4.3 (python, devel)
Distributed Evolutionary Algorithms in Python

py313-diff-match-patch @20241021 (python)
The Diff Match and Patch libraries offer robust algorithms to perform the operations required for synchronizing plain text.

py313-kiwisolver @1.4.9 (python, math)
Kiwi is an efficient C++ implementation of the Cassowary constraint solving algorithm.

py313-pyuca @1.2 (python, devel)
a Python implementation of the Unicode Collation Algorithm

py313-scikit-image @0.26.0 (python, science)
Image processing algorithms for SciPy.

py313-sgp4 @2.25 (python, science)
Most recent SGP4 satellite tracking algorithm in Python.

py313-snowballstemmer @3.0.1 (python)
This package provides 23 stemmer algorithms for 22 languages generated from Snowball algorithms.

py313-spark_parser @1.9.0 (python)
An Earley-Algorithm Context-free grammar Parser Toolkit

py313-xarray-einstats @0.9.1 (python, math)
Stats, linear algebra and einops for xarray

py314-algopy @0.7.2 (python, math)
AlgoPy is a Research Prototype for Algorithmic Differentation in Python

py314-argon2-cffi @25.1.0 (python, devel)
Argon2 is a secure password hashing algorithm.

py314-crc32c @2.8 (python, devel)
A python package implementing the crc32c algorithm in hardware and software.

py314-diff-match-patch @20241021 (python)
The Diff Match and Patch libraries offer robust algorithms to perform the operations required for synchronizing plain text.

py314-fastdtw @0.3.4 (python, science)
Dynamic Time Warping (DTW) algorithm with an O(N) time and memory complexity.

py314-kiwisolver @1.4.9 (python, math)
Kiwi is an efficient C++ implementation of the Cassowary constraint solving algorithm.

py314-pyuca @1.2 (python, devel)
a Python implementation of the Unicode Collation Algorithm

py314-scikit-image @0.26.0 (python, science)
Image processing algorithms for SciPy.

py314-sgp4 @2.25 (python, science)
Most recent SGP4 satellite tracking algorithm in Python.

py314-snowballstemmer @3.0.1 (python)
This package provides 23 stemmer algorithms for 22 languages generated from Snowball algorithms.

py314-xarray-einstats @0.9.1 (python, math)
Stats, linear algebra and einops for xarray

qepcad @2023.03.12 (math)
Quantifier Elimination by Partial Cylindrical Algebraic Decomposition

R-acebayes @1.10_2 (R, science, math)
Optimal Bayesian experimental design using the ACE algorithm

R-ADMM @0.3.3_2 (R, science, math)
Algorithms using Alternating Direction Method of Multipliers

R-aihuman @0.1.0_1 (R, science)
Experimental evaluation of algorithm-assisted human decision-making

R-AlgDesign @1.2.1.1 (R, science)
Algorithmic experimental design

R-BACprior @2.1.1_1 (R, science, math)
Choice of Omega in the BAC algorithm

R-bayesnec @2.1.3.0 (R, science, math)
Bayesian No-Effect-Concentration (NEC) algorithm

R-BCA1SG @0.1.0_1 (R, science, math)
Block coordinate ascent with one-step generalized Rosen algorithm

R-BCEE @1.3.2_1 (R, science, math)
Bayesian causal effect estimation algorithm

R-bgmm @1.8.5_1 (R, science, math)
Gaussian mixture modelling algorithms and the belief-based mixture modelling

R-bigalgebra @1.1.2 (R, science, math)
BLAS/LAPACK routines for native R matrices and big.matrix objects

R-blaster @1.0.7_1 (R, science)
Native R implementation of an efficient BLAST-like algorithm

R-blockmodels @1.1.5_1 (R, science, math)
Latent and stochastic block model estimation by a V-EM algorithm

R-bluster @1.14.0 (R, science, bioconductor)
Clustering algorithms for Bioconductor

R-bootstrapFP @0.4.6_1 (R, science, math)
Bootstrap algorithms for finite population inference

R-Boruta @8.0.0 (R, science, math)
Wrapper algorithm for all relevant feature selection

R-BT @0.4_1 (R, science, math)
(Adaptive) Boosting Trees algorithm

R-bvls @1.4_1 (R, science, math)
Stark–Parker algorithm for bounded-variable least squares

R-caracas @2.1.1_1 (R, science, math)
Computer algebra

R-clifford @1.0-8_2 (R, science, math)
Arbitrary-dimensional Clifford algebras

R-dcorVS @1.0_1 (R, science, math)
Variable selection algorithms using the distance correlation

R-DiffNet @1.0.2_1 (R, science, math)
Identify significant node scores using network diffusion algorithm

R-disclapmix @1.7.4_2 (R, science, math)
Discrete Laplace mixture inference using the EM algorithm

R-dtw @1.23-1_2 (R, science)
Dynamic Time Warping algorithms

R-EigenR @1.3.0 (R, science, math)
Complex Matrix Algebra with Eigen

R-elmNNRcpp @1.0.4_2 (R, science, math)
Extreme learning machine algorithm

R-EMCluster @0.2-16 (R, science, math)
EM algorithm for model-based clustering of finite mixture Gaussian distribution

R-emoa @0.5-3 (R, science, math)
Evolutionary Multiobjective Optimization Algorithms

R-fasta @0.1.0_1 (R, science, math)
Fast Adaptive Shrinkage/Thresholding Algorithm

R-fastICA @1.2-7 (R, science)
FastICA algorithms to perform ICA and projection pursuit

R-fastkqr @1.0.0 (R, science, math)
Fast Algorithm for Kernel Quantile Regression

R-fICA @1.1-2_2 (R, science, math)
Classical, reloaded and adaptive FastICA algorithms

R-FitARMA @1.6.1_1 (R, science, math)
Fit ARMA or ARIMA using fast MLE algorithm

R-flexclust @1.4-2 (R, science, math)
Flexible cluster algorithms

R-FNN @1.1.4.1 (R, science, math)
Fast Nearest Neighbor search algorithms and applications

R-freealg @1.1-8 (R, science, math)
The free algebra in R with non-commuting indeterminates

R-FSelectorRcpp @0.3.13 (R, science, math)
Rcpp implementation of FSelector entropy-based feature selection algorithms

R-GA @3.2.4_1 (R, science, math)
R package for optimization using genetic algorithms

R-gena @1.0.0_1 (R, science, math)
Genetic algorithm and particle swarm optimization

R-genlasso @1.6.1_1 (R, science, math)
Path algorithm for generalized lasso problems

R-genMCMCDiag @0.2.2 (R, science, math)
Generalized convergence diagnostics for difficult MCMC algorithms

R-gglasso @1.5.1_1 (R, science, math)
Group lasso penalized learning using a unified BMD algorithm

R-globalOptTests @1.1 (R, science, math)
Objective functions for benchmarking the performance of global optimization algorithms

R-GPArotation @2024.3-1_1 (R, science, math)
Gradient Projection Algorithm Rotation for factor analysis

R-graphlayouts @1.2.1 (R, science)
Additional layout algorithms for network visualizations

R-hightR @0.3.0_1 (R, science, security)
HIGHT algorithm

R-imbalance @1.0.2.1_1 (R, science, math)
Preprocessing algorithms for imbalanced datasets

R-JacobiEigen @0.3-4_1 (R, science, math)
Classical Jacobi eigenvalue algorithm

R-Jaya @1.0.3 (R, science, math)
Maximization/minimization of a fitness function using the Jaya Algorithm (JA)

R-jordan @1.0-6 (R, science, math)
Suite of routines for working with Jordan algebras

R-kmndirs @0.0-0_1 (R, science, math)
R interface to the k-mean-directions algorithm

R-l2boost @1.0.3_1 (R, science, math)
Friedman’s boosting algorithm

R-lassoshooting @0.1.5-1.1_1 (R, science, math)
L1-regularized regression (lasso) solver using the cyclic coordinate descent algorithm

R-leiden @0.4.3.1_1 (R, science, math)
R implementation of Leiden clustering algorithm

R-leidenAlg @1.1.4 (R, science, math)
R interface to the Leiden algorithm, an iterative community detection algorithm on networks

R-levmaR @0.0.1_1 (R, science, math)
Interface for the Levenberg–Marquardt optimization algorithm provided by the levmar Library

R-localgauss @0.41_1 (R, science, math)
Estimation of local Gaussian parameters

R-lvmcomp @1.2_1 (R, science, math)
Stochastic EM algorithms for latent variable models with a high-dimensional latent space

R-maotai @0.2.5_2 (R, science, math)
Tools for matrix algebra, optimization and inference

R-MAPA @2.0.7_1 (R, science, math)
Multiple Aggregation Prediction Algorithm

R-marqLevAlg @2.0.8_2 (R, science, math)
Parallelized general-purpose optimization based on Marquardt–Levenberg algorithm

R-MassSpecWavelet @1.70.0 (R, science, bioconductor)
Peak detection for mass spectrometry data using wavelet-based algorithms

R-matlib @1.0.0 (R, science, math)
Matrix functions for teaching and learning linear algebra and multivariate statistics

R-mcga @3.0.7_1 (R, science, math)
Machine coded genetic algorithms for real-valued optimization problems

R-mco @1.17 (R, science, math)
Multiple-criteria optimization algorithms and related functions

R-Mhorseshoe @0.1.3 (R, science, math)
Approximate algorithm for horseshoe prior

R-micss @0.2.0 (R, science, math)
Modified Iterative Cumulative Sum of Squares algorithm

R-minimaxApprox @0.4.3 (R, science, math)
Implementation of Remez algorithm for polynomial and rational function approximation

R-minpack.lm @1.2-4_1 (R, science, math)
R interface to the Levenberg–Marquardt non-linear least-squares algorithm found in MINPACK

R-minqa @1.2.8 (R, science, math)
Derivative-Free Optimization Algorithms by Quadratic Approximation

R-MixSim @1.1-8 (R, science, math)
Simulating data to study performance of clustering algorithms

R-mize @0.2.4_2 (R, science, math)
Unconstrained numerical optimization algorithms

R-mlr3resampling @2024.9.6 (R, science, math)
Resampling algorithms for R-mlr3

R-MTPS @1.0.2 (R, science, math)
Multi-task prediction using stacking algorithms

R-multiplex @3.4 (R, science, math)
Algebraic tools for the analysis of multiple social networks

R-mvgb @0.0.6 (R, science, math)
Generate multivariate sub-gaussian stable probabilities using the QRSVN algorithm

R-naivebayes @1.0.0_1 (R, science, math)
High-performance implementation of the Naïve Bayes algorithm

R-ncpen @1.0.0_1 (R, science, math)
Unified algorithm for non-convex penalized estimation for generalized linear models

R-nimbleHMC @0.2.2 (R, science, math)
Hamiltonian Monte Carlo and other gradient-based MCMC sampling algorithms for R-nimble

R-NMF @0.28 (R, science, math)
Algorithms and framework for nonnegative matrix factorization (NMF)

R-nnls @1.6 (R, science, math)
The Lawson–Hanson algorithm for non-negative least squares

R-packcircles @0.3.6_1 (R, science)
Algorithms to find arrangements of non-overlapping circles

R-paradox @1.0.1 (R, science)
Define and work with parameter spaces for complex algorithms

R-pcalg @2.7-12 (R, science, math)
Methods for graphical models and causal inference

R-PeakSegDP @2024.1.24_1 (R, science)
Dynamic programming algorithm for peak detection in ChIP-Seq data

R-penaltyLearning @2024.9.3 (R, science, math)
Implementations of algorithms from Learning Sparse Penalties for Change-point Detection using Max Margin Interval Regression

R-picasso @1.3.1_1 (R, science, math)
Pathwise calibrated sparse shooting algorithm

R-ramcmc @0.1.2_2 (R, science, math)
Building blocks for Robust Adaptive Metropolis algorithm

R-RationalMatrix @1.0.0_2 (R, science, math)
Exact matrix algebra for matrices with rational entries

R-RBGL @1.80.0 (R, science, bioconductor, devel)
Interface to the graph algorithms contained in the Boost library

R-Rborist @0.3-7_1 (R, science, math)
Extensible, parallelizable implementation of the random forest algorithm

R-RcppAlgos @2.8.5 (R, science, math)
High-performance tools for combinatorics and computational mathematics

R-RcppArmadillo @14.2.2-1 (R, science, math)
Rcpp integration for the Armadillo Templated Linear Algebra Library

R-RcppBigIntAlgos @1.1.0_1 (R, science, math)
Factor big integers with the parallel quadratic sieve

R-RcppEigen @0.3.4.0.2 (R, science, math)
Rcpp integration for the Eigen Templated Linear Algebra Library

R-RcppGreedySetCover @0.1.0_2 (R, science, math)
Fast implementation of the greedy algorithm for the set cover problem using Rcpp

R-RDP @0.3.0_1 (R, science, math)
Ramer–Douglas–Peucker algorithm

R-rDppDiversity @0.0.2_2 (R, science, math)
Subset searching algorithm using DPP greedy map

R-relations @0.6-14 (R, science, math)
Data structures and algorithms for relations

R-rlemon @0.2.1 (R, science, math)
R Access to LEMON graph algorithms

R-Rmalschains @0.2-10_1 (R, science, math)
Continuous Optimization using Memetic Algorithms with Local Search Chains (MA-LS-Chains)

R-rmarchingcubes @0.1.3_2 (R, science, math)
Calculate 3D contour meshes using the marching cubes algorithm

R-rminqa @0.2.2_2 (R, science, math)
Derivative-free optimization algorithms in R using C++

R-robslopes @1.1.3 (R, science, math)
Fast algorithms for robust slopes

R-rospca @1.1.0_1 (R, science, math)
Robust Sparse PCA using the ROSPCA Algorithm

R-RRBoost @0.2 (R, science, math)
Implementation of robust boosting algorithms for regression in R

R-rTensor2 @2.0.0_1 (R, science, math)
MultiLinear Algebra

R-rvinecopulib @0.6.3.1.1_2 (R, science, math)
High-performance algorithms for vine copula modeling

R-Ryacas @1.1.5_1 (R, science, math)
R interface to the Yacas Computer Algebra System

R-Ryacas0 @0.4.4_1 (R, science, math)
Legacy version of Ryacas, an interface to the yacas computer algebra system

R-saemix @3.3_1 (R, science, math)
Stochastic approximation expectation maximization (SAEM) algorithm

R-SAMM @1.1.1_1 (R, science, math)
Some Algorithms for Mixed Models

R-simex @1.8_1 (R, science, math)
SIMEX- and MCSIMEX-algorithm for measurement error models

R-simpleMH @0.1.1_1 (R, science, math)
Simple Metropolis-Hastings MCMC algorithm

R-SKNN @4.0 (R, science, math)
Super K-Nearest Neighbor (SKNN) classification algorithm

R-snem @0.1.1 (R, science, math)
EM algorithm for multivariate skew-normal distribution with overparametrization

R-soma @1.2.0_1 (R, science, math)
General-purpose optimisation with the self-organising migrating algorithm

R-SparseM @1.84-2 (R, science, math, economics)
Sparse Linear Algebra

R-SparseMDC @0.99.5_1 (R, science, math)
Implementation of SparseMDC algorithm

R-SpatialGraph @1.0-4_1 (R, science, math)
SpatialGraph class

R-spatstat.sparse @3.1-0 (R, science, math)
Sparse three-dimensional arrays and linear algebra utilities

R-speedglm @0.3-5_1 (R, science, math)
Fitting linear models and generalized linear models to large data sets by updating algorithms

R-SQUAREM @2021.1_2 (R, science, math)
Squared Extrapolation Methods for Accelerating EM-Like Monotone Algorithms

R-subplex @1.9 (R, science, math)
Unconstrained optimization using the subplex algorithm

R-SuperLearner @2.0-29_1 (R, science, math)
Implements the super-learner prediction method and contains a library of prediction algorithms to be used in the super-learner

R-TestFunctions @0.2.2 (R, science)
Test functions for simulation experiments and evaluating optimization and emulation algorithms

R-tglkmeans @0.5.5_1 (R, science, math)
Efficient implementation of k-means++ algorithm

R-UPG @0.3.4_1 (R, science, math)
Efficient Bayesian algorithms for binary and categorical data regression models

R-wbacon @0.6-2 (R, science, math)
Weighted BACON algorithms

R-weyl @0.0-5 (R, science, math)
A suite of routines for Weyl algebras

R-zstdlite @0.2.7_1 (R, science, archivers, devel)
Fast compression and serialization with zstandard algorithm

rb-aescrypt @0.1.0_1 (ruby, crypto, security)
An AES encryption algorithm for Ruby, using the AESCrypt library

rb-diff-lcs @1.1.2_1 (ruby)
Diff::LCS is a port of Algorithm::Diff.

rb-numo-linalg @0.1.7 (ruby, math)
Linear algebra library with interface to BLAS/LAPACK

rb-t_algebra @0.1.6 (ruby, math)
Functor, Applicative and Monad interfaces for Ruby

rb-text @1.3.1 (ruby)
A collection of text algorithms

rb19-arel @2.0.9 (ruby, devel, databases)
Relational Algebra for Ruby

rb19-diff-lcs @1.1.2_1 (ruby)
Ruby port of Algorithm::Diff using longest common subsequence

rb30-text @1.3.1 (ruby)
A collection of text algorithms

rb31-aescrypt @0.1.0_1 (ruby, crypto, security)
An AES encryption algorithm for Ruby, using the AESCrypt library

rb31-numo-linalg @0.1.7 (ruby, math)
Linear algebra library with interface to BLAS/LAPACK

rb31-t_algebra @0.1.6 (ruby, math)
Functor, Applicative and Monad interfaces for Ruby

rb31-text @1.3.1 (ruby)
A collection of text algorithms

rb32-aescrypt @0.1.0_1 (ruby, crypto, security)
An AES encryption algorithm for Ruby, using the AESCrypt library

rb32-numo-linalg @0.1.7 (ruby, math)
Linear algebra library with interface to BLAS/LAPACK

rb32-t_algebra @0.1.6 (ruby, math)
Functor, Applicative and Monad interfaces for Ruby

rb32-text @1.3.1 (ruby)
A collection of text algorithms

rb33-aescrypt @0.1.0_1 (ruby, crypto, security)
An AES encryption algorithm for Ruby, using the AESCrypt library

rb33-numo-linalg @0.1.7 (ruby, math)
Linear algebra library with interface to BLAS/LAPACK

rb33-t_algebra @0.1.6 (ruby, math)
Functor, Applicative and Monad interfaces for Ruby

rb33-text @1.3.1 (ruby)
A collection of text algorithms

reduce @20211019 (math, lang)
REDUCE Computer Algebra System

simstring @20140723 (textproc, math)
A fast and simple algorithm for approximate string matching/retrieval

singular @4.4.0 (math)
the Singular computer algebra system

sofia-ml @2011-06-20-r42_1 (math)
Suite of Fast Incremental Algorithms for Machine Learning

spral @2024.05.08_1 (math, science)
Sparse Parallel Robust Algorithms Library

stk @5.0.1 (audio)
open source audio signal processing and algorithmic synthesis classes

sundials2 @2.7.0_7 (math, devel)
SUite of Nonlinear and DIfferential/ALgebraic equation Solvers

sundials5 @5.8.0_2 (math, devel)
SUite of Nonlinear and DIfferential/ALgebraic equation Solvers

sundials6 @6.7.0 (math, devel)
SUite of Nonlinear and DIfferential/ALgebraic equation Solvers

szip @2.1.1 (archivers)
Szip is an implementation of the extended-Rice lossless compression algorithm.

thrust @2.4.0 (devel, parallel)
The C++ parallel algorithms library

valgrind @3.16.1 (devel)
A powerful open-source memory debugger

valgrind-devel @3.16.1-r2020-12-17 (devel)
A powerful open-source memory debugger

valgrind-macos-devel @3.22.0-r2023-10-29 (devel)
A powerful memory debugger with latest macOS support

VecTcl @0.3 (math)
Numeric array and linear algebra extension for Tcl

viennacl @1.7.1_2 (math, devel)
ViennaCL is a free open-source linear algebra library

vinci @1.0.5 (math)
Package that implements algorithms for convex body volume computation

vlfeat @0.9.20 (graphics, devel)
Implementation of SIFT, MSER and other CV algorithms.

vtk-m @2.3.0 (graphics, science, devel)
VTK-m is a toolkit of scientific visualization algorithms for emerging processor architectures

vtk-m-17 @1.7.1_1 (graphics, science, devel)
VTK-m is a toolkit of scientific visualization algorithms for emerging processor architectures

weka @3.6.4 (science, java)
Weka is a collection of machine learning algorithms for data mining tasks implemented in java

xtl @0.8.1 (devel)
Basic tools (containers, algorithms) used by other quantstack packages.

xxhash @0.8.3_2 (devel)
xxHash is an Extremely fast Hash algorithm, running at RAM speed limits.

xxhashlib @0.8.3_3 (devel)
xxHash is an Extremely fast Hash algorithm, running at RAM speed limits.

yacas @1.9.1 (math)
Yet Another Computer Algebra System

zstd @1.5.7 (archivers, devel)
Zstandard - Fast real-time compression algorithm

Found 598 ports.
