4ti2 @1.6.13 (math)
A software package for algebraic, geometric and combinatorial problems on linear spaces.

armadillo @15.2.3 (science)
Armadillo C++ linear algebra library

atlas @3.10.2_2 (math)
Portable optimal linear algebra software

blaspp @2024.10.26 (math, science)
C++ API for the Basic Linear Algebra Subroutines

bpack @3.2.0 (math, science)
ButterflyPACK is a mathematical software for rapidly solving large-scale dense linear systems that exhibit off-diagonal rank-deficiency

cminpack @1.3.11 (math)
Solving nonlinear equations and nonlinear least squares problems

coinor-clp @1.17.9 (math)
A solver for linear programs

coinor-coinutils @2.11.10 (math)
Utilities, data structures, and linear algebra methods for COIN-OR projects

coinor-osi @0.108.9 (math)
A uniform API for calling embedded linear and mixed-integer programming solvers.

conmax @0.0.1 (fortran, math)
Modern Fortran CONMAX optimization method for general non-linearly constrained function minimization.

cotila @1.2.1 (math, science)
A compile-time linear algebra system for C++

DateLine @0.61_3 (aqua, amusements)
displays linear calendar on desktop

eigen @2.0.17 (math, science)
A C++ template library for linear algebra: vectors, matrices, and related algorithms.

eigen3 @3.4.0_1 (math, science)
A C++ template library for linear algebra: vectors, matrices, and related algorithms.

eigen3-devel @3.4-tracking-20241122 (math, science)
A C++ template library for linear algebra: vectors, matrices, and related algorithms.

finterp @1.3.0 (fortran, math)
Multidimensional linear interpolation with modern Fortran

flann @1.9.2_3 (science, devel)
Fast Library for Approximate Nearest Neighbors

fortran-nlesolver @2.2.0 (fortran, math)
Nonlinear equation solver with modern Fortran

GaussianLib @2023.02.17 (devel, math)
Basic linear algebra C++ library for 2D and 3D applications

ginkgo @1.9.0 (math, parallel)
Numerical linear algebra software package

glpk @5.0 (math, lang)
GNU Linear Programming Kit

gstreamer010-gnonlin @0.10.17_1 (gnome)
A set of non-linear editing plugins for GStreamer.

HiGHS @1.12.0 (math, science)
Linear optimization software

hiop @1.1.0_1 (math, science)
HPC solver for non-linear optimization problems

hypre @2.32.0 (math)
HYPRE is a linear solver

itsol @2.0_3 (math)
ITerative SOLvers for sparse linear systems.

kdenlive @0.9.10_4 (multimedia)
A non-linear video editing suite.

lapack @3.12.1 (math, devel, science)
Linear Algebra PACKage

laspack @1.12.2 (math)
Package for solving large sparse systems of linear equations

levmar @2.6_3 (math)
Levenberg-Marquardt nonlinear least squares algorithm

libANN @1.1.2_1 (science, devel)
A Library for Approximate Nearest Neighbor Searching

liblinear @2.47 (math)
A simple package for solving large-scale regularized linear classification.

libltc @1.3.2 (multimedia)
linear timecode library

libnfc @1.7.1 (comms, devel)
Nearfield Communications Library (RFID)

libpapilo @2.3.0 (math)
Parallel Presolve for Integer and Linear Optimization

linalg @1.8.2 (math, science)
Linear algebra library that provides a user-friendly interface to several BLAS and LAPACK routines

lis @2.0.30 (math, science)
a parallel software library for solving linear equations and eigenvalue problems

lp_solve @5.5.2.11 (math)
Linear Programming Solver

lp_solve_java @5.5.2.11 (math)
Java library for Linear Programming Solver

LSQR @1.1.0 (fortran, math)
Modern Fortran sparse linear systems solver

ltc-tools @0.7.0 (multimedia)
command line tools for linear timecode (LTC)

matrix-calculator @2018.03.13_1 (math)
Matrix multiplication and inverses, systems of linear equations etc.

minpack @20220613 (math, devel)
Minpack includes software for solving nonlinear equations and nonlinear least squares problems.

nanoflann @1.7.1 (math, science)
A C++11 header-only library for Nearest Neighbor (NN) search wih KD-trees

octave-image @2.18.1 (octave, math, science)
The Octave-forge Image package provides functions for processing images. The package also provides functions for feature extraction, image statistics, spatial and geometric transformations, morphological operations, linear filtering, and much more.

octave-linear-algebra @2.2.3_1 (octave, math, science)
Additional linear algebra code, including general SVD and matrix functions.

octave-optim @1.6.2_7 (octave, math, science)
Unconstrained Non-linear Optimization toolkit.

octave-tisean @0.2.3_10 (octave, math, science)
Nonlinear Time Series Analysis

optpp @20220920 (math)
C++ library for non-linear optimization

p5-algorithm-curvefit @1.60.0 (perl)
Algorithm::CurveFit - Nonlinear Least Squares Fitting

p5-moosex-oneargnew @0.7.0 (perl)
MooseX::OneArgNew - teach ->new to accept single, non-hashref arguments

p5.28-algorithm-curvefit @1.60.0 (perl)
Algorithm::CurveFit - Nonlinear Least Squares Fitting

p5.28-moosex-oneargnew @0.7.0 (perl)
MooseX::OneArgNew - teach ->new to accept single, non-hashref arguments

p5.30-algorithm-curvefit @1.60.0 (perl)
Algorithm::CurveFit - Nonlinear Least Squares Fitting

p5.30-moosex-oneargnew @0.7.0 (perl)
MooseX::OneArgNew - teach ->new to accept single, non-hashref arguments

p5.32-algorithm-curvefit @1.60.0 (perl)
Algorithm::CurveFit - Nonlinear Least Squares Fitting

p5.32-moosex-oneargnew @0.7.0 (perl)
MooseX::OneArgNew - teach ->new to accept single, non-hashref arguments

p5.34-algorithm-curvefit @1.60.0 (perl)
Algorithm::CurveFit - Nonlinear Least Squares Fitting

p5.34-moosex-oneargnew @0.7.0 (perl)
MooseX::OneArgNew - teach ->new to accept single, non-hashref arguments

papilo @2.3.0 (math)
Parallel Presolve for Integer and Linear Optimization

pecco @2022-03-18 (math)
simple C++ library for linear classification with conjunctive features

polysolve @2023.06.29 (math)
Easy-to-use wrapper for linear solver.

prima @0.7.2 (fortran, science)
PRIMA is a package for solving general non-linear optimization problems without using derivatives

psblas3 @3.8.1-2_1 (math, science, parallel)
Library of parallel sparse linear algebra on high performance computer.

pure-glpk @0.6 (pure, math, lang)
an interface to the GNU Linear Programming Kit (GLPK) for the Pure programming language

py-annoy @1.17.3 (python, devel)
Approximate Nearest Neighbors in C++/Python

py-clawpack @5.8.0 (python, math, science)
a collection of finite volume methods for linear and nonlinear hyperbolic systems of conservation laws

py-lap @0.5.12_1 (python)
Linear Assignment Problem solver (LAPJV/LAPMOD).

py-pulp @3.3.0 (python, science, math)
A Python Linear Programming API

py-pynndescent @0.6.0 (python, math)
Nearest Neighbor Descent

py-pyviennacl @1.0.3 (python, devel)
Sparse/dense linear algebra on GPUs and CPUs using OpenCL

py-scikits-ann @0.2_1 (python, science)
scikits.ann is a SWIG python wrapper for the Approximate Nearest Neighbor (ANN) Library

py-spglm @1.1.0 (python, gis)
SParse Generalized Linear Models (spglm)

py-xarray-einstats @0.9.1 (python, math)
Stats, linear algebra and einops for xarray

py27-scikits-ann @0.2_1 (python, science)
scikits.ann is a SWIG python wrapper for the Approximate Nearest Neighbor (ANN) Library

py39-clawpack @5.8.0 (python, math, science)
a collection of finite volume methods for linear and nonlinear hyperbolic systems of conservation laws

py310-pulp @3.3.0 (python, science, math)
A Python Linear Programming API

py310-spglm @1.1.0 (python, gis)
SParse Generalized Linear Models (spglm)

py310-xarray-einstats @0.9.1 (python, math)
Stats, linear algebra and einops for xarray

py311-pulp @3.3.0 (python, science, math)
A Python Linear Programming API

py311-pyviennacl @1.0.3 (python, devel)
Sparse/dense linear algebra on GPUs and CPUs using OpenCL

py311-spglm @1.1.0 (python, gis)
SParse Generalized Linear Models (spglm)

py311-xarray-einstats @0.9.1 (python, math)
Stats, linear algebra and einops for xarray

py312-annoy @1.17.3 (python, devel)
Approximate Nearest Neighbors in C++/Python

py312-pulp @3.3.0 (python, science, math)
A Python Linear Programming API

py312-spglm @1.1.0 (python, gis)
SParse Generalized Linear Models (spglm)

py312-xarray-einstats @0.9.1 (python, math)
Stats, linear algebra and einops for xarray

py313-annoy @1.17.3 (python, devel)
Approximate Nearest Neighbors in C++/Python

py313-lap @0.5.12_1 (python)
Linear Assignment Problem solver (LAPJV/LAPMOD).

py313-pulp @3.3.0 (python, science, math)
A Python Linear Programming API

py313-pynndescent @0.6.0 (python, math)
Nearest Neighbor Descent

py313-spglm @1.1.0 (python, gis)
SParse Generalized Linear Models (spglm)

py313-xarray-einstats @0.9.1 (python, math)
Stats, linear algebra and einops for xarray

py314-pulp @3.3.0 (python, science, math)
A Python Linear Programming API

py314-xarray-einstats @0.9.1 (python, math)
Stats, linear algebra and einops for xarray

QSopt_ex @2.5.10.20170629 (math)
an exact linear programming solver

R-aglm @0.4.0_1 (R, science, math)
Accurate Generalized Linear Model

R-alabama @2023.1.0_1 (R, science, math)
Constrained non-linear optimization

R-alr4 @1.0.6_2 (R, science)
Data to accompany Applied Linear Regression, 4th Edition

R-ardl.nardl @1.3.0_1 (R, science, math)
Linear and non-linear autoregressive distributed lag models

R-bayeslincom @1.3.0_2 (R, science, math)
Linear combinations of Bayesian posterior samples

R-BayesReversePLLH @1.5_1 (R, science, math)
Fit Bayesian piece-wise linear log-hazard model

R-BayesRS @0.1.3_1 (R, science, math)
Bayes factors for hierarchical linear models with continuous predictors

R-BayesVarSel @2.2.5_3 (R, science, math)
Bayes factors, model choice and variable selection in linear models

R-BB @2019.10-1_2 (R, science, math)
Solving and optimizing large-scale non-linear systems

R-bcgam @1.0_2 (R, science, math)
Bayesian constrained generalised linear models

R-BEND @1.0_1 (R, science, math)
Bayesian Estimation of Non-linear Data (BEND)

R-betareg @3.2-1 (R, science, math)
Testing linear regression models

R-BGLR @1.1.3 (R, science, math)
Bayesian Generalized Linear Regression

R-biglm @0.9-3 (R, science, math)
Bounded Memory Linear and Generalized Linear Models

R-BiocNeighbors @1.22.0 (R, science, bioconductor)
Nearest neighbor detection for Bioconductor packages

R-bliss @1.1.1 (R, science, math)
Bayesian functional linear regression with sparse step functions

R-blme @1.0-6 (R, science, math)
Bayesian Linear Mixed Effect models

R-brglm @0.7.2_2 (R, science)
Bias reduction in binomial-response generalized linear models

R-brglm2 @0.9.2_1 (R, science, math)
Bias reduction in generalized linear models

R-bssm @2.0.2_1 (R, science, math)
Bayesian inference of non-linear and non-Gaussian state space models

R-c060 @0.3-0_1 (R, science, math)
Extended inference for lasso and elastic-net regularized Cox and generalized linear models

R-cglm @1.1_1 (R, science, math)
Fit conditional generalized linear models

R-clpm @1.0_1 (R, science, math)
Constrained estimation of linear probability model

R-cobs @1.3-8_1 (R, science, math)
Qualitatively constrained (regression) smoothing splines via linear programming and sparse matrices

R-codalm @0.1.2_1 (R, science, math)
Transformation-free linear regression for compositional outcomes and predictors

R-collin @0.0.4_1 (R, science, math)
Visualization the effects of collinearity in distributed lag models and other linear models

R-collinear @2.0.0 (R, science, math)
Seamless multicollinearity management for categorical and numeric variables

R-complexlm @1.1.2_1 (R, science, math)
Linear fitting for complex-valued data

R-cond @1.2-3.1_2 (R, science, math)
Approximate conditional inference for logistic and loglinear models

R-coopProductGame @2.0_2 (R, science, math)
Computes cooperative games and allocation rules associated with linear production programming problems

R-cPCG @1.0_1 (R, science, math)
Efficient and customized preconditioned conjugate gradient method for solving system of linear equations

R-cplm @0.7-12.1 (R, science, math)
Compound Poisson Linear Models

R-dann @1.0.0_1 (R, science, math)
Discriminant-Adaptive Nearest Neighbor classification

R-DBfit @2.0_1 (R, science, math)
Double bootstrap method for analyzing linear models with autoregressive errors

R-dfsaneacc @1.0.3 (R, science, math)
Accelerated derivative-free method for large-scale non-linear systems of equations

R-dglm @1.8.6_1 (R, science, math)
Double Generalized Linear Models

R-dlbayes @0.1.0_1 (R, science, math)
Use Dirichlet Laplace prior to solve linear regression problem and do variable selection

R-dlm @1.1-6.1 (R, science, math)
Bayesian and likelihood analysis of dynamic linear models

R-dlnm @2.4.7_1 (R, science, math)
Distributed lag non-linear models

R-dlsem @2.4.6_2 (R, science, math)
Distributed-Lag Linear Structural Equation Models

R-doBy @4.6.24 (R, science, math)
Groupwise statistics, ls-means, linear estimates, utilities

R-dpseg @0.1.1_1 (R, science, math)
Piece-wise linear segmentation by dynamic programming

R-dynlm @0.3-6_2 (R, science, math, finance)
Dynamic linear models and time series regression

R-EBglmnet @6.0_1 (R, science, math)
Empirical Bayesian lasso and elastic net methods for generalized linear models

R-effClust @0.8.0_1 (R, science, math)
Calculate effective number of clusters for a linear model

R-effects @4.2-2_2 (R, science)
Effect displays for linear, generalized linear and other models

R-eglhmm @0.1-3_1 (R, science, math)
Extended generalised linear hidden Markov models

R-Elja @1.0.0_1 (R, science)
Linear, logistic and generalized linear models regressions for the EnvWAS/EWAS approach

R-estimability @1.5.1 (R, science, math)
Tools for assessing estimability of linear predictions

R-extendedFamily @0.2.4_1 (R, science, math)
Additional families for generalized linear models

R-fastglm @0.0.3_1 (R, science, math)
Fast and stable fitting of generalized linear models using RcppEigen

R-FENmlm @2.4.4_1 (R, science, math)
Fixed effects non-linear maximum likelihood models

R-flexmixNL @0.0.1_1 (R, science, math)
Finite mixture modeling of generalized non-linear models

R-FNN @1.1.4.1 (R, science, math)
Fast Nearest Neighbor search algorithms and applications

R-fNonlinear @4041.82 (R, science, finance)
Rmetrics – non-linear and chaotic time series modelling

R-forecast @8.23.0_1 (R, science, math, finance)
Forecasting functions for time series and linear models

R-forward @1.0.7 (R, science, math)
Robust analysis using forward search in linear and generalized linear regression models

R-fRLR @1.3.0_2 (R, science, math)
Fit Repeated Linear Regressions

R-FuzzyLP @0.1-7_1 (R, science, math)
Fuzzy Linear Programming

R-gaston @1.6 (R, science, biology)
Genetic data handling and linear mixed models

R-gglm @1.0.3 (R, science)
Grammar of graphics for linear model diagnostic plots

R-glarma @1.6-0_1 (R, science, math)
Generalized linear autoregressive moving average models

R-glba @0.2.1_2 (R, science, math)
General Linear Ballistic Accumulator models

R-gllvm @1.4.3_1 (R, science, math)
Generalized Linear Latent Variable Models

R-glm2 @1.2.1_2 (R, science, math)
Fitting Generalized Linear Models

R-glmbb @0.5-1_1 (R, science, math)
Find all hierarchical models of specified generalized linear model

R-glmc @0.3-1_1 (R, science, math)
Fitting of generalized linear models subject to constraints

R-glmertree @0.2-6 (R, science, math)
Generalized linear mixed model trees

R-glmGamPoi @1.16.0 (R, science, bioconductor)
Fit a Gamma-Poisson Generalized Linear Model

R-glmglrt @0.2.2_1 (R, science, math)
GLRT p-values in generalized linear models

R-glmm @1.4.5 (R, science, math)
Generalized linear mixed models via Monte Carlo likelihood approximation

R-GLMMadaptive @0.9-1_1 (R, science, math)
Generalized linear mixed models using adaptive Gaussian quadrature

R-glmmEP @1.0-3.1_1 (R, science, math)
Generalized Linear Mixed Model Analysis via Expectation Propagation

R-glmmLasso @1.6.3_1 (R, science, math)
Variable selection for generalized linear mixed models by l1-penalized estimation

R-glmmML @1.1.7 (R, science, math)
Generalized linear models with clustering

R-glmmPen @1.5.4.8 (R, science, math)
High-dimensional penalized generalized linear mixed models (pGLMM)

R-glmmrBase @0.11.2 (R, science, math)
Specification of generalised linear mixed models

R-glmmrOptim @0.3.5 (R, science, math)
Approximate optimal experimental designs using generalised linear mixed models

R-GLMMselect @1.2.0_1 (R, science, math)
Bayesian model selection for generalized linear mixed models

R-glmmTMB @1.1.10 (R, science, math)
Generalized Linear Mixed Models using Template Model Builder

R-glmnet @4.1-8_1 (R, science, math)
Lasso and elastic-net regularized generalized linear models

R-GLMpack @0.1.0_1 (R, science)
Data and code to accompany Generalized Linear Models (2nd ed.)

R-GLMsData @1.4_1 (R, science)
Data sets from the book Generalized Linear Models with Examples in R

R-glmtoolbox @0.1.12 (R, science, math)
Set of tools to data analysis using generalized linear models

R-glmtrans @2.0.0_1 (R, science, math)
Transfer learning under regularized generalized linear models

R-glmx @0.2-1 (R, science, math)
Generalized Linear Models Extended

R-gnlm @1.1.1_1 (R, science, math)
Generalized non-linear regression models

R-gnm @1.1-5_1 (R, science, math)
Generalized non-linear models in R

R-gplm @0.7-4_1 (R, science, math)
Generalized Partial Linear Models

R-gslnls @1.3.2_1 (R, science, math)
GSL Non-linear Least-Squares Fitting

R-gvlma @1.0.0.3_1 (R, science, math)
Global Validation of Linear Models Assumptions

R-hdpGLM @1.0.3_1 (R, science, math)
Hierarchical Dirichlet process generalized linear models

R-heplots @1.7.0 (R, science)
Visualizing hypothesis tests in multivariate linear models

R-hmer @1.6.0 (R, science, math)
R package for Bayes linear emulation and history matching

R-holiglm @1.0.0_1 (R, science, math)
Holistic generalized linear models

R-ic.infer @1.1-7_1 (R, science, math)
Inequality-constrained inference in linear normal situations

R-ICglm @0.1.0 (R, science, math)
Information criteria for generalized linear regression

R-ICtest @0.3-5_2 (R, science, math)
Estimating and testing the number of interesting components in linear dimension reduction

R-ImpShrinkage @1.0.0_1 (R, science, math)
Improved shrinkage estimations for multiple linear regression

R-jenga @1.3.0_1 (R, science, math)
Fast extrapolation of time features using k-nearest neighbors

R-kangar00 @1.4.2 (R, science)
Kernel approaches for non-linear genetic association regression

R-kDGLM @1.2.0 (R, science, economics, math)
Bayesian analysis of Dynamic Generalized Linear Models

R-KernelKnn @1.1.5_2 (R, science, math)
Kernel k-nearest neighbors

R-kknn @1.3.1_2 (R, science, math)
Weighted k-nearest neighbors

R-knnmi @1.0_1 (R, science, math)
k-Nearest Neighbor Mutual Information estimator

R-l0ara @0.1.6_2 (R, science, math)
Sparse generalized linear model with l0 approximation for feature selection

R-lbfgsb3c @2024-3.5 (R, science, math)
Solving and optimizing large-scale non-linear systems

R-lestat @1.9_1 (R, science, math)
Some simple objects and functions to do statistics using linear models and a Bayesian framework

R-lfe @3.1.0 (R, science, economics)
Linear Group Fixed Effects

R-libcoin @1.0-10_1 (R, science, math)
Linear test statistics for permutation inference

R-LiblineaR @2.10-24 (R, science, math)
Linear predictive models based on the liblinear C/C++ library

R-limma @3.60.4 (R, science, bioconductor)
Linear models for microarray data

R-limSolve @1.5.7.1_1 (R, science, math)
Solving linear inverse models

R-lin.eval @0.1.2_1 (R, science, math)
Polynomial evaluation of linearity

R-linprog @0.9-4_2 (R, science)
Linear Programming/Optimization

R-LINselect @1.1.5_1 (R, science, math)
Selection of linear estimators

R-lintools @0.1.7_1 (R, science, math)
Manipulation of linear systems of (in)equalities

R-lm.beta @1.7-2_2 (R, science)
Add standardized regression coefficients to linear-model objects

R-lme4 @1.1-35.5 (R, science, math)
Linear Mixed-Effects Models using Eigen and S4

R-lmerTest @3.1-3_2 (R, science, math)
Tests in linear mixed effects models

R-lmm @1.4_1 (R, science, math)
Linear Mixed Models

R-LMMsolver @1.0.8 (R, science, math)
Linear Mixed Model Solver

R-lmtest @0.9-40_2 (R, science, math, finance)
Testing linear regression models

R-logNormReg @0.5-0_1 (R, science, math)
Log-normal linear regression

R-lolR @2.1_2 (R, science, math)
Linear Optimal Low-Rank projection

R-lpSolve @5.6.23 (R, science, math)
Interface to Lp_solve to solve linear/integer programs

R-lqmix @1.0_1 (R, science, math)
Linear Quantile Mixture models

R-lqmm @1.5.8_2 (R, science, math)
Linear Quantile Mixed Models

R-lrgs @0.5.4_1 (R, science, math)
Linear Regression by Gibbs Sampling

R-ltsa @1.4.6.1 (R, science)
Linear Time Series Analysis

R-matlib @1.0.0 (R, science, math)
Matrix functions for teaching and learning linear algebra and multivariate statistics

R-mblm @0.12.1_1 (R, science, math)
Median-Based Linear Models

R-mcemGLM @1.1.3_2 (R, science, math)
Maximum likelihood estimation for generalized linear mixed models

R-mcglm @0.8.0_2 (R, science, math)
Multivariate covariance generalized linear models

R-MCMCglmm @2.36 (R, science, math)
MCMC generalised linear mixed models

R-mdhglm @1.8_1 (R, science, math)
Multivariate double hierarchical generalized linear models

R-merlin @0.1.0_2 (R, science, math)
Mixed effects regression for linear, non-linear and user-defined models.

R-minpack.lm @1.2-4_1 (R, science, math)
R interface to the Levenberg–Marquardt non-linear least-squares algorithm found in MINPACK

R-mixAK @5.8 (R, science, math)
Multivariate normal mixture models and mixtures of generalized linear mixed models including model-based clustering

R-mlmmm @0.3-1.2_1 (R, science, math)
ML estimation under multivariate linear mixed models with missing values

R-mpath @0.4-2.26 (R, science, math)
Regularized linear models

R-mratios @1.4.2_1 (R, science, math)
Ratios of coefficients in the general linear model

R-MTest @1.0.2_1 (R, science, math)
Procedure for multicollinearity testing using bootstrap

R-mvinfluence @0.9.0_1 (R, science)
Influence measures and diagnostic plots for multivariate linear models

R-MVLM @0.1.4_1 (R, science, math)
Multivariate linear model with analytic p-values

R-nabor @0.5.0_2 (R, science, math)
R package wrapping libnabo: fast k nearest neighbor search for low dimensions

R-nardl @0.1.6_1 (R, science, math)
Non-linear cointegrating autoregressive distributed lag model

R-ncpen @1.0.0_1 (R, science, math)
Unified algorithm for non-convex penalized estimation for generalized linear models

R-neighbr @1.0.3_1 (R, science)
Classification, regression, clustering with k-nearest neighbors

R-NISTnls @0.9-13_1 (R, science, math)
Non-linear least squares examples from NIST

R-NlcOptim @0.6_2 (R, science, math)
Solve non-linear optimization with non-linear constraints

R-nleqslv @3.3.5_1 (R, science, math)
Solve systems of nonlinear equations

R-nlive @0.6.0 (R, science, math)
Automated estimation of sigmoidal and piece-wise linear mixed models

R-nlme @3.1-166 (R, science, math, economics)
Fit and compare Gaussian linear and nonlinear mixed-effects models

R-nlmrt @2016.3.2_2 (R, science, math)
Functions for non-linear least squares solutions

R-nlpred @1.0.1_1 (R, science, math)
Estimators of non-linear cross-validated risks optimized for small samples

R-nlpsem @0.3_1 (R, science, math)
Linear and non-linear longitudinal process in structural equation modelling framework

R-nlraa @1.9.7_1 (R, science)
Non-linear Regression for Agricultural Applications

R-nlreg @1.2-2.2_2 (R, science, math)
Higher-order inference for non-linear heteroscedastic models

R-nls2 @0.3-4 (R, science, math)
Non-linear regression with brute force

R-nlshrink @1.0.1_1 (R, science, math)
Non-linear shrinkage estimation of population eigenvalues and covariance matrices

R-nlsic @1.0.4_1 (R, science, math)
Non-linear least squares with inequality constraints

R-nlsr @2023.8.31_1 (R, science, math)
Functions for non-linear least squares solutions

R-nlstac @0.2.0_1 (R, science, math)
Fit separable non-linear models

R-nlstools @2.1-0_1 (R, science, math)
Tools for non-linear regression analysis

R-nltm @1.4.5_1 (R, science, math)
Non-Linear Transformation Models

R-nlts @1.0-2_2 (R, science, math)
Non-linear time series analysis

R-nna @0.0.2.1_1 (R, science, math)
Nearest-Neighbor Analysis

R-nnet @7.3-19_1 (R, science)
Feed-forward neural networks and multinomial log-linear models

R-nnlasso @0.3 (R, science)
Non-negative lasso and elastic net penalized generalized linear models

R-NNS @10.9.3 (R, science, math, finance)
Non-linear Non-parametric Statistics

R-npde @3.5_1 (R, science, math)
Normalised prediction distribution errors for nonlinear mixed-effect models

R-oglmx @3.0.0.0_1 (R, science, math)
Estimation of ordered generalized linear models

R-ompr @1.0.4_1 (R, science, math)
Model and solve mixed integer linear programs

R-optiSolve @1.0_2 (R, science, math)
Linear, quadratic and rational optimization

R-parglm @0.1.7_1 (R, science, math)
Provides a parallel estimation method for generalized linear models without compiling with a multi-threaded LAPACK or BLAS

R-pglm @0.2-3_2 (R, science, math)
Panel Generalized Linear Models

R-phylolm @2.6.5 (R, science, math)
Phylogenetic linear regression

R-plm @2.6-4_1 (R, science, math)
Linear models for panel data

R-plsmmLasso @1.1.0 (R, science, math)
Variable selection and inference for partial semi-parametric linear mixed-effects model

R-prettyglm @1.0.1_1 (R, science)
Pretty summaries of generalized linear model coefficients

R-RANN @2.6.2 (R, science)
Fast nearest neighbour search (wraps ANN library) using L2 metric

R-rbmn @0.9-6_1 (R, science, math)
Handling of linear Gaussian Bayesian networks

R-Rcapture @1.4-4_1 (R, science)
Log-linear models for capture-recapture experiments

R-Rcgmin @2022-4.30_1 (R, science, math)
Conjugate gradient minimization of nonlinear functions with box constraints

R-RcppAnnoy @0.0.22_1 (R, science)
Rcpp bindings for Annoy, a library for approximate nearest neighbors

R-RcppArmadillo @14.2.2-1 (R, science, math)
Rcpp integration for the Armadillo Templated Linear Algebra Library

R-RcppEigen @0.3.4.0.2 (R, science, math)
Rcpp integration for the Eigen Templated Linear Algebra Library

R-RcppHNSW @0.6.0_1 (R, science)
Rcpp bindings for the approximate nearest neighbors library hnswlib

R-RegCombin @0.4.1_1 (R, science, economics)
Partially linear regression under data combination

R-regress @1.3-21_1 (R, science, math)
Gaussian linear models with linear covariance structure

R-regRSM @0.5_1 (R, science, math, parallel)
Random subspace method (RSM) for linear regression

R-regtools @1.7.0_1 (R, science, math)
Various tools for linear, nonlinear and non-parametric regression

R-relaimpo @2.2-7_1 (R, science, math)
Relative importance of regressors in linear models

R-REndo @2.4.10 (R, science, math)
Linear models with endogenous regressors using latent instrumental variables

R-restriktor @0.5-90 (R, science, math)
Restricted statistical estimation and inference for linear models

R-Rfit @0.27.0 (R, science, math)
Rank-based estimation estimation and inference for linear models

R-Rglpk @0.6-5.1_1 (R, science)
GNU Linear Programming Kit interface

R-Rlinsolve @0.3.2_1 (R, science, math)
Iterative solvers for (sparse) linear system of equations

R-rmutil @1.1.10_2 (R, science, math)
Utilities for non-linear regression and repeated measurements models

R-Rnanoflann @0.0.3_1 (R, science, math)
Extremely fast nearest neighbor search

R-rnndescent @0.1.6 (R, science, math)
Nearest neighbor descent method for approximate nearest neighbors

R-robmixglm @1.2-4 (R, science, math)
Robust generalized linear models (GLM) using a mixture method

R-robustBLME @0.1.3_1 (R, science, math)
Robust Bayesian linear mixed-effects models using ABC

R-robustlmm @3.3-1_1 (R, science, math)
Robust linear mixed effects models

R-ROI.plugin.msbinlp @1.0-1_1 (R, science, math)
Multi-Solution Binary Linear Problem plug-in for the R Optimization Interface

R-rootSolve @1.8.2.4_1 (R, science, math)
Non-linear root finding, equilibrium and steady-state analysis of ordinary differential equations.

R-RPtests @0.1.5_1 (R, science, math)
Goodness-of-fit tests for high-dimensional linear regression models

R-Rsolnp @1.16_2 (R, science, math)
General non-linear optimization

R-rTensor2 @2.0.0_1 (R, science, math)
MultiLinear Algebra

R-Rvmmin @2018-4.17.1_1 (R, science, math)
Variable metric non-linear function minimization with bounds constraints

R-sanic @0.0.2_1 (R, science, math)
Routines for solving large systems of linear equations in R

R-sasLM @0.10.4 (R, science, math)
SAS Linear Model

R-scalreg @1.0.1_2 (R, science)
Scaled sparse linear regression

R-scdhlm @0.7.3_1 (R, science, math)
Estimating hierarchical linear models for single-case designs

R-sdpt3r @0.3_1 (R, science, math)
Semi-definite quadratic linear programming solver

R-SEMID @0.4.1_1 (R, science, math)
Identifiability of linear structural equation models

R-SGL @1.3_1 (R, science, math)
Fit a regularized generalized linear model via penalized maximum likelihood

R-skewlmm @1.1.0_1 (R, science, math)
Scale mixture of skew-normal linear mixed models

R-SKNN @4.0 (R, science, math)
Super K-Nearest Neighbor (SKNN) classification algorithm

R-slasso @1.0.0_1 (R, science, math)
S-lasso estimator for the function-on-function linear regression

R-slm @1.2.0_1 (R, science, math)
Stationary Linear Models

R-sparseLDA @0.1-9_1 (R, science, math)
Sparse linear discriminant analysis for Gaussians and mixture of Gaussian models

R-SparseM @1.84-2 (R, science, math, economics)
Sparse Linear Algebra

R-sparsenet @1.7 (R, science, math)
Fit sparse linear regression models via non-convex optimization

R-sparsevb @0.1.0_2 (R, science, math)
Spike-and-slab Variational Bayes for linear and logistic regression

R-spatstat.Knet @3.1-2 (R, science, math)
Extension for R-spatstat for large datasets on a linear network

R-spatstat.linnet @3.2-3 (R, science, math)
Linear networks functionality

R-spatstat.sparse @3.1-0 (R, science, math)
Sparse three-dimensional arrays and linear algebra utilities

R-speedglm @0.3-5_1 (R, science, math)
Fitting linear models and generalized linear models to large data sets by updating algorithms

R-spNNGP @1.0.1 (R, science, math)
Spatial regression models for large datasets using nearest neighbor Gaussian processes

R-SSGL @1.0_1 (R, science, math)
Spike-and-Slab Group Lasso for group-regularized generalized linear models

R-stan4bart @0.0-10 (R, science, math)
Uses Stan sampler and math library to semi-parametrically fit linear and multi-level models with additive Bayesian Additive Regression Tree (BART) components

R-SVDNF @0.1.9 (R, science, finance, math)
Discrete non-linear filtering for stochastic volatility models

R-tidyfit @0.7.2 (R, science)
Regularized linear modelling with tidy data

R-trustOptim @0.8.7.3_2 (R, science, math)
Trust region optimization for non-linear functions with sparse hessians

R-tsDyn @11.0.4.1_1 (R, science, math)
Non-linear AR time series models with regime switching

R-tseriesChaos @0.1-13.1_1 (R, science, math)
Routines for the analysis of non-linear time series

R-tsfknn @0.6.0_1 (R, science, math)
Time series forecasting using nearest neighbors

R-ucminf @1.2.2 (R, science, math)
General-purpose unconstrained non-linear optimization

R-VGAM @1.1-12 (R, science, math)
Vector generalized linear and additive models

R-walker @1.0.10 (R, science, math)
Bayesian generalized linear models with time-varying coefficients

R-xLLiM @2.3_1 (R, science, math)
High-dimensional locally-linear mapping

R-yaImpute @1.0-34.1 (R, science, math)
Nearest-neighbor observation imputation and evaluation tools

rb-numo-linalg @0.1.7 (ruby, math)
Linear algebra library with interface to BLAS/LAPACK

rb31-numo-linalg @0.1.7 (ruby, math)
Linear algebra library with interface to BLAS/LAPACK

rb32-numo-linalg @0.1.7 (ruby, math)
Linear algebra library with interface to BLAS/LAPACK

rb33-numo-linalg @0.1.7 (ruby, math)
Linear algebra library with interface to BLAS/LAPACK

scalapack @2.2.2_1 (math)
A package for solving linear equations

stanford-postagger @4.2.0 (textproc, java)
a Java implementation of the log-linear part-of-speech taggers

sundials2 @2.7.0_7 (math, devel)
SUite of Nonlinear and DIfferential/ALgebraic equation Solvers

sundials5 @5.8.0_2 (math, devel)
SUite of Nonlinear and DIfferential/ALgebraic equation Solvers

sundials6 @6.7.0 (math, devel)
SUite of Nonlinear and DIfferential/ALgebraic equation Solvers

superlu @5.2.2_1 (math)
A package for solving linear equations

superlu_dist @9.1.0 (math)
A package for solving linear equations

svmlin @1.0 (math)
Fast linear SVM solvers for supervised and semi-supervised learning

taucs @2.2_1 (math)
C library of sparse linear solvers

VecTcl @0.3 (math)
Numeric array and linear algebra extension for Tcl

viennacl @1.7.1_2 (math, devel)
ViennaCL is a free open-source linear algebra library

Found 355 ports.
