age @1.3.1 (security)
A simple, modern and secure encryption tool with small explicit keys, no config options, and UNIX-style composability.

age-plugin-se @0.1.4 (security)
Age plugin for Apple's Secure Enclave

apache2 @2.4.66 (www)
The extremely popular second version of the Apache http server

aws-vault @7.8.6 (security)
A vault for securely storing and accessing AWS credentials in development environments.

bandit @1.9.3 (python, security)
Security oriented static analyser for python code.

bcwipe @1.7-7 (sysutils, security)
Securely erase data from magnetic and solid-state memory.

berty @2.470.12 (net)
Berty is an open, secure, offline-first, peer-to-peer and zero trust messaging app

chezmoi @2.69.3 (sysutils)
Manage your dotfiles across multiple machines, securely.

cl-dissect @20240325 (lisp, devel)
A lib for introspecting the call stack and active restarts.

clef @0.1.0 (security)
CLI secret management

consul @1.22.2 (net)
Consul is a distributed service mesh to connect, secure, and configure services across any runtime platform and public or private cloud.

create-dmg-js @8.0.0 (sysutils, archivers)
Create a good-looking DMG for your macOS app in seconds

croc @10.3.1 (net, sysutils)
Easily and securely send things from one computer to another

cryptlib @3.4.8 (devel, security, crypto)
cryptlib is a powerful security toolkit (library)

danectl @0.8.4 (security)
DNSSEC DANE implementation manager

dcfldd @1.9.3 (sysutils)
Enhanced version of dd for forensics and security

deno @2.6.8 (devel)
Deno is a simple, modern and secure runtime for JavaScript and TypeScript that uses V8 and is built in Rust.

dovecot @2.3.21.1_1 (mail)
Secure, fast imap and pop3 server

dssp @4.5.8 (science)
DSSP automates protein secondary structure assignment.

everparse @20220602-e722715 (devel)
A verified secure parser framework for F*.

evry @0.3.0 (sysutils)
Split STDIN stream and execute specified command every N lines/seconds.

exploitdb @2022-10-18 (security)
Offensive Security’s Exploit Database Archive

ffsend @0.2.77 (net)
Easily and securely share files from the command line. A fully featured Firefox Send client.

flawfinder @2.0.19_2 (devel)
Examines C/C++ source code for security flaw

flawz @0.3.0 (security)
A Terminal UI for browsing security vulnerabilities (CVEs)

flowd @0.9.1 (net)
flowd is a small, fast and secure NetFlow collector.

fuzz @0.6_2 (devel, security)
Software security checking tool

ghidra @12.0.1 (devel)
A software reverse engineering (SRE) suite of tools developed by NSA's Research Directorate in support of the Cybersecurity mission

git-credential-oauth @0.17.2 (security, devel)
A Git credential helper that securely authenticates to GitHub, GitLab and BitBucket using OAuth.

git-secret @0.5.0 (devel)
Bash tool to store private data inside a git repo.

gitleaks @8.30.0 (security)
Scan git repos (or files) for secrets using regex and entropy

gnutls @3.7.11_1 (devel, security)
GNU Transport Layer Security Library

gnutls-devel @3.8.11 (devel, security)
GNU Transport Layer Security Library

gokart @0.5.1 (devel, security)
A static analysis tool for securing Go code

gosec @2.22.8 (security)
Golang security checker. Inspects source code for security problems by scanning the Go AST.

gss @1.0.4 (security)
GNU Generic Security Service Library

harp @0.2.11 (security)
Secret management by contract toolchain

hg-credentials @0.1.2_1 (devel)
Mercurial extension for storing passwords securely

hg-keyring @1.4.4_1 (devel, python)
Mercurial extension used to securely save passwords

http_ping @09Mar2016 (net, www)
Sends HTTP requests every few seconds and times how long they take

i2pchat @0.2.37 (net, security, aqua)
Anonymous private secure open-source chat

ike-scan @1.9.5 (security, net)
ike-scan can discover and identify IPsec VPN systems running IKE.

infisical @0.28.4 (security, devel)
Official CLI for Infisical, an open source secrets platform

kbs2 @0.7.3 (security)
A secret manager backed by age

kubescape @3.0.42 (sysutils, security)
Tool for testing if Kubernetes is deployed securely as defined in Kubernetes Hardening Guidance by NSA and CISA

kubeseal @0.29.0 (sysutils, security)
Kubernetes tool for one-way encrypted Secrets

libgfshare @2.0.0 (security)
utilities for multi-way secret sharing

libgnome-keyring @3.12.0_3 (gnome)
GNOME compatibility library for accessing secrets

libmacho @949.0.1 (devel)
libmacho is a library for managing mach-o files (parsing sections, etc)

libmacho-headers @949.0.1 (devel)
libmacho is a library for managing mach-o files (parsing sections, etc)

libprelude @5.2.0_1 (security)
Secure Connections between all Sensors and the Prelude Manager

libretroshare @2024.07.04 (net, devel, security, p2p)
RetroShare is a decentralized, private, secure, cross-platform communication software.

libsecret @0.21.4 (gnome, security)
libsecret is a library for storing and retrieving passwords and other secrets

libsignal-protocol-c @2.3.3 (devel, security, net)
A ratcheting forward secrecy protocol for synchronous and asynchronous messaging environments.

libsrtp @2.6.0 (net, devel)
Secure Real-time Transport Protocol (SRTP)

libsrtp1 @1.6.0_1 (net, devel)
Secure Real-time Transport Protocol (SRTP)

lighttpd @1.4.82 (www)
A secure, fast, compliant and flexible web-server

lua-luasec @1.3.1 (lua, devel)
binding for OpenSSL library to provide TLS/SSL communication over LuaSocket

lua51-luasec @1.3.1 (lua, devel)
binding for OpenSSL library to provide TLS/SSL communication over LuaSocket

lua52-luasec @1.3.1 (lua, devel)
binding for OpenSSL library to provide TLS/SSL communication over LuaSocket

lua53-luasec @1.3.1 (lua, devel)
binding for OpenSSL library to provide TLS/SSL communication over LuaSocket

lua54-luasec @1.3.1 (lua, devel)
binding for OpenSSL library to provide TLS/SSL communication over LuaSocket

lynis @3.1.6 (security)
Security and system auditing tool to harden systems

macos-vpn-server @10.14.5_1 (net)
macOS VPN (L2TP-IPSec-PSK) Server.

magic-wormhole @0.21.1 (net, python, sysutils)
Securely transfer data between computers.

metasploit2 @2.7_6 (security)
Tools and information for security research and pentesting

metasploit3 @3.0_4 (security)
Tools and information for security research and pentesting

mod_chroot @0.5 (www, security)
module for running apache2 in a secure chroot environment

mod_security2 @2.9.12 (www, security)
Apache 2 intrusion detection and prevention engine for web applications

Mousecape @1813 (aqua, sysutils)
Cursor Manager for macOS/OS X

mox @0.0.12 (mail)
Modern full-featured open source secure mail server for low-maintenance self-hosted email

nebula @1.10.1 (net)
A scalable overlay networking tool with a focus on performance, simplicity and security.

no-more-secrets @1.0.1 (games)
A command line tool that recreates the famous data decryption effect seen in the 1992 movie Sneakers.

nostromo @1.9.3_4 (www)
nhttpd is a simple, fast and secure HTTP server

nss @3.120 (net)
Network Security Service libraries.

ntpsec @1.2.4 (sysutils, net)
A secure, hardened, and improved implementation of NTP

ocaml-bisect_ppx @2.8.3_1 (ocaml, devel)
Code coverage tool for OCaml and Reason

octave-secs1d @0.0.9_5 (octave, math, science)
A Drift-Diffusion simulator for 1d semiconductor devices.

oftpd @0.3.7_2 (net)
Secure anonymous FTP server

opensmtpd @7.8.0p0 (mail)
secure, reliable, lean, and easy-to configure SMTP server

openssh @10.2p1_2 (net)
OpenSSH secure login server

p5-app-svn-bisect @1.100.0 (perl)
Subversion bisect tool

p5-bytes-random-secure @0.290.0 (perl)
Bytes::Random::Secure - Perl extension to generate cryptographically-secure random bytes.

p5-bytes-random-secure-tiny @1.11.0 (perl)
Bytes::Random::Secure::Tiny - A tiny Perl extension to generate cryptographically-secure random bytes.

p5-crypt-curve25519 @0.80.0 (perl)
Crypt::Curve25519 - Generate shared secret using elliptic-curve Diffie-Hellman function

p5-crypt-generatepassword @0.50.0 (perl)
Generate secure random pronounceable passwords

p5-crypt-random @1.570.0 (perl)
Crypt::Random - Cryptographically Secure, True Random Number Generator

p5-crypt-urandom-token @0.5.0 (perl)
Crypt::URandom::Token - Generate secure strings for passwords, secrets and similar

p5-dancer2-session-cookie @0.9.0 (perl)
Dancer2::Session::Cookie - Dancer 2 session storage in secure cookies

p5-data-section @0.200.8 (perl)
Data::Section - read multiple hunks of data out of your DATA section

p5-data-section-simple @0.70.0 (perl)
Data::Section::Simple - Read data from __DATA__

p5-datetime-hires @0.40.0 (perl)
DateTime::HiRes - Create DateTime objects with sub-second current time resolution

p5-gd-securityimage @1.750.0 (perl)
Security image (captcha) generator.

p5-html-masonx-free @0.7.0 (perl)
HTML::MasonX::Free - a secret society of HTML::Mason-using throwback modules

p5-http-server-simple-mason @0.140.0_1 (perl)
An abstract baseclass for a standalone mason server

p5-math-random-secure @0.80.1 (perl, math)
Cryptographically-secure, cross-platform replacement for rand()

p5-net-dns-sec @1.270.0 (perl)
Net::DNS::SEC - DNSSEC extensions to Net::DNS

p5-net-ftpserver @1.125.0 (perl)
A secure, extensible and configurable Perl FTP server

p5-perl-critic-policy-perlsecret @0.0.11 (perl)
Perl::Critic::Policy::Perlsecret - Prevent perlsecrets entering your codebase

p5-pod-weaver-plugin-ensureuniquesections @0.163.250 (perl)
Pod::Weaver::Plugin::EnsureUniqueSections - Ensure that POD has no duplicate section headers.

p5-pod-weaver-section-allowoverride @0.50.0 (perl)
Pod::Weaver::Section::AllowOverride - Allow POD to override a Pod::Weaver-provided section

p5-pod-weaver-section-contributors @0.9.0 (perl)
Pod::Weaver::Section::Contributors - a section listing contributors

p5-session-storage-secure @1.0.0 (perl)
Session::Storage::Secure - Encrypted, expiring, compressed, serialized session data with integrity

p5-template-provider-fromdata @0.130.0 (perl)
Template::Provider::FromDATA - Load templates from your __DATA__ section

p5.28-app-svn-bisect @1.100.0 (perl)
Subversion bisect tool

p5.28-bytes-random-secure @0.290.0 (perl)
Bytes::Random::Secure - Perl extension to generate cryptographically-secure random bytes.

p5.28-bytes-random-secure-tiny @1.11.0 (perl)
Bytes::Random::Secure::Tiny - A tiny Perl extension to generate cryptographically-secure random bytes.

p5.28-crypt-curve25519 @0.80.0 (perl)
Crypt::Curve25519 - Generate shared secret using elliptic-curve Diffie-Hellman function

p5.28-crypt-generatepassword @0.50.0 (perl)
Generate secure random pronounceable passwords

p5.28-crypt-random @1.570.0 (perl)
Crypt::Random - Cryptographically Secure, True Random Number Generator

p5.28-crypt-urandom-token @0.5.0 (perl)
Crypt::URandom::Token - Generate secure strings for passwords, secrets and similar

p5.28-dancer2-session-cookie @0.9.0 (perl)
Dancer2::Session::Cookie - Dancer 2 session storage in secure cookies

p5.28-data-section @0.200.8 (perl)
Data::Section - read multiple hunks of data out of your DATA section

p5.28-data-section-simple @0.70.0 (perl)
Data::Section::Simple - Read data from __DATA__

p5.28-datetime-hires @0.40.0 (perl)
DateTime::HiRes - Create DateTime objects with sub-second current time resolution

p5.28-gd-securityimage @1.750.0 (perl)
Security image (captcha) generator.

p5.28-html-masonx-free @0.7.0 (perl)
HTML::MasonX::Free - a secret society of HTML::Mason-using throwback modules

p5.28-http-server-simple-mason @0.140.0_1 (perl)
An abstract baseclass for a standalone mason server

p5.28-math-random-secure @0.80.1 (perl, math)
Cryptographically-secure, cross-platform replacement for rand()

p5.28-net-dns-sec @1.270.0 (perl)
Net::DNS::SEC - DNSSEC extensions to Net::DNS

p5.28-net-ftpserver @1.125.0 (perl)
A secure, extensible and configurable Perl FTP server

p5.28-perl-critic-policy-perlsecret @0.0.11 (perl)
Perl::Critic::Policy::Perlsecret - Prevent perlsecrets entering your codebase

p5.28-pod-weaver-plugin-ensureuniquesections @0.163.250 (perl)
Pod::Weaver::Plugin::EnsureUniqueSections - Ensure that POD has no duplicate section headers.

p5.28-pod-weaver-section-allowoverride @0.50.0 (perl)
Pod::Weaver::Section::AllowOverride - Allow POD to override a Pod::Weaver-provided section

p5.28-pod-weaver-section-contributors @0.9.0 (perl)
Pod::Weaver::Section::Contributors - a section listing contributors

p5.28-session-storage-secure @1.0.0 (perl)
Session::Storage::Secure - Encrypted, expiring, compressed, serialized session data with integrity

p5.28-template-provider-fromdata @0.130.0 (perl)
Template::Provider::FromDATA - Load templates from your __DATA__ section

p5.30-app-svn-bisect @1.100.0 (perl)
Subversion bisect tool

p5.30-bytes-random-secure @0.290.0 (perl)
Bytes::Random::Secure - Perl extension to generate cryptographically-secure random bytes.

p5.30-bytes-random-secure-tiny @1.11.0 (perl)
Bytes::Random::Secure::Tiny - A tiny Perl extension to generate cryptographically-secure random bytes.

p5.30-crypt-curve25519 @0.80.0 (perl)
Crypt::Curve25519 - Generate shared secret using elliptic-curve Diffie-Hellman function

p5.30-crypt-generatepassword @0.50.0 (perl)
Generate secure random pronounceable passwords

p5.30-crypt-random @1.570.0 (perl)
Crypt::Random - Cryptographically Secure, True Random Number Generator

p5.30-crypt-urandom-token @0.5.0 (perl)
Crypt::URandom::Token - Generate secure strings for passwords, secrets and similar

p5.30-dancer2-session-cookie @0.9.0 (perl)
Dancer2::Session::Cookie - Dancer 2 session storage in secure cookies

p5.30-data-section @0.200.8 (perl)
Data::Section - read multiple hunks of data out of your DATA section

p5.30-data-section-simple @0.70.0 (perl)
Data::Section::Simple - Read data from __DATA__

p5.30-datetime-hires @0.40.0 (perl)
DateTime::HiRes - Create DateTime objects with sub-second current time resolution

p5.30-gd-securityimage @1.750.0 (perl)
Security image (captcha) generator.

p5.30-html-masonx-free @0.7.0 (perl)
HTML::MasonX::Free - a secret society of HTML::Mason-using throwback modules

p5.30-http-server-simple-mason @0.140.0_1 (perl)
An abstract baseclass for a standalone mason server

p5.30-math-random-secure @0.80.1 (perl, math)
Cryptographically-secure, cross-platform replacement for rand()

p5.30-net-dns-sec @1.270.0 (perl)
Net::DNS::SEC - DNSSEC extensions to Net::DNS

p5.30-net-ftpserver @1.125.0 (perl)
A secure, extensible and configurable Perl FTP server

p5.30-perl-critic-policy-perlsecret @0.0.11 (perl)
Perl::Critic::Policy::Perlsecret - Prevent perlsecrets entering your codebase

p5.30-pod-weaver-plugin-ensureuniquesections @0.163.250 (perl)
Pod::Weaver::Plugin::EnsureUniqueSections - Ensure that POD has no duplicate section headers.

p5.30-pod-weaver-section-allowoverride @0.50.0 (perl)
Pod::Weaver::Section::AllowOverride - Allow POD to override a Pod::Weaver-provided section

p5.30-pod-weaver-section-contributors @0.9.0 (perl)
Pod::Weaver::Section::Contributors - a section listing contributors

p5.30-session-storage-secure @1.0.0 (perl)
Session::Storage::Secure - Encrypted, expiring, compressed, serialized session data with integrity

p5.30-template-provider-fromdata @0.130.0 (perl)
Template::Provider::FromDATA - Load templates from your __DATA__ section

p5.32-app-svn-bisect @1.100.0 (perl)
Subversion bisect tool

p5.32-bytes-random-secure @0.290.0 (perl)
Bytes::Random::Secure - Perl extension to generate cryptographically-secure random bytes.

p5.32-bytes-random-secure-tiny @1.11.0 (perl)
Bytes::Random::Secure::Tiny - A tiny Perl extension to generate cryptographically-secure random bytes.

p5.32-crypt-curve25519 @0.80.0 (perl)
Crypt::Curve25519 - Generate shared secret using elliptic-curve Diffie-Hellman function

p5.32-crypt-generatepassword @0.50.0 (perl)
Generate secure random pronounceable passwords

p5.32-crypt-random @1.570.0 (perl)
Crypt::Random - Cryptographically Secure, True Random Number Generator

p5.32-crypt-urandom-token @0.5.0 (perl)
Crypt::URandom::Token - Generate secure strings for passwords, secrets and similar

p5.32-dancer2-session-cookie @0.9.0 (perl)
Dancer2::Session::Cookie - Dancer 2 session storage in secure cookies

p5.32-data-section @0.200.8 (perl)
Data::Section - read multiple hunks of data out of your DATA section

p5.32-data-section-simple @0.70.0 (perl)
Data::Section::Simple - Read data from __DATA__

p5.32-datetime-hires @0.40.0 (perl)
DateTime::HiRes - Create DateTime objects with sub-second current time resolution

p5.32-gd-securityimage @1.750.0 (perl)
Security image (captcha) generator.

p5.32-html-masonx-free @0.7.0 (perl)
HTML::MasonX::Free - a secret society of HTML::Mason-using throwback modules

p5.32-http-server-simple-mason @0.140.0_1 (perl)
An abstract baseclass for a standalone mason server

p5.32-math-random-secure @0.80.1 (perl, math)
Cryptographically-secure, cross-platform replacement for rand()

p5.32-net-dns-sec @1.270.0 (perl)
Net::DNS::SEC - DNSSEC extensions to Net::DNS

p5.32-net-ftpserver @1.125.0 (perl)
A secure, extensible and configurable Perl FTP server

p5.32-perl-critic-policy-perlsecret @0.0.11 (perl)
Perl::Critic::Policy::Perlsecret - Prevent perlsecrets entering your codebase

p5.32-pod-weaver-plugin-ensureuniquesections @0.163.250 (perl)
Pod::Weaver::Plugin::EnsureUniqueSections - Ensure that POD has no duplicate section headers.

p5.32-pod-weaver-section-allowoverride @0.50.0 (perl)
Pod::Weaver::Section::AllowOverride - Allow POD to override a Pod::Weaver-provided section

p5.32-pod-weaver-section-contributors @0.9.0 (perl)
Pod::Weaver::Section::Contributors - a section listing contributors

p5.32-session-storage-secure @1.0.0 (perl)
Session::Storage::Secure - Encrypted, expiring, compressed, serialized session data with integrity

p5.32-template-provider-fromdata @0.130.0 (perl)
Template::Provider::FromDATA - Load templates from your __DATA__ section

p5.34-app-svn-bisect @1.100.0 (perl)
Subversion bisect tool

p5.34-bytes-random-secure @0.290.0 (perl)
Bytes::Random::Secure - Perl extension to generate cryptographically-secure random bytes.

p5.34-bytes-random-secure-tiny @1.11.0 (perl)
Bytes::Random::Secure::Tiny - A tiny Perl extension to generate cryptographically-secure random bytes.

p5.34-crypt-curve25519 @0.80.0 (perl)
Crypt::Curve25519 - Generate shared secret using elliptic-curve Diffie-Hellman function

p5.34-crypt-generatepassword @0.50.0 (perl)
Generate secure random pronounceable passwords

p5.34-crypt-random @1.570.0 (perl)
Crypt::Random - Cryptographically Secure, True Random Number Generator

p5.34-crypt-urandom-token @0.5.0 (perl)
Crypt::URandom::Token - Generate secure strings for passwords, secrets and similar

p5.34-dancer2-session-cookie @0.9.0 (perl)
Dancer2::Session::Cookie - Dancer 2 session storage in secure cookies

p5.34-data-section @0.200.8 (perl)
Data::Section - read multiple hunks of data out of your DATA section

p5.34-data-section-simple @0.70.0 (perl)
Data::Section::Simple - Read data from __DATA__

p5.34-datetime-hires @0.40.0 (perl)
DateTime::HiRes - Create DateTime objects with sub-second current time resolution

p5.34-gd-securityimage @1.750.0 (perl)
Security image (captcha) generator.

p5.34-html-masonx-free @0.7.0 (perl)
HTML::MasonX::Free - a secret society of HTML::Mason-using throwback modules

p5.34-http-server-simple-mason @0.140.0_1 (perl)
An abstract baseclass for a standalone mason server

p5.34-math-random-secure @0.80.1 (perl, math)
Cryptographically-secure, cross-platform replacement for rand()

p5.34-net-dns-sec @1.270.0 (perl)
Net::DNS::SEC - DNSSEC extensions to Net::DNS

p5.34-net-ftpserver @1.125.0 (perl)
A secure, extensible and configurable Perl FTP server

p5.34-perl-critic-policy-perlsecret @0.0.11 (perl)
Perl::Critic::Policy::Perlsecret - Prevent perlsecrets entering your codebase

p5.34-pod-weaver-plugin-ensureuniquesections @0.163.250 (perl)
Pod::Weaver::Plugin::EnsureUniqueSections - Ensure that POD has no duplicate section headers.

p5.34-pod-weaver-section-allowoverride @0.50.0 (perl)
Pod::Weaver::Section::AllowOverride - Allow POD to override a Pod::Weaver-provided section

p5.34-pod-weaver-section-contributors @0.9.0 (perl)
Pod::Weaver::Section::Contributors - a section listing contributors

p5.34-session-storage-secure @1.0.0 (perl)
Session::Storage::Secure - Encrypted, expiring, compressed, serialized session data with integrity

p5.34-template-provider-fromdata @0.130.0 (perl)
Template::Provider::FromDATA - Load templates from your __DATA__ section

pari-seadata-small @20090618 (math)
The second one is a much smaller version that should be suitable for fields up to 350 bits.

pbsecret @20200219 (sysutils)
CLI util to write text to pasteboard as `org.nspasteboard.ConcealedType`

pkixssh @13.4.1_2 (net)
PKIX-SSH - an advanced secure shell implementation

prelude-manager @5.2.0_1 (security)
collects and normalize security events from Prelude sensors

py-argon2-cffi @25.1.0 (python, devel)
Argon2 is a secure password hashing algorithm.

py-astropy-iers-data @0.2026.2.2.0.48.1 (python)
IERS Earth Rotation and Leap Second tables for the astropy core package

py-gpstime @0.8.2 (python)
GPS-aware datetime module with leap-second fetching

py-gsecrets @1.3.3 (python, security, sysutils)
Helper library and CLI for interacting with the secrets store

py-tropycal @1.4 (python, science)
Tropycal is a Python package intended to simplify the process of retrieving and analyzing tropical cyclone data, both for past storms and in real time, and is geared towards the research and operational meteorology sectors.

py-xmlsec @1.3.17 (python, security, textproc)
A set of Python bindings for the XML Security Library.

py39-argon2-cffi @25.1.0 (python, devel)
Argon2 is a secure password hashing algorithm.

py310-argon2-cffi @25.1.0 (python, devel)
Argon2 is a secure password hashing algorithm.

py310-astropy-iers-data @0.2026.2.2.0.48.1 (python)
IERS Earth Rotation and Leap Second tables for the astropy core package

py310-gsecrets @1.3.3 (python, security, sysutils)
Helper library and CLI for interacting with the secrets store

py310-tropycal @1.4 (python, science)
Tropycal is a Python package intended to simplify the process of retrieving and analyzing tropical cyclone data, both for past storms and in real time, and is geared towards the research and operational meteorology sectors.

py310-xmlsec @1.3.17 (python, security, textproc)
A set of Python bindings for the XML Security Library.

py311-argon2-cffi @25.1.0 (python, devel)
Argon2 is a secure password hashing algorithm.

py311-astropy-iers-data @0.2026.2.2.0.48.1 (python)
IERS Earth Rotation and Leap Second tables for the astropy core package

py311-gsecrets @1.3.3 (python, security, sysutils)
Helper library and CLI for interacting with the secrets store

py311-tropycal @1.4 (python, science)
Tropycal is a Python package intended to simplify the process of retrieving and analyzing tropical cyclone data, both for past storms and in real time, and is geared towards the research and operational meteorology sectors.

py311-xmlsec @1.3.17 (python, security, textproc)
A set of Python bindings for the XML Security Library.

py312-argon2-cffi @25.1.0 (python, devel)
Argon2 is a secure password hashing algorithm.

py312-astropy-iers-data @0.2026.2.2.0.48.1 (python)
IERS Earth Rotation and Leap Second tables for the astropy core package

py312-gpstime @0.8.2 (python)
GPS-aware datetime module with leap-second fetching

py312-gsecrets @1.3.3 (python, security, sysutils)
Helper library and CLI for interacting with the secrets store

py312-tropycal @1.4 (python, science)
Tropycal is a Python package intended to simplify the process of retrieving and analyzing tropical cyclone data, both for past storms and in real time, and is geared towards the research and operational meteorology sectors.

py312-xmlsec @1.3.17 (python, security, textproc)
A set of Python bindings for the XML Security Library.

py313-argon2-cffi @25.1.0 (python, devel)
Argon2 is a secure password hashing algorithm.

py313-astropy-iers-data @0.2026.2.2.0.48.1 (python)
IERS Earth Rotation and Leap Second tables for the astropy core package

py313-tropycal @1.4 (python, science)
Tropycal is a Python package intended to simplify the process of retrieving and analyzing tropical cyclone data, both for past storms and in real time, and is geared towards the research and operational meteorology sectors.

py313-xmlsec @1.3.17 (python, security, textproc)
A set of Python bindings for the XML Security Library.

py314-argon2-cffi @25.1.0 (python, devel)
Argon2 is a secure password hashing algorithm.

py314-astropy-iers-data @0.2026.2.2.0.48.1 (python)
IERS Earth Rotation and Leap Second tables for the astropy core package

py314-xmlsec @1.3.17 (python, security, textproc)
A set of Python bindings for the XML Security Library.

qore-python-module @1.2.0 (lang)
xmlsec module for Qore

qore-xmlsec-module @1.0.0 (lang)
xmlsec module for Qore

qtkeychain @0.13.2 (security)
QtKeyChain stores passwords securely

qtkeychain-qt4 @0.11.1 (security)
QtKeyChain stores passwords securely

qtkeychain-qt5 @0.13.2 (security)
QtKeyChain stores passwords securely

qtkeychain-qt6 @0.13.2 (security)
QtKeyChain stores passwords securely

R-bisectr @0.1.0_1 (R, science, devel)
Tools to find bad commits with git bisect

R-CompDist @1.0_1 (R, science, math)
Multisection composite distributions

R-facmodCS @1.0_1 (R, science, finance)
Cross-section factor models

R-fitConic @1.2.1_1 (R, science, math)
Fit data to any conic section

R-ggtricks @0.1.0_1 (R, science, graphics)
Create sector and other charts easily using grammar of graphics

R-nanotime @0.3.10 (R, science)
Nanosecond-resolution time support for R

R-parsec @1.2.7_1 (R, science, economics)
Partial orders in socio-economics

R-pdR @1.9.3 (R, science, economics)
Threshold model and unit root tests in cross-section and time series data

R-purrrlyr @0.0.8_2 (R, science)
Tools at the intersection of purrr and dplyr

R-RcppEigenAD @1.0.0_2 (R, science, math)
Compiles C++ code using Rcpp, Eigen and CppAD to produce first and second order partial derivatives

R-secretbase @1.0.3 (R, science, crypto)
Cryptographic hash and extendable-output functions

R-secure @0.6_1 (R, science, math)
Sequential co-sparse factor regression

R-shinyjs @2.1.0_2 (R, science)
Easily improve the user experience of your shiny apps in seconds

R-SparseChol @0.3.2 (R, science, math)
Sparse Cholesky LDL decomposition of symmetric matrices

R-sparseCov @0.0.1_1 (R, science, math)
Sparse covariance estimation based on thresholding

R-ssh @0.9.3 (R, science, net)
Secure shell (SSH) client for R

R-UpSetR @1.4.0_1 (R, science)
More scalable alternative to Venn and Euler diagrams for visualizing intersecting sets

ratchet @0.11.4 (devel)
A tool for securing CI/CD workflows with version pinning.

rats @2.4 (security, devel)
Rough Auditing Tool for Security

rb-erubis @2.7.0 (ruby)
Erubis is a fast, secure, and very extensible implementation of eRuby.

rb19-erubis @2.7.0 (ruby, www, devel)
fast, secure, and very extensible implementation of eRuby

restic @0.18.1 (sysutils)
Fast, secure, efficient backup program.

retroshare-qt4 @0.6.4_2 (www, security, p2p)
RetroShare is a Free and Open Source cross-platform, Friend-2-Friend and secure decentralised communication platform

sancp @1.6.1_1 (security)
Security Analyst Network Connection Profiler

secpwgen @1.3_1 (security)
An utility for generating secure passphrases

secrets @9.4 (gnome, security, sysutils)
Password manager for GNOME

sguil-client @1.0.0 (security, net)
GUI Console for Sguil Network Security Monitor

shadowsocks-libev @3.3.5_1 (net)
Lightweight secured SOCKS5 proxy

shadowsocks-rust @1.24.0 (net)
Lightweight secured SOCKS5 proxy

SilentKnight @1.21 (sysutils, aqua)
Automatic checking of security systems

simdjson @3.13.0 (devel)
C++ library for parsing gigabytes of JSON per second

sisc @1.16.6 (lang, java, scheme)
Second Interpreter of Scheme Code

skipfish @2.10b_6 (security)
web application security scanner

slocate @3.1_2 (sysutils)
Secure Locate is a replacement for locate.

sniffglue @0.16.1 (security, net)
Secure multithreaded packet sniffer

softhsm @2.6.1_2 (security)
Software implementation of a Hardware Security Module (HSM)

sops @3.11.0 (security)
Simple and flexible tool for managing secrets

splint @3.1.2 (devel)
Secure Programming Lint

sqlcipher @4.6.1 (databases)
An security extesion to the embedded SQL database engine

srm @1.2.15_2 (sysutils)
srm is a secure replacement for rm(1).

ssh3 @0.1.7 (net)
faster and rich secure shell using HTTP/3 - client program

ssh3-server @0.1.7 (net)
faster and rich secure shell using HTTP/3 - server program

ssss @1.0.1_3 (security)
Shamir's Secret Sharing Service

sstp-client @1.0.20 (net)
client implementation of Secure Socket Tunneling Protocol (SSTP)

step-ca @0.28.4 (security)
A private certificate authority (X.509 & SSH) & ACME server for secure automated certificate management, so you can use TLS everywhere & SSO for SSH.

strip7 @895 (devel)
A modified version of strip that ignores variant n_sects

summon @0.9.5 (devel)
CLI that provides on-demand secrets access for common DevOps tools.

tailscale @1.94.1 (net)
The easiest, most secure way to use WireGuard and 2FA.

tcp_wrappers @20_5 (net, devel)
Security wrappers for TCP services

terrascan @1.19.9 (sysutils)
Detect compliance and security violations across Infrastructure as Code

tfsec @1.28.14 (security, sysutils)
Security scanner for your Terraform code

thttpd @2.29_1 (net)
simple, small, portable, fast, and secure HTTP server

tlssled @1.3_1 (net, security)
shell script for evaluating the security of a SSL/TLS (HTTPS) web server implementation

toxcore @0.2.20_1 (net, security, devel)
Tox is a peer to peer (serverless) instant messenger aimed at making security and privacy easy to obtain for regular users. It uses NaCl for its encryption and authentication.

tpop3d @1.5.5 (mail)
fast, extensible, secure UNIX POP3 server

vault @1.21.0 (security)
A Tool for Managing Secrets

vcs_blackbox @2.0.0 (security)
Safely store secrets in git/hg/svn repos using GPG encryption

ViennaRNA @2.4.17_1 (science)
C Library and programs for the prediction and comparison of RNA secondary structures.

vsftpd @3.0.5_1 (net)
Secure FTP server for UNIX systems

wallet @1.3_2 (net, security)
Kerberos-authenticated secure data management

wallet-kdc @1.3_2 (net, security)
Kerberos-authenticated secure data management

wallet-server @1.3_2 (net, security)
Kerberos-authenticated secure data management

weplab @0.1.5 (net)
WEP encryption security review tool

xinetd @2.3.15.4 (net)
xinetd is a secure replacement for inetd

xml-security-c @2.0.4_1 (security, xml, textproc, shibboleth)
XML Signing/Encryption for C++

xmlsec @1.3.9 (security, textproc, devel)
XML Security Library is a C library based on LibXML2.

xmlsec-1.2 @1.2.42 (security, textproc, devel)
XML Security Library is a C library based on LibXML2.

xraylib @4.1.2 (science)
A library for X-ray matter interaction cross sections

Found 304 ports.
