bootstrap_cmds @121.100.1 (devel)
Darwin Core OS Bootstrap Commands

chmcmd-fpc @3.2.2 (lang, pascal)
The FPC Pascal htmlhelp (CHM) compiler

cmdftp @0.9.8 (net)
command line shell-like ftp client

cmdseq @0.2 (sysutils)
cmdseq allows users to execute interleaved sequences of commands.

dab-cmdline @20230302-d615e2ba_1 (science, comms)
The DAB library provides entries for the functionality to handle DAB/DAB+ through some simple calls.

developer_cmds @63_1 (devel)
A set of general BSD commands for developers

mssql-tools @17.10.1.1_1 (databases)
Sqlcmd and Bcp for Microsoft(R) SQL Server(R)

ncmdump @0.8.0 (multimedia, sysutils)
Netease ncm format decryption utility

ocaml-cmdliner @1.3.0 (ocaml, devel)
ocaml-cmdliner allows the declarative definition of command line interfaces for OCaml

p5-app-cmd @0.338.0 (perl)
App::Cmd - write command line apps with less suffering

p5-cli-osprey @0.90.0 (perl)
CLI::Osprey - MooX::Options + MooX::Cmd + Sanity

p5-ipc-cmd @1.40.0 (perl)
finding and running system commands made easy

p5.28-app-cmd @0.338.0 (perl)
App::Cmd - write command line apps with less suffering

p5.28-cli-osprey @0.90.0 (perl)
CLI::Osprey - MooX::Options + MooX::Cmd + Sanity

p5.28-ipc-cmd @1.40.0 (perl)
finding and running system commands made easy

p5.30-app-cmd @0.338.0 (perl)
App::Cmd - write command line apps with less suffering

p5.30-cli-osprey @0.90.0 (perl)
CLI::Osprey - MooX::Options + MooX::Cmd + Sanity

p5.30-ipc-cmd @1.40.0 (perl)
finding and running system commands made easy

p5.32-app-cmd @0.338.0 (perl)
App::Cmd - write command line apps with less suffering

p5.32-cli-osprey @0.90.0 (perl)
CLI::Osprey - MooX::Options + MooX::Cmd + Sanity

p5.32-ipc-cmd @1.40.0 (perl)
finding and running system commands made easy

p5.34-app-cmd @0.338.0 (perl)
App::Cmd - write command line apps with less suffering

p5.34-cli-osprey @0.90.0 (perl)
CLI::Osprey - MooX::Options + MooX::Cmd + Sanity

p5.34-ipc-cmd @1.40.0 (perl)
finding and running system commands made easy

py-cmd2 @3.1.0 (python)
Tool for building interactive command line applications in Python

py310-cmd2 @3.1.0 (python)
Tool for building interactive command line applications in Python

py311-cmd2 @3.1.0 (python)
Tool for building interactive command line applications in Python

py312-cmd2 @3.1.0 (python)
Tool for building interactive command line applications in Python

py313-cmd2 @3.1.0 (python)
Tool for building interactive command line applications in Python

R-cmdstanr @0.8.1 (R, science, math)
R interface to CmdStan

R-instantiate @0.2.3 (R, science, math, devel)
Pre-compiled CmdStan models in R packages

R-pkgKitten @0.2.4 (R, science, devel)
Create simple packages which pass R CMD check

R-rcmdcheck @1.4.0_2 (R, science, devel)
Run R CMD check from R and capture results

R-Rcmdr @2.9-5 (R, science)
R Commander

R-RcmdrMisc @2.9-1_1 (R, science)
R Commander Miscellaneous functions

R-RcmdrPlugin.aRnova @0.0.5_1 (R, science)
R Commander plug-in for repeated-measures ANOVA

R-RcmdrPlugin.coin @1.0-23_1 (R, science)
R Commander R-coin plug-in

R-RcmdrPlugin.cpd @0.2.0_1 (R, science)
R Commander plug-in for complex Pearson distributions

R-RcmdrPlugin.DCCV @0.1-5 (R, science)
R Commander plug-in for dichotomous choice contingent valuation

R-RcmdrPlugin.DoE @0.12-6 (R, science)
R Commander plug-in for (industrial) design of experiments

R-RcmdrPlugin.EZR @1.68 (R, science)
R Commander plug-in for the EZR (Easy R)

R-RcmdrPlugin.FactoMineR @1.8_1 (R, science)
R Commander plug-in for R-FactoMineR

R-RcmdrPlugin.HH @1.1-51_1 (R, science)
R Commander support for the HH package

R-RcmdrPlugin.KMggplot2 @0.2-6_1 (R, science, graphics)
R Commander plug-in for data visualization with ggplot2

R-RcmdrPlugin.MA @0.0-2_1 (R, science)
GUI for conducting meta-analyses in R

R-RcmdrPlugin.MPAStats @1.2.2_1 (R, science)
R Commander plug-in for MPA statistics

R-RcmdrPlugin.PcaRobust @1.1.4_1 (R, science)
R Commander plug-in for robust principal component analysis

R-RcmdrPlugin.RMTCJags @1.0-2_1 (R, science)
R MTC JAGS Rcmdr plugin

R-RcmdrPlugin.ROC @1.0-19_1 (R, science)
R Commander plug-in for receiver operator characteristic tools from R-pROC package

R-RcmdrPlugin.survival @1.3-2_1 (R, science)
R Commander plug-in for R-survival

R-RcmdrPlugin.temis @0.7.10_1 (R, science, textproc)
Graphical integrated text mining solution

rb-cmdparse @3.0.6 (ruby, devel)
cmdparse - advanced command line parser supporting commands

rb26-cmdparse @3.0.6 (ruby, devel)
cmdparse - advanced command line parser supporting commands

rb27-cmdparse @3.0.6 (ruby, devel)
cmdparse - advanced command line parser supporting commands

s3cmd @2.4.0_2 (net)
Command line tool for managing S3 compatible storage services

s5cmd @2.3.0 (net)
Parallel S3 and local filesystem execution tool.

Found 56 ports.
