android-platform-tools-i386 @23.0.1 (java, devel)
Platform-Tools for Google Android SDK (adb and fastboot): legacy version for 32-bit Intel CPUs

android-platform-tools-no_sse4 @31.0.3 (java, devel)
Platform-Tools for Google Android SDK (adb and fastboot): legacy version for non-SSE4 64-bit Intel CPUs

asmotor @1.3.4 (devel)
A cross assembler, linker and librarian for several CPUs.

cpufetch @1.07 (sysutils)
cpufetch is a command-line tool written in C that displays the CPU information in a clean and beautiful way

cpuid @1.8.2 (sysutils)
A simple CPUID decoder/dumper for x86/x86_64

cpuminer @2.5.1 (finance)
Multi-threaded CPU miner for Litecoin and Bitcoin

cputhrottle @1.0.0_1 (sysutils)
a tool to for throttling process cpu usage

liboil @0.3.17_2 (devel)
A library of simple functions that are optimized for various CPUs.

lscpu @1.2.0 (sysutils)
lists available cpus

MenuMeters @2.1.6.1_1 (aqua, sysutils)
Set of CPU, memory, disk, and network monitoring tools

p5-sys-cpuload @0.320.0 (perl)
Sys::CpuLoad - retrieve system load averages

p5.28-sys-cpuload @0.320.0 (perl)
Sys::CpuLoad - retrieve system load averages

p5.30-sys-cpuload @0.320.0 (perl)
Sys::CpuLoad - retrieve system load averages

p5.32-sys-cpuload @0.320.0 (perl)
Sys::CpuLoad - retrieve system load averages

p5.34-sys-cpuload @0.320.0 (perl)
Sys::CpuLoad - retrieve system load averages

pdfcpu @0.11.1 (textproc)
PDF processor written in Go

py-aesara @2.9.4 (python, devel)
Optimizing compiler for evaluating mathematical expressions on CPUs and GPUs.

py-cpuinfo @9.0.0 (python)
Py-cpuinfo gets CPU info with pure Python.

py-pytensor @2.37.0 (python, math)
Optimizing compiler for evaluating mathematical expressions on CPUs and GPUs.

py-pyviennacl @1.0.3 (python, devel)
Sparse/dense linear algebra on GPUs and CPUs using OpenCL

py39-cpuinfo @9.0.0 (python)
Py-cpuinfo gets CPU info with pure Python.

py310-aesara @2.9.4 (python, devel)
Optimizing compiler for evaluating mathematical expressions on CPUs and GPUs.

py310-cpuinfo @9.0.0 (python)
Py-cpuinfo gets CPU info with pure Python.

py311-aesara @2.9.4 (python, devel)
Optimizing compiler for evaluating mathematical expressions on CPUs and GPUs.

py311-cpuinfo @9.0.0 (python)
Py-cpuinfo gets CPU info with pure Python.

py311-pytensor @2.37.0 (python, math)
Optimizing compiler for evaluating mathematical expressions on CPUs and GPUs.

py311-pyviennacl @1.0.3 (python, devel)
Sparse/dense linear algebra on GPUs and CPUs using OpenCL

py312-aesara @2.9.4 (python, devel)
Optimizing compiler for evaluating mathematical expressions on CPUs and GPUs.

py312-cpuinfo @9.0.0 (python)
Py-cpuinfo gets CPU info with pure Python.

py312-pytensor @2.37.0 (python, math)
Optimizing compiler for evaluating mathematical expressions on CPUs and GPUs.

py313-cpuinfo @9.0.0 (python)
Py-cpuinfo gets CPU info with pure Python.

py313-pytensor @2.37.0 (python, math)
Optimizing compiler for evaluating mathematical expressions on CPUs and GPUs.

py314-cpuinfo @9.0.0 (python)
Py-cpuinfo gets CPU info with pure Python.

py314-pytensor @2.37.0 (python, math)
Optimizing compiler for evaluating mathematical expressions on CPUs and GPUs.

R-crc32c @0.0.2_1 (R, science)
Cyclic redundancy check with CPU-specific acceleration

R-rkeops @2.1.0_1 (R, science, math)
Kernel Operations on GPU or CPU, with autodiff, without memory overflows

rainbarf @1.4 (sysutils)
CPU/RAM/battery stats chart bar for tmux (and GNU screen)

tmux-mem-cpu-load @3.8.2 (sysutils)
CPU, RAM, and load monitor for use with tmux

ubench @0.32 (benchmarks)
Unix Benchmark Utility for CPU(s) and memory

unicorn @2.1.4 (devel)
CPU emulator framework

wmcpuload @1.0.1_4 (sysutils, x11)
An lcd dockapp that displays the current cpuload

wmcube @0.98_2 (x11)
3D objects tumbling about representing CPU load.

xserve-frontpanel @0.1-20181212 (sysutils)
a new daemon to run the Xserve front-panel CPU LEDs

zenith @0.14.2 (sysutils)
Zenith - sort of like top or htop but with zoomable charts, CPU, GPU, network, and disk usage

Found 44 ports.
