bsdsfv @1.18_1 (sysutils)
BSD-licensed simple file verification utility

go-licenses @1.6.0 (devel)
Reports on the licenses used by a Go package and its dependencies.

gstreamer1-gst-plugins-good @1.24.9_2 (gnome)
A set of good-quality plug-ins for GStreamer under GStreamer's preferred license, LGPL.

gstreamer010-gst-plugins-good @0.10.31_16 (gnome)
A set of good-quality plug-ins for GStreamer under GStreamer's preferred license, LGPL.

ninka @1.3_1 (devel)
license identification tool

openjdk21-oracle @21.0.2 (java, devel)
Oracle OpenJDK 21 (GPL-2 licensed updates until March 2024)

p5-software-license @0.104.7 (perl)
Software::License - packages that provide templated software licenses

p5.28-software-license @0.104.7 (perl)
Software::License - packages that provide templated software licenses

p5.30-software-license @0.104.7 (perl)
Software::License - packages that provide templated software licenses

p5.32-software-license @0.104.7 (perl)
Software::License - packages that provide templated software licenses

p5.34-software-license @0.104.7 (perl)
Software::License - packages that provide templated software licenses

py-astropy-healpix @1.1.3 (python, science)
BSD-licensed HEALPix for Astropy

py-coherent.licensed @0.5.2 (python, devel)
License management tooling for Coherent System and skeleton projects

py-diskcache @5.6.3 (python)
DiskCache is an Apache2 licensed disk and file backed cache library, written in pure-Python, and compatible with Django.

py-license-expression @30.4.1 (python)
license-expression is a comprehensive utility library to parse, compare, simplify and normalize license expressions (such as SPDX license expressions) using boolean logic.

py-pyside @1.2.4 (python, devel)
LGPL-licensed Python bindings for Qt

py-spdx @2.5.1 (python)
SPDX license list database

py-spdx-lookup @0.3.3 (python)
SPDX license list query tool

py310-astropy-healpix @1.1.3 (python, science)
BSD-licensed HEALPix for Astropy

py310-coherent.licensed @0.5.2 (python, devel)
License management tooling for Coherent System and skeleton projects

py310-diskcache @5.6.3 (python)
DiskCache is an Apache2 licensed disk and file backed cache library, written in pure-Python, and compatible with Django.

py310-license-expression @30.4.1 (python)
license-expression is a comprehensive utility library to parse, compare, simplify and normalize license expressions (such as SPDX license expressions) using boolean logic.

py310-pyside @1.2.4 (python, devel)
LGPL-licensed Python bindings for Qt

py310-spdx @2.5.1 (python)
SPDX license list database

py310-spdx-lookup @0.3.3 (python)
SPDX license list query tool

py311-astropy-healpix @1.1.3 (python, science)
BSD-licensed HEALPix for Astropy

py311-coherent.licensed @0.5.2 (python, devel)
License management tooling for Coherent System and skeleton projects

py311-diskcache @5.6.3 (python)
DiskCache is an Apache2 licensed disk and file backed cache library, written in pure-Python, and compatible with Django.

py311-license-expression @30.4.1 (python)
license-expression is a comprehensive utility library to parse, compare, simplify and normalize license expressions (such as SPDX license expressions) using boolean logic.

py311-pyside @1.2.4 (python, devel)
LGPL-licensed Python bindings for Qt

py311-spdx @2.5.1 (python)
SPDX license list database

py311-spdx-lookup @0.3.3 (python)
SPDX license list query tool

py312-astropy-healpix @1.1.3 (python, science)
BSD-licensed HEALPix for Astropy

py312-coherent.licensed @0.5.2 (python, devel)
License management tooling for Coherent System and skeleton projects

py312-diskcache @5.6.3 (python)
DiskCache is an Apache2 licensed disk and file backed cache library, written in pure-Python, and compatible with Django.

py312-license-expression @30.4.1 (python)
license-expression is a comprehensive utility library to parse, compare, simplify and normalize license expressions (such as SPDX license expressions) using boolean logic.

py312-spdx @2.5.1 (python)
SPDX license list database

py312-spdx-lookup @0.3.3 (python)
SPDX license list query tool

py313-astropy-healpix @1.1.3 (python, science)
BSD-licensed HEALPix for Astropy

py313-coherent.licensed @0.5.2 (python, devel)
License management tooling for Coherent System and skeleton projects

py313-diskcache @5.6.3 (python)
DiskCache is an Apache2 licensed disk and file backed cache library, written in pure-Python, and compatible with Django.

py313-license-expression @30.4.1 (python)
license-expression is a comprehensive utility library to parse, compare, simplify and normalize license expressions (such as SPDX license expressions) using boolean logic.

py313-spdx @2.5.1 (python)
SPDX license list database

py313-spdx-lookup @0.3.3 (python)
SPDX license list query tool

py314-astropy-healpix @1.1.3 (python, science)
BSD-licensed HEALPix for Astropy

py314-coherent.licensed @0.5.2 (python, devel)
License management tooling for Coherent System and skeleton projects

py314-diskcache @5.6.3 (python)
DiskCache is an Apache2 licensed disk and file backed cache library, written in pure-Python, and compatible with Django.

py314-spdx @2.5.1 (python)
SPDX license list database

py314-spdx-lookup @0.3.3 (python)
SPDX license list query tool

stb @20241029 (devel)
Single-file public domain (or MIT licensed) libraries for C/C++.

Found 50 ports.
