aha @0.5.1 (textproc)
aha converts ANSI escape sequences to HTML code

arb @6.0.6_4 (science)
ARB graphical DNA, RNA and amino acid sequence analysis tool

bfast @0.7.0a (science)
a tool for fast and accurate sequence alignment

cdhit @4.8.1 (science)
A program for clustering and comparing protein or nucleotide sequences

cl-difflib @20090602 (lisp, devel)
A Common Lisp library for computing differences between sequences based on the Python difflib module.

cl-split-sequence @2.0.1_1 (lisp, devel)
Common Lisp package to split a sequence of objects

cl-xsubseq @20170803 (lisp, devel)
Efficient way to use "subseq"s in Common Lisp

cmdseq @0.2 (sysutils)
cmdseq allows users to execute interleaved sequences of commands.

cocoa-tlassemble @1.0 (sysutils)
tlassemble is a simple Mac OS X command line utility that combines a sequence of images into a movie.

cufflinks @2.2.1_2 (science, biology)
Cufflinks assembles transcripts, estimates their abundances, and tests for differential expression and regulation in RNA-Seq samples.

diffutils-for-muniversal @3.8 (sysutils)
GNU diff utilities sequestered for muniversal PG

drumsxx @0.96 (audio)
language designed for sequencing music through drum machines

exonerate @2.4.0 (science)
A generic tool for sequence alignment

git-interactive-rebase-tool @2.4.1 (devel)
Native cross platform full feature terminal based sequence editor for git interactive rebase.

hmmer @3.4 (science)
HMMER is used for searching sequence databases for sequence homologs, and for making sequence alignments

htslib @1.22.1 (science)
C library for accessing SAM, CRAM, VCF, BCF and other file formats used for high-throughput sequencing data

libt3key @0.2.10 (devel)
The libt3key library provides functions for retrieving the character sequences used by terminals to represent keys pressed by the user.

mafft @7.526 (science)
Multiple alignment program for amino acid or nucleotide sequences

mscgen @0.20_1 (graphics)
Message Sequence Chart image generator

muscle @5.3 (science)
A program for multiple sequence alignment with high accuracy and high throughput

newran @03 (math)
This is a C++ library for generating sequences of random numbers from a wide variety of distributions.

ocaml-seq @0.3.1 (ocaml, devel)
Compatibility package for OCamlʼs standard iterator type

p5-algorithm-combinatorics @0.270.0 (perl)
Algorithm::Combinatorics - Efficient generation of combinatorial sequences

p5-bio-variation @1.7.5 (perl)
Bio::Variation name space contains modules to store sequence variation information as differences between the reference sequence and changes sequences

p5-dbix-admin-createtable @2.110.0 (perl)
DBIx::Admin::CreateTable - Create and drop tables, primary indexes, and sequences

p5-pod-escapes @1.70.0 (perl)
for resolving Pod E<...> sequences

p5-term-ansicolor @5.10.0 (perl)
Term::ANSIColor - Color screen output using ANSI escape sequences

p5-text-balanced @2.70.0 (perl)
Text::Balanced - Extract delimited text sequences from strings

p5.28-algorithm-combinatorics @0.270.0 (perl)
Algorithm::Combinatorics - Efficient generation of combinatorial sequences

p5.28-bio-variation @1.7.5 (perl)
Bio::Variation name space contains modules to store sequence variation information as differences between the reference sequence and changes sequences

p5.28-dbix-admin-createtable @2.110.0 (perl)
DBIx::Admin::CreateTable - Create and drop tables, primary indexes, and sequences

p5.28-pod-escapes @1.70.0 (perl)
for resolving Pod E<...> sequences

p5.28-term-ansicolor @5.10.0 (perl)
Term::ANSIColor - Color screen output using ANSI escape sequences

p5.28-text-balanced @2.70.0 (perl)
Text::Balanced - Extract delimited text sequences from strings

p5.30-algorithm-combinatorics @0.270.0 (perl)
Algorithm::Combinatorics - Efficient generation of combinatorial sequences

p5.30-bio-variation @1.7.5 (perl)
Bio::Variation name space contains modules to store sequence variation information as differences between the reference sequence and changes sequences

p5.30-dbix-admin-createtable @2.110.0 (perl)
DBIx::Admin::CreateTable - Create and drop tables, primary indexes, and sequences

p5.30-pod-escapes @1.70.0 (perl)
for resolving Pod E<...> sequences

p5.30-term-ansicolor @5.10.0 (perl)
Term::ANSIColor - Color screen output using ANSI escape sequences

p5.30-text-balanced @2.70.0 (perl)
Text::Balanced - Extract delimited text sequences from strings

p5.32-algorithm-combinatorics @0.270.0 (perl)
Algorithm::Combinatorics - Efficient generation of combinatorial sequences

p5.32-bio-variation @1.7.5 (perl)
Bio::Variation name space contains modules to store sequence variation information as differences between the reference sequence and changes sequences

p5.32-dbix-admin-createtable @2.110.0 (perl)
DBIx::Admin::CreateTable - Create and drop tables, primary indexes, and sequences

p5.32-pod-escapes @1.70.0 (perl)
for resolving Pod E<...> sequences

p5.32-term-ansicolor @5.10.0 (perl)
Term::ANSIColor - Color screen output using ANSI escape sequences

p5.32-text-balanced @2.70.0 (perl)
Text::Balanced - Extract delimited text sequences from strings

p5.34-algorithm-combinatorics @0.270.0 (perl)
Algorithm::Combinatorics - Efficient generation of combinatorial sequences

p5.34-bio-variation @1.7.5 (perl)
Bio::Variation name space contains modules to store sequence variation information as differences between the reference sequence and changes sequences

p5.34-dbix-admin-createtable @2.110.0 (perl)
DBIx::Admin::CreateTable - Create and drop tables, primary indexes, and sequences

p5.34-pod-escapes @1.70.0 (perl)
for resolving Pod E<...> sequences

p5.34-term-ansicolor @5.10.0 (perl)
Term::ANSIColor - Color screen output using ANSI escape sequences

p5.34-text-balanced @2.70.0 (perl)
Text::Balanced - Extract delimited text sequences from strings

pueue @4.0.1 (sysutils)
A CLI task management tool for sequential and parallel execution of long-running tasks.

py-fairseq @0.12.2 (python)
Facebook AI Research Sequence-to-Sequence Toolkit written in Python.

py-frozenlist @1.8.0 (python)
list-like structure which implements collections.abc.MutableSequence

py-htseq @2.0.1 (python)
A framework to process and analyze data from high-throughput sequencing (HTS) assays

py-note-seq @0.0.5 (python, audio)
Use machine learning to create art and music.

py-pysam @0.22.0 (python, science)
Python interface for the SAM/BAM sequence alignment and mapping format

py-seqdiag @3.0.0 (python, graphics)
seqdiag generates sequence-diagram image from text

py-seqeval @1.2.2 (python)
Testing framework for sequence labeling

py310-fairseq @0.12.2 (python)
Facebook AI Research Sequence-to-Sequence Toolkit written in Python.

py310-frozenlist @1.8.0 (python)
list-like structure which implements collections.abc.MutableSequence

py310-htseq @2.0.1 (python)
A framework to process and analyze data from high-throughput sequencing (HTS) assays

py310-note-seq @0.0.5 (python, audio)
Use machine learning to create art and music.

py310-pysam @0.22.0 (python, science)
Python interface for the SAM/BAM sequence alignment and mapping format

py310-seqdiag @3.0.0 (python, graphics)
seqdiag generates sequence-diagram image from text

py310-seqeval @1.2.2 (python)
Testing framework for sequence labeling

py311-frozenlist @1.8.0 (python)
list-like structure which implements collections.abc.MutableSequence

py311-note-seq @0.0.5 (python, audio)
Use machine learning to create art and music.

py311-pysam @0.22.0 (python, science)
Python interface for the SAM/BAM sequence alignment and mapping format

py311-seqeval @1.2.2 (python)
Testing framework for sequence labeling

py312-frozenlist @1.8.0 (python)
list-like structure which implements collections.abc.MutableSequence

py312-pysam @0.22.0 (python, science)
Python interface for the SAM/BAM sequence alignment and mapping format

py313-frozenlist @1.8.0 (python)
list-like structure which implements collections.abc.MutableSequence

py314-frozenlist @1.8.0 (python)
list-like structure which implements collections.abc.MutableSequence

R-binseqtest @1.0.4_1 (R, science)
Exact binary sequential designs and analysis

R-constellation @0.2.0_1 (R, science, economics)
Identify event sequences using time series joins

R-cpm @2.3_1 (R, science)
Sequential and batch change detection using parametric and non-parametric methods

R-csaw @1.38.0 (R, science, bioconductor)
ChIP-Seq Analysis with Windows

R-DECIPHER @3.0.0 (R, science, bioconductor)
Tools for curating, analyzing and manipulating biological sequences

R-DESeq2 @1.44.0 (R, science, bioconductor)
Differential gene expression analysis based on the negative binomial distribution

R-diseq @0.4.6_5 (R, science, economics)
Estimation methods for markets in equilibrium and disequilibrium

R-Disequilibrium @1.1_1 (R, science, economics)
Estimate, summarize and perform predictions with the market-in-disequilibrium model

R-fansi @1.0.6_1 (R, science)
ANSI control sequence-aware string functions

R-fastcpd @0.14.6 (R, science, math)
Fast change point detection via sequential gradient descent

R-ggseqlogo @0.2 (R, science, graphics)
R-ggplot2 extension for drawing publication-ready sequence logos

R-groHMM @1.38.0 (R, science, bioconductor)
GRO-seq analysis pipeline

R-gsbDesign @1.0-3_1 (R, science)
Group Sequential Bayes Design

R-gsDesign @3.6.4 (R, science)
Group Sequential Design

R-gsDesign2 @1.1.2_1 (R, science)
Group sequential design with non-constant effect

R-kebabs @1.38.0 (R, science, bioconductor)
Kernel-Based Analysis of Biological Sequences

R-ldbounds @2.0.2_1 (R, science)
Lan–DeMets method for group sequential boundaries

R-markovmix @0.1.3_1 (R, science, math)
Mixture of Markov chains with support of higher orders and multiple sequences

R-mispr @1.0.0_2 (R, science, math)
Multiple Imputation with Sequential Penalized Regression

R-mixsqp @0.3-54_1 (R, science, math)
Sequential quadratic programming for fast maximum-likelihood estimation of mixture proportions

R-nebula @1.5.3 (R, science)
Negative binomial mixed models using large-sample approximation for differential expression analysis of ScRNA-Seq data

R-nimbleSMC @0.11.1 (R, science, math)
Sequential Monte Carlo Methods for R-nimble

R-PeakSegDP @2024.1.24_1 (R, science)
Dynamic programming algorithm for peak detection in ChIP-Seq data

R-PeakSegJoint @2024.10.1 (R, science)
Joint peak detection in several ChIP-Seq samples

R-pwalign @1.0.0 (R, science, bioconductor)
Perform pairwise sequence alignments

R-RcppSMC @0.2.7_2 (R, science)
Rcpp bindings for Sequential Monte Carlo

R-Rhtslib @3.0.0 (R, science, bioconductor)
HTSlib high-throughput sequencing library as an R package

R-RTSA @0.2.2_1 (R, science)
Trial sequential analysis for error control and inference in sequential meta-analyses

R-rucrdtw @0.1.6_1 (R, science, math)
R bindings for the UCR suite for fast time series subsequence search

R-sccore @1.0.5_1 (R, science)
Core utilities for single-cell RNA-seq

R-secure @0.6_1 (R, science, math)
Sequential co-sparse factor regression

R-seededlda @1.4.1 (R, science, textproc)
Seeded sequential LDA for topic modelling

R-segen @1.1.0_1 (R, science, math)
Sequence generalization through similarity network

R-SeqArray @1.44.2 (R, science, bioconductor)
Data management of large-scale whole-genome sequence variant calls

R-seqHMM @1.2.6_1 (R, science, math)
Mixture hidden Markov models for social sequence data and other multivariate, multichannel categorical time series

R-seqICP @1.1_1 (R, science, math)
Sequential Invariant Causal Prediction

R-seqinr @4.2-36_1 (R, science)
Genomic data retrieval

R-SequenceSpikeSlab @1.0.1_1 (R, science, math)
Exact Bayesian model selection methods for the sparse normal sequence model

R-slp @1.0-5 (R, science)
Discrete prolate spheroidal (slepian) sequence regression smoothers

R-spacefillr @0.3.3 (R, science, math)
Space-filling random and quasi-random sequences

R-sps @0.5.4_1 (R, science, math)
Sequential Poisson Sampling

R-SSRA @0.1-0_1 (R, science, math)
Sakai Sequential Relation Analysis

R-TraMineR @2.2-10 (R, science, math)
Trajectory miner – a toolbox for exploring and rendering sequences

R-yeastNagalakshmi @1.40.0 (R, science, bioconductor)
Yeast genome RNA sequencing data based on Nagalakshmi et al.

R-Zseq @0.2.1_1 (R, science, math)
Integer sequence generator

rb-buftok @0.3.0 (ruby, devel)
BufferedTokenizer extracts token-delimited entities from a sequence of arbitrary inputs

rb-term-ansicolor @1.0.4 (ruby)
Small Ruby library that colors strings using ANSI escape sequences.

rb19-diff-lcs @1.1.2_1 (ruby)
Ruby port of Algorithm::Diff using longest common subsequence

rb19-sequel @3.12.0 (ruby, databases)
The Database Toolkit for Ruby

rb19-term-ansicolor @1.2.2 (ruby, devel)
Ruby library that colors strings using ANSI escape sequences

rb31-buftok @0.3.0 (ruby, devel)
BufferedTokenizer extracts token-delimited entities from a sequence of arbitrary inputs

rb32-buftok @0.3.0 (ruby, devel)
BufferedTokenizer extracts token-delimited entities from a sequence of arbitrary inputs

rb33-buftok @0.3.0 (ruby, devel)
BufferedTokenizer extracts token-delimited entities from a sequence of arbitrary inputs

seqan @2.4.0_1 (science)
SeqAn - The C++ Sequence Analysis Library

seqan-1 @1.4.2 (science)
compatibility version of SeqAn

seqan-apps @2.4.0_3 (science)
Applications distributed with the SeqAn library

seqan2 @2.5.0 (science)
SeqAn - The C++ Sequence Analysis Library

seqan2-apps @2.4.0_1 (science)
Applications distributed with the SeqAn library

seqan3 @3.4.0 (science)
SeqAn3 - The modern C++ library for sequence analysis

Sequel-Ace @2.3.1 (aqua, devel, databases)
MySQL/MariaDB database management for macOS

sequelpro-devel @20200622 (aqua, devel, databases)
MySQL/MariaDB database management for macOS

sequoia-chameleon-gnupg @0.13.1 (security, mail)
This is a re-implementation and drop-in replacement of gpg and gpgv using the Sequoia OpenPGP implementation.

sequoia-keystore @0.2.0 (security, mail)
This project implements a private key store for Sequoia.

sequoia-sq @1.3.1_1 (security, mail)
Sequoia-PGP is an implementation of OpenPGP in Rust. This port provides the sq command line application, which provides a way to use OpenPGP conveniently from the command line.

soplex @7.1.0 (math)
Sequential object-oriented simPlex

tophat @2.1.2_3 (science, biology)
a fast splice junction mapper for RNA-Seq reads

tree-puzzle @5.2 (science)
a computer program to reconstruct phylogenetic trees from molecular sequence data by maximum likelihood

wapiti @1.5.0 (math, textproc)
A simple and fast discriminative sequence labelling toolkit

warzone2100-videos @0.0.0 (games)
in-game cinematic sequences for Warzone 2100

Found 144 ports.
