apple-pki-bundle @2022-11-12 (net, www, security)
Apple PKI certificate bundle

cert-manager-cli @1.6.1 (sysutils)
CLI for cert-manager, which automatically provisions and manages TLS certificates in Kubernetes

certbot @5.3.0 (security)
An ACME Let's Encrypt client that can obtain certs and extensibly update server configurations.

certbot-apache @5.3.0 (security)
The certbot Apache plugin for http-01 challenges

certbot-dns-cloudflare @5.3.0 (security)
The certbot dns_cloudflare plugin for dns-01 challenges

certbot-dns-digitalocean @5.3.0 (security)
The certbot dns_digitalocean plugin for dns-01 challenges

certbot-dns-dnsimple @5.3.0 (security)
The certbot dns_dnsimple plugin for dns-01 challenges

certbot-dns-dnsmadeeasy @5.3.0 (security)
The certbotdns_dnsmadeeasy plugin for dns-01 challenges

certbot-dns-gehirn @5.3.0 (security)
The certbot gehirn plugin for dns-01 challenges

certbot-dns-google @5.3.0 (security)
The certbot google plugin for dns-01 challenges

certbot-dns-linode @5.3.0 (security)
The certbot linode plugin for dns-01 challenges

certbot-dns-luadns @5.3.0 (security)
The certbot luadns plugin for dns-01 challenges

certbot-dns-namecheap @1.0.0_1 (security)
The certbot namecheap.com plugin for dns-01 challenges

certbot-dns-nsone @5.3.0 (security)
The certbot nsone plugin for dns-01 challenges

certbot-dns-ovh @5.3.0 (security)
The certbot ovh plugin for dns-01 challenges

certbot-dns-rfc2136 @5.3.0 (security)
The certbot rfc2136 plugin for dns-01 challenges

certbot-dns-route53 @5.3.0 (security)
The certbot route53 plugin for dns-01 challenges

certbot-dns-sakuracloud @5.3.0 (security)
The certbot sakuracloud plugin for dns-01 challenges

certbot-nginx @5.3.0 (security)
The certbot Nginx plugin for http-01 challenges

certgraph @20220513 (net, security)
An open source intelligence tool to crawl the graph of certificate Alternate Names

certigo @1.17.1 (sysutils)
A utility to examine and validate certificates in a variety of formats.

certstrap @1.3.0 (security, devel)
Bootstrap CAs, certificate requests, and signed certificates.

certsync @1.1.3 (security)
Export x509 CAs from the Mac OS X Keychain.

checkssl @0.6.0 (sysutils, devel)
checkssl - simple command line tool to check or monitor your https certificate

curl-ca-bundle @8.13.0 (net)
CA certificate bundle for curl

fetch-crl @3.0.21 (security, net)
Download tool for Certificate Revocation Lists

gcr @3.41.2 (gnome, security)
GCR is a library for displaying certificates, and crypto UI, accessing key stores.

igtf-ca-bundle @1.106 (security, net)
The IGTF trusted certificates and metadata

kmahjongg @4.14.3_3 (kde, kde4, games)
In KMahjongg the tiles are scrambled and staked on top of each other to resemble a certain shape.

mkcert @1.4.4 (security, devel)
A simple zero-config tool to make locally trusted development certificates with any names you'd like

mod_pkcs12 @0.2.1_1 (www, security)
Redwax apache module to issue signed certificates in PKCS12 format

octave-statistics-resampling @5.6.0_2 (octave, math, science)
Estimate bias, uncertainty (standard errors and confidence intervals) and test hypotheses (p-values) using bootstrap resampling methods.

p5-module-mask @0.60.0 (perl)
Module::Mask - pretend certain modules are not installed

p5-mozilla-ca @20250602 (perl)
Mozilla::CA - Mozilla's CA cert bundle in PEM format

p5-test-settings @0.3.0 (perl)
Test::Settings - Ask or tell when certain types of tests should be run

p5.28-module-mask @0.60.0 (perl)
Module::Mask - pretend certain modules are not installed

p5.28-mozilla-ca @20250602 (perl)
Mozilla::CA - Mozilla's CA cert bundle in PEM format

p5.28-test-settings @0.3.0 (perl)
Test::Settings - Ask or tell when certain types of tests should be run

p5.30-module-mask @0.60.0 (perl)
Module::Mask - pretend certain modules are not installed

p5.30-mozilla-ca @20250602 (perl)
Mozilla::CA - Mozilla's CA cert bundle in PEM format

p5.30-test-settings @0.3.0 (perl)
Test::Settings - Ask or tell when certain types of tests should be run

p5.32-module-mask @0.60.0 (perl)
Module::Mask - pretend certain modules are not installed

p5.32-mozilla-ca @20250602 (perl)
Mozilla::CA - Mozilla's CA cert bundle in PEM format

p5.32-test-settings @0.3.0 (perl)
Test::Settings - Ask or tell when certain types of tests should be run

p5.34-module-mask @0.60.0 (perl)
Module::Mask - pretend certain modules are not installed

p5.34-mozilla-ca @20250602 (perl)
Mozilla::CA - Mozilla's CA cert bundle in PEM format

p5.34-test-settings @0.3.0 (perl)
Test::Settings - Ask or tell when certain types of tests should be run

plantri @5.5 (math, science)
plantri and fullgen are programs for generation of certain types of planar graphs.

py-certifi @2025.11.12 (python, devel, net)
Python package for providing Mozilla's CA Bundle.

py-certomancer @0.11.0 (python)
PKI testing tool

py-certomancer-csc-dummy @0.2.3 (python)
A Certomancer-based demo CSC server for integration tests

py-hanko-certvalidator @0.27.0 (python)
Validates X.509 certificates and paths, forked from wbond/certvalidator

py-pure_eval @0.2.3 (python, devel)
Safely evaluate certain AST nodes.

py-trustme @1.2.1 (python, devel)
#1 quality TLS certs while you wait, for the discerning tester

py-uncertainties @3.2.4 (python, math)
The Python uncertainties package

py27-certifi @2021.10.8 (python, devel, net)
Python package for providing Mozilla's CA Bundle.

py35-certifi @2021.10.8 (python, devel, net)
Python package for providing Mozilla's CA Bundle.

py36-certifi @2021.10.8 (python, devel, net)
Python package for providing Mozilla's CA Bundle.

py37-certifi @2025.11.12 (python, devel, net)
Python package for providing Mozilla's CA Bundle.

py38-certifi @2025.11.12 (python, devel, net)
Python package for providing Mozilla's CA Bundle.

py39-certifi @2025.11.12 (python, devel, net)
Python package for providing Mozilla's CA Bundle.

py39-pure_eval @0.2.3 (python, devel)
Safely evaluate certain AST nodes.

py310-certifi @2025.11.12 (python, devel, net)
Python package for providing Mozilla's CA Bundle.

py310-certomancer @0.11.0 (python)
PKI testing tool

py310-certomancer-csc-dummy @0.2.3 (python)
A Certomancer-based demo CSC server for integration tests

py310-hanko-certvalidator @0.27.0 (python)
Validates X.509 certificates and paths, forked from wbond/certvalidator

py310-pure_eval @0.2.3 (python, devel)
Safely evaluate certain AST nodes.

py310-trustme @1.2.1 (python, devel)
#1 quality TLS certs while you wait, for the discerning tester

py310-uncertainties @3.2.4 (python, math)
The Python uncertainties package

py311-certifi @2025.11.12 (python, devel, net)
Python package for providing Mozilla's CA Bundle.

py311-certomancer @0.11.0 (python)
PKI testing tool

py311-certomancer-csc-dummy @0.2.3 (python)
A Certomancer-based demo CSC server for integration tests

py311-hanko-certvalidator @0.27.0 (python)
Validates X.509 certificates and paths, forked from wbond/certvalidator

py311-pure_eval @0.2.3 (python, devel)
Safely evaluate certain AST nodes.

py311-trustme @1.2.1 (python, devel)
#1 quality TLS certs while you wait, for the discerning tester

py311-uncertainties @3.2.4 (python, math)
The Python uncertainties package

py312-certifi @2025.11.12 (python, devel, net)
Python package for providing Mozilla's CA Bundle.

py312-certomancer @0.11.0 (python)
PKI testing tool

py312-certomancer-csc-dummy @0.2.3 (python)
A Certomancer-based demo CSC server for integration tests

py312-hanko-certvalidator @0.27.0 (python)
Validates X.509 certificates and paths, forked from wbond/certvalidator

py312-pure_eval @0.2.3 (python, devel)
Safely evaluate certain AST nodes.

py312-trustme @1.2.1 (python, devel)
#1 quality TLS certs while you wait, for the discerning tester

py312-uncertainties @3.2.4 (python, math)
The Python uncertainties package

py313-certifi @2025.11.12 (python, devel, net)
Python package for providing Mozilla's CA Bundle.

py313-hanko-certvalidator @0.27.0 (python)
Validates X.509 certificates and paths, forked from wbond/certvalidator

py313-pure_eval @0.2.3 (python, devel)
Safely evaluate certain AST nodes.

py313-trustme @1.2.1 (python, devel)
#1 quality TLS certs while you wait, for the discerning tester

py313-uncertainties @3.2.4 (python, math)
The Python uncertainties package

py314-certifi @2025.11.12 (python, devel, net)
Python package for providing Mozilla's CA Bundle.

py314-pure_eval @0.2.3 (python, devel)
Safely evaluate certain AST nodes.

py314-uncertainties @3.2.4 (python, math)
The Python uncertainties package

R-constants @1.0.1_1 (R, science)
Reference on constants, units and uncertainty

R-CSMES @1.0.1_1 (R, science, economics)
Cost-sensitive multi-criteria ensemble selection for uncertain cost conditions

R-errors @0.4.2 (R, science, math)
Uncertainty propagation for R vectors

R-ggdist @3.3.2_1 (R, science, math)
Visualizations of distributions and uncertainty

R-openssl @2.2.2 (R, science, crypto, net, security)
Toolkit for encryption, signatures and certificates based on OpenSSL

R-propagate @1.0-6_1 (R, science, math)
Propagation of uncertainty using higher-order Taylor expansion and Monte Carlo simulation

R-ui @0.1.1_1 (R, science, math)
Uncertainty intervals and sensitivity analysis for missing data

rb-user_space @5.2.230101 (ruby, devel)
Automated certain XDG features

rb30-user_space @5.2.230101 (ruby, devel)
Automated certain XDG features

rb31-user_space @5.2.230101 (ruby, devel)
Automated certain XDG features

rb32-user_space @5.2.230101 (ruby, devel)
Automated certain XDG features

rb33-user_space @5.2.230101 (ruby, devel)
Automated certain XDG features

redwax-tool @1.0.0 (security, devel)
The universal certificate conversion tool.

step-ca @0.28.4 (security)
A private certificate authority (X.509 & SSH) & ACME server for secure automated certificate management, so you can use TLS everywhere & SSO for SSH.

teleport @13.2.3 (net)
Teleport SSH server and Certificate Authority

tinyca2 @0.7.5_10 (security, net)
GUI Certificate Authority tool.

xca @2.9.0 (security, crypto)
X Certificate and Key management

zlint @3.6.5 (security)
X.509 Certificate Linter focused on Web PKI standards and requirements.

Found 109 ports.
