aspell-dict-ru @0.99f7-1 (textproc)
Russian dictionary for aspell

hunspell-dict-ru_RU @20131101 (textproc)
Russian (Russia) dictionary for hunspell

kde-l10n-ru @4.14.3 (kde, kde4)
KDE Russian language files.

p5-lingua-stem-ru @0.40.0 (perl)
Porter's stemming algorithm for Russian (KOI8-R only)

p5.28-lingua-stem-ru @0.40.0 (perl)
Porter's stemming algorithm for Russian (KOI8-R only)

p5.30-lingua-stem-ru @0.40.0 (perl)
Porter's stemming algorithm for Russian (KOI8-R only)

p5.32-lingua-stem-ru @0.40.0 (perl)
Porter's stemming algorithm for Russian (KOI8-R only)

p5.34-lingua-stem-ru @0.40.0 (perl)
Porter's stemming algorithm for Russian (KOI8-R only)

R-sylly.ru @0.1-2_1 (R, science, textproc)
Language support for R-sylly: Russian

tesseract-rus @4.1.0 (textproc, graphics, pdf)
Russian language data for the Tesseract OCR engine

Found 10 ports.
