aha @0.5.1 (textproc)
aha converts ANSI escape sequences to HTML code

ansible @2.3.2.0.1_2 (sysutils)
SSH-based configuration management and deployment system

ansible-lint @26.1.1_1 (sysutils)
Best practices checker for Ansible playbooks

ansible_select @0.1_2 (python, sysutils)
Common files for selecting the default Ansible version

ansifilter @2.21 (textproc)
remove ANSI codes from output

argtable @2.13 (devel)
ANSI C library for parsing GNU style command line arguments

argtable3 @3.3.1 (devel)
ANSI C library for parsing GNU style command line arguments

bitchx @1.2.1_4 (irc)
BitchX - An IRC Client based on ircII w/ ANSI color and much much more.

cfonts @1.3.0 (textproc)
Sexy ANSI fonts for the console

cl-ansi-text @2.0.1 (lisp, devel)
Enables ANSI colors for printing.

clisp @2.50.0-20241112 (lang)
The CLISP ANSI Common Lisp Implementation

drill @0.9.0 (net, www)
Drill is an HTTP load testing application written in Rust inspired by Ansible syntax

FACE @1.1.3 (devel, fortran)
Fortran Ansi Colors (and Styles) Environment

imgcat @1.2.0 (graphics)
a tool to output images as RGB ANSI graphics on the terminal

jet @0.7.27 (textproc, devel)
CLI to transform between JSON, EDN, YAML and Transit using Clojure

libcjson @1.7.19 (devel)
ultralightweight JSON parser in ANSI C

lrslib @7.3 (math)
self-contained ANSI C implementation of the reverse search algorithm for vertex enumeration/convex hull problems

lua-ansicolors @1.0.2 (lua, devel)
Ansicolors is a simple Lua function for printing to the console in color

lua51-ansicolors @1.0.2 (lua, devel)
Ansicolors is a simple Lua function for printing to the console in color

lua52-ansicolors @1.0.2 (lua, devel)
Ansicolors is a simple Lua function for printing to the console in color

lua53-ansicolors @1.0.2 (lua, devel)
Ansicolors is a simple Lua function for printing to the console in color

lua54-ansicolors @1.0.2 (lua, devel)
Ansicolors is a simple Lua function for printing to the console in color

ocaml-topkg @1.0.7 (ocaml, devel)
The transitory OCaml software packager

octave-ocs @0.1.5_10 (octave, math, science)
Package for solving DC and transient electrical circuit equations.

octave-sole @0.1.1_1 (octave, math, science)
A package for transient and steady state simulation of organic solar cells.

ossp-var @1.1.3 (devel)
A flexible, full-featured and fast variable expansion library

p5-dist-zilla-plugin-rewriteversion-transitional @0.9.0 (perl)
Dist::Zilla::Plugin::RewriteVersion::Transitional - Ease the transition to [RewriteVersion] in your distribution

p5-string-ttylength @0.30.0 (perl)
String::TtyLength - length or width of string excluding ANSI tty codes

p5-term-ansicolor @5.10.0 (perl)
Term::ANSIColor - Color screen output using ANSI escape sequences

p5.28-dist-zilla-plugin-rewriteversion-transitional @0.9.0 (perl)
Dist::Zilla::Plugin::RewriteVersion::Transitional - Ease the transition to [RewriteVersion] in your distribution

p5.28-string-ttylength @0.30.0 (perl)
String::TtyLength - length or width of string excluding ANSI tty codes

p5.28-term-ansicolor @5.10.0 (perl)
Term::ANSIColor - Color screen output using ANSI escape sequences

p5.30-dist-zilla-plugin-rewriteversion-transitional @0.9.0 (perl)
Dist::Zilla::Plugin::RewriteVersion::Transitional - Ease the transition to [RewriteVersion] in your distribution

p5.30-string-ttylength @0.30.0 (perl)
String::TtyLength - length or width of string excluding ANSI tty codes

p5.30-term-ansicolor @5.10.0 (perl)
Term::ANSIColor - Color screen output using ANSI escape sequences

p5.32-dist-zilla-plugin-rewriteversion-transitional @0.9.0 (perl)
Dist::Zilla::Plugin::RewriteVersion::Transitional - Ease the transition to [RewriteVersion] in your distribution

p5.32-string-ttylength @0.30.0 (perl)
String::TtyLength - length or width of string excluding ANSI tty codes

p5.32-term-ansicolor @5.10.0 (perl)
Term::ANSIColor - Color screen output using ANSI escape sequences

p5.34-dist-zilla-plugin-rewriteversion-transitional @0.9.0 (perl)
Dist::Zilla::Plugin::RewriteVersion::Transitional - Ease the transition to [RewriteVersion] in your distribution

p5.34-string-ttylength @0.30.0 (perl)
String::TtyLength - length or width of string excluding ANSI tty codes

p5.34-term-ansicolor @5.10.0 (perl)
Term::ANSIColor - Color screen output using ANSI escape sequences

pfe @0.33.71_2 (lang)
Implementation of ANSI Forth

py-ansible @13.0.0 (python, sysutils)
SSH-based configuration management and deployment system

py-ansible-compat @25.12.0 (python)
Functions that help interacting with various versions of Ansible

py-ansible-core @2.20.0 (python, sysutils)
SSH-based configuration management and deployment system

py-ansicolor @0.3.2 (python, devel)
A library to produce ANSI color output

py-ansicolors @1.1.8 (python)
ANSI colors for Python

py-bracex @2.6 (python)
Bash style brace expansion for Python.

py-termcolor @3.2.0 (python, devel)
ANSII Color formatting for output in terminal.

py39-termcolor @3.2.0 (python, devel)
ANSII Color formatting for output in terminal.

py310-ansible @13.0.0 (python, sysutils)
SSH-based configuration management and deployment system

py310-ansible-compat @25.12.0 (python)
Functions that help interacting with various versions of Ansible

py310-ansible-core @2.20.0 (python, sysutils)
SSH-based configuration management and deployment system

py310-ansicolors @1.1.8 (python)
ANSI colors for Python

py310-bracex @2.6 (python)
Bash style brace expansion for Python.

py310-termcolor @3.2.0 (python, devel)
ANSII Color formatting for output in terminal.

py311-ansible @13.0.0 (python, sysutils)
SSH-based configuration management and deployment system

py311-ansible-compat @25.12.0 (python)
Functions that help interacting with various versions of Ansible

py311-ansible-core @2.20.0 (python, sysutils)
SSH-based configuration management and deployment system

py311-ansicolors @1.1.8 (python)
ANSI colors for Python

py311-bracex @2.6 (python)
Bash style brace expansion for Python.

py311-termcolor @3.2.0 (python, devel)
ANSII Color formatting for output in terminal.

py312-ansible @13.0.0 (python, sysutils)
SSH-based configuration management and deployment system

py312-ansible-compat @25.12.0 (python)
Functions that help interacting with various versions of Ansible

py312-ansible-core @2.20.0 (python, sysutils)
SSH-based configuration management and deployment system

py312-ansicolors @1.1.8 (python)
ANSI colors for Python

py312-bracex @2.6 (python)
Bash style brace expansion for Python.

py312-termcolor @3.2.0 (python, devel)
ANSII Color formatting for output in terminal.

py313-ansible @13.0.0 (python, sysutils)
SSH-based configuration management and deployment system

py313-ansible-compat @25.12.0 (python)
Functions that help interacting with various versions of Ansible

py313-ansible-core @2.20.0 (python, sysutils)
SSH-based configuration management and deployment system

py313-ansicolors @1.1.8 (python)
ANSI colors for Python

py313-bracex @2.6 (python)
Bash style brace expansion for Python.

py313-termcolor @3.2.0 (python, devel)
ANSII Color formatting for output in terminal.

py314-ansible @13.0.0 (python, sysutils)
SSH-based configuration management and deployment system

py314-ansible-compat @25.12.0 (python)
Functions that help interacting with various versions of Ansible

py314-ansible-core @2.20.0 (python, sysutils)
SSH-based configuration management and deployment system

py314-ansicolor @0.3.2 (python, devel)
A library to produce ANSI color output

py314-bracex @2.6 (python)
Bash style brace expansion for Python.

py314-termcolor @3.2.0 (python, devel)
ANSII Color formatting for output in terminal.

R-BoundEdgeworth @0.1.2.1_1 (R, science, math)
Bound on the error of the first-order Edgeworth expansion

R-calibmsm @1.1.1 (R, science, math)
Calibration plots for the transition probabilities from multistate models

R-etm @1.1.1_1 (R, science, math)
Empirical Transition Matrix

R-fansi @1.0.6_1 (R, science)
ANSI control sequence-aware string functions

R-Gmisc @3.0.3_1 (R, science)
Descriptive statistics, transition plots and more

R-presmTP @1.1.0_1 (R, science)
Function for estimating the transition probabilities in an illness-death model

R-propagate @1.0-6_1 (R, science, math)
Propagation of uncertainty using higher-order Taylor expansion and Monte Carlo simulation

rb-term-ansicolor @1.0.4 (ruby)
Small Ruby library that colors strings using ANSI escape sequences.

rb19-rainbow @1.1 (ruby)
Rainbow extends ruby String class adding methods to wrap the string with ANSI escape codes

rb19-term-ansicolor @1.2.2 (ruby, devel)
Ruby library that colors strings using ANSI escape sequences

rust-bootstrap-transition @1.77.0 (lang, devel)
A safe, concurrent, practical language

screen @5.0.1 (sysutils)
Screen manager with VT100/ANSI terminal emulation

screen4 @4.9.1 (sysutils)
Screen manager with VT100/ANSI terminal emulation

sdcc @4.5.0 (lang)
ANSI C compiler targeting Intel 8051, Maxim 80DS390, Zilog Z80

sdcc29 @2.9.0_2 (lang)
ANSI C compiler targeting Intel 8051, Maxim 80DS390, Zilog Z80

uxn @20250907 (emulators)
An assembler and emulator for the Uxn stack-machine, written in ANSI C.

Found 96 ports.
