librttopo @1.1.0_3 (gis)
RT Topology Library

Pothos @0.6.1 (science)
Pothos is Software Defined Radio (SDR) with a complete data-flow framework for creating topologies of interconnected processing blocks.

py-spaghetti @1.7.6 (python, gis)
Spatial graphs: networks, topology and inference (spaghetti)

py-toposort @1.10 (python, devel)
Implements a topological sort algorithm

py310-spaghetti @1.7.6 (python, gis)
Spatial graphs: networks, topology and inference (spaghetti)

py310-toposort @1.10 (python, devel)
Implements a topological sort algorithm

py311-spaghetti @1.7.6 (python, gis)
Spatial graphs: networks, topology and inference (spaghetti)

py311-toposort @1.10 (python, devel)
Implements a topological sort algorithm

py312-spaghetti @1.7.6 (python, gis)
Spatial graphs: networks, topology and inference (spaghetti)

py313-spaghetti @1.7.6 (python, gis)
Spatial graphs: networks, topology and inference (spaghetti)

R-graphite @1.50.0 (R, science, bioconductor)
GRAPH interaction from pathway topological environment

R-rgudhi @0.2.0_2 (R, science, math)
Interface to the GUDHI library for topological data analysis

R-TDAkit @0.1.2_1 (R, science, math)
Toolkit for topological data analysis

R-TDAstats @0.4.1_1 (R, science, math)
Pipeline for topological data analysis

R-tdaunif @0.2.0 (R, science, math)
Uniform manifold samplers for topological data analysis

Found 15 ports.
