cowsay @3.8.4 (textproc, amusements, games)
Configurable talking characters in ASCII art

hunspell-en @2020.12.07 (textproc)
SCOWL based hunspell english dictionaries.

hunspell-en_AU @2020.12.07 (textproc)
SCOWL based hunspell english dictionaries.

hunspell-en_AU_large @2020.12.07 (textproc)
SCOWL based hunspell english dictionaries.

hunspell-en_CA @2020.12.07 (textproc)
SCOWL based hunspell english dictionaries.

hunspell-en_CA_large @2020.12.07 (textproc)
SCOWL based hunspell english dictionaries.

hunspell-en_GB_ise @2020.12.07 (textproc)
SCOWL based hunspell english dictionaries.

hunspell-en_GB_ize @2020.12.07 (textproc)
SCOWL based hunspell english dictionaries.

hunspell-en_GB_large @2020.12.07 (textproc)
SCOWL based hunspell english dictionaries.

hunspell-en_US @2020.12.07 (textproc)
SCOWL based hunspell english dictionaries.

hunspell-en_US_large @2020.12.07 (textproc)
SCOWL based hunspell english dictionaries.

insub @13.0 (irc)
extra cowsay cows and irssi script

mosml @2.10.1 (lang, devel, ml)
Moscow ML is an implementation of Standard ML (SML)

mosml-dynlibs @2.10.1_1 (lang, devel, ml)
Moscow ML is an implementation of Standard ML (SML)

neo-cowsay @2.0.4 (textproc, games)
cowsay is reborn. Neo Cowsay is written in Go.

p5-b-cow @0.7.0 (perl)
B::COW - additional B helpers to check Copy-On-Write status

p5.28-b-cow @0.7.0 (perl)
B::COW - additional B helpers to check Copy-On-Write status

p5.30-b-cow @0.7.0 (perl)
B::COW - additional B helpers to check Copy-On-Write status

p5.32-b-cow @0.7.0 (perl)
B::COW - additional B helpers to check Copy-On-Write status

p5.34-b-cow @0.7.0 (perl)
B::COW - additional B helpers to check Copy-On-Write status

R-cowplot @1.1.3_1 (R, science, graphics)
Streamlined plot theme and plot annotations for ggplot2

xcowsay @1.6 (x11)
xcowsay displays a cute cow and message on your desktop.

Found 22 ports.
