advancescan @1.18 (archivers)
command line rom manager for many emulators

alacritty @0.16.1 (aqua, shells)
A cross-platform, GPU-accelerated terminal emulator

amule @2021.12.05_2 (net, p2p, www)
aMule, the all-platform eMule p2p client

atari800 @5.0.0 (emulators)
Atari 800 emulator

aterm @1.0.1_1 (x11)
Color vt102 terminal emu w/transparency support

avidemux @2.8.1_8 (multimedia)
video editor designed for simple cutting, filtering and encoding tasks

awemud @0.22_2 (games)
MUD (Multi-User Dungeon) game server

basiliskii @20220412 (emulators)
Opensource 68k Mac emulator.

blink @1.1.0_1 (emulators)
tiniest x86-64-linux emulator

bnetd @0.4.25_1 (net, games)
daemon that emulates Blizzards Battle.net service

bochs @2.6.11 (emulators)
cross platform x86 and x86_64 emulator

c3270 @4.3ga8 (comms)
A console-based IBM3270 terminal emulator.

cool-retro-term @1.2.0_1 (aqua, shells)
A good looking terminal emulator which mimics the old cathode display

daapd @0.2.4b_1 (audio, net)
A DAAP server emulating an iTunes server.

DiskJockey @2.1 (aqua)
program for creating, analyzing, and converting disk images for emulators and devices like BlueSCSI and RaSCSI

docker-machine-driver-qemu @20220617 (devel)
Docker machine driver for pure qemu/kvm - no libvirt

dosbox @0.74_6 (emulators)
DOS emulator featuring 386 realmode, filesystem, XMS, EMS

dosbox-staging @0.80.1_1 (emulators)
A modernized fork of the DOSBox emulator

dosbox-x @2025.10.07 (emulators)
maintained and updated fork of dosbox DOS emulator

dtach @0.9 (sysutils)
program that emulates the detach feature of screen

dynamips @0.2.23 (net)
Cisco router emulator

edex-ui @2.2.8 (sysutils, shells)
Science fiction terminal emulator with advanced monitoring

Eterm @0.9.7-20200303 (x11)
Eterm is a color terminal emulator.

game-music-emu @0.6.4 (audio)
Game_Music_Emu is a collection of video game music file emulators that support various formats and systems

gelide @0.1.5_1 (emulators)
configurable user interface for managing emulated systems

gxemul @0.4.7.2 (emulators)
A simulator for ARM, MIPS, Motorola 88K, PowerPC, and SuperH.

hatari @2.1.0_2 (emulators)
Atari ST/STe/STfm emulator

hercules @3.13 (emulators)
The Hercules IBM Large Systems Emulator

hsftp @1.15_2 (net, security)
ftp emulator that uses ssh to transport commands and data

iTerm2 @3.4.21 (aqua, shells)
Enhanced terminal emulator program, successor to iTerm

jgenesis @0.10.1 (games)
Sega Genesis / Sega CD / SNES / Master System / Game Gear emulator

kdemultimedia4 @4.14.3 (kde, kde4)
KDE4 multimedia applications - Meta package

kitty @0.45.0 (aqua)
A cross-platform, fast, feature full, GPU based terminal emulator

konsole @4.14.3_2 (kde, kde4)
Konsole is the terminal emulator for the K Desktop Environment.

libmame @0.146.6 (emulators)
MAME emulator as a library

liboss @0.0.1_3 (audio)
OSS emulation for macOS

libslirp @4.8.0 (net)
General purpose TCP-IP emulator

libvterm @0.3.3 (devel)
A library for a VT220/xterm/ECMA-48 terminal emulator

lisaem @1.2.6_2 (emulators)
Apple Lisa emulator

mame @0.281 (emulators)
Multiple Arcade Machine Emulator

mednafen @1.32.1 (emulators, games)
Super-fast and super-compatible emulator for many video game systems

melonds @0.9.4_1 (emulators, games)
Nintendo DS emulator.

microemu @2.0.4 (java, devel, emulators)
MicroEmulator is a pure Java implementation of Java ME in Java SE.

minivmac @36.04 (emulators, aqua)
an emulator of the Macintosh Plus and other early Macintosh models

minivmac-128k @36.04 (emulators, aqua)
a Macintosh 128K emulator

minivmac-128k-devel @37.03 (emulators, aqua)
a Macintosh 128K emulator

minivmac-512k @36.04 (emulators, aqua)
a Macintosh 512K emulator

minivmac-512k-devel @37.03 (emulators, aqua)
a Macintosh 512K emulator

minivmac-512ke @36.04 (emulators, aqua)
a Macintosh 512Ke emulator

minivmac-512ke-devel @37.03 (emulators, aqua)
a Macintosh 512Ke emulator

minivmac-classic @36.04 (emulators, aqua)
a Macintosh Classic emulator

minivmac-classic-devel @37.03 (emulators, aqua)
a Macintosh Classic emulator

minivmac-custom @36.04 (emulators, aqua)
an emulator of the Macintosh Plus and other early Macintosh models

minivmac-custom-devel @37.03 (emulators, aqua)
an emulator of the Macintosh Plus and other early Macintosh models

minivmac-devel @37.03 (emulators, aqua)
an emulator of the Macintosh Plus and other early Macintosh models

minivmac-ii @36.04 (emulators, aqua)
a Macintosh II emulator

minivmac-ii-devel @37.03 (emulators, aqua)
a Macintosh II emulator

minivmac-plus @36.04 (emulators, aqua)
a Macintosh Plus emulator

minivmac-plus-devel @37.03 (emulators, aqua)
a Macintosh Plus emulator

minivmac-se @36.04 (emulators, aqua)
a Macintosh SE emulator

minivmac-se-devel @37.03 (emulators, aqua)
a Macintosh SE emulator

minivmac-sefdhd @36.04 (emulators, aqua)
a Macintosh SE FDHD emulator

minivmac-sefdhd-devel @37.03 (emulators, aqua)
a Macintosh SE FDHD emulator

mlterm @3.9.4_2 (x11)
Multi-lingual X11 terminal emulator

mrxvt @0.5.4_3 (x11)
A multi-tabbed terminal emulator for the X Window System.

mt-daapd @0.2.4.2_4 (audio, net)
A multi-threaded DAAP server emulating an iTunes server.

munt-mt32emu @2.5.3 (audio, emulators)
Munt library

ncurses @6.6 (devel)
emulation of curses in System V Release 4.0

oberon-risc @20200818 (emulators)
Project Oberon RISC system emulator

openjdk8-temurin @8u472 (java, devel)
Eclipse Temurin, based on OpenJDK 8 (Long Term Support until at least November 2026)

openjdk11-temurin @11.0.29 (java, devel)
Eclipse Temurin, based on OpenJDK 11 (Long Term Support until at least October 2027)

openjdk17-temurin @17.0.17 (java, devel)
Eclipse Temurin, based on OpenJDK 17 (Long Term Support until at least October 2027)

openjdk21-temurin @21.0.10 (java, devel)
Eclipse Temurin, based on OpenJDK 21 (Long Term Support until at least December 2029)

openjdk22-temurin @22.0.2 (java, devel)
Eclipse Temurin, based on OpenJDK 22 (Short Term Support until September 2024)

openjdk23-temurin @23.0.2 (java, devel)
Eclipse Temurin, based on OpenJDK 23 (Short Term Support until March 2025)

openjdk24-temurin @24.0.2 (java, devel)
Eclipse Temurin, based on OpenJDK 24 (Short Term Support until September 2025)

openjdk25-temurin @25.0.2 (java, devel)
Eclipse Temurin, based on OpenJDK 25 (Long Term Support until at least September 2031)

p5-cgi-emulate-psgi @0.230.0 (perl)
CGI::Emulate::PSGI - PSGI adapter for CGI

p5-crypt-mysql @0.40.0 (perl)
Crypt::MySQL - emulate MySQL PASSWORD() function.

p5-io-string @1.80.0_4 (perl)
IO::String - Emulate file interface for in-core strings

p5-moosex-emulate-class-accessor-fast @0.9.32 (perl)
Emulate Class::Accessor::Fast behavior using Moose attributes

p5-multidimensional @0.14.0 (perl)
multidimensional - disables multidimensional array emulation

p5-net-dns-resolver-programmable @0.9.0 (perl)
allows a virtual DNS to be emulated instead of querying the real DNS

p5-sql-abstract-limit @0.143.0 (perl, databases)
portable LIMIT emulation

p5-term-vt102 @0.910.0_1 (perl)
Emulates a colour VT102 terminal in memory

p5-test-mockobject @1.202.1.220 (perl)
Perl extension for emulating troublesome interfaces

p5-test2-plugin-memusage @0.2.3 (perl)
Test2::Plugin::MemUsage - Collect and display memory usage information

p5.28-cgi-emulate-psgi @0.230.0 (perl)
CGI::Emulate::PSGI - PSGI adapter for CGI

p5.28-crypt-mysql @0.40.0 (perl)
Crypt::MySQL - emulate MySQL PASSWORD() function.

p5.28-io-string @1.80.0_4 (perl)
IO::String - Emulate file interface for in-core strings

p5.28-moosex-emulate-class-accessor-fast @0.9.32 (perl)
Emulate Class::Accessor::Fast behavior using Moose attributes

p5.28-multidimensional @0.14.0 (perl)
multidimensional - disables multidimensional array emulation

p5.28-net-dns-resolver-programmable @0.9.0 (perl)
allows a virtual DNS to be emulated instead of querying the real DNS

p5.28-sql-abstract-limit @0.143.0 (perl, databases)
portable LIMIT emulation

p5.28-term-vt102 @0.910.0_1 (perl)
Emulates a colour VT102 terminal in memory

p5.28-test-mockobject @1.202.1.220 (perl)
Perl extension for emulating troublesome interfaces

p5.28-test2-plugin-memusage @0.2.3 (perl)
Test2::Plugin::MemUsage - Collect and display memory usage information

p5.30-cgi-emulate-psgi @0.230.0 (perl)
CGI::Emulate::PSGI - PSGI adapter for CGI

p5.30-crypt-mysql @0.40.0 (perl)
Crypt::MySQL - emulate MySQL PASSWORD() function.

p5.30-io-string @1.80.0_4 (perl)
IO::String - Emulate file interface for in-core strings

p5.30-moosex-emulate-class-accessor-fast @0.9.32 (perl)
Emulate Class::Accessor::Fast behavior using Moose attributes

p5.30-multidimensional @0.14.0 (perl)
multidimensional - disables multidimensional array emulation

p5.30-net-dns-resolver-programmable @0.9.0 (perl)
allows a virtual DNS to be emulated instead of querying the real DNS

p5.30-sql-abstract-limit @0.143.0 (perl, databases)
portable LIMIT emulation

p5.30-term-vt102 @0.910.0_1 (perl)
Emulates a colour VT102 terminal in memory

p5.30-test-mockobject @1.202.1.220 (perl)
Perl extension for emulating troublesome interfaces

p5.30-test2-plugin-memusage @0.2.3 (perl)
Test2::Plugin::MemUsage - Collect and display memory usage information

p5.32-cgi-emulate-psgi @0.230.0 (perl)
CGI::Emulate::PSGI - PSGI adapter for CGI

p5.32-crypt-mysql @0.40.0 (perl)
Crypt::MySQL - emulate MySQL PASSWORD() function.

p5.32-io-string @1.80.0_4 (perl)
IO::String - Emulate file interface for in-core strings

p5.32-moosex-emulate-class-accessor-fast @0.9.32 (perl)
Emulate Class::Accessor::Fast behavior using Moose attributes

p5.32-multidimensional @0.14.0 (perl)
multidimensional - disables multidimensional array emulation

p5.32-net-dns-resolver-programmable @0.9.0 (perl)
allows a virtual DNS to be emulated instead of querying the real DNS

p5.32-sql-abstract-limit @0.143.0 (perl, databases)
portable LIMIT emulation

p5.32-term-vt102 @0.910.0_1 (perl)
Emulates a colour VT102 terminal in memory

p5.32-test-mockobject @1.202.1.220 (perl)
Perl extension for emulating troublesome interfaces

p5.32-test2-plugin-memusage @0.2.3 (perl)
Test2::Plugin::MemUsage - Collect and display memory usage information

p5.34-cgi-emulate-psgi @0.230.0 (perl)
CGI::Emulate::PSGI - PSGI adapter for CGI

p5.34-crypt-mysql @0.40.0 (perl)
Crypt::MySQL - emulate MySQL PASSWORD() function.

p5.34-io-string @1.80.0_4 (perl)
IO::String - Emulate file interface for in-core strings

p5.34-moosex-emulate-class-accessor-fast @0.9.32 (perl)
Emulate Class::Accessor::Fast behavior using Moose attributes

p5.34-multidimensional @0.14.0 (perl)
multidimensional - disables multidimensional array emulation

p5.34-net-dns-resolver-programmable @0.9.0 (perl)
allows a virtual DNS to be emulated instead of querying the real DNS

p5.34-sql-abstract-limit @0.143.0 (perl, databases)
portable LIMIT emulation

p5.34-term-vt102 @0.910.0_1 (perl)
Emulates a colour VT102 terminal in memory

p5.34-test-mockobject @1.202.1.220 (perl)
Perl extension for emulating troublesome interfaces

p5.34-test2-plugin-memusage @0.2.3 (perl)
Test2::Plugin::MemUsage - Collect and display memory usage information

picocom @2023-04 (comms)
Minimal dumb-terminal emulation program

poll-emulator @1.5.1 (devel)
Library to provide poll(2) functionality

previous @4.0 (emulators)
NeXT computer emulator

putty @0.83 (security, net)
A free implementation of Telnet and SSH, along with an xterm terminal emulator

py-etuples @0.3.10 (python)
Python S-expression emulation using tuple-like objects.

py-luma.emulator @1.5.0 (python)
Drawing and text rendering for small displays, emulator module

py-pyte @0.8.2 (python)
an in memory VTXXX-compatible terminal emulator

py-terminado @0.18.1 (python, devel)
A Tornado websocket backend for the Xterm.js Javascript terminal emulator library

py39-terminado @0.18.1 (python, devel)
A Tornado websocket backend for the Xterm.js Javascript terminal emulator library

py310-etuples @0.3.10 (python)
Python S-expression emulation using tuple-like objects.

py310-luma.emulator @1.5.0 (python)
Drawing and text rendering for small displays, emulator module

py310-pyte @0.8.2 (python)
an in memory VTXXX-compatible terminal emulator

py310-terminado @0.18.1 (python, devel)
A Tornado websocket backend for the Xterm.js Javascript terminal emulator library

py311-etuples @0.3.10 (python)
Python S-expression emulation using tuple-like objects.

py311-luma.emulator @1.5.0 (python)
Drawing and text rendering for small displays, emulator module

py311-pyte @0.8.2 (python)
an in memory VTXXX-compatible terminal emulator

py311-terminado @0.18.1 (python, devel)
A Tornado websocket backend for the Xterm.js Javascript terminal emulator library

py312-etuples @0.3.10 (python)
Python S-expression emulation using tuple-like objects.

py312-luma.emulator @1.5.0 (python)
Drawing and text rendering for small displays, emulator module

py312-pyte @0.8.2 (python)
an in memory VTXXX-compatible terminal emulator

py312-terminado @0.18.1 (python, devel)
A Tornado websocket backend for the Xterm.js Javascript terminal emulator library

py313-etuples @0.3.10 (python)
Python S-expression emulation using tuple-like objects.

py313-luma.emulator @1.5.0 (python)
Drawing and text rendering for small displays, emulator module

py313-pyte @0.8.2 (python)
an in memory VTXXX-compatible terminal emulator

py313-terminado @0.18.1 (python, devel)
A Tornado websocket backend for the Xterm.js Javascript terminal emulator library

py314-etuples @0.3.10 (python)
Python S-expression emulation using tuple-like objects.

py314-luma.emulator @1.5.0 (python)
Drawing and text rendering for small displays, emulator module

py314-pyte @0.8.2 (python)
an in memory VTXXX-compatible terminal emulator

py314-terminado @0.18.1 (python, devel)
A Tornado websocket backend for the Xterm.js Javascript terminal emulator library

qemu @10.2.0 (emulators)
Emulator for various architectures

qodem @1.0.1 (comms)
Qodem Terminal Emulator

qterminal @1.4.0 (sysutils)
A lightweight Qt terminal emulator based on QTermWidget

R-emulator @1.2-24_1 (R, science)
Bayesian emulation of computer programs

R-hmer @1.6.0 (R, science, math)
R package for Bayes linear emulation and history matching

R-matlab @1.0.4.1 (R, science, math)
MATLAB emulation package

R-memuse @4.2-3_2 (R, science, sysutils)
Utility functions for large-scale data

R-RobustGaSP @0.6.6_1 (R, science, math)
Robust Gaussian stochastic process emulation

R-TestFunctions @0.2.2 (R, science)
Test functions for simulation experiments and evaluating optimization and emulation algorithms

rb-systemu @2.6.5 (ruby)
universal capture of stdout and stderr and handling of child process pid for windows, *nix, etc.

rb26-systemu @2.6.5 (ruby)
universal capture of stdout and stderr and handling of child process pid for windows, *nix, etc.

rb27-systemu @2.6.5 (ruby)
universal capture of stdout and stderr and handling of child process pid for windows, *nix, etc.

replex @0.1.6.8 (multimedia)
Remultiplex an MPEG2 TS into a PS for DVD

rio @0.2.37 (aqua, shells)
A hardware-accelerated GPU terminal emulator focusing to run in desktops and browsers.

sakura @3.8.8 (x11, gnome, sysutils)
Terminal emulator based on GTK and VTE

screen @5.0.1 (sysutils)
Screen manager with VT100/ANSI terminal emulation

screen4 @4.9.1 (sysutils)
Screen manager with VT100/ANSI terminal emulation

sealcurses @2024-12-02 (devel)
SDL Emulation and Adaptation Layer for Curses (ncursesw)

sheepshaver @20240609 (emulators)
Open source PPC Mac emulator.

shellinabox @2.21 (net, shells, www)
a web-based terminal emulator for ssh or other command line tools

slirp @1.0.17 (comms)
Slirp emulates a PPP or SLIP connection over a normal terminal.

socket_vmnet @1.2.1_1 (net)
vmnet.framework support for rootless QEMU

terminator @1.0 (sysutils)
multiple terminal emulator

tiemu3 @3.03_1 (math)
Texas Instruments TI89, Titanium, TI-92, TI-92+, Voyager 200 multi-platform emulator

tn5250 @0.18.0 (net)
tn5250 terminal emulator

uade2 @2.13_2 (audio)
Unix Amiga Delitracker Emulator

unicorn @2.1.4 (devel)
CPU emulator framework

uxn @20250907 (emulators)
An assembler and emulator for the Uxn stack-machine, written in ANSI C.

VisualBoyAdvance @1.7.2_4 (emulators, games)
An emulator for Gameboy and GameboyAdvance systems.

vmips @1.5.1 (emulators)
MIPS R3000 emulator

vpcs @0.8c-20160224 (emulators)
Virtual PC Simulator particularly of use with the Cisco dynamips emulator.

vte @0.76.4_1 (gnome)
VTE is a library (libvte) implementing a terminal emulator widget for GTK+, and a minimal sample application (vte) using that.

wemux @3.2.0_2 (devel)
wemux enhances tmux to make multi-user terminal multiplexing both easier and more powerful.

wezterm @20251201-075747-d3b0fdad (aqua, sysutils)
A GPU-accelerated cross-platform terminal emulator and multiplexer written in Rust

x48 @0.6.4_1 (emulators, math)
HP48 calculator emulator

x3270 @3.3.11ga6_4 (x11)
x3270 is an IBM 3270 terminal emulator for the X Window System.

xfce4-terminal @1.1.3 (xfce)
Terminal is a modern terminal emulator for the Unix/Linux desktop.

xnee @2.01_1 (x11)
Xnee's Not an Event Emulator

xterm @402 (x11)
the ubiquitous X terminal emulator, stand-alone

Found 195 ports.
