heimdal @7.8.0 (net, security)
Heimdal is a Kerberos 5 implementation.

kerberos5 @1.21.3 (net, security)
Kerberos is a network authentication protocol.

py-krb5 @0.8.0 (python, net, security)
Kerberos API bindings for Python

py-pykerberos @1.3.1 (python, devel)
A GSSAPI interface module for Python

py-requests-kerberos @0.15.0 (python, net, security)
A Kerberos authentication handler for python-requests

py310-krb5 @0.8.0 (python, net, security)
Kerberos API bindings for Python

py310-requests-kerberos @0.15.0 (python, net, security)
A Kerberos authentication handler for python-requests

py311-krb5 @0.8.0 (python, net, security)
Kerberos API bindings for Python

py311-requests-kerberos @0.15.0 (python, net, security)
A Kerberos authentication handler for python-requests

py312-krb5 @0.8.0 (python, net, security)
Kerberos API bindings for Python

py312-requests-kerberos @0.15.0 (python, net, security)
A Kerberos authentication handler for python-requests

py313-krb5 @0.8.0 (python, net, security)
Kerberos API bindings for Python

py313-pykerberos @1.3.1 (python, devel)
A GSSAPI interface module for Python

py313-requests-kerberos @0.15.0 (python, net, security)
A Kerberos authentication handler for python-requests

py314-krb5 @0.8.0 (python, net, security)
Kerberos API bindings for Python

remctl @3.18 (net)
Kerberos-authenticated remote command execution

wallet @1.3_2 (net, security)
Kerberos-authenticated secure data management

wallet-kdc @1.3_2 (net, security)
Kerberos-authenticated secure data management

wallet-server @1.3_2 (net, security)
Kerberos-authenticated secure data management

Found 19 ports.
