act @0.2.84 (devel)
Run your GitHub Actions locally

actionlint @1.7.10 (devel)
Static checker for GitHub Actions workflow files

clone-org @1.5.2 (sysutils, devel)
A simple command line tool to clone all repos of a GitHub organization

cmark-gfm @0.29.0.gfm.13 (devel)
GitHub's fork of cmark

diffnav @0.6.0 (textproc, devel)
A git diff pager based on delta but with a file tree, à la GitHub.

driftwood @1.0.1 (security)
A tool that can enable you to lookup whether a private key is used for things like TLS or as a GitHub SSH key for a user.

fork-cleaner @2.3.1 (devel)
Quickly clean up unused forks in your GitHub account.

gh @2.86.0 (devel)
GitHub’s official command line tool

gh-dash @4.14.0 (devel)
A beautiful CLI dashboard for GitHub

gh-grep @1.2.3 (devel, textproc)
Find lines matching a pattern within Github repositories using the GitHub API

ghsum @0.1.1_1 (devel, shells, macports)
Helper to checksum GitHub tags

git-credential-oauth @0.17.2 (security, devel)
A Git credential helper that securely authenticates to GitHub, GitLab and BitBucket using OAuth.

giter8 @0.16.2 (devel)
A command line tool to apply templates defined on github

github-backup @0.36.0 (python)
Backup a GitHub user or organization

hub @2.14.2_2 (devel)
git-wrapper for GitHub specific functionality

keysync @3.0.3 (security, net)
Download and update local authorized_keys file with GitHub, GitLab, or Launchpad.

oauth2-proxy @7.13.0 (security, net)
A reverse proxy that provides authentication with Google, GitHub or other providers.

p5-alien-build-plugin-download-github @0.100.0 (perl)
Alien::Build::Plugin::Download::GitHub - Alien::Build plugin to download from GitHub

p5-dist-zilla-plugin-checkissues @0.11.0 (perl)
Dist::Zilla::Plugin::CheckIssues - Retrieve count of outstanding RT and github issues for your distribution

p5-dist-zilla-plugin-github @0.490.0 (perl)
Dist::Zilla::PluginBundle::GitHub - GitHub plugins all-in-one

p5-dist-zilla-plugin-githubmeta @0.580.0 (perl)
Dist::Zilla::Plugin::GithubMeta - Automatically include GitHub meta information in META.yml

p5-net-github @1.50.0 (perl)
Net::GitHub - Perl Interface for github.com

p5-pithub @0.10.430 (perl)
Pithub - Github v3 API

p5-pod-markdown-github @0.40.0 (perl)
Pod::Markdown::Github - Convert POD to Github's specific markdown

p5.28-alien-build-plugin-download-github @0.100.0 (perl)
Alien::Build::Plugin::Download::GitHub - Alien::Build plugin to download from GitHub

p5.28-dist-zilla-plugin-checkissues @0.11.0 (perl)
Dist::Zilla::Plugin::CheckIssues - Retrieve count of outstanding RT and github issues for your distribution

p5.28-dist-zilla-plugin-github @0.490.0 (perl)
Dist::Zilla::PluginBundle::GitHub - GitHub plugins all-in-one

p5.28-dist-zilla-plugin-githubmeta @0.580.0 (perl)
Dist::Zilla::Plugin::GithubMeta - Automatically include GitHub meta information in META.yml

p5.28-net-github @1.50.0 (perl)
Net::GitHub - Perl Interface for github.com

p5.28-pithub @0.10.430 (perl)
Pithub - Github v3 API

p5.28-pod-markdown-github @0.40.0 (perl)
Pod::Markdown::Github - Convert POD to Github's specific markdown

p5.30-alien-build-plugin-download-github @0.100.0 (perl)
Alien::Build::Plugin::Download::GitHub - Alien::Build plugin to download from GitHub

p5.30-dist-zilla-plugin-checkissues @0.11.0 (perl)
Dist::Zilla::Plugin::CheckIssues - Retrieve count of outstanding RT and github issues for your distribution

p5.30-dist-zilla-plugin-github @0.490.0 (perl)
Dist::Zilla::PluginBundle::GitHub - GitHub plugins all-in-one

p5.30-dist-zilla-plugin-githubmeta @0.580.0 (perl)
Dist::Zilla::Plugin::GithubMeta - Automatically include GitHub meta information in META.yml

p5.30-net-github @1.50.0 (perl)
Net::GitHub - Perl Interface for github.com

p5.30-pithub @0.10.430 (perl)
Pithub - Github v3 API

p5.30-pod-markdown-github @0.40.0 (perl)
Pod::Markdown::Github - Convert POD to Github's specific markdown

p5.32-alien-build-plugin-download-github @0.100.0 (perl)
Alien::Build::Plugin::Download::GitHub - Alien::Build plugin to download from GitHub

p5.32-dist-zilla-plugin-checkissues @0.11.0 (perl)
Dist::Zilla::Plugin::CheckIssues - Retrieve count of outstanding RT and github issues for your distribution

p5.32-dist-zilla-plugin-github @0.490.0 (perl)
Dist::Zilla::PluginBundle::GitHub - GitHub plugins all-in-one

p5.32-dist-zilla-plugin-githubmeta @0.580.0 (perl)
Dist::Zilla::Plugin::GithubMeta - Automatically include GitHub meta information in META.yml

p5.32-net-github @1.50.0 (perl)
Net::GitHub - Perl Interface for github.com

p5.32-pithub @0.10.430 (perl)
Pithub - Github v3 API

p5.32-pod-markdown-github @0.40.0 (perl)
Pod::Markdown::Github - Convert POD to Github's specific markdown

p5.34-alien-build-plugin-download-github @0.100.0 (perl)
Alien::Build::Plugin::Download::GitHub - Alien::Build plugin to download from GitHub

p5.34-dist-zilla-plugin-checkissues @0.11.0 (perl)
Dist::Zilla::Plugin::CheckIssues - Retrieve count of outstanding RT and github issues for your distribution

p5.34-dist-zilla-plugin-github @0.490.0 (perl)
Dist::Zilla::PluginBundle::GitHub - GitHub plugins all-in-one

p5.34-dist-zilla-plugin-githubmeta @0.580.0 (perl)
Dist::Zilla::Plugin::GithubMeta - Automatically include GitHub meta information in META.yml

p5.34-net-github @1.50.0 (perl)
Net::GitHub - Perl Interface for github.com

p5.34-pithub @0.10.430 (perl)
Pithub - Github v3 API

p5.34-pod-markdown-github @0.40.0 (perl)
Pod::Markdown::Github - Convert POD to Github's specific markdown

pinact @3.8.0 (security)
A CLI to edit GitHub Workflow and Composite action files and pin versions of Actions and Reusable Workflows. pinact can also update their versions and verify version annotations.

py-codecov @2.1.13 (python, devel)
Hosted coverage reports for Github, Bitbucket and Gitlab

py-pygithub @2.6.1 (python)
Typed interactions with the GitHub API v3

py310-codecov @2.1.13 (python, devel)
Hosted coverage reports for Github, Bitbucket and Gitlab

py310-pygithub @2.6.1 (python)
Typed interactions with the GitHub API v3

py311-codecov @2.1.13 (python, devel)
Hosted coverage reports for Github, Bitbucket and Gitlab

py311-pygithub @2.6.1 (python)
Typed interactions with the GitHub API v3

py312-codecov @2.1.13 (python, devel)
Hosted coverage reports for Github, Bitbucket and Gitlab

py312-pygithub @2.6.1 (python)
Typed interactions with the GitHub API v3

py313-codecov @2.1.13 (python, devel)
Hosted coverage reports for Github, Bitbucket and Gitlab

py313-pygithub @2.6.1 (python)
Typed interactions with the GitHub API v3

py314-pygithub @2.6.1 (python)
Typed interactions with the GitHub API v3

R-anyLib @1.0.5_1 (R, science)
Install and load any package from CRAN, Bioconductor or Github

R-commonmark @1.9.2 (R, science, devel)
High-performance CommonMark and GitHub markdown rendering in R

R-gh @1.4.1_1 (R, science, devel)
GitHub API

R-gistr @0.9.0_1 (R, science)
Work with GitHub Gists

R-githubr @0.9.1_1 (R, science, devel)
API wrapper for GitHub

R-groundhog @3.2.1 (R, science, devel)
Version-control for CRAN, GitHub and GitLab packages

R-rvcheck @0.2.1_2 (R, science)
Check the latest release version of R and R packages, in CRAN, GitHub or Bioconductor

R-whoami @1.3.0_2 (R, science, devel)
Username, full name, e-mail address, GitHub username of the current user

tenfourfox-devel @20240505-FPR32 (www)
Clone of Firefox, compatible with macOS 10.4+. Tracks latest commit on GitHub.

triage @1.0.0 (devel)
Interactive command-line GitHub issue & notification triaging tool

zizmor @1.22.0 (security)
A static analysis tool for GitHub Actions

Found 75 ports.
