expense.txt @1.0 (office)
Expense.txt allows you to track and analyze your expenses using plain text files.

grutatxt @2.0.15 (textproc)
plain text to html converter

makeztxt @1.60 (palm, textproc)
converts text files into Palm zTXT databases

mulle-xcode-to-cmake @0.9.0 (devel)
Tool to convert Xcode projects to cmake CMakeLists.txt

odt2txt @0.5 (textproc)
converts OpenOffice.org ODF text documents (.odt files) to plain text files (.txt files)

p5-www-robotrules @6.20.0_1 (perl)
Parse /robots.txt file

p5.28-www-robotrules @6.20.0_1 (perl)
Parse /robots.txt file

p5.30-www-robotrules @6.20.0_1 (perl)
Parse /robots.txt file

p5.32-www-robotrules @6.20.0_1 (perl)
Parse /robots.txt file

p5.34-www-robotrules @6.20.0_1 (perl)
Parse /robots.txt file

py-hatch-requirements-txt @0.4.1 (python, devel)
Hatchling plugin to read project dependencies from requirements.txt

py-protego @0.5.0 (python)
Protego is a pure-Python `robots.txt` parser with support for modern conventions.

py-txtorcon @24.8.0 (python)
Twisted based Tor controller client with state tracking and configuration abstractions.

py39-hatch-requirements-txt @0.4.1 (python, devel)
Hatchling plugin to read project dependencies from requirements.txt

py310-hatch-requirements-txt @0.4.1 (python, devel)
Hatchling plugin to read project dependencies from requirements.txt

py310-protego @0.5.0 (python)
Protego is a pure-Python `robots.txt` parser with support for modern conventions.

py310-txtorcon @24.8.0 (python)
Twisted based Tor controller client with state tracking and configuration abstractions.

py311-hatch-requirements-txt @0.4.1 (python, devel)
Hatchling plugin to read project dependencies from requirements.txt

py311-protego @0.5.0 (python)
Protego is a pure-Python `robots.txt` parser with support for modern conventions.

py311-txtorcon @24.8.0 (python)
Twisted based Tor controller client with state tracking and configuration abstractions.

py312-hatch-requirements-txt @0.4.1 (python, devel)
Hatchling plugin to read project dependencies from requirements.txt

py312-protego @0.5.0 (python)
Protego is a pure-Python `robots.txt` parser with support for modern conventions.

py312-txtorcon @24.8.0 (python)
Twisted based Tor controller client with state tracking and configuration abstractions.

py313-hatch-requirements-txt @0.4.1 (python, devel)
Hatchling plugin to read project dependencies from requirements.txt

py313-protego @0.5.0 (python)
Protego is a pure-Python `robots.txt` parser with support for modern conventions.

py313-txtorcon @24.8.0 (python)
Twisted based Tor controller client with state tracking and configuration abstractions.

py314-hatch-requirements-txt @0.4.1 (python, devel)
Hatchling plugin to read project dependencies from requirements.txt

R-easycsv @1.0.8_1 (R, science)
Load multiple .csv and .txt tables

R-htm2txt @2.2.2 (R, science, textproc)
Convert HTML into text

R-txtplot @1.0-4_2 (R, science)
Text-based plots

R-txtq @0.2.4_2 (R, science, devel)
Small message queue for parallel processes

time-track-cli @1.2 (office, tcl)
Simple time tracking application using the CLI, in the spirit of todo.txt.

time.txt @1.0 (office)
Time.txt allows you to track and analyze your time (sheets) using plain text files.

tnef2txt @1.4_1 (textproc)
Converts Microsoft TNEF attachments to ASCII text

todotxt @2.12.0 (office)
Simple, extensible shell script to manage your todo file.

topydo @0.14 (office)
todo list application using the todo.txt format

txt2html @3.0 (textproc)
Convert ASCII text to HTML

txt2man @1.7.1 (textproc)
Converts flat ASCII text to man page format

txt2pdbdoc @1.4.4 (textproc)
Text-to-Doc file conversion program.

txt2regex @0.8_1 (sysutils)
Converts human sentences to regexes

txt2tags @2.6 (textproc)
A document generator: ONE source, MULTI targets

Found 41 ports.
