android @23 (java, devel, emulators)
Android SDK

android-file-transfer-linux @3.9 (aqua, fuse, sysutils)
Reliable MTP client with minimalistic UI

android-ndk @9d (cross, devel)
Android NDK

android-platform-tools @36.0.2 (java, devel)
Platform-Tools for Google Android SDK (adb and fastboot)

android-platform-tools-i386 @23.0.1 (java, devel)
Platform-Tools for Google Android SDK (adb and fastboot): legacy version for 32-bit Intel CPUs

android-platform-tools-latest @36.0.2 (java, devel)
Platform-Tools for Google Android SDK (adb and fastboot)

android-platform-tools-no_sse4 @31.0.3 (java, devel)
Platform-Tools for Google Android SDK (adb and fastboot): legacy version for non-SSE4 64-bit Intel CPUs

apktool @2.12.1 (java, devel)
A tool for reverse engineering 3rd party, closed, binary Android apps

dex2jar @2.1 (java, devel)
Tools to work with android .dex and java .class files

fdroidserver @0.4.0 (devel, net)
Tools for creating and managing Android app repositories for F-Droid

kotlin @2.3.0 (lang, java)
Statically typed programming language for the JVM, Android and the browser

logcat-colorize @0.10.0_1 (devel)
Parser of the Android Debug Bridge logcat output

payload-dumper-go @1.3.0 (sysutils)
An android OTA payload dumper written in Go.

repo @2.32 (python)
tool that helps to manage Android Git repositories

scrcpy @3.3 (multimedia)
Display and control your Android device

simg2img @1.1.5 (sysutils)
Convert Android sparse images to raw images (and vise-versa)

unciv @4.12.10-patch1 (games)
Open-source Android/Desktop remake of Civ V

Found 17 ports.
