argon2 @20190702_1 (devel)
Password-hashing implmention that won the P-H-C

blake3 @1.8.2 (security)
blake3 is a cryptographic hash function.

ciphey @5.14.0 (security, python)
Automatically decrypt encryptions without knowing the key or cipher, decode encodings, and crack hashes

cl-custom-hash-table @20201119 (lisp, devel)
Custom hash tables for Common Lisp

cmph @2.0.2 (textproc, devel)
C Minimal Perfect Hashing Library

dbh @1.0.24_1 (databases)
Disk based hash library

dbtool @1.9.1_2 (databases)
Store and retrieve data in a key/value format in a hash database

fnv @4.1 (devel)
FNV hash implementation

gperf @3.3 (devel)
GNU perfect hash generator

hashcat @7.1.2 (security)
World's fastest and most advanced password recovery utility.

janet-cipher @20210427 (janet, devel)
Hash passwords and encrypt strings with janet

knp3 @3.01_2 (textproc, japanese)
KN parser (Kurohashi-Nagao parser) which detects dependency of Japanese sentences.

libb2 @0.98.1_1 (devel)
a cryptographic hash function

libcuckoo @0.3.1 (devel)
A high-performance, concurrent hash table.

libghash @0.0.2_2 (devel)
General Purpose Hash Function Algorithm library

lucky-commit @2.2.3 (devel, amusements)
Customize your git commit hashes!

md5sha1sum @0.9.5_4 (sysutils)
Hash utilites

mhash @0.9.9.9_1 (devel, security)
provides easy access strong hashes

name-that-hash @1.10.0_1 (security, python)
The Modern Hash Identification System

nsrllookup @1.4.2 (security, sysutils)
Look up hashes in the NSRL

ocaml-ppx_hash @0.16.0_1 (ocaml)
ppx writer that generates hash functions from type expressions and definitions

p5-authen-dechpwd @2.7.0 (perl)
Authen::DecHpwd - DEC VMS password hashing

p5-authen-passphrase @0.8.0 (perl)
Authen::Passphrase - hashed passwords/passphrases as objects

p5-autobox-core @1.330.0 (perl)
autobox::Core - Provide core functions to autoboxed scalars, arrays and hashes.

p5-const-fast @0.14.0 (perl)
Const::Fast - Facility for creating read-only scalars, arrays, and hashes.

p5-crypt-pbkdf2 @0.161.520 (perl)
Crypt::PBKDF2 - The PBKDF2 password hashing algorithm

p5-dbm-deep @2.1.900 (perl)
A pure perl persistent multi-level hash/array DBM

p5-digest-hmac @1.50.0 (perl)
Digest::HMAC - Keyed-Hashing for Message Authentication

p5-digest-jhash @0.100.0 (perl)
Digest::JHash - Perl extension for 32 bit Jenkins Hashing Algorithm

p5-digest-whirlpool @2.40.0 (perl)
Digest::Whirlpool - A 512-bit, collision-resistant, one-way hash function

p5-hash-case @1.70.0 (perl)
Hash::Case - base class for hashes with key-casing requirements

p5-hash-fieldhash @0.150.0 (perl)
Hash::FieldHash - A lightweight field hash implementation

p5-hash-merge @0.302.0 (perl)
Merges arbitrarily deep hashes into a single hash

p5-hash-merge-simple @0.52.0 (perl)
Hash::Merge::Simple - Recursively merge two or more hashes, simply

p5-hash-moreutils @0.60.0 (perl)
Hash::MoreUtils - Provide the stuff missing in Hash::Util

p5-hash-multivalue @0.160.0 (perl)
Store multiple values per key

p5-hash-objectify @0.8.0 (perl)
Hash::Objectify - Create objects from hashes on the fly

p5-hash-ordered @0.14.0 (perl)
Hash::Ordered - A fast, pure-Perl ordered hash class

p5-hash-safekeys @0.40.0 (perl)
Hash::SafeKeys - get hash contents without resetting each iterator

p5-hash-util-fieldhash-compat @0.110.0 (perl)
Hash::Util::FieldHash::Compat - Use Hash::Util::FieldHash or ties, depending on availability

p5-html-entities-interpolate @1.100.0 (perl)
HTML::Entities::Interpolate - Call HTML::Entities::encode_entities, via a hash, within a string

p5-image-phash @0.300.0 (perl)
Image::PHash - Fast perceptual image hashing (DCT-based pHash)

p5-mldbm @2.50.0_1 (perl)
Store multi-level hash structure in single level tied hash

p5-moosex-oneargnew @0.7.0 (perl)
MooseX::OneArgNew - teach ->new to accept single, non-hashref arguments

p5-object-hashbase @0.15.0 (perl)
Object::HashBase - Build hash based classes.

p5-readonly @2.50.0 (perl)
Facility for creating read-only scalars, arrays, hashes.

p5-syntax-operator-existsor @0.30.0 (perl)
Syntax::Operator::ExistsOr - an infix operator sensitive to hash element existence

p5-tie-dbi @1.80.0 (perl)
Tie::DBI - Tie hashes to DBI relational databases

p5-tie-encryptedhash @1.240.0_5 (perl)
Hashes (and objects based on hashes) with encrypting fields.

p5-tie-function @0.20.0 (perl)
Tie::Function - wrap functions in tied hash sugar

p5-tie-ixhash @1.230.0_1 (perl)
Module that preserves order in perl associative arrays.

p5-tie-refhash @1.410.0 (perl)
Tie::RefHash - Use references as hash keys

p5-tie-refhash-weak @0.90.0 (perl)
Tie::RefHash::Weak - A Tie::RefHash subclass with weakened references in the keys

p5-uri-fromhash @0.50.0 (perl)
URI::FromHash - Build a URI from a set of named parameters

p5.28-authen-dechpwd @2.7.0 (perl)
Authen::DecHpwd - DEC VMS password hashing

p5.28-authen-passphrase @0.8.0 (perl)
Authen::Passphrase - hashed passwords/passphrases as objects

p5.28-autobox-core @1.330.0 (perl)
autobox::Core - Provide core functions to autoboxed scalars, arrays and hashes.

p5.28-const-fast @0.14.0 (perl)
Const::Fast - Facility for creating read-only scalars, arrays, and hashes.

p5.28-crypt-pbkdf2 @0.161.520 (perl)
Crypt::PBKDF2 - The PBKDF2 password hashing algorithm

p5.28-dbm-deep @2.1.900 (perl)
A pure perl persistent multi-level hash/array DBM

p5.28-digest-hmac @1.50.0 (perl)
Digest::HMAC - Keyed-Hashing for Message Authentication

p5.28-digest-jhash @0.100.0 (perl)
Digest::JHash - Perl extension for 32 bit Jenkins Hashing Algorithm

p5.28-digest-whirlpool @2.40.0 (perl)
Digest::Whirlpool - A 512-bit, collision-resistant, one-way hash function

p5.28-hash-case @1.70.0 (perl)
Hash::Case - base class for hashes with key-casing requirements

p5.28-hash-fieldhash @0.150.0 (perl)
Hash::FieldHash - A lightweight field hash implementation

p5.28-hash-merge @0.302.0 (perl)
Merges arbitrarily deep hashes into a single hash

p5.28-hash-merge-simple @0.52.0 (perl)
Hash::Merge::Simple - Recursively merge two or more hashes, simply

p5.28-hash-moreutils @0.60.0 (perl)
Hash::MoreUtils - Provide the stuff missing in Hash::Util

p5.28-hash-multivalue @0.160.0 (perl)
Store multiple values per key

p5.28-hash-objectify @0.8.0 (perl)
Hash::Objectify - Create objects from hashes on the fly

p5.28-hash-ordered @0.14.0 (perl)
Hash::Ordered - A fast, pure-Perl ordered hash class

p5.28-hash-safekeys @0.40.0 (perl)
Hash::SafeKeys - get hash contents without resetting each iterator

p5.28-hash-util-fieldhash-compat @0.110.0 (perl)
Hash::Util::FieldHash::Compat - Use Hash::Util::FieldHash or ties, depending on availability

p5.28-html-entities-interpolate @1.100.0 (perl)
HTML::Entities::Interpolate - Call HTML::Entities::encode_entities, via a hash, within a string

p5.28-image-phash @0.300.0 (perl)
Image::PHash - Fast perceptual image hashing (DCT-based pHash)

p5.28-mldbm @2.50.0_1 (perl)
Store multi-level hash structure in single level tied hash

p5.28-moosex-oneargnew @0.7.0 (perl)
MooseX::OneArgNew - teach ->new to accept single, non-hashref arguments

p5.28-object-hashbase @0.15.0 (perl)
Object::HashBase - Build hash based classes.

p5.28-readonly @2.50.0 (perl)
Facility for creating read-only scalars, arrays, hashes.

p5.28-syntax-operator-existsor @0.30.0 (perl)
Syntax::Operator::ExistsOr - an infix operator sensitive to hash element existence

p5.28-tie-dbi @1.80.0 (perl)
Tie::DBI - Tie hashes to DBI relational databases

p5.28-tie-encryptedhash @1.240.0_5 (perl)
Hashes (and objects based on hashes) with encrypting fields.

p5.28-tie-function @0.20.0 (perl)
Tie::Function - wrap functions in tied hash sugar

p5.28-tie-ixhash @1.230.0_1 (perl)
Module that preserves order in perl associative arrays.

p5.28-tie-refhash @1.410.0 (perl)
Tie::RefHash - Use references as hash keys

p5.28-tie-refhash-weak @0.90.0 (perl)
Tie::RefHash::Weak - A Tie::RefHash subclass with weakened references in the keys

p5.28-uri-fromhash @0.50.0 (perl)
URI::FromHash - Build a URI from a set of named parameters

p5.30-authen-dechpwd @2.7.0 (perl)
Authen::DecHpwd - DEC VMS password hashing

p5.30-authen-passphrase @0.8.0 (perl)
Authen::Passphrase - hashed passwords/passphrases as objects

p5.30-autobox-core @1.330.0 (perl)
autobox::Core - Provide core functions to autoboxed scalars, arrays and hashes.

p5.30-const-fast @0.14.0 (perl)
Const::Fast - Facility for creating read-only scalars, arrays, and hashes.

p5.30-crypt-pbkdf2 @0.161.520 (perl)
Crypt::PBKDF2 - The PBKDF2 password hashing algorithm

p5.30-dbm-deep @2.1.900 (perl)
A pure perl persistent multi-level hash/array DBM

p5.30-digest-hmac @1.50.0 (perl)
Digest::HMAC - Keyed-Hashing for Message Authentication

p5.30-digest-jhash @0.100.0 (perl)
Digest::JHash - Perl extension for 32 bit Jenkins Hashing Algorithm

p5.30-digest-whirlpool @2.40.0 (perl)
Digest::Whirlpool - A 512-bit, collision-resistant, one-way hash function

p5.30-hash-case @1.70.0 (perl)
Hash::Case - base class for hashes with key-casing requirements

p5.30-hash-fieldhash @0.150.0 (perl)
Hash::FieldHash - A lightweight field hash implementation

p5.30-hash-merge @0.302.0 (perl)
Merges arbitrarily deep hashes into a single hash

p5.30-hash-merge-simple @0.52.0 (perl)
Hash::Merge::Simple - Recursively merge two or more hashes, simply

p5.30-hash-moreutils @0.60.0 (perl)
Hash::MoreUtils - Provide the stuff missing in Hash::Util

p5.30-hash-multivalue @0.160.0 (perl)
Store multiple values per key

p5.30-hash-objectify @0.8.0 (perl)
Hash::Objectify - Create objects from hashes on the fly

p5.30-hash-ordered @0.14.0 (perl)
Hash::Ordered - A fast, pure-Perl ordered hash class

p5.30-hash-safekeys @0.40.0 (perl)
Hash::SafeKeys - get hash contents without resetting each iterator

p5.30-hash-util-fieldhash-compat @0.110.0 (perl)
Hash::Util::FieldHash::Compat - Use Hash::Util::FieldHash or ties, depending on availability

p5.30-html-entities-interpolate @1.100.0 (perl)
HTML::Entities::Interpolate - Call HTML::Entities::encode_entities, via a hash, within a string

p5.30-image-phash @0.300.0 (perl)
Image::PHash - Fast perceptual image hashing (DCT-based pHash)

p5.30-mldbm @2.50.0_1 (perl)
Store multi-level hash structure in single level tied hash

p5.30-moosex-oneargnew @0.7.0 (perl)
MooseX::OneArgNew - teach ->new to accept single, non-hashref arguments

p5.30-object-hashbase @0.15.0 (perl)
Object::HashBase - Build hash based classes.

p5.30-readonly @2.50.0 (perl)
Facility for creating read-only scalars, arrays, hashes.

p5.30-syntax-operator-existsor @0.30.0 (perl)
Syntax::Operator::ExistsOr - an infix operator sensitive to hash element existence

p5.30-tie-dbi @1.80.0 (perl)
Tie::DBI - Tie hashes to DBI relational databases

p5.30-tie-encryptedhash @1.240.0_5 (perl)
Hashes (and objects based on hashes) with encrypting fields.

p5.30-tie-function @0.20.0 (perl)
Tie::Function - wrap functions in tied hash sugar

p5.30-tie-ixhash @1.230.0_1 (perl)
Module that preserves order in perl associative arrays.

p5.30-tie-refhash @1.410.0 (perl)
Tie::RefHash - Use references as hash keys

p5.30-tie-refhash-weak @0.90.0 (perl)
Tie::RefHash::Weak - A Tie::RefHash subclass with weakened references in the keys

p5.30-uri-fromhash @0.50.0 (perl)
URI::FromHash - Build a URI from a set of named parameters

p5.32-authen-dechpwd @2.7.0 (perl)
Authen::DecHpwd - DEC VMS password hashing

p5.32-authen-passphrase @0.8.0 (perl)
Authen::Passphrase - hashed passwords/passphrases as objects

p5.32-autobox-core @1.330.0 (perl)
autobox::Core - Provide core functions to autoboxed scalars, arrays and hashes.

p5.32-const-fast @0.14.0 (perl)
Const::Fast - Facility for creating read-only scalars, arrays, and hashes.

p5.32-crypt-pbkdf2 @0.161.520 (perl)
Crypt::PBKDF2 - The PBKDF2 password hashing algorithm

p5.32-dbm-deep @2.1.900 (perl)
A pure perl persistent multi-level hash/array DBM

p5.32-digest-hmac @1.50.0 (perl)
Digest::HMAC - Keyed-Hashing for Message Authentication

p5.32-digest-jhash @0.100.0 (perl)
Digest::JHash - Perl extension for 32 bit Jenkins Hashing Algorithm

p5.32-digest-whirlpool @2.40.0 (perl)
Digest::Whirlpool - A 512-bit, collision-resistant, one-way hash function

p5.32-hash-case @1.70.0 (perl)
Hash::Case - base class for hashes with key-casing requirements

p5.32-hash-fieldhash @0.150.0 (perl)
Hash::FieldHash - A lightweight field hash implementation

p5.32-hash-merge @0.302.0 (perl)
Merges arbitrarily deep hashes into a single hash

p5.32-hash-merge-simple @0.52.0 (perl)
Hash::Merge::Simple - Recursively merge two or more hashes, simply

p5.32-hash-moreutils @0.60.0 (perl)
Hash::MoreUtils - Provide the stuff missing in Hash::Util

p5.32-hash-multivalue @0.160.0 (perl)
Store multiple values per key

p5.32-hash-objectify @0.8.0 (perl)
Hash::Objectify - Create objects from hashes on the fly

p5.32-hash-ordered @0.14.0 (perl)
Hash::Ordered - A fast, pure-Perl ordered hash class

p5.32-hash-safekeys @0.40.0 (perl)
Hash::SafeKeys - get hash contents without resetting each iterator

p5.32-hash-util-fieldhash-compat @0.110.0 (perl)
Hash::Util::FieldHash::Compat - Use Hash::Util::FieldHash or ties, depending on availability

p5.32-html-entities-interpolate @1.100.0 (perl)
HTML::Entities::Interpolate - Call HTML::Entities::encode_entities, via a hash, within a string

p5.32-image-phash @0.300.0 (perl)
Image::PHash - Fast perceptual image hashing (DCT-based pHash)

p5.32-mldbm @2.50.0_1 (perl)
Store multi-level hash structure in single level tied hash

p5.32-moosex-oneargnew @0.7.0 (perl)
MooseX::OneArgNew - teach ->new to accept single, non-hashref arguments

p5.32-object-hashbase @0.15.0 (perl)
Object::HashBase - Build hash based classes.

p5.32-readonly @2.50.0 (perl)
Facility for creating read-only scalars, arrays, hashes.

p5.32-syntax-operator-existsor @0.30.0 (perl)
Syntax::Operator::ExistsOr - an infix operator sensitive to hash element existence

p5.32-tie-dbi @1.80.0 (perl)
Tie::DBI - Tie hashes to DBI relational databases

p5.32-tie-encryptedhash @1.240.0_5 (perl)
Hashes (and objects based on hashes) with encrypting fields.

p5.32-tie-function @0.20.0 (perl)
Tie::Function - wrap functions in tied hash sugar

p5.32-tie-ixhash @1.230.0_1 (perl)
Module that preserves order in perl associative arrays.

p5.32-tie-refhash @1.410.0 (perl)
Tie::RefHash - Use references as hash keys

p5.32-tie-refhash-weak @0.90.0 (perl)
Tie::RefHash::Weak - A Tie::RefHash subclass with weakened references in the keys

p5.32-uri-fromhash @0.50.0 (perl)
URI::FromHash - Build a URI from a set of named parameters

p5.34-authen-dechpwd @2.7.0 (perl)
Authen::DecHpwd - DEC VMS password hashing

p5.34-authen-passphrase @0.8.0 (perl)
Authen::Passphrase - hashed passwords/passphrases as objects

p5.34-autobox-core @1.330.0 (perl)
autobox::Core - Provide core functions to autoboxed scalars, arrays and hashes.

p5.34-const-fast @0.14.0 (perl)
Const::Fast - Facility for creating read-only scalars, arrays, and hashes.

p5.34-crypt-pbkdf2 @0.161.520 (perl)
Crypt::PBKDF2 - The PBKDF2 password hashing algorithm

p5.34-dbm-deep @2.1.900 (perl)
A pure perl persistent multi-level hash/array DBM

p5.34-digest-hmac @1.50.0 (perl)
Digest::HMAC - Keyed-Hashing for Message Authentication

p5.34-digest-jhash @0.100.0 (perl)
Digest::JHash - Perl extension for 32 bit Jenkins Hashing Algorithm

p5.34-digest-whirlpool @2.40.0 (perl)
Digest::Whirlpool - A 512-bit, collision-resistant, one-way hash function

p5.34-hash-case @1.70.0 (perl)
Hash::Case - base class for hashes with key-casing requirements

p5.34-hash-fieldhash @0.150.0 (perl)
Hash::FieldHash - A lightweight field hash implementation

p5.34-hash-merge @0.302.0 (perl)
Merges arbitrarily deep hashes into a single hash

p5.34-hash-merge-simple @0.52.0 (perl)
Hash::Merge::Simple - Recursively merge two or more hashes, simply

p5.34-hash-moreutils @0.60.0 (perl)
Hash::MoreUtils - Provide the stuff missing in Hash::Util

p5.34-hash-multivalue @0.160.0 (perl)
Store multiple values per key

p5.34-hash-objectify @0.8.0 (perl)
Hash::Objectify - Create objects from hashes on the fly

p5.34-hash-ordered @0.14.0 (perl)
Hash::Ordered - A fast, pure-Perl ordered hash class

p5.34-hash-safekeys @0.40.0 (perl)
Hash::SafeKeys - get hash contents without resetting each iterator

p5.34-hash-util-fieldhash-compat @0.110.0 (perl)
Hash::Util::FieldHash::Compat - Use Hash::Util::FieldHash or ties, depending on availability

p5.34-html-entities-interpolate @1.100.0 (perl)
HTML::Entities::Interpolate - Call HTML::Entities::encode_entities, via a hash, within a string

p5.34-image-phash @0.300.0 (perl)
Image::PHash - Fast perceptual image hashing (DCT-based pHash)

p5.34-mldbm @2.50.0_1 (perl)
Store multi-level hash structure in single level tied hash

p5.34-moosex-oneargnew @0.7.0 (perl)
MooseX::OneArgNew - teach ->new to accept single, non-hashref arguments

p5.34-object-hashbase @0.15.0 (perl)
Object::HashBase - Build hash based classes.

p5.34-readonly @2.50.0 (perl)
Facility for creating read-only scalars, arrays, hashes.

p5.34-syntax-operator-existsor @0.30.0 (perl)
Syntax::Operator::ExistsOr - an infix operator sensitive to hash element existence

p5.34-tie-dbi @1.80.0 (perl)
Tie::DBI - Tie hashes to DBI relational databases

p5.34-tie-encryptedhash @1.240.0_5 (perl)
Hashes (and objects based on hashes) with encrypting fields.

p5.34-tie-function @0.20.0 (perl)
Tie::Function - wrap functions in tied hash sugar

p5.34-tie-ixhash @1.230.0_1 (perl)
Module that preserves order in perl associative arrays.

p5.34-tie-refhash @1.410.0 (perl)
Tie::RefHash - Use references as hash keys

p5.34-tie-refhash-weak @0.90.0 (perl)
Tie::RefHash::Weak - A Tie::RefHash subclass with weakened references in the keys

p5.34-uri-fromhash @0.50.0 (perl)
URI::FromHash - Build a URI from a set of named parameters

parallel-hashmap @2.0.0 (devel)
A family of header-only, very fast and memory-friendly hashmap and btree containers

pHash @0.9.6_9 (multimedia)
Perceptual hash library

py-argon2-cffi @25.1.0 (python, devel)
Argon2 is a secure password hashing algorithm.

py-bcrypt @5.0.0 (python, devel)
Modern password hashing for your software and your servers

py-imagehash @4.3.1 (python, devel, graphics)
Perceptual Image Hashing Module

py-mmh3 @5.2.0 (python, textproc, math)
Python wrapper for MurmurHash (MurmurHash3), a set of fast and robust hash functions.

py-murmurhash @1.0.10 (python)
Cython bindings for MurmurHash2

py-passlib @1.7.4_1 (python, www, security)
password hashing library

py-preshed @4.0.0 (python)
Cython hash tables that assume keys are pre-hashed

py-setuptools-git-versioning @3.0.1 (python)
Use git repo data (latest tag, current commit hash, etc) for building a version number according PEP 440.

py-tlsh @4.12.0 (python)
Trend Micro Locality Sensitive Hash

py-xxhash @3.6.0 (python, devel)
Python binding for xxHash

py-zope-keyreference @3.6.4 (python, zope)
Object references that support stable comparison and hashes

py27-bcrypt @3.1.7 (python, devel)
Modern password hashing for your software and your servers

py27-zope-keyreference @3.6.4 (python, zope)
Object references that support stable comparison and hashes

py39-argon2-cffi @25.1.0 (python, devel)
Argon2 is a secure password hashing algorithm.

py39-bcrypt @5.0.0 (python, devel)
Modern password hashing for your software and your servers

py310-argon2-cffi @25.1.0 (python, devel)
Argon2 is a secure password hashing algorithm.

py310-bcrypt @5.0.0 (python, devel)
Modern password hashing for your software and your servers

py310-imagehash @4.3.1 (python, devel, graphics)
Perceptual Image Hashing Module

py310-murmurhash @1.0.10 (python)
Cython bindings for MurmurHash2

py310-passlib @1.7.4_1 (python, www, security)
password hashing library

py310-preshed @4.0.0 (python)
Cython hash tables that assume keys are pre-hashed

py310-setuptools-git-versioning @3.0.1 (python)
Use git repo data (latest tag, current commit hash, etc) for building a version number according PEP 440.

py310-tlsh @4.12.0 (python)
Trend Micro Locality Sensitive Hash

py310-xxhash @3.6.0 (python, devel)
Python binding for xxHash

py311-argon2-cffi @25.1.0 (python, devel)
Argon2 is a secure password hashing algorithm.

py311-bcrypt @5.0.0 (python, devel)
Modern password hashing for your software and your servers

py311-imagehash @4.3.1 (python, devel, graphics)
Perceptual Image Hashing Module

py311-murmurhash @1.0.10 (python)
Cython bindings for MurmurHash2

py311-passlib @1.7.4_1 (python, www, security)
password hashing library

py311-preshed @4.0.0 (python)
Cython hash tables that assume keys are pre-hashed

py311-setuptools-git-versioning @3.0.1 (python)
Use git repo data (latest tag, current commit hash, etc) for building a version number according PEP 440.

py311-tlsh @4.12.0 (python)
Trend Micro Locality Sensitive Hash

py311-xxhash @3.6.0 (python, devel)
Python binding for xxHash

py312-argon2-cffi @25.1.0 (python, devel)
Argon2 is a secure password hashing algorithm.

py312-bcrypt @5.0.0 (python, devel)
Modern password hashing for your software and your servers

py312-imagehash @4.3.1 (python, devel, graphics)
Perceptual Image Hashing Module

py312-murmurhash @1.0.10 (python)
Cython bindings for MurmurHash2

py312-passlib @1.7.4_1 (python, www, security)
password hashing library

py312-preshed @4.0.0 (python)
Cython hash tables that assume keys are pre-hashed

py312-setuptools-git-versioning @3.0.1 (python)
Use git repo data (latest tag, current commit hash, etc) for building a version number according PEP 440.

py312-tlsh @4.12.0 (python)
Trend Micro Locality Sensitive Hash

py312-xxhash @3.6.0 (python, devel)
Python binding for xxHash

py313-argon2-cffi @25.1.0 (python, devel)
Argon2 is a secure password hashing algorithm.

py313-bcrypt @5.0.0 (python, devel)
Modern password hashing for your software and your servers

py313-imagehash @4.3.1 (python, devel, graphics)
Perceptual Image Hashing Module

py313-mmh3 @5.2.0 (python, textproc, math)
Python wrapper for MurmurHash (MurmurHash3), a set of fast and robust hash functions.

py313-murmurhash @1.0.10 (python)
Cython bindings for MurmurHash2

py313-passlib @1.7.4_1 (python, www, security)
password hashing library

py313-preshed @4.0.0 (python)
Cython hash tables that assume keys are pre-hashed

py313-setuptools-git-versioning @3.0.1 (python)
Use git repo data (latest tag, current commit hash, etc) for building a version number according PEP 440.

py313-tlsh @4.12.0 (python)
Trend Micro Locality Sensitive Hash

py313-xxhash @3.6.0 (python, devel)
Python binding for xxHash

py314-argon2-cffi @25.1.0 (python, devel)
Argon2 is a secure password hashing algorithm.

py314-bcrypt @5.0.0 (python, devel)
Modern password hashing for your software and your servers

py314-setuptools-git-versioning @3.0.1 (python)
Use git repo data (latest tag, current commit hash, etc) for building a version number according PEP 440.

py314-xxhash @3.6.0 (python, devel)
Python binding for xxHash

R-alphashape3d @1.3.2_1 (R, science)
Implementation of the 3D alpha-shape for the reconstruction of 3D sets from a point cloud

R-digest @0.6.37 (R, science, devel)
Create compact hash digests of R objects

R-filehash @2.4-6 (R, science, devel)
Simple key–value database

R-filehashSQLite @0.2-7 (R, science, databases)
Simple key-value database using SQLite

R-hash @2.2.6.3_1 (R, science)
Full-featured implementation of hash tables/associative arrays/dictionaries

R-hset @0.1.1_1 (R, science)
Sets of numbers implemented with hash tables

R-RcppFarmHash @0.0.3_1 (R, science, devel)
Interface to the Google FarmHash family of hash functions

R-secretbase @1.0.3 (R, science, crypto)
Cryptographic hash and extendable-output functions

rb-equalizer @0.0.11 (ruby, devel)
Define equality, equivalency and hash methods automatically

rb-hashie @5.0.0 (ruby, devel)
Hashie is a collection of classes and mixins that make hashes more powerful

rb-snaky_hash @2.0.1 (ruby, devel)
Hashie::Mash joint to make snakelife better

rb31-equalizer @0.0.11 (ruby, devel)
Define equality, equivalency and hash methods automatically

rb31-hashie @5.0.0 (ruby, devel)
Hashie is a collection of classes and mixins that make hashes more powerful

rb31-snaky_hash @2.0.1 (ruby, devel)
Hashie::Mash joint to make snakelife better

rb32-equalizer @0.0.11 (ruby, devel)
Define equality, equivalency and hash methods automatically

rb32-hashie @5.0.0 (ruby, devel)
Hashie is a collection of classes and mixins that make hashes more powerful

rb32-snaky_hash @2.0.1 (ruby, devel)
Hashie::Mash joint to make snakelife better

rb33-equalizer @0.0.11 (ruby, devel)
Define equality, equivalency and hash methods automatically

rb33-hashie @5.0.0 (ruby, devel)
Hashie is a collection of classes and mixins that make hashes more powerful

rb33-snaky_hash @2.0.1 (ruby, devel)
Hashie::Mash joint to make snakelife better

RHash @1.4.6_1 (sysutils)
Utility for calculation and verification of magnet links and various message digests.

robin-map @0.6.3 (devel)
C++ implementation of a fast hash map and hash set using robin hood hashing

search-that-hash @0.2.8_1 (security, python)
Searches Hash APIs to crack your hash quickly

sparsehash @2.0.4 (devel)
An extremely memory-efficient hash_map implementation

ssdeep @2.14.1 (security, sysutils)
Recursively compute fuzzy hashes on files

unhash @1.1_4 (security)
brute force attack against MD5 or SHA1 hashes

uthash @2.3.0 (devel)
easy-to-use hash implementation for C programmers.

vsh @0.14.0 (security)
HashiCorp Vault interactive shell and cli tool

wander @1.1.0 (net)
A terminal app/TUI for HashiCorp Nomad

xxhash @0.8.3_2 (devel)
xxHash is an Extremely fast Hash algorithm, running at RAM speed limits.

xxhashlib @0.8.3_3 (devel)
xxHash is an Extremely fast Hash algorithm, running at RAM speed limits.

yorick-yeti @6.3.3_4 (science, yorick)
Miscellaneous compiled utilities for Yorick (hash tables...)

Found 276 ports.
