a2ps @4.15.8 (print)
an Any to PostScript filter.

ansifilter @2.21 (textproc)
remove ANSI codes from output

avidemux @2.8.1_8 (multimedia)
video editor designed for simple cutting, filtering and encoding tasks

bfg @1.15.0 (java, devel)
Removes large or troublesome blobs like git-filter-branch does, but faster.

bmf @0.9.4 (mail)
Bayesian Mail Filter

bogofilter @1.2.5_2 (mail)
Fast Bayesian Spam Filter

clamsmtp @1.10 (mail, security)
SMTP filter checking for viruses using the ClamAV anti-virus

crswallow @0.2 (sysutils)
filter or rate-limit text lines containing CR

dansguardian @2.12.0.3 (net)
web content filter

dcc @2.3.169 (mail)
The Distributed Checksum Clearinghouses or DCC is an anti-spam content filter that runs on a variety of operating systems.

drc-fir @3.2.3 (science, multimedia, math)
DRC is a program used to generate correction filters for acoustic compensation

dspam @3.10.2_2 (mail, net)
Scalable, open-source statistical anti-spam filter

frei0r-plugins @1.7.0 (multimedia)
Plugin API for video sources and filters

git-filter-repo @2.47.0 (devel)
Quickly rewrite git repository history (filter-branch replacement)

gmailctl @0.11.0 (mail)
Declarative configuration for Gmail filters

gr-adapt @20200630-13245e3f_10 (science, comms)
Adaptive filters for GNU Radio

gr37-adapt @20191021-4bbdde4c_7 (science, comms)
Adaptive filters for GNU Radio

grepcidr @2.0_2 (sysutils, net)
Filter IPv4 and IPv6 addresses matching CIDR patterns

HDF5-External-Filter-Plugins @0.1.0_11 (science)
Provides dynamically loadable (compression) filters for HDF5

iir1 @1.9.4 (audio)
DSP IIR realtime filter library

imapfilter @2.8.3 (mail)
IMAP message processor/filter

jello @1.6.1_1 (sysutils, textproc, python)
Filter JSON and JSON Lines data with Python syntax

jgraph @8.5 (graphics)
A Filter for Plotting Graphs in PostScript

jnv @0.6.1 (textproc)
interactive JSON filter using jq

ldas-tools-diskcacheAPI @2.5.6 (science)
Filters library used by ldas-tools

ldas-tools-filters @2.5.2 (science)
Filters library used by ldas-tools

ldas-tools-frameAPI @2.5.2_1 (science)
Filters library used by ldas-tools

ldas-tools-ldasgen @2.5.5 (science)
Filters library used by ldas-tools

lesspipe @2.22 (textproc)
lesspipe is an input filter for the pager less.

libad9361-iio @20220908-43643ab0 (science, comms)
libad9361-iio is an IIO AD9361 library for filter design and handling, multi-chip sync, and more

libcolorblind @0.0.1 (graphics)
Libcolorblind is a pixel filter for colorblind accessibility.

libmovit @1.7.0 (multimedia)
Modern Video Toolkit - open-source library for GPU-accelerated video filters

libsieve @2.2.5 (mail, devel)
A library for parsing, sorting and filtering your mail

libstaroffice @0.0.7 (devel, textproc)
Import filter for old StarOffice documents.

luit @2.0.20250912 (x11)
filter that converts legacy encodings to/from UTF-8

maildrop @3.1.6 (mail)
Mail delivery agent (MDA) with filtering abilities

midi_patchbay @1.0.3 (audio)
Pass MIDI data between inputs/outputs and apply filters.

nkf @2.1.5 (textproc, japanese)
Network Kanji code conversion filter

octave-image @2.18.1 (octave, math, science)
The Octave-forge Image package provides functions for processing images. The package also provides functions for feature extraction, image statistics, spatial and geometric transformations, morphological operations, linear filtering, and much more.

octave-signal @1.4.7 (octave, math, science)
Signal processing tools, including filtering, windowing and display functions.

oidn @1.4.3_2 (graphics)
denoising filters for images rendered with ray tracing

orcus-0.17 @0.17.2 (devel)
Standalone file import filter library for spreadsheet documents.

orcus-0.18 @0.18.1 (devel)
Standalone file import filter library for spreadsheet documents.

p5-data-dumper-names @0.30.0 (perl)
Data::Dumper::Names - Dump variables with names (no source filter)

p5-filter @1.650.0 (perl)
Filter - A distribution providing a number of Source Filters

p5-filter-signatures @0.190.0 (perl)
Very simplistic signatures for Perl < 5.20

p5-filter-simple @0.940.0 (perl)
Simplified source filtering

p5-html-stripscripts-parser @1.30.0 (perl)
XSS filter using HTML::Parser

p5-html-tagfilter @1.30.0_4 (perl)
a fine-grained html-filter, xss-blocker and mailto-obfuscator

p5-inline-filters @0.200.0 (perl)
Inline::Filters - Common source code filters for Inline Modules.

p5-mail-audit @2.228.0_1 (perl, mail)
Library for creating easy mail filters

p5-mail-spamassassin @4.0.2_1 (perl, mail)
mail filter to identify spam

p5-method-signatures-simple @1.70.0 (perl)
Method::Signatures::Simple - Basic method declarations with signatures, without source filters

p5-nkf @2.150.0 (perl, textproc, japanese)
A perl extension module to use the nkf kanji code conversion filter.

p5-pod-parser @1.670.0 (perl)
Pod::Parser - base class for creating POD filters and translators

p5-razor2-client-agent @2.860.0 (perl, mail)
Vipul's Razor is a distributed, collaborative, spam detection and filtering network.

p5-text-markdown @1.0.31_1 (perl, textproc)
Markdown text-to-HTML filter.

p5-xml-filter-buffertext @1.10.0_4 (perl, textproc)
Simple text filter

p5-xml-sax-base @1.90.0 (perl)
Base class SAX Drivers and Filters

p5.28-data-dumper-names @0.30.0 (perl)
Data::Dumper::Names - Dump variables with names (no source filter)

p5.28-filter @1.650.0 (perl)
Filter - A distribution providing a number of Source Filters

p5.28-filter-signatures @0.190.0 (perl)
Very simplistic signatures for Perl < 5.20

p5.28-filter-simple @0.940.0 (perl)
Simplified source filtering

p5.28-html-stripscripts-parser @1.30.0 (perl)
XSS filter using HTML::Parser

p5.28-html-tagfilter @1.30.0_4 (perl)
a fine-grained html-filter, xss-blocker and mailto-obfuscator

p5.28-inline-filters @0.200.0 (perl)
Inline::Filters - Common source code filters for Inline Modules.

p5.28-mail-audit @2.228.0_1 (perl, mail)
Library for creating easy mail filters

p5.28-mail-spamassassin @4.0.2_1 (perl, mail)
mail filter to identify spam

p5.28-method-signatures-simple @1.70.0 (perl)
Method::Signatures::Simple - Basic method declarations with signatures, without source filters

p5.28-nkf @2.150.0 (perl, textproc, japanese)
A perl extension module to use the nkf kanji code conversion filter.

p5.28-razor2-client-agent @2.860.0 (perl, mail)
Vipul's Razor is a distributed, collaborative, spam detection and filtering network.

p5.28-text-markdown @1.0.31_1 (perl, textproc)
Markdown text-to-HTML filter.

p5.28-xml-filter-buffertext @1.10.0_4 (perl, textproc)
Simple text filter

p5.28-xml-sax-base @1.90.0 (perl)
Base class SAX Drivers and Filters

p5.30-data-dumper-names @0.30.0 (perl)
Data::Dumper::Names - Dump variables with names (no source filter)

p5.30-filter @1.650.0 (perl)
Filter - A distribution providing a number of Source Filters

p5.30-filter-signatures @0.190.0 (perl)
Very simplistic signatures for Perl < 5.20

p5.30-filter-simple @0.940.0 (perl)
Simplified source filtering

p5.30-html-stripscripts-parser @1.30.0 (perl)
XSS filter using HTML::Parser

p5.30-html-tagfilter @1.30.0_4 (perl)
a fine-grained html-filter, xss-blocker and mailto-obfuscator

p5.30-inline-filters @0.200.0 (perl)
Inline::Filters - Common source code filters for Inline Modules.

p5.30-mail-audit @2.228.0_1 (perl, mail)
Library for creating easy mail filters

p5.30-mail-spamassassin @4.0.2_1 (perl, mail)
mail filter to identify spam

p5.30-method-signatures-simple @1.70.0 (perl)
Method::Signatures::Simple - Basic method declarations with signatures, without source filters

p5.30-nkf @2.150.0 (perl, textproc, japanese)
A perl extension module to use the nkf kanji code conversion filter.

p5.30-razor2-client-agent @2.860.0 (perl, mail)
Vipul's Razor is a distributed, collaborative, spam detection and filtering network.

p5.30-text-markdown @1.0.31_1 (perl, textproc)
Markdown text-to-HTML filter.

p5.30-xml-filter-buffertext @1.10.0_4 (perl, textproc)
Simple text filter

p5.30-xml-sax-base @1.90.0 (perl)
Base class SAX Drivers and Filters

p5.32-data-dumper-names @0.30.0 (perl)
Data::Dumper::Names - Dump variables with names (no source filter)

p5.32-filter @1.650.0 (perl)
Filter - A distribution providing a number of Source Filters

p5.32-filter-signatures @0.190.0 (perl)
Very simplistic signatures for Perl < 5.20

p5.32-filter-simple @0.940.0 (perl)
Simplified source filtering

p5.32-html-stripscripts-parser @1.30.0 (perl)
XSS filter using HTML::Parser

p5.32-html-tagfilter @1.30.0_4 (perl)
a fine-grained html-filter, xss-blocker and mailto-obfuscator

p5.32-inline-filters @0.200.0 (perl)
Inline::Filters - Common source code filters for Inline Modules.

p5.32-mail-audit @2.228.0_1 (perl, mail)
Library for creating easy mail filters

p5.32-mail-spamassassin @4.0.2_1 (perl, mail)
mail filter to identify spam

p5.32-method-signatures-simple @1.70.0 (perl)
Method::Signatures::Simple - Basic method declarations with signatures, without source filters

p5.32-nkf @2.150.0 (perl, textproc, japanese)
A perl extension module to use the nkf kanji code conversion filter.

p5.32-pod-parser @1.670.0 (perl)
Pod::Parser - base class for creating POD filters and translators

p5.32-razor2-client-agent @2.860.0 (perl, mail)
Vipul's Razor is a distributed, collaborative, spam detection and filtering network.

p5.32-text-markdown @1.0.31_1 (perl, textproc)
Markdown text-to-HTML filter.

p5.32-xml-filter-buffertext @1.10.0_4 (perl, textproc)
Simple text filter

p5.32-xml-sax-base @1.90.0 (perl)
Base class SAX Drivers and Filters

p5.34-data-dumper-names @0.30.0 (perl)
Data::Dumper::Names - Dump variables with names (no source filter)

p5.34-filter @1.650.0 (perl)
Filter - A distribution providing a number of Source Filters

p5.34-filter-signatures @0.190.0 (perl)
Very simplistic signatures for Perl < 5.20

p5.34-filter-simple @0.940.0 (perl)
Simplified source filtering

p5.34-html-stripscripts-parser @1.30.0 (perl)
XSS filter using HTML::Parser

p5.34-html-tagfilter @1.30.0_4 (perl)
a fine-grained html-filter, xss-blocker and mailto-obfuscator

p5.34-inline-filters @0.200.0 (perl)
Inline::Filters - Common source code filters for Inline Modules.

p5.34-mail-audit @2.228.0_1 (perl, mail)
Library for creating easy mail filters

p5.34-mail-spamassassin @4.0.2_1 (perl, mail)
mail filter to identify spam

p5.34-method-signatures-simple @1.70.0 (perl)
Method::Signatures::Simple - Basic method declarations with signatures, without source filters

p5.34-nkf @2.150.0 (perl, textproc, japanese)
A perl extension module to use the nkf kanji code conversion filter.

p5.34-pod-parser @1.670.0 (perl)
Pod::Parser - base class for creating POD filters and translators

p5.34-razor2-client-agent @2.860.0 (perl, mail)
Vipul's Razor is a distributed, collaborative, spam detection and filtering network.

p5.34-text-markdown @1.0.31_1 (perl, textproc)
Markdown text-to-HTML filter.

p5.34-xml-filter-buffertext @1.10.0_4 (perl, textproc)
Simple text filter

p5.34-xml-sax-base @1.90.0 (perl)
Base class SAX Drivers and Filters

peco @0.5.10 (sysutils)
Simplistic interactive filtering tool

PRICE-aqua @1.3.0 (aqua, graphics)
Image filtering, enhancing and manipulation application

privoxy @4.1.0 (www, security, net)
Advanced filtering web proxy

proxsmtp @1.2 (mail)
ProxSMTP is a filtering SMTP proxy daemon

py-filterpy @1.4.5_1 (python, science)
Kalman filters and other optimal and non-optimal estimation filters in Python.

py-hdf5plugin @5.1.0 (python)
A set of compression filters for h5py

py-pandocfilters @1.5.1 (python, textproc)
Utilities for writing pandoc filters in python.

py-pybcj @1.0.6 (python)
bcj filter library

py-typogrify @2.1.0 (python)
Filters to enhance web typography, including support for Django & Jinja templates

py27-ldas-tools-diskcacheAPI @2.5.6 (python, science)
Python 27 bindings for Filters library used by ldas-tools

py27-ldas-tools-frameAPI @2.5.2_1 (python, science)
Python 27 bindings for Filters library used by ldas-tools

py27-ldas-tools-ldasgen @2.5.5 (python, science)
Python 27 bindings for Filters library used by ldas-tools

py39-pandocfilters @1.5.1 (python, textproc)
Utilities for writing pandoc filters in python.

py310-filterpy @1.4.5_1 (python, science)
Kalman filters and other optimal and non-optimal estimation filters in Python.

py310-hdf5plugin @5.1.0 (python)
A set of compression filters for h5py

py310-pandocfilters @1.5.1 (python, textproc)
Utilities for writing pandoc filters in python.

py310-pybcj @1.0.6 (python)
bcj filter library

py310-typogrify @2.1.0 (python)
Filters to enhance web typography, including support for Django & Jinja templates

py311-hdf5plugin @5.1.0 (python)
A set of compression filters for h5py

py311-pandocfilters @1.5.1 (python, textproc)
Utilities for writing pandoc filters in python.

py311-pybcj @1.0.6 (python)
bcj filter library

py311-typogrify @2.1.0 (python)
Filters to enhance web typography, including support for Django & Jinja templates

py312-hdf5plugin @5.1.0 (python)
A set of compression filters for h5py

py312-pandocfilters @1.5.1 (python, textproc)
Utilities for writing pandoc filters in python.

py312-pybcj @1.0.6 (python)
bcj filter library

py312-typogrify @2.1.0 (python)
Filters to enhance web typography, including support for Django & Jinja templates

py313-hdf5plugin @5.1.0 (python)
A set of compression filters for h5py

py313-pandocfilters @1.5.1 (python, textproc)
Utilities for writing pandoc filters in python.

py313-pybcj @1.0.6 (python)
bcj filter library

py313-typogrify @2.1.0 (python)
Filters to enhance web typography, including support for Django & Jinja templates

py314-pandocfilters @1.5.1 (python, textproc)
Utilities for writing pandoc filters in python.

py314-pybcj @1.0.6 (python)
bcj filter library

py314-typogrify @2.1.0 (python)
Filters to enhance web typography, including support for Django & Jinja templates

R-CpGFilter @1.1_1 (R, science, math)
CpG filtering method based on intra-class correlation coefficients

R-FKF @0.2.6 (R, science, math)
Fast Kalman Filter

R-genefilter @1.86.0 (R, science, bioconductor)
Methods for filtering genes from high-throughput experiments

R-kalmanfilter @2.1.1_1 (R, science, math)
Kalman Filter

R-KFAS @1.5.1_1 (R, science, math)
Kalman filter and smoother for exponential family state space models

R-kimfilter @1.0.3_1 (R, science, math)
Kim Filter

R-lowpassFilter @1.0-2_1 (R, science)
Lowpass Filtering

R-maditr @0.8.5 (R, science)
Fast data aggregation, modification and filtering with pipes and R-data.table

R-mFilter @0.1-5_1 (R, science, math)
Miscellaneous time series filters

R-miscFuncs @1.5-8_1 (R, science)
Miscellaneous useful functions including LaTeX tables, Kalman filtering and development tools

R-neverhpfilter @0.4-0_1 (R, science, math)
Alternative to the Hodrick–Prescott filter

R-rhdf5filters @1.16.0_1 (R, science, bioconductor)
HDF5 compression filters

R-rmdfiltr @0.1.3 (R, science)
Lua-filters for R markdown

R-SVDNF @0.1.9 (R, science, finance, math)
Discrete non-linear filtering for stochastic volatility models

R-wavelets @0.3-0.2_1 (R, science, finance)
Functions for computing wavelet filters, wavelet transforms and multiresolution analyses

riff @3.6.1 (textproc)
A diff filter highlighting which line parts have changed

rspamd @3.13.0 (mail)
Rapid spam filtering system.

rtf2latex2e @2.2.2 (tex)
Filter to convert rtf files into LaTeX2e code.

spuce @0.4.3 (audio)
A DSP digital filtering library - IIR/FIR filtering

sudosh2 @1.0.7 (shells, security)
sudosh is an auditing shell filter and can be used as a login shell.

t-prot @3.4_3 (mail)
TOFU protection script (MUA display filter)

tcl-dox @0.8.3_2 (textproc)
Tcl-Dox is a filter that you can use with Doxygen for documenting Tcl source code.

tcl2doxy @0-2 (textproc)
Tcl/Tk input filter for doxygen Tcl2doxy translates Tcl/Tk source code into C-like code which doxygen is able to parse and generate a documentation for.

webcleaner @2.31_1 (www, python)
webcleaner is a powerful filtering http proxy

Found 178 ports.
