diffball @1.0.1 (devel)
binary patch utility

exiftran @2.14_2 (graphics)
A tool for transformations on JPEG from fbida

fb303 @2024.09.23.00 (devel)
fb303 is a base Thrift service and a common set of functionality for querying stats, options, and other information from a service.

fbg @0.9 (games, aqua)
Puzzle game similar to Tetris but with improved graphics.

fbopenssl @0.0.4_6 (devel)
SPNEGO library

fbthrift @2024.09.23.00 (devel)
Facebook's branch of Apache Thrift, including a new C++ server.

fbuild @0.3-rc2_1 (devel, python)
Software build system

fbzmq @2022.05.30.00 (devel, net)
fbzmq provides a framework for writing services in C++ while leveraging the awesomeness of libzmq (message passing semantics)

fondu @060102_1 (print)
A set of programs to interconvert between Mac font formats and pfb, ttf, otf and bdf files on UNIX.

gfbgraph @0.2.5 (gnome)
A GObject library for Facebook Graph API.

harfbuzz @11.2.1_1 (graphics)
OpenType text shaping engine

harfbuzz-devel @11.2.1_1 (graphics)
OpenType text shaping engine

harfbuzz-icu @11.2.1_1 (graphics)
HarfBuzz ICU support library

harfbuzz-icu-devel @11.2.1_1 (graphics)
HarfBuzz ICU support library

manjpfb @0.0.10_1 (textproc, python)
FreeBSD Japanese Man Pager.

mftrace @1.2.16_1 (graphics)
Trace TeX bitmap font to PFA, PFB, or TTF font

pdfbox @0.7.3 (java, print)
PDFBox is a Java PDF Library

R-DFBA @0.1.0_1 (R, science, math)
Distribution-Free Bayesian Analysis

R-fBasics @4041.97 (R, science, finance)
Rmetrics – Markets and Basic Statistics

R-FBMS @1.0_1 (R, science, math)
Flexible Bayesian Model Selection and model averaging

R-nmfbin @0.2.1_1 (R, science, math)
Non-negative matrix factorization for binary data

R-textshaping @0.4.1 (R, science, graphics)
Bindings to the HarfBuzz and Fribidi libraries

sword-commentary-jfb @2.2_2 (textproc)
Jamieson Fausset Brown Bible Commentary

Found 23 ports.
