abtransfers @0.0.5.0_5 (finance)
AB-Transfers allows to carry out bank transactions online. It is meant to complement KMyMoney and GnuCash.

anubis @4.3 (mail)
GNU Anubis is an outgoing mail processor.

arch @1.3.5_1 (devel)
GNU arch - revision control system

archway @0.2.1_5 (devel)
an advanced GUI for GNU Arch

argtable @2.13 (devel)
ANSI C library for parsing GNU style command line arguments

argtable3 @3.3.1 (devel)
ANSI C library for parsing GNU style command line arguments

arm-none-eabi-gcc @15.2.0 (cross, devel)
The GNU compiler collection for arm-none-eabi

arm-none-eabi-gcc8 @8.3.0_1 (cross, devel)
The GNU compiler collection for arm-none-eabi

arm-none-eabi-gdb @17.1 (cross, devel)
GDB: The GNU Project Debugger for arm-none-eabi

arm-none-linux-gnueabi-binutils @2.34_1 (cross, devel)
FSF Binutils for arm-none-linux-gnueabi cross development

arm-none-linux-gnueabi-gcc @2005q3-2 (cross, devel)
gcc 3.x cross-compilers for arm-none-linux-gnueabi.

arm-none-linux-gnueabi-runtime @cs2005q3.2 (cross, devel)
headers and precompiled libraries arm-none-linux-gnueabi (Nokia Internet Tablet), obtained from scratchbox.

ArtResources @0.1.2_1 (gnustep)
FreeFonts and Vera fonts for gnustep art backend.

autobook @1.5_1 (devel)
A tutorial covering the gnu autotools.

autoconf-archive @2024.10.16 (devel)
A collection of more than 450 macros for GNU Autoconf

automake @1.18.1 (devel)
the gnu automake utility for generating Makefile.in

automake17 @1.7.9_2 (devel)
the gnu automake utility for generating Makefile.in

automake115 @1.15.1 (devel)
the gnu automake utility for generating Makefile.in

avr-gcc @15.2.0 (cross, devel)
The GNU compiler collection for avr

avr-gdb @13.1 (cross, devel)
GDB: The GNU Project Debugger for avr

bazaar @1.4.2_4 (devel)
baz (Bazaar 1), a GNU Arch client

cgdb @0.8.0 (devel)
A curses-based interface to the GNU Debugger (GDB).

cl-babel @0.5.0 (lisp, devel)
Babel is a charset encoding/decoding library, not unlike GNU libiconv, written in pure Common Lisp.

coreutils @9.5_1 (sysutils)
GNU File, Shell, and Text utilities

coreutils-devel @9.8 (sysutils)
GNU File, Shell, and Text utilities

dc3dd @7.3.1 (sysutils)
Enhanced GNU dd

ddrescue @1.30 (sysutils)
GNU ddrescue is a data recovery tool.

ddrescueview @0.4.5_1 (sysutils, aqua)
Graphical viewer for GNU ddrescue log files.

dejagnu @1.6.3 (devel)
A framework for testing programs

diction @1.11 (textproc)
GNU diction and style

diffutils @3.12 (sysutils, textproc, devel)
GNU diff utilities

diffutils-for-muniversal @3.8 (sysutils)
GNU diff utilities sequestered for muniversal PG

docbook2X @0.8.8_11 (textproc)
Converts DocBook documents into the traditional Unix man page format and the GNU Texinfo format.

emacs @30.2_2 (editors)
The GNU Emacs text editor

emacs-app @30.2_2 (editors, aqua)
The GNU Emacs text editor

emacs-app-devel @20250924 (editors, aqua)
The GNU Emacs text editor

emacs-devel @20250924 (editors)
The GNU Emacs text editor

eplot @20230228 (math, ruby)
Easily pipe data through gnuplot and create plots quickly

Etoile @0.1.9_11 (gnustep)
GNUstep based user environement

Etoile-devel @0.1.9_8 (gnustep)
GNUstep based user environement

fgsl @1.6.0 (math, science)
Fortran interface to the GNU scientific library

findutils @4.10.0 (sysutils)
findutils contains GNU find, xargs, and locate

findutils-devel @4.10.0 (sysutils)
findutils contains GNU find, xargs, and locate

g95 @0.93_5 (lang)
Another GNU Fortran 95 compiler

gawk @5.3.2 (lang)
The GNU awk utility.

gcal @4.1 (science)
GNU calendar

gcam @2010.07.27 (cad)
GCAM is the free GNU Computer Aided Manufacturing package.

gcc-devel @15-20250510 (lang)
The GNU compiler collection

gcc5 @5.5.0_6 (lang)
The GNU compiler collection

gcc6 @6.5.0_7 (lang)
The GNU compiler collection

gcc7 @7.5.0_4 (lang)
The GNU compiler collection

gcc8 @8.5.0_2 (lang)
The GNU compiler collection.

gcc9 @9.5.0_1 (lang)
The GNU compiler collection

gcc10 @10.4.0_6 (lang)
The GNU compiler collection

gcc11 @11.4.0_2 (lang)
The GNU compiler collection

gcc12 @12.4.0_2 (lang)
The GNU compiler collection

gcc13 @13.4.0_1 (lang)
The GNU compiler collection

gcc14 @14.3.0 (lang)
The GNU compiler collection

gcc15 @15.2.0 (lang)
The GNU compiler collection

gcc43 @4.3.6_16 (lang)
The GNU compiler collection

gcc44 @4.4.7_15 (lang)
The GNU compiler collection

gcc45 @4.5.4_17 (lang)
The GNU compiler collection

gcc46 @4.6.4_15 (lang)
The GNU compiler collection

gcc47 @4.7.4_12 (lang)
The GNU compiler collection

gcc48 @4.8.5_6 (lang)
The GNU compiler collection

gcc49 @4.9.4_6 (lang)
The GNU compiler collection

gcl @2.6.14 (lang)
GNU Common Lisp

gdb @16.3 (devel)
GDB: The GNU Project Debugger

gdb-apple @2831_1 (devel)
GDB: The GNU Project Debugger with Apple Modifications (based on 6.3.50)

gdbm @1.26 (databases)
The GNU database manager

gettext @0.22.5 (devel)
GNU internationalization (i18n) and localization (l10n) tools

gettext-runtime @0.22.5 (devel)
GNU internationalization (i18n) and localization (l10n) runtime library

gettext-tools-libs @0.22.5 (devel)
GNU internationalization (i18n) and localization (l10n) tools libraries

gimp2 @2.10.38_2 (graphics)
The GNU Image Manipulation Program

gimp2-devel @2.10.38_1 (graphics)
The GNU Image Manipulation Program

gimp3-devel @2.99.rc1_1 (graphics)
The GNU Image Manipulation Program

glances @4.4.1 (sysutils)
Glances is a CLI curses based monitoring tool for GNU/Linux and BSD OS.

glpk @5.0 (math, lang)
GNU Linear Programming Kit

gmake @4.4.1_1 (devel)
GNU Make

gmake-apple @3.81 (devel)
GNU Make pegged at Apple's version

gmp @6.3.0 (devel, math)
GNU multiple precision arithmetic library

gmsl @1.1.9 (devel)
GNU Make Standard Library

gnat-gcc @4.4.2_2 (lang)
The GNU compiler collection with GNAT

gnetcat @0.7.1_2 (net)
A rewrite of the well-known networking tool, but more portable, with new features and fully GNU compliant.

gnu-apl @1.9 (lang)
GNU APL is a free interpreter for the programming language APL.

gnu-classpath @0.99 (java)
Essential libraries for Java.

gnu-pw-mgr @2.7.4 (security)
password manager to reconstruct difficult passwords

gnuastro @0.24 (science)
GNU astronomy utilities and library

gnubg @1.05.002_2 (games)
GNU Backgammon

gnucap @2017.10.03_1 (science)
GNU Circuit Analysis Package

gnucap-devel @2018.08.31_1 (science)
GNU Circuit Analysis Package

gnucash @5.14 (gnome, x11)
a personal and small-business financial-accounting software

gnucash-devel @5.14 (gnome, x11)
a personal and small-business financial-accounting software

gnucash-docs @5.14 (gnome, x11)
docs for gnucash

gnuchess @6.3.0 (games)
GNU Chess is a chess-playing program.

gnucobol @3.2_1 (lang)
an open-source COBOL compiler

gnudatalanguage @1.1.3 (math, science)
a free IDL combatible incremental compiler

gnugo @3.8 (games)
GNU Go

GNUMail @1.2.0pre3_1 (gnustep)
Fully featured mail application using GNUStep or Cocoa.

GNUMail-Aqua @1.2.0pre3 (mail, aqua)
Fully featured mail application using GNUStep or Cocoa.

gnumeric @1.12.57 (gnome, math, science)
A powerful Gtk3 based spreadsheet with Excel, ODF, R and Python support.

gnupg-pkcs11-scd @0.10.0 (security)
GnuPG PKCS#11 Smart-Card Daemon

gnupg1 @1.4.23_3 (mail, security)
GNU Privacy Guard version 1.4

gnupg2 @2.5.17 (mail, security)
GNU Privacy Guard

gnuplot @6.0.4 (math, science)
A command-driven interactive function plotting program

gnupod @0.99.8_7 (multimedia, perl)
GNUpod is a collection of tools which allow you to use your iPod with UNIX-like operating systems.

gnuradio @3.8.5.0_3 (science, comms)
GNU Radio is Software Defined Radio (SDR)

gnuradio-next @20200419-03d92ac1_7 (science, comms)
GNU Radio is Software Defined Radio (SDR)

gnuradio37 @3.7.14.0_6 (science, comms)
GNU Radio is Software Defined Radio (SDR)

gnuregex @0.12_2 (sysutils)
GNU regex library

gnushogi @1.3.2_3 (games)
GNU version of Shogi, a game of Japanese chess.

gnustep @0.18.1 (gnustep)
GNUstep meta port

gnustep-back @0.17.0 (gnustep)
A back-end component for the GNUstep GUI Library.

gnustep-base @1.19.1_5 (gnustep)
A library of general-purpose Objective C objects.

gnustep-core @0.18.1 (gnustep)
GNUstep core / Startup package

gnustep-dl2 @0.10.1 (gnustep)
GNUstep Database Library 2 (GDL2)

gnustep-gui @0.17.0_8 (gnustep)
A library of graphical user interface Objective C classes

gnustep-make @2.7.0 (gnustep, devel, cross)
GNUstep makefile package

gnustep-make-cocoa @1.13.0 (gnustep, aqua, devel, cross)
GNUstep makefile package for the Cocoa API

gnustep-make-docs @1.13.0_1 (gnustep, devel)
GNUstep makefile documentation

gnutar @1.35 (archivers)
GNU version of the tar archiving utility

gnutls @3.7.11_1 (devel, security)
GNU Transport Layer Security Library

gnutls-devel @3.8.11 (devel, security)
GNU Transport Layer Security Library

gpatch @2.8_1 (devel)
GNU patch, for applying diffs to files

gperf @3.3 (devel)
GNU perfect hash generator

gpg-tui @0.11.0_1 (security)
gpg-tui is a Terminal User Interface for GnuPG.

gpgme @2.0.1 (devel, security, crypto)
A library for easy acces to GnuPG.

gpgme-objc @1.0.2_6 (devel, security)
GnuPG Made Easy is an Objective-C framework wrapping libgpgme

gprolog @1.5.0 (lang)
GNU Prolog compiler

gputils @1.5.2 (devel)
GNU PIC Utilities

gqrx @2.16 (science, comms)
Gqrx is a software defined radio (SDR) receiver using GNU Radio, OSMOSDR, and Qt5.

gr-adapt @20200630-13245e3f_10 (science, comms)
Adaptive filters for GNU Radio

gr-air-modes @20191015-a2f2627c_4 (science, comms)
Provides augmented functionality (blocks, GRC definitions, apps, etc) for GNU Radio.

gr-baz @20200409-937834ce_7 (science, comms)
Provides augmented functionality (blocks, GRC definitions, apps, etc) for GNU Radio.

gr-fcdproplus @20200811-575fcafb (science, comms)
Implements a funcube dongle pro+ source in GNU Radio.

gr-foo @20191217-13fac53d_5 (science, comms)
Provides augmented functionality (blocks, GRC definitions, apps, etc) for GNU Radio.

gr-fosphor @20200130-defdd4ac_3 (science, comms)
gr-fosphor provides a GNU Radio block for RTSA-like spectrum visualization using GPU acceleration.

gr-gfdm @20200409-df94a58d_4 (science, comms)
Provides augmented functionality for GNU Radio: Generalized Frequency Division Multiplexing.

gr-gsm @20200214-fd4454d6_5 (science, comms)
Provides augmented functionality for GNU Radio: a set of tools for receiving information transmitted by GSM equipment/devices.

gr-hermeslite2 @20211214-3cabd011 (science, comms)
GNU Radio interface module for Hermes Lite 2

gr-hpsdr @20210406-49e9e9ce_3 (science, comms)
gnuradio module for OpenHPSDR Hermes/Metis and Red Pitaya using the OpenHpsdr 1 protocol.

gr-ieee802-11 @20191217-99f1a456_3 (science, comms)
Provides augmented functionality (blocks, GRC definitions, apps, etc) for GNU Radio.

gr-ieee802-15-4 @20191006-a3c79af9_5 (science, comms)
Provides augmented functionality (blocks, GRC definitions, apps, etc) for GNU Radio.

gr-iio @20200403-45658994_7 (science, comms)
Provides augmented functionality for GNU Radio: IIO device source

gr-iqbalance @0.38.2_3 (science, comms)
gr-iqbalance provides I/Q balancing blocks for GNU Radio

gr-limesdr @3.0.1_4 (science, comms)
GNU Radio block for LimeSDR-USB/LimeSDR-Mini boards

gr-linrad @20200425-5576e4cc_2 (science, comms)
GNU Radio module implementing Linrad network protocol

gr-osmosdr @20210117-cffef690_3 (science, comms)
gr-osmosdr provides support for OsmoSDR hardware within GNU Radio

gr-rds @20201015-feaba5b1_3 (science, comms)
Provides the Radio Data System (RDS) block for GNU Radio.

gr-satellites @3.16.0 (science, comms)
GNU Radio decoders for several Amateur satellites.

gr-specest @20191014-fe599836_6 (science, comms)
Provides spectral estimation blocks for GNU Radio.

gr37-adapt @20191021-4bbdde4c_7 (science, comms)
Adaptive filters for GNU Radio

gr37-air-modes @20170928_2 (science, comms)
Provides augmented functionality (blocks, GRC definitions, apps, etc) for GNU Radio.

gr37-ais @20151220_2 (science, comms)
Provides augmented functionality (blocks, GRC definitions, apps, etc) for GNU Radio.

gr37-baz @20200409-937834ce_7 (science, comms)
Provides augmented functionality (blocks, GRC definitions, apps, etc) for GNU Radio.

gr37-cdma @20161220_1 (science, comms)
Provides augmented functionality for GNU Radio: a code-division multiple (user) access (CDMA) physical layer.

gr37-fcdproplus @20180828_1 (science, comms)
Implements a funcube dongle pro+ source in GNU Radio.

gr37-foo @20190606-a2d86703_3 (science, comms)
Provides augmented functionality (blocks, GRC definitions, apps, etc) for GNU Radio.

gr37-fosphor @20191202-fa6761af_1 (science, comms)
gr-fosphor provides a GNU Radio block for RTSA-like spectrum visualization using GPU acceleration.

gr37-gfdm @20190416-4cc5b5c4_4 (science, comms)
Provides augmented functionality for GNU Radio: Generalized Frequency Division Multiplexing.

gr37-gsm @20180812_3 (science, comms)
Provides augmented functionality for GNU Radio: a set of tools for receiving information transmitted by GSM equipment/devices.

gr37-ieee802-11 @20190416-80dd9038_1 (science, comms)
Provides augmented functionality (blocks, GRC definitions, apps, etc) for GNU Radio.

gr37-ieee802-15-4 @20190606-d3d94023_3 (science, comms)
Provides augmented functionality (blocks, GRC definitions, apps, etc) for GNU Radio.

gr37-iio @20190725-9088ac79_5 (science, comms)
Provides augmented functionality for GNU Radio: IIO device source

gr37-iqbalance @20191111_1 (science, comms)
gr-iqbalance provides I/Q balancing blocks for GNU Radio

gr37-limesdr @2.0.0_2 (science, comms)
GNU Radio block for LimeSDR-USB/LimeSDR-Mini boards

gr37-lte @20180220_1 (science, comms)
Provides augmented functionality (blocks, GRC definitions, apps, etc) for GNU Radio.

gr37-mac @20140919_1 (science, comms)
Provides augmented functionality (blocks, GRC definitions, apps, etc) for GNU Radio.

gr37-mapper @20181023-2ea1eb68_1 (science, comms)
Provides augmented functionality for GNU Radio: Symbol to Bit Mapping and Demapping Blocks

gr37-ofdm @20180306_4 (science, comms)
Provides augmented functionality (blocks, GRC definitions, apps, etc) for GNU Radio.

gr37-osmosdr @20191201-a95bbd74_5 (science, comms)
gr-osmosdr provides support for OsmoSDR hardware within GNU Radio

gr37-pcap @20170402_3 (science, comms)
Provides augmented functionality (blocks, GRC definitions, apps, etc) for GNU Radio.

gr37-pyqt @20160712_1 (science, comms)
Provides augmented functionality for GNU Radio: pyqt based plotters intended for plotting bursted events.

gr37-rds @20200222-a02dcd9e_1 (science, comms)
Provides the Radio Data System (RDS) block for GNU Radio.

gr37-satellites @1.8.4_2 (science, comms)
GNU Radio decoders for several Amateur satellites.

gr37-sdrplay @20180717-d28ae3d3_1 (science, comms)
GNU Radio block for SDRPlay boards

gr37-specest @20180115_4 (science, comms)
Provides spectral estimation blocks for GNU Radio.

gr37-tdd @20190521-13ae75ea_1 (science, comms)
Provides augmented functionality for GNU Radio: test driven development blocks

groff @1.23.0 (sysutils, textproc)
GNU Troff (Groff)

gsed @4.9_1 (textproc)
GNU version of the stream editor, sed

gss @1.0.4 (security)
GNU Generic Security Service Library

gtgt @3.2.0 (devel)
General (or GNU) template generation tools

gtime @1.9 (sysutils)
GNU implementation of time(1)

gtk-gnutella @2024.03.05 (net, p2p, www)
GTK-based Gnutella client

gts @0.7.6-20121130_1 (math)
The GNU Triangulated Surface library

guile-1.8 @1.8.8_8 (lang)
GNU's Ubiquitous Intelligent Language for Extension (guile)

guile-2.2 @2.2.7_4 (lang)
GNU's Ubiquitous Intelligent Language for Extension (guile)

guile-3.0 @3.0.10_1 (lang)
GNU's Ubiquitous Intelligent Language for Extension (guile)

guile-gnutls @4.0.0 (guile, net, security)
Guile bindings for GnuTLS

guile_select @0.1 (sysutils)
Common files for selecting default GNU Guile

gutils-suite @1.1_3 (sysutils)
Meta port encompassing the GNU utils suite, plus other useful ports

gutils-suite-base @1.1_3 (sysutils)
Meta port encompassing the GNU utils suite, plus other useful ports

gutils-suite-core @1.1_3 (sysutils)
Meta port encompassing the GNU utils suite, plus other useful ports

gutils-suite-extra @1.1_3 (sysutils)
Meta port encompassing the GNU utils suite, plus other useful ports

gvpe @3.1_1 (net)
GNU Virtual Private Ethernet

gwhich @2.23 (sysutils)
GNU Which - Everything you never wanted in a which

gworkspace @0.8.6 (gnustep)
GNUstep's Workspace Manager.

gzip @1.14 (archivers)
gnu replacement utility for unix compress

hfstar @1.13.19_2 (archivers)
gnutar with HFS+ support

i386-elf-gcc @12.4.0 (cross, devel)
The GNU compiler collection for i386-elf

i686-w64-mingw32-gcc @15.2.0 (cross, devel)
The GNU compiler collection for i686-w64-mingw32

i686-w64-mingw32-gcc-bootstrap @15.2.0 (cross, devel)
The GNU compiler collection for i686-w64-mingw32

i686-w64-mingw32-gcc-nothreads @15.2.0 (cross, devel)
The GNU compiler collection for i686-w64-mingw32

inspectrum @20220326-98b998ff (science, comms)
Provides augmented functionality for GNU Radio: inspectrum realizes signal analysis abilities in typical block-structure

konquest @4.14.3_3 (kde, kde4, games)
Konquest is the KDE version of Gnu-Lactic Konquest.

libgcc-devel @15-20250510 (lang)
The GNU compiler collection

libgcc6 @6.5.0_4 (lang)
The GNU compiler collection

libgcc7 @7.5.0_2 (lang)
The GNU compiler collection

libgcc8 @8.5.0_1 (lang)
The GNU compiler collection.

libgcc9 @9.5.0_2 (lang)
The GNU compiler collection

libgcc10 @10.4.0_6 (lang)
The GNU compiler collection

libgcc11 @11.4.0_2 (lang)
The GNU compiler collection

libgcc12 @12.4.0_2 (lang)
The GNU compiler collection

libgcc13 @13.4.0_1 (lang)
The GNU compiler collection

libgcc14 @14.3.0 (lang)
The GNU compiler collection

libgcc15 @15.2.0 (lang)
The GNU compiler collection

libgcc45 @4.5.4_16 (lang)
The GNU compiler collection

libgnomeui @2.24.5_15 (gnome)
Libraries for the GNOME GUI, a GNU desktop environment.

libgnugetopt @1.3 (devel)
GNU getopt library

libgpg-error @1.58 (devel)
Common error values for all GnuPG components

libgsasl @1.10.0 (security, net)
GNU SASL: an authentication library.

libidn @1.43 (mail)
GNU International Domain Name Library (legacy version 1).

libidn2 @2.3.8 (mail)
GNU International Domain Name Library (current version 2)

libmpc @1.3.1 (devel)
GNU MPC

libosip2 @5.3.1 (net)
GNU oSIP library

libtool @2.5.4 (devel, sysutils)
The GNU Portable Library Tool

libxmi @1.2 (graphics)
GNU rasterizing library

m4 @1.4.20 (devel)
GNU macro processor

m68k-palm-elf-gcc @9.1.0_2 (palm, cross)
The GNU compiler collection for m68k-palm-elf

mailman @2.1.29 (mail)
Mailman, the GNU Mailing List Manager

mc @4.8.33 (sysutils)
GNU Midnight Commander

mit-scheme @9.2_4 (lang)
MIT/GNU Scheme

mk-configure @0.40.0 (devel)
Lightweight, easy to use replacement for GNU autotools

mod_gnutls @0.12.2 (www, security, crypto)
mod_gnutls is an extension for Apache's httpd uses the GnuTLS library to provide HTTPS.

moe @1.15 (editors)
GNU moe - console text editor for ISO-8859 and ASCII character encodings.

msp430-elf-gcc @9.3.1.2_1 (cross, devel)
The GNU compiler collection for msp430-elf

msp430-gcc @4.6.3-20120406_7 (cross, devel)
The GNU compiler collection for msp430

msp430-gcc-devel @4.7.0-20120911_4 (cross, devel)
The GNU compiler collection for msp430 This is the development version.

mutella @0.4.5_2 (net)
A command line Gnutella client

npth @1.8 (devel)
The New GNU Portable Threads Library

ocaml-gsl @0.6.0_6 (math, science, ocaml)
ocamlgsl is the GNU scientific library for OCaml

octave-control @4.2.1 (octave, math, science)
Computer-Aided Control System Design (CACSD) Tools for GNU Octave, based on the SLICOT Library.

octave-datatypes @1.1.6 (octave, math, science)
Extra data types for GNU Octave

octave-fxp @1.0.1 (octave, math, science)
A lightweight fixed-point numeric data type for GNU Octave, implemented as a class (@fxp/fxp.m).

octave-hdf5oct @1.1.0 (octave, math, science)
This is a GNU Octave package for data serialization to/from HDF5 files.

octave-internal-fluid-flow @1.0.0_1 (octave, math, science)
A toolbox for internal fluid flow for GNU Octave.

octave-joystick @0.0.4 (octave, math, science)
Provides basic joystick functions for GNU Octave.

octave-mccabe-thiele @0.1.5_1 (octave, math, science)
A toolbox for the McCabe-Thiele method for GNU Octave.

octave-ponchon-savarit @1.0.0_1 (octave, math, science)
A toolbox for the Ponchon-Savarit method for GNU Octave.

octave-psychrometrics @1.0.0_1 (octave, math, science)
A toolbox for air-water vapor psychrometrics for GNU Octave.

octave-pythonic @0.1.3_2 (octave, math, science)
Pythonic is a package that provides a Python native calling interface for GNU Octave.

octave-quaternion @2.4.2 (octave, math, science)
Quaternion package for GNU Octave, includes a quaternion class with overloaded operators.

octave-velas @1.0.6_1 (octave, math, science)
VELAS is a user-friendly open-source toolbox for the visualization and analysis of elastic anisotropy written in GNU Octave that can be used for any crystal symmetry.

octave-zeromq @1.5.7 (octave, math, science)
ZeroMQ bindings for GNU Octave

p5-alien-gmp @1.160.0 (perl)
Alien::GMP - Alien package for the GNU Multiple Precision library.

p5-alien-gnuplot @1.43.0 (perl)
Alien::Gnuplot - Find and verify functionality of the gnuplot executable.

p5-config-identity @0.1.900 (perl)
Config::Identity - Load (and optionally decrypt via GnuPG) user/pass identity information

p5-crypt-gcrypt @1.260.0_2 (perl)
Perl interface to the GNU Cryptographic library

p5-crypt-openssl-bignum @0.90.0_2 (perl)
OpenSSL's multiprecision integer arithmetic

p5-gnupg-interface @1.50.0 (perl)
GnuPG::Interface - Perl interface to GnuPG

p5-graphics-gnuplotif @1.800.0 (perl)
Graphics::GnuplotIF - A dynamic Perl interface to gnuplot.

p5-locale-gettext @1.70.0_1 (perl)
Perl interface to GNU gettext

p5-net-libidn @0.120.0_5 (perl)
Perl bindings for GNU Libidn

p5-net-libidn2 @1.20.0 (perl)
Net::LibIDN2 - Perl bindings for GNU Libidn2

p5-pdl-graphics-gnuplot @2.32.0 (perl)
PDL::Graphics::Gnuplot - Gnuplot-based plotting for PDL

p5-pdl-gsl @2.101.0 (perl)
PDL::GSL - PDL interface to the GNU Scientific Library

p5-posix-strftime-compiler @0.460.0 (perl)
GNU C library compatible strftime for loggers and servers

p5-term-gnuplot @0.903.809.60 (perl, math)
Low-level graphics using Gnuplot drawing routines

p5-term-readline-gnu @1.470.0 (perl)
Term::ReadLine::Gnu - Perl extension for the GNU Readline/History library

p5-text-aspell @0.90.0_2 (perl)
perl interface to GNU aspell.

p5.28-alien-gmp @1.160.0 (perl)
Alien::GMP - Alien package for the GNU Multiple Precision library.

p5.28-alien-gnuplot @1.43.0 (perl)
Alien::Gnuplot - Find and verify functionality of the gnuplot executable.

p5.28-config-identity @0.1.900 (perl)
Config::Identity - Load (and optionally decrypt via GnuPG) user/pass identity information

p5.28-crypt-gcrypt @1.260.0_2 (perl)
Perl interface to the GNU Cryptographic library

p5.28-crypt-openssl-bignum @0.90.0_2 (perl)
OpenSSL's multiprecision integer arithmetic

p5.28-gnupg-interface @1.50.0 (perl)
GnuPG::Interface - Perl interface to GnuPG

p5.28-graphics-gnuplotif @1.800.0 (perl)
Graphics::GnuplotIF - A dynamic Perl interface to gnuplot.

p5.28-locale-gettext @1.70.0_1 (perl)
Perl interface to GNU gettext

p5.28-net-libidn @0.120.0_5 (perl)
Perl bindings for GNU Libidn

p5.28-net-libidn2 @1.20.0 (perl)
Net::LibIDN2 - Perl bindings for GNU Libidn2

p5.28-pdl-graphics-gnuplot @2.32.0 (perl)
PDL::Graphics::Gnuplot - Gnuplot-based plotting for PDL

p5.28-pdl-gsl @2.101.0 (perl)
PDL::GSL - PDL interface to the GNU Scientific Library

p5.28-posix-strftime-compiler @0.460.0 (perl)
GNU C library compatible strftime for loggers and servers

p5.28-term-gnuplot @0.903.809.60 (perl, math)
Low-level graphics using Gnuplot drawing routines

p5.28-term-readline-gnu @1.470.0 (perl)
Term::ReadLine::Gnu - Perl extension for the GNU Readline/History library

p5.28-text-aspell @0.90.0_2 (perl)
perl interface to GNU aspell.

p5.30-alien-gmp @1.160.0 (perl)
Alien::GMP - Alien package for the GNU Multiple Precision library.

p5.30-alien-gnuplot @1.43.0 (perl)
Alien::Gnuplot - Find and verify functionality of the gnuplot executable.

p5.30-config-identity @0.1.900 (perl)
Config::Identity - Load (and optionally decrypt via GnuPG) user/pass identity information

p5.30-crypt-gcrypt @1.260.0_2 (perl)
Perl interface to the GNU Cryptographic library

p5.30-crypt-openssl-bignum @0.90.0_2 (perl)
OpenSSL's multiprecision integer arithmetic

p5.30-gnupg-interface @1.50.0 (perl)
GnuPG::Interface - Perl interface to GnuPG

p5.30-graphics-gnuplotif @1.800.0 (perl)
Graphics::GnuplotIF - A dynamic Perl interface to gnuplot.

p5.30-locale-gettext @1.70.0_1 (perl)
Perl interface to GNU gettext

p5.30-net-libidn @0.120.0_5 (perl)
Perl bindings for GNU Libidn

p5.30-net-libidn2 @1.20.0 (perl)
Net::LibIDN2 - Perl bindings for GNU Libidn2

p5.30-pdl-graphics-gnuplot @2.32.0 (perl)
PDL::Graphics::Gnuplot - Gnuplot-based plotting for PDL

p5.30-pdl-gsl @2.101.0 (perl)
PDL::GSL - PDL interface to the GNU Scientific Library

p5.30-posix-strftime-compiler @0.460.0 (perl)
GNU C library compatible strftime for loggers and servers

p5.30-term-gnuplot @0.903.809.60 (perl, math)
Low-level graphics using Gnuplot drawing routines

p5.30-term-readline-gnu @1.470.0 (perl)
Term::ReadLine::Gnu - Perl extension for the GNU Readline/History library

p5.30-text-aspell @0.90.0_2 (perl)
perl interface to GNU aspell.

p5.32-alien-gmp @1.160.0 (perl)
Alien::GMP - Alien package for the GNU Multiple Precision library.

p5.32-alien-gnuplot @1.43.0 (perl)
Alien::Gnuplot - Find and verify functionality of the gnuplot executable.

p5.32-config-identity @0.1.900 (perl)
Config::Identity - Load (and optionally decrypt via GnuPG) user/pass identity information

p5.32-crypt-gcrypt @1.260.0_2 (perl)
Perl interface to the GNU Cryptographic library

p5.32-crypt-openssl-bignum @0.90.0_2 (perl)
OpenSSL's multiprecision integer arithmetic

p5.32-gnupg-interface @1.50.0 (perl)
GnuPG::Interface - Perl interface to GnuPG

p5.32-graphics-gnuplotif @1.800.0 (perl)
Graphics::GnuplotIF - A dynamic Perl interface to gnuplot.

p5.32-locale-gettext @1.70.0_1 (perl)
Perl interface to GNU gettext

p5.32-net-libidn @0.120.0_5 (perl)
Perl bindings for GNU Libidn

p5.32-net-libidn2 @1.20.0 (perl)
Net::LibIDN2 - Perl bindings for GNU Libidn2

p5.32-pdl-graphics-gnuplot @2.32.0 (perl)
PDL::Graphics::Gnuplot - Gnuplot-based plotting for PDL

p5.32-pdl-gsl @2.101.0 (perl)
PDL::GSL - PDL interface to the GNU Scientific Library

p5.32-posix-strftime-compiler @0.460.0 (perl)
GNU C library compatible strftime for loggers and servers

p5.32-term-gnuplot @0.903.809.60 (perl, math)
Low-level graphics using Gnuplot drawing routines

p5.32-term-readline-gnu @1.470.0 (perl)
Term::ReadLine::Gnu - Perl extension for the GNU Readline/History library

p5.32-text-aspell @0.90.0_2 (perl)
perl interface to GNU aspell.

p5.34-alien-gmp @1.160.0 (perl)
Alien::GMP - Alien package for the GNU Multiple Precision library.

p5.34-alien-gnuplot @1.43.0 (perl)
Alien::Gnuplot - Find and verify functionality of the gnuplot executable.

p5.34-config-identity @0.1.900 (perl)
Config::Identity - Load (and optionally decrypt via GnuPG) user/pass identity information

p5.34-crypt-gcrypt @1.260.0_2 (perl)
Perl interface to the GNU Cryptographic library

p5.34-crypt-openssl-bignum @0.90.0_2 (perl)
OpenSSL's multiprecision integer arithmetic

p5.34-gnupg-interface @1.50.0 (perl)
GnuPG::Interface - Perl interface to GnuPG

p5.34-graphics-gnuplotif @1.800.0 (perl)
Graphics::GnuplotIF - A dynamic Perl interface to gnuplot.

p5.34-locale-gettext @1.70.0_1 (perl)
Perl interface to GNU gettext

p5.34-net-libidn @0.120.0_5 (perl)
Perl bindings for GNU Libidn

p5.34-net-libidn2 @1.20.0 (perl)
Net::LibIDN2 - Perl bindings for GNU Libidn2

p5.34-pdl-graphics-gnuplot @2.32.0 (perl)
PDL::Graphics::Gnuplot - Gnuplot-based plotting for PDL

p5.34-pdl-gsl @2.101.0 (perl)
PDL::GSL - PDL interface to the GNU Scientific Library

p5.34-posix-strftime-compiler @0.460.0 (perl)
GNU C library compatible strftime for loggers and servers

p5.34-term-gnuplot @0.903.809.60 (perl, math)
Low-level graphics using Gnuplot drawing routines

p5.34-term-readline-gnu @1.470.0 (perl)
Term::ReadLine::Gnu - Perl extension for the GNU Readline/History library

p5.34-text-aspell @0.90.0_2 (perl)
perl interface to GNU aspell.

p5.36-locale-gettext @1.70.0_1 (perl)
Perl interface to GNU gettext

p5.38-locale-gettext @1.70.0_1 (perl)
Perl interface to GNU gettext

parallel @20251122 (sysutils)
GNU parallel: Shell command parallelization utility

passage @1.7.4a2 (security)
passage passage is a fork of password-store that uses age as a backend instead of GnuPG.

pdfpc @4.7.0 (graphics)
pdfpc is a GTK based presentation viewer application for GNU/Linux which uses Keynote like multi-monitor output to provide meta information to the speaker during the presentation.

php52-gmp @5.2.17 (php, devel, math)
a PHP interface to GMP, the GNU multiprocessing library through which you can work with arbitrary-length integers

php53-gmp @5.3.29 (php, devel, math)
a PHP interface to GMP, the GNU multiprocessing library through which you can work with arbitrary-length integers

php54-gmp @5.4.45 (php, devel, math)
a PHP interface to GMP, the GNU multiprocessing library through which you can work with arbitrary-length integers

php55-gmp @5.5.38 (php, devel, math)
a PHP interface to GMP, the GNU multiprocessing library through which you can work with arbitrary-length integers

php56-gmp @5.6.40 (php, devel, math)
a PHP interface to GMP, the GNU multiprocessing library through which you can work with arbitrary-length integers

php70-gmp @7.0.33 (php, devel, math)
a PHP interface to GMP, the GNU multiprocessing library through which you can work with arbitrary-length integers

php71-gmp @7.1.33 (php, devel, math)
a PHP interface to GMP, the GNU multiprocessing library through which you can work with arbitrary-length integers

php72-gmp @7.2.34 (php, devel, math)
a PHP interface to GMP, the GNU multiprocessing library through which you can work with arbitrary-length integers

php73-gmp @7.3.33 (php, devel, math)
a PHP interface to GMP, the GNU multiprocessing library through which you can work with arbitrary-length integers

php74-gmp @7.4.33 (php, devel, math)
a PHP interface to GMP, the GNU multiprocessing library through which you can work with arbitrary-length integers

php80-gmp @8.0.30 (php, devel, math)
a PHP interface to GMP, the GNU multiprocessing library through which you can work with arbitrary-length integers

php81-gmp @8.1.30 (php, devel, math)
a PHP interface to GMP, the GNU multiprocessing library through which you can work with arbitrary-length integers

php82-gmp @8.2.24 (php, devel, math)
a PHP interface to GMP, the GNU multiprocessing library through which you can work with arbitrary-length integers

php83-gmp @8.3.12 (php, devel, math)
a PHP interface to GMP, the GNU multiprocessing library through which you can work with arbitrary-length integers

php84-gmp @8.4.0RC1 (php, devel, math)
a PHP interface to GMP, the GNU multiprocessing library through which you can work with arbitrary-length integers

plotutils @2.6_5 (graphics)
GNU plotting utilities

PreferencePanes @1.0.1 (gnustep)
GNUstep's PreferencePanes.

ProjectCenter @0.6.2 (gnustep)
GNUstep's integrated developement environment (IDE).

ProjectManager @0.2_1 (gnustep)
Integrated Development Environment (IDE) for GNUstep

pth @2.0.7_1 (devel)
GNU Portable Threads

pthsem @2.0.8 (devel)
pthsem is an extend version of GNU pth, with support for semaphores

pure-glpk @0.6 (pure, math, lang)
an interface to the GNU Linear Programming Kit (GLPK) for the Pure programming language

pure-gsl @0.12_2 (pure, math, science)
a wrapper to call GNU Scientific Library functions from Pure

pure-mpfr @0.5_1 (pure, devel, math)
an interface to GNU MPFR from Pure

py-gdbm @2.4.6_2 (python, databases)
Python bindings to the GNU dbm library

py-gnupg @0.5.4 (python, crypto, security)
A Python wrapper for GnuPG

py-gnuplot @1.8_2 (python, devel, math)
A Python interface to the gnuplot plotting program.

py-gnureadline @8.2.13 (python)
Python readline extension.

py-gsl @2.6.3 (python, science)
Python interface to the GNU Scientific Library

py-hyperkitty @1.3.5_1 (python, mail)
A web interface to access GNU Mailman v3 archives

py-oct2py @5.5.1 (python)
Python to GNU Octave bridge --> run m-files from Python.

py-postorius @1.3.6 (python, mail)
A web user interface for GNU Mailman

py26-gdbm @2.6.9_2 (python, databases)
Python bindings to the GNU dbm library

py27-gdbm @2.7.18 (python, databases)
Python bindings to the GNU dbm library

py27-gnuplot @1.8_2 (python, devel, math)
A Python interface to the gnuplot plotting program.

py27-gnureadline @8.2.13 (python)
Python readline extension.

py32-gdbm @3.2.6_2 (python, databases)
Python bindings to the GNU dbm library

py33-gdbm @3.3.7_2 (python, databases)
Python bindings to the GNU dbm library

py34-gdbm @3.4.10 (python, databases)
Python bindings to the GNU dbm library

py35-gdbm @3.5.10 (python, databases)
Python bindings to the GNU dbm library

py36-gdbm @3.6.15 (python, databases)
Python bindings to the GNU dbm library

py37-gdbm @3.7.17 (python, databases)
Python bindings to the GNU dbm library

py37-gnureadline @8.2.13 (python)
Python readline extension.

py38-gdbm @3.8.20 (python, databases)
Python bindings to the GNU dbm library

py39-gdbm @3.9.25 (python, databases)
Python bindings to the GNU dbm library

py39-gnureadline @8.2.13 (python)
Python readline extension.

py310-gdbm @3.10.19 (python, databases)
Python bindings to the GNU dbm library

py310-gnupg @0.5.4 (python, crypto, security)
A Python wrapper for GnuPG

py310-gnureadline @8.2.13 (python)
Python readline extension.

py310-gsl @2.6.3 (python, science)
Python interface to the GNU Scientific Library

py310-hyperkitty @1.3.5_1 (python, mail)
A web interface to access GNU Mailman v3 archives

py310-oct2py @5.5.1 (python)
Python to GNU Octave bridge --> run m-files from Python.

py310-postorius @1.3.6 (python, mail)
A web user interface for GNU Mailman

py311-gdbm @3.11.14 (python, databases)
Python bindings to the GNU dbm library

py311-gnupg @0.5.4 (python, crypto, security)
A Python wrapper for GnuPG

py311-gnureadline @8.2.13 (python)
Python readline extension.

py311-gsl @2.6.3 (python, science)
Python interface to the GNU Scientific Library

py311-oct2py @5.5.1 (python)
Python to GNU Octave bridge --> run m-files from Python.

py312-gdbm @3.12.12 (python, databases)
Python bindings to the GNU dbm library

py312-gnupg @0.5.4 (python, crypto, security)
A Python wrapper for GnuPG

py312-gnureadline @8.2.13 (python)
Python readline extension.

py312-gsl @2.6.3 (python, science)
Python interface to the GNU Scientific Library

py313-gdbm @3.13.11 (python, databases)
Python bindings to the GNU dbm library

py313-gnupg @0.5.4 (python, crypto, security)
A Python wrapper for GnuPG

py313-gnureadline @8.2.13 (python)
Python readline extension.

py313-gsl @2.6.3 (python, science)
Python interface to the GNU Scientific Library

py314-gdbm @3.14.2 (python, databases)
Python bindings to the GNU dbm library

py314-gnureadline @8.2.13 (python)
Python readline extension.

py314-gsl @2.6.3 (python, science)
Python interface to the GNU Scientific Library

qca-gnupg @2.2.1 (devel, crypto, security)
Qt Cryptographic Architecture

qca-qt5-gnupg @2.3.4 (devel, crypto, security)
Qt Cryptographic Architecture

R @4.5.2 (math, science)
R is GNU S - an interpreted language for statistical computing

R-bignum @0.3.2_1 (R, science, math)
Arbitrary-precision arithmetic for R

R-gpg @1.3.0_1 (R, science, crypto, security)
GNU Privacy Guard for R

R-gsl @2.1-8_2 (R, science)
Wrapper for the Gnu Scientific Library

R-RcppGSL @0.3.13_3 (R, science, math)
Rcpp integration for GNU GSL vectors and matrices

R-Rglpk @0.6-5.1_1 (R, science)
GNU Linear Programming Kit interface

rainbarf @1.4 (sysutils)
CPU/RAM/battery stats chart bar for tmux (and GNU screen)

rb-gettext @3.5.1 (ruby, devel)
a Localization library and tools which modeled GNU gettext.

rb-gnumeric @4.2.4 (ruby, gnome, science)
Ruby/Gnumeric is a Ruby binding of Gnumeric

rb30-gettext @3.5.1 (ruby, devel)
a Localization library and tools which modeled GNU gettext.

rb31-gettext @3.5.1 (ruby, devel)
a Localization library and tools which modeled GNU gettext.

rb31-gnumeric @4.2.4 (ruby, gnome, science)
Ruby/Gnumeric is a Ruby binding of Gnumeric

rb32-gettext @3.5.1 (ruby, devel)
a Localization library and tools which modeled GNU gettext.

rb32-gnumeric @4.2.4 (ruby, gnome, science)
Ruby/Gnumeric is a Ruby binding of Gnumeric

rb33-gettext @3.5.1 (ruby, devel)
a Localization library and tools which modeled GNU gettext.

rb33-gnumeric @4.2.4 (ruby, gnome, science)
Ruby/Gnumeric is a Ruby binding of Gnumeric

remake @4.2.1-dbg-1.5 (devel)
Debugger for GNU Makefiles

rx @1.5 (sysutils)
Replacement for the GNU regex library

scute @1.7.0 (security)
PKCS#11 interface to the GnuPG Agent

sequoia-chameleon-gnupg @0.13.1 (security, mail)
This is a re-implementation and drop-in replacement of gpg and gpgv using the Sequoia OpenPGP implementation.

svn2cl @0.14 (devel, textproc)
Subversion log to GNU-style ChangeLog

system-preferences @1.0.1_1 (gnustep)
GNUstep's System Preferences.

TalkSoup @1.0alpha_1 (gnustep)
IRC client for GNUstep.

tea @63.1.0 (editors)
TEA is the powerful text editor for GNU/Linux and *BSD.

texinfo @7.2 (textproc)
The official documentation format of the GNU project

TeXmacs @1.99.2_6 (editors)
GNU TeXmacs: A Scientific Text Editor

tuareg-mode.el @2.0.2 (lang, editors)
A GNU Emacs/XEmacs major mode for editing Caml and OCaml programs.

ucommon @7.0.0_1 (devel)
GNU uCommon C++ Framework

unifont-ttf @15.0.06 (x11, fonts)
GNU Unifont

wget2 @2.2.1_1 (net, www)
GNU Wget2 is the successor of GNU Wget, a file and recursive website downloader.

windowmaker @0.96.0_1 (x11, x11-wm)
Window Maker is a X11 window manager supporting GNUstep

x86_64-elf-gcc @12.4.0 (cross, devel)
The GNU compiler collection for x86_64-elf

x86_64-w64-mingw32-gcc @15.2.0 (cross, devel)
The GNU compiler collection for x86_64-w64-mingw32

x86_64-w64-mingw32-gcc-bootstrap @15.2.0 (cross, devel)
The GNU compiler collection for x86_64-w64-mingw32

x86_64-w64-mingw32-gcc-nothreads @15.2.0 (cross, devel)
The GNU compiler collection for x86_64-w64-mingw32

xboard @4.9.1_3 (games)
X frontend for Crafty, GNUChess, Internet Chess Servers, or e-mail chess

Found 446 ports.
