bbdb @2.35 (www)
The Insidious Big Brother Database

BiggerSQL @1.3.9 (aqua, databases)
SQL front-end to the postgresql DBMS

bigloo @3.8c (lang, scheme)
Bigloo is a fast Scheme implementation.

BigSQL @1.0 (aqua, databases)
postgresql psql-like client in cocoa

font-bh-75dpi @1.0.3_1 (x11, x11-font, graphics)
X.org Bigelow & Holmes 75 DPI font

font-bh-100dpi @1.0.3_1 (x11, x11-font, graphics)
X.org Bigelow & Holmes 100 DPI font

font-bh-lucidatypewriter-75dpi @1.0.3_1 (x11, x11-font, graphics)
X.org Bigelow & Holmes Lucida Typewriter 75 DPI font

font-bh-lucidatypewriter-100dpi @1.0.3_1 (x11, x11-font, graphics)
X.org Bigelow & Holmes Lucida Typewriter 100 DPI font

font-bh-ttf @1.0.3_1 (x11, x11-font, graphics)
X.org Bigelow & Holmes TrueType fonts

font-bh-type1 @1.0.3_1 (x11, x11-font, graphics)
X.org Bigelow & Holmes Type1 fonts

jbig2dec @0.20 (graphics)
A decoder implementation of the JBIG2 image compression format

jbig2enc @0.29_1 (graphics)
JBIG2 Encoder

jbigkit @2.1 (graphics)
Data compression algorithm for bi-level high-res images

libigloo @0.9.5 (devel)
A generic C framework. It is developed and used by the Icecast project.

MacOSX11.sdk @11.3.1-20E241 (devel)
macOS Big Sur v11.3.1 (20E241) SDK

ocaml-base_bigstring @0.16.0_1 (ocaml, devel)
String type based on Bigarray, for use in I/O and C-bindings

ocaml-bigarray-compat @1.1.0 (ocaml, devel, lang)
OCaml compatibility library to use Stdlib.Bigarray when possible

ocaml-bigstringaf @0.10.0 (ocaml, devel)
Bigstring intrinsics and fast blits based on memcpy/memmove

p5-alt-crypt-rsa-bigint @0.60.0 (perl)
Alt::Crypt::RSA::BigInt - RSA public-key cryptosystem, using Math::BigInt

p5-bit-vector @7.400.0 (perl)
Efficient bit vector, set of integers and big int math library

p5-crypt-openssl-bignum @0.90.0_2 (perl)
OpenSSL's multiprecision integer arithmetic

p5-math-bigint @2.5.3 (perl, math)
Math::BigInt - arbitrary size integer math package

p5-math-bigint-fastcalc @0.502.0 (perl)
Math::BigInt::FastCalc - Math::BigInt::Calc with some XS for more speed

p5-math-bigint-gmp @1.700.300 (perl)
Math::BigInt::GMP - Use the GMP library for Math::BigInt routines

p5-math-bigint-gmpz @0.1.800 (perl)
Math::BigInt::GMPz - a math backend library based on Math::GMPz

p5-math-bigrat @0.262.400_1 (perl)
Obsolete port, replaced by p5-math-bigint

p5.28-alt-crypt-rsa-bigint @0.60.0 (perl)
Alt::Crypt::RSA::BigInt - RSA public-key cryptosystem, using Math::BigInt

p5.28-bit-vector @7.400.0 (perl)
Efficient bit vector, set of integers and big int math library

p5.28-crypt-openssl-bignum @0.90.0_2 (perl)
OpenSSL's multiprecision integer arithmetic

p5.28-math-bigint @2.5.3 (perl, math)
Math::BigInt - arbitrary size integer math package

p5.28-math-bigint-fastcalc @0.502.0 (perl)
Math::BigInt::FastCalc - Math::BigInt::Calc with some XS for more speed

p5.28-math-bigint-gmp @1.700.300 (perl)
Math::BigInt::GMP - Use the GMP library for Math::BigInt routines

p5.28-math-bigint-gmpz @0.1.800 (perl)
Math::BigInt::GMPz - a math backend library based on Math::GMPz

p5.28-math-bigrat @0.262.400_1 (perl)
Obsolete port, replaced by p5.28-math-bigint

p5.30-alt-crypt-rsa-bigint @0.60.0 (perl)
Alt::Crypt::RSA::BigInt - RSA public-key cryptosystem, using Math::BigInt

p5.30-bit-vector @7.400.0 (perl)
Efficient bit vector, set of integers and big int math library

p5.30-crypt-openssl-bignum @0.90.0_2 (perl)
OpenSSL's multiprecision integer arithmetic

p5.30-math-bigint @2.5.3 (perl, math)
Math::BigInt - arbitrary size integer math package

p5.30-math-bigint-fastcalc @0.502.0 (perl)
Math::BigInt::FastCalc - Math::BigInt::Calc with some XS for more speed

p5.30-math-bigint-gmp @1.700.300 (perl)
Math::BigInt::GMP - Use the GMP library for Math::BigInt routines

p5.30-math-bigint-gmpz @0.1.800 (perl)
Math::BigInt::GMPz - a math backend library based on Math::GMPz

p5.30-math-bigrat @0.262.400_1 (perl)
Obsolete port, replaced by p5.30-math-bigint

p5.32-alt-crypt-rsa-bigint @0.60.0 (perl)
Alt::Crypt::RSA::BigInt - RSA public-key cryptosystem, using Math::BigInt

p5.32-bit-vector @7.400.0 (perl)
Efficient bit vector, set of integers and big int math library

p5.32-crypt-openssl-bignum @0.90.0_2 (perl)
OpenSSL's multiprecision integer arithmetic

p5.32-math-bigint @2.5.3 (perl, math)
Math::BigInt - arbitrary size integer math package

p5.32-math-bigint-fastcalc @0.502.0 (perl)
Math::BigInt::FastCalc - Math::BigInt::Calc with some XS for more speed

p5.32-math-bigint-gmp @1.700.300 (perl)
Math::BigInt::GMP - Use the GMP library for Math::BigInt routines

p5.32-math-bigint-gmpz @0.1.800 (perl)
Math::BigInt::GMPz - a math backend library based on Math::GMPz

p5.32-math-bigrat @0.262.400_1 (perl)
Obsolete port, replaced by p5.32-math-bigint

p5.34-alt-crypt-rsa-bigint @0.60.0 (perl)
Alt::Crypt::RSA::BigInt - RSA public-key cryptosystem, using Math::BigInt

p5.34-bit-vector @7.400.0 (perl)
Efficient bit vector, set of integers and big int math library

p5.34-crypt-openssl-bignum @0.90.0_2 (perl)
OpenSSL's multiprecision integer arithmetic

p5.34-math-bigint @2.5.3 (perl, math)
Math::BigInt - arbitrary size integer math package

p5.34-math-bigint-fastcalc @0.502.0 (perl)
Math::BigInt::FastCalc - Math::BigInt::Calc with some XS for more speed

p5.34-math-bigint-gmp @1.700.300 (perl)
Math::BigInt::GMP - Use the GMP library for Math::BigInt routines

p5.34-math-bigint-gmpz @0.1.800 (perl)
Math::BigInt::GMPz - a math backend library based on Math::GMPz

p5.34-math-bigrat @0.262.400_1 (perl)
Obsolete port, replaced by p5.34-math-bigint

pari-seadata-big @20170418 (math)
The third one is huge and contains extra modular polynomials of level between 500 and 800.

php-big_int @1.0.7_1 (php, devel)
big_int library

php53-big_int @1.0.7_1 (php, devel)
big_int library

php54-big_int @1.0.7_1 (php, devel)
big_int library

php55-big_int @1.0.7_1 (php, devel)
big_int library

php56-big_int @1.0.7_1 (php, devel)
big_int library

py-bigfloat @0.4.0 (python, math)
Arbitrary-precision correctly-rounded floating-point arithmetic, via MPFR.

py-shortuuid @1.0.13 (python, devel)
A generator library for concise, unambiguous and URL-safe UUIDs.

py310-bigfloat @0.4.0 (python, math)
Arbitrary-precision correctly-rounded floating-point arithmetic, via MPFR.

py310-shortuuid @1.0.13 (python, devel)
A generator library for concise, unambiguous and URL-safe UUIDs.

py311-bigfloat @0.4.0 (python, math)
Arbitrary-precision correctly-rounded floating-point arithmetic, via MPFR.

py311-shortuuid @1.0.13 (python, devel)
A generator library for concise, unambiguous and URL-safe UUIDs.

py312-bigfloat @0.4.0 (python, math)
Arbitrary-precision correctly-rounded floating-point arithmetic, via MPFR.

py312-shortuuid @1.0.13 (python, devel)
A generator library for concise, unambiguous and URL-safe UUIDs.

py313-bigfloat @0.4.0 (python, math)
Arbitrary-precision correctly-rounded floating-point arithmetic, via MPFR.

py313-shortuuid @1.0.13 (python, devel)
A generator library for concise, unambiguous and URL-safe UUIDs.

py314-bigfloat @0.4.0 (python, math)
Arbitrary-precision correctly-rounded floating-point arithmetic, via MPFR.

R-bigalgebra @1.1.2 (R, science, math)
BLAS/LAPACK routines for native R matrices and big.matrix objects

R-biganalytics @1.1.22_1 (R, science, math)
Utilities for big.matrix objects from R-bigmemory

R-bigassertr @0.1.6_2 (R, science, devel)
Assertion and message functions

R-bigBits @1.3 (R, science, math)
Perform Boolean operations on large numbers

R-bigD @0.3.0 (R, science)
Flexibly format dates and times to a given locale

R-bigergm @1.2.1 (R, science, math)
Hierarchical exponential-family models for big networks

R-bigGP @0.1.8_1 (R, science, math, parallel)
Distributed Gaussian process calculations

R-biglm @0.9-3 (R, science, math)
Bounded Memory Linear and Generalized Linear Models

R-bigmemory @4.6.4_1 (R, science, math)
Manage massive matrices with shared memory and memory-mapped files

R-bigmemory.sri @0.1.8_1 (R, science, devel)
Shared-resource interface for the bigmemory and synchronicity packages

R-bignum @0.3.2_1 (R, science, math)
Arbitrary-precision arithmetic for R

R-bigparallelr @0.3.2_2 (R, science, parallel)
Utility functions for easy parallelism in R

R-bigQueryR @0.5.0.9000 (R, science, www)
Interface with Google BigQuery

R-BigQuic @1.1-13_1 (R, science, math)
Big Quadratic Inverse Covariance estimation

R-bigreadr @0.2.5_2 (R, science, textproc)
Read large text files by splitting them in smaller files

R-bigrquery @1.5.1_1 (R, science, devel)
Interface to Google BigQuery API

R-bigsnpr @1.12.18 (R, science, math)
Analysis of massive SNP arrays

R-bigsparser @0.7.3 (R, science, math)
Sparse matrix format with data on disk

R-bigsplines @1.1-1_1 (R, science, math)
Smoothing splines for large samples

R-bigstatsr @1.6.1 (R, science, math)
Statistical tools for filebacked big matrices

R-bigstep @1.1.1_1 (R, science, math)
Stepwise selection for large data sets

R-bigtabulate @1.1.9_1 (R, science, math)
Table, apply and split functionality for Matrix and big.matrix objects

R-bigtime @0.2.3_1 (R, science, math)
Sparse estimation of large time series models

R-bigutilsr @0.3.4_2 (R, science)
Utility functions for large-scale data

R-bread @0.4.1_1 (R, science)
Analyze big files without loading them in memory

R-parallelpam @1.4.3 (R, science, math)
Parallel partitioning-around-medoids (PAM) for big sets of data

R-RcppBigIntAlgos @1.1.0_1 (R, science, math)
Factor big integers with the parallel quadratic sieve

rb-bigdecimal @3.1.8 (ruby, math)
Arbitrary-precision decimal floating-point number library

rb19-dotenv @0.9.0 (ruby, devel)
A scripting framework that replaces rake, sake and rubigen

rb19-thor @0.18.1 (ruby, devel)
A scripting framework that replaces rake, sake and rubigen

rb19-tins @0.13.0 (ruby, devel)
All the stuff that isn't good/big enough for a real library.

rb30-bigdecimal @3.1.8 (ruby, math)
Arbitrary-precision decimal floating-point number library

rb31-bigdecimal @3.1.8 (ruby, math)
Arbitrary-precision decimal floating-point number library

rb32-bigdecimal @3.1.8 (ruby, math)
Arbitrary-precision decimal floating-point number library

rb33-bigdecimal @3.1.8 (ruby, math)
Arbitrary-precision decimal floating-point number library

Found 110 ports.
