3proxy @0.9.4 (net)
tiny free proxy server

a2ps @4.15.8 (print)
an Any to PostScript filter.

ace @8.0.0 (devel)
ACE is an object-oriented framework that implements many core patterns for concurrent communication software.

advancescan @1.18 (archivers)
command line rom manager for many emulators

any @2024.05.01 (devel)
Implementation of std::experimental::any, including small object optimization, for C++11 compilers

aq @0.3.0 (textproc)
Extend jq for any data format

aspell-dict-nn @0.50.1-1 (textproc)
Norwegian Nynorsk dictionary for aspell

aspell-dict-ny @0.01-0 (textproc)
Chichewa dictionary for aspell

aspell-dict-rw @0.50-0 (textproc)
Kinyarwanda dictionary for aspell

atomvm @0.6.5 (erlang, devel)
Tiny Erlang VM

backward @0.1 (textproc, amusements)
command line tool that reverses lineorder of stdin or any given file(s)

bitkeeper @7.3.3_1 (devel)
BitKeeper is a fast, enterprise-ready, distributed SCM that scales up to very large projects and down to tiny ones.

blackbag @0.9.1_6 (net, security)
A miscelleny of network testing tools.

chrony @4.8 (sysutils, net)
A versatile implementation of the Network Time Protocol (NTP)

cl-anonfun @20111202 (lisp, devel)
Anonymous function helpers for Common Lisp

cl-anypool @20230917 (lisp, devel)
General-purpose connection pooling library for Common Lisp

cl-closer-mop @20241101 (lisp, devel)
Closer to MOP is a compatibility layer that rectifies many of the absent or incorrect CLOS MOP features

cl-documentation-utils @20230703 (lisp, devel)
A tiny logging library for Common Lisp

cl-trivial-arguments @20230703 (lisp, devel)
Tiny CL library to retrieve the arguments list of a function.

cl-trivial-mime @20230603 (lisp, devel)
Tiny Common Lisp library to detect mime types in files.

cl-trivial-open-browser @20160602 (lisp, devel)
Open the browser to a URL, on any system.

cl-vom @20160810 (lisp, devel)
A tiny logging library for Common Lisp

clusterit @2.5_1 (net)
Tools for running tasks on many machines

consul @1.22.2 (net)
Consul is a distributed service mesh to connect, secure, and configure services across any runtime platform and public or private cloud.

cpi @2.1.0 (lang, devel)
Cpi is a tiny interpreter for C++11, C++14 or C++17.

denyhosts @3.1.2_1 (security, sysutils)
DenyHosts is a utility to help sys admins thwart ssh hackers

DMFTtools @2.6.5 (science, fortran)
A collection of Fortran modules and routines to support quantum many-body calculations, with a strong focus on Dynamical Mean-Field Theory

dte @6.12 (editors)
text editor which uses many of the shortcuts used in MSDOS EDIT

editorconfig-checker @3.6.1 (devel)
A tool to verify that your files are in harmony with your .editorconfig

entt @3.16.0 (devel, games)
EnTT is a header-only, tiny and easy to use library for game programming and much more written in modern C++.

epiphany @3.36.4_6 (gnome, www)
A GNOME Web browser.

evince @3.36.7_4 (gnome, print)
Evince is a document viewer for multiple document formats like pdf, and many others.

ficl @4.1.0 (lang)
Ficl is an acronym for Forth Inspired Command Language

flash @2.7.1 (sysutils)
Command line script to flash SD card images of any kind

font-cronyx-cyrillic @1.0.3_1 (x11, x11-font, graphics)
X.org Cronyx Cyrillic font

font-screen-cyrillic @1.0.4_1 (x11, x11-font, graphics)
X.org Cronyx screen Cyrillic font

font-sony-misc @1.0.3_1 (x11, x11-font, graphics)
X.org Sony miscellaneous fonts

fontforge @20230101_1 (graphics, fonts)
Outline and bitmap font editor/converter for many formats

fortran-regex @1.1.2 (fortran, devel)
Fortran port of the tiny-regex-c library

geany @2.0 (devel)
A fast and lightweight GTK+ IDE

geany-plugins @2.0.0_1 (devel)
plugins to extend the geany IDE

gnome-weather @3.26.0_2 (gnome)
A small application that allows you to monitor the current weather conditions for your city, or anywhere in the world

go-bindata @4.0.2 (devel)
A small utility which generates Go code from any file. Useful for embedding binary data in a Go program.

gon @0.2.5 (security, devel, sysutils)
Sign, notarize, and package macOS CLI tools and applications written in any language.

haserl @0.8.0 (www, devel)
tiny CGI wrapper

hey @0.1.5 (www, net)
hey is a tiny program that sends some load to a web application.

hunspell-dict-nn_NO @2006-05-08 (textproc)
Norwegian Nynorsk (Norway) dictionary for hunspell

hunspell-dict-ny_MW @2005-01-08 (textproc)
Chichewa (Malawi) dictionary for hunspell

hunspell-dict-rw_RW @2005-01-08 (textproc)
Kinyarwanda (Rwanda) dictionary for hunspell

hydra @9.6 (security, net)
A very fast network logon cracker which support many services

i2pchat @0.2.37 (net, security, aqua)
Anonymous private secure open-source chat

i2pd @2.58.0 (security, net)
End-to-End encrypted and anonymous Internet

ImageMagick @6.9.13-21 (graphics, devel)
Tools and libraries to manipulate images in many formats

ImageMagick7 @7.1.2-13 (graphics, devel)
Tools and libraries to manipulate images in many formats

jenkins @2.528.3 (devel, java)
The leading open source automation server, Jenkins provides hundreds of plugins to support building, deploying and automating any project.

kbreakout @4.14.3_3 (kde, kde4, games)
The object of the game is to destroy as many bricks as possible without losing the ball.

kcharselect @4.14.3_3 (kde, kde4)
Select special characters from any font.

kde-l10n-nn @4.14.3 (kde, kde4)
KDE Norwegian Nynorsk language files.

kotlin-language-server @1.3.13 (devel, java)
Kotlin code completion, linting and more for any editor/IDE using the Language Server Protocol

lefthook @2.0.4 (devel)
Fast and powerful Git hooks manager for any type of projects.

lemmeknow @0.8.0 (textproc, security)
The fastest way to identify anything

libetonyek @0.1.2_3 (textproc)
Libetonyek is a library that parses the file format of Apple Keynote documents.

libhttpseverywhere @0.8.3_4 (www)
This library enables you to leverage the power of HTTPSEverywhere to any desktop-application.

libint @2.0.3 (science)
a library for the evaluation of molecular integrals of many-body operators over Gaussian functions

libmba @0.9.1 (devel)
A collection of C modules potentially useful to any project

libmwaw @0.3.21 (devel, textproc)
Library parsing many pre-OS X MAC text formats.

litecoin @0.16.3_11 (finance)
Litecoin is a P2P Internet currency that enables instant payments to anyone in the world.

magic_enum @0.9.7 (devel)
Header-only C++17 library provides static reflection for enums, work with any enum type without any macro or boilerplate code.

mednafen @1.32.1 (emulators, games)
Super-fast and super-compatible emulator for many video game systems

micromamba @1.5.8_1 (devel, sysutils)
a tiny version of the mamba package manager

micronucleus @2.6 (cross)
Micronucleus is a bootloader designed for AVR ATtiny microcontrollers

microplane @0.0.34 (devel)
A CLI tool to make git changes across many repos, especially useful with Microservices.

mixminion @0.0.7.1_1 (mail)
implementation of the Type III Anonymous Remailer protocol

mkcert @1.4.4 (security, devel)
A simple zero-config tool to make locally trusted development certificates with any names you'd like

moor @2.10.2 (textproc)
Moor is a pager. It's designed to just do the right thing without any configuration.

mtpfs @1.1_1 (sysutils)
read and write from any MTP device

mxml @4.0.4 (devel, textproc)
a tiny library for reading and writing XML data

nnn @5.1 (sysutils)
tiny, lightning fast, feature-packed file manager

nuweb @1.62 (devel, tex, textproc, print)
a literate programming system compatible with any language

nylon @1.21_3 (net, security)
A Unix SOCKS 4, 4a and 5 proxy server

nyxt @3.5.0 (www)
Extensible web browser in Common Lisp

ocaml-ppx_disable_unused_warnings @0.16.0_1 (ocaml, devel)
Extension that disables many OCaml compiler warnings

octave-velas @1.0.6_1 (octave, math, science)
VELAS is a user-friendly open-source toolbox for the visualization and analysis of elastic anisotropy written in GNU Octave that can be used for any crystal symmetry.

oftpd @0.3.7_2 (net)
Secure anonymous FTP server

oh-my-posh @29.0.2 (sysutils, shells)
A prompt theme engine for any shell.

openbabel @3.1.1_2 (science, devel, chemistry)
Open Babel is a chemical toolbox designed to speak the many languages of chemical data

openconnect @9.12 (net)
OpenConnect is a client for Cisco's AnyConnect SSL VPN

osmocore @1.3.0_1 (science, comms)
osmocore provides a set of C-language libraries that form the core infrastructure of many Osmocom Open Source Mobile Communications projects.

osmocore-devel @20200121-89c04288_1 (science, comms)
osmocore provides a set of C-language libraries that form the core infrastructure of many Osmocom Open Source Mobile Communications projects.

p5-any-moose @0.270.0 (perl)
Any::Moose - (DEPRECATED) use Moo instead!

p5-any-uri-escape @0.10.0 (perl)
Any::URI::Escape - Load URI::Escape::XS preferentially over URI::Escape

p5-anyevent @7.170.0 (perl)
AnyEvent - the DBI of event loop programming

p5-anyevent-aio @1.100.0 (perl)
AnyEvent::AIO - truly asynchronous file and directory I/O

p5-app-nopaste @1.13.0 (perl)
App::Nopaste - Easy access to any pastebin

p5-bytes-random-secure-tiny @1.11.0 (perl)
Bytes::Random::Secure::Tiny - A tiny Perl extension to generate cryptographically-secure random bytes.

p5-cam-pdf @1.600.0 (perl)
Reads and writes any document that conforms to PDF v1.4

p5-capture-tiny @0.500.0 (perl)
Capture::Tiny - Capture STDOUT and STDERR from Perl, XS or external programs

p5-class-tiny @1.8.0 (perl)
Minimalist class construction

p5-class-tiny-chained @0.4.0 (perl)
Class::Tiny::Chained - Minimalist class construction, with chained attributes

p5-clipboard @0.320.0 (perl)
Clipboard - Copy and paste with any OS

p5-config-any @0.330.0 (perl)
Load configuration from different file formats, transparently

p5-config-jfdi @0.65.0 (perl)
Config::JFDI - Just * Do it: A Catalyst::Plugin::ConfigLoader-style layer over Config::Any

p5-config-tiny @2.300.0 (perl)
Read/Write .ini style files with as little code as possible

p5-css-tiny @1.200.0 (perl)
CSS::Tiny - Read/Write .css files with as little code as possible

p5-curry @2.0.1 (perl)
curry - Create automatic curried method call closures for any class or object

p5-dbix-class-introspectablem2m @0.1.2 (perl)
DBIx::Class::IntrospectableM2M - Introspect many-to-many shortcuts

p5-devel-nytprof @6.140.0 (perl)
Powerful feature-rich perl source code profiler

p5-dist-zilla-plugin-modulebuildtiny @0.20.0 (perl)
Dist::Zilla::Plugin::ModuleBuildTiny - Build a Build.PL that uses Module::Build::Tiny

p5-dist-zilla-plugin-modulebuildtiny-fallback @0.27.0 (perl)
Dist::Zilla::Plugin::ModuleBuildTiny::Fallback - Generate a Build.PL that uses Module::Build::Tiny, falling back to Module::Build as needed

p5-dist-zilla-plugin-readmeanyfrompod @0.163.250 (perl)
Dist::Zilla::Plugin::ReadmeAnyFromPod - Automatically convert POD to a README in any format for Dist::Zilla

p5-exporter-tiny @1.6.3 (perl)
Exporter::Tiny - an exporter with the features of Sub::Exporter but only core dependencies

p5-file-flock-tiny @0.140.0 (perl)
File::Flock::Tiny - yet another flock package

p5-file-homedir @1.6.0 (perl)
Find your home and other directories, on any platform.

p5-file-sharedir-tiny @0.1.0 (perl)
File::ShareDir::Tiny - Locate per-dist and per-module shared files

p5-file-slurp-tiny @0.4.0 (perl)
File::Slurp::Tiny - A simple, sane and efficient file slurper (DISCOURAGED).

p5-html-tiny @1.80.0 (perl)
Lightweight, dependency free HTML/XML generation

p5-http-thin @0.6.0 (perl)
HTTP::Thin - A Thin Wrapper around HTTP::Tiny to play nice with HTTP::Message

p5-http-tiny @0.92.0 (perl)
A small, simple, correct HTTP/1.1 client

p5-http-tiny-mech @1.1.2 (perl)
HTTP::Tiny::Mech - Wrap a WWW::Mechanize instance in an HTTP::Tiny compatible interface.

p5-http-tiny-multipart @0.80.0 (perl)
HTTP::Tiny::Multipart - Add post_multipart to HTTP::Tiny

p5-io-multiplex @1.160.0 (perl)
Manage IO on many file handles

p5-io-prompt-tiny @0.3.0 (perl)
IO::Prompt::Tiny - Prompt for user input with a default option

p5-json-any @1.400.0 (perl)
Wrapper Class for the various JSON classes (DEPRECATED)

p5-lingua-ja-moji @0.600.0 (perl)
Lingua::JA::Moji - Handle many kinds of Japanese characters

p5-log-any @1.718.0 (perl)
Log::Any - Bringing loggers and listeners together

p5-log-any-adapter-callback @0.102.0 (perl)
Log::Any::Adapter::Callback - (DEPRECATED) Send Log::Any logs to a subroutine.

p5-log-any-adapter-tap @0.3.3 (perl)
Log::Any::Adapter::TAP - Logging adapter suitable for use in TAP testcases

p5-log-dispatch-configurator-any @1.122.640 (perl)
Log::Dispatch::Configurator::Any - Configurator implementation with Config::Any

p5-math-anynum @0.410.0 (perl)
Math::AnyNum - Arbitrary size precision for integers, rationals, floating-points and complex numbers.

p5-mce @1.902.0 (perl)
MCE - Many-Core Engine for Perl providing parallel processing capabilities

p5-metrics-any @0.100.0 (perl)
Metrics::Any - abstract collection of monitoring metrics

p5-module-build-tiny @0.52.0 (perl)
Module::Build::Tiny - A tiny replacement for Module::Build

p5-module-starter @1.820.0 (perl)
Module::Starter - a simple starter kit for any module

p5-moosex-setonce @0.203.0 (perl)
MooseX::SetOnce - write-once, read-many attributes for Moose

p5-moosex-traitfor-meta-class-betteranonclassnames @0.2.3 (perl)
MooseX::TraitFor::Meta::Class::BetterAnonClassNames - Metaclass trait to *attempt* to demystify generated anonymous class names

p5-moosex-types-path-tiny @0.12.0 (perl)
MooseX::Types::Path::Tiny - Path::Tiny types and coercions for Moose

p5-moox-typetiny @0.2.3 (perl)
MooX::TypeTiny - Optimized type checks for Moo + Type::Tiny

p5-object-id @0.1.2_1 (perl)
Object::ID - A unique identifier for any object

p5-object-tiny @1.90.0 (perl)
A data object with as little code as possible

p5-path-tiny @0.150.0_1 (perl)
Path::Tiny - File path utility

p5-poe @1.370.0 (perl)
Portable multitasking and networking framework for any event loop

p5-role-tiny @2.2.4 (perl)
Role::Tiny - Roles. Like a nouvelle cuisine portion size slice of Moose.

p5-shell-config-generate @0.340.0 (perl)
Shell::Config::Generate - Portably generate config for any shell

p5-specio-library-path-tiny @0.50.0 (perl)
Specio::Library::Path::Tiny - Path::Tiny types and coercions for Specio

p5-template-tiny @1.160.0 (perl)
Template::Tiny - Template Toolkit reimplemented in as little code as possible

p5-term-size-any @0.2.0 (perl)
Term::Size::Any - Retrieve terminal size

p5-test-metrics-any @0.10.0 (perl)
Test::Metrics::Any - assert that code produces metrics via Metrics::Any

p5-test-nowarnings @1.60.0 (perl)
Make sure you didn't emit any warnings while testing

p5-test-tempdir-tiny @0.18.0 (perl)
Test::TempDir::Tiny - Temporary directories that stick around when tests fail

p5-try-tiny @0.320.0 (perl)
Try::Tiny - minimal try/catch with proper preservation of $@

p5-type-tiny @2.10.1 (perl)
Type::Tiny - tiny, yet Moo(se)-compatible type constraint

p5-type-tiny-xs @0.25.0 (perl)
Type::Tiny::XS - provides an XS boost for some of Type::Tiny's built-in type constraints

p5-types-path-tiny @0.6.0 (perl)
Types::Path::Tiny - Path::Tiny types and coercions for Moose and Moo

p5-uuid-tiny @1.40.0 (perl)
UUID::Tiny - Pure Perl UUID Support With Functional Interface

p5-xml-tiny @2.70.0 (perl)
XML::Tiny is a simple lightweight parser for a subset of XML

p5-yaml-tiny @1.760.0 (perl)
YAML::Tiny - Read/Write YAML files with as little code as possible

p5.28-any-moose @0.270.0 (perl)
Any::Moose - (DEPRECATED) use Moo instead!

p5.28-any-uri-escape @0.10.0 (perl)
Any::URI::Escape - Load URI::Escape::XS preferentially over URI::Escape

p5.28-anyevent @7.170.0 (perl)
AnyEvent - the DBI of event loop programming

p5.28-anyevent-aio @1.100.0 (perl)
AnyEvent::AIO - truly asynchronous file and directory I/O

p5.28-app-nopaste @1.13.0 (perl)
App::Nopaste - Easy access to any pastebin

p5.28-bytes-random-secure-tiny @1.11.0 (perl)
Bytes::Random::Secure::Tiny - A tiny Perl extension to generate cryptographically-secure random bytes.

p5.28-cam-pdf @1.600.0 (perl)
Reads and writes any document that conforms to PDF v1.4

p5.28-capture-tiny @0.500.0 (perl)
Capture::Tiny - Capture STDOUT and STDERR from Perl, XS or external programs

p5.28-class-tiny @1.8.0 (perl)
Minimalist class construction

p5.28-class-tiny-chained @0.4.0 (perl)
Class::Tiny::Chained - Minimalist class construction, with chained attributes

p5.28-clipboard @0.320.0 (perl)
Clipboard - Copy and paste with any OS

p5.28-config-any @0.330.0 (perl)
Load configuration from different file formats, transparently

p5.28-config-jfdi @0.65.0 (perl)
Config::JFDI - Just * Do it: A Catalyst::Plugin::ConfigLoader-style layer over Config::Any

p5.28-config-tiny @2.300.0 (perl)
Read/Write .ini style files with as little code as possible

p5.28-css-tiny @1.200.0 (perl)
CSS::Tiny - Read/Write .css files with as little code as possible

p5.28-curry @2.0.1 (perl)
curry - Create automatic curried method call closures for any class or object

p5.28-dbix-class-introspectablem2m @0.1.2 (perl)
DBIx::Class::IntrospectableM2M - Introspect many-to-many shortcuts

p5.28-devel-nytprof @6.140.0 (perl)
Powerful feature-rich perl source code profiler

p5.28-dist-zilla-plugin-modulebuildtiny @0.20.0 (perl)
Dist::Zilla::Plugin::ModuleBuildTiny - Build a Build.PL that uses Module::Build::Tiny

p5.28-dist-zilla-plugin-modulebuildtiny-fallback @0.27.0 (perl)
Dist::Zilla::Plugin::ModuleBuildTiny::Fallback - Generate a Build.PL that uses Module::Build::Tiny, falling back to Module::Build as needed

p5.28-dist-zilla-plugin-readmeanyfrompod @0.163.250 (perl)
Dist::Zilla::Plugin::ReadmeAnyFromPod - Automatically convert POD to a README in any format for Dist::Zilla

p5.28-exporter-tiny @1.6.3 (perl)
Exporter::Tiny - an exporter with the features of Sub::Exporter but only core dependencies

p5.28-file-flock-tiny @0.140.0 (perl)
File::Flock::Tiny - yet another flock package

p5.28-file-homedir @1.6.0 (perl)
Find your home and other directories, on any platform.

p5.28-file-sharedir-tiny @0.1.0 (perl)
File::ShareDir::Tiny - Locate per-dist and per-module shared files

p5.28-file-slurp-tiny @0.4.0 (perl)
File::Slurp::Tiny - A simple, sane and efficient file slurper (DISCOURAGED).

p5.28-html-tiny @1.80.0 (perl)
Lightweight, dependency free HTML/XML generation

p5.28-http-thin @0.6.0 (perl)
HTTP::Thin - A Thin Wrapper around HTTP::Tiny to play nice with HTTP::Message

p5.28-http-tiny @0.92.0 (perl)
A small, simple, correct HTTP/1.1 client

p5.28-http-tiny-mech @1.1.2 (perl)
HTTP::Tiny::Mech - Wrap a WWW::Mechanize instance in an HTTP::Tiny compatible interface.

p5.28-http-tiny-multipart @0.80.0 (perl)
HTTP::Tiny::Multipart - Add post_multipart to HTTP::Tiny

p5.28-io-multiplex @1.160.0 (perl)
Manage IO on many file handles

p5.28-io-prompt-tiny @0.3.0 (perl)
IO::Prompt::Tiny - Prompt for user input with a default option

p5.28-json-any @1.400.0 (perl)
Wrapper Class for the various JSON classes (DEPRECATED)

p5.28-lingua-ja-moji @0.600.0 (perl)
Lingua::JA::Moji - Handle many kinds of Japanese characters

p5.28-log-any @1.718.0 (perl)
Log::Any - Bringing loggers and listeners together

p5.28-log-any-adapter-callback @0.102.0 (perl)
Log::Any::Adapter::Callback - (DEPRECATED) Send Log::Any logs to a subroutine.

p5.28-log-any-adapter-tap @0.3.3 (perl)
Log::Any::Adapter::TAP - Logging adapter suitable for use in TAP testcases

p5.28-log-dispatch-configurator-any @1.122.640 (perl)
Log::Dispatch::Configurator::Any - Configurator implementation with Config::Any

p5.28-math-anynum @0.410.0 (perl)
Math::AnyNum - Arbitrary size precision for integers, rationals, floating-points and complex numbers.

p5.28-mce @1.902.0 (perl)
MCE - Many-Core Engine for Perl providing parallel processing capabilities

p5.28-metrics-any @0.100.0 (perl)
Metrics::Any - abstract collection of monitoring metrics

p5.28-module-build-tiny @0.52.0 (perl)
Module::Build::Tiny - A tiny replacement for Module::Build

p5.28-module-starter @1.820.0 (perl)
Module::Starter - a simple starter kit for any module

p5.28-moosex-setonce @0.203.0 (perl)
MooseX::SetOnce - write-once, read-many attributes for Moose

p5.28-moosex-traitfor-meta-class-betteranonclassnames @0.2.3 (perl)
MooseX::TraitFor::Meta::Class::BetterAnonClassNames - Metaclass trait to *attempt* to demystify generated anonymous class names

p5.28-moosex-types-path-tiny @0.12.0 (perl)
MooseX::Types::Path::Tiny - Path::Tiny types and coercions for Moose

p5.28-moox-typetiny @0.2.3 (perl)
MooX::TypeTiny - Optimized type checks for Moo + Type::Tiny

p5.28-object-id @0.1.2_1 (perl)
Object::ID - A unique identifier for any object

p5.28-object-tiny @1.90.0 (perl)
A data object with as little code as possible

p5.28-path-tiny @0.150.0_1 (perl)
Path::Tiny - File path utility

p5.28-poe @1.370.0 (perl)
Portable multitasking and networking framework for any event loop

p5.28-role-tiny @2.2.4 (perl)
Role::Tiny - Roles. Like a nouvelle cuisine portion size slice of Moose.

p5.28-shell-config-generate @0.340.0 (perl)
Shell::Config::Generate - Portably generate config for any shell

p5.28-specio-library-path-tiny @0.50.0 (perl)
Specio::Library::Path::Tiny - Path::Tiny types and coercions for Specio

p5.28-template-tiny @1.160.0 (perl)
Template::Tiny - Template Toolkit reimplemented in as little code as possible

p5.28-term-size-any @0.2.0 (perl)
Term::Size::Any - Retrieve terminal size

p5.28-test-metrics-any @0.10.0 (perl)
Test::Metrics::Any - assert that code produces metrics via Metrics::Any

p5.28-test-nowarnings @1.60.0 (perl)
Make sure you didn't emit any warnings while testing

p5.28-test-tempdir-tiny @0.18.0 (perl)
Test::TempDir::Tiny - Temporary directories that stick around when tests fail

p5.28-try-tiny @0.320.0 (perl)
Try::Tiny - minimal try/catch with proper preservation of $@

p5.28-type-tiny @2.10.1 (perl)
Type::Tiny - tiny, yet Moo(se)-compatible type constraint

p5.28-type-tiny-xs @0.25.0 (perl)
Type::Tiny::XS - provides an XS boost for some of Type::Tiny's built-in type constraints

p5.28-types-path-tiny @0.6.0 (perl)
Types::Path::Tiny - Path::Tiny types and coercions for Moose and Moo

p5.28-uuid-tiny @1.40.0 (perl)
UUID::Tiny - Pure Perl UUID Support With Functional Interface

p5.28-xml-tiny @2.70.0 (perl)
XML::Tiny is a simple lightweight parser for a subset of XML

p5.28-yaml-tiny @1.760.0 (perl)
YAML::Tiny - Read/Write YAML files with as little code as possible

p5.30-any-moose @0.270.0 (perl)
Any::Moose - (DEPRECATED) use Moo instead!

p5.30-any-uri-escape @0.10.0 (perl)
Any::URI::Escape - Load URI::Escape::XS preferentially over URI::Escape

p5.30-anyevent @7.170.0 (perl)
AnyEvent - the DBI of event loop programming

p5.30-anyevent-aio @1.100.0 (perl)
AnyEvent::AIO - truly asynchronous file and directory I/O

p5.30-app-nopaste @1.13.0 (perl)
App::Nopaste - Easy access to any pastebin

p5.30-bytes-random-secure-tiny @1.11.0 (perl)
Bytes::Random::Secure::Tiny - A tiny Perl extension to generate cryptographically-secure random bytes.

p5.30-cam-pdf @1.600.0 (perl)
Reads and writes any document that conforms to PDF v1.4

p5.30-capture-tiny @0.500.0 (perl)
Capture::Tiny - Capture STDOUT and STDERR from Perl, XS or external programs

p5.30-class-tiny @1.8.0 (perl)
Minimalist class construction

p5.30-class-tiny-chained @0.4.0 (perl)
Class::Tiny::Chained - Minimalist class construction, with chained attributes

p5.30-clipboard @0.320.0 (perl)
Clipboard - Copy and paste with any OS

p5.30-config-any @0.330.0 (perl)
Load configuration from different file formats, transparently

p5.30-config-jfdi @0.65.0 (perl)
Config::JFDI - Just * Do it: A Catalyst::Plugin::ConfigLoader-style layer over Config::Any

p5.30-config-tiny @2.300.0 (perl)
Read/Write .ini style files with as little code as possible

p5.30-css-tiny @1.200.0 (perl)
CSS::Tiny - Read/Write .css files with as little code as possible

p5.30-curry @2.0.1 (perl)
curry - Create automatic curried method call closures for any class or object

p5.30-dbix-class-introspectablem2m @0.1.2 (perl)
DBIx::Class::IntrospectableM2M - Introspect many-to-many shortcuts

p5.30-devel-nytprof @6.140.0 (perl)
Powerful feature-rich perl source code profiler

p5.30-dist-zilla-plugin-modulebuildtiny @0.20.0 (perl)
Dist::Zilla::Plugin::ModuleBuildTiny - Build a Build.PL that uses Module::Build::Tiny

p5.30-dist-zilla-plugin-modulebuildtiny-fallback @0.27.0 (perl)
Dist::Zilla::Plugin::ModuleBuildTiny::Fallback - Generate a Build.PL that uses Module::Build::Tiny, falling back to Module::Build as needed

p5.30-dist-zilla-plugin-readmeanyfrompod @0.163.250 (perl)
Dist::Zilla::Plugin::ReadmeAnyFromPod - Automatically convert POD to a README in any format for Dist::Zilla

p5.30-exporter-tiny @1.6.3 (perl)
Exporter::Tiny - an exporter with the features of Sub::Exporter but only core dependencies

p5.30-file-flock-tiny @0.140.0 (perl)
File::Flock::Tiny - yet another flock package

p5.30-file-homedir @1.6.0 (perl)
Find your home and other directories, on any platform.

p5.30-file-sharedir-tiny @0.1.0 (perl)
File::ShareDir::Tiny - Locate per-dist and per-module shared files

p5.30-file-slurp-tiny @0.4.0 (perl)
File::Slurp::Tiny - A simple, sane and efficient file slurper (DISCOURAGED).

p5.30-html-tiny @1.80.0 (perl)
Lightweight, dependency free HTML/XML generation

p5.30-http-thin @0.6.0 (perl)
HTTP::Thin - A Thin Wrapper around HTTP::Tiny to play nice with HTTP::Message

p5.30-http-tiny @0.92.0 (perl)
A small, simple, correct HTTP/1.1 client

p5.30-http-tiny-mech @1.1.2 (perl)
HTTP::Tiny::Mech - Wrap a WWW::Mechanize instance in an HTTP::Tiny compatible interface.

p5.30-http-tiny-multipart @0.80.0 (perl)
HTTP::Tiny::Multipart - Add post_multipart to HTTP::Tiny

p5.30-io-multiplex @1.160.0 (perl)
Manage IO on many file handles

p5.30-io-prompt-tiny @0.3.0 (perl)
IO::Prompt::Tiny - Prompt for user input with a default option

p5.30-json-any @1.400.0 (perl)
Wrapper Class for the various JSON classes (DEPRECATED)

p5.30-lingua-ja-moji @0.600.0 (perl)
Lingua::JA::Moji - Handle many kinds of Japanese characters

p5.30-log-any @1.718.0 (perl)
Log::Any - Bringing loggers and listeners together

p5.30-log-any-adapter-callback @0.102.0 (perl)
Log::Any::Adapter::Callback - (DEPRECATED) Send Log::Any logs to a subroutine.

p5.30-log-any-adapter-tap @0.3.3 (perl)
Log::Any::Adapter::TAP - Logging adapter suitable for use in TAP testcases

p5.30-log-dispatch-configurator-any @1.122.640 (perl)
Log::Dispatch::Configurator::Any - Configurator implementation with Config::Any

p5.30-math-anynum @0.410.0 (perl)
Math::AnyNum - Arbitrary size precision for integers, rationals, floating-points and complex numbers.

p5.30-mce @1.902.0 (perl)
MCE - Many-Core Engine for Perl providing parallel processing capabilities

p5.30-metrics-any @0.100.0 (perl)
Metrics::Any - abstract collection of monitoring metrics

p5.30-module-build-tiny @0.52.0 (perl)
Module::Build::Tiny - A tiny replacement for Module::Build

p5.30-module-starter @1.820.0 (perl)
Module::Starter - a simple starter kit for any module

p5.30-moosex-setonce @0.203.0 (perl)
MooseX::SetOnce - write-once, read-many attributes for Moose

p5.30-moosex-traitfor-meta-class-betteranonclassnames @0.2.3 (perl)
MooseX::TraitFor::Meta::Class::BetterAnonClassNames - Metaclass trait to *attempt* to demystify generated anonymous class names

p5.30-moosex-types-path-tiny @0.12.0 (perl)
MooseX::Types::Path::Tiny - Path::Tiny types and coercions for Moose

p5.30-moox-typetiny @0.2.3 (perl)
MooX::TypeTiny - Optimized type checks for Moo + Type::Tiny

p5.30-object-id @0.1.2_1 (perl)
Object::ID - A unique identifier for any object

p5.30-object-tiny @1.90.0 (perl)
A data object with as little code as possible

p5.30-path-tiny @0.150.0_1 (perl)
Path::Tiny - File path utility

p5.30-poe @1.370.0 (perl)
Portable multitasking and networking framework for any event loop

p5.30-role-tiny @2.2.4 (perl)
Role::Tiny - Roles. Like a nouvelle cuisine portion size slice of Moose.

p5.30-shell-config-generate @0.340.0 (perl)
Shell::Config::Generate - Portably generate config for any shell

p5.30-specio-library-path-tiny @0.50.0 (perl)
Specio::Library::Path::Tiny - Path::Tiny types and coercions for Specio

p5.30-template-tiny @1.160.0 (perl)
Template::Tiny - Template Toolkit reimplemented in as little code as possible

p5.30-term-size-any @0.2.0 (perl)
Term::Size::Any - Retrieve terminal size

p5.30-test-metrics-any @0.10.0 (perl)
Test::Metrics::Any - assert that code produces metrics via Metrics::Any

p5.30-test-nowarnings @1.60.0 (perl)
Make sure you didn't emit any warnings while testing

p5.30-test-tempdir-tiny @0.18.0 (perl)
Test::TempDir::Tiny - Temporary directories that stick around when tests fail

p5.30-try-tiny @0.320.0 (perl)
Try::Tiny - minimal try/catch with proper preservation of $@

p5.30-type-tiny @2.10.1 (perl)
Type::Tiny - tiny, yet Moo(se)-compatible type constraint

p5.30-type-tiny-xs @0.25.0 (perl)
Type::Tiny::XS - provides an XS boost for some of Type::Tiny's built-in type constraints

p5.30-types-path-tiny @0.6.0 (perl)
Types::Path::Tiny - Path::Tiny types and coercions for Moose and Moo

p5.30-uuid-tiny @1.40.0 (perl)
UUID::Tiny - Pure Perl UUID Support With Functional Interface

p5.30-xml-tiny @2.70.0 (perl)
XML::Tiny is a simple lightweight parser for a subset of XML

p5.30-yaml-tiny @1.760.0 (perl)
YAML::Tiny - Read/Write YAML files with as little code as possible

p5.32-any-moose @0.270.0 (perl)
Any::Moose - (DEPRECATED) use Moo instead!

p5.32-any-uri-escape @0.10.0 (perl)
Any::URI::Escape - Load URI::Escape::XS preferentially over URI::Escape

p5.32-anyevent @7.170.0 (perl)
AnyEvent - the DBI of event loop programming

p5.32-anyevent-aio @1.100.0 (perl)
AnyEvent::AIO - truly asynchronous file and directory I/O

p5.32-app-nopaste @1.13.0 (perl)
App::Nopaste - Easy access to any pastebin

p5.32-bytes-random-secure-tiny @1.11.0 (perl)
Bytes::Random::Secure::Tiny - A tiny Perl extension to generate cryptographically-secure random bytes.

p5.32-cam-pdf @1.600.0 (perl)
Reads and writes any document that conforms to PDF v1.4

p5.32-capture-tiny @0.500.0 (perl)
Capture::Tiny - Capture STDOUT and STDERR from Perl, XS or external programs

p5.32-class-tiny @1.8.0 (perl)
Minimalist class construction

p5.32-class-tiny-chained @0.4.0 (perl)
Class::Tiny::Chained - Minimalist class construction, with chained attributes

p5.32-clipboard @0.320.0 (perl)
Clipboard - Copy and paste with any OS

p5.32-config-any @0.330.0 (perl)
Load configuration from different file formats, transparently

p5.32-config-jfdi @0.65.0 (perl)
Config::JFDI - Just * Do it: A Catalyst::Plugin::ConfigLoader-style layer over Config::Any

p5.32-config-tiny @2.300.0 (perl)
Read/Write .ini style files with as little code as possible

p5.32-css-tiny @1.200.0 (perl)
CSS::Tiny - Read/Write .css files with as little code as possible

p5.32-curry @2.0.1 (perl)
curry - Create automatic curried method call closures for any class or object

p5.32-dbix-class-introspectablem2m @0.1.2 (perl)
DBIx::Class::IntrospectableM2M - Introspect many-to-many shortcuts

p5.32-devel-nytprof @6.140.0 (perl)
Powerful feature-rich perl source code profiler

p5.32-dist-zilla-plugin-modulebuildtiny @0.20.0 (perl)
Dist::Zilla::Plugin::ModuleBuildTiny - Build a Build.PL that uses Module::Build::Tiny

p5.32-dist-zilla-plugin-modulebuildtiny-fallback @0.27.0 (perl)
Dist::Zilla::Plugin::ModuleBuildTiny::Fallback - Generate a Build.PL that uses Module::Build::Tiny, falling back to Module::Build as needed

p5.32-dist-zilla-plugin-readmeanyfrompod @0.163.250 (perl)
Dist::Zilla::Plugin::ReadmeAnyFromPod - Automatically convert POD to a README in any format for Dist::Zilla

p5.32-exporter-tiny @1.6.3 (perl)
Exporter::Tiny - an exporter with the features of Sub::Exporter but only core dependencies

p5.32-file-flock-tiny @0.140.0 (perl)
File::Flock::Tiny - yet another flock package

p5.32-file-homedir @1.6.0 (perl)
Find your home and other directories, on any platform.

p5.32-file-sharedir-tiny @0.1.0 (perl)
File::ShareDir::Tiny - Locate per-dist and per-module shared files

p5.32-file-slurp-tiny @0.4.0 (perl)
File::Slurp::Tiny - A simple, sane and efficient file slurper (DISCOURAGED).

p5.32-html-tiny @1.80.0 (perl)
Lightweight, dependency free HTML/XML generation

p5.32-http-thin @0.6.0 (perl)
HTTP::Thin - A Thin Wrapper around HTTP::Tiny to play nice with HTTP::Message

p5.32-http-tiny @0.92.0 (perl)
A small, simple, correct HTTP/1.1 client

p5.32-http-tiny-mech @1.1.2 (perl)
HTTP::Tiny::Mech - Wrap a WWW::Mechanize instance in an HTTP::Tiny compatible interface.

p5.32-http-tiny-multipart @0.80.0 (perl)
HTTP::Tiny::Multipart - Add post_multipart to HTTP::Tiny

p5.32-io-multiplex @1.160.0 (perl)
Manage IO on many file handles

p5.32-io-prompt-tiny @0.3.0 (perl)
IO::Prompt::Tiny - Prompt for user input with a default option

p5.32-json-any @1.400.0 (perl)
Wrapper Class for the various JSON classes (DEPRECATED)

p5.32-lingua-ja-moji @0.600.0 (perl)
Lingua::JA::Moji - Handle many kinds of Japanese characters

p5.32-log-any @1.718.0 (perl)
Log::Any - Bringing loggers and listeners together

p5.32-log-any-adapter-callback @0.102.0 (perl)
Log::Any::Adapter::Callback - (DEPRECATED) Send Log::Any logs to a subroutine.

p5.32-log-any-adapter-tap @0.3.3 (perl)
Log::Any::Adapter::TAP - Logging adapter suitable for use in TAP testcases

p5.32-log-dispatch-configurator-any @1.122.640 (perl)
Log::Dispatch::Configurator::Any - Configurator implementation with Config::Any

p5.32-math-anynum @0.410.0 (perl)
Math::AnyNum - Arbitrary size precision for integers, rationals, floating-points and complex numbers.

p5.32-mce @1.902.0 (perl)
MCE - Many-Core Engine for Perl providing parallel processing capabilities

p5.32-metrics-any @0.100.0 (perl)
Metrics::Any - abstract collection of monitoring metrics

p5.32-module-build-tiny @0.52.0 (perl)
Module::Build::Tiny - A tiny replacement for Module::Build

p5.32-module-starter @1.820.0 (perl)
Module::Starter - a simple starter kit for any module

p5.32-moosex-setonce @0.203.0 (perl)
MooseX::SetOnce - write-once, read-many attributes for Moose

p5.32-moosex-traitfor-meta-class-betteranonclassnames @0.2.3 (perl)
MooseX::TraitFor::Meta::Class::BetterAnonClassNames - Metaclass trait to *attempt* to demystify generated anonymous class names

p5.32-moosex-types-path-tiny @0.12.0 (perl)
MooseX::Types::Path::Tiny - Path::Tiny types and coercions for Moose

p5.32-moox-typetiny @0.2.3 (perl)
MooX::TypeTiny - Optimized type checks for Moo + Type::Tiny

p5.32-object-id @0.1.2_1 (perl)
Object::ID - A unique identifier for any object

p5.32-object-tiny @1.90.0 (perl)
A data object with as little code as possible

p5.32-path-tiny @0.150.0_1 (perl)
Path::Tiny - File path utility

p5.32-poe @1.370.0 (perl)
Portable multitasking and networking framework for any event loop

p5.32-role-tiny @2.2.4 (perl)
Role::Tiny - Roles. Like a nouvelle cuisine portion size slice of Moose.

p5.32-shell-config-generate @0.340.0 (perl)
Shell::Config::Generate - Portably generate config for any shell

p5.32-specio-library-path-tiny @0.50.0 (perl)
Specio::Library::Path::Tiny - Path::Tiny types and coercions for Specio

p5.32-template-tiny @1.160.0 (perl)
Template::Tiny - Template Toolkit reimplemented in as little code as possible

p5.32-term-size-any @0.2.0 (perl)
Term::Size::Any - Retrieve terminal size

p5.32-test-metrics-any @0.10.0 (perl)
Test::Metrics::Any - assert that code produces metrics via Metrics::Any

p5.32-test-nowarnings @1.60.0 (perl)
Make sure you didn't emit any warnings while testing

p5.32-test-tempdir-tiny @0.18.0 (perl)
Test::TempDir::Tiny - Temporary directories that stick around when tests fail

p5.32-try-tiny @0.320.0 (perl)
Try::Tiny - minimal try/catch with proper preservation of $@

p5.32-type-tiny @2.10.1 (perl)
Type::Tiny - tiny, yet Moo(se)-compatible type constraint

p5.32-type-tiny-xs @0.25.0 (perl)
Type::Tiny::XS - provides an XS boost for some of Type::Tiny's built-in type constraints

p5.32-types-path-tiny @0.6.0 (perl)
Types::Path::Tiny - Path::Tiny types and coercions for Moose and Moo

p5.32-uuid-tiny @1.40.0 (perl)
UUID::Tiny - Pure Perl UUID Support With Functional Interface

p5.32-xml-tiny @2.70.0 (perl)
XML::Tiny is a simple lightweight parser for a subset of XML

p5.32-yaml-tiny @1.760.0 (perl)
YAML::Tiny - Read/Write YAML files with as little code as possible

p5.34-any-moose @0.270.0 (perl)
Any::Moose - (DEPRECATED) use Moo instead!

p5.34-any-uri-escape @0.10.0 (perl)
Any::URI::Escape - Load URI::Escape::XS preferentially over URI::Escape

p5.34-anyevent @7.170.0 (perl)
AnyEvent - the DBI of event loop programming

p5.34-anyevent-aio @1.100.0 (perl)
AnyEvent::AIO - truly asynchronous file and directory I/O

p5.34-app-nopaste @1.13.0 (perl)
App::Nopaste - Easy access to any pastebin

p5.34-bytes-random-secure-tiny @1.11.0 (perl)
Bytes::Random::Secure::Tiny - A tiny Perl extension to generate cryptographically-secure random bytes.

p5.34-cam-pdf @1.600.0 (perl)
Reads and writes any document that conforms to PDF v1.4

p5.34-capture-tiny @0.500.0 (perl)
Capture::Tiny - Capture STDOUT and STDERR from Perl, XS or external programs

p5.34-class-tiny @1.8.0 (perl)
Minimalist class construction

p5.34-class-tiny-chained @0.4.0 (perl)
Class::Tiny::Chained - Minimalist class construction, with chained attributes

p5.34-clipboard @0.320.0 (perl)
Clipboard - Copy and paste with any OS

p5.34-config-any @0.330.0 (perl)
Load configuration from different file formats, transparently

p5.34-config-jfdi @0.65.0 (perl)
Config::JFDI - Just * Do it: A Catalyst::Plugin::ConfigLoader-style layer over Config::Any

p5.34-config-tiny @2.300.0 (perl)
Read/Write .ini style files with as little code as possible

p5.34-css-tiny @1.200.0 (perl)
CSS::Tiny - Read/Write .css files with as little code as possible

p5.34-curry @2.0.1 (perl)
curry - Create automatic curried method call closures for any class or object

p5.34-dbix-class-introspectablem2m @0.1.2 (perl)
DBIx::Class::IntrospectableM2M - Introspect many-to-many shortcuts

p5.34-devel-nytprof @6.140.0 (perl)
Powerful feature-rich perl source code profiler

p5.34-dist-zilla-plugin-modulebuildtiny @0.20.0 (perl)
Dist::Zilla::Plugin::ModuleBuildTiny - Build a Build.PL that uses Module::Build::Tiny

p5.34-dist-zilla-plugin-modulebuildtiny-fallback @0.27.0 (perl)
Dist::Zilla::Plugin::ModuleBuildTiny::Fallback - Generate a Build.PL that uses Module::Build::Tiny, falling back to Module::Build as needed

p5.34-dist-zilla-plugin-readmeanyfrompod @0.163.250 (perl)
Dist::Zilla::Plugin::ReadmeAnyFromPod - Automatically convert POD to a README in any format for Dist::Zilla

p5.34-exporter-tiny @1.6.3 (perl)
Exporter::Tiny - an exporter with the features of Sub::Exporter but only core dependencies

p5.34-file-flock-tiny @0.140.0 (perl)
File::Flock::Tiny - yet another flock package

p5.34-file-homedir @1.6.0 (perl)
Find your home and other directories, on any platform.

p5.34-file-sharedir-tiny @0.1.0 (perl)
File::ShareDir::Tiny - Locate per-dist and per-module shared files

p5.34-file-slurp-tiny @0.4.0 (perl)
File::Slurp::Tiny - A simple, sane and efficient file slurper (DISCOURAGED).

p5.34-html-tiny @1.80.0 (perl)
Lightweight, dependency free HTML/XML generation

p5.34-http-thin @0.6.0 (perl)
HTTP::Thin - A Thin Wrapper around HTTP::Tiny to play nice with HTTP::Message

p5.34-http-tiny @0.92.0 (perl)
A small, simple, correct HTTP/1.1 client

p5.34-http-tiny-mech @1.1.2 (perl)
HTTP::Tiny::Mech - Wrap a WWW::Mechanize instance in an HTTP::Tiny compatible interface.

p5.34-http-tiny-multipart @0.80.0 (perl)
HTTP::Tiny::Multipart - Add post_multipart to HTTP::Tiny

p5.34-io-multiplex @1.160.0 (perl)
Manage IO on many file handles

p5.34-io-prompt-tiny @0.3.0 (perl)
IO::Prompt::Tiny - Prompt for user input with a default option

p5.34-json-any @1.400.0 (perl)
Wrapper Class for the various JSON classes (DEPRECATED)

p5.34-lingua-ja-moji @0.600.0 (perl)
Lingua::JA::Moji - Handle many kinds of Japanese characters

p5.34-log-any @1.718.0 (perl)
Log::Any - Bringing loggers and listeners together

p5.34-log-any-adapter-callback @0.102.0 (perl)
Log::Any::Adapter::Callback - (DEPRECATED) Send Log::Any logs to a subroutine.

p5.34-log-any-adapter-tap @0.3.3 (perl)
Log::Any::Adapter::TAP - Logging adapter suitable for use in TAP testcases

p5.34-log-dispatch-configurator-any @1.122.640 (perl)
Log::Dispatch::Configurator::Any - Configurator implementation with Config::Any

p5.34-math-anynum @0.410.0 (perl)
Math::AnyNum - Arbitrary size precision for integers, rationals, floating-points and complex numbers.

p5.34-mce @1.902.0 (perl)
MCE - Many-Core Engine for Perl providing parallel processing capabilities

p5.34-metrics-any @0.100.0 (perl)
Metrics::Any - abstract collection of monitoring metrics

p5.34-module-build-tiny @0.52.0 (perl)
Module::Build::Tiny - A tiny replacement for Module::Build

p5.34-module-starter @1.820.0 (perl)
Module::Starter - a simple starter kit for any module

p5.34-moosex-setonce @0.203.0 (perl)
MooseX::SetOnce - write-once, read-many attributes for Moose

p5.34-moosex-traitfor-meta-class-betteranonclassnames @0.2.3 (perl)
MooseX::TraitFor::Meta::Class::BetterAnonClassNames - Metaclass trait to *attempt* to demystify generated anonymous class names

p5.34-moosex-types-path-tiny @0.12.0 (perl)
MooseX::Types::Path::Tiny - Path::Tiny types and coercions for Moose

p5.34-moox-typetiny @0.2.3 (perl)
MooX::TypeTiny - Optimized type checks for Moo + Type::Tiny

p5.34-object-id @0.1.2_1 (perl)
Object::ID - A unique identifier for any object

p5.34-object-tiny @1.90.0 (perl)
A data object with as little code as possible

p5.34-path-tiny @0.150.0_1 (perl)
Path::Tiny - File path utility

p5.34-poe @1.370.0 (perl)
Portable multitasking and networking framework for any event loop

p5.34-role-tiny @2.2.4 (perl)
Role::Tiny - Roles. Like a nouvelle cuisine portion size slice of Moose.

p5.34-shell-config-generate @0.340.0 (perl)
Shell::Config::Generate - Portably generate config for any shell

p5.34-specio-library-path-tiny @0.50.0 (perl)
Specio::Library::Path::Tiny - Path::Tiny types and coercions for Specio

p5.34-template-tiny @1.160.0 (perl)
Template::Tiny - Template Toolkit reimplemented in as little code as possible

p5.34-term-size-any @0.2.0 (perl)
Term::Size::Any - Retrieve terminal size

p5.34-test-metrics-any @0.10.0 (perl)
Test::Metrics::Any - assert that code produces metrics via Metrics::Any

p5.34-test-nowarnings @1.60.0 (perl)
Make sure you didn't emit any warnings while testing

p5.34-test-tempdir-tiny @0.18.0 (perl)
Test::TempDir::Tiny - Temporary directories that stick around when tests fail

p5.34-try-tiny @0.320.0 (perl)
Try::Tiny - minimal try/catch with proper preservation of $@

p5.34-type-tiny @2.10.1 (perl)
Type::Tiny - tiny, yet Moo(se)-compatible type constraint

p5.34-type-tiny-xs @0.25.0 (perl)
Type::Tiny::XS - provides an XS boost for some of Type::Tiny's built-in type constraints

p5.34-types-path-tiny @0.6.0 (perl)
Types::Path::Tiny - Path::Tiny types and coercions for Moose and Moo

p5.34-uuid-tiny @1.40.0 (perl)
UUID::Tiny - Pure Perl UUID Support With Functional Interface

p5.34-xml-tiny @2.70.0 (perl)
XML::Tiny is a simple lightweight parser for a subset of XML

p5.34-yaml-tiny @1.760.0 (perl)
YAML::Tiny - Read/Write YAML files with as little code as possible

pick @4.0.0 (devel)
Command-line tool to fuzzy select anything

postgresql10 @10.19_2 (databases)
The most advanced open-source database available anywhere.

postgresql11 @11.14_7 (databases)
The most advanced open-source database available anywhere.

postgresql12 @12.22_2 (databases)
The most advanced open-source database available anywhere.

postgresql13 @13.23 (databases)
The most advanced open-source database available anywhere.

postgresql14 @14.20 (databases)
The most advanced open-source database available anywhere.

postgresql15 @15.15 (databases)
The most advanced open-source database available anywhere.

postgresql16 @16.11 (databases)
The most advanced open-source database available anywhere.

postgresql17 @17.7 (databases)
The most advanced open-source database available anywhere.

postgresql18 @18.1 (databases)
The most advanced open-source database available anywhere.

postgresql82 @8.2.23_6 (databases)
The most advanced open-source database available anywhere

postgresql83 @8.3.23_6 (databases)
The most advanced open-source database available anywhere.

postgresql84 @8.4.22_8 (databases)
The most advanced open-source database available anywhere.

postgresql90 @9.0.23_11 (databases)
The most advanced open-source database available anywhere.

postgresql91 @9.1.24_9 (databases)
The most advanced open-source database available anywhere.

postgresql92 @9.2.24_7 (databases)
The most advanced open-source database available anywhere.

postgresql93 @9.3.25_6 (databases)
The most advanced open-source database available anywhere.

postgresql94 @9.4.26_3 (databases)
The most advanced open-source database available anywhere.

postgresql95 @9.5.25_3 (databases)
The most advanced open-source database available anywhere.

postgresql96 @9.6.24_2 (databases)
The most advanced open-source database available anywhere.

prest @1.5.5 (devel, databases)
pREST (PostgreSQL REST) is REST API for any Postgres database.

pts-tiny-7z-sfx @9.22+pts8 (archivers)
size-optimized tiny .7z extractor and SFX

pulumi @3.216.0 (sysutils, net)
Pulumi - Modern Infrastructure as Code. Any cloud, any language.

py-analytics-python @1.4.0 (python, devel, math)
Integrate analytics into any python application.

py-anyio @4.12.0 (python, devel)
AnyIO is a asynchronous compatibility API

py-anyjson @0.3.3_1 (python, www)
Wrap the best available JSON implementation in a common API

py-anytree @2.13.0 (python, devel)
Python tree data library

py-filetype @1.2.0 (python)
Infer file type and MIME type of any file/buffer

py-gcn @1.1.3 (python, science)
anonymous VOEvent client for receiving GCN/TAN notices in XML format

py-google-api @2.41.0 (python, www, devel)
client library for accessing the Plus, Moderator, and many other Google APIs

py-iplib @1.2.1 (python, net)
convert amongst many different IPv4 notations

py-jsonpickle @4.1.1 (python, textproc)
Python library for serializing any arbitrary object graph into JSON.

py-jupyter_packaging @0.12.3 (python, devel)
Utilities for making Python packages with and without accompanying JavaScript packages.

py-molmod @1.4.8 (python, chemistry)
Python library with many components that are useful to write molecular modeling programs

py-nanobind @2.11.0 (python, devel)
nanobind: tiny and efficient C++/Python bindings

py-nibabel @5.3.2 (python)
Access a cacophony of neuro-imaging file formats

py-parameterized @0.9.0 (python)
Parameterized testing with any Python test framework

py-pickleshare @0.7.5 (python, devel, science)
Tiny 'shelve'-like database with concurrency support.

py-repoze.lru @0.7 (python, devel)
A tiny LRU cache implementation and decorator.

py-tinycss @0.4 (python, graphics)
CSS parser for Python

py-tinycss2 @1.5.1 (python, graphics)
tinycss2 is a low-level CSS parser and generator written in Python

py-tinydb @4.8.2 (python, devel)
TinyDB is a tiny, document oriented database

py27-iplib @1.2.1 (python, net)
convert amongst many different IPv4 notations

py39-anyio @4.12.0 (python, devel)
AnyIO is a asynchronous compatibility API

py39-google-api @2.41.0 (python, www, devel)
client library for accessing the Plus, Moderator, and many other Google APIs

py39-molmod @1.4.8 (python, chemistry)
Python library with many components that are useful to write molecular modeling programs

py39-parameterized @0.9.0 (python)
Parameterized testing with any Python test framework

py39-repoze.lru @0.7 (python, devel)
A tiny LRU cache implementation and decorator.

py39-tinycss @0.4 (python, graphics)
CSS parser for Python

py39-tinycss2 @1.4.0 (python, graphics)
tinycss2 is a low-level CSS parser and generator written in Python

py310-analytics-python @1.4.0 (python, devel, math)
Integrate analytics into any python application.

py310-anyio @4.12.0 (python, devel)
AnyIO is a asynchronous compatibility API

py310-anyjson @0.3.3_1 (python, www)
Wrap the best available JSON implementation in a common API

py310-anytree @2.13.0 (python, devel)
Python tree data library

py310-filetype @1.2.0 (python)
Infer file type and MIME type of any file/buffer

py310-google-api @2.41.0 (python, www, devel)
client library for accessing the Plus, Moderator, and many other Google APIs

py310-jsonpickle @4.1.1 (python, textproc)
Python library for serializing any arbitrary object graph into JSON.

py310-jupyter_packaging @0.12.3 (python, devel)
Utilities for making Python packages with and without accompanying JavaScript packages.

py310-nanobind @2.11.0 (python, devel)
nanobind: tiny and efficient C++/Python bindings

py310-parameterized @0.9.0 (python)
Parameterized testing with any Python test framework

py310-pickleshare @0.7.5 (python, devel, science)
Tiny 'shelve'-like database with concurrency support.

py310-tinycss2 @1.5.1 (python, graphics)
tinycss2 is a low-level CSS parser and generator written in Python

py310-tinydb @4.8.2 (python, devel)
TinyDB is a tiny, document oriented database

py311-anyio @4.12.0 (python, devel)
AnyIO is a asynchronous compatibility API

py311-anytree @2.13.0 (python, devel)
Python tree data library

py311-filetype @1.2.0 (python)
Infer file type and MIME type of any file/buffer

py311-google-api @2.41.0 (python, www, devel)
client library for accessing the Plus, Moderator, and many other Google APIs

py311-jsonpickle @4.1.1 (python, textproc)
Python library for serializing any arbitrary object graph into JSON.

py311-jupyter_packaging @0.12.3 (python, devel)
Utilities for making Python packages with and without accompanying JavaScript packages.

py311-nanobind @2.11.0 (python, devel)
nanobind: tiny and efficient C++/Python bindings

py311-parameterized @0.9.0 (python)
Parameterized testing with any Python test framework

py311-pickleshare @0.7.5 (python, devel, science)
Tiny 'shelve'-like database with concurrency support.

py311-tinycss2 @1.5.1 (python, graphics)
tinycss2 is a low-level CSS parser and generator written in Python

py311-tinydb @4.8.2 (python, devel)
TinyDB is a tiny, document oriented database

py312-anyio @4.12.0 (python, devel)
AnyIO is a asynchronous compatibility API

py312-anytree @2.13.0 (python, devel)
Python tree data library

py312-filetype @1.2.0 (python)
Infer file type and MIME type of any file/buffer

py312-gcn @1.1.3 (python, science)
anonymous VOEvent client for receiving GCN/TAN notices in XML format

py312-google-api @2.41.0 (python, www, devel)
client library for accessing the Plus, Moderator, and many other Google APIs

py312-jsonpickle @4.1.1 (python, textproc)
Python library for serializing any arbitrary object graph into JSON.

py312-jupyter_packaging @0.12.3 (python, devel)
Utilities for making Python packages with and without accompanying JavaScript packages.

py312-nanobind @2.11.0 (python, devel)
nanobind: tiny and efficient C++/Python bindings

py312-nibabel @5.3.2 (python)
Access a cacophony of neuro-imaging file formats

py312-parameterized @0.9.0 (python)
Parameterized testing with any Python test framework

py312-pickleshare @0.7.5 (python, devel, science)
Tiny 'shelve'-like database with concurrency support.

py312-tinycss2 @1.5.1 (python, graphics)
tinycss2 is a low-level CSS parser and generator written in Python

py312-tinydb @4.8.2 (python, devel)
TinyDB is a tiny, document oriented database

py313-anyio @4.12.0 (python, devel)
AnyIO is a asynchronous compatibility API

py313-anytree @2.13.0 (python, devel)
Python tree data library

py313-filetype @1.2.0 (python)
Infer file type and MIME type of any file/buffer

py313-google-api @2.41.0 (python, www, devel)
client library for accessing the Plus, Moderator, and many other Google APIs

py313-jsonpickle @4.1.1 (python, textproc)
Python library for serializing any arbitrary object graph into JSON.

py313-jupyter_packaging @0.12.3 (python, devel)
Utilities for making Python packages with and without accompanying JavaScript packages.

py313-nanobind @2.11.0 (python, devel)
nanobind: tiny and efficient C++/Python bindings

py313-parameterized @0.9.0 (python)
Parameterized testing with any Python test framework

py313-pickleshare @0.7.5 (python, devel, science)
Tiny 'shelve'-like database with concurrency support.

py313-tinycss2 @1.5.1 (python, graphics)
tinycss2 is a low-level CSS parser and generator written in Python

py313-tinydb @4.8.2 (python, devel)
TinyDB is a tiny, document oriented database

py314-anyio @4.12.0 (python, devel)
AnyIO is a asynchronous compatibility API

py314-filetype @1.2.0 (python)
Infer file type and MIME type of any file/buffer

py314-jsonpickle @4.1.1 (python, textproc)
Python library for serializing any arbitrary object graph into JSON.

py314-jupyter_packaging @0.12.3 (python, devel)
Utilities for making Python packages with and without accompanying JavaScript packages.

py314-nanobind @2.11.0 (python, devel)
nanobind: tiny and efficient C++/Python bindings

py314-parameterized @0.9.0 (python)
Parameterized testing with any Python test framework

py314-pickleshare @0.7.5 (python, devel, science)
Tiny 'shelve'-like database with concurrency support.

py314-tinycss2 @1.5.1 (python, graphics)
tinycss2 is a low-level CSS parser and generator written in Python

py314-tinydb @4.8.2 (python, devel)
TinyDB is a tiny, document oriented database

quill @0.5.1 (security, sysutils)
Simple macOS binary signing from any platform

R-acopula @0.9.4_1 (R, science, math)
Model dependence with multivariate archimax (or any user-defined continuous) copulas

R-alr4 @1.0.6_2 (R, science)
Data to accompany Applied Linear Regression, 4th Edition

R-anyLib @1.0.5_1 (R, science)
Install and load any package from CRAN, Bioconductor or Github

R-anytime @0.3.10 (R, science)
Anything to POSIXct or Date Converter

R-BayesX @0.3-3_1 (R, science, math)
R utilities accompanying the software package BayesX

R-beepr @2.0 (R, science, sysutils)
Easily play notification sounds on any platform

R-BiocGenerics @0.50.0 (R, science, bioconductor)
The package defines many S4 generic functions

R-bs4Dash @2.3.4 (R, science)
Bootstrap 4 version of R-shinydashboard

R-CARBayesdata @3.0_1 (R, science)
Data used in the vignettes accompanying the CARBayes and CARBayesST packages

R-colourpicker @1.3.0_1 (R, science)
Color picker tool for Shiny and for selecting colors in plots.

R-copBasic @2.2.4_1 (R, science, math)
General bivariate copula theory and many utility functions

R-dashboardthemes @1.1.6_2 (R, science)
Customise the appearance of shinydashboard applications using themes

R-Factoshiny @2.6_1 (R, science)
Perform factorial analysis from R-FactoMineR with an R-shiny application

R-fitConic @1.2.1_1 (R, science, math)
Fit data to any conic section

R-fresh @0.2.1 (R, science)
Create custom bootstrap themes to use in R-shiny

R-gfonts @0.2.0_2 (R, science)
Offline Google fonts for Markdown and Shiny

R-GLMpack @0.1.0_1 (R, science)
Data and code to accompany Generalized Linear Models (2nd ed.)

R-golem @0.5.1 (R, science, devel)
Framework for robust Shiny applications

R-harmony @1.2.3 (R, science, biology)
Fast, sensitive and accurate integration of single cell data

R-ICSShiny @0.5_1 (R, science)
ICS via a Shiny application

R-interactiveDisplayBase @1.42.0 (R, science, bioconductor)
Base package for enabling powerful Shiny web displays of Bioconductor objects

R-jmatrix @1.5.2 (R, science)
Read from/write to disk matrices with any data type in a binary format

R-lmomco @2.5.1 (R, science, math)
L-moments, censored l-moments, trimmed l-moments, l-comoments and many distributions

R-manymome @0.2.5 (R, science, math)
Mediation, moderation and moderated mediation after model fitting

R-manynet @1.3.2 (R, science, math)
Many ways to make, manipulate and map myriad networks

R-miniUI @0.1.1.1_2 (R, science)
Shiny UI widgets for small screens

R-mmand @1.6.3_1 (R, science, math)
Mathematical Morphology in Any Number of Dimensions

R-nycflights13 @1.0.2_2 (R, science)
Flights departed from NYC in 2013

R-PDShiny @0.1.0_1 (R, science, math)
Probability Distribution Shiny

R-Polychrome @1.5.1_1 (R, science)
Qualitative palettes with many colors

R-ProbBayes @1.1_1 (R, science)
Functions and datasets to accompany Probability and Bayesian Modeling (2019)

R-psychTools @2.4.3_1 (R, science)
Tools to accompany the R-psych package for psychological research

R-QuadRoot @0.2.1_1 (R, science, math)
Quadratic root for any quadratic equation

R-RankAggSIgFUR @1.0.0_1 (R, science, math)
Polynomially bounded rank aggregation under Kemeny’s axiomatic approach

R-rbooster @1.1.0_1 (R, science)
AdaBoost framework for any classifier

R-rclipboard @0.2.1_1 (R, science)
Shiny/R Wrapper for clipboard.js

R-reactlog @1.1.1_2 (R, science)
Reactivity visualizer for shiny

R-rsconnect @1.3.3 (R, science, devel)
Deployment interface for R-rmarkdown documents and R-shiny applications

R-RTransferEntropy @0.2.21_1 (R, science, math)
Measuring information flow between time series with Shannon and Renyi transfer entropy

R-semantic.assets @1.1.0_1 (R, science)
Assets for R-shiny.semantic

R-shiny @1.10.0 (R, science)
Web application framework for R

R-shiny.i18n @0.3.0_1 (R, science)
Shiny applications internationalization

R-shiny.semantic @0.5.1_1 (R, science)
Semantic UI support for Shiny

R-shinyAce @0.4.2_2 (R, science)
Ace editor bindings for Shiny

R-shinyalert @3.1.0 (R, science)
Easily create pretty pop-up messages (modals)

R-shinyauthr @1.0.0_2 (R, science)
Shiny authentication modules

R-shinyBS @0.61.1_2 (R, science)
Twitter bootstrap components for Shiny

R-shinybusy @0.3.3_1 (R, science, devel)
Minimal busy indicator for Shiny apps

R-shinycssloaders @1.1.0 (R, science)
Loading animations for Shiny output

R-shinydashboard @0.7.2_2 (R, science)
Create dashboards with shiny

R-shinydashboardPlus @2.0.5 (R, science)
Add more AdminLTE2 components to R-shinydashboard

R-shinydisconnect @0.1.1_1 (R, science)
Show a nice message when a shiny app disconnects or errs

R-shinyEffects @0.2.0 (R, science)
Customize your web-apps with fancy effects

R-shinyFiles @0.9.3_1 (R, science)
Server-side file system viewer for R-shiny

R-shinyjqui @0.4.1_1 (R, science)
jQuery UI interactions and effects for R-shiny

R-shinyjs @2.1.0_2 (R, science)
Easily improve the user experience of your shiny apps in seconds

R-shinylight @1.2_1 (R, science, www)
Web interface to R functions

R-shinyMatrix @0.8.0_1 (R, science)
Shiny matrix input field

R-shinymeta @0.2.0.3_2 (R, science)
Export domain logic from Shiny using meta-programming

R-shinyr @0.3.0_1 (R, science)
Data insights through Shiny

R-shinySelect @1.3.0_2 (R, science)
Wrapper of the react-select library

R-shinystan @2.6.0_2 (R, science, math)
Interactive visual and numerical diagnostics and posterior analysis for Bayesian models.

R-shinytest @1.6.1 (R, science, devel)
Automated testing for Shiny apps

R-shinythemes @1.2.0_2 (R, science)
Themes for Shiny

R-shinyvalidate @0.1.3_1 (R, science)
Input validation for R-shiny apps

R-shinyWidgets @0.8.7 (R, science, devel)
Custom inputs widgets for Shiny

R-snakecase @0.11.1_1 (R, science, textproc)
Convert strings into any case

R-tinylabels @0.2.4 (R, science)
Light-weight variable labels

R-tinysnapshot @0.0.6 (R, science, devel)
Snapshots for unit tests using the R-tinytest framework

R-tinytable @0.6.1 (R, science)
Simple and configurable tables

R-tinytest @1.4.1_2 (R, science, devel)
Lightweight and feature-complete unit testing framework

R-tinytex @0.54 (R, science, tex)
Helper functions to install and maintain TeX Live, and compile LaTeX documents

R-tinythemes @0.0.2_1 (R, science, graphics)
Lightweight repackaging of themes for R-ggplot2

R-waiter @0.2.5_1 (R, science)
Loading screen for Shiny

R-xopen @1.0.1 (R, science, devel)
Open system files, URLs, anything

rust-script @0.36.0 (lang, devel)
Run Rust files and expressions as scripts without any setup or compilation step.

semgrep @0.14.0 (devel)
Fast and syntax-aware semantic code pattern search for many languages: like grep but for code.

sharutils @4.15.2 (archivers)
Makes so-called shell archives out of many files

shmux @1.0.3 (sysutils)
utility for executing the command on many hosts in parallel

slony1 @2.2.5 (databases)
A replication system for PostgreSQL

smithy @0.3.0 (devel)
A tiny git forge written in Go

SoapyRemote @0.5.2_1 (science)
Soapy SDR module for use any Soapy SDR remotely

SourceKittenDaemon @0.1.5 (devel)
Swift Auto Completions for any Text Editor

spandsp-devel @0.0.6pre21_1 (comms, devel, net)
library of DSP functions for telephony

spotify-dl @8.8.2 (multimedia, python)
Downloads songs from any Spotify playlist, album or track.

starship @1.24.2 (sysutils)
a minimal, blazing fast, and extremely customizable prompt for any shell

sword-book-pilgrim @1.0 (textproc)
The Pilgrim's Progress by John Bunyan (1628-1688)

symfony-cli @5.16.1 (devel)
The Symfony CLI tool

tesseract-tir @4.1.0 (textproc, graphics, pdf)
Tigrinya language data for the Tesseract OCR engine

testssl @3.2.2 (security)
Test TLS/SSL encryption anywhere on any port

tinyca2 @0.7.5_10 (security, net)
GUI Certificate Authority tool.

tinycdb @0.78 (databases, devel)
a very fast and simple package for creating and reading cdb

TinyEXIF @1.0.3_1 (graphics)
tiny ISO-compliant C++ EXIF and XMP parsing library for JPEG

tinygltf @2.9.7 (graphics, devel)
Header only C++11 tiny glTF 2.0 library

tinyobjloader @1.0.7 (devel, graphics, games)
Tiny but powerful single file wavefront obj loader

tinyobjloader-devel @2.0.0rc13 (devel, graphics, games)
Tiny but powerful single file wavefront obj loader

tinyows @1.2.1_1 (gis)
TinyOWS is a small footprint WFS server

tinyproxy @1.11.2_1 (net, www)
fast, lightweight HTTP proxy

TinySVM @0.09_1 (math)
Support Vector Machines (SVMs)

tinyxml @2.6.2_3 (textproc)
Simple, small, C++ XML parser

tinyxml2 @11.0.0 (textproc)
Simple, small, C++ XML parser

tnylpo @1.1.7 (emulators)
Utility to run CP/M-80 programs under Unix/Linux

tor @0.4.8.17 (security, net)
anonymizing overlay network for TCP

tor-devel @0.4.8.13 (security, net)
anonymizing overlay network for TCP

tweeny @3.2.0 (devel, graphics)
A C++ tweening library

upt @0.12_5 (sysutils, python)
Package software from any package manager to any distribution

uvw @3.0.0_2 (devel)
Header-only, event based, tiny and easy to use libuv wrapper in modern C++

uvw-headers @3.2.0_1 (devel)
Header-only, event based, tiny and easy to use libuv wrapper in modern C++

uvw-static @3.2.0_1 (devel)
Header-only, event based, tiny and easy to use libuv wrapper in modern C++

uvw2 @2.12.1 (devel)
Header-only, event based, tiny and easy to use libuv wrapper in modern C++

vim @9.1.1887 (editors)
Vi "workalike" with many additional features

vim2html @1.46 (textproc)
vim2html converts any Vim-editable file into well-formed HTML

vipsdisp @3.1.0 (graphics)
Tiny libvips/gtk+4 image viewer

viskores @1.1.0 (graphics, science, devel)
A visualization library for many-threaded devices

waypoint @0.11.4 (devel)
A tool to build, deploy, and release any application on any platform

weatherme @2.5 (science)
Find out the weather for any city from your terminal

websocketd @0.4.1_1 (net, devel)
Turn any program that uses STDIN/STDOUT into a WebSocket server. Like inetd, but for WebSockets.

wtf @20230126 (games)
translates common Internet acronyms

wtf-x @0.1 (aqua)
A Mac OS X program to translate common Internet acronyms

xorg-font-util @1.3.2 (x11, graphics)
X.org font utilities bdftruncate and ucs2any

xpa @2.1.19 (science)
The XPA messaging system provides seamless communication between many kinds of Unix programs, including X programs and Tcl/Tk programs.

Found 653 ports.
