asmfmt @1.3.2 (devel)
Go Assembler Formatter

asmotor @1.3.4 (devel)
A cross assembler, linker and librarian for several CPUs.

cargo-asm @0.1.13 (devel)
cargo subcommand showing the assembly or llvm-ir generated for Rust code

flasm @1.64 (devel, graphics)
Flash command-line assembler and disassembler

goocanvasmm @0.15.4_3 (gnome, devel)
C++ wrappers for goocanvas

goocanvasmm2 @1.90.11_2 (gnome, devel)
C++ wrappers for goocanvas2

libgnomecanvasmm @2.26.0_4 (gnome)
libgnomecanvasmm provides C++ wrappers for libgnomecanvas

libhsplasma @0.0-20111023_5 (devel)
library for reading Plasma game engine files

nasm @3.01 (lang)
NASM, the Netwide Assembler, is an 80x86 and x86-64 assembler

objectweb-asm @2.1 (java, devel)
Java bytecode manipulation framework.

ocaml-wasm @2.0.0 (ocaml, devel)
OCaml Web Assembly library

p5-moosex-markasmethods @0.150.0 (perl)
MooseX::MarkAsMethods - Mark overload code symbols as methods

p5-role-hasmessage @0.7.0 (perl)
Role::HasMessage - a thing with a message method

p5.28-moosex-markasmethods @0.150.0 (perl)
MooseX::MarkAsMethods - Mark overload code symbols as methods

p5.28-role-hasmessage @0.7.0 (perl)
Role::HasMessage - a thing with a message method

p5.30-moosex-markasmethods @0.150.0 (perl)
MooseX::MarkAsMethods - Mark overload code symbols as methods

p5.30-role-hasmessage @0.7.0 (perl)
Role::HasMessage - a thing with a message method

p5.32-moosex-markasmethods @0.150.0 (perl)
MooseX::MarkAsMethods - Mark overload code symbols as methods

p5.32-role-hasmessage @0.7.0 (perl)
Role::HasMessage - a thing with a message method

p5.34-moosex-markasmethods @0.150.0 (perl)
MooseX::MarkAsMethods - Mark overload code symbols as methods

p5.34-role-hasmessage @0.7.0 (perl)
Role::HasMessage - a thing with a message method

PCLauncher @0.0.3-75358 (games)
launcher for PlasmaClient

PlasmaClient @0.0.4a-434_7 (games)
open-source Plasma engine

PlasmaShop @3.0-158 (devel)
tool for inspecting and manipulating Plasma game files

R-gasmodel @0.6.0_1 (R, science, math)
Generalized autoregressive score models

R-multibiasmeta @0.2.2_1 (R, science)
Sensitivity analysis for multiple biases in meta-analyses

R-SASmixed @1.0-4_1 (R, science)
SAS System for Mixed Models

radare2 @6.0.8 (devel)
Opensource tools to disasm, debug, analyze and manipulate binary files.

rasmol @2.7.4.2 (science, graphics, chemistry)
Molecular graphics visualisation tool

resource_dasm @2023.03.15 (devel)
Tools for reverse-engineering classic Mac OS applications and games.

syncthingtray @0.10.3 (net)
Tray application and Dolphin/Plasma integration for Syncthing.

tesseract-asm @4.1.0 (textproc, graphics, pdf)
Assamese language data for the Tesseract OCR engine

TkPasMan @2.2b (x11, security)
Manager for usernames and passwords

tpasm @1.5 (devel)
A cross assembler for a variety of common microprocessors

wasm-pack @0.14.0 (devel, lang)
your favorite Rust -> WASM workflow tool!

wasm3 @0.5.0 (lang, devel)
A fast WebAssembly interpreter, and the most universal WASM runtime

wasmedge @0.14.1 (devel)
WasmEdge is a lightweight, high-performance, and extensible WebAssembly runtime.

wasmer @6.0.0 (lang, devel)
The leading WebAssembly Runtime supporting WASI and Emscripten

wasmtime @41.0.2 (devel)
Standalone JIT-style runtime for WebAssembly, using Cranelift

yasm @1.3.0 (lang)
yasm - a modular bsd reimplementation of NASM

Found 40 ports.
