docbook-sgml-4.2 @4.2_1 (textproc)
Version 4.2 of the DocBook SGML DTDs

docbook-xml-4.1.2 @5.0_1 (textproc)
Version 4.1.2 of the DocBook XML DTDs

docbook-xml-4.2 @5.0_1 (textproc)
Version 4.2 of the DocBook XML DTDs

docbook-xml-4.3 @5.0_1 (textproc)
Version 4.3 of the DocBook XML DTDs

docbook-xml-4.4 @5.0_1 (textproc)
Version 4.4 of the DocBook XML DTDs

docbook-xml-4.5 @5.0_1 (textproc)
Version 4.5 of the DocBook XML DTDs

docbook-xml-5.0 @5.0_1 (textproc)
Version 5.0 of the DocBook XML DTDs

html @4.01 (textproc, www)
All W3C published SGML DTDs for HTML

linuxdoc @1.1 (textproc)
Linuxdoc SGML DTD

openEMS @20240312-1ccf0942_3 (science)
openEMS is a free and open-source electromagnetic field solver using the EC-FDTD method

sgml-common @0.6.3_1 (textproc)
A collection of entities and DTDs common to multiple packages.

Found 11 ports.
