bibledit @4.8_2 (textproc)
A USFM text editor for Bible translators using Linux and Mac OS X.

bibletime @3.0 (textproc)
Bible study tool

brs @4.03_1 (textproc)
An interactive King James Bible

macsword @1.4.3 (aqua, textproc)
Aqua application based on the Sword project for Bible reading

sword @1.9.0_6 (textproc)
cross-platform API/library for Bible software

sword-bible-akjv @1.4 (textproc)
American King James Version

sword-bible-asv @1.3 (textproc)
American Standard Version (1901), includes footnotes

sword-bible-darby @1.1 (textproc)
Darby Bible (1889)

sword-bible-kjv @2.3 (textproc)
King James Version (1769) with Strongs Numbers and Morphology

sword-bible-web @3.1 (textproc)
World English Bible, includes footnotes

sword-commentary-jfb @2.2_2 (textproc)
Jamieson Fausset Brown Bible Commentary

sword-dictionary-nave @1.1_2 (textproc)
Nave's Topical Bible

sword-dictionary-strongsgreek @1.2_2 (textproc)
Strong's Greek Bible Dictionary

sword-dictionary-strongshebrew @1.2_2 (textproc)
Strong's Hebrew Bible Dictionary

Found 14 ports.
