cmconvert @v1.9.6_1 (textproc)
Converts GPX files with GPS coordinates into into CacheMate PDB files

dgpsip @1.35 (comms)
Differential GPS over IP communication device

gnss-sdr @0.0.19_1 (science)
An Open Source Global Navigation Satellite Systems (GNSS) (for example: GPS, Galileo, Glonass, Beidou, etc) Software Defined Radio (SDR) Receiver

gnss-sdr-devel @20240126-ec180d85_1 (science)
An Open Source Global Navigation Satellite Systems (GNSS) (for example: GPS, Galileo, Glonass, Beidou, etc) Software Defined Radio (SDR) Receiver

gpsbabel @1.7.0_1 (textproc, comms)
GPSBabel converts/uploads GPS waypoints, tracks, and routes

gpsbabel-app @1.7.0_1 (textproc, comms)
GPSBabel converts/uploads GPS waypoints, tracks, and routes

gpscorrelate @2.0 (gis, graphics)
GPS Photo Correlation

gpsd @3.27.3 (net)
GPS service daemon

gpsim @0.29.0 (devel)
A software simulator for Microchip PIC microcontrollers

GPXLab @0.7.0_1 (gis)
Program to show and manipulate GPS tracks

GPXSee @15.10 (gis, graphics)
GPS log file viewer and analyzer

openpgpsdk @0.9_5 (security, devel)
OpenPGP library SDK

osm-gps-map @1.2.0_1 (graphics)
A GTK+ 3 widget for displaying OpenStreetMap tiles.

osm-gps-map-gtk2 @0.7.3_1 (graphics)
A GTK+ 2 widget for displaying OpenStreetMap tiles.

p5-gps @0.170.0 (perl)
Perl interface to GPS receivers using Garmin or NMEA protocols

p5.28-gps @0.170.0 (perl)
Perl interface to GPS receivers using Garmin or NMEA protocols

p5.30-gps @0.170.0 (perl)
Perl interface to GPS receivers using Garmin or NMEA protocols

p5.32-gps @0.170.0 (perl)
Perl interface to GPS receivers using Garmin or NMEA protocols

p5.34-gps @0.170.0 (perl)
Perl interface to GPS receivers using Garmin or NMEA protocols

py-gpsoauth @1.0.4 (python, devel)
Python client library for Google Play Services OAuth.

py-gpstime @0.8.2 (python)
GPS-aware datetime module with leap-second fetching

py-gpxpy @1.6.2 (python, devel)
GPX file parser and GPS track manipulation library

py-ligotimegps @2.0.1 (python, science)
A pure-python version of lal.LIGOTimeGPS

py27-osmgpsmap @0.7.3_4 (python, graphics)
Python interfaces for osm-gps-map

py310-gpsoauth @1.0.4 (python, devel)
Python client library for Google Play Services OAuth.

py310-gpxpy @1.6.2 (python, devel)
GPX file parser and GPS track manipulation library

py311-gpsoauth @1.0.4 (python, devel)
Python client library for Google Play Services OAuth.

py311-gpxpy @1.6.2 (python, devel)
GPX file parser and GPS track manipulation library

py312-gpsoauth @1.0.4 (python, devel)
Python client library for Google Play Services OAuth.

py312-gpstime @0.8.2 (python)
GPS-aware datetime module with leap-second fetching

py312-gpxpy @1.6.2 (python, devel)
GPX file parser and GPS track manipulation library

py312-ligotimegps @2.0.1 (python, science)
A pure-python version of lal.LIGOTimeGPS

qlandkarte @0.7.3_7 (gis)
Use your Garmin GPS with Linux/Mac OS X

qlandkartegt @1.8.1-macports-20200922_13 (gis)
Use your Garmin GPS with Linux/Mac OS X

R-gps @1.2_1 (R, science, math)
General P-splines are non-uniform B-splines penalized by a general difference penalty

rgm3800 @1 (comms, aqua, python)
A GUI for the rgm3800py Script to access Royaltek RGM-3800 and compatible GPS datalogger

rgm3800py @25 (comms, python)
Access Royaltek RGM-3800 and compatible GPS datalogger

viking @1.11 (science)
GTK3 GPS Program

Found 38 ports.
