bitcoin @28.1 (finance, crypto)
server daemon and client user interface for a peer-to-peer digital currency

cl-bordeaux-threads @0.9.4 (lisp, devel)
Portable shared-state concurrency for Common Lisp

cl-eager-future @0.4 (lisp, devel)
Eager Future is a Common Lisp library that provides composable concurrency primitives

cl-eager-future2 @0.2 (lisp, devel)
Eager Future2 is a Common Lisp library that provides composable concurrency primitives

dispenso @1.3.0 (devel, parallel)
dispenso provides high-performance concurrency, enabling highly parallel computation.

iso-codes @4.7.0 (devel)
ISO country, language and currency codes and translations

libck @0.7.2 (devel)
A concurrency primitives, safe memory reclamation mechanisms C library

litecoin @0.16.3_11 (finance)
Litecoin is a P2P Internet currency that enables instant payments to anyone in the world.

pika @0.30.1 (devel, parallel)
C++ library for concurrency and parallelism

py-country @24.6.1 (python)
ISO country, subdivision, language, currency and script definitions and their translations

py-pickleshare @0.7.5 (python, devel, science)
Tiny 'shelve'-like database with concurrency support.

py-trio @0.31.0 (python, devel)
Friendly Python library for async concurrency and I/O

py39-trio @0.31.0 (python, devel)
Friendly Python library for async concurrency and I/O

py310-country @24.6.1 (python)
ISO country, subdivision, language, currency and script definitions and their translations

py310-pickleshare @0.7.5 (python, devel, science)
Tiny 'shelve'-like database with concurrency support.

py310-trio @0.31.0 (python, devel)
Friendly Python library for async concurrency and I/O

py311-country @24.6.1 (python)
ISO country, subdivision, language, currency and script definitions and their translations

py311-pickleshare @0.7.5 (python, devel, science)
Tiny 'shelve'-like database with concurrency support.

py311-trio @0.31.0 (python, devel)
Friendly Python library for async concurrency and I/O

py312-country @24.6.1 (python)
ISO country, subdivision, language, currency and script definitions and their translations

py312-pickleshare @0.7.5 (python, devel, science)
Tiny 'shelve'-like database with concurrency support.

py312-trio @0.31.0 (python, devel)
Friendly Python library for async concurrency and I/O

py313-country @24.6.1 (python)
ISO country, subdivision, language, currency and script definitions and their translations

py313-pickleshare @0.7.5 (python, devel, science)
Tiny 'shelve'-like database with concurrency support.

py313-trio @0.31.0 (python, devel)
Friendly Python library for async concurrency and I/O

py314-country @24.6.1 (python)
ISO country, subdivision, language, currency and script definitions and their translations

py314-pickleshare @0.7.5 (python, devel, science)
Tiny 'shelve'-like database with concurrency support.

py314-trio @0.31.0 (python, devel)
Friendly Python library for async concurrency and I/O

rb-concurrent-ruby @1.3.4 (ruby, devel)
Modern concurrency tools

rb30-concurrent-ruby @1.3.4 (ruby, devel)
Modern concurrency tools

rb31-concurrent-ruby @1.3.4 (ruby, devel)
Modern concurrency tools

rb32-concurrent-ruby @1.3.4 (ruby, devel)
Modern concurrency tools

rb33-concurrent-ruby @1.3.4 (ruby, devel)
Modern concurrency tools

Found 33 ports.
