altermime @0.3.11 (mail)
integrated email manipulation utility

chemical-mime-data @0.1.94_2 (science, chemistry)
data files to support various chemical MIME types

cl-mimeparse @20210428 (lisp, devel)
Library for parsing MIME types, in the spirit of mimeparse, with a Common Lisp flavor.

cl-trivial-mime @20230603 (lisp, devel)
Tiny Common Lisp library to detect mime types in files.

firemime @0.9.4 (textproc)
callback-based interface for parsing MIME-encoded messages

gmime @2.6.23_4 (mail)
GMime is a C/C++ library for parsing and creating messages using the Multipurpose Internet Mail Extension (MIME). This is GMime-2.6 which installs in parallel with GMime-3.0 (port gmime3).

gmime3 @3.2.7_3 (mail)
GMime is a C/C++ library for parsing and creating messages using the Multipurpose Internet Mail Extension (MIME). This is GMime-3.0 which installs in parallel with GMime-2.6 (port gmime).

gnome-mime-data @2.18.0_3 (gnome)
This module contains the base MIME and Application database for GNOME.

libvmime @0.9.2_3 (mail, devel)
library for dealing with RFC-822, 2822, MIME messages

mime @1.1_1 (textproc)
library for decoding mime messages

mimetic @0.9.8 (devel)
Email library (MIME) written in C++

mpack @1.6_1 (mail)
mime mail packing and unpacking

p5-crypt-smime @0.310.0 (perl)
Crypt::SMIME - S/MIME message signing, verification, encryption and decryption

p5-email-mime @1.954.0 (perl)
Email::MIME - easy MIME message handling

p5-email-mime-contenttype @1.28.0 (perl)
Parse a MIME Content-Type Header

p5-email-mime-encodings @1.317.0 (perl)
A unified interface to MIME encoding and decoding

p5-file-mimeinfo @0.360.0 (perl)
File::MimeInfo - Determine file type from the file name

p5-mime-base32 @1.303.0 (perl)
base32 encoder/decoder

p5-mime-base64 @3.160.0 (perl)
base64 encoder/decoder

p5-mime-charset @1.013.1 (perl)
Charset Information for MIME

p5-mime-encwords @1.015.0 (perl)
Deal with RFC 2047 encoded words

p5-mime-lite @3.35.0 (perl)
MIME::Lite - low-calorie MIME generator

p5-mime-lite-html @1.240.0 (perl)
MIME::Lite::HTML - Provide routine to transform a HTML page in a MIME-Lite mail

p5-mime-mini @1.2.0 (perl)
MIME::Mini - Minimal code to parse/create mbox files and mail messages

p5-mime-tools @5.515.0 (perl)
MIME-tools - modules for parsing (and creating!) MIME entities

p5-mime-types @2.300.0 (perl)
MIME::Types - Definition of MIME types

p5-parse-mime @1.6.0 (perl)
Parse::MIME - Parse mime-types, match against media ranges

p5.28-crypt-smime @0.310.0 (perl)
Crypt::SMIME - S/MIME message signing, verification, encryption and decryption

p5.28-email-mime @1.954.0 (perl)
Email::MIME - easy MIME message handling

p5.28-email-mime-contenttype @1.28.0 (perl)
Parse a MIME Content-Type Header

p5.28-email-mime-encodings @1.317.0 (perl)
A unified interface to MIME encoding and decoding

p5.28-file-mimeinfo @0.360.0 (perl)
File::MimeInfo - Determine file type from the file name

p5.28-mime-base32 @1.303.0 (perl)
base32 encoder/decoder

p5.28-mime-base64 @3.160.0 (perl)
base64 encoder/decoder

p5.28-mime-charset @1.013.1 (perl)
Charset Information for MIME

p5.28-mime-encwords @1.015.0 (perl)
Deal with RFC 2047 encoded words

p5.28-mime-lite @3.35.0 (perl)
MIME::Lite - low-calorie MIME generator

p5.28-mime-lite-html @1.240.0 (perl)
MIME::Lite::HTML - Provide routine to transform a HTML page in a MIME-Lite mail

p5.28-mime-mini @1.2.0 (perl)
MIME::Mini - Minimal code to parse/create mbox files and mail messages

p5.28-mime-tools @5.515.0 (perl)
MIME-tools - modules for parsing (and creating!) MIME entities

p5.28-mime-types @2.300.0 (perl)
MIME::Types - Definition of MIME types

p5.28-parse-mime @1.6.0 (perl)
Parse::MIME - Parse mime-types, match against media ranges

p5.30-crypt-smime @0.310.0 (perl)
Crypt::SMIME - S/MIME message signing, verification, encryption and decryption

p5.30-email-mime @1.954.0 (perl)
Email::MIME - easy MIME message handling

p5.30-email-mime-contenttype @1.28.0 (perl)
Parse a MIME Content-Type Header

p5.30-email-mime-encodings @1.317.0 (perl)
A unified interface to MIME encoding and decoding

p5.30-file-mimeinfo @0.360.0 (perl)
File::MimeInfo - Determine file type from the file name

p5.30-mime-base32 @1.303.0 (perl)
base32 encoder/decoder

p5.30-mime-base64 @3.160.0 (perl)
base64 encoder/decoder

p5.30-mime-charset @1.013.1 (perl)
Charset Information for MIME

p5.30-mime-encwords @1.015.0 (perl)
Deal with RFC 2047 encoded words

p5.30-mime-lite @3.35.0 (perl)
MIME::Lite - low-calorie MIME generator

p5.30-mime-lite-html @1.240.0 (perl)
MIME::Lite::HTML - Provide routine to transform a HTML page in a MIME-Lite mail

p5.30-mime-mini @1.2.0 (perl)
MIME::Mini - Minimal code to parse/create mbox files and mail messages

p5.30-mime-tools @5.515.0 (perl)
MIME-tools - modules for parsing (and creating!) MIME entities

p5.30-mime-types @2.300.0 (perl)
MIME::Types - Definition of MIME types

p5.30-parse-mime @1.6.0 (perl)
Parse::MIME - Parse mime-types, match against media ranges

p5.32-crypt-smime @0.310.0 (perl)
Crypt::SMIME - S/MIME message signing, verification, encryption and decryption

p5.32-email-mime @1.954.0 (perl)
Email::MIME - easy MIME message handling

p5.32-email-mime-contenttype @1.28.0 (perl)
Parse a MIME Content-Type Header

p5.32-email-mime-encodings @1.317.0 (perl)
A unified interface to MIME encoding and decoding

p5.32-file-mimeinfo @0.360.0 (perl)
File::MimeInfo - Determine file type from the file name

p5.32-mime-base32 @1.303.0 (perl)
base32 encoder/decoder

p5.32-mime-base64 @3.160.0 (perl)
base64 encoder/decoder

p5.32-mime-charset @1.013.1 (perl)
Charset Information for MIME

p5.32-mime-encwords @1.015.0 (perl)
Deal with RFC 2047 encoded words

p5.32-mime-lite @3.35.0 (perl)
MIME::Lite - low-calorie MIME generator

p5.32-mime-lite-html @1.240.0 (perl)
MIME::Lite::HTML - Provide routine to transform a HTML page in a MIME-Lite mail

p5.32-mime-mini @1.2.0 (perl)
MIME::Mini - Minimal code to parse/create mbox files and mail messages

p5.32-mime-tools @5.515.0 (perl)
MIME-tools - modules for parsing (and creating!) MIME entities

p5.32-mime-types @2.300.0 (perl)
MIME::Types - Definition of MIME types

p5.32-parse-mime @1.6.0 (perl)
Parse::MIME - Parse mime-types, match against media ranges

p5.34-crypt-smime @0.310.0 (perl)
Crypt::SMIME - S/MIME message signing, verification, encryption and decryption

p5.34-email-mime @1.954.0 (perl)
Email::MIME - easy MIME message handling

p5.34-email-mime-contenttype @1.28.0 (perl)
Parse a MIME Content-Type Header

p5.34-email-mime-encodings @1.317.0 (perl)
A unified interface to MIME encoding and decoding

p5.34-file-mimeinfo @0.360.0 (perl)
File::MimeInfo - Determine file type from the file name

p5.34-mime-base32 @1.303.0 (perl)
base32 encoder/decoder

p5.34-mime-base64 @3.160.0 (perl)
base64 encoder/decoder

p5.34-mime-charset @1.013.1 (perl)
Charset Information for MIME

p5.34-mime-encwords @1.015.0 (perl)
Deal with RFC 2047 encoded words

p5.34-mime-lite @3.35.0 (perl)
MIME::Lite - low-calorie MIME generator

p5.34-mime-lite-html @1.240.0 (perl)
MIME::Lite::HTML - Provide routine to transform a HTML page in a MIME-Lite mail

p5.34-mime-mini @1.2.0 (perl)
MIME::Mini - Minimal code to parse/create mbox files and mail messages

p5.34-mime-tools @5.515.0 (perl)
MIME-tools - modules for parsing (and creating!) MIME entities

p5.34-mime-types @2.300.0 (perl)
MIME::Types - Definition of MIME types

p5.34-parse-mime @1.6.0 (perl)
Parse::MIME - Parse mime-types, match against media ranges

Pantomime @1.2.0pre3 (gnustep)
a framework for supporing POP, IMAP3, and SMTP

Pantomime-Framework @1.2.0pre1 (mail, devel)
a framework for supporing POP, IMAP3, and SMTP

py-filetype @1.2.0 (python)
Infer file type and MIME type of any file/buffer

py-mimeparse @1.6.0 (python, www)
Basic functions for handling mimetypes in Python

py310-filetype @1.2.0 (python)
Infer file type and MIME type of any file/buffer

py310-mimeparse @1.6.0 (python, www)
Basic functions for handling mimetypes in Python

py311-filetype @1.2.0 (python)
Infer file type and MIME type of any file/buffer

py311-mimeparse @1.6.0 (python, www)
Basic functions for handling mimetypes in Python

py312-filetype @1.2.0 (python)
Infer file type and MIME type of any file/buffer

py312-mimeparse @1.6.0 (python, www)
Basic functions for handling mimetypes in Python

py313-filetype @1.2.0 (python)
Infer file type and MIME type of any file/buffer

py314-filetype @1.2.0 (python)
Infer file type and MIME type of any file/buffer

qt4-mimetypes @20170225 (devel)
Backport of QMimeType and QMimeDatabase from Qt5 into Qt4

R-mime @0.12_2 (R, science, devel)
Map filenames to MIME types

rb-mime-types @3.7.0 (ruby)
Manages a MIME content-type that will return the content-type for a given filename.

rb-mime-types-data @3.2025.0610 (ruby)
rb-mime-types-data provides a registry for information about MIME media type definitions.

rb31-mime-types @3.7.0 (ruby)
Manages a MIME content-type that will return the content-type for a given filename.

rb31-mime-types-data @3.2025.0610 (ruby)
rb-mime-types-data provides a registry for information about MIME media type definitions.

rb32-mime-types @3.7.0 (ruby)
Manages a MIME content-type that will return the content-type for a given filename.

rb32-mime-types-data @3.2025.0610 (ruby)
rb-mime-types-data provides a registry for information about MIME media type definitions.

rb33-mime-types @3.7.0 (ruby)
Manages a MIME content-type that will return the content-type for a given filename.

rb33-mime-types-data @3.2025.0610 (ruby)
rb-mime-types-data provides a registry for information about MIME media type definitions.

rb34-mime-types @3.7.0 (ruby)
Manages a MIME content-type that will return the content-type for a given filename.

rb34-mime-types-data @3.2025.0610 (ruby)
rb-mime-types-data provides a registry for information about MIME media type definitions.

ripmime @1.4.0.10 (mail)
ripmime is for extracting attached files out of a MIME package

shared-mime-info @2.4 (devel)
Database of common types.

smimesign @0.2.0 (security, devel)
An S/MIME signing utility for use with Git

Found 114 ports.
