cufflinks @2.2.1_2 (science, biology)
Cufflinks assembles transcripts, estimates their abundances, and tests for differential expression and regulation in RNA-Seq samples.

elinks @0.11.7_7 (www)
text mode web browser

elinks-devel @0.12pre6_7 (www)
Full-Featured Text WWW Browser

libquvi @0.9.4_3 (net, www)
A command line tool for parsing video download links.

libquvi-scripts @0.9.20131130_4 (net, www)
A command line tool for parsing video download links.

links @2.30 (www)
Lynx-like WWW browser that supports tables, menus, etc

links1 @1.04 (www)
text WWW browser with tables

lndir @1.0.3_1 (x11, sysutils)
Create shadow dir of symbolic links to another tree

openssl @3_29 (devel, security)
Shim port installing symbolic links in primary prefix pointing to the openssl3 installation.

p5-alien-build-plugin-decode-sourceforge @0.20.0 (perl)
Alien::Build::Plugin::Decode::SourceForge - Alien::Build plugin to handle SourceForge links

p5-html-formattext-withlinks @0.150.0 (perl)
HTML::FormatText::WithLinks - HTML to text conversion with links as footnotes

p5-perlio-via-symlink @0.50.0_4 (perl)
This is a PerlIO layer for creating symlinks

p5.28-alien-build-plugin-decode-sourceforge @0.20.0 (perl)
Alien::Build::Plugin::Decode::SourceForge - Alien::Build plugin to handle SourceForge links

p5.28-html-formattext-withlinks @0.150.0 (perl)
HTML::FormatText::WithLinks - HTML to text conversion with links as footnotes

p5.28-perlio-via-symlink @0.50.0_4 (perl)
This is a PerlIO layer for creating symlinks

p5.30-alien-build-plugin-decode-sourceforge @0.20.0 (perl)
Alien::Build::Plugin::Decode::SourceForge - Alien::Build plugin to handle SourceForge links

p5.30-html-formattext-withlinks @0.150.0 (perl)
HTML::FormatText::WithLinks - HTML to text conversion with links as footnotes

p5.30-perlio-via-symlink @0.50.0_4 (perl)
This is a PerlIO layer for creating symlinks

p5.32-alien-build-plugin-decode-sourceforge @0.20.0 (perl)
Alien::Build::Plugin::Decode::SourceForge - Alien::Build plugin to handle SourceForge links

p5.32-html-formattext-withlinks @0.150.0 (perl)
HTML::FormatText::WithLinks - HTML to text conversion with links as footnotes

p5.32-perlio-via-symlink @0.50.0_4 (perl)
This is a PerlIO layer for creating symlinks

p5.34-alien-build-plugin-decode-sourceforge @0.20.0 (perl)
Alien::Build::Plugin::Decode::SourceForge - Alien::Build plugin to handle SourceForge links

p5.34-html-formattext-withlinks @0.150.0 (perl)
HTML::FormatText::WithLinks - HTML to text conversion with links as footnotes

p5.34-perlio-via-symlink @0.50.0_4 (perl)
This is a PerlIO layer for creating symlinks

py-linkify-it-py @2.0.3 (python)
Links recognition library with full unicode support.

py39-linkify-it-py @2.0.3 (python)
Links recognition library with full unicode support.

py310-linkify-it-py @2.0.3 (python)
Links recognition library with full unicode support.

py311-linkify-it-py @2.0.3 (python)
Links recognition library with full unicode support.

py312-linkify-it-py @2.0.3 (python)
Links recognition library with full unicode support.

py313-linkify-it-py @2.0.3 (python)
Links recognition library with full unicode support.

py314-linkify-it-py @2.0.3 (python)
Links recognition library with full unicode support.

quvi @0.9.5_1 (net, www)
A command line tool for parsing video download links.

RHash @1.4.6_1 (sysutils)
Utility for calculation and verification of magnet links and various message digests.

sfcgal @2.2.0 (gis)
SFCGAL links CGAL to PostGIS

stow @2.4.1 (sysutils)
stow - manage farms of symbolic links

symlinks @1.4.3 (sysutils)
scan/change symbolic links

vtun @3.0.4_2 (net, security)
vtun is for creating encrypted network links

wap11gui @0.12_20 (net)
Linksys WAP11 Unix Configuration Utility

Found 38 ports.
