ccls @0.20241108 (devel)
C/C++/ObjC language server supporting cross references, hierarchies, completion and semantic highlighting (meta port)

ccls-clang-10 @0.20241108 (devel)
C/C++/ObjC language server supporting cross references, hierarchies, completion and semantic highlighting

ccls-clang-11 @0.20241108 (devel)
C/C++/ObjC language server supporting cross references, hierarchies, completion and semantic highlighting

ccls-clang-12 @0.20241108 (devel)
C/C++/ObjC language server supporting cross references, hierarchies, completion and semantic highlighting

ccls-clang-13 @0.20241108 (devel)
C/C++/ObjC language server supporting cross references, hierarchies, completion and semantic highlighting

ccls-clang-14 @0.20241108 (devel)
C/C++/ObjC language server supporting cross references, hierarchies, completion and semantic highlighting

ccls_select @0.20241108 (devel)
C/C++/ObjC language server supporting cross references, hierarchies, completion and semantic highlighting

p5-algorithm-c3 @0.110.0 (perl)
A module for merging hierarchies using the C3 algorithm

p5-class-generate @1.180.0 (perl)
Generate Perl class hierarchies

p5-tree-simple-view @0.200.0 (perl)
A set of classes for viewing Tree::Simple hierarchies

p5.28-algorithm-c3 @0.110.0 (perl)
A module for merging hierarchies using the C3 algorithm

p5.28-class-generate @1.180.0 (perl)
Generate Perl class hierarchies

p5.28-tree-simple-view @0.200.0 (perl)
A set of classes for viewing Tree::Simple hierarchies

p5.30-algorithm-c3 @0.110.0 (perl)
A module for merging hierarchies using the C3 algorithm

p5.30-class-generate @1.180.0 (perl)
Generate Perl class hierarchies

p5.30-tree-simple-view @0.200.0 (perl)
A set of classes for viewing Tree::Simple hierarchies

p5.32-algorithm-c3 @0.110.0 (perl)
A module for merging hierarchies using the C3 algorithm

p5.32-class-generate @1.180.0 (perl)
Generate Perl class hierarchies

p5.32-tree-simple-view @0.200.0 (perl)
A set of classes for viewing Tree::Simple hierarchies

p5.34-algorithm-c3 @0.110.0 (perl)
A module for merging hierarchies using the C3 algorithm

p5.34-class-generate @1.180.0 (perl)
Generate Perl class hierarchies

p5.34-tree-simple-view @0.200.0 (perl)
A set of classes for viewing Tree::Simple hierarchies

R-classGraph @0.7-6_1 (R, science)
Construct graphs of S4 class hierarchies

Found 23 ports.
