calife @3.0.6 (security)
Provides super user privileges to specific users

fakeroot @1.37 (sysutils)
Tool for simulating superuser privileges

p5-mojolicious-plugin-setusergroup @1.0.0 (perl)
Mojolicious::Plugin::SetUserGroup - Mojolicious plugin to set unprivileged credentials

p5-privileges-drop @1.30.0 (perl)
A module to make it simple to drop all privileges, even POSIX groups.

p5.28-mojolicious-plugin-setusergroup @1.0.0 (perl)
Mojolicious::Plugin::SetUserGroup - Mojolicious plugin to set unprivileged credentials

p5.28-privileges-drop @1.30.0 (perl)
A module to make it simple to drop all privileges, even POSIX groups.

p5.30-mojolicious-plugin-setusergroup @1.0.0 (perl)
Mojolicious::Plugin::SetUserGroup - Mojolicious plugin to set unprivileged credentials

p5.30-privileges-drop @1.30.0 (perl)
A module to make it simple to drop all privileges, even POSIX groups.

p5.32-mojolicious-plugin-setusergroup @1.0.0 (perl)
Mojolicious::Plugin::SetUserGroup - Mojolicious plugin to set unprivileged credentials

p5.32-privileges-drop @1.30.0 (perl)
A module to make it simple to drop all privileges, even POSIX groups.

p5.34-mojolicious-plugin-setusergroup @1.0.0 (perl)
Mojolicious::Plugin::SetUserGroup - Mojolicious plugin to set unprivileged credentials

p5.34-privileges-drop @1.30.0 (perl)
A module to make it simple to drop all privileges, even POSIX groups.

policykit @0.121 (security)
PolicyKit is an application-level toolkit for defining and handling the policy that allows unprivileged processes to speak to privileged processes

vile @9.8zb (editors)
Vi Like Emacs

Found 14 ports.
