Aseprite @1.3.12 (graphics)
animated sprite editor & pixel art tool

babl @0.1.116 (graphics)
Babl is a library for dynamically handling pixel formats and managing conversions between them.

babl-devel @0.1.116 (graphics)
Babl is a library for dynamically handling pixel formats and managing conversions between them.

cl-opticl-core @20170906 (lisp, devel)
Core classes and pixel access macros from opticl

gdk-pixbuf2 @2.42.12 (graphics)
The gdk-pixbuf-2.0 library

gdk-pixbuf2-devel @2.42.12 (graphics)
The gdk-pixbuf-2.0 library

healpix @3.31_2016Aug26 (science)
Hierarchical Equal Area isoLatitude Pixelization of a sphere

healpix-c @3.30.0_1 (science)
C language implementation of HEALPix

healpix-cxx @3.82.0 (science)
C++ language implementation of HEALPix

healpix-java @3.31_2016Aug26 (science)
Java language implementation of HEALPix

jpegpixi @1.1.1_2 (graphics)
JPEG Pixel Interpolator

kruler @4.14.3_3 (kde, kde4)
KRuler displays on screen a ruler measuring pixels.

libcolorblind @0.0.1 (graphics)
Libcolorblind is a pixel filter for colorblind accessibility.

libhermes @1.3.3_1 (graphics, devel)
Hermes is a pixel conversion library.

libpixman @0.46.0 (graphics)
Pixel region Library

libpixman-devel @0.46.2 (graphics)
Pixel region Library

metapixel @1.0.2_6 (graphics)
A Photomosaic Generator

p5-ppix-quotelike @0.23.0 (perl)
PPIx::QuoteLike - Parse Perl string literals and string-literal-like things.

p5-ppix-regexp @0.91.0 (perl)
Parse regular expressions

p5-ppix-utilities @1.1.0_2 (perl)
PPIx::Utilities - Extensions to PPI

p5-ppix-utils @0.4.0 (perl)
PPIx::Utils - Utility functions for PPI

p5.28-ppix-quotelike @0.23.0 (perl)
PPIx::QuoteLike - Parse Perl string literals and string-literal-like things.

p5.28-ppix-regexp @0.91.0 (perl)
Parse regular expressions

p5.28-ppix-utilities @1.1.0_2 (perl)
PPIx::Utilities - Extensions to PPI

p5.28-ppix-utils @0.4.0 (perl)
PPIx::Utils - Utility functions for PPI

p5.30-ppix-quotelike @0.23.0 (perl)
PPIx::QuoteLike - Parse Perl string literals and string-literal-like things.

p5.30-ppix-regexp @0.91.0 (perl)
Parse regular expressions

p5.30-ppix-utilities @1.1.0_2 (perl)
PPIx::Utilities - Extensions to PPI

p5.30-ppix-utils @0.4.0 (perl)
PPIx::Utils - Utility functions for PPI

p5.32-ppix-quotelike @0.23.0 (perl)
PPIx::QuoteLike - Parse Perl string literals and string-literal-like things.

p5.32-ppix-regexp @0.91.0 (perl)
Parse regular expressions

p5.32-ppix-utilities @1.1.0_2 (perl)
PPIx::Utilities - Extensions to PPI

p5.32-ppix-utils @0.4.0 (perl)
PPIx::Utils - Utility functions for PPI

p5.34-ppix-quotelike @0.23.0 (perl)
PPIx::QuoteLike - Parse Perl string literals and string-literal-like things.

p5.34-ppix-regexp @0.91.0 (perl)
Parse regular expressions

p5.34-ppix-utilities @1.1.0_2 (perl)
PPIx::Utilities - Extensions to PPI

p5.34-ppix-utils @0.4.0 (perl)
PPIx::Utils - Utility functions for PPI

pixen @3.5.12-20140601 (aqua, graphics)
A mature pixelart drawing tool for Mac OS X

pixz @1.0.7 (archivers)
Pixz (pronounced 'pixie') is a parallel, indexing version of XZ

py-astropy-healpix @1.1.3 (python, science)
BSD-licensed HEALPix for Astropy

py-healpy @1.16.1 (python, science)
Python language interface for HEALPix

py310-astropy-healpix @1.1.3 (python, science)
BSD-licensed HEALPix for Astropy

py310-healpy @1.16.1 (python, science)
Python language interface for HEALPix

py311-astropy-healpix @1.1.3 (python, science)
BSD-licensed HEALPix for Astropy

py312-astropy-healpix @1.1.3 (python, science)
BSD-licensed HEALPix for Astropy

py312-healpy @1.16.1 (python, science)
Python language interface for HEALPix

py313-astropy-healpix @1.1.3 (python, science)
BSD-licensed HEALPix for Astropy

py314-astropy-healpix @1.1.3 (python, science)
BSD-licensed HEALPix for Astropy

R-pixmap @0.4-13 (R, science, graphics)
Functions for import, export, plotting and other manipulations of bitmapped images

rb-gdk_pixbuf2 @4.2.4 (ruby, gnome, devel)
Ruby/GdkPixbuf2 is a Ruby binding of GdkPixbuf-2.x

rb31-gdk_pixbuf2 @4.2.4 (ruby, gnome, devel)
Ruby/GdkPixbuf2 is a Ruby binding of GdkPixbuf-2.x

rb32-gdk_pixbuf2 @4.2.4 (ruby, gnome, devel)
Ruby/GdkPixbuf2 is a Ruby binding of GdkPixbuf-2.x

rb33-gdk_pixbuf2 @4.2.4 (ruby, gnome, devel)
Ruby/GdkPixbuf2 is a Ruby binding of GdkPixbuf-2.x

webp-pixbuf-loader @0.2.7 (graphics)
WebP pixbuf loader for GDK Pixbuf

xpm @3.5.17 (x11, devel, graphics)
The X Pixmap Library

Found 55 ports.
