ade @0.1.2e (devel)
Graph construction, manipulation, and processing framework.

antlr4-cpp-runtime @4.13.2_1 (lang, devel)
ANTLR (ANother Tool for Language Recognition) is a powerful parser generator for reading, processing, executing, or translating structured text or binary files.

arpeggio @1.4.4_2 (science, python)
Calculation of interatomic interactions in molecular structures

arpeggio-devel @20241024-258855b8_1 (science, python)
Calculation of interatomic interactions in molecular structures

ast-grep @0.40.5 (devel, textproc)
A CLI tool for code structural search, lint and rewriting.

binaryen @125 (lang, devel)
compiler and toolchain infrastructure library for WebAssembly

boost-build @2.0-m12_2 (devel)
Build system for large project software construction

cabocha @0.69 (textproc, japanese)
Yet Another Japanese Dependency Structure Analyzer

cassandra @1.2.3 (databases)
A highly scalable, eventually consistent, distributed, structured key-value store.

ce @2004-07-06_1 (science)
Combinatorial Extension (CE) Method for 3D protein structure comparison and alignment

cedet @1.1 (editors)
Infrastructure for parser based text analysis in Emacs

chemtool @1.6.14_2 (science, chemistry)
Chemtool is a small program for drawing chemical structures

cl-access @20240307 (lisp, www, devel)
A common lisp library to unify access to common dictionary-like data-structures

cl-form-fiddle @20230703 (lisp, devel)
A collection of utilities to destructure lambda forms.

cl-let-plus @20180307_1 (lisp, devel)
destructuring extension of let*

cl-marshal @20231025 (lisp, devel)
Simple and fast serialization of all kinds of Common Lisp data structures.

cl-ndebug @0.2.0 (lisp, devel)
A toolkit to construct interface-aware yet standard-compliant debugger hooks.

cl-nfiles @1.1.4 (lisp, devel)
A toolkit to construct interface-aware yet standard-compliant debugger hooks.

coinor-coinutils @2.11.10 (math)
Utilities, data structures, and linear algebra methods for COIN-OR projects

conf2struct @1.5_1 (devel)
Create C parsers for libconfig and command-line, which get read directly to a `struct`

DoCon @2.11_5 (math, devel)
DoCon is the Algebraic Domain Constructor

driftctl @0.40.0 (sysutils)
Detect, track and alert on infrastructure drift

dssp @4.5.8 (science)
DSSP automates protein secondary structure assignment.

econ-toolchain @2024.02.15 (fortran, economics)
General tools used for structural macroeconomic modelling

ffe @0.3.9a_1 (textproc)
Flat file extractor can be used for parsing different flat file structures and printing them in different formats

fsevents-tools @1.0.0 (sysutils)
tools for acting on changes in a directory structure

g-wrap @1.9.15_1 (lang)
A tool for autogenerating scheme bindings for C language functions, structures & enums.

glib2 @2.78.4_2 (devel)
Library with data structure functions and other constructs

glib2-devel @2.78.4_2 (devel)
Library with data structure functions and other constructs

gnat-gprbuild @1.2.0_1 (devel)
GPRbuild automates the construction of multi-language systems

gnu-pw-mgr @2.7.4 (security)
password manager to reconstruct difficult passwords

gstreamer1 @1.24.9 (gnome)
GStreamer is a library for constructing graphs of media-handling components.

gstreamer010 @0.10.36_2 (gnome)
GStreamer is a library for constructing graphs of media-handling components.

ifeffit @1.2.13_8 (science)
IFEFFIT is a program and programming library for analyzing x-ray absorption fine-structure (XAFS) data.

inspectrum @20220326-98b998ff (science, comms)
Provides augmented functionality for GNU Radio: inspectrum realizes signal analysis abilities in typical block-structure

irctree @0.10 (irc)
show a tree representing the structure of an IRC network in ASCII

jmol @14.31.44 (science)
An open-source Java viewer for chemical structures in 3D

jsoncons @1.5.0 (devel)
A C++, header-only library for constructing JSON and JSON-like data formats

knp @4.19 (textproc, japanese)
Japanese Dependency and Case Structure Analyzer KNP

ktuberling @4.14.3_3 (kde, kde4, games)
KTuberling a simple constructor game suitable for children and adults alike.

kyua @0.14.1 (devel)
Kyua is a testing framework for infrastructure software.

libds @1.5.3 (devel)
provides interfaces for data structures, simple threading

libhx @4.24 (devel)
common structures and low-level operations library

libmaa @1.3.2 (devel)
Low-level data structures helpful for writing compilers

libnet @1.3 (net)
Packet construction and injection

libt3config @1.0.0 (devel)
The libt3config library provides functions for reading and writing simple structured configuration files.

libtasn1 @4.21.0 (devel)
ASN.1 structure parser library

libVillainousStyle @20110713 (devel, graphics)
a drawing library for defining a visual style from a chain of individual drawing instructions

llvm-3.3 @3.3_14 (lang)
llvm is a next generation compiler infrastructure

llvm-3.4 @3.4.2_17 (lang)
llvm is a next generation compiler infrastructure

llvm-3.7 @3.7.1_8 (lang)
llvm is a next generation compiler infrastructure

llvm-5.0 @5.0.2_5 (lang)
llvm is a next generation compiler infrastructure

llvm-6.0 @6.0.1_5 (lang)
llvm is a next generation compiler infrastructure

llvm-7.0 @7.1.0_4 (lang)
llvm is a next generation compiler infrastructure

llvm-8.0 @8.0.1_4 (lang)
llvm is a next generation compiler infrastructure

llvm-9.0 @9.0.1_4 (lang)
llvm is a next generation compiler infrastructure

llvm-10 @10.0.1_4 (lang)
llvm is a next generation compiler infrastructure

llvm-11 @11.1.0_6 (lang)
llvm is a next generation compiler infrastructure

llvm-12 @12.0.1_4 (lang)
llvm is a next generation compiler infrastructure

llvm-13 @13.0.1_3 (lang)
llvm is a next generation compiler infrastructure

llvm-14 @14.0.6_1 (lang)
llvm is a next generation compiler infrastructure

llvm-15 @15.0.7_2 (lang)
llvm is a next generation compiler infrastructure

llvm-16 @16.0.6_2 (lang)
llvm is a next generation compiler infrastructure

llvm-17 @17.0.6_2 (lang)
llvm is a next generation compiler infrastructure

llvm-18 @18.1.8_1 (lang)
llvm is a next generation compiler infrastructure

llvm-19 @19.1.7_1 (lang)
llvm is a next generation compiler infrastructure

llvm-20 @20.1.8_1 (lang)
llvm is a next generation compiler infrastructure

llvm-21 @21.1.8 (lang)
llvm is a next generation compiler infrastructure

llvm-devel @20250908-408a2e7c_1 (lang)
llvm is a next generation compiler infrastructure

MacPorts @2.12.0 (sysutils, macports)
The MacPorts Infrastructure

marisa-trie @0.3.1_1 (textproc)
a static and space-efficient trie data structure

mdds-2.0 @2.0.3 (devel)
Collection of multi-dimensional data structure and indexing algorithms.

mdds-2.1 @2.1.1 (devel)
Collection of multi-dimensional data structure and indexing algorithms.

mlir-13 @13.0.1 (lang)
The MLIR project is a novel approach to building reusable and extensible compiler infrastructure.

mlir-14 @14.0.6 (lang)
The MLIR project is a novel approach to building reusable and extensible compiler infrastructure.

mlir-15 @15.0.7_1 (lang)
The MLIR project is a novel approach to building reusable and extensible compiler infrastructure.

mlir-16 @16.0.6_1 (lang)
The MLIR project is a novel approach to building reusable and extensible compiler infrastructure.

mlir-17 @17.0.6_1 (lang)
The MLIR project is a novel approach to building reusable and extensible compiler infrastructure.

mlir-18 @18.1.8 (lang)
The MLIR project is a novel approach to building reusable and extensible compiler infrastructure.

mlir-19 @19.1.7 (lang)
The MLIR project is a novel approach to building reusable and extensible compiler infrastructure.

mlir-20 @20.1.8 (lang)
The MLIR project is a novel approach to building reusable and extensible compiler infrastructure.

mlir-21 @21.1.8 (lang)
The MLIR project is a novel approach to building reusable and extensible compiler infrastructure.

mlir-devel @20250908-408a2e7c (lang)
The MLIR project is a novel approach to building reusable and extensible compiler infrastructure.

mm-common @1.0.6 (gnome, devel)
The mm-common module provides the build infrastructure and utilities shared among the GNOME C++ binding libraries.

moca @0.7.0_3 (lang, devel, ocaml)
general construction functions generator for OCaml data types with invariants

ocaml-cstruct @6.2.0 (ocaml, devel, lang)
Access C-like structures directly from OCaml

ocaml-logs @0.7.0 (ocaml, devel)
Logging infrastructure for OCaml

ocaml-ocamlnet @4.1.9 (ocaml, devel)
Internet protocols and helper data structures for OCaml.

ocaml-ppx_sexp_message @0.16.0_1 (ocaml, devel)
ppx rewriter for easy construction of s-expressions

oci-cli @3.43.2 (net)
Command-line client for Oracle Cloud Infrastructure

octave-fileio @1.2.2_1 (octave, math, science)
I/O function for files holding structured data, such as JSON and XML files.

octave-msh @1.0.12_1 (octave, math, science)
Package for creating and managing triangular and tetrahedral meshes for Finite Element or Finite Volume PDE solvers. Uses a mesh data structure compatible with pdetool. Relies on gmsh for unstructured mesh generation.

octave-struct @1.0.18_4 (octave, math, science)
Additional Structure manipulations functions.

octave-tablicious @0.4.5 (octave, math, science)
Tablicious provides tabular/relational data structures for Octave.

opendetex @2.8.11 (tex, textproc)
removes TeX constructs from a text file

openscop @0.9.7 (devel, math)
OpenScop is an open specification defining a file format and a set of data structures to represent a static control part (SCoP for short).

openvdb @11.0.0_1 (graphics)
sparse volumetric data structure and tools

osmocore @1.3.0_1 (science, comms)
osmocore provides a set of C-language libraries that form the core infrastructure of many Osmocom Open Source Mobile Communications projects.

osmocore-devel @20200121-89c04288_1 (science, comms)
osmocore provides a set of C-language libraries that form the core infrastructure of many Osmocom Open Source Mobile Communications projects.

p5-catalyst-plugin-authentication @0.100.240 (perl)
Catalyst::Plugin::Authentication - Infrastructure plugin for the Catalyst authentication framework

p5-cgi-struct @1.210.0 (perl)
Build structures from CGI data

p5-class-insideout @1.140.0 (perl)
Class::InsideOut is a safe, simple inside-out object construction kit.

p5-class-inspector @1.360.0 (perl)
Get information about a class and its structure

p5-class-tiny @1.8.0 (perl)
Minimalist class construction

p5-class-tiny-chained @0.4.0 (perl)
Class::Tiny::Chained - Minimalist class construction, with chained attributes

p5-data-censor @0.40.0 (perl)
Data::Censor - censor sensitive stuff in a data structure

p5-data-compare @1.290.0 (perl)
Compare perl data structures

p5-data-diver @1.10.100 (perl)
Simple, ad-hoc access to elements of deeply nested structures

p5-data-dump @1.250.0 (perl)
Pretty printing of data structures

p5-data-dump-streamer @2.420.0 (perl)
Data::Dump::Streamer - Accurately serialize a data structure as Perl code.

p5-data-dumper @2.183.0 (perl)
Stringified Perl data structures, suitable for both printing and eval

p5-data-hierarchy @0.340.0_3 (perl)
This is a Perl extension for handling data in a hierarchical structure.

p5-data-printer @1.2.1 (perl)
Data::Printer - colored pretty-print of Perl data structures and objects

p5-data-serializer @0.650.0 (perl)
Data::Serializer - Modules that serialize data structures

p5-data-structure-util @0.160.0 (perl)
Data::Structure::Util - Change nature of data within a structure

p5-data-visitor @0.320.0 (perl)
Visitor style traversal of Perl data structures

p5-declare-constraints-simple @0.30.0 (perl)
Declare::Constraints::Simple - Declarative Validation of Data Structures

p5-devel-globaldestruction @0.140.0 (perl)
Devel::GlobalDestruction - Provides function returning true if the interpreter is in global destruction.

p5-devel-partialdump @0.200.0 (perl)
Devel::PartialDump - Partial dumping of data structures, optimized for argument printing.

p5-eval @2.2.8_4 (perl, biology)
Eval is a flexible tool for analyzing the performance of gene-structure prediction programs.

p5-freezethaw @0.500.100_2 (perl)
FreezeThaw - convertin Perl structures to strings and back.

p5-graph @0.973.500 (perl)
Graph - graph data structures and algorithms

p5-graphics-toolkit-color @1.972.0 (perl)
Graphics::Toolkit::Color - color palette constructor

p5-heap @0.800.0_4 (perl)
Collection of routines for managing a heap data structure

p5-html-stripscripts @1.60.0 (perl)
Strip scripting constructs out of HTML

p5-imap-bodystructure @1.30.0 (perl)
IMAP4-compatible BODYSTRUCTURE and ENVELOPE parser

p5-mac-fsevents @0.220.0 (perl)
Mac::FSEvents - Monitor a directory structure for changes

p5-mldbm @2.50.0_1 (perl)
Store multi-level hash structure in single level tied hash

p5-moosex-multiinitarg @0.20.0 (perl)
Attributes with aliases for constructor arguments

p5-moosex-slurpyconstructor @1.300.0 (perl)
MooseX::SlurpyConstructor - Make your object constructor collect all unknown attributes

p5-moosex-strictconstructor @0.210.0 (perl)
MooseX::StrictConstructor - Make your object constructors blow up on unknown attributes

p5-moosex-types-structured @0.360.0 (perl)
MooseX::Types::Structured - Structured Type Constraints for Moose

p5-moox-strictconstructor @0.13.0 (perl)
MooX::StrictConstructor - Make your Moo-based object constructors blow up on unknown attributes.

p5-postscript @0.60.0_1 (perl)
Perl extension for building an object that may be used to construct a block of text in PostScript

p5-socket6 @0.290.0 (perl)
IPv6 related part of the C socket.h defines and structure manipulators

p5-sql-abstract @2.0.1 (perl, databases)
SQL::Abstract - Generate SQL from Perl data structures

p5-sql-abstract-classic @1.910.0 (perl)
SQL::Abstract::Classic - Generate SQL from Perl data structures

p5-sql-translator @1.660.0 (perl)
SQL::Translator - manipulate structured data definitions (SQL and more)

p5-storable @3.250.0 (perl)
Storable - persistence for Perl data structures

p5-struct-dumb @0.160.0 (perl)
Struct::Dumb - make simple lightweight record-like structures

p5-test-differences @0.720.0 (perl)
Test::Differences - Test strings and data structures and show differences if not ok

p5-text-quoted @2.100.0 (perl)
Extract the structure of a quoted mail message

p5-variable-ondestruct @0.90.0 (perl)
Variable::OnDestruct - Call a subroutine on destruction of a variable.

p5-xml-dom @1.460.0 (perl)
A perl module for building DOM Level 1 compliant document structures

p5.28-catalyst-plugin-authentication @0.100.240 (perl)
Catalyst::Plugin::Authentication - Infrastructure plugin for the Catalyst authentication framework

p5.28-cgi-struct @1.210.0 (perl)
Build structures from CGI data

p5.28-class-insideout @1.140.0 (perl)
Class::InsideOut is a safe, simple inside-out object construction kit.

p5.28-class-inspector @1.360.0 (perl)
Get information about a class and its structure

p5.28-class-tiny @1.8.0 (perl)
Minimalist class construction

p5.28-class-tiny-chained @0.4.0 (perl)
Class::Tiny::Chained - Minimalist class construction, with chained attributes

p5.28-data-censor @0.40.0 (perl)
Data::Censor - censor sensitive stuff in a data structure

p5.28-data-compare @1.290.0 (perl)
Compare perl data structures

p5.28-data-diver @1.10.100 (perl)
Simple, ad-hoc access to elements of deeply nested structures

p5.28-data-dump @1.250.0 (perl)
Pretty printing of data structures

p5.28-data-dump-streamer @2.420.0 (perl)
Data::Dump::Streamer - Accurately serialize a data structure as Perl code.

p5.28-data-dumper @2.183.0 (perl)
Stringified Perl data structures, suitable for both printing and eval

p5.28-data-hierarchy @0.340.0_3 (perl)
This is a Perl extension for handling data in a hierarchical structure.

p5.28-data-printer @1.2.1 (perl)
Data::Printer - colored pretty-print of Perl data structures and objects

p5.28-data-serializer @0.650.0 (perl)
Data::Serializer - Modules that serialize data structures

p5.28-data-structure-util @0.160.0 (perl)
Data::Structure::Util - Change nature of data within a structure

p5.28-data-visitor @0.320.0 (perl)
Visitor style traversal of Perl data structures

p5.28-declare-constraints-simple @0.30.0 (perl)
Declare::Constraints::Simple - Declarative Validation of Data Structures

p5.28-devel-globaldestruction @0.140.0 (perl)
Devel::GlobalDestruction - Provides function returning true if the interpreter is in global destruction.

p5.28-devel-partialdump @0.200.0 (perl)
Devel::PartialDump - Partial dumping of data structures, optimized for argument printing.

p5.28-eval @2.2.8_4 (perl, biology)
Eval is a flexible tool for analyzing the performance of gene-structure prediction programs.

p5.28-freezethaw @0.500.100_2 (perl)
FreezeThaw - convertin Perl structures to strings and back.

p5.28-graph @0.973.500 (perl)
Graph - graph data structures and algorithms

p5.28-graphics-toolkit-color @1.972.0 (perl)
Graphics::Toolkit::Color - color palette constructor

p5.28-heap @0.800.0_4 (perl)
Collection of routines for managing a heap data structure

p5.28-html-stripscripts @1.60.0 (perl)
Strip scripting constructs out of HTML

p5.28-imap-bodystructure @1.30.0 (perl)
IMAP4-compatible BODYSTRUCTURE and ENVELOPE parser

p5.28-mac-fsevents @0.220.0 (perl)
Mac::FSEvents - Monitor a directory structure for changes

p5.28-mldbm @2.50.0_1 (perl)
Store multi-level hash structure in single level tied hash

p5.28-moosex-multiinitarg @0.20.0 (perl)
Attributes with aliases for constructor arguments

p5.28-moosex-slurpyconstructor @1.300.0 (perl)
MooseX::SlurpyConstructor - Make your object constructor collect all unknown attributes

p5.28-moosex-strictconstructor @0.210.0 (perl)
MooseX::StrictConstructor - Make your object constructors blow up on unknown attributes

p5.28-moosex-types-structured @0.360.0 (perl)
MooseX::Types::Structured - Structured Type Constraints for Moose

p5.28-moox-strictconstructor @0.13.0 (perl)
MooX::StrictConstructor - Make your Moo-based object constructors blow up on unknown attributes.

p5.28-postscript @0.60.0_1 (perl)
Perl extension for building an object that may be used to construct a block of text in PostScript

p5.28-socket6 @0.290.0 (perl)
IPv6 related part of the C socket.h defines and structure manipulators

p5.28-sql-abstract @2.0.1 (perl, databases)
SQL::Abstract - Generate SQL from Perl data structures

p5.28-sql-abstract-classic @1.910.0 (perl)
SQL::Abstract::Classic - Generate SQL from Perl data structures

p5.28-sql-translator @1.660.0 (perl)
SQL::Translator - manipulate structured data definitions (SQL and more)

p5.28-storable @3.250.0 (perl)
Storable - persistence for Perl data structures

p5.28-struct-dumb @0.160.0 (perl)
Struct::Dumb - make simple lightweight record-like structures

p5.28-test-differences @0.720.0 (perl)
Test::Differences - Test strings and data structures and show differences if not ok

p5.28-text-quoted @2.100.0 (perl)
Extract the structure of a quoted mail message

p5.28-variable-ondestruct @0.90.0 (perl)
Variable::OnDestruct - Call a subroutine on destruction of a variable.

p5.28-xml-dom @1.460.0 (perl)
A perl module for building DOM Level 1 compliant document structures

p5.30-catalyst-plugin-authentication @0.100.240 (perl)
Catalyst::Plugin::Authentication - Infrastructure plugin for the Catalyst authentication framework

p5.30-cgi-struct @1.210.0 (perl)
Build structures from CGI data

p5.30-class-insideout @1.140.0 (perl)
Class::InsideOut is a safe, simple inside-out object construction kit.

p5.30-class-inspector @1.360.0 (perl)
Get information about a class and its structure

p5.30-class-tiny @1.8.0 (perl)
Minimalist class construction

p5.30-class-tiny-chained @0.4.0 (perl)
Class::Tiny::Chained - Minimalist class construction, with chained attributes

p5.30-data-censor @0.40.0 (perl)
Data::Censor - censor sensitive stuff in a data structure

p5.30-data-compare @1.290.0 (perl)
Compare perl data structures

p5.30-data-diver @1.10.100 (perl)
Simple, ad-hoc access to elements of deeply nested structures

p5.30-data-dump @1.250.0 (perl)
Pretty printing of data structures

p5.30-data-dump-streamer @2.420.0 (perl)
Data::Dump::Streamer - Accurately serialize a data structure as Perl code.

p5.30-data-dumper @2.183.0 (perl)
Stringified Perl data structures, suitable for both printing and eval

p5.30-data-hierarchy @0.340.0_3 (perl)
This is a Perl extension for handling data in a hierarchical structure.

p5.30-data-printer @1.2.1 (perl)
Data::Printer - colored pretty-print of Perl data structures and objects

p5.30-data-serializer @0.650.0 (perl)
Data::Serializer - Modules that serialize data structures

p5.30-data-structure-util @0.160.0 (perl)
Data::Structure::Util - Change nature of data within a structure

p5.30-data-visitor @0.320.0 (perl)
Visitor style traversal of Perl data structures

p5.30-declare-constraints-simple @0.30.0 (perl)
Declare::Constraints::Simple - Declarative Validation of Data Structures

p5.30-devel-globaldestruction @0.140.0 (perl)
Devel::GlobalDestruction - Provides function returning true if the interpreter is in global destruction.

p5.30-devel-partialdump @0.200.0 (perl)
Devel::PartialDump - Partial dumping of data structures, optimized for argument printing.

p5.30-eval @2.2.8_4 (perl, biology)
Eval is a flexible tool for analyzing the performance of gene-structure prediction programs.

p5.30-freezethaw @0.500.100_2 (perl)
FreezeThaw - convertin Perl structures to strings and back.

p5.30-graph @0.973.500 (perl)
Graph - graph data structures and algorithms

p5.30-graphics-toolkit-color @1.972.0 (perl)
Graphics::Toolkit::Color - color palette constructor

p5.30-heap @0.800.0_4 (perl)
Collection of routines for managing a heap data structure

p5.30-html-stripscripts @1.60.0 (perl)
Strip scripting constructs out of HTML

p5.30-imap-bodystructure @1.30.0 (perl)
IMAP4-compatible BODYSTRUCTURE and ENVELOPE parser

p5.30-mac-fsevents @0.220.0 (perl)
Mac::FSEvents - Monitor a directory structure for changes

p5.30-mldbm @2.50.0_1 (perl)
Store multi-level hash structure in single level tied hash

p5.30-moosex-multiinitarg @0.20.0 (perl)
Attributes with aliases for constructor arguments

p5.30-moosex-slurpyconstructor @1.300.0 (perl)
MooseX::SlurpyConstructor - Make your object constructor collect all unknown attributes

p5.30-moosex-strictconstructor @0.210.0 (perl)
MooseX::StrictConstructor - Make your object constructors blow up on unknown attributes

p5.30-moosex-types-structured @0.360.0 (perl)
MooseX::Types::Structured - Structured Type Constraints for Moose

p5.30-moox-strictconstructor @0.13.0 (perl)
MooX::StrictConstructor - Make your Moo-based object constructors blow up on unknown attributes.

p5.30-postscript @0.60.0_1 (perl)
Perl extension for building an object that may be used to construct a block of text in PostScript

p5.30-socket6 @0.290.0 (perl)
IPv6 related part of the C socket.h defines and structure manipulators

p5.30-sql-abstract @2.0.1 (perl, databases)
SQL::Abstract - Generate SQL from Perl data structures

p5.30-sql-abstract-classic @1.910.0 (perl)
SQL::Abstract::Classic - Generate SQL from Perl data structures

p5.30-sql-translator @1.660.0 (perl)
SQL::Translator - manipulate structured data definitions (SQL and more)

p5.30-storable @3.250.0 (perl)
Storable - persistence for Perl data structures

p5.30-struct-dumb @0.160.0 (perl)
Struct::Dumb - make simple lightweight record-like structures

p5.30-test-differences @0.720.0 (perl)
Test::Differences - Test strings and data structures and show differences if not ok

p5.30-text-quoted @2.100.0 (perl)
Extract the structure of a quoted mail message

p5.30-variable-ondestruct @0.90.0 (perl)
Variable::OnDestruct - Call a subroutine on destruction of a variable.

p5.30-xml-dom @1.460.0 (perl)
A perl module for building DOM Level 1 compliant document structures

p5.32-catalyst-plugin-authentication @0.100.240 (perl)
Catalyst::Plugin::Authentication - Infrastructure plugin for the Catalyst authentication framework

p5.32-cgi-struct @1.210.0 (perl)
Build structures from CGI data

p5.32-class-insideout @1.140.0 (perl)
Class::InsideOut is a safe, simple inside-out object construction kit.

p5.32-class-inspector @1.360.0 (perl)
Get information about a class and its structure

p5.32-class-tiny @1.8.0 (perl)
Minimalist class construction

p5.32-class-tiny-chained @0.4.0 (perl)
Class::Tiny::Chained - Minimalist class construction, with chained attributes

p5.32-data-censor @0.40.0 (perl)
Data::Censor - censor sensitive stuff in a data structure

p5.32-data-compare @1.290.0 (perl)
Compare perl data structures

p5.32-data-diver @1.10.100 (perl)
Simple, ad-hoc access to elements of deeply nested structures

p5.32-data-dump @1.250.0 (perl)
Pretty printing of data structures

p5.32-data-dump-streamer @2.420.0 (perl)
Data::Dump::Streamer - Accurately serialize a data structure as Perl code.

p5.32-data-dumper @2.183.0 (perl)
Stringified Perl data structures, suitable for both printing and eval

p5.32-data-hierarchy @0.340.0_3 (perl)
This is a Perl extension for handling data in a hierarchical structure.

p5.32-data-printer @1.2.1 (perl)
Data::Printer - colored pretty-print of Perl data structures and objects

p5.32-data-serializer @0.650.0 (perl)
Data::Serializer - Modules that serialize data structures

p5.32-data-structure-util @0.160.0 (perl)
Data::Structure::Util - Change nature of data within a structure

p5.32-data-visitor @0.320.0 (perl)
Visitor style traversal of Perl data structures

p5.32-declare-constraints-simple @0.30.0 (perl)
Declare::Constraints::Simple - Declarative Validation of Data Structures

p5.32-devel-globaldestruction @0.140.0 (perl)
Devel::GlobalDestruction - Provides function returning true if the interpreter is in global destruction.

p5.32-devel-partialdump @0.200.0 (perl)
Devel::PartialDump - Partial dumping of data structures, optimized for argument printing.

p5.32-eval @2.2.8_4 (perl, biology)
Eval is a flexible tool for analyzing the performance of gene-structure prediction programs.

p5.32-freezethaw @0.500.100_2 (perl)
FreezeThaw - convertin Perl structures to strings and back.

p5.32-graph @0.973.500 (perl)
Graph - graph data structures and algorithms

p5.32-graphics-toolkit-color @1.972.0 (perl)
Graphics::Toolkit::Color - color palette constructor

p5.32-heap @0.800.0_4 (perl)
Collection of routines for managing a heap data structure

p5.32-html-stripscripts @1.60.0 (perl)
Strip scripting constructs out of HTML

p5.32-imap-bodystructure @1.30.0 (perl)
IMAP4-compatible BODYSTRUCTURE and ENVELOPE parser

p5.32-mac-fsevents @0.220.0 (perl)
Mac::FSEvents - Monitor a directory structure for changes

p5.32-mldbm @2.50.0_1 (perl)
Store multi-level hash structure in single level tied hash

p5.32-moosex-multiinitarg @0.20.0 (perl)
Attributes with aliases for constructor arguments

p5.32-moosex-slurpyconstructor @1.300.0 (perl)
MooseX::SlurpyConstructor - Make your object constructor collect all unknown attributes

p5.32-moosex-strictconstructor @0.210.0 (perl)
MooseX::StrictConstructor - Make your object constructors blow up on unknown attributes

p5.32-moosex-types-structured @0.360.0 (perl)
MooseX::Types::Structured - Structured Type Constraints for Moose

p5.32-moox-strictconstructor @0.13.0 (perl)
MooX::StrictConstructor - Make your Moo-based object constructors blow up on unknown attributes.

p5.32-postscript @0.60.0_1 (perl)
Perl extension for building an object that may be used to construct a block of text in PostScript

p5.32-socket6 @0.290.0 (perl)
IPv6 related part of the C socket.h defines and structure manipulators

p5.32-sql-abstract @2.0.1 (perl, databases)
SQL::Abstract - Generate SQL from Perl data structures

p5.32-sql-abstract-classic @1.910.0 (perl)
SQL::Abstract::Classic - Generate SQL from Perl data structures

p5.32-sql-translator @1.660.0 (perl)
SQL::Translator - manipulate structured data definitions (SQL and more)

p5.32-storable @3.250.0 (perl)
Storable - persistence for Perl data structures

p5.32-struct-dumb @0.160.0 (perl)
Struct::Dumb - make simple lightweight record-like structures

p5.32-test-differences @0.720.0 (perl)
Test::Differences - Test strings and data structures and show differences if not ok

p5.32-text-quoted @2.100.0 (perl)
Extract the structure of a quoted mail message

p5.32-variable-ondestruct @0.90.0 (perl)
Variable::OnDestruct - Call a subroutine on destruction of a variable.

p5.32-xml-dom @1.460.0 (perl)
A perl module for building DOM Level 1 compliant document structures

p5.34-catalyst-plugin-authentication @0.100.240 (perl)
Catalyst::Plugin::Authentication - Infrastructure plugin for the Catalyst authentication framework

p5.34-cgi-struct @1.210.0 (perl)
Build structures from CGI data

p5.34-class-insideout @1.140.0 (perl)
Class::InsideOut is a safe, simple inside-out object construction kit.

p5.34-class-inspector @1.360.0 (perl)
Get information about a class and its structure

p5.34-class-tiny @1.8.0 (perl)
Minimalist class construction

p5.34-class-tiny-chained @0.4.0 (perl)
Class::Tiny::Chained - Minimalist class construction, with chained attributes

p5.34-data-censor @0.40.0 (perl)
Data::Censor - censor sensitive stuff in a data structure

p5.34-data-compare @1.290.0 (perl)
Compare perl data structures

p5.34-data-diver @1.10.100 (perl)
Simple, ad-hoc access to elements of deeply nested structures

p5.34-data-dump @1.250.0 (perl)
Pretty printing of data structures

p5.34-data-dump-streamer @2.420.0 (perl)
Data::Dump::Streamer - Accurately serialize a data structure as Perl code.

p5.34-data-dumper @2.183.0 (perl)
Stringified Perl data structures, suitable for both printing and eval

p5.34-data-hierarchy @0.340.0_3 (perl)
This is a Perl extension for handling data in a hierarchical structure.

p5.34-data-printer @1.2.1 (perl)
Data::Printer - colored pretty-print of Perl data structures and objects

p5.34-data-serializer @0.650.0 (perl)
Data::Serializer - Modules that serialize data structures

p5.34-data-structure-util @0.160.0 (perl)
Data::Structure::Util - Change nature of data within a structure

p5.34-data-visitor @0.320.0 (perl)
Visitor style traversal of Perl data structures

p5.34-declare-constraints-simple @0.30.0 (perl)
Declare::Constraints::Simple - Declarative Validation of Data Structures

p5.34-devel-globaldestruction @0.140.0 (perl)
Devel::GlobalDestruction - Provides function returning true if the interpreter is in global destruction.

p5.34-devel-partialdump @0.200.0 (perl)
Devel::PartialDump - Partial dumping of data structures, optimized for argument printing.

p5.34-eval @2.2.8_4 (perl, biology)
Eval is a flexible tool for analyzing the performance of gene-structure prediction programs.

p5.34-freezethaw @0.500.100_2 (perl)
FreezeThaw - convertin Perl structures to strings and back.

p5.34-graph @0.973.500 (perl)
Graph - graph data structures and algorithms

p5.34-graphics-toolkit-color @1.972.0 (perl)
Graphics::Toolkit::Color - color palette constructor

p5.34-heap @0.800.0_4 (perl)
Collection of routines for managing a heap data structure

p5.34-html-stripscripts @1.60.0 (perl)
Strip scripting constructs out of HTML

p5.34-imap-bodystructure @1.30.0 (perl)
IMAP4-compatible BODYSTRUCTURE and ENVELOPE parser

p5.34-mac-fsevents @0.220.0 (perl)
Mac::FSEvents - Monitor a directory structure for changes

p5.34-mldbm @2.50.0_1 (perl)
Store multi-level hash structure in single level tied hash

p5.34-moosex-multiinitarg @0.20.0 (perl)
Attributes with aliases for constructor arguments

p5.34-moosex-slurpyconstructor @1.300.0 (perl)
MooseX::SlurpyConstructor - Make your object constructor collect all unknown attributes

p5.34-moosex-strictconstructor @0.210.0 (perl)
MooseX::StrictConstructor - Make your object constructors blow up on unknown attributes

p5.34-moosex-types-structured @0.360.0 (perl)
MooseX::Types::Structured - Structured Type Constraints for Moose

p5.34-moox-strictconstructor @0.13.0 (perl)
MooX::StrictConstructor - Make your Moo-based object constructors blow up on unknown attributes.

p5.34-postscript @0.60.0_1 (perl)
Perl extension for building an object that may be used to construct a block of text in PostScript

p5.34-socket6 @0.290.0 (perl)
IPv6 related part of the C socket.h defines and structure manipulators

p5.34-sql-abstract @2.0.1 (perl, databases)
SQL::Abstract - Generate SQL from Perl data structures

p5.34-sql-abstract-classic @1.910.0 (perl)
SQL::Abstract::Classic - Generate SQL from Perl data structures

p5.34-sql-translator @1.660.0 (perl)
SQL::Translator - manipulate structured data definitions (SQL and more)

p5.34-storable @3.250.0 (perl)
Storable - persistence for Perl data structures

p5.34-struct-dumb @0.160.0 (perl)
Struct::Dumb - make simple lightweight record-like structures

p5.34-test-differences @0.720.0 (perl)
Test::Differences - Test strings and data structures and show differences if not ok

p5.34-text-quoted @2.100.0 (perl)
Extract the structure of a quoted mail message

p5.34-variable-ondestruct @0.90.0 (perl)
Variable::OnDestruct - Call a subroutine on destruction of a variable.

p5.34-xml-dom @1.460.0 (perl)
A perl module for building DOM Level 1 compliant document structures

pccts @1.33_2 (devel, lang)
Purdue Compiler-Construction Tool Set (parser-generator)

pdb2pqr @3.7.1 (science, python)
Preparation of protein structures for electrostatics calculations

pulumi @3.216.0 (sysutils, net)
Pulumi - Modern Infrastructure as Code. Any cloud, any language.

py-arabic-reshaper @3.0.0 (python)
Reconstruct Arabic sentences to be used in applications that don't support Arabic script.

py-asn1crypto @1.5.1 (python, devel)
A fast, pure Python library for parsing and serializing ASN.1 structures.

py-barnaba @0.1.9 (python, science)
BaRNAba is a tool for analyzing RNA three-dimensional structures and simulations.

py-bitstruct @8.19.0 (python, devel)
This module performs conversions between Python values and C bit field structs represented as Python byte strings.

py-boltons @23.0.0 (python)
Constructs, recipes, and snippets which extend the Python standard library

py-cattrs @25.3.0_1 (python)
py-cattrs is an open-source Python library for structuring and unstructuring data.

py-construct @2.10.70 (python, devel)
python module for parsing and building binary or textual data structures

py-dm-tree @0.1.9 (python)
Deepmind tree is a library for working with nested data structures.

py-frozenlist @1.8.0 (python)
list-like structure which implements collections.abc.MutableSequence

py-gemmi @0.7.4 (python, science)
library for structural biology

py-html2text @2025.4.15 (python, textproc)
Script to turn HTML into equivalent Markdown-structured text.

py-jaraco.classes @3.4.0 (python)
Utility functions for Python class constructs

py-kaitaistruct @0.10 (python)
Kaitai Struct declarative parser generator for binary data runtime library for Python

py-m2r @0.2.1 (python, devel)
Converts a markdown file including reStructuredText (rst) markups to a valid rst format

py-marisa-trie @1.1.1 (python, devel)
Static memory-efficient & fast Trie structures for Python (based on marisa-trie C++ library)

py-meshio @5.3.5 (python)
There are various mesh formats available for representing unstructured meshes.

py-nevow @0.14.4 (python)
A Web Application Construction Kit

py-oci @2.128.2 (python, net)
Oracle Cloud Infrastructure Python SDK

py-olefile @0.47 (python, devel)
Python package to parse read and write Microsoft OLE2 files (Structured Storage or Compound Document Microsoft Office) - Improved version of the OleFileIO module from PIL, the Python Image Library.

py-pandas @2.3.3 (python, science)
Powerful data structures for data analysis and statistics

py-pygraphviz @1.14 (python, science)
A Python wrapper for the Graphviz Agraph data structure.

py-pygtrie @2.5.0 (python)
Trie data structure implementation.

py-pytrie @0.4.0 (python)
A pure Python implementation of the trie data structure.

py-radix @0.5 (python)
radix tree data structure implementation for python

py-rich_rst @1.3.2 (python)
reStructuredText renderer for rich

py-rpds-py @0.30.0 (python, devel)
Python bindings to Rust's persistent data structures (rpds)

py-rstcheck @6.2.5 (python, devel)
Checks syntax of reStructuredText and code blocks nested within it

py-rstcheck-core @1.2.2 (python, devel)
Checks syntax of reStructuredText and code blocks nested within it

py-structlog @25.5.0 (python)
Structured Logging for Python

py-zsi @2.0 (python, net)
Zolera SOAP Infrastructure is a Python implementation of SOAP

py27-construct @2.10.54 (python, devel)
python module for parsing and building binary or textual data structures

py27-m2r @0.2.1 (python, devel)
Converts a markdown file including reStructuredText (rst) markups to a valid rst format

py27-nevow @0.14.4 (python)
A Web Application Construction Kit

py27-olefile @0.47 (python, devel)
Python package to parse read and write Microsoft OLE2 files (Structured Storage or Compound Document Microsoft Office) - Improved version of the OleFileIO module from PIL, the Python Image Library.

py27-radix @0.5 (python)
radix tree data structure implementation for python

py27-zsi @2.0 (python, net)
Zolera SOAP Infrastructure is a Python implementation of SOAP

py39-construct @2.10.70 (python, devel)
python module for parsing and building binary or textual data structures

py39-olefile @0.47 (python, devel)
Python package to parse read and write Microsoft OLE2 files (Structured Storage or Compound Document Microsoft Office) - Improved version of the OleFileIO module from PIL, the Python Image Library.

py39-pandas @2.3.3 (python, science)
Powerful data structures for data analysis and statistics

py39-pygtrie @2.5.0 (python)
Trie data structure implementation.

py39-rpds-py @0.30.0 (python, devel)
Python bindings to Rust's persistent data structures (rpds)

py310-arabic-reshaper @3.0.0 (python)
Reconstruct Arabic sentences to be used in applications that don't support Arabic script.

py310-asn1crypto @1.5.1 (python, devel)
A fast, pure Python library for parsing and serializing ASN.1 structures.

py310-barnaba @0.1.9 (python, science)
BaRNAba is a tool for analyzing RNA three-dimensional structures and simulations.

py310-boltons @23.0.0 (python)
Constructs, recipes, and snippets which extend the Python standard library

py310-cattrs @25.3.0_1 (python)
py-cattrs is an open-source Python library for structuring and unstructuring data.

py310-construct @2.10.70 (python, devel)
python module for parsing and building binary or textual data structures

py310-dm-tree @0.1.9 (python)
Deepmind tree is a library for working with nested data structures.

py310-frozenlist @1.8.0 (python)
list-like structure which implements collections.abc.MutableSequence

py310-html2text @2025.4.15 (python, textproc)
Script to turn HTML into equivalent Markdown-structured text.

py310-jaraco.classes @3.4.0 (python)
Utility functions for Python class constructs

py310-kaitaistruct @0.10 (python)
Kaitai Struct declarative parser generator for binary data runtime library for Python

py310-m2r @0.2.1 (python, devel)
Converts a markdown file including reStructuredText (rst) markups to a valid rst format

py310-marisa-trie @1.1.1 (python, devel)
Static memory-efficient & fast Trie structures for Python (based on marisa-trie C++ library)

py310-meshio @5.3.5 (python)
There are various mesh formats available for representing unstructured meshes.

py310-oci @2.128.2 (python, net)
Oracle Cloud Infrastructure Python SDK

py310-olefile @0.47 (python, devel)
Python package to parse read and write Microsoft OLE2 files (Structured Storage or Compound Document Microsoft Office) - Improved version of the OleFileIO module from PIL, the Python Image Library.

py310-pandas @2.3.3 (python, science)
Powerful data structures for data analysis and statistics

py310-pygraphviz @1.14 (python, science)
A Python wrapper for the Graphviz Agraph data structure.

py310-pytrie @0.4.0 (python)
A pure Python implementation of the trie data structure.

py310-rich_rst @1.3.2 (python)
reStructuredText renderer for rich

py310-rpds-py @0.30.0 (python, devel)
Python bindings to Rust's persistent data structures (rpds)

py310-rstcheck @6.2.5 (python, devel)
Checks syntax of reStructuredText and code blocks nested within it

py310-rstcheck-core @1.2.2 (python, devel)
Checks syntax of reStructuredText and code blocks nested within it

py310-structlog @25.5.0 (python)
Structured Logging for Python

py311-arabic-reshaper @3.0.0 (python)
Reconstruct Arabic sentences to be used in applications that don't support Arabic script.

py311-asn1crypto @1.5.1 (python, devel)
A fast, pure Python library for parsing and serializing ASN.1 structures.

py311-boltons @23.0.0 (python)
Constructs, recipes, and snippets which extend the Python standard library

py311-cattrs @25.3.0_1 (python)
py-cattrs is an open-source Python library for structuring and unstructuring data.

py311-construct @2.10.70 (python, devel)
python module for parsing and building binary or textual data structures

py311-dm-tree @0.1.9 (python)
Deepmind tree is a library for working with nested data structures.

py311-frozenlist @1.8.0 (python)
list-like structure which implements collections.abc.MutableSequence

py311-html2text @2025.4.15 (python, textproc)
Script to turn HTML into equivalent Markdown-structured text.

py311-jaraco.classes @3.4.0 (python)
Utility functions for Python class constructs

py311-kaitaistruct @0.10 (python)
Kaitai Struct declarative parser generator for binary data runtime library for Python

py311-m2r @0.2.1 (python, devel)
Converts a markdown file including reStructuredText (rst) markups to a valid rst format

py311-marisa-trie @1.1.1 (python, devel)
Static memory-efficient & fast Trie structures for Python (based on marisa-trie C++ library)

py311-meshio @5.3.5 (python)
There are various mesh formats available for representing unstructured meshes.

py311-oci @2.128.2 (python, net)
Oracle Cloud Infrastructure Python SDK

py311-olefile @0.47 (python, devel)
Python package to parse read and write Microsoft OLE2 files (Structured Storage or Compound Document Microsoft Office) - Improved version of the OleFileIO module from PIL, the Python Image Library.

py311-pandas @2.3.3 (python, science)
Powerful data structures for data analysis and statistics

py311-pygraphviz @1.14 (python, science)
A Python wrapper for the Graphviz Agraph data structure.

py311-pytrie @0.4.0 (python)
A pure Python implementation of the trie data structure.

py311-rich_rst @1.3.2 (python)
reStructuredText renderer for rich

py311-rpds-py @0.30.0 (python, devel)
Python bindings to Rust's persistent data structures (rpds)

py311-rstcheck @6.2.5 (python, devel)
Checks syntax of reStructuredText and code blocks nested within it

py311-rstcheck-core @1.2.2 (python, devel)
Checks syntax of reStructuredText and code blocks nested within it

py311-structlog @25.5.0 (python)
Structured Logging for Python

py312-arabic-reshaper @3.0.0 (python)
Reconstruct Arabic sentences to be used in applications that don't support Arabic script.

py312-asn1crypto @1.5.1 (python, devel)
A fast, pure Python library for parsing and serializing ASN.1 structures.

py312-bitstruct @8.19.0 (python, devel)
This module performs conversions between Python values and C bit field structs represented as Python byte strings.

py312-cattrs @25.3.0_1 (python)
py-cattrs is an open-source Python library for structuring and unstructuring data.

py312-construct @2.10.70 (python, devel)
python module for parsing and building binary or textual data structures

py312-dm-tree @0.1.9 (python)
Deepmind tree is a library for working with nested data structures.

py312-frozenlist @1.8.0 (python)
list-like structure which implements collections.abc.MutableSequence

py312-html2text @2025.4.15 (python, textproc)
Script to turn HTML into equivalent Markdown-structured text.

py312-jaraco.classes @3.4.0 (python)
Utility functions for Python class constructs

py312-kaitaistruct @0.10 (python)
Kaitai Struct declarative parser generator for binary data runtime library for Python

py312-m2r @0.2.1 (python, devel)
Converts a markdown file including reStructuredText (rst) markups to a valid rst format

py312-marisa-trie @1.1.1 (python, devel)
Static memory-efficient & fast Trie structures for Python (based on marisa-trie C++ library)

py312-meshio @5.3.5 (python)
There are various mesh formats available for representing unstructured meshes.

py312-olefile @0.47 (python, devel)
Python package to parse read and write Microsoft OLE2 files (Structured Storage or Compound Document Microsoft Office) - Improved version of the OleFileIO module from PIL, the Python Image Library.

py312-pandas @2.3.3 (python, science)
Powerful data structures for data analysis and statistics

py312-pygraphviz @1.14 (python, science)
A Python wrapper for the Graphviz Agraph data structure.

py312-pytrie @0.4.0 (python)
A pure Python implementation of the trie data structure.

py312-rich_rst @1.3.2 (python)
reStructuredText renderer for rich

py312-rpds-py @0.30.0 (python, devel)
Python bindings to Rust's persistent data structures (rpds)

py312-rstcheck @6.2.5 (python, devel)
Checks syntax of reStructuredText and code blocks nested within it

py312-rstcheck-core @1.2.2 (python, devel)
Checks syntax of reStructuredText and code blocks nested within it

py312-structlog @25.5.0 (python)
Structured Logging for Python

py313-asn1crypto @1.5.1 (python, devel)
A fast, pure Python library for parsing and serializing ASN.1 structures.

py313-cattrs @25.3.0_1 (python)
py-cattrs is an open-source Python library for structuring and unstructuring data.

py313-construct @2.10.70 (python, devel)
python module for parsing and building binary or textual data structures

py313-dm-tree @0.1.9 (python)
Deepmind tree is a library for working with nested data structures.

py313-frozenlist @1.8.0 (python)
list-like structure which implements collections.abc.MutableSequence

py313-gemmi @0.7.4 (python, science)
library for structural biology

py313-html2text @2025.4.15 (python, textproc)
Script to turn HTML into equivalent Markdown-structured text.

py313-jaraco.classes @3.4.0 (python)
Utility functions for Python class constructs

py313-kaitaistruct @0.10 (python)
Kaitai Struct declarative parser generator for binary data runtime library for Python

py313-meshio @5.3.5 (python)
There are various mesh formats available for representing unstructured meshes.

py313-olefile @0.47 (python, devel)
Python package to parse read and write Microsoft OLE2 files (Structured Storage or Compound Document Microsoft Office) - Improved version of the OleFileIO module from PIL, the Python Image Library.

py313-pandas @2.3.3 (python, science)
Powerful data structures for data analysis and statistics

py313-pygraphviz @1.14 (python, science)
A Python wrapper for the Graphviz Agraph data structure.

py313-pytrie @0.4.0 (python)
A pure Python implementation of the trie data structure.

py313-rich_rst @1.3.2 (python)
reStructuredText renderer for rich

py313-rpds-py @0.30.0 (python, devel)
Python bindings to Rust's persistent data structures (rpds)

py313-rstcheck @6.2.5 (python, devel)
Checks syntax of reStructuredText and code blocks nested within it

py313-rstcheck-core @1.2.2 (python, devel)
Checks syntax of reStructuredText and code blocks nested within it

py313-structlog @25.5.0 (python)
Structured Logging for Python

py314-cattrs @25.3.0_1 (python)
py-cattrs is an open-source Python library for structuring and unstructuring data.

py314-construct @2.10.70 (python, devel)
python module for parsing and building binary or textual data structures

py314-dm-tree @0.1.9 (python)
Deepmind tree is a library for working with nested data structures.

py314-frozenlist @1.8.0 (python)
list-like structure which implements collections.abc.MutableSequence

py314-gemmi @0.7.4 (python, science)
library for structural biology

py314-jaraco.classes @3.4.0 (python)
Utility functions for Python class constructs

py314-meshio @5.3.5 (python)
There are various mesh formats available for representing unstructured meshes.

py314-olefile @0.47 (python, devel)
Python package to parse read and write Microsoft OLE2 files (Structured Storage or Compound Document Microsoft Office) - Improved version of the OleFileIO module from PIL, the Python Image Library.

py314-pandas @2.3.3 (python, science)
Powerful data structures for data analysis and statistics

py314-rich_rst @1.3.2 (python)
reStructuredText renderer for rich

py314-rpds-py @0.30.0 (python, devel)
Python bindings to Rust's persistent data structures (rpds)

py314-rstcheck @6.2.5 (python, devel)
Checks syntax of reStructuredText and code blocks nested within it

py314-rstcheck-core @1.2.2 (python, devel)
Checks syntax of reStructuredText and code blocks nested within it

py314-structlog @25.5.0 (python)
Structured Logging for Python

pyinfra @3.6 (sysutils, python)
pyinfra automates infrastructure super fast at massive scale.

R-alphashape3d @1.3.2_1 (R, science)
Implementation of the 3D alpha-shape for the reconstruction of 3D sets from a point cloud

R-anocva @0.1.1_1 (R, science, math)
Non-parametric statistical test to compare clustering structures

R-async @0.3.2_1 (R, science)
Asynchronous code constructs: generators, yield, async, await

R-autostsm @3.1.5 (R, science, math)
Automatic Structural Time Series Models

R-basefun @1.1-4_1 (R, science, math)
Infrastructure for computing with basis functions

R-bayesvl @0.8.5_2 (R, science, math)
Visually learning the graphical structure of Bayesian networks and performing MCMC with Stan

R-BCDAG @1.1.1 (R, science, math)
Bayesian structure and causal learning of Gaussian directed graphs

R-BDgraph @2.73 (R, science, math)
Bayesian structure learning in graphical models using birth-death MCMC

R-bnlearn @5.0.1 (R, science, math)
Bayesian network structure learning, parameter learning and inference

R-BNSL @0.1.4_2 (R, science, math)
Bayesian network structure learning

R-bnstruct @1.0.15_1 (R, science, math)
Bayesian network structure learning from data with missing values

R-BoolNet @2.1.9_1 (R, science, math)
Construction, simulation and analysis of Boolean networks

R-BSgenome @1.72.0 (R, science, bioconductor)
Software infrastructure for efficient representation of full genomes and their SNPs

R-bsts @0.9.10_1 (R, science, math)
Bayesian Structural Time Series

R-bsvars @3.2 (R, science, economics, math)
Bayesian estimation of structural vector autoregressive models

R-caroline @0.9.9 (R, science)
Collection of database, data structure, visualization and utility functions for R

R-classGraph @0.7-6_1 (R, science)
Construct graphs of S4 class hierarchies

R-conf.design @2.0.0_2 (R, science)
Construction of factorial designs

R-constructive @1.0.1 (R, science)
Display idiomatic code to construct most R objects

R-ctsem @3.10.1 (R, science, math)
Continuous Time Structural Equation Modelling

R-cubble @1.0.0 (R, science, math)
Vector spatio-temporal data structure for data analysis

R-dagHMM @0.1.0_1 (R, science)
Directed Acyclic Graph HMM- with TAN-structured emissions

R-data.tree @1.1.0_1 (R, science)
General purpose hierarchical data structure

R-DiceEval @1.6.1_1 (R, science, math)
Construction and evaluation of metamodels

R-distances @0.1.11 (R, science, math)
Provides tools for constructing, manipulating and using distance metrics

R-distfromq @1.0.4 (R, science, math)
Reconstruct a distribution from a collection of quantiles

R-dlsem @2.4.6_2 (R, science, math)
Distributed-Lag Linear Structural Equation Models

R-dsem @1.3.0 (R, science, math)
Fit dynamic structural equation models

R-EDISON @1.1.1_1 (R, science)
Network reconstruction and changepoint detection

R-esem @2.0.0_1 (R, science, math)
Exploratory Structural Equation Modeling

R-FCO @0.8.0_2 (R, science, math)
Flexible cut-offs for model fit evaluation in covariance-based structural models

R-fCopulae @4022.85_1 (R, science, finance)
Bivariate dependence structures with copulæ

R-FFP @0.2.2_3 (R, science, math, finance)
Fully Flexible Probabilities for stress testing and portfolio construction

R-fmcsR @1.46.0 (R, science, bioconductor)
Mismatch-tolerant maximum common substructure searching

R-foreach @1.5.2_2 (R, science, devel)
Provides foreach looping construct

R-formattable @0.2.1_2 (R, science)
Create formattable data structures

R-gamCopula @0.0-7_1 (R, science, math)
Generalized additive models for bivariate conditional dependence structures and vine copulas

R-gdsfmt @1.40.1 (R, science, bioconductor)
R interface to CoreArray Genomic Data Structure (GDS) files

R-geometries @0.2.4_1 (R, science)
R package for creating and manipulating geometric data structures

R-gigg @0.2.1_1 (R, science, math)
Group Inverse-Gamma Gamma shrinkage for sparse regression with grouping structure

R-gWidgets2 @1.0-9_1 (R, science, graphics)
Rewrite of gWidgets API for simplified GUI construction

R-hardhat @1.4.0 (R, science, devel)
Construct modelling packages

R-influenceR @0.1.5_1 (R, science)
Software tools to quantify structural importance of nodes in a network

R-iterators @1.0.14_2 (R, science)
Provides iterator construct

R-kableExtra @1.4.0_1 (R, science)
Construct complex table with kable and pipe syntax

R-lavaan.survey @1.1.3.1_2 (R, science)
Complex survey structural equation modelling

R-lessSEM @1.5.5_2 (R, science, math)
Non-smooth regularization for structural equation models

R-lmeInfo @0.3.2_2 (R, science, math)
Information matrices for lmestruct and glsstruct objects

R-lobstr @1.1.2_2 (R, science)
Visualize R data structures with trees

R-mbbefd @0.8.11_1 (R, science, finance, math)
Maxwell–Boltzmann–Bose–Einstein–Fermi–Dirac Distribution and destruction rate modelling

R-mbsts @3.0_1 (R, science, math)
Multivariate Bayesian Structural Time Series

R-memochange @1.1.1_1 (R, science, math)
Testing for structural breaks under long memory and testing for changes in persistence

R-MeSHDbi @1.40.0 (R, science, bioconductor)
DBI to construct MeSH-related package from sqlite file

R-microbenchmark @1.5.0 (R, science)
Infrastructure to accurately measure and compare the execution time of R expressions

R-MIIVsem @0.5.8_2 (R, science, math)
Model Implied Instrumental Variable (MIIV) estimation of Structural Equation Models

R-modeltests @0.1.6 (R, science)
Testing infrastructure for Broom model generics

R-monoreg @2.1_2 (R, science, math)
Bayesian monotonic regression using a marked point process construction

R-nCopula @0.1.1_1 (R, science, math)
Hierarchical archimedean copulas constructed with multivariate compound distributions

R-nestr @0.1.2_2 (R, science)
Build nesting or hierarchical structures

R-NLP @0.3-2 (R, science, textproc)
Natural Language Processing infrastructure

R-nlpsem @0.3_1 (R, science, math)
Linear and non-linear longitudinal process in structural equation modelling framework

R-nlsem @0.8-1_1 (R, science, math)
Fitting structural equation mixture models

R-NMI @2.0_1 (R, science, economics)
Normalized Mutual Information of community structure in network

R-ompr.roi @1.0.2_1 (R, science, math)
A solver for R-ompr based on the R Optimization Infrastructure (ROI)

R-OpenMx @2.21.13 (R, science, math)
Extended structural equation modelling

R-pcgen @0.2.0_2 (R, science)
Reconstruction of causal networks for data with random genetic effects

R-phangorn @2.12.1 (R, science, biology)
Phylogenetic reconstruction and analysis

R-piecewiseSEM @2.3.0.1 (R, science, math)
Piece-wise structural equation modeling in R

R-pks @0.6-1 (R, science, math)
Probabilistic Knowledge Structures

R-polyMatrix @0.9.16 (R, science, math)
Infrastructure for manipulation polynomial matrices

R-pomdp @1.2.4 (R, science, math)
Infrastructure for Partially Observable Markov Decision Processes (POMDP)

R-prefio @0.1.1_1 (R, science)
Structures for preference data

R-PRSPGx @0.3.0_1 (R, science)
Construct PGx PRS

R-psychotools @0.7-4 (R, science)
Psychometric modelling infrastructure

R-R.filesets @2.15.1_1 (R, science, sysutils)
Easy handling of and access to files organized in structured directories

R-R2BayesX @1.1-5_1 (R, science, math)
Estimate structured additive regression models with BayesX

R-R6causal @0.8.3_1 (R, science, math)
R6 class for structural causal models

R-R6DS @1.2.0_1 (R, science, devel)
R6 reference class-based data structures

R-registry @0.5-1_2 (R, science)
Infrastructure for R package registries

R-regress @1.3-21_1 (R, science, math)
Gaussian linear models with linear covariance structure

R-relations @0.6-14 (R, science, math)
Data structures and algorithms for relations

R-ROI @1.0-1_1 (R, science, math)
R Optimization Infrastructure

R-ROI.plugin.alabama @1.0-2_1 (R, science, math)
R-alabama plug-in for the R Optimization Infrastructure

R-ROI.plugin.deoptim @1.0-2_1 (R, science, math)
R-DEoptim and R-DEoptimR plug-in for the R Optimization Infrastructure

R-ROI.plugin.ecos @1.0-2_1 (R, science, math)
ECOS plug-in for the R Optimization Infrastructure

R-ROI.plugin.highs @1.0-3_1 (R, science, math)
R-highs plug-in for the R Optimization Infrastructure

R-ROI.plugin.ipop @1.0-0_1 (R, science, math)
ipop plug-in for the R Optimization Infrastructure

R-ROI.plugin.lpsolve @1.0-2_1 (R, science, math)
lp_solve plug-in for the R Optimization Infrastructure

R-ROI.plugin.nloptr @1.0-1_1 (R, science, math)
R-nloptr plug-in for the R Optimization Infrastructure

R-ROI.plugin.optimx @1.0-1_1 (R, science, math)
R-optimx plug-in for the R Optimization Infrastructure

R-ROI.plugin.osqp @1.0-2 (R, science, math)
R-osqp plug-in for the R Optimization Infrastructure

R-ROI.plugin.qpoases @1.0-3_1 (R, science, math)
qpOASES plug-in for the R Optimization Infrastructure

R-ROI.plugin.quadprog @1.0-1_1 (R, science, math)
R-quadprog plug-in for the R Optimization Infrastructure

R-ROI.plugin.scs @1.1-2_1 (R, science, math)
SCS plug-in for the R Optimization Infrastructure

R-ROptSpace @0.2.3_1 (R, science, math)
Matrix reconstruction from a few entries

R-rsample @1.2.1_1 (R, science)
General resampling infrastructure

R-rsem @0.5.1_1 (R, science, math)
Robust structural equation modelling with missing data and auxiliary variables

R-rstackdeque @1.1.1_2 (R, science, devel)
Persistent fast amortized stack and queue data structures

R-SBICgraph @1.0.0_1 (R, science, math)
Structural Bayesian information criterion for graphical models

R-sdPrior @1.0-0_1 (R, science, math)
Scale-dependent hyperpriors in structured additive distributional regression

R-sem @3.1-16 (R, science, math)
Structural Equation Models

R-semds @0.9-6_1 (R, science, math)
Structural Equation Multidimensional Scaling

R-semfindr @0.1.8_1 (R, science, math)
Influential cases in structural equation modelling

R-semhelpinghands @0.1.12 (R, science, math)
Helper functions for structural equation modelling

R-SEMID @0.4.1_1 (R, science, math)
Identifiability of linear structural equation models

R-semlbci @0.11.2 (R, science, math)
Likelihood-based confidence interval in structural equation models

R-semmcci @1.1.4 (R, science, math)
Monte Carlo confidence intervals in structural equation modelling

R-semptools @0.2.10_1 (R, science)
Customize structural equation modelling plots

R-semTests @0.5.0_1 (R, science, math)
Goodness-of-fit testing for structural equation models

R-semTools @0.5-6_2 (R, science, math)
Useful tools for structural equation modeling

R-semtree @0.9.20_1 (R, science, math)
Recursive partitioning for structural equation models

R-seriation @1.5.7 (R, science)
Infrastructure for ordering objects using seriation

R-SeuratObject @5.0.2 (R, science)
Data structures for single cell data

R-silicate @0.7.1_1 (R, science)
Common forms for complex hierarchical and relational data structures

R-SimDesign @2.17.1 (R, science)
Structure for organizing Monte Carlo simulation designs

R-sox @1.2.1 (R, science, math)
Structured learning in time-dependent Cox models

R-sparseSEM @4.0_1 (R, science, math)
Sparse-aware maximum likelihood for structural equation models

R-SPINA @4.1.0_1 (R, science)
Structure Parameter Inference Approach

R-ssgraph @1.15_2 (R, science, math)
Bayesian graph structure learning using spike-and-slab priors

R-stm @1.3.7_1 (R, science, textproc)
Estimation of the Structural Topic Model

R-strucchange @1.5-4 (R, science, math, finance)
Testing, monitoring and dating structural changes

R-Structstrings @1.20.0 (R, science, bioconductor)
Implementation of the dot bracket annotations with Biostrings

R-sts @1.2 (R, science, textproc)
Estimation of the structural topic and sentiment–discourse model

R-tidyindex @0.1.0_1 (R, science)
Tidy data pipeline to construct, compare and analyse indices

R-tidySEM @0.2.7 (R, science, math)
Tidy Structural Equation Modeling

R-tsPI @1.0.4_1 (R, science, math)
Improved prediction intervals for ARIMA processes and structural time series

R-TSVC @1.5.3_1 (R, science, math)
Tree-structured modelling of varying coefficients

R-turner @0.1.9_1 (R, science, devel)
Turn vectors and lists of vectors into indexed structures

R-umx @4.21.0 (R, science, math)
Structural equation modelling and twin modelling

R-utility @1.4.6_1 (R, science, economics)
Construct, evaluate and plot value and utility functions

R-validate @1.1.5_1 (R, science)
Data validation infrastructure

R-VARDetect @0.1.8 (R, science, math)
Multiple change point detection in structural VAR models

R-wsbackfit @1.0-5_1 (R, science, math)
Weighted smooth backfitting for structured models

R-zoo @1.8-12_2 (R, science)
S3 infrastructure for regular and irregular time series.

rb-htree @0.7 (ruby)
htree provides a tree data structre which represent HTML and XML data.

rb-yaml_zlib_blowfish @2.0.230116 (ruby, devel, crypto)
Dump, compress and encrypt your Ruby data structures!

rb19-builder @2.1.2 (ruby)
Builder provides a number of builder objects that make creating structured data simple to do.

rb19-flay @1.4.0 (ruby)
Analyzes Ruby code for structural similarities

rb30-yaml_zlib_blowfish @2.0.230116 (ruby, devel, crypto)
Dump, compress and encrypt your Ruby data structures!

rb31-yaml_zlib_blowfish @2.0.230116 (ruby, devel, crypto)
Dump, compress and encrypt your Ruby data structures!

rb32-yaml_zlib_blowfish @2.0.230116 (ruby, devel, crypto)
Dump, compress and encrypt your Ruby data structures!

rb33-yaml_zlib_blowfish @2.0.230116 (ruby, devel, crypto)
Dump, compress and encrypt your Ruby data structures!

rst2pdf @0.104 (textproc, python)
Convert reStructured Text to PDF via ReportLab

scons @4.10.0 (devel, python)
A software construction tool

sglib @1.0.4 (devel)
useful macros for manipulating common data structures

sgrep @0.99 (textproc)
structured grep is a tool for searching SGML, XML and HTML files

sgrep2 @1.94a_1 (textproc)
structured grep is a tool for searching SGML, XML and HTML files

sicp @0.0.1_3 (lang)
Structure and Interpretation of Computer Programs (texinfo book)

simde @0.7.2 (devel)
library that implements SIMD instruction sets for systems which don't natively support them

slearp @0.95 (textproc, math)
structured learning and predict toolkit for tasks such as g2p conversion, based on discriminative leaning

stfl @0.24_2 (devel)
Structured Terminal Forms Language/Library

strumpack @8.0.0 (math, science)
Structured Matrix Package (LBNL)

syncha @0.3.1 (textproc)
a Japanese predicate-argument structure analyzer

terraform-0.11 @0.11.15_1 (sysutils)
A tool for building, changing, and versioning infrastructure safely and efficiently.

terraform-0.12 @0.12.31_1 (sysutils)
A tool for building, changing, and versioning infrastructure safely and efficiently.

terraform-0.13 @0.13.7_1 (sysutils)
A tool for building, changing, and versioning infrastructure safely and efficiently.

terraform-0.14 @0.14.11_1 (sysutils)
A tool for building, changing, and versioning infrastructure safely and efficiently.

terraform-0.15 @0.15.5_1 (sysutils)
A tool for building, changing, and versioning infrastructure safely and efficiently.

terraform-1.0 @1.0.11_1 (sysutils)
A tool for building, changing, and versioning infrastructure safely and efficiently.

terraform-1.1 @1.1.9_1 (sysutils)
A tool for building, changing, and versioning infrastructure safely and efficiently.

terraform-1.2 @1.2.9_2 (sysutils)
A tool for building, changing, and versioning infrastructure safely and efficiently.

terraform-1.3 @1.3.10 (sysutils)
A tool for building, changing, and versioning infrastructure safely and efficiently.

terraform-1.4 @1.4.7 (sysutils)
A tool for building, changing, and versioning infrastructure safely and efficiently.

terraform-1.5 @1.5.7 (sysutils)
A tool for building, changing, and versioning infrastructure safely and efficiently.

terraform-1.6 @1.6.6 (sysutils)
A tool for building, changing, and versioning infrastructure safely and efficiently.

terraform-1.7 @1.7.5 (sysutils)
A tool for building, changing, and versioning infrastructure safely and efficiently.

terraform-1.8 @1.8.5 (sysutils)
A tool for building, changing, and versioning infrastructure safely and efficiently.

terraform-1.9 @1.9.8 (sysutils)
A tool for building, changing, and versioning infrastructure safely and efficiently.

terraform-1.10 @1.10.5 (sysutils)
A tool for building, changing, and versioning infrastructure safely and efficiently.

terraform-1.11 @1.11.4 (sysutils)
A tool for building, changing, and versioning infrastructure safely and efficiently.

terraform-1.12 @1.12.2 (sysutils)
A tool for building, changing, and versioning infrastructure safely and efficiently.

terraform-1.13 @1.13.5 (sysutils)
A tool for building, changing, and versioning infrastructure safely and efficiently.

terraform-1.14 @1.14.4 (sysutils)
A tool for building, changing, and versioning infrastructure safely and efficiently.

terraformer @0.8.30 (sysutils)
Generate terraform files from existing infrastructure (reverse Terraform).

terrascan @1.19.9 (sysutils)
Detect compliance and security violations across Infrastructure as Code

texlive-common @2025 (tex)
TeX Live common infrastructure.

theseus @3.3.0_4 (science)
A program for maximum likelihood superpositioning and analysis of macromolecular structures

tree-puzzle @5.2 (science)
a computer program to reconstruct phylogenetic trees from molecular sequence data by maximum likelihood

udis86 @1.7.2 (devel)
Udis86 is a disassembler engine that interprets and decodes a stream of binary machine code bytes as opcodes defined in the x86 and x86-64 class of Instruction Set Architectures.

ux-trie @0.1.9 (textproc)
More Succinct Trie Data structure

ViennaRNA @2.4.17_1 (science)
C Library and programs for the prediction and comparison of RNA secondary structures.

VillainousStyle @20110713 (devel, graphics)
a drawing library for defining a visual style from a chain of individual drawing instructions

VillainousStyle-framework @20110713 (devel, graphics)
a drawing library for defining a visual style from a chain of individual drawing instructions

wcalc @1.1 (science, electronics)
analyze and synthesize transmission line structures and related components

xcrysden @1.6.2_1 (science)
X-windows CRYstalline Structures and DENsities

ytt @0.52.2 (textproc)
YAML templating tool that works on YAML structure instead of text

zed @1.18.0 (textproc, devel)
Tooling for super-structured data: a new and easier way to manipulate data

zix @0.4.2_1 (devel)
A lightweight C99 portability and data structure library

zq @1.18.0 (textproc, devel)
Tooling for super-structured data: a new and easier way to manipulate data

Found 660 ports.
