antenna @1.2.1-beta (java, devel)
Antenna provides a set of Ant tasks suitable for developing mobile applications.

dotnet-runtime-2.1 @2.1.30_1 (dotnet)
.NET is a cross-platform runtime for cloud, mobile, desktop, and IoT apps.

dotnet-runtime-3.1 @3.1.32_1 (dotnet)
.NET is a cross-platform runtime for cloud, mobile, desktop, and IoT apps.

dotnet-runtime-6 @6.0.36 (dotnet)
.NET is a cross-platform runtime for cloud, mobile, desktop, and IoT apps.

dotnet-runtime-7 @7.0.20 (dotnet)
.NET is a cross-platform runtime for cloud, mobile, desktop, and IoT apps.

dotnet-runtime-8 @8.0.23 (dotnet)
.NET is a cross-platform runtime for cloud, mobile, desktop, and IoT apps.

dotnet-runtime-9 @9.0.12 (dotnet)
.NET is a cross-platform runtime for cloud, mobile, desktop, and IoT apps.

dotnet-runtime-10 @10.0.2 (dotnet)
.NET is a cross-platform runtime for cloud, mobile, desktop, and IoT apps.

dotnet-runtime-devel @10.0.0-rc.2.25502.107 (dotnet)
.NET is a cross-platform runtime for cloud, mobile, desktop, and IoT apps.

gnokii @0.6.31_5 (comms)
Tools to manipulate Nokia and other mobile phones.

libhandy @1.8.3 (gnome)
A library full of GTK+ widgets for mobile phones

libhandy-0.0 @0.0.13_1 (gnome)
A library full of GTK+ widgets for mobile phones

libimobiledevice @1.4.0_1 (devel)
A cross-platform software protocol library and tools to communicate with iOS devices natively.

libimobiledevice-devel @20251022 (devel)
A cross-platform software protocol library and tools to communicate with iOS devices natively.

libimobiledevice-glue @1.3.2 (devel)
Library with common code used by the libraries and tools around the libimobiledevice project

libimobiledevice-glue-devel @20250907 (devel)
Library with common code used by the libraries and tools around the libimobiledevice project

mobipocket @4.14.3_3 (kde, kde4)
Mobipocket plugins for Strigi indexing, Okular and thumbnails.

mosh @1.4.0_3 (net)
Mobile Shell

osmocore @1.3.0_1 (science, comms)
osmocore provides a set of C-language libraries that form the core infrastructure of many Osmocom Open Source Mobile Communications projects.

osmocore-devel @20200121-89c04288_1 (science, comms)
osmocore provides a set of C-language libraries that form the core infrastructure of many Osmocom Open Source Mobile Communications projects.

p5-text-visualwidth @0.20.0 (perl)
Text::VisualWidth - Perl extension for trimming text by the number of the columns of terminals and mobile phones.

p5.28-text-visualwidth @0.20.0 (perl)
Text::VisualWidth - Perl extension for trimming text by the number of the columns of terminals and mobile phones.

p5.30-text-visualwidth @0.20.0 (perl)
Text::VisualWidth - Perl extension for trimming text by the number of the columns of terminals and mobile phones.

p5.32-text-visualwidth @0.20.0 (perl)
Text::VisualWidth - Perl extension for trimming text by the number of the columns of terminals and mobile phones.

p5.34-text-visualwidth @0.20.0 (perl)
Text::VisualWidth - Perl extension for trimming text by the number of the columns of terminals and mobile phones.

py-sphinx_rtd_theme @3.1.0 (python)
ReadTheDocs.org mobile-friendly Sphinx theme.

py310-sphinx_rtd_theme @3.1.0 (python)
ReadTheDocs.org mobile-friendly Sphinx theme.

py311-sphinx_rtd_theme @3.1.0 (python)
ReadTheDocs.org mobile-friendly Sphinx theme.

py312-sphinx_rtd_theme @3.1.0 (python)
ReadTheDocs.org mobile-friendly Sphinx theme.

py313-sphinx_rtd_theme @3.1.0 (python)
ReadTheDocs.org mobile-friendly Sphinx theme.

py314-sphinx_rtd_theme @3.1.0 (python)
ReadTheDocs.org mobile-friendly Sphinx theme.

qrcp @0.11.3 (sysutils, net)
Transfer files over wifi from your computer to your mobile device by scanning a QR code without leaving the terminal.

qtmobility @1.2.0 (devel)
Qt Mobility APIs

R-mob @0.4.2_1 (R, science, math)
Monotonic Optimal Binning

sumo @0.32.0_15 (science, devel)
Simulation of Urban MObility (SUMO)

Found 35 ports.
