mod_pkcs12 @0.2.1_1 (www, security)
Redwax apache module to issue signed certificates in PKCS12 format

p5-dist-zilla-plugin-checkissues @0.11.0 (perl)
Dist::Zilla::Plugin::CheckIssues - Retrieve count of outstanding RT and github issues for your distribution

p5.28-dist-zilla-plugin-checkissues @0.11.0 (perl)
Dist::Zilla::Plugin::CheckIssues - Retrieve count of outstanding RT and github issues for your distribution

p5.30-dist-zilla-plugin-checkissues @0.11.0 (perl)
Dist::Zilla::Plugin::CheckIssues - Retrieve count of outstanding RT and github issues for your distribution

p5.32-dist-zilla-plugin-checkissues @0.11.0 (perl)
Dist::Zilla::Plugin::CheckIssues - Retrieve count of outstanding RT and github issues for your distribution

p5.34-dist-zilla-plugin-checkissues @0.11.0 (perl)
Dist::Zilla::Plugin::CheckIssues - Retrieve count of outstanding RT and github issues for your distribution

py-roundup @1.6.1 (python, www)
Issue-tracking system

py-sphinx-issues @3.0.1 (python)
A Sphinx plugin linking to your project's issue tracker.

py27-roundup @1.6.1 (python, www)
Issue-tracking system

py310-sphinx-issues @3.0.1 (python)
A Sphinx plugin linking to your project's issue tracker.

py311-sphinx-issues @3.0.1 (python)
A Sphinx plugin linking to your project's issue tracker.

py312-sphinx-issues @3.0.1 (python)
A Sphinx plugin linking to your project's issue tracker.

trac @1.4.3_1 (devel, python)
Wiki and issue tracking system.

trac-devel @1.4.3_1 (devel, python)
Wiki and issue tracking system.

triage @1.0.0 (devel)
Interactive command-line GitHub issue & notification triaging tool

Found 15 ports.
