absent @2020.10.28 (devel)
Small C++17 library meant to simplify the composition of nullable types in a generic, type-safe and declarative way.

bitstream-vera @1.10_2 (graphics)
Bitstream Vera Fonts for use with Freetype/Fontconfig

boo @0.9.1.3287 (lang, mono)
object oriented statically typed programming language for CLI

cdecl @18.5 (devel)
Composing and deciphering C (or C++) type declarations or casts.

cextract @1.7 (devel)
C prototype extractor

chemical-mime-data @0.1.94_2 (science, chemistry)
data files to support various chemical MIME types

cl-mimeparse @20210428 (lisp, devel)
Library for parsing MIME types, in the spirit of mimeparse, with a Common Lisp flavor.

cl-trivial-mime @20230603 (lisp, devel)
Tiny Common Lisp library to detect mime types in files.

cl-trivial-types @20120318 (lisp, devel)
Trivial type definitions for Common Lisp

cl-type-i @20230127 (lisp, devel)
Type Inference Utility on unary type-checking predicates

cproto @4.7y (devel)
Generate C prototypes from source code

daktilo @0.6.0 (games)
Turn your keyboard into a typewriter!

deno @2.6.8 (devel)
Deno is a simple, modern and secure runtime for JavaScript and TypeScript that uses V8 and is built in Rust.

dictconv @0.2 (kde)
converts dictionary file types

disktype @9_2 (sysutils)
Detects the content format of a disk or disk image

eina @1.7.10 (devel)
multi-platform data type library

entityx @1.3.0 (devel, games)
A fast, type-safe C++ Entity-Component system

eot-utils @1.1 (www)
W3C Embeddable OpenType font (eot) creation tools

eqwalizer @0.25.3 (erlang, devel)
A type-checker for Erlang

fast-float @8.2.2 (devel)
Fast and exact implementation of the C++ from_chars functions for float and double types

file @5.46 (sysutils)
File - determine file type

font-adobe-utopia-type1 @1.0.4_1 (x11, x11-font, graphics)
X.org Adobe Type1 Utopia fonts

font-bh-lucidatypewriter-75dpi @1.0.3_1 (x11, x11-font, graphics)
X.org Bigelow & Holmes Lucida Typewriter 75 DPI font

font-bh-lucidatypewriter-100dpi @1.0.3_1 (x11, x11-font, graphics)
X.org Bigelow & Holmes Lucida Typewriter 100 DPI font

font-bh-ttf @1.0.3_1 (x11, x11-font, graphics)
X.org Bigelow & Holmes TrueType fonts

font-bh-type1 @1.0.3_1 (x11, x11-font, graphics)
X.org Bigelow & Holmes Type1 fonts

font-bitstream-type1 @1.0.3_1 (x11, x11-font, graphics)
X.org Bitstream Type1 fonts

font-ibm-type1 @1.0.3_1 (x11, x11-font, graphics)
X.org IBM Type1 fonts

font-misc-ethiopic @1.0.4 (x11, x11-font, graphics)
X.org Ethiopic TrueType fonts

font-misc-meltho @1.0.3_1 (x11, x11-font, graphics)
X.org Meltho TrueType fonts

font-xfree86-type1 @1.0.4_1 (x11, x11-font, graphics)
X.org XFree86 Type1 font

fonttosfnt @1.2.2 (x11, graphics)
Wrap a bitmap font in a sfnt (TrueType) wrapper

freetype @2.13.3 (print, graphics)
A software font engine

fsharp @10.2.3 (lang, devel)
F# is a typed functional programming language.

ftgl @2.4.0_1 (graphics)
Freetype / OpenGL bridge

gleam @1.14.0 (lang)
A type safe language for the Erlang VM

gmm @5.4.4 (science, math)
Provides some basic types of sparse and dense matrices and vectors

GPGAppKit @A1_3 (aqua, devel, security)
A framework that provides GPG-type panels

graphene @1.10.8_1 (graphics, gnome)
A thin layer of graphic data types

harfbuzz @11.2.1_1 (graphics)
OpenType text shaping engine

harfbuzz-devel @11.2.1_1 (graphics)
OpenType text shaping engine

idris2 @0.8.0 (lang)
Purely functional programming language with dependent types

inkscape-textext @1.10.2 (graphics, tex)
LaTeX typesetting in Inkscape

Io @2017.09.06_8 (lang)
Io is small prototype-based programming language

jc @1.25.6_1 (sysutils, textproc, python)
jc converts the output of popular command-line tools and file-types to JSON.

kochi-substitute @20030809_1 (x11, fonts)
Free Japanese TrueType fonts named 'Kochi Mincho' and 'Kochi Gothic'

kotlin @2.3.0 (lang, java)
Statically typed programming language for the JVM, Android and the browser

lcdf-typetools @2.110_1 (print, tex)
Tools for manipulating fonts.

lefthook @2.0.4 (devel)
Fast and powerful Git hooks manager for any type of projects.

lhs2tex @1.25 (textproc, tex, haskell)
Preprocessor for typesetting Haskell sources with LaTeX

libmagic @5.46 (sysutils)
File - determine file type

libotf @0.9.16 (print)
Library for handling OpenType fonts

libsdl2_ttf @2.24.0 (devel, graphics)
add on library for libSDL for rendering TrueType fonts

libsdl_ttf @2.0.11-20220526 (devel, graphics)
add on library for libSDL for rendering TrueType fonts

libsigcxx3 @3.6.0_1 (devel)
Typesafe callback framework for C++

libt3highlight @0.5.0 (devel)
The libt3highlight library provides functions for syntax-highlighting different types of text files.

lilypond @2.24.4_1 (textproc)
An automated engraving system for typesetting sheet music.

lilypond-devel @2.25.13_1 (textproc)
An automated engraving system for typesetting sheet music.

lpython @0.20.0 (lang, python)
High-performance typed Python compiler

magic_enum @0.9.7 (devel)
Header-only C++17 library provides static reflection for enums, work with any enum type without any macro or boilerplate code.

mixminion @0.0.7.1_1 (mail)
implementation of the Type III Anonymous Remailer protocol

moca @0.7.0_3 (lang, devel, ocaml)
general construction functions generator for OCaml data types with invariants

neatroff @20231125_1 (textproc)
Neatroff is an implementation of troff typesetting system

neko @2.3.0 (lang)
high-level dynamically-typed embeddable language

newmat @11 (math)
This C++ library is intended for scientists and engineers who need to manipulate a variety of types of matrices using standard matrix operations.

numbat @1.19.0 (math, lang)
A statically typed programming language for scientific computations with first class support for physical dimensions and units.

nushell @0.110.0 (shells)
A new type of shell

ocaml-base_bigstring @0.16.0_1 (ocaml, devel)
String type based on Bigarray, for use in I/O and C-bindings

ocaml-bin_prot @0.16.0_1 (ocaml, devel)
OCaml type converter for binary protocols

ocaml-ctypes @0.21.1 (ocaml, devel)
Bind to C libraries using pure OCaml

ocaml-integers @0.7.0 (ocaml, devel)
Various signed and unsigned integer types for OCaml.

ocaml-ppx_bin_prot @0.16.0_1 (ocaml, devel)
Generation of binary serialization and deserialization functions from type definitions

ocaml-ppx_compare @0.16.0_1 (ocaml)
Generation of fast comparison and equality functions from type expressions and definitions

ocaml-ppx_derivers @1.2.1_3 (ocaml, devel)
Allow OCaml ppx_deriving and ppx_type_conv to interoperate

ocaml-ppx_deriving @6.0.2 (ocaml, devel)
Type-driven code generation for OCaml

ocaml-ppx_enumerate @0.16.0_1 (ocaml)
Generate a list containing all values of a finite type

ocaml-ppx_hash @0.16.0_1 (ocaml)
ppx writer that generates hash functions from type expressions and definitions

ocaml-ppx_sexp_conv @0.16.0_1 (ocaml, devel)
ppx syntax extension that generates code for converting OCaml types to and from s-expressions

ocaml-ppx_stable @0.16.0_1 (ocaml, devel)
Stable types conversions generator

ocaml-ppx_stable_witness @0.16.0_1 (ocaml, devel)
ppx extension for deriving a witness that a type is intended to be stable

ocaml-ppx_tydi @0.16.0_1 (ocaml, devel)
Let expressions, inferring pattern type from expression

ocaml-ppx_typerep_conv @0.16.0_1 (ocaml, devel)
Automatic generation of runtime types from type definitions

ocaml-ppx_variants_conv @0.16.0_1 (ocaml, devel)
Generation of accessor and iteration functions for OCaml variant types

ocaml-seq @0.3.1 (ocaml, devel)
Compatibility package for OCamlʼs standard iterator type

ocaml-stdint @0.7.2 (ocaml, devel)
Fixed width integer types for OCaml

ocaml-typerep @0.16.0_1 (ocaml, devel)
Runtime types for OCaml

octave-datatypes @1.1.6 (octave, math, science)
Extra data types for GNU Octave

octave-fxp @1.0.1 (octave, math, science)
A lightweight fixed-point numeric data type for GNU Octave, implemented as a class (@fxp/fxp.m).

octave-interval @3.2.1_4 (octave, math, science)
The interval package for real-valued interval arithmetic provides data types and operations for verified computing.

Omega @1.4.2_3 (lang)
An interpreted, functional language with an expressive type system

ossp-al @0.9.3 (devel)
an abstract type of buffer that can move data without copying

otfcc @0.10.4 (print, devel)
Optimized OpenType builder and inspector

p5-autobox @3.0.2 (perl)
Call methods on native types

p5-cairo-gobject @1.5.0 (perl)
Cairo::GObject - Integrate Cairo into the Glib type system

p5-catalyst-plugin-configloader @0.350.0 (perl)
Load config files of various types

p5-class-makemethods @1.10.0 (perl)
Generate common types of methods

p5-clone @0.470.0 (perl)
This is a Perl extension for recursively copying Perl datatypes.

p5-clone-pp @1.80.0 (perl)
Clone::PP - Recursively copy Perl datatypes

p5-convert-binary-c @0.860.0 (perl)
Convert::Binary::C - Binary Data Conversion using C Types

p5-data-float @0.15.0 (perl)
Data::Float - details of the floating point data type

p5-data-integer @0.7.0 (perl)
Data::Integer - Details of the native integer data type

p5-data-perl @0.2.11 (perl)
Data::Perl - Base classes wrapping fundamental Perl data types.

p5-email-mime-contenttype @1.28.0 (perl)
Parse a MIME Content-Type Header

p5-enum @1.120.0 (perl)
C style enumerated types and bitmask flags in Perl

p5-ffi-c @0.150.0 (perl)
FFI::C - C data types for FFI

p5-ffi-platypus-type-enum @0.60.0 (perl)
FFI::Platypus::Type::Enum - Custom platypus type for dealing with C enumerated types

p5-file-mimeinfo @0.360.0 (perl)
File::MimeInfo - Determine file type from the file name

p5-file-mmagic @1.300.0 (perl)
This is a Perl extension for determining file types.

p5-file-type @0.220.0_4 (perl)
This is a Perl extension for determining file types.

p5-font-freetype @0.160.0 (perl)
Font::FreeType - read font files and render glyphs from Perl using FreeType2

p5-lwp-mediatypes @6.40.0 (perl)
Media types and mailcap processing

p5-mime-types @2.300.0 (perl)
MIME::Types - Definition of MIME types

p5-moose-autobox @0.160.0 (perl)
Autoboxed wrappers for Native Perl datatypes

p5-moosex-meta-typeconstraint-mooish @0.1.0 (perl)
MooseX::Meta::TypeConstraint::Mooish - Translate Moo-style constraints to Moose-style

p5-moosex-params-validate @0.210.0 (perl)
an extension of Params::Validate for using Moose's types

p5-moosex-types @0.510.0 (perl)
Organise your Moose types in libraries

p5-moosex-types-common @0.1.15 (perl)
MooseX::Types::Common - A library of commonly used type constraints

p5-moosex-types-datetime @0.140.0 (perl)
MooseX::Types::DateTime - DateTime related constraints and coercions for Moose

p5-moosex-types-laxnum @0.40.0_1 (perl)
MooseX::Types::LaxNum - A LaxNum type which provides the loose behavior of Num in Moose pre-2.10.

p5-moosex-types-loadableclass @0.16.0 (perl)
MooseX::Types::LoadableClass - ClassName type constraint with coercion to load the class.

p5-moosex-types-path-class @0.90.0 (perl)
MooseX::Types::Path::Class - A Path::Class type library for Moose

p5-moosex-types-path-tiny @0.12.0 (perl)
MooseX::Types::Path::Tiny - Path::Tiny types and coercions for Moose

p5-moosex-types-perl @0.101.344 (perl)
MooseX::Types::Perl - Moose types that check against Perl syntax

p5-moosex-types-stringlike @0.3.0 (perl)
MooseX::Types::Stringlike - Moose type constraints for strings or string-like objects

p5-moosex-types-structured @0.360.0 (perl)
MooseX::Types::Structured - Structured Type Constraints for Moose

p5-moosex-types-uri @0.100.0 (perl)
MooseX::Types::URI - URI related types and coercions for Moose

p5-moox-types-mooselike @0.290.0 (perl)
MooX::Types::MooseLike - some Moosish types and a type builder

p5-moox-types-mooselike-numeric @1.30.0 (perl)
MooX::Types::MooseLike::Numeric - Moo types for numbers

p5-moox-typetiny @0.2.3 (perl)
MooX::TypeTiny - Optimized type checks for Moo + Type::Tiny

p5-mousex-types @0.60.0 (perl)
MouseX::Types - Organize your Mouse types in libraries

p5-params-classify @0.15.0 (perl)
Params::Classify - argument type classification

p5-parse-mime @1.6.0 (perl)
Parse::MIME - Parse mime-types, match against media ranges

p5-perl-ostype @1.10.0 (perl)
Map Perl operating system names to generic types

p5-specio @0.530.0 (perl)
Specio - Type constraints and coercions for Perl

p5-specio-library-path-tiny @0.50.0 (perl)
Specio::Library::Path::Tiny - Path::Tiny types and coercions for Specio

p5-test-deep-type @0.8.0 (perl)
Test::Deep::Type - A Test::Deep plugin for validating type constraints

p5-test-settings @0.3.0 (perl)
Test::Settings - Ask or tell when certain types of tests should be run

p5-type-tiny @2.10.1 (perl)
Type::Tiny - tiny, yet Moo(se)-compatible type constraint

p5-type-tiny-xs @0.25.0 (perl)
Type::Tiny::XS - provides an XS boost for some of Type::Tiny's built-in type constraints

p5-types-path-tiny @0.6.0 (perl)
Types::Path::Tiny - Path::Tiny types and coercions for Moose and Moo

p5-types-serialiser @1.10.0 (perl)
Simple data types for common serialisation formats

p5-xml-autowriter @0.400.0_3 (perl)
This is a Perl extension for DOCTYPE driven valid XML output.

p5.28-autobox @3.0.2 (perl)
Call methods on native types

p5.28-cairo-gobject @1.5.0 (perl)
Cairo::GObject - Integrate Cairo into the Glib type system

p5.28-catalyst-plugin-configloader @0.350.0 (perl)
Load config files of various types

p5.28-class-makemethods @1.10.0 (perl)
Generate common types of methods

p5.28-clone @0.470.0 (perl)
This is a Perl extension for recursively copying Perl datatypes.

p5.28-clone-pp @1.80.0 (perl)
Clone::PP - Recursively copy Perl datatypes

p5.28-convert-binary-c @0.860.0 (perl)
Convert::Binary::C - Binary Data Conversion using C Types

p5.28-data-float @0.15.0 (perl)
Data::Float - details of the floating point data type

p5.28-data-integer @0.7.0 (perl)
Data::Integer - Details of the native integer data type

p5.28-data-perl @0.2.11 (perl)
Data::Perl - Base classes wrapping fundamental Perl data types.

p5.28-email-mime-contenttype @1.28.0 (perl)
Parse a MIME Content-Type Header

p5.28-enum @1.120.0 (perl)
C style enumerated types and bitmask flags in Perl

p5.28-ffi-c @0.150.0 (perl)
FFI::C - C data types for FFI

p5.28-ffi-platypus-type-enum @0.60.0 (perl)
FFI::Platypus::Type::Enum - Custom platypus type for dealing with C enumerated types

p5.28-file-mimeinfo @0.360.0 (perl)
File::MimeInfo - Determine file type from the file name

p5.28-file-mmagic @1.300.0 (perl)
This is a Perl extension for determining file types.

p5.28-file-type @0.220.0_4 (perl)
This is a Perl extension for determining file types.

p5.28-font-freetype @0.160.0 (perl)
Font::FreeType - read font files and render glyphs from Perl using FreeType2

p5.28-lwp-mediatypes @6.40.0 (perl)
Media types and mailcap processing

p5.28-mime-types @2.300.0 (perl)
MIME::Types - Definition of MIME types

p5.28-moose-autobox @0.160.0 (perl)
Autoboxed wrappers for Native Perl datatypes

p5.28-moosex-meta-typeconstraint-mooish @0.1.0 (perl)
MooseX::Meta::TypeConstraint::Mooish - Translate Moo-style constraints to Moose-style

p5.28-moosex-params-validate @0.210.0 (perl)
an extension of Params::Validate for using Moose's types

p5.28-moosex-types @0.510.0 (perl)
Organise your Moose types in libraries

p5.28-moosex-types-common @0.1.15 (perl)
MooseX::Types::Common - A library of commonly used type constraints

p5.28-moosex-types-datetime @0.140.0 (perl)
MooseX::Types::DateTime - DateTime related constraints and coercions for Moose

p5.28-moosex-types-laxnum @0.40.0_1 (perl)
MooseX::Types::LaxNum - A LaxNum type which provides the loose behavior of Num in Moose pre-2.10.

p5.28-moosex-types-loadableclass @0.16.0 (perl)
MooseX::Types::LoadableClass - ClassName type constraint with coercion to load the class.

p5.28-moosex-types-path-class @0.90.0 (perl)
MooseX::Types::Path::Class - A Path::Class type library for Moose

p5.28-moosex-types-path-tiny @0.12.0 (perl)
MooseX::Types::Path::Tiny - Path::Tiny types and coercions for Moose

p5.28-moosex-types-perl @0.101.344 (perl)
MooseX::Types::Perl - Moose types that check against Perl syntax

p5.28-moosex-types-stringlike @0.3.0 (perl)
MooseX::Types::Stringlike - Moose type constraints for strings or string-like objects

p5.28-moosex-types-structured @0.360.0 (perl)
MooseX::Types::Structured - Structured Type Constraints for Moose

p5.28-moosex-types-uri @0.100.0 (perl)
MooseX::Types::URI - URI related types and coercions for Moose

p5.28-moox-types-mooselike @0.290.0 (perl)
MooX::Types::MooseLike - some Moosish types and a type builder

p5.28-moox-types-mooselike-numeric @1.30.0 (perl)
MooX::Types::MooseLike::Numeric - Moo types for numbers

p5.28-moox-typetiny @0.2.3 (perl)
MooX::TypeTiny - Optimized type checks for Moo + Type::Tiny

p5.28-mousex-types @0.60.0 (perl)
MouseX::Types - Organize your Mouse types in libraries

p5.28-params-classify @0.15.0 (perl)
Params::Classify - argument type classification

p5.28-parse-mime @1.6.0 (perl)
Parse::MIME - Parse mime-types, match against media ranges

p5.28-perl-ostype @1.10.0 (perl)
Map Perl operating system names to generic types

p5.28-specio @0.530.0 (perl)
Specio - Type constraints and coercions for Perl

p5.28-specio-library-path-tiny @0.50.0 (perl)
Specio::Library::Path::Tiny - Path::Tiny types and coercions for Specio

p5.28-test-deep-type @0.8.0 (perl)
Test::Deep::Type - A Test::Deep plugin for validating type constraints

p5.28-test-settings @0.3.0 (perl)
Test::Settings - Ask or tell when certain types of tests should be run

p5.28-type-tiny @2.10.1 (perl)
Type::Tiny - tiny, yet Moo(se)-compatible type constraint

p5.28-type-tiny-xs @0.25.0 (perl)
Type::Tiny::XS - provides an XS boost for some of Type::Tiny's built-in type constraints

p5.28-types-path-tiny @0.6.0 (perl)
Types::Path::Tiny - Path::Tiny types and coercions for Moose and Moo

p5.28-types-serialiser @1.10.0 (perl)
Simple data types for common serialisation formats

p5.28-xml-autowriter @0.400.0_3 (perl)
This is a Perl extension for DOCTYPE driven valid XML output.

p5.30-autobox @3.0.2 (perl)
Call methods on native types

p5.30-cairo-gobject @1.5.0 (perl)
Cairo::GObject - Integrate Cairo into the Glib type system

p5.30-catalyst-plugin-configloader @0.350.0 (perl)
Load config files of various types

p5.30-class-makemethods @1.10.0 (perl)
Generate common types of methods

p5.30-clone @0.470.0 (perl)
This is a Perl extension for recursively copying Perl datatypes.

p5.30-clone-pp @1.80.0 (perl)
Clone::PP - Recursively copy Perl datatypes

p5.30-convert-binary-c @0.860.0 (perl)
Convert::Binary::C - Binary Data Conversion using C Types

p5.30-data-float @0.15.0 (perl)
Data::Float - details of the floating point data type

p5.30-data-integer @0.7.0 (perl)
Data::Integer - Details of the native integer data type

p5.30-data-perl @0.2.11 (perl)
Data::Perl - Base classes wrapping fundamental Perl data types.

p5.30-email-mime-contenttype @1.28.0 (perl)
Parse a MIME Content-Type Header

p5.30-enum @1.120.0 (perl)
C style enumerated types and bitmask flags in Perl

p5.30-ffi-c @0.150.0 (perl)
FFI::C - C data types for FFI

p5.30-ffi-platypus-type-enum @0.60.0 (perl)
FFI::Platypus::Type::Enum - Custom platypus type for dealing with C enumerated types

p5.30-file-mimeinfo @0.360.0 (perl)
File::MimeInfo - Determine file type from the file name

p5.30-file-mmagic @1.300.0 (perl)
This is a Perl extension for determining file types.

p5.30-file-type @0.220.0_4 (perl)
This is a Perl extension for determining file types.

p5.30-font-freetype @0.160.0 (perl)
Font::FreeType - read font files and render glyphs from Perl using FreeType2

p5.30-lwp-mediatypes @6.40.0 (perl)
Media types and mailcap processing

p5.30-mime-types @2.300.0 (perl)
MIME::Types - Definition of MIME types

p5.30-moose-autobox @0.160.0 (perl)
Autoboxed wrappers for Native Perl datatypes

p5.30-moosex-meta-typeconstraint-mooish @0.1.0 (perl)
MooseX::Meta::TypeConstraint::Mooish - Translate Moo-style constraints to Moose-style

p5.30-moosex-params-validate @0.210.0 (perl)
an extension of Params::Validate for using Moose's types

p5.30-moosex-types @0.510.0 (perl)
Organise your Moose types in libraries

p5.30-moosex-types-common @0.1.15 (perl)
MooseX::Types::Common - A library of commonly used type constraints

p5.30-moosex-types-datetime @0.140.0 (perl)
MooseX::Types::DateTime - DateTime related constraints and coercions for Moose

p5.30-moosex-types-laxnum @0.40.0_1 (perl)
MooseX::Types::LaxNum - A LaxNum type which provides the loose behavior of Num in Moose pre-2.10.

p5.30-moosex-types-loadableclass @0.16.0 (perl)
MooseX::Types::LoadableClass - ClassName type constraint with coercion to load the class.

p5.30-moosex-types-path-class @0.90.0 (perl)
MooseX::Types::Path::Class - A Path::Class type library for Moose

p5.30-moosex-types-path-tiny @0.12.0 (perl)
MooseX::Types::Path::Tiny - Path::Tiny types and coercions for Moose

p5.30-moosex-types-perl @0.101.344 (perl)
MooseX::Types::Perl - Moose types that check against Perl syntax

p5.30-moosex-types-stringlike @0.3.0 (perl)
MooseX::Types::Stringlike - Moose type constraints for strings or string-like objects

p5.30-moosex-types-structured @0.360.0 (perl)
MooseX::Types::Structured - Structured Type Constraints for Moose

p5.30-moosex-types-uri @0.100.0 (perl)
MooseX::Types::URI - URI related types and coercions for Moose

p5.30-moox-types-mooselike @0.290.0 (perl)
MooX::Types::MooseLike - some Moosish types and a type builder

p5.30-moox-types-mooselike-numeric @1.30.0 (perl)
MooX::Types::MooseLike::Numeric - Moo types for numbers

p5.30-moox-typetiny @0.2.3 (perl)
MooX::TypeTiny - Optimized type checks for Moo + Type::Tiny

p5.30-mousex-types @0.60.0 (perl)
MouseX::Types - Organize your Mouse types in libraries

p5.30-params-classify @0.15.0 (perl)
Params::Classify - argument type classification

p5.30-parse-mime @1.6.0 (perl)
Parse::MIME - Parse mime-types, match against media ranges

p5.30-perl-ostype @1.10.0 (perl)
Map Perl operating system names to generic types

p5.30-specio @0.530.0 (perl)
Specio - Type constraints and coercions for Perl

p5.30-specio-library-path-tiny @0.50.0 (perl)
Specio::Library::Path::Tiny - Path::Tiny types and coercions for Specio

p5.30-test-deep-type @0.8.0 (perl)
Test::Deep::Type - A Test::Deep plugin for validating type constraints

p5.30-test-settings @0.3.0 (perl)
Test::Settings - Ask or tell when certain types of tests should be run

p5.30-type-tiny @2.10.1 (perl)
Type::Tiny - tiny, yet Moo(se)-compatible type constraint

p5.30-type-tiny-xs @0.25.0 (perl)
Type::Tiny::XS - provides an XS boost for some of Type::Tiny's built-in type constraints

p5.30-types-path-tiny @0.6.0 (perl)
Types::Path::Tiny - Path::Tiny types and coercions for Moose and Moo

p5.30-types-serialiser @1.10.0 (perl)
Simple data types for common serialisation formats

p5.30-xml-autowriter @0.400.0_3 (perl)
This is a Perl extension for DOCTYPE driven valid XML output.

p5.32-autobox @3.0.2 (perl)
Call methods on native types

p5.32-cairo-gobject @1.5.0 (perl)
Cairo::GObject - Integrate Cairo into the Glib type system

p5.32-catalyst-plugin-configloader @0.350.0 (perl)
Load config files of various types

p5.32-class-makemethods @1.10.0 (perl)
Generate common types of methods

p5.32-clone @0.470.0 (perl)
This is a Perl extension for recursively copying Perl datatypes.

p5.32-clone-pp @1.80.0 (perl)
Clone::PP - Recursively copy Perl datatypes

p5.32-convert-binary-c @0.860.0 (perl)
Convert::Binary::C - Binary Data Conversion using C Types

p5.32-data-float @0.15.0 (perl)
Data::Float - details of the floating point data type

p5.32-data-integer @0.7.0 (perl)
Data::Integer - Details of the native integer data type

p5.32-data-perl @0.2.11 (perl)
Data::Perl - Base classes wrapping fundamental Perl data types.

p5.32-email-mime-contenttype @1.28.0 (perl)
Parse a MIME Content-Type Header

p5.32-enum @1.120.0 (perl)
C style enumerated types and bitmask flags in Perl

p5.32-ffi-c @0.150.0 (perl)
FFI::C - C data types for FFI

p5.32-ffi-platypus-type-enum @0.60.0 (perl)
FFI::Platypus::Type::Enum - Custom platypus type for dealing with C enumerated types

p5.32-file-mimeinfo @0.360.0 (perl)
File::MimeInfo - Determine file type from the file name

p5.32-file-mmagic @1.300.0 (perl)
This is a Perl extension for determining file types.

p5.32-file-type @0.220.0_4 (perl)
This is a Perl extension for determining file types.

p5.32-font-freetype @0.160.0 (perl)
Font::FreeType - read font files and render glyphs from Perl using FreeType2

p5.32-lwp-mediatypes @6.40.0 (perl)
Media types and mailcap processing

p5.32-mime-types @2.300.0 (perl)
MIME::Types - Definition of MIME types

p5.32-moose-autobox @0.160.0 (perl)
Autoboxed wrappers for Native Perl datatypes

p5.32-moosex-meta-typeconstraint-mooish @0.1.0 (perl)
MooseX::Meta::TypeConstraint::Mooish - Translate Moo-style constraints to Moose-style

p5.32-moosex-params-validate @0.210.0 (perl)
an extension of Params::Validate for using Moose's types

p5.32-moosex-types @0.510.0 (perl)
Organise your Moose types in libraries

p5.32-moosex-types-common @0.1.15 (perl)
MooseX::Types::Common - A library of commonly used type constraints

p5.32-moosex-types-datetime @0.140.0 (perl)
MooseX::Types::DateTime - DateTime related constraints and coercions for Moose

p5.32-moosex-types-laxnum @0.40.0_1 (perl)
MooseX::Types::LaxNum - A LaxNum type which provides the loose behavior of Num in Moose pre-2.10.

p5.32-moosex-types-loadableclass @0.16.0 (perl)
MooseX::Types::LoadableClass - ClassName type constraint with coercion to load the class.

p5.32-moosex-types-path-class @0.90.0 (perl)
MooseX::Types::Path::Class - A Path::Class type library for Moose

p5.32-moosex-types-path-tiny @0.12.0 (perl)
MooseX::Types::Path::Tiny - Path::Tiny types and coercions for Moose

p5.32-moosex-types-perl @0.101.344 (perl)
MooseX::Types::Perl - Moose types that check against Perl syntax

p5.32-moosex-types-stringlike @0.3.0 (perl)
MooseX::Types::Stringlike - Moose type constraints for strings or string-like objects

p5.32-moosex-types-structured @0.360.0 (perl)
MooseX::Types::Structured - Structured Type Constraints for Moose

p5.32-moosex-types-uri @0.100.0 (perl)
MooseX::Types::URI - URI related types and coercions for Moose

p5.32-moox-types-mooselike @0.290.0 (perl)
MooX::Types::MooseLike - some Moosish types and a type builder

p5.32-moox-types-mooselike-numeric @1.30.0 (perl)
MooX::Types::MooseLike::Numeric - Moo types for numbers

p5.32-moox-typetiny @0.2.3 (perl)
MooX::TypeTiny - Optimized type checks for Moo + Type::Tiny

p5.32-mousex-types @0.60.0 (perl)
MouseX::Types - Organize your Mouse types in libraries

p5.32-params-classify @0.15.0 (perl)
Params::Classify - argument type classification

p5.32-parse-mime @1.6.0 (perl)
Parse::MIME - Parse mime-types, match against media ranges

p5.32-perl-ostype @1.10.0 (perl)
Map Perl operating system names to generic types

p5.32-specio @0.530.0 (perl)
Specio - Type constraints and coercions for Perl

p5.32-specio-library-path-tiny @0.50.0 (perl)
Specio::Library::Path::Tiny - Path::Tiny types and coercions for Specio

p5.32-test-deep-type @0.8.0 (perl)
Test::Deep::Type - A Test::Deep plugin for validating type constraints

p5.32-test-settings @0.3.0 (perl)
Test::Settings - Ask or tell when certain types of tests should be run

p5.32-type-tiny @2.10.1 (perl)
Type::Tiny - tiny, yet Moo(se)-compatible type constraint

p5.32-type-tiny-xs @0.25.0 (perl)
Type::Tiny::XS - provides an XS boost for some of Type::Tiny's built-in type constraints

p5.32-types-path-tiny @0.6.0 (perl)
Types::Path::Tiny - Path::Tiny types and coercions for Moose and Moo

p5.32-types-serialiser @1.10.0 (perl)
Simple data types for common serialisation formats

p5.32-xml-autowriter @0.400.0_3 (perl)
This is a Perl extension for DOCTYPE driven valid XML output.

p5.34-autobox @3.0.2 (perl)
Call methods on native types

p5.34-cairo-gobject @1.5.0 (perl)
Cairo::GObject - Integrate Cairo into the Glib type system

p5.34-catalyst-plugin-configloader @0.350.0 (perl)
Load config files of various types

p5.34-class-makemethods @1.10.0 (perl)
Generate common types of methods

p5.34-clone @0.470.0 (perl)
This is a Perl extension for recursively copying Perl datatypes.

p5.34-clone-pp @1.80.0 (perl)
Clone::PP - Recursively copy Perl datatypes

p5.34-convert-binary-c @0.860.0 (perl)
Convert::Binary::C - Binary Data Conversion using C Types

p5.34-data-float @0.15.0 (perl)
Data::Float - details of the floating point data type

p5.34-data-integer @0.7.0 (perl)
Data::Integer - Details of the native integer data type

p5.34-data-perl @0.2.11 (perl)
Data::Perl - Base classes wrapping fundamental Perl data types.

p5.34-email-mime-contenttype @1.28.0 (perl)
Parse a MIME Content-Type Header

p5.34-enum @1.120.0 (perl)
C style enumerated types and bitmask flags in Perl

p5.34-ffi-c @0.150.0 (perl)
FFI::C - C data types for FFI

p5.34-ffi-platypus-type-enum @0.60.0 (perl)
FFI::Platypus::Type::Enum - Custom platypus type for dealing with C enumerated types

p5.34-file-mimeinfo @0.360.0 (perl)
File::MimeInfo - Determine file type from the file name

p5.34-file-mmagic @1.300.0 (perl)
This is a Perl extension for determining file types.

p5.34-file-type @0.220.0_4 (perl)
This is a Perl extension for determining file types.

p5.34-font-freetype @0.160.0 (perl)
Font::FreeType - read font files and render glyphs from Perl using FreeType2

p5.34-lwp-mediatypes @6.40.0 (perl)
Media types and mailcap processing

p5.34-mime-types @2.300.0 (perl)
MIME::Types - Definition of MIME types

p5.34-moose-autobox @0.160.0 (perl)
Autoboxed wrappers for Native Perl datatypes

p5.34-moosex-meta-typeconstraint-mooish @0.1.0 (perl)
MooseX::Meta::TypeConstraint::Mooish - Translate Moo-style constraints to Moose-style

p5.34-moosex-params-validate @0.210.0 (perl)
an extension of Params::Validate for using Moose's types

p5.34-moosex-types @0.510.0 (perl)
Organise your Moose types in libraries

p5.34-moosex-types-common @0.1.15 (perl)
MooseX::Types::Common - A library of commonly used type constraints

p5.34-moosex-types-datetime @0.140.0 (perl)
MooseX::Types::DateTime - DateTime related constraints and coercions for Moose

p5.34-moosex-types-laxnum @0.40.0_1 (perl)
MooseX::Types::LaxNum - A LaxNum type which provides the loose behavior of Num in Moose pre-2.10.

p5.34-moosex-types-loadableclass @0.16.0 (perl)
MooseX::Types::LoadableClass - ClassName type constraint with coercion to load the class.

p5.34-moosex-types-path-class @0.90.0 (perl)
MooseX::Types::Path::Class - A Path::Class type library for Moose

p5.34-moosex-types-path-tiny @0.12.0 (perl)
MooseX::Types::Path::Tiny - Path::Tiny types and coercions for Moose

p5.34-moosex-types-perl @0.101.344 (perl)
MooseX::Types::Perl - Moose types that check against Perl syntax

p5.34-moosex-types-stringlike @0.3.0 (perl)
MooseX::Types::Stringlike - Moose type constraints for strings or string-like objects

p5.34-moosex-types-structured @0.360.0 (perl)
MooseX::Types::Structured - Structured Type Constraints for Moose

p5.34-moosex-types-uri @0.100.0 (perl)
MooseX::Types::URI - URI related types and coercions for Moose

p5.34-moox-types-mooselike @0.290.0 (perl)
MooX::Types::MooseLike - some Moosish types and a type builder

p5.34-moox-types-mooselike-numeric @1.30.0 (perl)
MooX::Types::MooseLike::Numeric - Moo types for numbers

p5.34-moox-typetiny @0.2.3 (perl)
MooX::TypeTiny - Optimized type checks for Moo + Type::Tiny

p5.34-mousex-types @0.60.0 (perl)
MouseX::Types - Organize your Mouse types in libraries

p5.34-params-classify @0.15.0 (perl)
Params::Classify - argument type classification

p5.34-parse-mime @1.6.0 (perl)
Parse::MIME - Parse mime-types, match against media ranges

p5.34-perl-ostype @1.10.0 (perl)
Map Perl operating system names to generic types

p5.34-specio @0.530.0 (perl)
Specio - Type constraints and coercions for Perl

p5.34-specio-library-path-tiny @0.50.0 (perl)
Specio::Library::Path::Tiny - Path::Tiny types and coercions for Specio

p5.34-test-deep-type @0.8.0 (perl)
Test::Deep::Type - A Test::Deep plugin for validating type constraints

p5.34-test-settings @0.3.0 (perl)
Test::Settings - Ask or tell when certain types of tests should be run

p5.34-type-tiny @2.10.1 (perl)
Type::Tiny - tiny, yet Moo(se)-compatible type constraint

p5.34-type-tiny-xs @0.25.0 (perl)
Type::Tiny::XS - provides an XS boost for some of Type::Tiny's built-in type constraints

p5.34-types-path-tiny @0.6.0 (perl)
Types::Path::Tiny - Path::Tiny types and coercions for Moose and Moo

p5.34-types-serialiser @1.10.0 (perl)
Simple data types for common serialisation formats

p5.34-xml-autowriter @0.400.0_3 (perl)
This is a Perl extension for DOCTYPE driven valid XML output.

pascal-p5 @1.4 (lang)
P5, Zuerich type ISO 7185 Pascal compiler

patoline @0.1_2 (textproc, ocaml)
A new typesetting system, programmable in ocaml.

pbsecret @20200219 (sysutils)
CLI util to write text to pasteboard as `org.nspasteboard.ConcealedType`

php-SPL_Types @0.4.0 (php, devel)
Standard PHP Library, Types Addon

php53-SPL_Types @0.4.0 (php, devel)
Standard PHP Library, Types Addon

php54-SPL_Types @0.4.0 (php, devel)
Standard PHP Library, Types Addon

php55-SPL_Types @0.4.0 (php, devel)
Standard PHP Library, Types Addon

php56-SPL_Types @0.4.0 (php, devel)
Standard PHP Library, Types Addon

plantri @5.5 (math, science)
plantri and fullgen are programs for generation of certain types of planar graphs.

pmw @5.33 (textproc, audio)
music typesetting processor generating PostScript

pure-stllib @0.6 (pure, devel)
a Pure interface to some C++ container types

py-algopy @0.7.2 (python, math)
AlgoPy is a Research Prototype for Algorithmic Differentation in Python

py-annotated-doc @0.0.4 (python, devel)
Provides document parameters, class attributes, return types, and variables inline, with Annotated

py-annotated_types @0.7.0 (python, devel)
Reusable constraint types to use with typing.Annotated

py-asn1 @0.6.1 (python, devel, crypto)
Implementation of ASN.1 types and codecs in Python

py-beartype @0.18.5 (python)
Unbearably fast O(1) runtime type-checking in pure Python

py-ctypeslib2 @2.3.4 (python)
Generate python ctypes classes from C headers.

py-diskcache-stubs @5.6.3.6.20240818 (python)
This library provides type hints only.

py-filetype @1.2.0 (python)
Infer file type and MIME type of any file/buffer

py-fonttools @4.61.1 (python, print)
XML<->TrueType/OpenType Converter

py-freetype @2.5.1 (python)
Freetype Python provides bindings for the FreeType library.

py-hid @1.0.5 (python, comms)
Python hidapi bindings in ctypes (aka pyhidapi)

py-immutables @0.21 (python, devel)
A high-performance immutable mapping type for Python

py-magic @0.4.27 (python, devel)
File type identification using libmagic

py-marshmallow @3.23.1 (python, devel)
Light-weight library for converting complex datatypes to and from native Python datatypes

py-mimeparse @1.6.0 (python, www)
Basic functions for handling mimetypes in Python

py-ml_dtypes @0.5.3 (python, devel)
NumPy dtype extensions used in machine learning

py-mypy_extensions @1.1.0 (python)
Experimental type system extensions for programs checked with the mypy typechecker

py-os-service-types @1.7.0 (python, net)
Library for consuming OpenStack sevice-types-authority data

py-oslo-i18n @6.5.1 (python)
Common utility type functions

py-oslo-utils @8.2.0 (python)
OpenStack common utility type functions

py-parse-type @0.6.6 (python, devel)
parse_type extends the parse module (opposite of string.format())

py-pydantic @2.12.4 (python, devel)
Data validation and settings management using Python type hinting

py-pygithub @2.6.1 (python)
Typed interactions with the GitHub API v3

py-pyplusplus @1.8.7 (python, devel)
Py++ is a framework for creating a code generator for Boost.Python library and ctypes package

py-pytest-mypy @0.10.3_1 (python)
Mypy static type checker plugin for pytest

py-sortedcontainers @2.4.0 (python, devel)
Python sorted container types.

py-sphinx-autodoc-typehints @3.6.2 (python, textproc, devel)
Type hints (PEP 484) support for the Sphinx autodoc extension

py-spktype21 @0.1.0_1 (python)
A supporting module for jplephem to handle data type 21

py-traittypes @0.2.1 (python, science)
Custom trait types for scientific computing

py-typedapi @0.2.0 (python)
Typedapi gradually add types hints to your public API.

py-typeguard @4.4.4 (python)
Run time type checker for Python

py-typer @0.21.1 (python, devel)
Typer, build great CLIs. Easy to code. Based on Python type hints.

py-types-colorama @0.4.15.20250801 (python, devel)
This is a PEP 561 type stub package for the colorama package

py-types-decorator @5.2.0.20250324 (python, devel)
Decorator factory for signature-preserving decorators.

py-types-docutils @0.22.3.20251115 (python, devel)
Typing stubs for docutils

py-types-psutil @7.2.1.20251231 (python, devel)
Typing stubs for psutil

py-types-python-dateutil @2.9.0.20260124 (python, devel)
Typing stubs for python-dateutil

py-types-pytz @2025.2.0.20250516 (python, devel)
Typing stubs for pytz

py-types-setuptools @80.9.0.20251223 (python, devel)
Typing stubs for setuptools

py-types-simplejson @3.20.0.20250326 (python, devel)
Typing stubs for simplejson

py-types-ujson @5.10.0.20250326 (python, devel)
Typing stubs for ujson

py-typing @3.10.0.0 (python, devel)
Type hints for Python

py-typing_extensions @4.15.0 (python)
Backported and Experimental Type Hints for Python

py-utitools @0.2.0 (python)
Uniform Type Identifier (UTI) tools

py-wand @0.6.13 (python, graphics)
Ctypes-based simple MagickWand API binding for Python

py-whenever @0.8.10 (python)
Typed and DST-safe datetimes for Python.

py27-asn1 @0.5.1 (python, devel, crypto)
Implementation of ASN.1 types and codecs in Python

py27-magic @0.4.27 (python, devel)
File type identification using libmagic

py27-sortedcontainers @2.4.0 (python, devel)
Python sorted container types.

py27-typing @3.10.0.0 (python, devel)
Type hints for Python

py35-sortedcontainers @2.4.0 (python, devel)
Python sorted container types.

py36-sortedcontainers @2.4.0 (python, devel)
Python sorted container types.

py36-typing_extensions @4.1.1 (python)
Backported and Experimental Type Hints for Python

py37-sortedcontainers @2.4.0 (python, devel)
Python sorted container types.

py37-typing_extensions @4.7.1 (python)
Backported and Experimental Type Hints for Python

py38-sortedcontainers @2.4.0 (python, devel)
Python sorted container types.

py38-typing_extensions @4.13.2 (python)
Backported and Experimental Type Hints for Python

py39-asn1 @0.6.1 (python, devel, crypto)
Implementation of ASN.1 types and codecs in Python

py39-beartype @0.18.5 (python)
Unbearably fast O(1) runtime type-checking in pure Python

py39-fonttools @4.60.2 (python, print)
XML<->TrueType/OpenType Converter

py39-mypy_extensions @1.1.0 (python)
Experimental type system extensions for programs checked with the mypy typechecker

py39-sortedcontainers @2.4.0 (python, devel)
Python sorted container types.

py39-typedapi @0.2.0 (python)
Typedapi gradually add types hints to your public API.

py39-typeguard @4.4.4 (python)
Run time type checker for Python

py39-types-psutil @7.2.1.20251231 (python, devel)
Typing stubs for psutil

py39-types-python-dateutil @2.9.0.20260124 (python, devel)
Typing stubs for python-dateutil

py39-types-setuptools @80.9.0.20251223 (python, devel)
Typing stubs for setuptools

py39-typing_extensions @4.15.0 (python)
Backported and Experimental Type Hints for Python

py310-algopy @0.7.2 (python, math)
AlgoPy is a Research Prototype for Algorithmic Differentation in Python

py310-annotated-doc @0.0.4 (python, devel)
Provides document parameters, class attributes, return types, and variables inline, with Annotated

py310-annotated_types @0.7.0 (python, devel)
Reusable constraint types to use with typing.Annotated

py310-asn1 @0.6.1 (python, devel, crypto)
Implementation of ASN.1 types and codecs in Python

py310-beartype @0.18.5 (python)
Unbearably fast O(1) runtime type-checking in pure Python

py310-ctypeslib2 @2.3.4 (python)
Generate python ctypes classes from C headers.

py310-diskcache-stubs @5.6.3.6.20240818 (python)
This library provides type hints only.

py310-filetype @1.2.0 (python)
Infer file type and MIME type of any file/buffer

py310-fonttools @4.61.1 (python, print)
XML<->TrueType/OpenType Converter

py310-freetype @2.5.1 (python)
Freetype Python provides bindings for the FreeType library.

py310-hid @1.0.5 (python, comms)
Python hidapi bindings in ctypes (aka pyhidapi)

py310-immutables @0.21 (python, devel)
A high-performance immutable mapping type for Python

py310-magic @0.4.27 (python, devel)
File type identification using libmagic

py310-marshmallow @3.23.1 (python, devel)
Light-weight library for converting complex datatypes to and from native Python datatypes

py310-mimeparse @1.6.0 (python, www)
Basic functions for handling mimetypes in Python

py310-ml_dtypes @0.5.3 (python, devel)
NumPy dtype extensions used in machine learning

py310-mypy_extensions @1.1.0 (python)
Experimental type system extensions for programs checked with the mypy typechecker

py310-os-service-types @1.7.0 (python, net)
Library for consuming OpenStack sevice-types-authority data

py310-oslo-i18n @6.5.1 (python)
Common utility type functions

py310-oslo-utils @8.2.0 (python)
OpenStack common utility type functions

py310-pydantic @2.12.4 (python, devel)
Data validation and settings management using Python type hinting

py310-pygithub @2.6.1 (python)
Typed interactions with the GitHub API v3

py310-pyplusplus @1.8.7 (python, devel)
Py++ is a framework for creating a code generator for Boost.Python library and ctypes package

py310-pytest-mypy @0.10.3_1 (python)
Mypy static type checker plugin for pytest

py310-sortedcontainers @2.4.0 (python, devel)
Python sorted container types.

py310-spktype21 @0.1.0_1 (python)
A supporting module for jplephem to handle data type 21

py310-traittypes @0.2.1 (python, science)
Custom trait types for scientific computing

py310-typeguard @4.4.4 (python)
Run time type checker for Python

py310-typer @0.21.1 (python, devel)
Typer, build great CLIs. Easy to code. Based on Python type hints.

py310-types-colorama @0.4.15.20250801 (python, devel)
This is a PEP 561 type stub package for the colorama package

py310-types-decorator @5.2.0.20250324 (python, devel)
Decorator factory for signature-preserving decorators.

py310-types-docutils @0.22.3.20251115 (python, devel)
Typing stubs for docutils

py310-types-psutil @7.2.1.20251231 (python, devel)
Typing stubs for psutil

py310-types-python-dateutil @2.9.0.20260124 (python, devel)
Typing stubs for python-dateutil

py310-types-pytz @2025.2.0.20250516 (python, devel)
Typing stubs for pytz

py310-types-setuptools @80.9.0.20251223 (python, devel)
Typing stubs for setuptools

py310-types-simplejson @3.20.0.20250326 (python, devel)
Typing stubs for simplejson

py310-types-ujson @5.10.0.20250326 (python, devel)
Typing stubs for ujson

py310-typing_extensions @4.15.0 (python)
Backported and Experimental Type Hints for Python

py310-wand @0.6.13 (python, graphics)
Ctypes-based simple MagickWand API binding for Python

py311-algopy @0.7.2 (python, math)
AlgoPy is a Research Prototype for Algorithmic Differentation in Python

py311-annotated-doc @0.0.4 (python, devel)
Provides document parameters, class attributes, return types, and variables inline, with Annotated

py311-annotated_types @0.7.0 (python, devel)
Reusable constraint types to use with typing.Annotated

py311-asn1 @0.6.1 (python, devel, crypto)
Implementation of ASN.1 types and codecs in Python

py311-beartype @0.18.5 (python)
Unbearably fast O(1) runtime type-checking in pure Python

py311-ctypeslib2 @2.3.4 (python)
Generate python ctypes classes from C headers.

py311-diskcache-stubs @5.6.3.6.20240818 (python)
This library provides type hints only.

py311-filetype @1.2.0 (python)
Infer file type and MIME type of any file/buffer

py311-fonttools @4.61.1 (python, print)
XML<->TrueType/OpenType Converter

py311-freetype @2.5.1 (python)
Freetype Python provides bindings for the FreeType library.

py311-hid @1.0.5 (python, comms)
Python hidapi bindings in ctypes (aka pyhidapi)

py311-immutables @0.21 (python, devel)
A high-performance immutable mapping type for Python

py311-magic @0.4.27 (python, devel)
File type identification using libmagic

py311-marshmallow @3.23.1 (python, devel)
Light-weight library for converting complex datatypes to and from native Python datatypes

py311-mimeparse @1.6.0 (python, www)
Basic functions for handling mimetypes in Python

py311-ml_dtypes @0.5.3 (python, devel)
NumPy dtype extensions used in machine learning

py311-mypy_extensions @1.1.0 (python)
Experimental type system extensions for programs checked with the mypy typechecker

py311-os-service-types @1.7.0 (python, net)
Library for consuming OpenStack sevice-types-authority data

py311-oslo-i18n @6.5.1 (python)
Common utility type functions

py311-oslo-utils @8.2.0 (python)
OpenStack common utility type functions

py311-pydantic @2.12.4 (python, devel)
Data validation and settings management using Python type hinting

py311-pygithub @2.6.1 (python)
Typed interactions with the GitHub API v3

py311-pyplusplus @1.8.7 (python, devel)
Py++ is a framework for creating a code generator for Boost.Python library and ctypes package

py311-pytest-mypy @0.10.3_1 (python)
Mypy static type checker plugin for pytest

py311-sortedcontainers @2.4.0 (python, devel)
Python sorted container types.

py311-sphinx-autodoc-typehints @3.6.2 (python, textproc, devel)
Type hints (PEP 484) support for the Sphinx autodoc extension

py311-spktype21 @0.1.0_1 (python)
A supporting module for jplephem to handle data type 21

py311-traittypes @0.2.1 (python, science)
Custom trait types for scientific computing

py311-typeguard @4.4.4 (python)
Run time type checker for Python

py311-typer @0.21.1 (python, devel)
Typer, build great CLIs. Easy to code. Based on Python type hints.

py311-types-colorama @0.4.15.20250801 (python, devel)
This is a PEP 561 type stub package for the colorama package

py311-types-decorator @5.2.0.20250324 (python, devel)
Decorator factory for signature-preserving decorators.

py311-types-docutils @0.22.3.20251115 (python, devel)
Typing stubs for docutils

py311-types-psutil @7.2.1.20251231 (python, devel)
Typing stubs for psutil

py311-types-python-dateutil @2.9.0.20260124 (python, devel)
Typing stubs for python-dateutil

py311-types-pytz @2025.2.0.20250516 (python, devel)
Typing stubs for pytz

py311-types-setuptools @80.9.0.20251223 (python, devel)
Typing stubs for setuptools

py311-types-simplejson @3.20.0.20250326 (python, devel)
Typing stubs for simplejson

py311-types-ujson @5.10.0.20250326 (python, devel)
Typing stubs for ujson

py311-typing_extensions @4.15.0 (python)
Backported and Experimental Type Hints for Python

py311-wand @0.6.13 (python, graphics)
Ctypes-based simple MagickWand API binding for Python

py312-algopy @0.7.2 (python, math)
AlgoPy is a Research Prototype for Algorithmic Differentation in Python

py312-annotated-doc @0.0.4 (python, devel)
Provides document parameters, class attributes, return types, and variables inline, with Annotated

py312-annotated_types @0.7.0 (python, devel)
Reusable constraint types to use with typing.Annotated

py312-asn1 @0.6.1 (python, devel, crypto)
Implementation of ASN.1 types and codecs in Python

py312-beartype @0.18.5 (python)
Unbearably fast O(1) runtime type-checking in pure Python

py312-ctypeslib2 @2.3.4 (python)
Generate python ctypes classes from C headers.

py312-diskcache-stubs @5.6.3.6.20240818 (python)
This library provides type hints only.

py312-filetype @1.2.0 (python)
Infer file type and MIME type of any file/buffer

py312-fonttools @4.61.1 (python, print)
XML<->TrueType/OpenType Converter

py312-freetype @2.5.1 (python)
Freetype Python provides bindings for the FreeType library.

py312-immutables @0.21 (python, devel)
A high-performance immutable mapping type for Python

py312-magic @0.4.27 (python, devel)
File type identification using libmagic

py312-marshmallow @3.23.1 (python, devel)
Light-weight library for converting complex datatypes to and from native Python datatypes

py312-mimeparse @1.6.0 (python, www)
Basic functions for handling mimetypes in Python

py312-ml_dtypes @0.5.3 (python, devel)
NumPy dtype extensions used in machine learning

py312-mypy_extensions @1.1.0 (python)
Experimental type system extensions for programs checked with the mypy typechecker

py312-os-service-types @1.7.0 (python, net)
Library for consuming OpenStack sevice-types-authority data

py312-oslo-i18n @6.5.1 (python)
Common utility type functions

py312-oslo-utils @8.2.0 (python)
OpenStack common utility type functions

py312-pydantic @2.12.4 (python, devel)
Data validation and settings management using Python type hinting

py312-pygithub @2.6.1 (python)
Typed interactions with the GitHub API v3

py312-pyplusplus @1.8.7 (python, devel)
Py++ is a framework for creating a code generator for Boost.Python library and ctypes package

py312-pytest-mypy @0.10.3_1 (python)
Mypy static type checker plugin for pytest

py312-sortedcontainers @2.4.0 (python, devel)
Python sorted container types.

py312-sphinx-autodoc-typehints @3.6.2 (python, textproc, devel)
Type hints (PEP 484) support for the Sphinx autodoc extension

py312-spktype21 @0.1.0_1 (python)
A supporting module for jplephem to handle data type 21

py312-typeguard @4.4.4 (python)
Run time type checker for Python

py312-typer @0.21.1 (python, devel)
Typer, build great CLIs. Easy to code. Based on Python type hints.

py312-types-colorama @0.4.15.20250801 (python, devel)
This is a PEP 561 type stub package for the colorama package

py312-types-decorator @5.2.0.20250324 (python, devel)
Decorator factory for signature-preserving decorators.

py312-types-docutils @0.22.3.20251115 (python, devel)
Typing stubs for docutils

py312-types-psutil @7.2.1.20251231 (python, devel)
Typing stubs for psutil

py312-types-python-dateutil @2.9.0.20260124 (python, devel)
Typing stubs for python-dateutil

py312-types-pytz @2025.2.0.20250516 (python, devel)
Typing stubs for pytz

py312-types-setuptools @80.9.0.20251223 (python, devel)
Typing stubs for setuptools

py312-types-simplejson @3.20.0.20250326 (python, devel)
Typing stubs for simplejson

py312-types-ujson @5.10.0.20250326 (python, devel)
Typing stubs for ujson

py312-typing_extensions @4.15.0 (python)
Backported and Experimental Type Hints for Python

py312-wand @0.6.13 (python, graphics)
Ctypes-based simple MagickWand API binding for Python

py313-algopy @0.7.2 (python, math)
AlgoPy is a Research Prototype for Algorithmic Differentation in Python

py313-annotated-doc @0.0.4 (python, devel)
Provides document parameters, class attributes, return types, and variables inline, with Annotated

py313-annotated_types @0.7.0 (python, devel)
Reusable constraint types to use with typing.Annotated

py313-asn1 @0.6.1 (python, devel, crypto)
Implementation of ASN.1 types and codecs in Python

py313-ctypeslib2 @2.3.4 (python)
Generate python ctypes classes from C headers.

py313-diskcache-stubs @5.6.3.6.20240818 (python)
This library provides type hints only.

py313-filetype @1.2.0 (python)
Infer file type and MIME type of any file/buffer

py313-fonttools @4.61.1 (python, print)
XML<->TrueType/OpenType Converter

py313-freetype @2.5.1 (python)
Freetype Python provides bindings for the FreeType library.

py313-immutables @0.21 (python, devel)
A high-performance immutable mapping type for Python

py313-magic @0.4.27 (python, devel)
File type identification using libmagic

py313-marshmallow @3.23.1 (python, devel)
Light-weight library for converting complex datatypes to and from native Python datatypes

py313-ml_dtypes @0.5.3 (python, devel)
NumPy dtype extensions used in machine learning

py313-mypy_extensions @1.1.0 (python)
Experimental type system extensions for programs checked with the mypy typechecker

py313-os-service-types @1.7.0 (python, net)
Library for consuming OpenStack sevice-types-authority data

py313-oslo-i18n @6.5.1 (python)
Common utility type functions

py313-oslo-utils @8.2.0 (python)
OpenStack common utility type functions

py313-parse-type @0.6.6 (python, devel)
parse_type extends the parse module (opposite of string.format())

py313-pydantic @2.12.4 (python, devel)
Data validation and settings management using Python type hinting

py313-pygithub @2.6.1 (python)
Typed interactions with the GitHub API v3

py313-pyplusplus @1.8.7 (python, devel)
Py++ is a framework for creating a code generator for Boost.Python library and ctypes package

py313-sortedcontainers @2.4.0 (python, devel)
Python sorted container types.

py313-sphinx-autodoc-typehints @3.6.2 (python, textproc, devel)
Type hints (PEP 484) support for the Sphinx autodoc extension

py313-spktype21 @0.1.0_1 (python)
A supporting module for jplephem to handle data type 21

py313-typeguard @4.4.4 (python)
Run time type checker for Python

py313-typer @0.21.1 (python, devel)
Typer, build great CLIs. Easy to code. Based on Python type hints.

py313-types-colorama @0.4.15.20250801 (python, devel)
This is a PEP 561 type stub package for the colorama package

py313-types-decorator @5.2.0.20250324 (python, devel)
Decorator factory for signature-preserving decorators.

py313-types-docutils @0.22.3.20251115 (python, devel)
Typing stubs for docutils

py313-types-psutil @7.2.1.20251231 (python, devel)
Typing stubs for psutil

py313-types-python-dateutil @2.9.0.20260124 (python, devel)
Typing stubs for python-dateutil

py313-types-pytz @2025.2.0.20250516 (python, devel)
Typing stubs for pytz

py313-types-setuptools @80.9.0.20251223 (python, devel)
Typing stubs for setuptools

py313-types-simplejson @3.20.0.20250326 (python, devel)
Typing stubs for simplejson

py313-types-ujson @5.10.0.20250326 (python, devel)
Typing stubs for ujson

py313-typing_extensions @4.15.0 (python)
Backported and Experimental Type Hints for Python

py313-utitools @0.2.0 (python)
Uniform Type Identifier (UTI) tools

py313-whenever @0.8.10 (python)
Typed and DST-safe datetimes for Python.

py314-algopy @0.7.2 (python, math)
AlgoPy is a Research Prototype for Algorithmic Differentation in Python

py314-annotated-doc @0.0.4 (python, devel)
Provides document parameters, class attributes, return types, and variables inline, with Annotated

py314-annotated_types @0.7.0 (python, devel)
Reusable constraint types to use with typing.Annotated

py314-asn1 @0.6.1 (python, devel, crypto)
Implementation of ASN.1 types and codecs in Python

py314-diskcache-stubs @5.6.3.6.20240818 (python)
This library provides type hints only.

py314-filetype @1.2.0 (python)
Infer file type and MIME type of any file/buffer

py314-fonttools @4.61.1 (python, print)
XML<->TrueType/OpenType Converter

py314-freetype @2.5.1 (python)
Freetype Python provides bindings for the FreeType library.

py314-magic @0.4.27 (python, devel)
File type identification using libmagic

py314-marshmallow @3.23.1 (python, devel)
Light-weight library for converting complex datatypes to and from native Python datatypes

py314-mypy_extensions @1.1.0 (python)
Experimental type system extensions for programs checked with the mypy typechecker

py314-pydantic @2.12.4 (python, devel)
Data validation and settings management using Python type hinting

py314-pygithub @2.6.1 (python)
Typed interactions with the GitHub API v3

py314-sortedcontainers @2.4.0 (python, devel)
Python sorted container types.

py314-sphinx-autodoc-typehints @3.6.2 (python, textproc, devel)
Type hints (PEP 484) support for the Sphinx autodoc extension

py314-spktype21 @0.1.0_1 (python)
A supporting module for jplephem to handle data type 21

py314-typeguard @4.4.4 (python)
Run time type checker for Python

py314-typer @0.21.1 (python, devel)
Typer, build great CLIs. Easy to code. Based on Python type hints.

py314-types-colorama @0.4.15.20250801 (python, devel)
This is a PEP 561 type stub package for the colorama package

py314-types-docutils @0.22.3.20251115 (python, devel)
Typing stubs for docutils

py314-types-psutil @7.2.1.20251231 (python, devel)
Typing stubs for psutil

py314-types-python-dateutil @2.9.0.20260124 (python, devel)
Typing stubs for python-dateutil

py314-types-setuptools @80.9.0.20251223 (python, devel)
Typing stubs for setuptools

py314-typing_extensions @4.15.0 (python)
Backported and Experimental Type Hints for Python

pyright @1.1.408 (devel)
Static type checker for Python

qt4-mimetypes @20170225 (devel)
Backport of QMimeType and QMimeDatabase from Qt5 into Qt4

R-assertive.data @0.0-3_1 (R, science)
Assertions to check properties of complex data types

R-assertive.types @0.0-3_1 (R, science, devel)
Assertions to check types of variables

R-BCSub @0.5_1 (R, science, math)
Bayesian semi-parametric factor analysis model for subtype identification (clustering)

R-beachmat @2.20.0 (R, science, bioconductor)
Compiling Bioconductor to handle each matrix type

R-clock @0.7.1 (R, science)
Date–Time types and tools

R-clustMixType @0.4-2 (R, science)
k-prototypes clustering for mixed variable-type data

R-collections @0.3.7_1 (R, science, devel)
High-performance container data types

R-conquer @1.3.3_3 (R, science, math)
Convolution-type smoothed quantile regression

R-DiscreteWeibull @1.1_2 (R, science, math)
Discrete Weibull distributions, types I and III

R-easydb @1.1.0_1 (R, science, databases)
Easily connect to common types of databases

R-ezplot @0.7.13_1 (R, science, graphics)
Functions for common chart types

R-forge @0.2.0_2 (R, science, devel)
Helper functions with a consistent interface to coerce and verify the types and shapes of values for input checking.

R-gamlss.lasso @1.0-1_1 (R, science, math)
Extra lasso-type additive terms for GAMLSS

R-gMWT @1.4_2 (R, science)
Generalized Mann–Whitney Type Tests

R-inum @1.0-5_1 (R, science, devel)
Interval and enum-type representation of vectors

R-jmatrix @1.5.2 (R, science)
Read from/write to disk matrices with any data type in a binary format

R-jstable @1.3.4 (R, science)
Create tables from different types of regression

R-matahari @0.1.3_1 (R, science, sysutils)
Conveniently log everything you type into the R console

R-mime @0.12_2 (R, science, devel)
Map filenames to MIME types

R-minty @0.0.4 (R, science, devel)
Minimal Type Guesser

R-mixedClust @1.0.2_1 (R, science, math)
Co-clustering of mixed type data

R-np @0.60-18 (R, science, math)
Nonparametric kernel smoothing methods for mixed data types

R-prediction @0.3.18 (R, science, math)
Tidy, type-safe prediction() methods

R-proto @1.0.0_2 (R, science, devel)
Prototype object-based programming

R-Q7 @0.1.0_1 (R, science, devel)
Types and features for object-oriented programming

R-rstack @1.0.1_1 (R, science, devel)
Stack data type as an R6 class

R-rtson @1.3_1 (R, science, devel)
Typed JSON

R-rtype @0.1-1 (R, science, devel)
Strong type system for R

R-SimMultiCorrData @0.2.2 (R, science, math)
Simulation of correlated data with multiple variable types

R-tarchetypes @0.11.0 (R, science, devel)
Archetypes for R-targets

R-typed @0.0.1_1 (R, science, devel)
Support types for variables, arguments and return values

R-VarSelLCM @2.1.3.1_2 (R, science, math)
Variable selection for model-based clustering of mixed-type data set with missing values

R-vctrs @0.6.5_1 (R, science, devel)
Generic programming with typed R vectors

rb-mime-types @3.7.0 (ruby)
Manages a MIME content-type that will return the content-type for a given filename.

rb-mime-types-data @3.2025.0610 (ruby)
rb-mime-types-data provides a registry for information about MIME media type definitions.

rb19-polyglot @0.3.1 (ruby)
File type registry for Ruby 'require'

rb31-mime-types @3.7.0 (ruby)
Manages a MIME content-type that will return the content-type for a given filename.

rb31-mime-types-data @3.2025.0610 (ruby)
rb-mime-types-data provides a registry for information about MIME media type definitions.

rb32-mime-types @3.7.0 (ruby)
Manages a MIME content-type that will return the content-type for a given filename.

rb32-mime-types-data @3.2025.0610 (ruby)
rb-mime-types-data provides a registry for information about MIME media type definitions.

rb33-mime-types @3.7.0 (ruby)
Manages a MIME content-type that will return the content-type for a given filename.

rb33-mime-types-data @3.2025.0610 (ruby)
rb-mime-types-data provides a registry for information about MIME media type definitions.

rb34-mime-types @3.7.0 (ruby)
Manages a MIME content-type that will return the content-type for a given filename.

rb34-mime-types-data @3.2025.0610 (ruby)
rb-mime-types-data provides a registry for information about MIME media type definitions.

sazanami-font @20040629_1 (x11, fonts)
Japanese proportional TrueType font

SDL3_ttf @3.2.2_1 (devel, graphics)
add on library for libSDL for rendering TrueType fonts

shared-mime-info @2.4 (devel)
Database of common types.

spring-javaconfig @0.2.1.0.0.M4_2 (java)
Type-safe, pure-Java way to configure applications

sqlc @1.30.0 (devel, databases)
Generate type-safe Golang code from SQL

STC @4.2_3 (devel)
A modern, user-friendly, generic, type-safe and fast C99 container library

t1lib @5.1.2_3 (devel, graphics, fonts)
Library for generating glyphs from Type 1 fonts

t1utils @1.42 (graphics, print, fonts)
Command line tools for dealing with Type 1 fonts

taglib-extras @1.0.1_5 (audio)
Taglib plugins for various filetypes supported by Amarok, the KDE music manager.

texlive-games @73958 (tex)
TeX Live: Games typesetting

tree-sitter-typescript @0.23.2 (devel)
A tree-sitter parser for TypeScript

trove4j @2.1.0_1 (java)
high performance collections for Java objects and primitive types

tsx @4.20.6 (devel)
The easiest way to run TypeScript in Node.js

ttf2eot @0.0.3 (print, www)
TrueType font (ttf) to Embeddable OpenType font (eot) converter

ttf2pt1 @3.4.4 (print)
TrueType Font to PostScript Type 1 Converter

ttfautohint @1.8.4 (graphics, fonts)
A library to autohint TrueType fonts

tuxtype @1.8.3_1 (games, education)
Learn to type with Tux, the Linux Penguin!

typesafe-activator @1.3.12 (java, devel)
TypeSafe activator framework used by the java web play framework

typescript @5.9.3 (lang)
TypeScript is JavaScript with syntax for types

typescript-language-server @4.3.3_1 (devel)
TypeScript & JavaScript Language Server

typst @0.14.2 (textproc)
A new markup-based typesetting system that is powerful and easy to learn.

vala @0.56.18 (lang)
Compiler for the GObject type system

vala-devel @0.56.18 (lang)
Compiler for the GObject type system

vivid @0.10.1 (sysutils)
A themeable LS_COLORS generator with a rich filetype datebase

WW @2.2_1 (science, education)
A command line tool to disaggregate Scantron or ZipGrade pre- and post-test responses into Walstad and Wagner learning types (Walstad and Wagner 2016) and adjusts them for guessing (Smith and Wagner 2017).

Found 674 ports.
