ktuberling @4.14.3_3 (kde, kde4, games)
KTuberling a simple constructor game suitable for children and adults alike.

smtube @21.10.0_1 (www)
Browse, search, and play YouTube videos

tubeup @2025.5.11 (python, multimedia)
VOD service to Archive.org uploader

yewtube @2.12.0 (net, multimedia)
Terminal-based YouTube player and downloader

youtube-dl @2021.12.17_3 (net)
command-line program to download videos from YouTube.com and other sites

youtube-search-python @1.6.6 (net, multimedia, python)
Search for YouTube videos, channels & playlists

youtube-upload @0.8.0 (net)
script to upload videos to YouTube

youtube-viewer @3.11.3 (multimedia, net)
A very easy interface to YouTube.

yt-dlp @2025.12.08 (net)
command-line program to download videos from YouTube.com and other sites

ytcast @1.4.0 (multimedia, net)
Cast YouTube videos to your smart TV from command-line.

Found 10 ports.
