cidr @2.3.2_1 (net)
RFC 1878 subnet helper

cidr-go @2.3.0 (net)
CLI to perform various actions on CIDR ranges

grepcidr @2.0_2 (sysutils, net)
Filter IPv4 and IPv6 addresses matching CIDR patterns

p5-net-cidr @0.270.0 (perl)
Net::CIDR - Manipulate IPv4/IPv6 netblocks in CIDR notation

p5-net-cidr-lite @0.220.0 (perl)
Net::CIDR::Lite - Perl extension for merging IPv4 or IPv6 CIDR addresses

p5-net-ipv4addr @0.100.0_3 (perl)
Parse IPv4 addresses in traditional and CIDR formats

p5.28-net-cidr @0.270.0 (perl)
Net::CIDR - Manipulate IPv4/IPv6 netblocks in CIDR notation

p5.28-net-cidr-lite @0.220.0 (perl)
Net::CIDR::Lite - Perl extension for merging IPv4 or IPv6 CIDR addresses

p5.28-net-ipv4addr @0.100.0_3 (perl)
Parse IPv4 addresses in traditional and CIDR formats

p5.30-net-cidr @0.270.0 (perl)
Net::CIDR - Manipulate IPv4/IPv6 netblocks in CIDR notation

p5.30-net-cidr-lite @0.220.0 (perl)
Net::CIDR::Lite - Perl extension for merging IPv4 or IPv6 CIDR addresses

p5.30-net-ipv4addr @0.100.0_3 (perl)
Parse IPv4 addresses in traditional and CIDR formats

p5.32-net-cidr @0.270.0 (perl)
Net::CIDR - Manipulate IPv4/IPv6 netblocks in CIDR notation

p5.32-net-cidr-lite @0.220.0 (perl)
Net::CIDR::Lite - Perl extension for merging IPv4 or IPv6 CIDR addresses

p5.32-net-ipv4addr @0.100.0_3 (perl)
Parse IPv4 addresses in traditional and CIDR formats

p5.34-net-cidr @0.270.0 (perl)
Net::CIDR - Manipulate IPv4/IPv6 netblocks in CIDR notation

p5.34-net-cidr-lite @0.220.0 (perl)
Net::CIDR::Lite - Perl extension for merging IPv4 or IPv6 CIDR addresses

p5.34-net-ipv4addr @0.100.0_3 (perl)
Parse IPv4 addresses in traditional and CIDR formats

py-cidrize @2.1.0 (python, devel)
Cidrize parses IPv4/IPv6 addresses, CIDRs, ranges, and wildcard matches.

py310-cidrize @2.1.0 (python, devel)
Cidrize parses IPv4/IPv6 addresses, CIDRs, ranges, and wildcard matches.

py311-cidrize @2.1.0 (python, devel)
Cidrize parses IPv4/IPv6 addresses, CIDRs, ranges, and wildcard matches.

Found 21 ports.
