beets-check @0.15.0 (audio)
beets plugin verifying file integrity with checksums

bsdsfv @1.18_1 (sysutils)
BSD-licensed simple file verification utility

cfv @1.18.3_3 (security)
Command-line File Verify

cksfv @1.3.15 (sysutils)
simple file verification utility

editorconfig-checker @3.6.1 (devel)
A tool to verify that your files are in harmony with your .editorconfig

everparse @20220602-e722715 (devel)
A verified secure parser framework for F*.

f3 @8.0 (sysutils)
Verifies the reliability of local storage, e.g. flash

fstar @2022.06.08 (lang, devel)
General-purpose functional language aimed at program verification

jlint @1.23 (lang, devel)
Java code verifier

minisign @0.12 (security)
a dead simple tool to sign files and verify digital signatures

octave-interval @3.2.1_4 (octave, math, science)
The interval package for real-valued interval arithmetic provides data types and operations for verified computing.

p5-alien-gnuplot @1.43.0 (perl)
Alien::Gnuplot - Find and verify functionality of the gnuplot executable.

p5-cpan-meta-check @0.18.0 (perl)
CPAN::Meta::Check - Verify requirements in a CPAN::Meta object

p5-crypt-smime @0.310.0 (perl)
Crypt::SMIME - S/MIME message signing, verification, encryption and decryption

p5-mail-dkim @1.202.409.230 (perl, mail)
Mail::DKIM - Signs/verifies Internet mail with DKIM/DomainKey signatures

p5.28-alien-gnuplot @1.43.0 (perl)
Alien::Gnuplot - Find and verify functionality of the gnuplot executable.

p5.28-cpan-meta-check @0.18.0 (perl)
CPAN::Meta::Check - Verify requirements in a CPAN::Meta object

p5.28-crypt-smime @0.310.0 (perl)
Crypt::SMIME - S/MIME message signing, verification, encryption and decryption

p5.28-mail-dkim @1.202.409.230 (perl, mail)
Mail::DKIM - Signs/verifies Internet mail with DKIM/DomainKey signatures

p5.30-alien-gnuplot @1.43.0 (perl)
Alien::Gnuplot - Find and verify functionality of the gnuplot executable.

p5.30-cpan-meta-check @0.18.0 (perl)
CPAN::Meta::Check - Verify requirements in a CPAN::Meta object

p5.30-crypt-smime @0.310.0 (perl)
Crypt::SMIME - S/MIME message signing, verification, encryption and decryption

p5.30-mail-dkim @1.202.409.230 (perl, mail)
Mail::DKIM - Signs/verifies Internet mail with DKIM/DomainKey signatures

p5.32-alien-gnuplot @1.43.0 (perl)
Alien::Gnuplot - Find and verify functionality of the gnuplot executable.

p5.32-cpan-meta-check @0.18.0 (perl)
CPAN::Meta::Check - Verify requirements in a CPAN::Meta object

p5.32-crypt-smime @0.310.0 (perl)
Crypt::SMIME - S/MIME message signing, verification, encryption and decryption

p5.32-mail-dkim @1.202.409.230 (perl, mail)
Mail::DKIM - Signs/verifies Internet mail with DKIM/DomainKey signatures

p5.34-alien-gnuplot @1.43.0 (perl)
Alien::Gnuplot - Find and verify functionality of the gnuplot executable.

p5.34-cpan-meta-check @0.18.0 (perl)
CPAN::Meta::Check - Verify requirements in a CPAN::Meta object

p5.34-crypt-smime @0.310.0 (perl)
Crypt::SMIME - S/MIME message signing, verification, encryption and decryption

p5.34-mail-dkim @1.202.409.230 (perl, mail)
Mail::DKIM - Signs/verifies Internet mail with DKIM/DomainKey signatures

php52-openssl @5.2.17_3 (php, devel, security)
a PHP interface to OpenSSL signature-generation and -verification and data-encryption and -decryption functions

php53-openssl @5.3.29_3 (php, devel, security)
a PHP interface to OpenSSL signature-generation and -verification and data-encryption and -decryption functions

php54-openssl @5.4.45_3 (php, devel, security)
a PHP interface to OpenSSL signature-generation and -verification and data-encryption and -decryption functions

php55-openssl @5.5.38_3 (php, devel, security)
a PHP interface to OpenSSL signature-generation and -verification and data-encryption and -decryption functions

php56-openssl @5.6.40_3 (php, devel, security)
a PHP interface to OpenSSL signature-generation and -verification and data-encryption and -decryption functions

php70-openssl @7.0.33_2 (php, devel, security)
a PHP interface to OpenSSL signature-generation and -verification and data-encryption and -decryption functions

php71-openssl @7.1.33_1 (php, devel, security)
a PHP interface to OpenSSL signature-generation and -verification and data-encryption and -decryption functions

php72-openssl @7.2.34_1 (php, devel, security)
a PHP interface to OpenSSL signature-generation and -verification and data-encryption and -decryption functions

php73-openssl @7.3.33 (php, devel, security)
a PHP interface to OpenSSL signature-generation and -verification and data-encryption and -decryption functions

php74-openssl @7.4.33 (php, devel, security)
a PHP interface to OpenSSL signature-generation and -verification and data-encryption and -decryption functions

php80-openssl @8.0.30 (php, devel, security)
a PHP interface to OpenSSL signature-generation and -verification and data-encryption and -decryption functions

php81-openssl @8.1.30 (php, devel, security)
a PHP interface to OpenSSL signature-generation and -verification and data-encryption and -decryption functions

php82-openssl @8.2.24 (php, devel, security)
a PHP interface to OpenSSL signature-generation and -verification and data-encryption and -decryption functions

php83-openssl @8.3.12 (php, devel, security)
a PHP interface to OpenSSL signature-generation and -verification and data-encryption and -decryption functions

php84-openssl @8.4.0RC1 (php, devel, security)
a PHP interface to OpenSSL signature-generation and -verification and data-encryption and -decryption functions

pinact @3.8.0 (security)
A CLI to edit GitHub Workflow and Composite action files and pin versions of Actions and Reusable Workflows. pinact can also update their versions and verify version annotations.

py-dkimpy @1.1.8 (python, devel, mail)
DKIM, ARC, and TLSRPT email signing and verification

py-oscrypto @1.3.0 (python)
TLS (SSL) sockets, key generation, encryption, decryption, signing, verification and KDFs using the OS crypto libraries. Does not require a compiler, and relies on the OS for patching. Works on Windows, OS X and Linux/BSD.

py-service_identity @24.2.0 (python, devel)
Service Identity Verification for pyOpenSSL

py27-service_identity @21.1.0 (python, devel)
Service Identity Verification for pyOpenSSL

py39-service_identity @24.2.0 (python, devel)
Service Identity Verification for pyOpenSSL

py310-dkimpy @1.1.8 (python, devel, mail)
DKIM, ARC, and TLSRPT email signing and verification

py310-oscrypto @1.3.0 (python)
TLS (SSL) sockets, key generation, encryption, decryption, signing, verification and KDFs using the OS crypto libraries. Does not require a compiler, and relies on the OS for patching. Works on Windows, OS X and Linux/BSD.

py310-service_identity @24.2.0 (python, devel)
Service Identity Verification for pyOpenSSL

py311-dkimpy @1.1.8 (python, devel, mail)
DKIM, ARC, and TLSRPT email signing and verification

py311-oscrypto @1.3.0 (python)
TLS (SSL) sockets, key generation, encryption, decryption, signing, verification and KDFs using the OS crypto libraries. Does not require a compiler, and relies on the OS for patching. Works on Windows, OS X and Linux/BSD.

py311-service_identity @24.2.0 (python, devel)
Service Identity Verification for pyOpenSSL

py312-dkimpy @1.1.8 (python, devel, mail)
DKIM, ARC, and TLSRPT email signing and verification

py312-oscrypto @1.3.0 (python)
TLS (SSL) sockets, key generation, encryption, decryption, signing, verification and KDFs using the OS crypto libraries. Does not require a compiler, and relies on the OS for patching. Works on Windows, OS X and Linux/BSD.

py312-service_identity @24.2.0 (python, devel)
Service Identity Verification for pyOpenSSL

py313-dkimpy @1.1.8 (python, devel, mail)
DKIM, ARC, and TLSRPT email signing and verification

py313-oscrypto @1.3.0 (python)
TLS (SSL) sockets, key generation, encryption, decryption, signing, verification and KDFs using the OS crypto libraries. Does not require a compiler, and relies on the OS for patching. Works on Windows, OS X and Linux/BSD.

py313-service_identity @24.2.0 (python, devel)
Service Identity Verification for pyOpenSSL

py314-service_identity @24.2.0 (python, devel)
Service Identity Verification for pyOpenSSL

R-forge @0.2.0_2 (R, science, devel)
Helper functions with a consistent interface to coerce and verify the types and shapes of values for input checking.

R-verification @1.42_1 (R, science)
Weather forecast verification utilities

rb-ruby-openid @2.1.2 (ruby)
A robust library for verifying and serving OpenID identities.

rb-simple_oauth @0.3.1 (ruby)
Simply builds and verifies OAuth headers

rb31-simple_oauth @0.3.1 (ruby)
Simply builds and verifies OAuth headers

rb32-simple_oauth @0.3.1 (ruby)
Simply builds and verifies OAuth headers

rb33-simple_oauth @0.3.1 (ruby)
Simply builds and verifies OAuth headers

RHash @1.4.6_1 (sysutils)
Utility for calculation and verification of magnet links and various message digests.

sign @1.1_3 (security)
sign is a file signing and signature verification utility

signify @1.6 (security)
cryptographically sign and verify files

stressdrive @1.4 (sysutils)
Tool meant to verify correct operation of a drive

usign-devel @20190920 (security)
OpenWrt signature verification utility

whatcheck @8.1_2 (science)
Protein verification tools from WhatIf

Found 78 ports.
