BrowserLauncher2 @1.3 (java)
Java library for opening a URL in a browser

cl-do-urlencode @20181007 (lisp, devel)
Percent Encoding (aka URL Encoding) library

cl-routes @20170119 (lisp, www, devel)
Common Lisp implementation of the routes system for mapping URL's

cl-trivial-open-browser @20160602 (lisp, devel)
Open the browser to a URL, on any system.

cl-url-rewrite @0.1.1 (lisp, www, devel)
Rewrite (X)HTML attributes with Common Lisp

coeurl @0.3.0_1 (net, www)
Simple library to do http requests asynchronously via CURL in C++

cpr @1.11.1 (devel, net)
C++ Requests: Curl for People

curl @8.13.0 (net, www)
Tool for transferring files with URL syntax

curl-ca-bundle @8.13.0 (net)
CA certificate bundle for curl

curlftpfs @0.9.2_3 (fuse)
CurlFtpFS is a filesystem for acessing FTP hosts based on FUSE and libcurl.

curlhandle @3.1.1 (devel, framework)
CURLHandle is a framework wrapper around cURL

curlie @1.8.2 (net, www)
The power of curl, the ease of use of httpie.

duti @1.5.4 (sysutils)
Select default apps for documents and URL schemes on macOS.

flickcurl @1.26_7 (devel)
C library for the Flickr API

fortran-curl @0.3.0 (fortran, devel, net)
Fortran 2018 ISO_C_BINDING interfaces to Perl-compatible Regular Expressions 2

furl @2.1 (www)
display the HTTP headers returned by web-servers

gau @2.2.4 (www, security)
getallurls (gau) fetches known URLs from various sources

gdown @5.2.0 (net, python)
Google Drive Public File Downloader when Curl/Wget Fails

grpcurl @1.9.3 (devel, net)
Like cURL, but for gRPC: Command-line tool for interacting with gRPC servers.

httpie @3.2.4 (net, python)
HTTPie is a command line HTTP client, a user-friendly cURL replacement.

hurl @7.1.0 (www)
Hurl is a command line tool that runs HTTP requests defined in a simple plain text format.

MailtoMutt @0.4.1_1 (aqua, mail)
MailtoMutt is a very simple application which handles mailto URLs, and hands them off to the Mutt MUA.

ocaml-uri @4.4.0_2 (ocaml, devel)
An RFC3986 URI/URL parsing library

openbrowser @1.0.1_10 (sysutils)
opens files and URLs into the default web browser

p5-alien-curl @0.110.0 (perl)
Alien::curl - Discover or download and install curl + libcurl

p5-browser-open @0.40.0 (perl)
Browser::Open - open a browser in a given URL

p5-cgi-deurl-xs @0.80.0 (perl)
CGI::Deurl::XS - Fast decoder for URL parameter strings

p5-digest-md5-file @0.80.0 (perl)
Perl extension for getting MD5 sums for files and urls.

p5-file-mork @0.400.0 (perl)
Perl module to read Mozilla URL history files

p5-lwp-curl @0.140.0 (perl)
LWP::Curl - LWP methods implementation with Curl engine

p5-net-curl @0.580.0 (perl)
Net::Curl - Perl interface for libcurl

p5-url-encode @0.30.0 (perl)
URL::Encode - Encoding and decoding of application/x-www-form-urlencoded encoding.

p5-url-encode-xs @0.30.0 (perl)
URL::Encode::XS - XS implementation of URL::Encode

p5-www-curl @4.170.0_12 (perl)
Perl extension interface for libcurl

p5-www-form-urlencoded @0.260.0 (perl)
WWW::Form::UrlEncoded - parser and builder for application/x-www-form-urlencoded

p5-www-form-urlencoded-xs @0.280.0 (perl)
WWW::Form::UrlEncoded::XS - XS implementation of parser and builder for application/x-www-form-urlencoded

p5-www-shorten @3.94.0 (perl)
Interface to URL shortening sites

p5-www-urltoys @1.280.0_3 (perl)
WWW::URLToys - gather and download URLs from URLs

p5.28-alien-curl @0.110.0 (perl)
Alien::curl - Discover or download and install curl + libcurl

p5.28-browser-open @0.40.0 (perl)
Browser::Open - open a browser in a given URL

p5.28-cgi-deurl-xs @0.80.0 (perl)
CGI::Deurl::XS - Fast decoder for URL parameter strings

p5.28-digest-md5-file @0.80.0 (perl)
Perl extension for getting MD5 sums for files and urls.

p5.28-file-mork @0.400.0 (perl)
Perl module to read Mozilla URL history files

p5.28-lwp-curl @0.140.0 (perl)
LWP::Curl - LWP methods implementation with Curl engine

p5.28-net-curl @0.580.0 (perl)
Net::Curl - Perl interface for libcurl

p5.28-url-encode @0.30.0 (perl)
URL::Encode - Encoding and decoding of application/x-www-form-urlencoded encoding.

p5.28-url-encode-xs @0.30.0 (perl)
URL::Encode::XS - XS implementation of URL::Encode

p5.28-www-curl @4.170.0_12 (perl)
Perl extension interface for libcurl

p5.28-www-form-urlencoded @0.260.0 (perl)
WWW::Form::UrlEncoded - parser and builder for application/x-www-form-urlencoded

p5.28-www-form-urlencoded-xs @0.280.0 (perl)
WWW::Form::UrlEncoded::XS - XS implementation of parser and builder for application/x-www-form-urlencoded

p5.28-www-shorten @3.94.0 (perl)
Interface to URL shortening sites

p5.28-www-urltoys @1.280.0_3 (perl)
WWW::URLToys - gather and download URLs from URLs

p5.30-alien-curl @0.110.0 (perl)
Alien::curl - Discover or download and install curl + libcurl

p5.30-browser-open @0.40.0 (perl)
Browser::Open - open a browser in a given URL

p5.30-cgi-deurl-xs @0.80.0 (perl)
CGI::Deurl::XS - Fast decoder for URL parameter strings

p5.30-digest-md5-file @0.80.0 (perl)
Perl extension for getting MD5 sums for files and urls.

p5.30-file-mork @0.400.0 (perl)
Perl module to read Mozilla URL history files

p5.30-lwp-curl @0.140.0 (perl)
LWP::Curl - LWP methods implementation with Curl engine

p5.30-net-curl @0.580.0 (perl)
Net::Curl - Perl interface for libcurl

p5.30-url-encode @0.30.0 (perl)
URL::Encode - Encoding and decoding of application/x-www-form-urlencoded encoding.

p5.30-url-encode-xs @0.30.0 (perl)
URL::Encode::XS - XS implementation of URL::Encode

p5.30-www-curl @4.170.0_12 (perl)
Perl extension interface for libcurl

p5.30-www-form-urlencoded @0.260.0 (perl)
WWW::Form::UrlEncoded - parser and builder for application/x-www-form-urlencoded

p5.30-www-form-urlencoded-xs @0.280.0 (perl)
WWW::Form::UrlEncoded::XS - XS implementation of parser and builder for application/x-www-form-urlencoded

p5.30-www-shorten @3.94.0 (perl)
Interface to URL shortening sites

p5.30-www-urltoys @1.280.0_3 (perl)
WWW::URLToys - gather and download URLs from URLs

p5.32-alien-curl @0.110.0 (perl)
Alien::curl - Discover or download and install curl + libcurl

p5.32-browser-open @0.40.0 (perl)
Browser::Open - open a browser in a given URL

p5.32-cgi-deurl-xs @0.80.0 (perl)
CGI::Deurl::XS - Fast decoder for URL parameter strings

p5.32-digest-md5-file @0.80.0 (perl)
Perl extension for getting MD5 sums for files and urls.

p5.32-file-mork @0.400.0 (perl)
Perl module to read Mozilla URL history files

p5.32-lwp-curl @0.140.0 (perl)
LWP::Curl - LWP methods implementation with Curl engine

p5.32-net-curl @0.580.0 (perl)
Net::Curl - Perl interface for libcurl

p5.32-url-encode @0.30.0 (perl)
URL::Encode - Encoding and decoding of application/x-www-form-urlencoded encoding.

p5.32-url-encode-xs @0.30.0 (perl)
URL::Encode::XS - XS implementation of URL::Encode

p5.32-www-curl @4.170.0_12 (perl)
Perl extension interface for libcurl

p5.32-www-form-urlencoded @0.260.0 (perl)
WWW::Form::UrlEncoded - parser and builder for application/x-www-form-urlencoded

p5.32-www-form-urlencoded-xs @0.280.0 (perl)
WWW::Form::UrlEncoded::XS - XS implementation of parser and builder for application/x-www-form-urlencoded

p5.32-www-shorten @3.94.0 (perl)
Interface to URL shortening sites

p5.32-www-urltoys @1.280.0_3 (perl)
WWW::URLToys - gather and download URLs from URLs

p5.34-alien-curl @0.110.0 (perl)
Alien::curl - Discover or download and install curl + libcurl

p5.34-browser-open @0.40.0 (perl)
Browser::Open - open a browser in a given URL

p5.34-cgi-deurl-xs @0.80.0 (perl)
CGI::Deurl::XS - Fast decoder for URL parameter strings

p5.34-digest-md5-file @0.80.0 (perl)
Perl extension for getting MD5 sums for files and urls.

p5.34-file-mork @0.400.0 (perl)
Perl module to read Mozilla URL history files

p5.34-lwp-curl @0.140.0 (perl)
LWP::Curl - LWP methods implementation with Curl engine

p5.34-net-curl @0.580.0 (perl)
Net::Curl - Perl interface for libcurl

p5.34-url-encode @0.30.0 (perl)
URL::Encode - Encoding and decoding of application/x-www-form-urlencoded encoding.

p5.34-url-encode-xs @0.30.0 (perl)
URL::Encode::XS - XS implementation of URL::Encode

p5.34-www-curl @4.170.0_12 (perl)
Perl extension interface for libcurl

p5.34-www-form-urlencoded @0.260.0 (perl)
WWW::Form::UrlEncoded - parser and builder for application/x-www-form-urlencoded

p5.34-www-form-urlencoded-xs @0.280.0 (perl)
WWW::Form::UrlEncoded::XS - XS implementation of parser and builder for application/x-www-form-urlencoded

p5.34-www-shorten @3.94.0 (perl)
Interface to URL shortening sites

p5.34-www-urltoys @1.280.0_3 (perl)
WWW::URLToys - gather and download URLs from URLs

php52-curl @5.2.17 (php, net, www)
a PHP interface to the curl library, which lets you download files from servers with a variety of protocols

php53-curl @5.3.29 (php, net, www)
a PHP interface to the curl library, which lets you download files from servers with a variety of protocols

php54-curl @5.4.45 (php, net, www)
a PHP interface to the curl library, which lets you download files from servers with a variety of protocols

php55-curl @5.5.38 (php, net, www)
a PHP interface to the curl library, which lets you download files from servers with a variety of protocols

php56-curl @5.6.40 (php, net, www)
a PHP interface to the curl library, which lets you download files from servers with a variety of protocols

php70-curl @7.0.33 (php, net, www)
a PHP interface to the curl library, which lets you download files from servers with a variety of protocols

php71-curl @7.1.33 (php, net, www)
a PHP interface to the curl library, which lets you download files from servers with a variety of protocols

php72-curl @7.2.34 (php, net, www)
a PHP interface to the curl library, which lets you download files from servers with a variety of protocols

php73-curl @7.3.33 (php, net, www)
a PHP interface to the curl library, which lets you download files from servers with a variety of protocols

php74-curl @7.4.33 (php, net, www)
a PHP interface to the curl library, which lets you download files from servers with a variety of protocols

php80-curl @8.0.30 (php, net, www)
a PHP interface to the curl library, which lets you download files from servers with a variety of protocols

php81-curl @8.1.30 (php, net, www)
a PHP interface to the curl library, which lets you download files from servers with a variety of protocols

php82-curl @8.2.24 (php, net, www)
a PHP interface to the curl library, which lets you download files from servers with a variety of protocols

php83-curl @8.3.12 (php, net, www)
a PHP interface to the curl library, which lets you download files from servers with a variety of protocols

php84-curl @8.4.0RC1 (php, net, www)
a PHP interface to the curl library, which lets you download files from servers with a variety of protocols

py-applaunchservices @0.3.0 (python)
Simple package for registering an app with apple Launch Services to handle UTI and URL

py-curl @7.45.7 (python, net, devel)
Python interface to libcurl

py-hyperlink @21.0.0 (python, devel, net)
A pure-Python implementation of immutable URLs

py-mdurl @0.1.2 (python, devel, textproc)
URL utilities for markdown-it

py-ndg_httpsclient @0.5.1_2 (python, net)
This is a HTTPS client implementation for httplib and urllib2 based on PyOpenSSL.

py-requests-file @3.0.1 (python)
Requests-File is a transport adapter for use with the Requests Python library to allow local filesystem access via file:// URLs.

py-resumable-urlretrieve @0.1.6 (python)
Small library to fetch files over HTTP and resuming their download

py-routes @2.5.1 (python, www, devel)
A Routing package for Python that matches URLs to dicts and vice versa.

py-shortuuid @1.0.13 (python, devel)
A generator library for concise, unambiguous and URL-safe UUIDs.

py-tldextract @5.3.1 (python, net)
tldextract accurately separates the gTLD or ccTLD (generic or country code top-level domain) from the registered domain and subdomains of a URL.

py-url @0.15.1_1 (python)
RFC2396 compliant Python implementation of URLs

py-url-normalize @2.2.1 (python, devel, net)
URI Normalization function

py-urlgrabber @4.0.0 (python, net)
High-level cross-protocol url-grabber

py-urllib3 @2.6.2 (python, devel, net)
HTTP library with thread-safe connection pooling, file post, and more.

py-urlwatch @2.28 (python)
a tool for monitoring webpages for updates

py-wurlitzer @3.1.1 (python, devel)
Capture C-level output in context managers

py-yarl @1.22.0 (python, devel)
Yet another URL library.

py27-curl @7.43.0.3_2 (python, net, devel)
Python interface to libcurl

py27-hyperlink @21.0.0 (python, devel, net)
A pure-Python implementation of immutable URLs

py27-url @0.15.1_1 (python)
RFC2396 compliant Python implementation of URLs

py27-urlgrabber @4.0.0 (python, net)
High-level cross-protocol url-grabber

py27-urllib3 @1.26.18 (python, devel, net)
HTTP library with thread-safe connection pooling, file post, and more.

py35-urllib3 @1.26.18 (python, devel, net)
HTTP library with thread-safe connection pooling, file post, and more.

py36-urllib3 @1.26.18 (python, devel, net)
HTTP library with thread-safe connection pooling, file post, and more.

py37-urllib3 @1.26.18 (python, devel, net)
HTTP library with thread-safe connection pooling, file post, and more.

py38-urllib3 @2.2.3 (python, devel, net)
HTTP library with thread-safe connection pooling, file post, and more.

py39-hyperlink @21.0.0 (python, devel, net)
A pure-Python implementation of immutable URLs

py39-mdurl @0.1.2 (python, devel, textproc)
URL utilities for markdown-it

py39-resumable-urlretrieve @0.1.6 (python)
Small library to fetch files over HTTP and resuming their download

py39-routes @2.5.1 (python, www, devel)
A Routing package for Python that matches URLs to dicts and vice versa.

py39-urllib3 @2.6.2 (python, devel, net)
HTTP library with thread-safe connection pooling, file post, and more.

py39-wurlitzer @3.1.1 (python, devel)
Capture C-level output in context managers

py310-applaunchservices @0.3.0 (python)
Simple package for registering an app with apple Launch Services to handle UTI and URL

py310-curl @7.45.7 (python, net, devel)
Python interface to libcurl

py310-hyperlink @21.0.0 (python, devel, net)
A pure-Python implementation of immutable URLs

py310-mdurl @0.1.2 (python, devel, textproc)
URL utilities for markdown-it

py310-ndg_httpsclient @0.5.1_2 (python, net)
This is a HTTPS client implementation for httplib and urllib2 based on PyOpenSSL.

py310-requests-file @3.0.1 (python)
Requests-File is a transport adapter for use with the Requests Python library to allow local filesystem access via file:// URLs.

py310-shortuuid @1.0.13 (python, devel)
A generator library for concise, unambiguous and URL-safe UUIDs.

py310-tldextract @5.3.1 (python, net)
tldextract accurately separates the gTLD or ccTLD (generic or country code top-level domain) from the registered domain and subdomains of a URL.

py310-url-normalize @2.2.1 (python, devel, net)
URI Normalization function

py310-urllib3 @2.6.2 (python, devel, net)
HTTP library with thread-safe connection pooling, file post, and more.

py310-urlwatch @2.28 (python)
a tool for monitoring webpages for updates

py310-wurlitzer @3.1.1 (python, devel)
Capture C-level output in context managers

py310-yarl @1.22.0 (python, devel)
Yet another URL library.

py311-applaunchservices @0.3.0 (python)
Simple package for registering an app with apple Launch Services to handle UTI and URL

py311-curl @7.45.7 (python, net, devel)
Python interface to libcurl

py311-hyperlink @21.0.0 (python, devel, net)
A pure-Python implementation of immutable URLs

py311-mdurl @0.1.2 (python, devel, textproc)
URL utilities for markdown-it

py311-ndg_httpsclient @0.5.1_2 (python, net)
This is a HTTPS client implementation for httplib and urllib2 based on PyOpenSSL.

py311-requests-file @3.0.1 (python)
Requests-File is a transport adapter for use with the Requests Python library to allow local filesystem access via file:// URLs.

py311-shortuuid @1.0.13 (python, devel)
A generator library for concise, unambiguous and URL-safe UUIDs.

py311-tldextract @5.3.1 (python, net)
tldextract accurately separates the gTLD or ccTLD (generic or country code top-level domain) from the registered domain and subdomains of a URL.

py311-url-normalize @2.2.1 (python, devel, net)
URI Normalization function

py311-urllib3 @2.6.2 (python, devel, net)
HTTP library with thread-safe connection pooling, file post, and more.

py311-urlwatch @2.28 (python)
a tool for monitoring webpages for updates

py311-wurlitzer @3.1.1 (python, devel)
Capture C-level output in context managers

py311-yarl @1.22.0 (python, devel)
Yet another URL library.

py312-applaunchservices @0.3.0 (python)
Simple package for registering an app with apple Launch Services to handle UTI and URL

py312-curl @7.45.7 (python, net, devel)
Python interface to libcurl

py312-hyperlink @21.0.0 (python, devel, net)
A pure-Python implementation of immutable URLs

py312-mdurl @0.1.2 (python, devel, textproc)
URL utilities for markdown-it

py312-ndg_httpsclient @0.5.1_2 (python, net)
This is a HTTPS client implementation for httplib and urllib2 based on PyOpenSSL.

py312-requests-file @3.0.1 (python)
Requests-File is a transport adapter for use with the Requests Python library to allow local filesystem access via file:// URLs.

py312-shortuuid @1.0.13 (python, devel)
A generator library for concise, unambiguous and URL-safe UUIDs.

py312-tldextract @5.3.1 (python, net)
tldextract accurately separates the gTLD or ccTLD (generic or country code top-level domain) from the registered domain and subdomains of a URL.

py312-url-normalize @2.2.1 (python, devel, net)
URI Normalization function

py312-urllib3 @2.6.2 (python, devel, net)
HTTP library with thread-safe connection pooling, file post, and more.

py312-urlwatch @2.28 (python)
a tool for monitoring webpages for updates

py312-wurlitzer @3.1.1 (python, devel)
Capture C-level output in context managers

py312-yarl @1.22.0 (python, devel)
Yet another URL library.

py313-applaunchservices @0.3.0 (python)
Simple package for registering an app with apple Launch Services to handle UTI and URL

py313-curl @7.45.7 (python, net, devel)
Python interface to libcurl

py313-hyperlink @21.0.0 (python, devel, net)
A pure-Python implementation of immutable URLs

py313-mdurl @0.1.2 (python, devel, textproc)
URL utilities for markdown-it

py313-ndg_httpsclient @0.5.1_2 (python, net)
This is a HTTPS client implementation for httplib and urllib2 based on PyOpenSSL.

py313-requests-file @3.0.1 (python)
Requests-File is a transport adapter for use with the Requests Python library to allow local filesystem access via file:// URLs.

py313-shortuuid @1.0.13 (python, devel)
A generator library for concise, unambiguous and URL-safe UUIDs.

py313-tldextract @5.3.1 (python, net)
tldextract accurately separates the gTLD or ccTLD (generic or country code top-level domain) from the registered domain and subdomains of a URL.

py313-url-normalize @2.2.1 (python, devel, net)
URI Normalization function

py313-urllib3 @2.6.2 (python, devel, net)
HTTP library with thread-safe connection pooling, file post, and more.

py313-wurlitzer @3.1.1 (python, devel)
Capture C-level output in context managers

py313-yarl @1.22.0 (python, devel)
Yet another URL library.

py314-applaunchservices @0.3.0 (python)
Simple package for registering an app with apple Launch Services to handle UTI and URL

py314-curl @7.45.7 (python, net, devel)
Python interface to libcurl

py314-hyperlink @21.0.0 (python, devel, net)
A pure-Python implementation of immutable URLs

py314-mdurl @0.1.2 (python, devel, textproc)
URL utilities for markdown-it

py314-requests-file @3.0.1 (python)
Requests-File is a transport adapter for use with the Requests Python library to allow local filesystem access via file:// URLs.

py314-tldextract @5.3.1 (python, net)
tldextract accurately separates the gTLD or ccTLD (generic or country code top-level domain) from the registered domain and subdomains of a URL.

py314-url-normalize @2.2.1 (python, devel, net)
URI Normalization function

py314-urllib3 @2.6.2 (python, devel, net)
HTTP library with thread-safe connection pooling, file post, and more.

py314-wurlitzer @3.1.1 (python, devel)
Capture C-level output in context managers

py314-yarl @1.22.0 (python, devel)
Yet another URL library.

R-base64url @1.4_2 (R, science)
Fast and URL-safe Base64 encoder/decoder

R-curl @6.0.1 (R, science, net)
Modern and flexible web client for R

R-httr @1.4.7_1 (R, science, devel)
Tools for working with URLs and HTTP

R-RCurl @1.98-1.16_1 (R, science, devel, net)
General network client interface for R

R-urlchecker @1.0.1_2 (R, science, net)
Run CRAN URL checks from older R versions

R-urltools @1.7.3_2 (R, science, net)
Vectorised tools for URL handling and parsing

R-xopen @1.0.1 (R, science, devel)
Open system files, URLs, anything

rb-curb @1.0.6 (ruby, devel)
Ruby bindings for libcurl

rb-curl_ffi @0.0.8 (ruby, net)
FFI-based libCurl interface

rb30-curb @1.0.6 (ruby, devel)
Ruby bindings for libcurl

rb31-curb @1.0.6 (ruby, devel)
Ruby bindings for libcurl

rb31-curl_ffi @0.0.8 (ruby, net)
FFI-based libCurl interface

rb32-curb @1.0.6 (ruby, devel)
Ruby bindings for libcurl

rb32-curl_ffi @0.0.8 (ruby, net)
FFI-based libCurl interface

rb33-curb @1.0.6 (ruby, devel)
Ruby bindings for libcurl

rb33-curl_ffi @0.0.8 (ruby, net)
FFI-based libCurl interface

stklos-curl-devel @1.70-20230307-3bc8d1f9 (lang)
Curl extension for STklos

taskopen @2.0.0 (office)
Tool for taking notes and open urls with taskwarrior

tclcurl @7.22.0 (devel)
Tcl binding for libcurl

trurl @0.16.1 (net, sysutils)
command line tool for URL parsing and manipulation

urlscan @1.0.7_1 (mail, python)
extract and browse the URLs in an email

urlview @0.9-20 (www)
URL extractor/launcher

waitfor @0.5 (sysutils)
waits until a url is available, a port is being listened to, etc.

wcurl @2025.11.09 (net, www)
a simple wrapper around curl to easily download files

websocat @1.14.1 (net)
Netcat, curl and socat for WebSockets.

Found 227 ports.
