gss @1.0.4 (security)
GNU Generic Security Service Library

gssdp @1.6.3 (net, gnome)
A GObject-based API for handling resource discovery and announcement over SSDP.

p5-gssapi @0.280.0_3 (perl)
Perl extension providing access to the GSSAPIv2 library.

p5.28-gssapi @0.280.0_3 (perl)
Perl extension providing access to the GSSAPIv2 library.

p5.30-gssapi @0.280.0_3 (perl)
Perl extension providing access to the GSSAPIv2 library.

p5.32-gssapi @0.280.0_3 (perl)
Perl extension providing access to the GSSAPIv2 library.

p5.34-gssapi @0.280.0_3 (perl)
Perl extension providing access to the GSSAPIv2 library.

py-gssapi @1.11.1 (python)
Python interface to RFC 2743/2744

py-pykerberos @1.3.1 (python, devel)
A GSSAPI interface module for Python

py-requests-gssapi @1.4.0 (python)
requests GSSAPI authentication library

py310-gssapi @1.11.1 (python)
Python interface to RFC 2743/2744

py311-gssapi @1.11.1 (python)
Python interface to RFC 2743/2744

py312-gssapi @1.11.1 (python)
Python interface to RFC 2743/2744

py313-gssapi @1.11.1 (python)
Python interface to RFC 2743/2744

py313-pykerberos @1.3.1 (python, devel)
A GSSAPI interface module for Python

py313-requests-gssapi @1.4.0 (python)
requests GSSAPI authentication library

py314-gssapi @1.11.1 (python)
Python interface to RFC 2743/2744

py314-requests-gssapi @1.4.0 (python)
requests GSSAPI authentication library

R-gss @2.2-8 (R, science, math)
General Smoothing Splines

Found 19 ports.
