addrwatch @1.0.2 (net)
a tool similar to arpwatch for IPv4/IPv6 and ethernet address pairing monitoring

alertmanager @0.27.0 (sysutils)
The Alertmanager handles alerts sent by client applications such as the Prometheus server.

ALPSMaxent @1.0_18 (science)
A package for the calculation of spectral functions using the Maximum Entropy method

appstream-glib @0.8.3_1 (devel)
This library provides objects and helper methods to help reading and writing AppStream metadata.

berkeleygw @2.0.0_6 (science)
GW/Bethe-Salpeter equation

bettercap @2.41.5 (net, security)
The Swiss Army knife for 802.11, BLE and Ethernet networks reconnaissance and MITM attacks.

bittwist @1.1 (net, security)
Simple yet powerful libpcap-based Ethernet packet generator.

cddlib @0.94m_1 (devel, math)
a C implementation of the Double Description Method

ce @2004-07-06_1 (science)
Combinatorial Extension (CE) Method for 3D protein structure comparison and alignment

coinor-coinutils @2.11.10 (math)
Utilities, data structures, and linear algebra methods for COIN-OR projects

conmax @0.0.1 (fortran, math)
Modern Fortran CONMAX optimization method for general non-linearly constrained function minimization.

dftd3 @3.2.0 (science, physics, chemistry)
Dispersion Correction For Quantum Chemical Methods

driftwood @1.0.1 (security)
A tool that can enable you to lookup whether a private key is used for things like TLS or as a GitHub SSH key for a user.

DSDP @5.8_6 (math, science)
DSDP is a open source implementation of an interior-point method for semidefinite programming

enumer @1.5.11 (devel)
A Go tool to auto generate methods for your enums

etherape @0.9.20 (net)
graphical network monitor

ethr @1.0.0 (net, sysutils, www)
Ethr is a Network Performance Measurement Tool for TCP, UDP & HTTP.

font-misc-ethiopic @1.0.4 (x11, x11-font, graphics)
X.org Ethiopic TrueType fonts

gcin @1.2.1_3 (x11)
a Chinese input method server.

gmp-ecm @6.3 (math)
Factor integers using the Elliptic Curve Method

go-ethereum @1.10.26 (finance)
Official Go implementation of the Ethereum protocol

grafana @12.2.0 (net, sysutils)
The tool for beautiful monitoring and metric analytics & dashboards for Graphite, InfluxDB, Prometheus & More

gvpe @3.1_1 (net)
GNU Virtual Private Ethernet

hpddm @2.3.0 (math, science)
a framework for high-performance domain decomposition methods

hunspell-dict-fy_NL @2007-11-28 (textproc)
Frisian (Netherlands) dictionary for hunspell

hunspell-dict-nl_NL @2007-06-07 (textproc)
Dutch (Netherlands) dictionary for hunspell

jnethack @3.4.3-0.11_1 (games, japanese)
Classic dungeon adventure game, translated in Japanese.

lcms @1.19_7 (graphics)
Little Color Management System, a color matching method library

lcms2 @2.18 (graphics)
Little Color Management System, a color matching method library (version 2)

libchewing @0.5.1 (devel)
The intelligent phonetic input method library

libgit2 @1.9.0_1 (devel)
A portable, pure C implementation of the Git core methods

libgit2-devel @1.9.1 (devel)
A portable, pure C implementation of the Git core methods

librime @1.15.0_1 (devel)
Rime Input Method Engine, the core library

librime-devel @20251124_1 (devel)
Rime Input Method Engine, the core library

libvmaf @3.0.0_1 (multimedia)
Video Multi-Method Assessment Fusion - Perceptual video quality assessment

mfem @4.8 (science)
Lightweight, general, scalable C++ library for finite element methods

nabi @1.0.1 (x11)
Korean Input Method for X11

nethack @3.6.7 (games)
Classic dungeon adventure game.

nethack343 @3.4.3 (games)
Classic dungeon adventure game (previous version).

netwox @5.39.0 (net)
Toolbox with several features to test an Ethernet/IP network.

node_exporter @1.9.1 (sysutils)
Machine-metric exporter for the Prometheus monitoring system.

octave-bim @1.1.8 (octave, math, science)
Package for solving Diffusion Advection Reaction (DAR) Partial Differential Equaltions based on the Finite Volume Scharfetter-Gummel (FVSG) method a.k.a Box Integration Method (BIM).

octave-mccabe-thiele @0.1.5_1 (octave, math, science)
A toolbox for the McCabe-Thiele method for GNU Octave.

octave-ponchon-savarit @1.0.0_1 (octave, math, science)
A toolbox for the Ponchon-Savarit method for GNU Octave.

octave-statistics-resampling @5.6.0_2 (octave, math, science)
Estimate bias, uncertainty (standard errors and confidence intervals) and test hypotheses (p-values) using bootstrap resampling methods.

octave-tsa @4.6.3 (octave, math, science)
Stochastic concepts and maximum entropy methods for time series analysis.

openEMS @20240312-1ccf0942_3 (science)
openEMS is a free and open-source electromagnetic field solver using the EC-FDTD method

p5-asa @1.40.0 (perl)
asa - Lets your class/object say it works like something else

p5-autobox @3.0.2 (perl)
Call methods on native types

p5-capitalization @0.30.0 (perl)
capitalization - no capitalization on method names

p5-catalyst-action-rest @1.210.0 (perl)
Catalyst::Action::REST - Automated REST Method Dispatching

p5-class-autouse @2.20.0 (perl)
Class::Autouse - Run-time load a class the first time you call a method in it.

p5-class-c3 @0.350.0 (perl)
A pragma to use the C3 method resolution order algortihm

p5-class-container @0.130.0 (perl)
Glues object frameworks together transparently

p5-class-factory-util @1.700.0_4 (perl)
Provide utility methods for factory classes

p5-class-makemethods @1.10.0 (perl)
Generate common types of methods

p5-class-method-modifiers @2.150.0 (perl)
provides Moose-like method modifiers

p5-class-methodmaker @2.250.0 (perl)
Class::MethodMaker - Create generic methods for OO Perl

p5-class-whitehole @0.40.0_3 (perl)
base class to treat unhandled method calls as errors

p5-crypt-random-seed @0.30.0 (perl)
Crypt::Random::Seed - Simple method to get strong randomness

p5-curry @2.0.1 (perl)
curry - Create automatic curried method call closures for any class or object

p5-data-validate-ip @0.310.0 (perl)
IPv4 and IPv6 validation methods

p5-dist-zilla-plugin-podweaver @4.10.0 (perl)
Dist::Zilla::Plugin::PodWeaver - weave your Pod together from configuration and Dist::Zilla

p5-dist-zilla-role-filewatcher @0.6.0 (perl)
Dist::Zilla::Role::FileWatcher - Receive notification when something changes a file's contents

p5-freezethaw @0.500.100_2 (perl)
FreezeThaw - convertin Perl structures to strings and back.

p5-function-parameters @2.2.6 (perl)
Function::Parameters - define functions and methods with parameter lists (subroutine signatures)

p5-future-io @0.190.0 (perl)
Future::IO - Future-returning IO methods

p5-indirect @0.390.0 (perl)
indirect - Lexically warn about using the indirect method call syntax.

p5-libapreq2 @2.130.0_6 (perl)
Methods for dealing with client request data

p5-log-any @1.718.0 (perl)
Log::Any - Bringing loggers and listeners together

p5-lwp-curl @0.140.0 (perl)
LWP::Curl - LWP methods implementation with Curl engine

p5-method-signatures-simple @1.70.0 (perl)
Method::Signatures::Simple - Basic method declarations with signatures, without source filters

p5-moosex-aliases @0.110.0 (perl)
MooseX::Aliases - easy aliasing of methods and attributes in Moose

p5-moosex-markasmethods @0.150.0 (perl)
MooseX::MarkAsMethods - Mark overload code symbols as methods

p5-moosex-methodattributes @0.320.0 (perl)
code attribute introspection

p5-moosex-role-warnonconflict @0.10.0 (perl)
MooseX::Role::WarnOnConflict - Warn if classes override role methods without excluding them

p5-moox-aliases @0.1.6 (perl)
MooX::Aliases - easy aliasing of methods and attributes in Moo

p5-next @0.690.0 (perl)
Provide a pseudo-class NEXT (et al) that allows method redispatch

p5-params-validate @1.310.0 (perl)
Validate method/function parameters

p5-perlmagick @6.9.13-21 (perl)
Perl extension for calling ImageMagick's libMagick methods

p5-plack-middleware-methodoverride @0.200.0 (perl)
Override REST methods to Plack apps via POST

p5-pod-weaver @4.20.0 (perl)
Pod::Weaver - weave together a Pod document from an outline

p5-role-hasmessage @0.7.0 (perl)
Role::HasMessage - a thing with a message method

p5-set-array @0.300.0 (perl)
Set::Array - Arrays as objects with lots of handy methods

p5-sub-exporter-formethods @0.100.55 (perl)
Sub::Exporter::ForMethods - helper routines for using Sub::Exporter to build methods

p5-super @1.201.905.310 (perl)
SUPER - control superclass method dispatch

p5-template-plugin-class @0.140.0_3 (perl)
allow calling of class methods on arbitrary classes

p5-test-compile @3.3.3 (perl)
Check whether Perl files compile correctly

p5-test-exception @0.430.0 (perl)
Convenience methods for testing exception-based code

p5-test-expectandcheck @0.80.0 (perl)
Test::ExpectAndCheck - expect/check-style unit testing with object methods

p5-test-warn @0.370.0 (perl)
A few convenience methods for testing warning-based code

p5-test2-tools-loadmodule @0.9.0 (perl)
Test2::Tools::LoadModule - Test whether a module can be successfully loaded

p5.28-asa @1.40.0 (perl)
asa - Lets your class/object say it works like something else

p5.28-autobox @3.0.2 (perl)
Call methods on native types

p5.28-capitalization @0.30.0 (perl)
capitalization - no capitalization on method names

p5.28-catalyst-action-rest @1.210.0 (perl)
Catalyst::Action::REST - Automated REST Method Dispatching

p5.28-class-autouse @2.20.0 (perl)
Class::Autouse - Run-time load a class the first time you call a method in it.

p5.28-class-c3 @0.350.0 (perl)
A pragma to use the C3 method resolution order algortihm

p5.28-class-container @0.130.0 (perl)
Glues object frameworks together transparently

p5.28-class-factory-util @1.700.0_4 (perl)
Provide utility methods for factory classes

p5.28-class-makemethods @1.10.0 (perl)
Generate common types of methods

p5.28-class-method-modifiers @2.150.0 (perl)
provides Moose-like method modifiers

p5.28-class-methodmaker @2.250.0 (perl)
Class::MethodMaker - Create generic methods for OO Perl

p5.28-class-whitehole @0.40.0_3 (perl)
base class to treat unhandled method calls as errors

p5.28-crypt-random-seed @0.30.0 (perl)
Crypt::Random::Seed - Simple method to get strong randomness

p5.28-curry @2.0.1 (perl)
curry - Create automatic curried method call closures for any class or object

p5.28-data-validate-ip @0.310.0 (perl)
IPv4 and IPv6 validation methods

p5.28-dist-zilla-plugin-podweaver @4.10.0 (perl)
Dist::Zilla::Plugin::PodWeaver - weave your Pod together from configuration and Dist::Zilla

p5.28-dist-zilla-role-filewatcher @0.6.0 (perl)
Dist::Zilla::Role::FileWatcher - Receive notification when something changes a file's contents

p5.28-freezethaw @0.500.100_2 (perl)
FreezeThaw - convertin Perl structures to strings and back.

p5.28-function-parameters @2.2.6 (perl)
Function::Parameters - define functions and methods with parameter lists (subroutine signatures)

p5.28-future-io @0.190.0 (perl)
Future::IO - Future-returning IO methods

p5.28-indirect @0.390.0 (perl)
indirect - Lexically warn about using the indirect method call syntax.

p5.28-libapreq2 @2.130.0_6 (perl)
Methods for dealing with client request data

p5.28-log-any @1.718.0 (perl)
Log::Any - Bringing loggers and listeners together

p5.28-lwp-curl @0.140.0 (perl)
LWP::Curl - LWP methods implementation with Curl engine

p5.28-method-signatures-simple @1.70.0 (perl)
Method::Signatures::Simple - Basic method declarations with signatures, without source filters

p5.28-moosex-aliases @0.110.0 (perl)
MooseX::Aliases - easy aliasing of methods and attributes in Moose

p5.28-moosex-markasmethods @0.150.0 (perl)
MooseX::MarkAsMethods - Mark overload code symbols as methods

p5.28-moosex-methodattributes @0.320.0 (perl)
code attribute introspection

p5.28-moosex-role-warnonconflict @0.10.0 (perl)
MooseX::Role::WarnOnConflict - Warn if classes override role methods without excluding them

p5.28-moox-aliases @0.1.6 (perl)
MooX::Aliases - easy aliasing of methods and attributes in Moo

p5.28-next @0.690.0 (perl)
Provide a pseudo-class NEXT (et al) that allows method redispatch

p5.28-params-validate @1.310.0 (perl)
Validate method/function parameters

p5.28-perlmagick @6.9.13-21 (perl)
Perl extension for calling ImageMagick's libMagick methods

p5.28-plack-middleware-methodoverride @0.200.0 (perl)
Override REST methods to Plack apps via POST

p5.28-pod-weaver @4.20.0 (perl)
Pod::Weaver - weave together a Pod document from an outline

p5.28-role-hasmessage @0.7.0 (perl)
Role::HasMessage - a thing with a message method

p5.28-set-array @0.300.0 (perl)
Set::Array - Arrays as objects with lots of handy methods

p5.28-sub-exporter-formethods @0.100.55 (perl)
Sub::Exporter::ForMethods - helper routines for using Sub::Exporter to build methods

p5.28-super @1.201.905.310 (perl)
SUPER - control superclass method dispatch

p5.28-template-plugin-class @0.140.0_3 (perl)
allow calling of class methods on arbitrary classes

p5.28-test-compile @3.3.3 (perl)
Check whether Perl files compile correctly

p5.28-test-exception @0.430.0 (perl)
Convenience methods for testing exception-based code

p5.28-test-expectandcheck @0.80.0 (perl)
Test::ExpectAndCheck - expect/check-style unit testing with object methods

p5.28-test-warn @0.370.0 (perl)
A few convenience methods for testing warning-based code

p5.28-test2-tools-loadmodule @0.9.0 (perl)
Test2::Tools::LoadModule - Test whether a module can be successfully loaded

p5.30-asa @1.40.0 (perl)
asa - Lets your class/object say it works like something else

p5.30-autobox @3.0.2 (perl)
Call methods on native types

p5.30-capitalization @0.30.0 (perl)
capitalization - no capitalization on method names

p5.30-catalyst-action-rest @1.210.0 (perl)
Catalyst::Action::REST - Automated REST Method Dispatching

p5.30-class-autouse @2.20.0 (perl)
Class::Autouse - Run-time load a class the first time you call a method in it.

p5.30-class-c3 @0.350.0 (perl)
A pragma to use the C3 method resolution order algortihm

p5.30-class-container @0.130.0 (perl)
Glues object frameworks together transparently

p5.30-class-factory-util @1.700.0_4 (perl)
Provide utility methods for factory classes

p5.30-class-makemethods @1.10.0 (perl)
Generate common types of methods

p5.30-class-method-modifiers @2.150.0 (perl)
provides Moose-like method modifiers

p5.30-class-methodmaker @2.250.0 (perl)
Class::MethodMaker - Create generic methods for OO Perl

p5.30-class-whitehole @0.40.0_3 (perl)
base class to treat unhandled method calls as errors

p5.30-crypt-random-seed @0.30.0 (perl)
Crypt::Random::Seed - Simple method to get strong randomness

p5.30-curry @2.0.1 (perl)
curry - Create automatic curried method call closures for any class or object

p5.30-data-validate-ip @0.310.0 (perl)
IPv4 and IPv6 validation methods

p5.30-dist-zilla-plugin-podweaver @4.10.0 (perl)
Dist::Zilla::Plugin::PodWeaver - weave your Pod together from configuration and Dist::Zilla

p5.30-dist-zilla-role-filewatcher @0.6.0 (perl)
Dist::Zilla::Role::FileWatcher - Receive notification when something changes a file's contents

p5.30-freezethaw @0.500.100_2 (perl)
FreezeThaw - convertin Perl structures to strings and back.

p5.30-function-parameters @2.2.6 (perl)
Function::Parameters - define functions and methods with parameter lists (subroutine signatures)

p5.30-future-io @0.190.0 (perl)
Future::IO - Future-returning IO methods

p5.30-indirect @0.390.0 (perl)
indirect - Lexically warn about using the indirect method call syntax.

p5.30-libapreq2 @2.130.0_6 (perl)
Methods for dealing with client request data

p5.30-log-any @1.718.0 (perl)
Log::Any - Bringing loggers and listeners together

p5.30-lwp-curl @0.140.0 (perl)
LWP::Curl - LWP methods implementation with Curl engine

p5.30-method-signatures-simple @1.70.0 (perl)
Method::Signatures::Simple - Basic method declarations with signatures, without source filters

p5.30-moosex-aliases @0.110.0 (perl)
MooseX::Aliases - easy aliasing of methods and attributes in Moose

p5.30-moosex-markasmethods @0.150.0 (perl)
MooseX::MarkAsMethods - Mark overload code symbols as methods

p5.30-moosex-methodattributes @0.320.0 (perl)
code attribute introspection

p5.30-moosex-role-warnonconflict @0.10.0 (perl)
MooseX::Role::WarnOnConflict - Warn if classes override role methods without excluding them

p5.30-moox-aliases @0.1.6 (perl)
MooX::Aliases - easy aliasing of methods and attributes in Moo

p5.30-next @0.690.0 (perl)
Provide a pseudo-class NEXT (et al) that allows method redispatch

p5.30-params-validate @1.310.0 (perl)
Validate method/function parameters

p5.30-perlmagick @6.9.13-21 (perl)
Perl extension for calling ImageMagick's libMagick methods

p5.30-plack-middleware-methodoverride @0.200.0 (perl)
Override REST methods to Plack apps via POST

p5.30-pod-weaver @4.20.0 (perl)
Pod::Weaver - weave together a Pod document from an outline

p5.30-role-hasmessage @0.7.0 (perl)
Role::HasMessage - a thing with a message method

p5.30-set-array @0.300.0 (perl)
Set::Array - Arrays as objects with lots of handy methods

p5.30-sub-exporter-formethods @0.100.55 (perl)
Sub::Exporter::ForMethods - helper routines for using Sub::Exporter to build methods

p5.30-super @1.201.905.310 (perl)
SUPER - control superclass method dispatch

p5.30-template-plugin-class @0.140.0_3 (perl)
allow calling of class methods on arbitrary classes

p5.30-test-compile @3.3.3 (perl)
Check whether Perl files compile correctly

p5.30-test-exception @0.430.0 (perl)
Convenience methods for testing exception-based code

p5.30-test-expectandcheck @0.80.0 (perl)
Test::ExpectAndCheck - expect/check-style unit testing with object methods

p5.30-test-warn @0.370.0 (perl)
A few convenience methods for testing warning-based code

p5.30-test2-tools-loadmodule @0.9.0 (perl)
Test2::Tools::LoadModule - Test whether a module can be successfully loaded

p5.32-asa @1.40.0 (perl)
asa - Lets your class/object say it works like something else

p5.32-autobox @3.0.2 (perl)
Call methods on native types

p5.32-capitalization @0.30.0 (perl)
capitalization - no capitalization on method names

p5.32-catalyst-action-rest @1.210.0 (perl)
Catalyst::Action::REST - Automated REST Method Dispatching

p5.32-class-autouse @2.20.0 (perl)
Class::Autouse - Run-time load a class the first time you call a method in it.

p5.32-class-c3 @0.350.0 (perl)
A pragma to use the C3 method resolution order algortihm

p5.32-class-container @0.130.0 (perl)
Glues object frameworks together transparently

p5.32-class-factory-util @1.700.0_4 (perl)
Provide utility methods for factory classes

p5.32-class-makemethods @1.10.0 (perl)
Generate common types of methods

p5.32-class-method-modifiers @2.150.0 (perl)
provides Moose-like method modifiers

p5.32-class-methodmaker @2.250.0 (perl)
Class::MethodMaker - Create generic methods for OO Perl

p5.32-class-whitehole @0.40.0_3 (perl)
base class to treat unhandled method calls as errors

p5.32-crypt-random-seed @0.30.0 (perl)
Crypt::Random::Seed - Simple method to get strong randomness

p5.32-curry @2.0.1 (perl)
curry - Create automatic curried method call closures for any class or object

p5.32-data-validate-ip @0.310.0 (perl)
IPv4 and IPv6 validation methods

p5.32-dist-zilla-plugin-podweaver @4.10.0 (perl)
Dist::Zilla::Plugin::PodWeaver - weave your Pod together from configuration and Dist::Zilla

p5.32-dist-zilla-role-filewatcher @0.6.0 (perl)
Dist::Zilla::Role::FileWatcher - Receive notification when something changes a file's contents

p5.32-freezethaw @0.500.100_2 (perl)
FreezeThaw - convertin Perl structures to strings and back.

p5.32-function-parameters @2.2.6 (perl)
Function::Parameters - define functions and methods with parameter lists (subroutine signatures)

p5.32-future-io @0.190.0 (perl)
Future::IO - Future-returning IO methods

p5.32-indirect @0.390.0 (perl)
indirect - Lexically warn about using the indirect method call syntax.

p5.32-libapreq2 @2.130.0_6 (perl)
Methods for dealing with client request data

p5.32-log-any @1.718.0 (perl)
Log::Any - Bringing loggers and listeners together

p5.32-lwp-curl @0.140.0 (perl)
LWP::Curl - LWP methods implementation with Curl engine

p5.32-method-signatures-simple @1.70.0 (perl)
Method::Signatures::Simple - Basic method declarations with signatures, without source filters

p5.32-moosex-aliases @0.110.0 (perl)
MooseX::Aliases - easy aliasing of methods and attributes in Moose

p5.32-moosex-markasmethods @0.150.0 (perl)
MooseX::MarkAsMethods - Mark overload code symbols as methods

p5.32-moosex-methodattributes @0.320.0 (perl)
code attribute introspection

p5.32-moosex-role-warnonconflict @0.10.0 (perl)
MooseX::Role::WarnOnConflict - Warn if classes override role methods without excluding them

p5.32-moox-aliases @0.1.6 (perl)
MooX::Aliases - easy aliasing of methods and attributes in Moo

p5.32-next @0.690.0 (perl)
Provide a pseudo-class NEXT (et al) that allows method redispatch

p5.32-params-validate @1.310.0 (perl)
Validate method/function parameters

p5.32-perlmagick @6.9.13-21 (perl)
Perl extension for calling ImageMagick's libMagick methods

p5.32-plack-middleware-methodoverride @0.200.0 (perl)
Override REST methods to Plack apps via POST

p5.32-pod-weaver @4.20.0 (perl)
Pod::Weaver - weave together a Pod document from an outline

p5.32-role-hasmessage @0.7.0 (perl)
Role::HasMessage - a thing with a message method

p5.32-set-array @0.300.0 (perl)
Set::Array - Arrays as objects with lots of handy methods

p5.32-sub-exporter-formethods @0.100.55 (perl)
Sub::Exporter::ForMethods - helper routines for using Sub::Exporter to build methods

p5.32-super @1.201.905.310 (perl)
SUPER - control superclass method dispatch

p5.32-template-plugin-class @0.140.0_3 (perl)
allow calling of class methods on arbitrary classes

p5.32-test-compile @3.3.3 (perl)
Check whether Perl files compile correctly

p5.32-test-exception @0.430.0 (perl)
Convenience methods for testing exception-based code

p5.32-test-expectandcheck @0.80.0 (perl)
Test::ExpectAndCheck - expect/check-style unit testing with object methods

p5.32-test-warn @0.370.0 (perl)
A few convenience methods for testing warning-based code

p5.32-test2-tools-loadmodule @0.9.0 (perl)
Test2::Tools::LoadModule - Test whether a module can be successfully loaded

p5.34-asa @1.40.0 (perl)
asa - Lets your class/object say it works like something else

p5.34-autobox @3.0.2 (perl)
Call methods on native types

p5.34-capitalization @0.30.0 (perl)
capitalization - no capitalization on method names

p5.34-catalyst-action-rest @1.210.0 (perl)
Catalyst::Action::REST - Automated REST Method Dispatching

p5.34-class-autouse @2.20.0 (perl)
Class::Autouse - Run-time load a class the first time you call a method in it.

p5.34-class-c3 @0.350.0 (perl)
A pragma to use the C3 method resolution order algortihm

p5.34-class-container @0.130.0 (perl)
Glues object frameworks together transparently

p5.34-class-factory-util @1.700.0_4 (perl)
Provide utility methods for factory classes

p5.34-class-makemethods @1.10.0 (perl)
Generate common types of methods

p5.34-class-method-modifiers @2.150.0 (perl)
provides Moose-like method modifiers

p5.34-class-methodmaker @2.250.0 (perl)
Class::MethodMaker - Create generic methods for OO Perl

p5.34-class-whitehole @0.40.0_3 (perl)
base class to treat unhandled method calls as errors

p5.34-crypt-random-seed @0.30.0 (perl)
Crypt::Random::Seed - Simple method to get strong randomness

p5.34-curry @2.0.1 (perl)
curry - Create automatic curried method call closures for any class or object

p5.34-data-validate-ip @0.310.0 (perl)
IPv4 and IPv6 validation methods

p5.34-dist-zilla-plugin-podweaver @4.10.0 (perl)
Dist::Zilla::Plugin::PodWeaver - weave your Pod together from configuration and Dist::Zilla

p5.34-dist-zilla-role-filewatcher @0.6.0 (perl)
Dist::Zilla::Role::FileWatcher - Receive notification when something changes a file's contents

p5.34-freezethaw @0.500.100_2 (perl)
FreezeThaw - convertin Perl structures to strings and back.

p5.34-function-parameters @2.2.6 (perl)
Function::Parameters - define functions and methods with parameter lists (subroutine signatures)

p5.34-future-io @0.190.0 (perl)
Future::IO - Future-returning IO methods

p5.34-indirect @0.390.0 (perl)
indirect - Lexically warn about using the indirect method call syntax.

p5.34-libapreq2 @2.130.0_6 (perl)
Methods for dealing with client request data

p5.34-log-any @1.718.0 (perl)
Log::Any - Bringing loggers and listeners together

p5.34-lwp-curl @0.140.0 (perl)
LWP::Curl - LWP methods implementation with Curl engine

p5.34-method-signatures-simple @1.70.0 (perl)
Method::Signatures::Simple - Basic method declarations with signatures, without source filters

p5.34-moosex-aliases @0.110.0 (perl)
MooseX::Aliases - easy aliasing of methods and attributes in Moose

p5.34-moosex-markasmethods @0.150.0 (perl)
MooseX::MarkAsMethods - Mark overload code symbols as methods

p5.34-moosex-methodattributes @0.320.0 (perl)
code attribute introspection

p5.34-moosex-role-warnonconflict @0.10.0 (perl)
MooseX::Role::WarnOnConflict - Warn if classes override role methods without excluding them

p5.34-moox-aliases @0.1.6 (perl)
MooX::Aliases - easy aliasing of methods and attributes in Moo

p5.34-next @0.690.0 (perl)
Provide a pseudo-class NEXT (et al) that allows method redispatch

p5.34-params-validate @1.310.0 (perl)
Validate method/function parameters

p5.34-perlmagick @6.9.13-21 (perl)
Perl extension for calling ImageMagick's libMagick methods

p5.34-plack-middleware-methodoverride @0.200.0 (perl)
Override REST methods to Plack apps via POST

p5.34-pod-weaver @4.20.0 (perl)
Pod::Weaver - weave together a Pod document from an outline

p5.34-role-hasmessage @0.7.0 (perl)
Role::HasMessage - a thing with a message method

p5.34-set-array @0.300.0 (perl)
Set::Array - Arrays as objects with lots of handy methods

p5.34-sub-exporter-formethods @0.100.55 (perl)
Sub::Exporter::ForMethods - helper routines for using Sub::Exporter to build methods

p5.34-super @1.201.905.310 (perl)
SUPER - control superclass method dispatch

p5.34-template-plugin-class @0.140.0_3 (perl)
allow calling of class methods on arbitrary classes

p5.34-test-compile @3.3.3 (perl)
Check whether Perl files compile correctly

p5.34-test-exception @0.430.0 (perl)
Convenience methods for testing exception-based code

p5.34-test-expectandcheck @0.80.0 (perl)
Test::ExpectAndCheck - expect/check-style unit testing with object methods

p5.34-test-warn @0.370.0 (perl)
A few convenience methods for testing warning-based code

p5.34-test2-tools-loadmodule @0.9.0 (perl)
Test2::Tools::LoadModule - Test whether a module can be successfully loaded

primme @3.2.3 (math)
PReconditioned Iterative MultiMethod Eigensolver for solving symmetric/Hermitian eigenvalue problems and singular value problems

prometheus @3.6.0 (sysutils)
The Prometheus monitoring system and time series database

promu @0.17.0 (devel)
The Prometheus Utility Tool

py-clawpack @5.8.0 (python, math, science)
a collection of finite volume methods for linear and nonlinear hyperbolic systems of conservation laws

py-deprecated @1.3.1 (python)
Python @deprecated decorator to deprecate old python classes, functions or methods.

py-mapclassify @2.10.0 (python, gis)
Classification Schemes for Choropleth Maps

py-mercurial_extension_utils @1.5.2 (python, devel)
Utility methods for Mercurial extensions

py-npx @0.1.6 (python)
NumPy is a large library used everywhere in scientific computing. That's why breaking backwards-compatibility comes at a significant cost and is almost always avoided, even if the API of some methods is arguably lacking. This package provides drop-in wrappers fixing those.

py-overrides @7.7.0 (python, devel)
A decorator to automatically detect mismatch when overriding a method

py-poethepoet @0.40.0 (python, devel)
A batteries included task runner that works well with poetry or uv.

py-prometheus_client @0.23.1 (python, devel)
Prometheus instrumentation library for Python applications

py-requestsexceptions @1.4.0 (python)
A simple library to find the correct path to exceptions in the requests library regardless of whether they are bundled.

py-sphinxnotes-strike @2.0 (python)
Sphinx extension for strikethrough text support

py-telethon @1.42.0 (python)
Full-featured Telegram client library.

py-vxi11 @0.9 (python)
Python VXI 11 driver for controlling instruments over Ethernet

py-zope-deprecation @5.0 (python, zope)
This package provides a simple function called deprecated(names, reason) to mark deprecated modules, classes, functions, methods and properties.

py39-clawpack @5.8.0 (python, math, science)
a collection of finite volume methods for linear and nonlinear hyperbolic systems of conservation laws

py39-overrides @7.7.0 (python, devel)
A decorator to automatically detect mismatch when overriding a method

py39-prometheus_client @0.23.1 (python, devel)
Prometheus instrumentation library for Python applications

py310-deprecated @1.3.1 (python)
Python @deprecated decorator to deprecate old python classes, functions or methods.

py310-mapclassify @2.10.0 (python, gis)
Classification Schemes for Choropleth Maps

py310-mercurial_extension_utils @1.5.2 (python, devel)
Utility methods for Mercurial extensions

py310-npx @0.1.6 (python)
NumPy is a large library used everywhere in scientific computing. That's why breaking backwards-compatibility comes at a significant cost and is almost always avoided, even if the API of some methods is arguably lacking. This package provides drop-in wrappers fixing those.

py310-overrides @7.7.0 (python, devel)
A decorator to automatically detect mismatch when overriding a method

py310-poethepoet @0.40.0 (python, devel)
A batteries included task runner that works well with poetry or uv.

py310-prometheus_client @0.23.1 (python, devel)
Prometheus instrumentation library for Python applications

py310-requestsexceptions @1.4.0 (python)
A simple library to find the correct path to exceptions in the requests library regardless of whether they are bundled.

py310-sphinxnotes-strike @2.0 (python)
Sphinx extension for strikethrough text support

py310-telethon @1.42.0 (python)
Full-featured Telegram client library.

py310-vxi11 @0.9 (python)
Python VXI 11 driver for controlling instruments over Ethernet

py310-zope-deprecation @5.0 (python, zope)
This package provides a simple function called deprecated(names, reason) to mark deprecated modules, classes, functions, methods and properties.

py311-deprecated @1.3.1 (python)
Python @deprecated decorator to deprecate old python classes, functions or methods.

py311-mapclassify @2.10.0 (python, gis)
Classification Schemes for Choropleth Maps

py311-mercurial_extension_utils @1.5.2 (python, devel)
Utility methods for Mercurial extensions

py311-npx @0.1.6 (python)
NumPy is a large library used everywhere in scientific computing. That's why breaking backwards-compatibility comes at a significant cost and is almost always avoided, even if the API of some methods is arguably lacking. This package provides drop-in wrappers fixing those.

py311-overrides @7.7.0 (python, devel)
A decorator to automatically detect mismatch when overriding a method

py311-poethepoet @0.40.0 (python, devel)
A batteries included task runner that works well with poetry or uv.

py311-prometheus_client @0.23.1 (python, devel)
Prometheus instrumentation library for Python applications

py311-requestsexceptions @1.4.0 (python)
A simple library to find the correct path to exceptions in the requests library regardless of whether they are bundled.

py311-sphinxnotes-strike @2.0 (python)
Sphinx extension for strikethrough text support

py311-telethon @1.42.0 (python)
Full-featured Telegram client library.

py311-zope-deprecation @5.0 (python, zope)
This package provides a simple function called deprecated(names, reason) to mark deprecated modules, classes, functions, methods and properties.

py312-deprecated @1.3.1 (python)
Python @deprecated decorator to deprecate old python classes, functions or methods.

py312-mapclassify @2.10.0 (python, gis)
Classification Schemes for Choropleth Maps

py312-npx @0.1.6 (python)
NumPy is a large library used everywhere in scientific computing. That's why breaking backwards-compatibility comes at a significant cost and is almost always avoided, even if the API of some methods is arguably lacking. This package provides drop-in wrappers fixing those.

py312-overrides @7.7.0 (python, devel)
A decorator to automatically detect mismatch when overriding a method

py312-poethepoet @0.40.0 (python, devel)
A batteries included task runner that works well with poetry or uv.

py312-prometheus_client @0.23.1 (python, devel)
Prometheus instrumentation library for Python applications

py312-requestsexceptions @1.4.0 (python)
A simple library to find the correct path to exceptions in the requests library regardless of whether they are bundled.

py312-sphinxnotes-strike @2.0 (python)
Sphinx extension for strikethrough text support

py312-telethon @1.42.0 (python)
Full-featured Telegram client library.

py313-deprecated @1.3.1 (python)
Python @deprecated decorator to deprecate old python classes, functions or methods.

py313-mapclassify @2.10.0 (python, gis)
Classification Schemes for Choropleth Maps

py313-mercurial_extension_utils @1.5.2 (python, devel)
Utility methods for Mercurial extensions

py313-overrides @7.7.0 (python, devel)
A decorator to automatically detect mismatch when overriding a method

py313-poethepoet @0.40.0 (python, devel)
A batteries included task runner that works well with poetry or uv.

py313-prometheus_client @0.23.1 (python, devel)
Prometheus instrumentation library for Python applications

py313-requestsexceptions @1.4.0 (python)
A simple library to find the correct path to exceptions in the requests library regardless of whether they are bundled.

py313-sphinxnotes-strike @2.0 (python)
Sphinx extension for strikethrough text support

py313-telethon @1.42.0 (python)
Full-featured Telegram client library.

py314-deprecated @1.3.1 (python)
Python @deprecated decorator to deprecate old python classes, functions or methods.

py314-overrides @7.7.0 (python, devel)
A decorator to automatically detect mismatch when overriding a method

py314-poethepoet @0.40.0 (python, devel)
A batteries included task runner that works well with poetry or uv.

py314-prometheus_client @0.23.1 (python, devel)
Prometheus instrumentation library for Python applications

py314-sphinxnotes-strike @2.0 (python)
Sphinx extension for strikethrough text support

pystring @1.1.4 (devel)
a collection of C++ functions which match the interface and behavior of python's string class methods

python313-freethreading @3.13.11 (lang)
An interpreted, object-oriented programming language (free threading)

python314-freethreading @3.14.2 (lang)
An interpreted, object-oriented programming language (free threading)

python314-freethreading-devel @3.14.0rc3_1 (lang)
Obsolete port, replaced by python314-freethreading

python315-freethreading-devel @3.15.0a5 (lang)
An interpreted, object-oriented programming language (free threading)

R-ade4 @1.7-22_1 (R, science)
Analysis of ecological data: exploratory and euclidean methods in environmental sciences

R-ADMM @0.3.3_2 (R, science, math)
Algorithms using Alternating Direction Method of Multipliers

R-aods3 @0.5 (R, science)
Analysis of overdispersed data using S3 methods

R-apex @1.0.6 (R, science, biology)
Phylogenetic methods for multiple gene data

R-APML0 @0.10_1 (R, science, math)
Augmented and penalized minimization method l0

R-aroma.light @3.34.0 (R, science, bioconductor)
Light-weight methods for normalization and visualization of microarray data

R-ashr @2.2-63_1 (R, science, math)
Methods for adaptive shrinkage, using Empirical Bayes

R-awsMethods @1.1-1_1 (R, science)
Defines the method extract and provides openMP support as needed in several packages

R-bayesAB @1.1.3_1 (R, science, math)
Fast Bayesian methods for A/B testing

R-bayesDccGarch @3.0.4_2 (R, science, math)
Methods and tools for Bayesian analysis of DCC-GARCH(1,1) model

R-bayesmlogit @1.0.1_1 (R, science)
Multistate Life Table (MSLT) methodology based on Bayesian approach

R-bayesRecon @0.3.2 (R, science, math)
Provides methods for probabilistic reconciliation of hierarchical forecasts of time series

R-bcROCsurface @1.0-6_1 (R, science, math)
Bias-corrected methods for estimating the ROC surface of continuous diagnostic tests

R-bit @4.5.0 (R, science, devel)
Classes and methods for fast memory-efficient boolean selections

R-breakfast @2.5 (R, science)
Methods for fast multiple change-point detection and estimation

R-broom.mixed @0.2.9.6 (R, science)
Tidy methods for mixed models in R

R-CEoptim @1.3_1 (R, science, math)
Optimization solver based on the cross-entropy method

R-CGNM @0.9.0 (R, science, math)
Cluster Gauss–Newton Method

R-changepoint @2.3 (R, science, math)
Methods for changepoint detection

R-cherry @0.6-14_1 (R, science)
Multiple testing methods for exploratory research

R-cluster @2.1.8 (R, science)
Methods for cluster analysis

R-cmna @1.0.5_1 (R, science, math)
Computational Methods for Numerical Analysis with R

R-cocosoR @0.1.0_1 (R, science, math)
Combined Compromise Solution method for MCDA

R-CoImp @2.0.1 (R, science, math)
Copula-based imputation method

R-contingency @0.0.10_2 (R, science, math)
Methods for discrete multivariate probability distributions

R-correlation @0.8.6 (R, science, math)
Methods for correlation analysis

R-cPCG @1.0_1 (R, science, math)
Efficient and customized preconditioned conjugate gradient method for solving system of linear equations

R-CpGFilter @1.1_1 (R, science, math)
CpG filtering method based on intra-class correlation coefficients

R-cpm @2.3_1 (R, science)
Sequential and batch change detection using parametric and non-parametric methods

R-CTD @1.3 (R, science, math)
Method for connecting the dots in weighted graphs

R-dbacf @0.2.8_1 (R, science, math)
Autocovariance estimation via difference-based methods

R-DBfit @2.0_1 (R, science, math)
Double bootstrap method for analyzing linear models with autoregressive errors

R-dclone @2.3-2_1 (R, science, math)
Data cloning and MCMC tools for maximum likelihood methods

R-deductive @1.0.0_1 (R, science)
Data correction and imputation using deductive methods

R-denstrip @1.5.4_1 (R, science)
Density strips and other methods for compactly illustrating distributions

R-dfcrm @0.2-2.1_2 (R, science)
Dose-Finding by the Continual Reassessment Method

R-dfsaneacc @1.0.3 (R, science, math)
Accelerated derivative-free method for large-scale non-linear systems of equations

R-DiceKriging @1.6.0_2 (R, science)
Kriging methods for computer experiments

R-diseq @0.4.6_5 (R, science, economics)
Estimation methods for markets in equilibrium and disequilibrium

R-distillery @1.2-1_1 (R, science, math)
Method functions for confidence intervals and to distill information from an object

R-dr @3.0.10_2 (R, science, math)
Methods for dimension reduction for regression

R-DstarM @0.4.0_1 (R, science, math)
Analyze two choice reaction time data with the D*M method

R-EBglmnet @6.0_1 (R, science, math)
Empirical Bayesian lasso and elastic net methods for generalized linear models

R-ebreg @0.1.3_2 (R, science, math)
Implementation of the Empirical Bayes method

R-einet @1.1.0_1 (R, science, math)
Methods and utilities for causal emergence

R-eNchange @1.0_2 (R, science, math)
Ensemble methods for multiple change-point detection

R-enrichwith @0.3.1_1 (R, science)
Methods to enrich R objects with extra components

R-fdaSP @1.1.1_1 (R, science)
Sparse functional data analysis methods

R-fence @1.0_2 (R, science)
Fence methods for model selection

R-fma @2.5_1 (R, science)
Data sets from Forecasting: Methods and Applications (1998)

R-FSA @0.9.5_1 (R, science)
Variety of simple fish stock assessment methods

R-fuzzyjoin @0.1.6_2 (R, science)
Join tables together on inexact matching

R-FuzzyResampling @0.6.3_1 (R, science, math)
Resampling methods for triangular and trapezoidal fuzzy numbers

R-FuzzySimRes @0.4.3 (R, science, math)
Simulation and resampling methods for epistemic fuzzy data

R-gamboostLSS @2.0-7_1 (R, science, math)
Boosting methods for GAMLSS

R-GameTheory @2.7.1_1 (R, science, math, economics)
Cooperative Game Theory

R-GameTheoryAllocation @1.0_2 (R, science, math)
Tools for calculating allocations in Game Theory

R-gausscov @1.1.3 (R, science, math)
Gaussian covariate method for variable selection

R-gemtc @1.0-2_1 (R, science, math)
Network meta-analysis using Bayesian methods

R-genefilter @1.86.0 (R, science, bioconductor)
Methods for filtering genes from high-throughput experiments

R-generics @0.1.3_2 (R, science)
Common S3 generics not provided by base R methods related to model fitting

R-gets @0.38 (R, science, finance)
General-to-Specific (GETS) modelling and indicator saturation methods

R-gmm @1.8_1 (R, science, finance, math)
Generalized Method of Moments and Generalized Empirical Likelihood

R-GNAR @1.1.3_1 (R, science, math)
Methods for fitting network time series models

R-gsynth @1.2.1 (R, science, math)
Generalized synthetic control method

R-gtop @0.2.0_1 (R, science, math)
Game-Theoretically OPtimal (GTOP) reconciliation method

R-hexbin @1.28.4 (R, science)
Hexagonal binning routines and plotting methods

R-hht @2.1.6 (R, science, math)
Hilbert–Huang Transform: tools and methods

R-hommel @1.6_1 (R, science)
Methods for closed testing with Simes’s inequality, in particular Hommel’s method

R-ibdreg @0.3.8_2 (R, science, math)
Regression methods for IBD linkage with covariates

R-interp @1.1-6_1 (R, science, math)
Interpolation methods

R-IsingFit @0.4_1 (R, science, math)
Fitting Ising models using the ELasso method

R-IsingSampler @0.2.3_1 (R, science, math)
Sampling methods and distribution functions for the Ising model

R-itdr @2.0.1_1 (R, science, math)
Integral transformation methods for SDR in regression

R-JADE @2.0-4_1 (R, science, math)
Blind source separation methods based on joint diagonalization and some BSS performance criteria

R-jfa @0.7.2 (R, science, finance)
Statistical methods for auditing

R-JMbayes2 @0.5-0 (R, science, math)
Network meta-analysis using Bayesian methods

R-jointPm @2.3.2_2 (R, science, math)
Risk estimation using the joint probability method

R-lagged @0.3.2_2 (R, science)
Classes and methods for lagged objects

R-lda @1.5.2 (R, science, math)
Collapsed Gibbs sampling methods for topic models

R-ldbounds @2.0.2_1 (R, science)
Lan–DeMets method for group sequential boundaries

R-lg @0.4.1_1 (R, science, math)
Locally Gaussian distributions – estimation and methods

R-likelihood @1.9_2 (R, science, math)
Methods for maximum likelihood estimation

R-lorad @0.0.1.0_1 (R, science, math)
Lowest radial distance method of marginal likelihood estimation

R-Matrix @1.7-1 (R, science, math)
Sparse and dense matrix classes and methods

R-MatrixExtra @0.1.15_1 (R, science, math)
Methods and operators for the sparse matrix classes

R-mBvs @1.92_2 (R, science, math)
Bayesian variable selection methods for multivariate data

R-mcompanion @0.6_1 (R, science, math)
Objects and methods for multi-companion matrices

R-mcr @1.3.3.1 (R, science, math)
Method Comparison Regression

R-mcunit @0.3.2_1 (R, science, math)
Unit testing for Monte Carlo methods

R-MendelianRandomization @0.10.0_1 (R, science, math)
Several methods for performing Mendelian randomization analyses with summarized data

R-minMSE @0.5.1_1 (R, science)
Implementation of the minMSE treatment assignment method for one or multiple treatment groups

R-mmpf @0.0.5_1 (R, science, math)
Monte Carlo methods for prediction functions

R-modelbased @0.8.9 (R, science, math)
Methods for correlation analysis

R-mombf @3.5.4_1 (R, science, math)
Model selection with Bayesian methods and information criteria

R-momentchi2 @0.1.5_1 (R, science, math)
Moment-matching methods for weighted sums of chi-squared random variables

R-momentfit @0.5_1 (R, science, math)
Methods of moments

R-MSCMT @1.4.0_1 (R, science, economics)
Multivariate Synthetic Control Method using Time series

R-multitaper @1.0-17 (R, science)
Spectral analysis tools using the multitaper method

R-mvabund @4.2.1_2 (R, science)
Statistical methods for analysing multivariate abundance data

R-mvnfast @0.2.8_1 (R, science, math)
Fast multivariate Normal and Student t methods

R-mvQuad @1.0-8_1 (R, science, math)
Methods for multivariate quadrature

R-netmeta @2.9-0_1 (R, science)
Network meta-analysis using frequentist methods

R-nimbleSCR @0.2.1 (R, science, math)
Spatial Capture-Recapture (SCR) methods

R-nimbleSMC @0.11.1 (R, science, math)
Sequential Monte Carlo Methods for R-nimble

R-NMOF @2.10-1 (R, science, finance)
Numerical Methods and Optimization in Finance

R-nor1mix @1.3-3_1 (R, science, math)
Gaussian mixture models (S3 classes and methods)

R-np @0.60-18 (R, science, math)
Nonparametric kernel smoothing methods for mixed data types

R-optimParallel @1.0-2_2 (R, science, math)
Parallel version of the L-BFGS-B optimization method

R-parglm @0.1.7_1 (R, science, math)
Provides a parallel estimation method for generalized linear models without compiling with a multi-threaded LAPACK or BLAS

R-pbkrtest @0.5.3 (R, science, math)
Parametric Bootstrap, Kenward–Roger and Satterthwaite based methods for test in mixed models

R-pcalg @2.7-12 (R, science, math)
Methods for graphical models and causal inference

R-pcaMethods @1.96.0 (R, science, bioconductor)
Collection of PCA methods

R-plink @1.5-1_2 (R, science, math)
IRT separate calibration linking methods

R-prediction @0.3.18 (R, science, math)
Tidy, type-safe prediction() methods

R-PRIMME @3.2-6_1 (R, science, math)
PReconditioned Iterative MultiMethod Eigensolver for solving symmetric/Hermitian eigenvalue problems and singular value problems

R-psgp @0.3-21_1 (R, science, math)
Projected spatial Gaussian process methods

R-puniform @0.2.7_1 (R, science, math)
Meta-analysis methods correcting for publication bias

R-qgraph @1.9.8_2 (R, science, graphics)
Graph plotting methods, psychometric data visualization and graphical model estimation

R-R.huge @0.10.1_1 (R, science, devel)
Methods for accessing huge amounts of data

R-R.methodsS3 @1.8.2_2 (R, science)
S3 methods simplified

R-r6methods @0.1.0_1 (R, science, devel)
Add methods to R6 class definition

R-RandVar @1.2.4 (R, science, math)
Implements random variables by means of S4 classes and methods

R-rasterVis @0.51.6_1 (R, science, gis, graphics)
Visualization methods for Raster data

R-RcppDL @0.0.5_2 (R, science)
Deep Learning Methods via Rcpp

R-Rdimtools @1.1.2_2 (R, science, math)
Dimension reduction and estimation methods

R-rearrr @0.3.4_1 (R, science)
Rearrrange data by a set of methods

R-regRSM @0.5_1 (R, science, math, parallel)
Random subspace method (RSM) for linear regression

R-reldist @1.7-2_1 (R, science, math, economics)
Relative Distribution methods

R-Renext @3.1-4_1 (R, science, math)
Renewal method for extreme values extrapolation

R-ResistorArray @1.0-32_1 (R, science)
Electrical properties of resistor networks using matrix methods

R-Rgbp @1.1.4_2 (R, science, math)
Hierarchical modelling and frequency method checking on overdispersed Gaussian, Poisson and Binomial data

R-rnndescent @0.1.6 (R, science, math)
Nearest neighbor descent method for approximate nearest neighbors

R-robeth @2.7-8_1 (R, science, math)
R functions for robust statistics

R-robmixglm @1.2-4 (R, science, math)
Robust generalized linear models (GLM) using a mixture method

R-RobStatTM @1.0.8_1 (R, science, math)
Robust Statistics – Theory and Methods (2nd ed.)

R-robust @0.7-5 (R, science, math)
Methods for robust statistics, a state of the art in the early 2000s, notably for robust regression and robust multivariate analysis.

R-robustHD @0.8.1_1 (R, science, math)
Robust methods for high-dimensional data

R-rrcovHD @0.3-1 (R, science, math)
Robust multivariate methods for high-dimensional data

R-Rssa @1.1 (R, science, math)
Collection of methods for singular spectrum analysis

R-runjags @2.2.2-4_1 (R, science, math)
Interface utilities, model templates, parallel computing methods and additional distributions for MCMC models in JAGS

R-samplingR @1.0.1_1 (R, science)
Sampling and estimation methods

R-SequenceSpikeSlab @1.0.1_1 (R, science, math)
Exact Bayesian model selection methods for the sparse normal sequence model

R-SetMethods @4.0_2 (R, science)
Functions for set-theoretic multi-method research and advanced QCA

R-sfsmisc @1.1-20 (R, science, graphics, sysutils)
Utilities from Seminar für Statistik, ETH Zürich

R-sftime @0.3.0 (R, science)
Classes and methods for simple feature objects that have a time column

R-sglasso @1.2.6_1 (R, science, math)
Lasso method for RCON(V,E) models

R-Sieve @2.1_1 (R, science, math)
Non-parametric estimation by the method of sieves

R-simmer.plot @0.1.18_1 (R, science)
Plotting methods for R-simmer

R-sm @2.2-6.0_1 (R, science, math)
Smoothing methods for non-parametric regression and density estimation

R-sp @2.1-4 (R, science, gis)
Classes and methods for spatial data

R-spacetime @1.3-2 (R, science)
Classes and methods for spatio-temporal data

R-SpatialNP @1.1-5_1 (R, science, math)
Multivariate non-parametric methods based on spatial signs and ranks

R-SQUAREM @2021.1_2 (R, science, math)
Squared Extrapolation Methods for Accelerating EM-Like Monotone Algorithms

R-SSLR @0.9.3.3_1 (R, science, math)
Semi-supervised classification, regression and clustering methods

R-StableEstim @2.2_1 (R, science, math)
Estimate the four parameters of stable laws using different methods

R-stablelearner @0.1-5_1 (R, science)
Stability assessment of statistical learning methods

R-statGraph @1.0.6 (R, science, math)
Statistical methods for graphs

R-statpsych @1.6.0 (R, science)
Confidence interval and sample size methods that are especially useful in psychological research

R-stinepack @1.5_1 (R, science, math)
Stineman, a consistently well-behaved method of interpolation

R-SUMMER @1.4.0_1 (R, science)
Small-area-estimation unit/area models and methods

R-SuperLearner @2.0-29_1 (R, science, math)
Implements the super-learner prediction method and contains a library of prediction algorithms to be used in the super-learner

R-Synth @1.1-8_1 (R, science, economics)
Synthetic control group method for comparative case studies

R-targeted @0.5_1 (R, science, math)
Various methods for targeted and semi-parametric inference

R-tempdisagg @1.1.1_1 (R, science, math)
Methods for temporal disaggregation and interpolation of time series

R-TempStable @0.2.2_1 (R, science, math)
Collection of methods to estimate parameters of different tempered stable distributions

R-tensorBSS @0.3.9 (R, science, math)
Blind source separation methods for tensor-valued observations

R-tf @0.3.4 (R, science)
S3 classes and methods for tidy functional data

R-TFisher @0.2.0_2 (R, science)
Optimal thresholding Fisher’s p-value combination method

R-tidyterra @0.6.1 (R, science, math)
R-tidyverse methods and R-ggplot2 helpers for R-terra objects

R-tlrmvnmvt @1.1.2_1 (R, science, math)
Low-rank methods for MVN and MVT probabilities

R-tourr @1.2.0_1 (R, science)
Tour methods for multivariate data visualisation

R-toweranNA @0.1.0_1 (R, science)
Method for handling missing values in prediction applications

R-trajectories @0.2-9 (R, science)
Classes and methods for trajectory data

R-truelies @0.2.0_1 (R, science, math)
Bayesian methods to estimate the proportion of liars in coin flip experiments

R-tsmethods @1.0.2 (R, science, math)
Time Series Methods

R-usethis @3.1.0 (R, science, devel)
Automate package and project setup

R-uwot @0.2.2_1 (R, science, math)
Uniform manifold approximation and projection (umap) method for dimensionality reduction

R-varbvs @2.6-10_1 (R, science, math)
Large-scale Bayesian variable selection using variational methods

R-VARshrink @0.3.1_1 (R, science, math)
Shrinkage estimation methods for vector autoregressive models

R-vegan @2.6-8 (R, science)
R package for community ecologists: popular ordination methods, ecological null models & diversity analysis

R-votesys @0.1.1_1 (R, science, economics)
Voting systems, instant-runoff voting, Borda method, various Condorcet methods

R-wavethresh @4.7.3 (R, science, math)
Wavelets statistics and transforms

R-withr @3.0.2 (R, science, devel)
Methods for temporarily modifying global state

R-WRS2 @1.1-6_1 (R, science, math)
Collection of robust statistical methods

rb-colours @0.9.8 (ruby)
rb-colours unifies color-related constants and methods

rb-equalizer @0.0.11 (ruby, devel)
Define equality, equivalency and hash methods automatically

rb-flexo @1.0 (ruby)
Method naming style shim

rb-forwardable @1.3.3 (ruby, devel)
Provides delegation of specified methods to a designated object

rb-memoizable @0.4.2 (ruby, devel)
Memoize method return values

rb-method_source @1.1.0 (ruby, devel)
Retrieve the sourcecode for a method

rb-password @0.5.3 (ruby, sysutils)
password manipulation methods for Ruby

rb-tty-reader @0.9.0 (ruby)
Set of methods for processing keyboard input

rb19-abstract @1.0.0 (ruby, devel)
define abstract methods in Ruby

rb19-railties @3.0.5 (ruby, www, devel)
Railties glues the Rails frameworks together

rb19-rainbow @1.1 (ruby)
Rainbow extends ruby String class adding methods to wrap the string with ANSI escape codes

rb30-colours @0.9.8 (ruby)
rb-colours unifies color-related constants and methods

rb30-method_source @1.1.0 (ruby, devel)
Retrieve the sourcecode for a method

rb31-colours @0.9.8 (ruby)
rb-colours unifies color-related constants and methods

rb31-equalizer @0.0.11 (ruby, devel)
Define equality, equivalency and hash methods automatically

rb31-forwardable @1.3.3 (ruby, devel)
Provides delegation of specified methods to a designated object

rb31-memoizable @0.4.2 (ruby, devel)
Memoize method return values

rb31-method_source @1.1.0 (ruby, devel)
Retrieve the sourcecode for a method

rb31-tty-reader @0.9.0 (ruby)
Set of methods for processing keyboard input

rb32-colours @0.9.8 (ruby)
rb-colours unifies color-related constants and methods

rb32-equalizer @0.0.11 (ruby, devel)
Define equality, equivalency and hash methods automatically

rb32-forwardable @1.3.3 (ruby, devel)
Provides delegation of specified methods to a designated object

rb32-memoizable @0.4.2 (ruby, devel)
Memoize method return values

rb32-method_source @1.1.0 (ruby, devel)
Retrieve the sourcecode for a method

rb32-tty-reader @0.9.0 (ruby)
Set of methods for processing keyboard input

rb33-colours @0.9.8 (ruby)
rb-colours unifies color-related constants and methods

rb33-equalizer @0.0.11 (ruby, devel)
Define equality, equivalency and hash methods automatically

rb33-forwardable @1.3.3 (ruby, devel)
Provides delegation of specified methods to a designated object

rb33-memoizable @0.4.2 (ruby, devel)
Memoize method return values

rb33-method_source @1.1.0 (ruby, devel)
Retrieve the sourcecode for a method

rb33-tty-reader @0.9.0 (ruby)
Set of methods for processing keyboard input

shibboleth @3.4.1_1 (security, www, shibboleth)
Shibboleth Native Service Provider

shogun @2.1.0_26 (math, science)
The machine-learning toolbox's focus is on large-scale kernel methods

shogun-devel @4.0.0_23 (math, science)
The machine learning toolbox's focus is on large scale kernel methods

slib-guile @1.0_5 (devel)
Wrapper port to properly set up slib and guile together

softether5 @5.2.5188 (net, security)
Cross-platform multi-protocol VPN software

squirrel-ime @0.16.2_8 (aqua)
Rime Input Method for macOS

vde2 @2.3.3 (net)
Virtual Distributed Ethernet

Found 565 ports.
