adns @1.6.1 (net)
asynchronous DNS client library

avahi @0.8_7 (net, devel)
Avahi is an Implementation of the DNS Service Discovery and Multicast DNS specifications for Zeroconf Networking.

c-ares @1.34.6 (net)
C library for asynchronous DNS requests (including name resolves)

certbot-dns-cloudflare @5.3.0 (security)
The certbot dns_cloudflare plugin for dns-01 challenges

certbot-dns-digitalocean @5.3.0 (security)
The certbot dns_digitalocean plugin for dns-01 challenges

certbot-dns-dnsimple @5.3.0 (security)
The certbot dns_dnsimple plugin for dns-01 challenges

certbot-dns-dnsmadeeasy @5.3.0 (security)
The certbotdns_dnsmadeeasy plugin for dns-01 challenges

certbot-dns-gehirn @5.3.0 (security)
The certbot gehirn plugin for dns-01 challenges

certbot-dns-google @5.3.0 (security)
The certbot google plugin for dns-01 challenges

certbot-dns-linode @5.3.0 (security)
The certbot linode plugin for dns-01 challenges

certbot-dns-luadns @5.3.0 (security)
The certbot luadns plugin for dns-01 challenges

certbot-dns-namecheap @1.0.0_1 (security)
The certbot namecheap.com plugin for dns-01 challenges

certbot-dns-nsone @5.3.0 (security)
The certbot nsone plugin for dns-01 challenges

certbot-dns-ovh @5.3.0 (security)
The certbot ovh plugin for dns-01 challenges

certbot-dns-rfc2136 @5.3.0 (security)
The certbot rfc2136 plugin for dns-01 challenges

certbot-dns-route53 @5.3.0 (security)
The certbot route53 plugin for dns-01 challenges

certbot-dns-sakuracloud @5.3.0 (security)
The certbot sakuracloud plugin for dns-01 challenges

checkdns @0.5 (net)
A domain name server analysis and reporting tool

cjdns @22.3 (net)
Cjdns implements an encrypted IPv6 network.

danectl @0.8.4 (security)
DNSSEC DANE implementation manager

ddclient @3.11.2 (net)
Update dynamic DNS entries

ddnsu @0.3.0 (net)
simple, reliable and small updating client for dynamic DNS

djbdns @1.05_2 (net)
D.J. Bernstein's DNS tools

dnrd @2.20.3 (net)
A proxy DNS daemon

dns-server @9.16.13 (net)
Domain Name System server configuration

dns2tcp @0.5.2 (net)
TCP over DNS tunnel

dnsa @0.5 (net, security)
DNS Auditing tool

dnscap @2.5.0 (net)
DNS network traffic capture utility

dnscontrol @4.30.0 (sysutils)
Synchronize your DNS to multiple providers from a simple DSL

dnscrypt-proxy @2.1.15 (net)
A flexible DNS proxy, with support for encrypted DNS protocols

dnsdiag @2.9.3 (net)
A set of tools to perform basic audits on your DNS requests and responses to make sure your DNS is working as you expect.

dnsmasq @2.90 (net)
lightweight DNS forwarder and DHCP server

dnsperf @2.14.0 (net, sysutils)
DNS Performance Testing Tools

dnstop @20240709 (net)
dnstop is a libpcap application that displays tables of DNS traffic

dnstracer @1.9 (net, sysutils)
trace a chain of DNS servers to the source

dnsupdate @2.8 (aqua, net)
a Mac OS X client for dynamic DNS services

dnsviz @0.11.1 (net)
DNS measurement and diagnostic tool suite

dog @0.1.0_3 (net, sysutils)
dog is a command-line DNS client

doge @0.2.8 (net, sysutils)
doge is a command-line DNS client

doggo @1.1.3 (net, sysutils)
Command-line DNS Client for Humans

ez-ipupdate @3.0.11b7 (net)
dynamic dns client

getdns @1.7.3_1 (devel)
A modern asynchronous DNS API

glider @0.16.4 (net)
glider is a forward proxy with multiple protocols support, and also a dns/dhcp server with ipset management features(like dnsmasq).

gobuster @3.8.2 (www, security)
Directory/File, DNS and VHost busting tool written in Go

inadyn @2.13.0 (net)
In-a-Dyn is a dynamic DNS client with multiple SSL/TLS library support

iodine @0.8.0 (net)
IPv4 over DNS

ipcheck @0.242_1 (net)
dynamic dns client written in python

kdnssd @4.12.2_3 (kde, kde4)
KdeNetwork utility

knot @3.5.3 (net)
Knot DNS is a high-performance authoritative-only DNS server which supports all key features of the modern domain name system.

knot-resolver @6.2.0 (net)
The Knot Resolver is a caching DNS resolver scalable from huge resolver farms down to home network routers.

ldns @1.8.4 (net, devel)
DNS library in C

libdnsres @0.1a_3 (net)
A non-blocking DNS resolver library

libknot @3.5.3 (net)
Knot DNS is a high-performance authoritative-only DNS server which supports all key features of the modern domain name system.

libudns @0.4 (net)
DNS resolver library

maradns @1.2.12.09 (net)
DNS server supporting authoritative, recursive and caching DNS

mdnsd @0.7G (net)
embeddable Multicast DNS Daemon

mod_dnssd @0.6_1 (www)
Apache module to add Zeroconf support via DNS-SD using Avahi

mosdns @5.3.3 (net)
A DNS forwarder written in Go.

namebench @1.3.1_3 (aqua, sysutils)
DNS speed benchmark tool (GUI)

nextdns @1.43.5 (net, sysutils)
NextDNS CLI client

nslint @3.2 (net)
Lint program for dns files

nsping @0.8_4 (net)
DNS ping

p5-net-bonjour @0.960.0 (perl)
Module for DNS service discovery (Apple's Bonjour).

p5-net-dns @1.540.0 (perl)
Net::DNS - Perl Interface to the Domain Name System

p5-net-dns-resolver-mock @1.202.302.160 (perl)
Net::DNS::Resolver::Mock - Mock a DNS Resolver object for testing

p5-net-dns-resolver-programmable @0.9.0 (perl)
allows a virtual DNS to be emulated instead of querying the real DNS

p5-net-dns-sec @1.270.0 (perl)
Net::DNS::SEC - DNSSEC extensions to Net::DNS

p5.28-net-bonjour @0.960.0 (perl)
Module for DNS service discovery (Apple's Bonjour).

p5.28-net-dns @1.540.0 (perl)
Net::DNS - Perl Interface to the Domain Name System

p5.28-net-dns-resolver-mock @1.202.302.160 (perl)
Net::DNS::Resolver::Mock - Mock a DNS Resolver object for testing

p5.28-net-dns-resolver-programmable @0.9.0 (perl)
allows a virtual DNS to be emulated instead of querying the real DNS

p5.28-net-dns-sec @1.270.0 (perl)
Net::DNS::SEC - DNSSEC extensions to Net::DNS

p5.30-net-bonjour @0.960.0 (perl)
Module for DNS service discovery (Apple's Bonjour).

p5.30-net-dns @1.540.0 (perl)
Net::DNS - Perl Interface to the Domain Name System

p5.30-net-dns-resolver-mock @1.202.302.160 (perl)
Net::DNS::Resolver::Mock - Mock a DNS Resolver object for testing

p5.30-net-dns-resolver-programmable @0.9.0 (perl)
allows a virtual DNS to be emulated instead of querying the real DNS

p5.30-net-dns-sec @1.270.0 (perl)
Net::DNS::SEC - DNSSEC extensions to Net::DNS

p5.32-net-bonjour @0.960.0 (perl)
Module for DNS service discovery (Apple's Bonjour).

p5.32-net-dns @1.540.0 (perl)
Net::DNS - Perl Interface to the Domain Name System

p5.32-net-dns-resolver-mock @1.202.302.160 (perl)
Net::DNS::Resolver::Mock - Mock a DNS Resolver object for testing

p5.32-net-dns-resolver-programmable @0.9.0 (perl)
allows a virtual DNS to be emulated instead of querying the real DNS

p5.32-net-dns-sec @1.270.0 (perl)
Net::DNS::SEC - DNSSEC extensions to Net::DNS

p5.34-net-bonjour @0.960.0 (perl)
Module for DNS service discovery (Apple's Bonjour).

p5.34-net-dns @1.540.0 (perl)
Net::DNS - Perl Interface to the Domain Name System

p5.34-net-dns-resolver-mock @1.202.302.160 (perl)
Net::DNS::Resolver::Mock - Mock a DNS Resolver object for testing

p5.34-net-dns-resolver-programmable @0.9.0 (perl)
allows a virtual DNS to be emulated instead of querying the real DNS

p5.34-net-dns-sec @1.270.0 (perl)
Net::DNS::SEC - DNSSEC extensions to Net::DNS

pdns-recursor @5.3.1 (net)
a high-end, high-performance resolving name server

pdnsd @1.2.9a (net)
proxy dns server with permanent caching

py-aiodns @4.0.0 (python, devel)
Simple DNS resolver for asyncio.

py-dns-lexicon @3.23.2 (python, net)
Manipulate DNS records on various DNS providers in a standardized/agnostic way.

py-dnspython @2.8.0 (python, net)
DNS toolkit for Python

py-libnamebench @1.3.1 (python)
DNS speed benchmark tool (CLI)

py-py3dns @4.0.2 (python, devel, net)
Python 3 DNS library

py-pybonjour @1.1.3 (python)
pybonjour provides a pure-Python interface to Apple Bonjour and compatible DNS-SD libraries (such as Avahi).

py27-dnspython @1.16.0 (python, net)
DNS toolkit for Python

py27-libnamebench @1.3.1 (python)
DNS speed benchmark tool (CLI)

py39-dnspython @2.7.0 (python, net)
DNS toolkit for Python

py310-aiodns @4.0.0 (python, devel)
Simple DNS resolver for asyncio.

py310-dns-lexicon @3.23.2 (python, net)
Manipulate DNS records on various DNS providers in a standardized/agnostic way.

py310-dnspython @2.8.0 (python, net)
DNS toolkit for Python

py310-py3dns @4.0.2 (python, devel, net)
Python 3 DNS library

py310-pybonjour @1.1.3 (python)
pybonjour provides a pure-Python interface to Apple Bonjour and compatible DNS-SD libraries (such as Avahi).

py311-aiodns @4.0.0 (python, devel)
Simple DNS resolver for asyncio.

py311-dns-lexicon @3.23.2 (python, net)
Manipulate DNS records on various DNS providers in a standardized/agnostic way.

py311-dnspython @2.8.0 (python, net)
DNS toolkit for Python

py311-py3dns @4.0.2 (python, devel, net)
Python 3 DNS library

py312-aiodns @4.0.0 (python, devel)
Simple DNS resolver for asyncio.

py312-dns-lexicon @3.23.2 (python, net)
Manipulate DNS records on various DNS providers in a standardized/agnostic way.

py312-dnspython @2.8.0 (python, net)
DNS toolkit for Python

py312-py3dns @4.0.2 (python, devel, net)
Python 3 DNS library

py313-aiodns @4.0.0 (python, devel)
Simple DNS resolver for asyncio.

py313-dns-lexicon @3.23.2 (python, net)
Manipulate DNS records on various DNS providers in a standardized/agnostic way.

py313-dnspython @2.8.0 (python, net)
DNS toolkit for Python

py313-py3dns @4.0.2 (python, devel, net)
Python 3 DNS library

py314-aiodns @4.0.0 (python, devel)
Simple DNS resolver for asyncio.

py314-dns-lexicon @3.23.2 (python, net)
Manipulate DNS records on various DNS providers in a standardized/agnostic way.

py314-dnspython @2.8.0 (python, net)
DNS toolkit for Python

rb-dnssd @2.0 (ruby)
DNS Service Discovery (aka Bonjour) API for Ruby

rb-easyjour @0.0.4_1 (ruby)
Super simple access to service announcing and discovery using Bonjour aka DNSSD.

rb-net-dns @0.20.0 (ruby, net)
Net::DNS is a DNS library written in Ruby

rb30-net-dns @0.20.0 (ruby, net)
Net::DNS is a DNS library written in Ruby

rb31-net-dns @0.20.0 (ruby, net)
Net::DNS is a DNS library written in Ruby

rb32-net-dns @0.20.0 (ruby, net)
Net::DNS is a DNS library written in Ruby

rb33-net-dns @0.20.0 (ruby, net)
Net::DNS is a DNS library written in Ruby

rbldnsd @0.996b (net)
rbldnsd is a small and fast DNS daemon which is especially made to serve DNSBL zone

scotty @3.0.0_9 (net)
Network management extensions to Tcl that enables TCP/UDP connections, DNS queries, and SNMP. The graphical network mapper tkined is also included.

stubby @0.4.3_1 (net)
an application that acts as a local DNS Privacy stub resolver (using DNS-over-TLS)

unbound @1.24.2 (net)
Validating, recursive, and caching DNS resolver.

utdns @1.2 (net)
Proxy UDP/DNS to TCP/DNS

zdns @2.0.5 (net)
Fast DNS Lookup Library and CLI Tool

zns @0.3.0 (net)
CLI tool for querying DNS records with readable, colored output.

Found 132 ports.
