abaddon @0.2.1_3 (net, www)
Alternative Discord client with voice support

ain @1.6.0 (www, net)
Ain is a terminal HTTP API client. It's an alternative to Postman, Paw or Insomnia.

albafetch @4.3 (sysutils)
Faster neofetch alternative, written in C

alcom @1.1.5 (devel, games)
ALternative (VRChat) creator COMpanion

alienarena @7.71.1-20200830-r5669_1 (games)
retro sci-fi old school deathmatch game similar to Quake III and Unreal Tournament

arb @6.0.6_4 (science)
ARB graphical DNA, RNA and amino acid sequence analysis tool

beets-alternatives @0.13.3 (audio)
beets plugin to manage multiple files

bittornado @0.3.18_2 (net, python)
bittorrent client and python module with enhancements

bournal @1.5 (office)
bash script journal

caps-log @1.2.1_1 (sysutils)
Small TUI journaling tool

certgraph @20220513 (net, security)
An open source intelligence tool to crawl the graph of certificate Alternate Names

choose @1.3.7 (textproc)
A human-friendly and fast alternative to cut and (sometimes) awk

cl-acclimation @20231023 (lisp, devel)
Library supporting internationalization

cl-idna @0.2.2 (lisp, devel)
IDNA (international domain names) string encoding and decoding routines

clive @0.4.10 (net)
A console line client for livejournal.

cufflinks @2.2.1_2 (science, biology)
Cufflinks assembles transcripts, estimates their abundances, and tests for differential expression and regulation in RNA-Seq samples.

diskus @0.9.0 (sysutils)
A minimal, fast alternative to 'du -sh'

duf @0.9.1 (sysutils)
Disk Usage/Free Utility - a better 'df' alternative

fcron @3.2.1_3 (sysutils)
fcron is an alternative scheduler aka cron daemon

fd @10.3.0 (sysutils)
simple, fast and user-friendly alternative to find

frozen @1.2.0 (devel)
A header-only, constexpr alternative to gperf for C++14 users

fsp @2.8.1b29 (net)
udp based alternate protocol for ftp, server and tools

gat @0.26.0 (textproc, sysutils)
cat alternative written in Go

gettext @0.22.5 (devel)
GNU internationalization (i18n) and localization (l10n) tools

gettext-runtime @0.22.5 (devel)
GNU internationalization (i18n) and localization (l10n) runtime library

gettext-tools-libs @0.22.5 (devel)
GNU internationalization (i18n) and localization (l10n) tools libraries

go-task @3.46.4 (devel)
A task runner / simpler Make alternative written in Go

HDF5-External-Filter-Plugins @0.1.0_11 (science)
Provides dynamically loadable (compression) filters for HDF5

hibernate3 @3.6.10.Final_1 (java, databases)
Hibernate ORM for Java.

hibernate4 @4.1.2.Final (java, databases)
Hibernate ORM for Java.

hwatch @0.3.19 (sysutils)
hwatch is an alternative watch command that records the result of command execution and can display history and diffs.

icu @76.1 (devel, textproc)
International Components for Unicode

icu-devel @78.2 (devel, textproc)
International Components for Unicode

icu-devel-docs @78.2 (devel, textproc)
International Components for Unicode (documentation)

icu-docs @76.1 (devel, textproc)
International Components for Unicode (documentation)

icu58 @58.3_1 (devel, textproc)
International Components for Unicode -- Legacy Version

integrit @4.1 (security)
integrit is the most simple Tripwire alternative

itstool @2.0.7_4 (textproc)
ITS Tool allows you to translate your XML documents with PO files, using rules from the W3C Internationalization Tag Set.

jlj @2.12 (net)
A livejournal client

jrnl @4.1 (office, python)
jrnl is a simple journal application for your command line.

kubie @0.26.0 (sysutils)
A more powerful alternative to kubectx and kubens

Legcord @1.2.1 (net)
lightweight alternative to the regular Discord application

libidn @1.43 (mail)
GNU International Domain Name Library (legacy version 1).

libidn2 @2.3.8 (mail)
GNU International Domain Name Library (current version 2)

libmongo-client @0.1.8_3 (devel)
alternative C driver for MongoDB

libphonenumber-cpp @8.13.49_3 (devel)
Google's C++ library for parsing, formatting, storing and validating international phone numbers.

libstdcxx_clang_fix @0.0.1_2 (devel)
Install alternate math.h header file for use when using Clang and libstdc++.

logjam @4.6.2 (net)
GTK2 client for livejournal.com

m1ddc @1.2.0 (sysutils)
Controls external displays using DDC/CI on Apple Silicon Macs

mcpp @2.7.2_6 (devel)
Alternative C/C++ preprocessor

mod_fcgid @2.3.9 (www)
An alternative FastCGI module for Apache2

mrustc @1.54-20231219 (lang, devel)
Alternative implementation of Rust

network-weathermap @0.97c (net)
Weathermap is a network visualisation tool, to take graphs you already have and display an overview of your network as a map. It supports RRD, MRTG (RRD and old log-format), and tab-delimited text files. Other sources are via plugins or external scripts.

ocaml-astring @0.8.5 (ocaml, devel)
Alternative String module for OCaml

octave-internal-fluid-flow @1.0.0_1 (octave, math, science)
A toolbox for internal fluid flow for GNU Octave.

octave-io @2.7.0_4 (octave, math, science)
Input/Output in external formats.

p5-alien-build @2.840.0 (perl)
Alien::Build - Build external dependencies for use in CPAN

p5-alien-role-alt @0.50.0 (perl)
Alien::Role::Alt - (Deprecated) Alien::Base role that supports alternates

p5-business-isbn @3.12.0 (perl)
Business::ISBN - work with International Standard Book Numbers

p5-business-ismn @1.205.0 (perl)
International Standard Music Numbers

p5-business-issn @1.8.0 (perl)
Business::ISSN - Perl extension for International Standard Serial Numbers

p5-capture-tiny @0.500.0 (perl)
Capture::Tiny - Capture STDOUT and STDERR from Perl, XS or external programs

p5-cgi-alternatives @0.190.0 (perl)
Documentation for alternative solutions to CGI.pm

p5-dist-zilla-plugin-run @0.50.0 (perl)
Dist::Zilla::Plugin::Run - Run external commands and code at specific phases of Dist::Zilla

p5-file-find-object-rule @0.31.300 (perl)
File::Find::Object::Rule - Alternative interface to File::Find::Object

p5-file-find-rule @0.350.0 (perl)
File::Find::Rule - Alternative interface to File::Find

p5-getopt-mixed @1.120.0 (perl, devel)
alternate module supports both long and short options

p5-graphics-colornames @3.5.0 (perl)
Graphics::ColorNames - defines RGB values for common color names

p5-importer @0.26.0 (perl)
Importer - Alternative but compatible interface to modules that export symbols.

p5-internals @1.100.0_3 (perl)
This is a Perl extension for write protecting variables and manipulating refcounts.

p5-iri @0.13.0 (perl)
IRI - Internationalized Resource Identifiers

p5-libintl-perl @1.350.0 (perl)
Perl internationalization library

p5-lj-simple @0.150.0_3 (perl)
Simple perl module for managing your LiveJournal account

p5-module-implementation @0.90.0 (perl)
Module::Implementation - Loads one of several alternate underlying implementations for a module

p5-net-ident @1.250.0 (perl)
Look up the username on the remote end of a TCP/IP connection

p5-net-idn-encode @2.500.0 (perl)
The Net::IDN::Encode perl module is used for internationalizing domain names in applications

p5-net-ping-external @0.150.0 (perl)
Cross-platform interface to ICMP 'ping' utilities

p5-plack-test-externalserver @0.20.0 (perl)
Plack::Test::ExternalServer - Run HTTP tests on external live servers

p5-string-print @1.20.0 (perl)
String::Print - printf alternative

p5-sub-handlesvia @0.53.5 (perl)
Sub::HandlesVia - alternative handles_via implementation

p5-test-command @0.110.0 (perl)
Test routines for external commands

p5.28-alien-build @2.840.0 (perl)
Alien::Build - Build external dependencies for use in CPAN

p5.28-alien-role-alt @0.50.0 (perl)
Alien::Role::Alt - (Deprecated) Alien::Base role that supports alternates

p5.28-business-isbn @3.12.0 (perl)
Business::ISBN - work with International Standard Book Numbers

p5.28-business-ismn @1.205.0 (perl)
International Standard Music Numbers

p5.28-business-issn @1.8.0 (perl)
Business::ISSN - Perl extension for International Standard Serial Numbers

p5.28-capture-tiny @0.500.0 (perl)
Capture::Tiny - Capture STDOUT and STDERR from Perl, XS or external programs

p5.28-cgi-alternatives @0.190.0 (perl)
Documentation for alternative solutions to CGI.pm

p5.28-dist-zilla-plugin-run @0.50.0 (perl)
Dist::Zilla::Plugin::Run - Run external commands and code at specific phases of Dist::Zilla

p5.28-file-find-object-rule @0.31.300 (perl)
File::Find::Object::Rule - Alternative interface to File::Find::Object

p5.28-file-find-rule @0.350.0 (perl)
File::Find::Rule - Alternative interface to File::Find

p5.28-getopt-mixed @1.120.0 (perl, devel)
alternate module supports both long and short options

p5.28-graphics-colornames @3.5.0 (perl)
Graphics::ColorNames - defines RGB values for common color names

p5.28-importer @0.26.0 (perl)
Importer - Alternative but compatible interface to modules that export symbols.

p5.28-internals @1.100.0_3 (perl)
This is a Perl extension for write protecting variables and manipulating refcounts.

p5.28-iri @0.13.0 (perl)
IRI - Internationalized Resource Identifiers

p5.28-libintl-perl @1.350.0 (perl)
Perl internationalization library

p5.28-lj-simple @0.150.0_3 (perl)
Simple perl module for managing your LiveJournal account

p5.28-module-implementation @0.90.0 (perl)
Module::Implementation - Loads one of several alternate underlying implementations for a module

p5.28-net-ident @1.250.0 (perl)
Look up the username on the remote end of a TCP/IP connection

p5.28-net-idn-encode @2.500.0 (perl)
The Net::IDN::Encode perl module is used for internationalizing domain names in applications

p5.28-net-ping-external @0.150.0 (perl)
Cross-platform interface to ICMP 'ping' utilities

p5.28-plack-test-externalserver @0.20.0 (perl)
Plack::Test::ExternalServer - Run HTTP tests on external live servers

p5.28-string-print @1.20.0 (perl)
String::Print - printf alternative

p5.28-sub-handlesvia @0.53.5 (perl)
Sub::HandlesVia - alternative handles_via implementation

p5.28-test-command @0.110.0 (perl)
Test routines for external commands

p5.30-alien-build @2.840.0 (perl)
Alien::Build - Build external dependencies for use in CPAN

p5.30-alien-role-alt @0.50.0 (perl)
Alien::Role::Alt - (Deprecated) Alien::Base role that supports alternates

p5.30-business-isbn @3.12.0 (perl)
Business::ISBN - work with International Standard Book Numbers

p5.30-business-ismn @1.205.0 (perl)
International Standard Music Numbers

p5.30-business-issn @1.8.0 (perl)
Business::ISSN - Perl extension for International Standard Serial Numbers

p5.30-capture-tiny @0.500.0 (perl)
Capture::Tiny - Capture STDOUT and STDERR from Perl, XS or external programs

p5.30-cgi-alternatives @0.190.0 (perl)
Documentation for alternative solutions to CGI.pm

p5.30-dist-zilla-plugin-run @0.50.0 (perl)
Dist::Zilla::Plugin::Run - Run external commands and code at specific phases of Dist::Zilla

p5.30-file-find-object-rule @0.31.300 (perl)
File::Find::Object::Rule - Alternative interface to File::Find::Object

p5.30-file-find-rule @0.350.0 (perl)
File::Find::Rule - Alternative interface to File::Find

p5.30-getopt-mixed @1.120.0 (perl, devel)
alternate module supports both long and short options

p5.30-graphics-colornames @3.5.0 (perl)
Graphics::ColorNames - defines RGB values for common color names

p5.30-importer @0.26.0 (perl)
Importer - Alternative but compatible interface to modules that export symbols.

p5.30-internals @1.100.0_3 (perl)
This is a Perl extension for write protecting variables and manipulating refcounts.

p5.30-iri @0.13.0 (perl)
IRI - Internationalized Resource Identifiers

p5.30-libintl-perl @1.350.0 (perl)
Perl internationalization library

p5.30-lj-simple @0.150.0_3 (perl)
Simple perl module for managing your LiveJournal account

p5.30-module-implementation @0.90.0 (perl)
Module::Implementation - Loads one of several alternate underlying implementations for a module

p5.30-net-ident @1.250.0 (perl)
Look up the username on the remote end of a TCP/IP connection

p5.30-net-idn-encode @2.500.0 (perl)
The Net::IDN::Encode perl module is used for internationalizing domain names in applications

p5.30-net-ping-external @0.150.0 (perl)
Cross-platform interface to ICMP 'ping' utilities

p5.30-plack-test-externalserver @0.20.0 (perl)
Plack::Test::ExternalServer - Run HTTP tests on external live servers

p5.30-string-print @1.20.0 (perl)
String::Print - printf alternative

p5.30-sub-handlesvia @0.53.5 (perl)
Sub::HandlesVia - alternative handles_via implementation

p5.30-test-command @0.110.0 (perl)
Test routines for external commands

p5.32-alien-build @2.840.0 (perl)
Alien::Build - Build external dependencies for use in CPAN

p5.32-alien-role-alt @0.50.0 (perl)
Alien::Role::Alt - (Deprecated) Alien::Base role that supports alternates

p5.32-business-isbn @3.12.0 (perl)
Business::ISBN - work with International Standard Book Numbers

p5.32-business-ismn @1.205.0 (perl)
International Standard Music Numbers

p5.32-business-issn @1.8.0 (perl)
Business::ISSN - Perl extension for International Standard Serial Numbers

p5.32-capture-tiny @0.500.0 (perl)
Capture::Tiny - Capture STDOUT and STDERR from Perl, XS or external programs

p5.32-cgi-alternatives @0.190.0 (perl)
Documentation for alternative solutions to CGI.pm

p5.32-dist-zilla-plugin-run @0.50.0 (perl)
Dist::Zilla::Plugin::Run - Run external commands and code at specific phases of Dist::Zilla

p5.32-file-find-object-rule @0.31.300 (perl)
File::Find::Object::Rule - Alternative interface to File::Find::Object

p5.32-file-find-rule @0.350.0 (perl)
File::Find::Rule - Alternative interface to File::Find

p5.32-getopt-mixed @1.120.0 (perl, devel)
alternate module supports both long and short options

p5.32-graphics-colornames @3.5.0 (perl)
Graphics::ColorNames - defines RGB values for common color names

p5.32-importer @0.26.0 (perl)
Importer - Alternative but compatible interface to modules that export symbols.

p5.32-internals @1.100.0_3 (perl)
This is a Perl extension for write protecting variables and manipulating refcounts.

p5.32-iri @0.13.0 (perl)
IRI - Internationalized Resource Identifiers

p5.32-libintl-perl @1.350.0 (perl)
Perl internationalization library

p5.32-lj-simple @0.150.0_3 (perl)
Simple perl module for managing your LiveJournal account

p5.32-module-implementation @0.90.0 (perl)
Module::Implementation - Loads one of several alternate underlying implementations for a module

p5.32-net-ident @1.250.0 (perl)
Look up the username on the remote end of a TCP/IP connection

p5.32-net-idn-encode @2.500.0 (perl)
The Net::IDN::Encode perl module is used for internationalizing domain names in applications

p5.32-net-ping-external @0.150.0 (perl)
Cross-platform interface to ICMP 'ping' utilities

p5.32-plack-test-externalserver @0.20.0 (perl)
Plack::Test::ExternalServer - Run HTTP tests on external live servers

p5.32-string-print @1.20.0 (perl)
String::Print - printf alternative

p5.32-sub-handlesvia @0.53.5 (perl)
Sub::HandlesVia - alternative handles_via implementation

p5.32-test-command @0.110.0 (perl)
Test routines for external commands

p5.34-alien-build @2.840.0 (perl)
Alien::Build - Build external dependencies for use in CPAN

p5.34-alien-role-alt @0.50.0 (perl)
Alien::Role::Alt - (Deprecated) Alien::Base role that supports alternates

p5.34-business-isbn @3.12.0 (perl)
Business::ISBN - work with International Standard Book Numbers

p5.34-business-ismn @1.205.0 (perl)
International Standard Music Numbers

p5.34-business-issn @1.8.0 (perl)
Business::ISSN - Perl extension for International Standard Serial Numbers

p5.34-capture-tiny @0.500.0 (perl)
Capture::Tiny - Capture STDOUT and STDERR from Perl, XS or external programs

p5.34-cgi-alternatives @0.190.0 (perl)
Documentation for alternative solutions to CGI.pm

p5.34-dist-zilla-plugin-run @0.50.0 (perl)
Dist::Zilla::Plugin::Run - Run external commands and code at specific phases of Dist::Zilla

p5.34-file-find-object-rule @0.31.300 (perl)
File::Find::Object::Rule - Alternative interface to File::Find::Object

p5.34-file-find-rule @0.350.0 (perl)
File::Find::Rule - Alternative interface to File::Find

p5.34-getopt-mixed @1.120.0 (perl, devel)
alternate module supports both long and short options

p5.34-graphics-colornames @3.5.0 (perl)
Graphics::ColorNames - defines RGB values for common color names

p5.34-importer @0.26.0 (perl)
Importer - Alternative but compatible interface to modules that export symbols.

p5.34-internals @1.100.0_3 (perl)
This is a Perl extension for write protecting variables and manipulating refcounts.

p5.34-iri @0.13.0 (perl)
IRI - Internationalized Resource Identifiers

p5.34-libintl-perl @1.350.0 (perl)
Perl internationalization library

p5.34-lj-simple @0.150.0_3 (perl)
Simple perl module for managing your LiveJournal account

p5.34-module-implementation @0.90.0 (perl)
Module::Implementation - Loads one of several alternate underlying implementations for a module

p5.34-net-ident @1.250.0 (perl)
Look up the username on the remote end of a TCP/IP connection

p5.34-net-idn-encode @2.500.0 (perl)
The Net::IDN::Encode perl module is used for internationalizing domain names in applications

p5.34-net-ping-external @0.150.0 (perl)
Cross-platform interface to ICMP 'ping' utilities

p5.34-plack-test-externalserver @0.20.0 (perl)
Plack::Test::ExternalServer - Run HTTP tests on external live servers

p5.34-string-print @1.20.0 (perl)
String::Print - printf alternative

p5.34-sub-handlesvia @0.53.5 (perl)
Sub::HandlesVia - alternative handles_via implementation

p5.34-test-command @0.110.0 (perl)
Test routines for external commands

pd-faust @0.18 (pure, audio, devel)
a Pd plugin loader which lets you run Faust programs as externals in Pd and dynamically generate Pd GUI subpatches

pd-pure @0.26 (pure, audio, devel)
a Pd plugin loader which lets you run Pure scripts as externals in Pd

php-APC @3.1.13 (php, devel)
Alternative PHP Cache

php-vld @0.18.0 (php, devel)
Dump the internal representation of PHP scripts

php53-APC @3.1.13 (php, devel)
Alternative PHP Cache

php53-intl @5.3.29_10 (php, devel)
internationalization extension for PHP

php53-vld @0.13.0 (php, devel)
Dump the internal representation of PHP scripts

php54-APC @3.1.13 (php, devel)
Alternative PHP Cache

php54-intl @5.4.45_8 (php, devel)
internationalization extension for PHP

php54-vld @0.14.0 (php, devel)
Dump the internal representation of PHP scripts

php55-intl @5.5.38_8 (php, devel)
internationalization extension for PHP

php55-vld @0.14.0 (php, devel)
Dump the internal representation of PHP scripts

php56-intl @5.6.40_7 (php, devel)
internationalization extension for PHP

php56-vld @0.14.0 (php, devel)
Dump the internal representation of PHP scripts

php70-intl @7.0.33_7 (php, devel)
internationalization extension for PHP

php70-vld @0.18.0 (php, devel)
Dump the internal representation of PHP scripts

php71-intl @7.1.33_6 (php, devel)
internationalization extension for PHP

php71-vld @0.18.0 (php, devel)
Dump the internal representation of PHP scripts

php72-intl @7.2.34_5 (php, devel)
internationalization extension for PHP

php72-vld @0.18.0 (php, devel)
Dump the internal representation of PHP scripts

php73-intl @7.3.33_5 (php, devel)
internationalization extension for PHP

php73-vld @0.18.0 (php, devel)
Dump the internal representation of PHP scripts

php74-intl @7.4.33_3 (php, devel)
internationalization extension for PHP

php74-vld @0.18.0 (php, devel)
Dump the internal representation of PHP scripts

php80-intl @8.0.30_2 (php, devel)
internationalization extension for PHP

php80-vld @0.18.0 (php, devel)
Dump the internal representation of PHP scripts

php81-intl @8.1.30_1 (php, devel)
internationalization extension for PHP

php81-vld @0.18.0 (php, devel)
Dump the internal representation of PHP scripts

php82-intl @8.2.24_1 (php, devel)
internationalization extension for PHP

php82-vld @0.18.0 (php, devel)
Dump the internal representation of PHP scripts

php83-intl @8.3.12_1 (php, devel)
internationalization extension for PHP

php83-vld @0.18.0 (php, devel)
Dump the internal representation of PHP scripts

php84-intl @8.4.0RC1_1 (php, devel)
internationalization extension for PHP

py-babel @2.17.0 (python, devel)
A collection of tools for internationalizing Python applications.

py-barnaba @0.1.9 (python, science)
BaRNAba is a tool for analyzing RNA three-dimensional structures and simulations.

py-cucumber-expressions @18.0.1 (python, devel)
Cucumber Expressions - a simpler alternative to Regular Expressions

py-flufl.i18n @6.0.0 (python, devel)
High level API for internationalizing Python libraries and applications.

py-idna @3.11 (python, devel)
Internationalized Domain Names in Applications (IDNA).

py-isbnlib @3.10.14 (python)
Extract, clean, transform, hyphenate and metadata for ISBNs (International Standard Book Number).

py-keyrings.alt @5.0.2 (python, devel)
Alternate keyring backend implementations for use with the keyring package

py-parsing @3.3.2 (python, lang)
alternative approach to creating parsers in python

py-phonenumbers @8.13.30 (python, textproc)
parsing, formatting, storing and validating international phone numbers

py-pypostal @1.1.11 (python, textproc)
International address parsing/normalization

py-regex @2025.11.3 (python, devel)
Alternate regular expression module, to replace re.

py-rfc3987-syntax @1.1.0 (python)
Helper functions to parse and validate the syntax of terms defined in RFC 3987 — the IETF standard for Internationalized Resource Identifiers (IRIs).

py-subvertpy @0.10.1 (python, devel)
Alternative Python bindings for Subversion (svn)

py-terminado @0.18.1 (python, devel)
A Tornado websocket backend for the Xterm.js Javascript terminal emulator library

py-tornado @6.5.3 (python, www)
Scalable, non-blocking web server and related tools

py-zope-i18nmessageid @5.0.1 (python, zope)
Message Identifiers for internationalization

py27-babel @2.9.1 (python, devel)
A collection of tools for internationalizing Python applications.

py27-idna @2.10 (python, devel)
Internationalized Domain Names in Applications (IDNA).

py27-parsing @2.4.7 (python, lang)
alternative approach to creating parsers in python

py27-subvertpy @0.10.1 (python, devel)
Alternative Python bindings for Subversion (svn)

py27-tornado @5.1.1 (python, www)
Scalable, non-blocking web server and related tools

py35-idna @2.10 (python, devel)
Internationalized Domain Names in Applications (IDNA).

py35-parsing @2.4.7 (python, lang)
alternative approach to creating parsers in python

py36-idna @3.3 (python, devel)
Internationalized Domain Names in Applications (IDNA).

py36-parsing @3.1.4 (python, lang)
alternative approach to creating parsers in python

py37-idna @3.10 (python, devel)
Internationalized Domain Names in Applications (IDNA).

py38-babel @2.17.0 (python, devel)
A collection of tools for internationalizing Python applications.

py38-idna @3.11 (python, devel)
Internationalized Domain Names in Applications (IDNA).

py39-babel @2.17.0 (python, devel)
A collection of tools for internationalizing Python applications.

py39-idna @3.11 (python, devel)
Internationalized Domain Names in Applications (IDNA).

py39-parsing @3.3.2 (python, lang)
alternative approach to creating parsers in python

py39-terminado @0.18.1 (python, devel)
A Tornado websocket backend for the Xterm.js Javascript terminal emulator library

py39-tornado @6.5.3 (python, www)
Scalable, non-blocking web server and related tools

py310-babel @2.17.0 (python, devel)
A collection of tools for internationalizing Python applications.

py310-barnaba @0.1.9 (python, science)
BaRNAba is a tool for analyzing RNA three-dimensional structures and simulations.

py310-idna @3.11 (python, devel)
Internationalized Domain Names in Applications (IDNA).

py310-keyrings.alt @5.0.2 (python, devel)
Alternate keyring backend implementations for use with the keyring package

py310-parsing @3.3.2 (python, lang)
alternative approach to creating parsers in python

py310-phonenumbers @8.13.30 (python, textproc)
parsing, formatting, storing and validating international phone numbers

py310-pypostal @1.1.11 (python, textproc)
International address parsing/normalization

py310-regex @2025.11.3 (python, devel)
Alternate regular expression module, to replace re.

py310-rfc3987-syntax @1.1.0 (python)
Helper functions to parse and validate the syntax of terms defined in RFC 3987 — the IETF standard for Internationalized Resource Identifiers (IRIs).

py310-terminado @0.18.1 (python, devel)
A Tornado websocket backend for the Xterm.js Javascript terminal emulator library

py310-tornado @6.5.3 (python, www)
Scalable, non-blocking web server and related tools

py310-zope-i18nmessageid @5.0.1 (python, zope)
Message Identifiers for internationalization

py311-babel @2.17.0 (python, devel)
A collection of tools for internationalizing Python applications.

py311-idna @3.11 (python, devel)
Internationalized Domain Names in Applications (IDNA).

py311-keyrings.alt @5.0.2 (python, devel)
Alternate keyring backend implementations for use with the keyring package

py311-parsing @3.3.2 (python, lang)
alternative approach to creating parsers in python

py311-phonenumbers @8.13.30 (python, textproc)
parsing, formatting, storing and validating international phone numbers

py311-pypostal @1.1.11 (python, textproc)
International address parsing/normalization

py311-regex @2025.11.3 (python, devel)
Alternate regular expression module, to replace re.

py311-rfc3987-syntax @1.1.0 (python)
Helper functions to parse and validate the syntax of terms defined in RFC 3987 — the IETF standard for Internationalized Resource Identifiers (IRIs).

py311-terminado @0.18.1 (python, devel)
A Tornado websocket backend for the Xterm.js Javascript terminal emulator library

py311-tornado @6.5.3 (python, www)
Scalable, non-blocking web server and related tools

py312-babel @2.17.0 (python, devel)
A collection of tools for internationalizing Python applications.

py312-idna @3.11 (python, devel)
Internationalized Domain Names in Applications (IDNA).

py312-keyrings.alt @5.0.2 (python, devel)
Alternate keyring backend implementations for use with the keyring package

py312-parsing @3.3.2 (python, lang)
alternative approach to creating parsers in python

py312-phonenumbers @8.13.30 (python, textproc)
parsing, formatting, storing and validating international phone numbers

py312-pypostal @1.1.11 (python, textproc)
International address parsing/normalization

py312-regex @2025.11.3 (python, devel)
Alternate regular expression module, to replace re.

py312-rfc3987-syntax @1.1.0 (python)
Helper functions to parse and validate the syntax of terms defined in RFC 3987 — the IETF standard for Internationalized Resource Identifiers (IRIs).

py312-terminado @0.18.1 (python, devel)
A Tornado websocket backend for the Xterm.js Javascript terminal emulator library

py312-tornado @6.5.3 (python, www)
Scalable, non-blocking web server and related tools

py313-babel @2.17.0 (python, devel)
A collection of tools for internationalizing Python applications.

py313-cucumber-expressions @18.0.1 (python, devel)
Cucumber Expressions - a simpler alternative to Regular Expressions

py313-flufl.i18n @6.0.0 (python, devel)
High level API for internationalizing Python libraries and applications.

py313-idna @3.11 (python, devel)
Internationalized Domain Names in Applications (IDNA).

py313-isbnlib @3.10.14 (python)
Extract, clean, transform, hyphenate and metadata for ISBNs (International Standard Book Number).

py313-keyrings.alt @5.0.2 (python, devel)
Alternate keyring backend implementations for use with the keyring package

py313-parsing @3.3.2 (python, lang)
alternative approach to creating parsers in python

py313-pypostal @1.1.11 (python, textproc)
International address parsing/normalization

py313-regex @2025.11.3 (python, devel)
Alternate regular expression module, to replace re.

py313-rfc3987-syntax @1.1.0 (python)
Helper functions to parse and validate the syntax of terms defined in RFC 3987 — the IETF standard for Internationalized Resource Identifiers (IRIs).

py313-terminado @0.18.1 (python, devel)
A Tornado websocket backend for the Xterm.js Javascript terminal emulator library

py313-tornado @6.5.3 (python, www)
Scalable, non-blocking web server and related tools

py314-babel @2.17.0 (python, devel)
A collection of tools for internationalizing Python applications.

py314-idna @3.11 (python, devel)
Internationalized Domain Names in Applications (IDNA).

py314-keyrings.alt @5.0.2 (python, devel)
Alternate keyring backend implementations for use with the keyring package

py314-parsing @3.3.2 (python, lang)
alternative approach to creating parsers in python

py314-regex @2025.11.3 (python, devel)
Alternate regular expression module, to replace re.

py314-rfc3987-syntax @1.1.0 (python)
Helper functions to parse and validate the syntax of terms defined in RFC 3987 — the IETF standard for Internationalized Resource Identifiers (IRIs).

py314-terminado @0.18.1 (python, devel)
A Tornado websocket backend for the Xterm.js Javascript terminal emulator library

py314-tornado @6.5.3 (python, www)
Scalable, non-blocking web server and related tools

qBittorrent @5.1.4 (net)
The qBittorrent project aims to provide an open-source software alternative to µTorrent.

qBittorrent-qt5 @4.6.7_1 (net)
The qBittorrent project aims to provide an open-source software alternative to µTorrent.

R-ADMM @0.3.3_2 (R, science, math)
Algorithms using Alternating Direction Method of Multipliers

R-altR2 @1.1.0 (R, science, math)
Alternative estimators to adjusted R-squared

R-ao @1.1.0 (R, science, math)
Alternating Optimization

R-ATR @0.1-1_1 (R, science)
Alternative Tree Representation

R-aTSA @3.1.2.1_1 (R, science, math)
Alternative Time Series Analysis

R-beeswarm @0.4.0_2 (R, science, graphics)
The bee swarm plot, an alternative to stripchart

R-BISdata @0.2-3 (R, science, economics)
Download data from the Bank for International Settlements (BIS)

R-conflicted @1.2.0_2 (R, science)
Alternative conflict resolution strategy

R-fastplyr @0.4.0 (R, science, textproc)
Fast alternatives to tidyverse functions

R-frab @0.0-6 (R, science, math)
Alternative interpretation of named vectors

R-ggsci @3.2.0 (R, science)
Scientific journal and sci-fi themed color palettes

R-gibasa @1.1.1 (R, science, textproc)
Alternative Rcpp wrapper for MeCab

R-mipfp @3.2.1 (R, science, math)
Multidimensional iterative proportional fitting and alternative models

R-nebula @1.5.3 (R, science)
Negative binomial mixed models using large-sample approximation for differential expression analysis of ScRNA-Seq data

R-neverhpfilter @0.4-0_1 (R, science, math)
Alternative to the Hodrick–Prescott filter

R-new.dist @0.1.1_1 (R, science, math)
Alternative continuous and discrete distributions

R-papaja @0.1.2 (R, science)
Prepare American Psychological Association Journal articles with R markdown

R-params @0.7.3_2 (R, science, devel)
Interface to simplify organizing parameters used in a package via external configuration files.

R-Rnanoflann @0.0.3_1 (R, science, math)
Extremely fast nearest neighbor search

R-rnaturalearth @1.0.1_1 (R, science, gis)
World map data from Natural Earth

R-sccore @1.0.5_1 (R, science)
Core utilities for single-cell RNA-seq

R-shiny.i18n @0.3.0_1 (R, science)
Shiny applications internationalization

R-SMR @2.1.0_1 (R, science, math)
Externally studentized midrange distribution

R-stringfish @0.16.0_2 (R, science, devel)
Alternative string implementation

R-Tejapi @1.0.1_1 (R, science, economics)
API wrapper for Taiwan Economic Journal data service

R-Ternary @2.3.3 (R, science, graphics)
Create Ternary and Holdridge plots

R-UpSetR @1.4.0_1 (R, science)
More scalable alternative to Venn and Euler diagrams for visualizing intersecting sets

R-whoami @1.3.0_2 (R, science, devel)
Username, full name, e-mail address, GitHub username of the current user

R-XVector @0.44.0 (R, science, bioconductor, devel)
Foundation of external vector representation and manipulation

R-yeastNagalakshmi @1.40.0 (R, science, bioconductor)
Yeast genome RNA sequencing data based on Nagalakshmi et al.

rb-addressable @2.8.7 (ruby, net)
Addressable is an alternative implementation to the URI implementation that is part of Ruby standard library

rb-i18n @1.14.6 (ruby, devel)
New wave Internationalization support

rb-stream @0.5_1 (ruby)
Extended External Iterators

rb19-i18n @0.5.0 (ruby, devel)
Internationalization (i18n) library for Ruby

rb30-i18n @1.14.6 (ruby, devel)
New wave Internationalization support

rb31-addressable @2.8.7 (ruby, net)
Addressable is an alternative implementation to the URI implementation that is part of Ruby standard library

rb31-i18n @1.14.6 (ruby, devel)
New wave Internationalization support

rb32-addressable @2.8.7 (ruby, net)
Addressable is an alternative implementation to the URI implementation that is part of Ruby standard library

rb32-i18n @1.14.6 (ruby, devel)
New wave Internationalization support

rb33-addressable @2.8.7 (ruby, net)
Addressable is an alternative implementation to the URI implementation that is part of Ruby standard library

rb33-i18n @1.14.6 (ruby, devel)
New wave Internationalization support

rednotebook @2.25 (office, python)
RedNotebook is a modern desktop journal

sclj @3.2 (net)
A livejournal client

sd @1.0.0 (textproc)
Intuitive find & replace CLI (sed alternative)

sift @0.9.1 (sysutils)
A fast and powerful open source alternative to grep

TkPasMan @2.2b (x11, security)
Manager for usernames and passwords

toilet @0.3_2 (graphics)
toilet - colour based alternative to figlet using libcaca

tophat @2.1.2_3 (science, biology)
a fast splice junction mapper for RNA-Seq reads

tui-journal @0.15.0 (office)
Your journal app if you live in a terminal

ViennaRNA @2.4.17_1 (science)
C Library and programs for the prediction and comparison of RNA secondary structures.

xournal @0.4.8.2016_1 (x11)
notetaking, sketching and journal app for use with a stylus

xournalpp @1.2.3 (x11, sysutils)
A hand note taking software

yakmo @2015-01-21 (math, textproc)
C++ implementation of robust, efficient alternative k-means clustering

yt-dlp-ejs @0.3.2 (net)
yt-dlp-ejs is an external JavaScript utility for yt-dlp that supports multiple JS runtimes.

zopeedit @0.8_1 (www, zope, python)
Client helper application for Zope ExternalEditor support

zpaq @7.15_1 (archivers)
journaling archiver optimized for incremental backup

Found 357 ports.
