addrwatch @1.0.2 (net)
a tool similar to arpwatch for IPv4/IPv6 and ethernet address pairing monitoring

agrep @2.04_1 (sysutils)
agrep is similar to egrep.

alienarena @7.71.1-20200830-r5669_1 (games)
retro sci-fi old school deathmatch game similar to Quake III and Unreal Tournament

AquaLess @1.6_2 (aqua, sysutils)
Cocoa pager similar to less

aspell-dict-ta @20040424-1 (textproc)
Tamil dictionary for aspell

castxml @0.6.13 (lang)
CastXML is a C-family abstract syntax tree XML output tool.

circuslinux @1.0.3 (games)
Circus Atari clone, similar to Breakout and Arkanoid

czkawka @9.0.0 (sysutils)
Multi functional app to find duplicates, empty folders, similar images etc.

dejavu-fonts @2.37 (x11, fonts)
The DejaVu fonts are a font family based on the Vera Fonts.

dosfstools @4.2 (sysutils)
dosfstools consists of the programs mkfs.fat, fsck.fat and fatlabel to create, check and label file systems of the FAT family.

eva @0.3.1 (math)
a calculator REPL, similar to bc(1)

fasd @1.0.1 (sysutils)
Fasd (pronounced similar to 'fast') is a command-line productivity booster.

fbg @0.9 (games, aqua)
Puzzle game similar to Tetris but with improved graphics.

jake @10.9.4 (devel)
JavaScript build tool for Node.js, similar to make or rake

kcd @7.15.0 (sysutils)
kcd is a directory change utility similar to NCD

kdiamond @4.14.3_3 (kde, kde4, games)
The object of the game is to build lines of three similar diamonds.

less @678 (textproc)
Less is a program similar to more, which allows backward movement.

libfaiss @1.7.3_1 (math)
Efficient similarity search library from Facebook AI Research.

libmilter @8.17.1 (mail)
libmilter library from Sendmail

libopennet @0.9.9_1 (net)
open_net(), similar to open()

libpuzzle @0.11_1 (graphics)
a library to find visually similar images

lout @3.43.2 (textproc)
A text formatting system similar to TeX, but simpler

lzip @1.25 (archivers)
Compression program based on LZMA similar to gzip or bzip2

miller @6.16.0 (textproc)
Miller is like awk, sed, cut, join, and sort for name-indexed data such as CSV, TSV, and tabular JSON

milter-greylist @4.6.4 (mail)
milter-greylist standalone greylist milter

ndiff @2.00 (math)
compare putatively similar files

ocaml-camomile @0.8.3_4 (ocaml, devel)
OCaml module to convert strings to and from various encodings

ocaml-ppx_expect @0.16.0_1 (ocaml, devel)
Expect-test is a framework for writing tests in OCaml, similar to Cram

octave-dataframe @1.2.0_4 (octave, math, science)
Data manipulation toolbox similar to R data.frame.

octave-odbc @0.0.5 (octave, math, science)
This is a basic implementation of ODBC functionalty similar to MATLABS ODCB functionalilty.

opensmile @3.0.2 (audio)
Open-source audio processing toolkit

p5-crypt-urandom-token @0.5.0 (perl)
Crypt::URandom::Token - Generate secure strings for passwords, secrets and similar

p5-io-socket-ip @0.430.0 (perl)
IO::Socket::IP - Family-neutral IP socket supporting both IPv4 and IPv6

p5-lingua-ja-name-splitter @0.120.0 (perl)
Lingua::JA::Name::Splitter - split a Japanese name into given and family

p5-lingua-nameutils @1.3.0 (perl)
Lingua::NameUtils - Identify given/family names and capitalize correctly

p5-tk-idelayout @0.370.200 (perl)
Tk::IDElayout - Perl/Tk widget for layout of frames similar to an IDE

p5.28-crypt-urandom-token @0.5.0 (perl)
Crypt::URandom::Token - Generate secure strings for passwords, secrets and similar

p5.28-io-socket-ip @0.430.0 (perl)
IO::Socket::IP - Family-neutral IP socket supporting both IPv4 and IPv6

p5.28-lingua-ja-name-splitter @0.120.0 (perl)
Lingua::JA::Name::Splitter - split a Japanese name into given and family

p5.28-lingua-nameutils @1.3.0 (perl)
Lingua::NameUtils - Identify given/family names and capitalize correctly

p5.28-tk-idelayout @0.370.200 (perl)
Tk::IDElayout - Perl/Tk widget for layout of frames similar to an IDE

p5.30-crypt-urandom-token @0.5.0 (perl)
Crypt::URandom::Token - Generate secure strings for passwords, secrets and similar

p5.30-io-socket-ip @0.430.0 (perl)
IO::Socket::IP - Family-neutral IP socket supporting both IPv4 and IPv6

p5.30-lingua-ja-name-splitter @0.120.0 (perl)
Lingua::JA::Name::Splitter - split a Japanese name into given and family

p5.30-lingua-nameutils @1.3.0 (perl)
Lingua::NameUtils - Identify given/family names and capitalize correctly

p5.30-tk-idelayout @0.370.200 (perl)
Tk::IDElayout - Perl/Tk widget for layout of frames similar to an IDE

p5.32-crypt-urandom-token @0.5.0 (perl)
Crypt::URandom::Token - Generate secure strings for passwords, secrets and similar

p5.32-io-socket-ip @0.430.0 (perl)
IO::Socket::IP - Family-neutral IP socket supporting both IPv4 and IPv6

p5.32-lingua-ja-name-splitter @0.120.0 (perl)
Lingua::JA::Name::Splitter - split a Japanese name into given and family

p5.32-lingua-nameutils @1.3.0 (perl)
Lingua::NameUtils - Identify given/family names and capitalize correctly

p5.32-tk-idelayout @0.370.200 (perl)
Tk::IDElayout - Perl/Tk widget for layout of frames similar to an IDE

p5.34-crypt-urandom-token @0.5.0 (perl)
Crypt::URandom::Token - Generate secure strings for passwords, secrets and similar

p5.34-io-socket-ip @0.430.0 (perl)
IO::Socket::IP - Family-neutral IP socket supporting both IPv4 and IPv6

p5.34-lingua-ja-name-splitter @0.120.0 (perl)
Lingua::JA::Name::Splitter - split a Japanese name into given and family

p5.34-lingua-nameutils @1.3.0 (perl)
Lingua::NameUtils - Identify given/family names and capitalize correctly

p5.34-tk-idelayout @0.370.200 (perl)
Tk::IDElayout - Perl/Tk widget for layout of frames similar to an IDE

parallel-hashmap @2.0.0 (devel)
A family of header-only, very fast and memory-friendly hashmap and btree containers

py-docopt @0.6.2 (python, devel)
Pythonic argument parser, that will make you smile

py-figleaf @0.6.1 (python, devel)
code coverage analysis tool, similar to `coverage`

py-jaraco.collections @5.2.1 (python, devel)
Collection objects similar to those in stdlib by jaraco

py-milc @1.9.1 (python)
Opinionated Batteries-Included Python 3 CLI Framework.

py-nameutils @1.0.0 (python)
Identify given/family names and capitalize correctly

py-photomosaic @2020.06.03 (python, graphics)
Creating fun photomosaics, GIFs, and murals from your family pictures using ML & similarity search

py-pyzstd @0.18.0 (python)
Python bindings to Zstandard (zstd) compression library, the API is similar to Python's bz2/lzma/zlib module.

py-rencode @1.0.8 (python)
Python module for fast (basic) object serialization similar to bencode

py-rtm @0.4.2 (python, devel)
Python interface for Remember The Milk API.

py-scanf @1.0_1 (python)
formatted input from standard input similar to scanf from C

py-trepan3k @1.5.1 (python, devel)
A gdb-like Python 3 Debugger in the Trepan family

py27-scanf @1.0_1 (python)
formatted input from standard input similar to scanf from C

py39-docopt @0.6.2 (python, devel)
Pythonic argument parser, that will make you smile

py39-figleaf @0.6.1 (python, devel)
code coverage analysis tool, similar to `coverage`

py310-docopt @0.6.2 (python, devel)
Pythonic argument parser, that will make you smile

py310-faiss @1.7.3_1 (math, python)
Python 3.10 bindings for Efficient similarity search library from Facebook AI Research.

py310-jaraco.collections @5.2.1 (python, devel)
Collection objects similar to those in stdlib by jaraco

py310-milc @1.9.1 (python)
Opinionated Batteries-Included Python 3 CLI Framework.

py310-nameutils @1.0.0 (python)
Identify given/family names and capitalize correctly

py310-photomosaic @2020.06.03 (python, graphics)
Creating fun photomosaics, GIFs, and murals from your family pictures using ML & similarity search

py310-pyzstd @0.18.0 (python)
Python bindings to Zstandard (zstd) compression library, the API is similar to Python's bz2/lzma/zlib module.

py310-rencode @1.0.8 (python)
Python module for fast (basic) object serialization similar to bencode

py310-trepan3k @1.5.1 (python, devel)
A gdb-like Python 3 Debugger in the Trepan family

py311-docopt @0.6.2 (python, devel)
Pythonic argument parser, that will make you smile

py311-jaraco.collections @5.2.1 (python, devel)
Collection objects similar to those in stdlib by jaraco

py311-milc @1.9.1 (python)
Opinionated Batteries-Included Python 3 CLI Framework.

py311-nameutils @1.0.0 (python)
Identify given/family names and capitalize correctly

py311-pyzstd @0.18.0 (python)
Python bindings to Zstandard (zstd) compression library, the API is similar to Python's bz2/lzma/zlib module.

py311-rencode @1.0.8 (python)
Python module for fast (basic) object serialization similar to bencode

py311-trepan3k @1.5.1 (python, devel)
A gdb-like Python 3 Debugger in the Trepan family

py312-docopt @0.6.2 (python, devel)
Pythonic argument parser, that will make you smile

py312-jaraco.collections @5.2.1 (python, devel)
Collection objects similar to those in stdlib by jaraco

py312-pyzstd @0.18.0 (python)
Python bindings to Zstandard (zstd) compression library, the API is similar to Python's bz2/lzma/zlib module.

py312-rencode @1.0.8 (python)
Python module for fast (basic) object serialization similar to bencode

py312-trepan3k @1.5.1 (python, devel)
A gdb-like Python 3 Debugger in the Trepan family

py313-docopt @0.6.2 (python, devel)
Pythonic argument parser, that will make you smile

py313-jaraco.collections @5.2.1 (python, devel)
Collection objects similar to those in stdlib by jaraco

py313-pyzstd @0.18.0 (python)
Python bindings to Zstandard (zstd) compression library, the API is similar to Python's bz2/lzma/zlib module.

py313-rencode @1.0.8 (python)
Python module for fast (basic) object serialization similar to bencode

py313-rtm @0.4.2 (python, devel)
Python interface for Remember The Milk API.

py313-trepan3k @1.5.1 (python, devel)
A gdb-like Python 3 Debugger in the Trepan family

py314-docopt @0.6.2 (python, devel)
Pythonic argument parser, that will make you smile

py314-jaraco.collections @5.2.1 (python, devel)
Collection objects similar to those in stdlib by jaraco

py314-pyzstd @0.18.0 (python)
Python bindings to Zstandard (zstd) compression library, the API is similar to Python's bz2/lzma/zlib module.

R-adjclust @0.6.10 (R, science, math)
Adjacency-constrained clustering of a block-diagonal similarity matrix

R-bayesGAM @0.0.2_4 (R, science, math)
Multivariate response generalized additive models using Hamiltonian Monte Carlo

R-BGFD @0.1_2 (R, science, math)
Bell-G and Complementary Bell-G family of distributions

R-bigergm @1.2.1 (R, science, math)
Hierarchical exponential-family models for big networks

R-boinet @1.1.0 (R, science, math)
Conduct simulation study of Bayesian optimal interval design with BOIN-ET family

R-caseMatch @1.1.0_1 (R, science)
Identify similar cases for qualitative case studies

R-coop @0.6-3_2 (R, science, math)
Co-Operation: fast covariance, correlation and cosine similarity operations

R-disclap @1.5.1_2 (R, science, math)
Discrete Laplace exponential family

R-distrSim @2.8.3 (R, science, math)
S4-classes for setting up a coherent framework for simulation within the R-distr family of packages

R-elhmc @1.2.1 (R, science, math)
Sampling from an Empirical Likelihood Bayesian posterior of parameters using Hamiltonian Monte Carlo

R-ergm @4.6.0_1 (R, science, math)
Fit, simulate and diagnose exponential-family models for networks

R-ergm.count @4.1.2 (R, science, math)
Fit, simulate and diagnose exponential-family models for networks with count edges

R-ergm.multi @0.2.1_1 (R, science, math)
Fit, simulate and diagnose exponential-family models for multiple or multilayer networks

R-ergm.rank @4.1.1 (R, science, math)
Fit, simulate and diagnose exponential-family models for rank-order relational data

R-extendedFamily @0.2.4_1 (R, science, math)
Additional families for generalized linear models

R-flare @1.7.0.1_1 (R, science, math)
Family of lasso regression

R-gamlss.cens @5.0-7_1 (R, science, math)
Fitting an interval response variable using gamlss.family distributions

R-gamlss.countKinf @3.5.1_1 (R, science, math)
Generating and fitting k-inflated discrete gamlss.family distributions

R-gamlss.tr @5.1-9_1 (R, science, math)
Generating and fitting truncated gamlss.family distributions

R-igcop @1.0.2_1 (R, science, math)
Computational tools for the IG and IGL copula families

R-jaccard @0.1.0_1 (R, science)
Test similarity between binary data using Jaccard–Tanimoto coefficients

R-KFAS @1.5.1_1 (R, science, math)
Kalman filter and smoother for exponential family state space models

R-milr @0.3.1_4 (R, science, math)
Multiple-Instance Logistic Regression with lasso penalty

R-minimax @1.1.1_1 (R, science, math)
Minimax distribution family

R-mosaicCore @0.9.4.0_1 (R, science)
Common utilities for other MOSAIC-family packages

R-neojags @0.1.5 (R, science, math)
Neo-normal distributions family for Markov Chain Monte Carlo (MCMC) models in JAGS

R-Newdistns @2.1_2 (R, science, math)
Computes PDF, CDF, quantile, random numbers and measures of inference for 19 general families of distributions.

R-nimbleHMC @0.2.2 (R, science, math)
Hamiltonian Monte Carlo and other gradient-based MCMC sampling algorithms for R-nimble

R-NovelDistns @0.1.0_2 (R, science, math)
Computes PDF, CDF, quantile, random numbers and measures of inference for 3 general families of distributions.

R-optpart @3.0-3_2 (R, science)
Optimal partitioning of similarity relations

R-orders @0.1.8_1 (R, science, math)
Sampling from k-th order statistics of new families of distributions

R-philentropy @0.9.0 (R, science, math)
Similarity and distance quantification between probability functions

R-poistweedie @1.0.2_1 (R, science, math)
Poisson–Tweedie exponential family models

R-proxy @0.4-27_2 (R, science)
Distance and Similarity Measures

R-RcppFarmHash @0.0.3_1 (R, science, devel)
Interface to the Google FarmHash family of hash functions

R-RcppTN @0.2-2_2 (R, science, math)
Rcpp-based truncated normal distribution RNG and family

R-relliptical @1.3.0_1 (R, science, math)
Truncated elliptical family of distributions

R-rhmc @1.0.0_1 (R, science, math)
Hamiltonian Monte Carlo

R-RobAStRDA @1.2.1 (R, science, math)
Interpolation grids for the R-RobASt family of packages

R-segen @1.1.0_1 (R, science, math)
Sequence generalization through similarity network

R-smotefamily @1.4.0_1 (R, science, math)
Collection of oversampling techniques for class imbalance problem based on SMOTE

R-spatstat.data @3.1-4 (R, science)
Data-sets for R-spatstat family

R-spatstat.geom @3.3-4 (R, science, math, geometry)
Geometrical functionality of the R-spatstat family

R-tergm @4.2.0_1 (R, science, math)
Fit, simulate and diagnose models for network evolution based on exponential-family random graph models

R-TruncExpFam @1.2.0 (R, science, math)
Truncated Exponential Family

R-tweedie @2.3.5_2 (R, science, math)
Evaluation of Tweedie exponential family models

rb-pdumpfs @1.3_2 (ruby, sysutils)
simply daily backup system similar to Plan9's dumpfs

rb18-pdumpfs @1.3_2 (ruby, sysutils)
simply daily backup system similar to Plan9's dumpfs

rb19-flay @1.4.0 (ruby)
Analyzes Ruby code for structural similarities

rb19-rake @10.1.1 (ruby)
Rake, a simple ruby build program with capabilities similar to make.

rb31-pdumpfs @1.3_2 (ruby, sysutils)
simply daily backup system similar to Plan9's dumpfs

rzip @2.1_1 (archivers)
Compression program similar to gzip or bzip2

sispmctl @3.1 (sysutils)
tool for usingthe GEMBIRD SiS-PM device family

socketxx @1.12.12_2 (devel)
a family of C++ classes that gives the same interface as the iostream classes for input and output for communication between processes

tecla @1.6.3 (devel)
The tecla library provides UNIX and LINUX programs with interactive command line editing facilities, similar to those of the unix tcsh shell.

tesseract-tam @4.1.0 (textproc, graphics, pdf)
Tamil language data for the Tesseract OCR engine

the_silver_searcher @2.2.0 (textproc)
A code-searching tool similar to ack, but faster.

ytree @2.10 (sysutils)
Ytree - a (curses-based) file manager similar to DOS Xtree(tm)

Found 159 ports.
