babl @0.1.116 (graphics)
Babl is a library for dynamically handling pixel formats and managing conversions between them.

babl-devel @0.1.116 (graphics)
Babl is a library for dynamically handling pixel formats and managing conversions between them.

cargo-c @0.10.18 (devel)
cargo applet to build and install C-ABI compatibile dynamic and static libraries

cgnslib @4.4.0_2 (science)
Computational fluid dynamics data container.

cl-dynamic-classes @20230809 (lisp, devel)
Classes how you want them, when you want them

dact @0.8.42 (archivers)
dynamic adaptive compression tool

ddclient @3.11.2 (net)
Update dynamic DNS entries

ddnsu @0.3.0 (net)
simple, reliable and small updating client for dynamic DNS

dmenu @4.9 (x11)
dmenu is a dynamic menu for X, originally designed for dwm. It manages large numbers of user-defined menu items efficiently.

DMFTtools @2.6.5 (science, fortran)
A collection of Fortran modules and routines to support quantum many-body calculations, with a strong focus on Dynamical Mean-Field Theory

dnsupdate @2.8 (aqua, net)
a Mac OS X client for dynamic DNS services

dvtm @0.15 (sysutils)
Dynamic Virtual Terminal Manager

dylibbundler @1.0.5 (devel)
terminal utility that eases bundling dynamic libraries (.dylib) inside app bundles

dynamips @0.2.23 (net)
Cisco router emulator

dynamite @0.1.1 (archivers)
decompress data compressed with the PKWARE library

dynamix-chart-width-control @1.3.4_1 (games)
A tool for changing the note width in a Dynamix Fanmade Chart

dynamix-chart-width-control-gui @1.3.4_1 (games)
A tool for changing the note width in a Dynamix Fanmade Chart

dyncall @1.4 (devel)
Foreign Function Interface and Dynamic Binding Linkage Framework

editres @1.0.7 (x11, graphics)
Dynamic resource editor for X11 Toolkit applications

ez-ipupdate @3.0.11b7 (net)
dynamic dns client

gromacs @2021.3_2 (science, math)
Molecular dynamics package designed for simulations of proteins, lipids, and nucleic acids.

gromacs-plumed @2021.3_2 (science, math)
Molecular dynamics package designed for simulations of proteins, lipids, and nucleic acids.: (THIS PORT INSTALLS A VERSION OF GROMACS PATCHED WITH PLUMED)

HDF5-External-Filter-Plugins @0.1.0_11 (science)
Provides dynamically loadable (compression) filters for HDF5

Hypr @1.1.4 (x11, sysutils)
Hypr is a dynamic tiling window manager for Xorg

inadyn @2.13.0 (net)
In-a-Dyn is a dynamic DNS client with multiple SSL/TLS library support

ipcheck @0.242_1 (net)
dynamic dns client written in python

janet @1.40.1 (lang)
A dynamic language and bytecode vm

judy @1.0.5_1 (devel)
general purpose dynamic array as a C callable library

libdynd @0.7.2_1 (devel, math)
LibDyND is a C++ library for dynamic, multidimensional arrays.

libkrun @1.16.0 (emulators)
Dynamic library providing Virtualization-based process isolation capabilities

libnova @0.15.0 (science)
Celestial Mechanics, Astrometry and Astrodynamics Library

mddisplay @3.0 (science)
A 3D Stereo Molecular Dynamics Trajectory Visualization Package

MicroTeX @2023.05.29_2 (tex)
Dynamic, cross-platform and embeddable LaTeX rendering library

mosml-dynlibs @2.10.1_1 (lang, devel, ml)
Moscow ML is an implementation of Standard ML (SML)

mutationpp @1.0.5 (science)
The MUlticomponent Thermodynamic And Transport library for IONized gases in C++

neko @2.3.0 (lang)
high-level dynamically-typed embeddable language

ngspice-lib @44.2 (science, cad)
ngspice dynamic library

nMOLDYN @3.0.9_1 (science, chemistry)
An interactive analysis program for Molecular Dynamics simulations.

octave-timer @0.1.2 (octave, math, science)
Matlab-compatible superclass allowing to add new properties dynamically.

ode @0.16.6 (devel)
library for simulating articulated rigid body dynamics

orocos-kdl @1.4.0 (devel)
Orocos Kinematics and Dynamics

p5-class-mix @0.6.0 (perl)
Class::Mix - dynamic class mixing

p5-cpan-requirements-dynamic @0.2.0 (perl)
CPAN::Requirements::Dynamic - Dynamic prerequisites in meta files

p5-data-tumbler @0.10.0 (perl)
Data::Tumbler - Dynamic generation of nested combinations of variants

p5-dbix-class-dynamicdefault @0.40.0 (perl)
Automatically set and update fields

p5-dist-zilla-plugin-dynamicprereqs @0.40.0 (perl)
Dist::Zilla::Plugin::DynamicPrereqs - Specify dynamic (user-side) prerequisites for your distribution

p5-dist-zilla-role-dynamicconfig @1.2.0 (perl)
Dist::Zilla::Role::DynamicConfig - A Role that accepts a dynamic configuration

p5-glib-object-introspection @0.52.0 (perl)
Glib::Object::Introspection - Dynamically create Perl language bindings

p5-graphics-gnuplotif @1.800.0 (perl)
Graphics::GnuplotIF - A dynamic Perl interface to gnuplot.

p5-html-mason @1.600.0 (perl)
High-performance, dynamic web site authoring system

p5-perlio-via-dynamic @0.140.0 (perl)
This is a Perl extension for dynamic perlIO layers.

p5-syntax-keyword-dynamically @0.140.0 (perl)
Syntax::Keyword::Dynamically - dynamically change the value of a variable

p5-test-writevariants @0.14.0 (perl)
Test::WriteVariants - Dynamic generation of tests in nested combinations of contexts

p5-tk-dynatabframe @0.230.0 (perl)
Tk::DynaTabFrame - A NoteBook widget with orientable, dynamically stacking tabs

p5-xsloader @0.240.0 (perl)
XSLoader - Dynamically load C libraries into Perl code

p5.28-class-mix @0.6.0 (perl)
Class::Mix - dynamic class mixing

p5.28-cpan-requirements-dynamic @0.2.0 (perl)
CPAN::Requirements::Dynamic - Dynamic prerequisites in meta files

p5.28-data-tumbler @0.10.0 (perl)
Data::Tumbler - Dynamic generation of nested combinations of variants

p5.28-dbix-class-dynamicdefault @0.40.0 (perl)
Automatically set and update fields

p5.28-dist-zilla-plugin-dynamicprereqs @0.40.0 (perl)
Dist::Zilla::Plugin::DynamicPrereqs - Specify dynamic (user-side) prerequisites for your distribution

p5.28-dist-zilla-role-dynamicconfig @1.2.0 (perl)
Dist::Zilla::Role::DynamicConfig - A Role that accepts a dynamic configuration

p5.28-glib-object-introspection @0.52.0 (perl)
Glib::Object::Introspection - Dynamically create Perl language bindings

p5.28-graphics-gnuplotif @1.800.0 (perl)
Graphics::GnuplotIF - A dynamic Perl interface to gnuplot.

p5.28-html-mason @1.600.0 (perl)
High-performance, dynamic web site authoring system

p5.28-perlio-via-dynamic @0.140.0 (perl)
This is a Perl extension for dynamic perlIO layers.

p5.28-syntax-keyword-dynamically @0.140.0 (perl)
Syntax::Keyword::Dynamically - dynamically change the value of a variable

p5.28-test-writevariants @0.14.0 (perl)
Test::WriteVariants - Dynamic generation of tests in nested combinations of contexts

p5.28-tk-dynatabframe @0.230.0 (perl)
Tk::DynaTabFrame - A NoteBook widget with orientable, dynamically stacking tabs

p5.28-xsloader @0.240.0 (perl)
XSLoader - Dynamically load C libraries into Perl code

p5.30-class-mix @0.6.0 (perl)
Class::Mix - dynamic class mixing

p5.30-cpan-requirements-dynamic @0.2.0 (perl)
CPAN::Requirements::Dynamic - Dynamic prerequisites in meta files

p5.30-data-tumbler @0.10.0 (perl)
Data::Tumbler - Dynamic generation of nested combinations of variants

p5.30-dbix-class-dynamicdefault @0.40.0 (perl)
Automatically set and update fields

p5.30-dist-zilla-plugin-dynamicprereqs @0.40.0 (perl)
Dist::Zilla::Plugin::DynamicPrereqs - Specify dynamic (user-side) prerequisites for your distribution

p5.30-dist-zilla-role-dynamicconfig @1.2.0 (perl)
Dist::Zilla::Role::DynamicConfig - A Role that accepts a dynamic configuration

p5.30-glib-object-introspection @0.52.0 (perl)
Glib::Object::Introspection - Dynamically create Perl language bindings

p5.30-graphics-gnuplotif @1.800.0 (perl)
Graphics::GnuplotIF - A dynamic Perl interface to gnuplot.

p5.30-html-mason @1.600.0 (perl)
High-performance, dynamic web site authoring system

p5.30-perlio-via-dynamic @0.140.0 (perl)
This is a Perl extension for dynamic perlIO layers.

p5.30-syntax-keyword-dynamically @0.140.0 (perl)
Syntax::Keyword::Dynamically - dynamically change the value of a variable

p5.30-test-writevariants @0.14.0 (perl)
Test::WriteVariants - Dynamic generation of tests in nested combinations of contexts

p5.30-tk-dynatabframe @0.230.0 (perl)
Tk::DynaTabFrame - A NoteBook widget with orientable, dynamically stacking tabs

p5.30-xsloader @0.240.0 (perl)
XSLoader - Dynamically load C libraries into Perl code

p5.32-class-mix @0.6.0 (perl)
Class::Mix - dynamic class mixing

p5.32-cpan-requirements-dynamic @0.2.0 (perl)
CPAN::Requirements::Dynamic - Dynamic prerequisites in meta files

p5.32-data-tumbler @0.10.0 (perl)
Data::Tumbler - Dynamic generation of nested combinations of variants

p5.32-dbix-class-dynamicdefault @0.40.0 (perl)
Automatically set and update fields

p5.32-dist-zilla-plugin-dynamicprereqs @0.40.0 (perl)
Dist::Zilla::Plugin::DynamicPrereqs - Specify dynamic (user-side) prerequisites for your distribution

p5.32-dist-zilla-role-dynamicconfig @1.2.0 (perl)
Dist::Zilla::Role::DynamicConfig - A Role that accepts a dynamic configuration

p5.32-glib-object-introspection @0.52.0 (perl)
Glib::Object::Introspection - Dynamically create Perl language bindings

p5.32-graphics-gnuplotif @1.800.0 (perl)
Graphics::GnuplotIF - A dynamic Perl interface to gnuplot.

p5.32-html-mason @1.600.0 (perl)
High-performance, dynamic web site authoring system

p5.32-perlio-via-dynamic @0.140.0 (perl)
This is a Perl extension for dynamic perlIO layers.

p5.32-syntax-keyword-dynamically @0.140.0 (perl)
Syntax::Keyword::Dynamically - dynamically change the value of a variable

p5.32-test-writevariants @0.14.0 (perl)
Test::WriteVariants - Dynamic generation of tests in nested combinations of contexts

p5.32-tk-dynatabframe @0.230.0 (perl)
Tk::DynaTabFrame - A NoteBook widget with orientable, dynamically stacking tabs

p5.32-xsloader @0.240.0 (perl)
XSLoader - Dynamically load C libraries into Perl code

p5.34-class-mix @0.6.0 (perl)
Class::Mix - dynamic class mixing

p5.34-cpan-requirements-dynamic @0.2.0 (perl)
CPAN::Requirements::Dynamic - Dynamic prerequisites in meta files

p5.34-data-tumbler @0.10.0 (perl)
Data::Tumbler - Dynamic generation of nested combinations of variants

p5.34-dbix-class-dynamicdefault @0.40.0 (perl)
Automatically set and update fields

p5.34-dist-zilla-plugin-dynamicprereqs @0.40.0 (perl)
Dist::Zilla::Plugin::DynamicPrereqs - Specify dynamic (user-side) prerequisites for your distribution

p5.34-dist-zilla-role-dynamicconfig @1.2.0 (perl)
Dist::Zilla::Role::DynamicConfig - A Role that accepts a dynamic configuration

p5.34-glib-object-introspection @0.52.0 (perl)
Glib::Object::Introspection - Dynamically create Perl language bindings

p5.34-graphics-gnuplotif @1.800.0 (perl)
Graphics::GnuplotIF - A dynamic Perl interface to gnuplot.

p5.34-html-mason @1.600.0 (perl)
High-performance, dynamic web site authoring system

p5.34-perlio-via-dynamic @0.140.0 (perl)
This is a Perl extension for dynamic perlIO layers.

p5.34-syntax-keyword-dynamically @0.140.0 (perl)
Syntax::Keyword::Dynamically - dynamically change the value of a variable

p5.34-test-writevariants @0.14.0 (perl)
Test::WriteVariants - Dynamic generation of tests in nested combinations of contexts

p5.34-tk-dynatabframe @0.230.0 (perl)
Tk::DynaTabFrame - A NoteBook widget with orientable, dynamically stacking tabs

p5.34-xsloader @0.240.0 (perl)
XSLoader - Dynamically load C libraries into Perl code

patchelf @0.18.0 (devel)
Modify dynamic ELF executables

pd-faust @0.18 (pure, audio, devel)
a Pd plugin loader which lets you run Faust programs as externals in Pd and dynamically generate Pd GUI subpatches

php-eaccelerator @0.9.6.1_16 (php, www, devel)
php5 extension for PHP acceleration, optimization, and dynamic content caching

php-Judy @1.0.2 (php)
sparse dynamic arrays

php53-eaccelerator @0.9.6.1_16 (php, www, devel)
php5 extension for PHP acceleration, optimization, and dynamic content caching

php53-Judy @1.0.2 (php)
sparse dynamic arrays

php54-Judy @1.0.2 (php)
sparse dynamic arrays

php55-Judy @1.0.2 (php)
sparse dynamic arrays

php56-Judy @1.0.2 (php)
sparse dynamic arrays

pike @7.6.112_10 (lang)
dynamic programming language

plumed @2.9.0_1 (science)
PLUMED is a plugin for molecular dynamics

plumed-devel @2.10-20230525 (science)
PLUMED is a plugin for molecular dynamics (development version)

py-coolprop @6.4.3_1 (python, science)
Open-source thermodynamic and transport properties database

py-dunamai @1.25.0 (python, devel)
Dynamic version generation

py-dynd @0.7.2 (python, devel)
Dynamic multi-dimensional array library.

py-fastdtw @0.3.4 (python, science)
Dynamic Time Warping (DTW) algorithm with an O(N) time and memory complexity.

py-giddy @2.3.6 (python, gis)
GeospatIal Distribution DYnamics (giddy)

py-makefun @1.15.2 (python)
Dynamically create python functions with a proper signature

py-MDAnalysis @2.10.0 (python, science)
An object-oriented toolkit to analyze molecular dynamics trajectories

py-mdtraj @1.11.0 (python)
A modern, open library for the analysis of molecular dynamics trajectories

py-numba @0.62.1 (python, devel)
Numba is a NumPy aware dynamic compiler for Python.

py-ode @1.2.1 (python, games, graphics)
Python bindings for The Open Dynamics Engine

py-pytorch @2.9.0 (python)
Tensors and dynamic neural networks in Python with strong GPU acceleration

py-stevedore @5.6.0 (python, devel)
Manage dynamic plugins for Python applications

py-uv-dynamic-versioning @0.13.0 (python, devel)
Dynamic versioning based on VCS tags for uv/hatch project

py27-ode @1.2.1 (python, games, graphics)
Python bindings for The Open Dynamics Engine

py310-coolprop @6.4.3_1 (python, science)
Open-source thermodynamic and transport properties database

py310-dunamai @1.25.0 (python, devel)
Dynamic version generation

py310-giddy @2.3.6 (python, gis)
GeospatIal Distribution DYnamics (giddy)

py310-makefun @1.15.2 (python)
Dynamically create python functions with a proper signature

py310-numba @0.62.1 (python, devel)
Numba is a NumPy aware dynamic compiler for Python.

py310-pytorch @2.9.0 (python)
Tensors and dynamic neural networks in Python with strong GPU acceleration

py310-stevedore @5.6.0 (python, devel)
Manage dynamic plugins for Python applications

py310-uv-dynamic-versioning @0.13.0 (python, devel)
Dynamic versioning based on VCS tags for uv/hatch project

py311-coolprop @6.4.3_1 (python, science)
Open-source thermodynamic and transport properties database

py311-dunamai @1.25.0 (python, devel)
Dynamic version generation

py311-dynd @0.7.2 (python, devel)
Dynamic multi-dimensional array library.

py311-giddy @2.3.6 (python, gis)
GeospatIal Distribution DYnamics (giddy)

py311-makefun @1.15.2 (python)
Dynamically create python functions with a proper signature

py311-numba @0.62.1 (python, devel)
Numba is a NumPy aware dynamic compiler for Python.

py311-pytorch @2.9.0 (python)
Tensors and dynamic neural networks in Python with strong GPU acceleration

py311-stevedore @5.6.0 (python, devel)
Manage dynamic plugins for Python applications

py311-uv-dynamic-versioning @0.13.0 (python, devel)
Dynamic versioning based on VCS tags for uv/hatch project

py312-dunamai @1.25.0 (python, devel)
Dynamic version generation

py312-giddy @2.3.6 (python, gis)
GeospatIal Distribution DYnamics (giddy)

py312-makefun @1.15.2 (python)
Dynamically create python functions with a proper signature

py312-numba @0.62.1 (python, devel)
Numba is a NumPy aware dynamic compiler for Python.

py312-pytorch @2.9.0 (python)
Tensors and dynamic neural networks in Python with strong GPU acceleration

py312-stevedore @5.6.0 (python, devel)
Manage dynamic plugins for Python applications

py312-uv-dynamic-versioning @0.13.0 (python, devel)
Dynamic versioning based on VCS tags for uv/hatch project

py313-dunamai @1.25.0 (python, devel)
Dynamic version generation

py313-giddy @2.3.6 (python, gis)
GeospatIal Distribution DYnamics (giddy)

py313-MDAnalysis @2.10.0 (python, science)
An object-oriented toolkit to analyze molecular dynamics trajectories

py313-mdtraj @1.11.0 (python)
A modern, open library for the analysis of molecular dynamics trajectories

py313-numba @0.62.1 (python, devel)
Numba is a NumPy aware dynamic compiler for Python.

py313-pytorch @2.9.0 (python)
Tensors and dynamic neural networks in Python with strong GPU acceleration

py313-stevedore @5.6.0 (python, devel)
Manage dynamic plugins for Python applications

py313-uv-dynamic-versioning @0.13.0 (python, devel)
Dynamic versioning based on VCS tags for uv/hatch project

py314-dunamai @1.25.0 (python, devel)
Dynamic version generation

py314-fastdtw @0.3.4 (python, science)
Dynamic Time Warping (DTW) algorithm with an O(N) time and memory complexity.

py314-stevedore @5.6.0 (python, devel)
Manage dynamic plugins for Python applications

py314-uv-dynamic-versioning @0.13.0 (python, devel)
Dynamic versioning based on VCS tags for uv/hatch project

R-audrex @2.0.1_1 (R, science, math)
Automatic dynamic regression using extreme gradient boosting

R-BAMMtools @2.1.12 (R, science)
Analysis and visualization of macroevolutionary dynamics on phylogenetic trees

R-bayesdfa @1.3.3_2 (R, science, math)
Bayesian Dynamic Factor Analysis (DFA) with Stan

R-cxxfunplus @1.0.2_1 (R, science)
Extend cxxfunction by saving the dynamic shared objects for re-using across R sessions

R-dCUR @1.0.1_1 (R, science, math)
Dimension reduction with dynamic CUR

R-dfms @0.2.2 (R, science, math)
Dynamic Factor Models

R-dlm @1.1-6.1 (R, science, math)
Bayesian and likelihood analysis of dynamic linear models

R-DMQ @0.1.2_1 (R, science, math)
Dynamic Multiple Quantile (DMQ) model

R-dpcc @1.0.0_1 (R, science, math)
Dynamic programming for convex clustering

R-dpseg @0.1.1_1 (R, science, math)
Piece-wise linear segmentation by dynamic programming

R-DPTM @1.6.0 (R, science, math)
Dynamic panel multiple threshold model with fixed effects

R-dsem @1.3.0 (R, science, math)
Fit dynamic structural equation models

R-dslice @1.2.2_1 (R, science, math)
Dynamic Slicing

R-dtw @1.23-1_2 (R, science)
Dynamic Time Warping algorithms

R-dtwclust @6.0.0 (R, science, math)
Time series clustering along with optimizations for the dynamic time warping distance

R-dymo @1.1.0_1 (R, science, math)
Dynamic mode decomposition for multivariate time feature prediction

R-dyn @0.2-9.6_1 (R, science, finance, math)
Time series regression

R-dynamac @0.1.12_1 (R, science, math)
Dynamic simulation and testing for single-equation ARDL models

R-dynamite @1.5.5 (R, science, math)
Bayesian modeling and causal inference for multivariate longitudinal data

R-dynCorr @1.1.0_1 (R, science, math)
Dynamic Correlation package

R-DynDoc @1.82.0 (R, science, bioconductor)
Dynamic document tools

R-dynlm @0.3-6_2 (R, science, math, finance)
Dynamic linear models and time series regression

R-dynmix @2.0_1 (R, science, math)
Estimation of dynamic finite mixtures

R-dynsbm @0.7_1 (R, science, math)
Dynamic Stochastic Block Models

R-dynsurv @0.4-7 (R, science, math)
Dynamic models for survival data

R-ebdbNet @1.2.8_1 (R, science, math)
Empirical Bayes Estimation of Dynamic Bayesian Networks

R-fdapace @0.6.0 (R, science, math)
Functional data analysis and empirical dynamics

R-fDMA @2.2.7_1 (R, science, math)
Dynamic model averaging and dynamic model selection for continuous outcomes

R-FitDynMix @1.0.0_1 (R, science, math)
Estimation of dynamic mixtures

R-freqdom @2.0.5_1 (R, science)
Implementation of dynamic principal component analysis (DPCA), simulation of VAR and VMA processes and frequency domain tools

R-kDGLM @1.2.0 (R, science, economics, math)
Bayesian analysis of Dynamic Generalized Linear Models

R-mvgam @1.1.3 (R, science, math)
Multivariate (Dynamic) Generalized Additive Models

R-NetMix @0.2.0.2_1 (R, science, math)
Dynamic mixed-membership network regression model

R-networkDynamic @0.11.5 (R, science, economics)
Dynamic extensions for network objects

R-PeakSegDP @2024.1.24_1 (R, science)
Dynamic programming algorithm for peak detection in ChIP-Seq data

R-psborrow @0.2.1_1 (R, science, finance)
Bayesian dynamic borrowing with propensity score

R-R.rsp @0.46.0_1 (R, science)
Dynamic generation of scientific reports

R-RcppDynProg @0.2.1_1 (R, science)
Rcpp Dynamic Programming

R-rEDM @1.15.4_1 (R, science, math)
Empirical Dynamic Modelling

R-rmarkdown @2.29 (R, science)
Dynamic documents for R

R-servr @0.32 (R, science, www)
Simple HTTP server to serve static files or dynamic documents

R-sparseDFM @1.0_2 (R, science, math)
Dynamic Factor Models with Sparse loadings

R-targets @1.9.1 (R, science)
Dynamic function-oriented make-like declarative workflows

R-tsDyn @11.0.4.1_1 (R, science, math)
Non-linear AR time series models with regime switching

R-tsna @0.3.5_2 (R, science)
Dynamic extensions for network objects

rb-pluginfactory @1.0.8 (ruby, devel)
Mixin for making dynamically-loadable plugin classes

rb19-ffi @1.0.11 (ruby)
Programmatically load dynamic libraries, bind functions within them, and call those functions from Ruby code.

rb19-rack-mount @0.6.13 (ruby, www, devel)
Stackable dynamic tree based Rack router

relax @4.0.3 (science, python, chemistry)
Protein dynamics by NMR relax. data analysis

rune @0.13.4 (lang)
An embeddable dynamic programming language for Rust.

sph @2022.11.29 (fortran, science)
Smoothed Particle Hydrodynamics

splash @3.11.7 (science, graphics)
Smoothed Particle Hydrodynamics visualisation tool

vpcs @0.8c-20160224 (emulators)
Virtual PC Simulator particularly of use with the Cisco dynamips emulator.

wmii @3.1_1 (x11, x11-wm)
Window Manager Improved is a dynamic window manager for X11

xtermcontrol @2.10 (x11)
Enables Dynamic Control of XFree86 xterm Properties

yaws @2.0.6 (www)
Webserver for dynamic content written in Erlang

Found 229 ports.
