crfsuite @0.12.2 (math, textproc)
A fast implementation of Conditional Random Fields (CRFs)

p5-module-load-conditional @0.740.0 (perl)
Looking up module information / loading at runtime

p5.28-module-load-conditional @0.740.0 (perl)
Looking up module information / loading at runtime

p5.30-module-load-conditional @0.740.0 (perl)
Looking up module information / loading at runtime

p5.32-module-load-conditional @0.740.0 (perl)
Looking up module information / loading at runtime

p5.34-module-load-conditional @0.740.0 (perl)
Looking up module information / loading at runtime

R-ACDm @1.0.4.3_1 (R, science, math)
Tools for autoregressive conditional duration models

R-cbq @0.2.0.3_2 (R, science, math)
Conditional Binary Quantile models

R-cglasso @2.0.7_1 (R, science, math)
Conditional graphical lasso for Gaussian graphical models with censored and missing values

R-cglm @1.1_1 (R, science, math)
Fit conditional generalized linear models

R-clogitLasso @1.1_1 (R, science, math)
Sparse conditional logistic regression for matched studies

R-cml @0.2.2_1 (R, science, math)
Conditional Manifold Learning

R-cnbdistr @1.0.1_1 (R, science, math)
Conditional Negative Binomial Distribution

R-coin @1.4-3_1 (R, science, math)
Conditional inference procedures in a permutation test framework

R-cond @1.2-3.1_2 (R, science, math)
Approximate conditional inference for logistic and loglinear models

R-CondCopulas @0.1.4.1 (R, science, math)
Estimation and inference for conditional copula models

R-condMVNorm @2020.1_1 (R, science, math)
Conditional multivariate normal distribution

R-condTruncMVN @0.0.2_1 (R, science, math)
Conditional truncated multivariate normal distribution

R-cprobit @1.0.2_1 (R, science, math)
Conditional probit model for analysing continuous outcomes

R-crassmat @0.0.6_1 (R, science, math)
Conditional Random Sampling Sparse Matrices

R-crch @1.2-1 (R, science, math)
Censored Regression with Conditional Heteroscedasticity

R-CRF @0.4-3_1 (R, science, math)
Conditional Random Fields

R-csampling @1.2-2.1_2 (R, science, math)
Functions for conditional simulation in regression-scale models

R-distrEx @2.9.5 (R, science, math)
Extends R-distr by functionals, distances and conditional distributions

R-Exact @3.3 (R, science, math)
Unconditional exact test

R-extremefit @1.0.2_1 (R, science, math)
Estimation of extreme conditional quantiles and probabilities

R-fGarch @4033.92_1 (R, science, math, finance)
Autoregressive conditional heteroskedastic modelling

R-gamCopula @0.0-7_1 (R, science, math)
Generalized additive models for bivariate conditional dependence structures and vine copulas

R-ghcm @3.0.1_1 (R, science, math)
Functional conditional independence testing with the GHCM

R-hdrcde @3.4_1 (R, science, graphics)
Highest Density Regions and Conditional Density Estimation

R-iCARH @2.0.2.1_1 (R, science, math)
Integrative conditional autoregressive horseshoe model

R-kcmeans @0.1.0_1 (R, science, math)
Conditional expectation function estimation with k-conditional-means

R-lpcde @0.1.5 (R, science, math)
Boundary adaptive local polynomial conditional density estimator

R-quantdr @1.2.2_1 (R, science)
Dimension reduction techniques for conditional quantiles

R-rotor @0.3.7_2 (R, science)
Log rotation and conditional backups

R-SCCI @1.2_1 (R, science, math)
Stochastic complexity-based conditional independence test for discrete data

unifdef @2.12 (devel)
selectively remove C preprocessor conditionals

Found 37 ports.
