dfu-programmer @0.7.2 (cross, devel)
dfu-programmer is a Device Firmware Update based USB programmer for Atmel chips with a USB bootloader.

dfu-util @0.11 (cross, devel)
Device firmware update (DFU) USB programmer

gr-limesdr @3.0.1_4 (science, comms)
GNU Radio block for LimeSDR-USB/LimeSDR-Mini boards

gr37-limesdr @2.0.0_2 (science, comms)
GNU Radio block for LimeSDR-USB/LimeSDR-Mini boards

iguanaIR @1.0pre2 (sysutils)
Driver for IguanaWorks USB IR Transceiver

libcec @6.0.2 (multimedia)
USB CEC Adapter communication Library

libfido2 @1.16.0_2 (security, crypto)
library to communicate with a FIDO device over USB

libirecovery @1.3.1 (devel)
The libirecovery library allows communication with iBoot/iBSS of iOS devices via USB.

libirecovery-devel @20251018 (devel)
The libirecovery library allows communication with iBoot/iBSS of iOS devices via USB.

libmsp430 @3.15.1.1 (devel)
Low-level MSP430 USB drivers

libusb @1.0.29 (devel)
library for USB device access

libusb-compat @0.1.8 (devel)
library for USB device access

libusb-devel @20220904-f3619c40 (devel)
library for USB device access

libusb-legacy @0.1.12_4 (devel)
Library providing access to USB devices

libusbmuxd @2.1.1 (devel)
A client library to multiplex connections from and to iOS devices

libusbmuxd-devel @20250907 (devel)
A client library to multiplex connections from and to iOS devices

openhantek @3.3.2.2 (science)
DSO software for Hantek USB digital signal oscilloscopes

py-libusb1 @3.1.0 (python, devel)
Pure Python wrapper for libusb-1.0

py-pyusb @1.3.1 (python, devel)
Python library to provide easy USB device access

py-usbtmc @0.8 (python)
USBTMC driver for controlling instruments over USB

py39-pyusb @1.3.1 (python, devel)
Python library to provide easy USB device access

py310-libusb1 @3.1.0 (python, devel)
Pure Python wrapper for libusb-1.0

py310-pyusb @1.3.1 (python, devel)
Python library to provide easy USB device access

py310-usbtmc @0.8 (python)
USBTMC driver for controlling instruments over USB

py311-libusb1 @3.1.0 (python, devel)
Pure Python wrapper for libusb-1.0

py311-pyusb @1.3.1 (python, devel)
Python library to provide easy USB device access

py312-libusb1 @3.1.0 (python, devel)
Pure Python wrapper for libusb-1.0

py312-pyusb @1.3.1 (python, devel)
Python library to provide easy USB device access

py313-pyusb @1.3.1 (python, devel)
Python library to provide easy USB device access

py314-pyusb @1.3.1 (python, devel)
Python library to provide easy USB device access

R-ClusBoot @1.2.2 (R, science, math)
Bootstrap a clustering solution to establish the stability of the clusters

sketchybar @2.21.0 (sysutils)
Custom macOS statusbar with shell plugin, interaction and graph support

uhubctl @2.6.0 (sysutils)
USB hub per-port power control

usbids @2025.12.13 (sysutils)
The USB ID Repository

usbmuxd @1.1.1_1 (devel)
USB Multiplex Daemon

usbmuxd-devel @20200615 (devel)
USB Multiplex Daemon

usbprog @0.2.1_20130915-hg-b833a7276539_4 (cross)
Tool for uploading and downloading firmwares to the usbprog device

usbredir @0.15.0 (devel)
Remote virtual machine server

usbutils @007_1 (sysutils)
USB Device Utilities from Linux

wb32-dfu-updater @1.0.0 (cross, devel)
USB programmer for downloading and uploading firmware to/from USB devices with the WestberryTech WB32 chips.

ykpers @1.20.0_1 (security)
Easily personalize Yubico's USB keys.

Found 41 ports.
