cl-zpb-exif @20210117 (lisp, devel)
Extract EXIF information from image files

exif @0.6.22 (graphics)
Command line tool to read, write, modify and display EXIF data

exiftags @1.01_1 (graphics)
Utility spits out Exif tags from a digital camera JPEG file

exiftool @13.490.0 (perl)
exiftool - General command line utility to read, write and edit EXIF metadata

exiftran @2.14_2 (graphics)
A tool for transformations on JPEG from fbida

exiv2 @0.27.6 (graphics)
EXIF and IPTC metadata manipulation library and tools

jhead @3.08 (graphics)
Command line program to display and manipupate Exif headers of jpeg files

libexif @0.6.25 (graphics)
EXIF parsing library

p5-data-hexify @1.0.0_4 (perl)
Perl extension for hexdumping arbitrary data

p5-image-exiftool @13.490.0 (perl)
Image::Exiftool - a set of Perl modules to read and write meta information in a wide variety of image, audio, video and document files.

p5.28-data-hexify @1.0.0_4 (perl)
Perl extension for hexdumping arbitrary data

p5.28-image-exiftool @13.490.0 (perl)
Image::Exiftool - a set of Perl modules to read and write meta information in a wide variety of image, audio, video and document files.

p5.30-data-hexify @1.0.0_4 (perl)
Perl extension for hexdumping arbitrary data

p5.30-image-exiftool @13.490.0 (perl)
Image::Exiftool - a set of Perl modules to read and write meta information in a wide variety of image, audio, video and document files.

p5.32-data-hexify @1.0.0_4 (perl)
Perl extension for hexdumping arbitrary data

p5.32-image-exiftool @13.490.0 (perl)
Image::Exiftool - a set of Perl modules to read and write meta information in a wide variety of image, audio, video and document files.

p5.34-data-hexify @1.0.0_4 (perl)
Perl extension for hexdumping arbitrary data

p5.34-image-exiftool @13.490.0 (perl)
Image::Exiftool - a set of Perl modules to read and write meta information in a wide variety of image, audio, video and document files.

php52-exif @5.2.17 (php, graphics)
a PHP interface to the EXIF image metadata functions

php53-exif @5.3.29 (php, graphics)
a PHP interface to the EXIF image metadata functions

php54-exif @5.4.45 (php, graphics)
a PHP interface to the EXIF image metadata functions

php55-exif @5.5.38 (php, graphics)
a PHP interface to the EXIF image metadata functions

php56-exif @5.6.40 (php, graphics)
a PHP interface to the EXIF image metadata functions

php70-exif @7.0.33 (php, graphics)
a PHP interface to the EXIF image metadata functions

php71-exif @7.1.33 (php, graphics)
a PHP interface to the EXIF image metadata functions

php72-exif @7.2.34 (php, graphics)
a PHP interface to the EXIF image metadata functions

php73-exif @7.3.33 (php, graphics)
a PHP interface to the EXIF image metadata functions

php74-exif @7.4.33 (php, graphics)
a PHP interface to the EXIF image metadata functions

php80-exif @8.0.30 (php, graphics)
a PHP interface to the EXIF image metadata functions

php81-exif @8.1.30 (php, graphics)
a PHP interface to the EXIF image metadata functions

php82-exif @8.2.24 (php, graphics)
a PHP interface to the EXIF image metadata functions

php83-exif @8.3.12 (php, graphics)
a PHP interface to the EXIF image metadata functions

php84-exif @8.4.0RC1 (php, graphics)
a PHP interface to the EXIF image metadata functions

py-exifread @3.5.1 (python)
EXIF.py - Python interface to the EXIF meta-data

py310-exifread @3.5.1 (python)
EXIF.py - Python interface to the EXIF meta-data

py311-exifread @3.5.1 (python)
EXIF.py - Python interface to the EXIF meta-data

py312-exifread @3.5.1 (python)
EXIF.py - Python interface to the EXIF meta-data

py313-exifread @3.5.1 (python)
EXIF.py - Python interface to the EXIF meta-data

TinyEXIF @1.0.3_1 (graphics)
tiny ISO-compliant C++ EXIF and XMP parsing library for JPEG

Found 39 ports.
