binwalk @3.1.0 (cross)
firmware analyzing and reverse engineering tool

binwalk2 @2.4.3_2 (cross)
Binwalk is a fast, easy to use tool for analyzing, reverse engineering, and extracting firmware images

dfu-programmer @0.7.2 (cross, devel)
dfu-programmer is a Device Firmware Update based USB programmer for Atmel chips with a USB bootloader.

dfu-util @0.11 (cross, devel)
Device firmware update (DFU) USB programmer

idevicerestore @1.0.0_2 (devel)
A command-line application to restore firmware files to iOS devices.

idevicerestore-devel @20251123 (devel)
A command-line application to restore firmware files to iOS devices.

ubertooth @2020-12-R1 (devel, net, security)
Software, firmware and hardware designs for Ubertooth.

ubertooth-devel @2022-07-19 (devel, net, security)
Software, firmware and hardware designs for Ubertooth.

uefitool @73 (sysutils, devel)
UEFI firmware image viewer and editor

usbprog @0.2.1_20130915-hg-b833a7276539_4 (cross)
Tool for uploading and downloading firmwares to the usbprog device

wb32-dfu-updater @1.0.0 (cross, devel)
USB programmer for downloading and uploading firmware to/from USB devices with the WestberryTech WB32 chips.

Found 11 ports.
