bitcoin @28.1 (finance, crypto)
server daemon and client user interface for a peer-to-peer digital currency

cgminer @4.10.0 (finance)
ASIC/FPGA miner in c for bitcoin

Coin @3.1.3_7 (graphics, devel)
cross platform C++ OpenGL scene graph library

Coin-framework @3.1.3_6 (graphics, devel)
cross platform C++ OpenGL scene graph library

coinor-cbc @2.10.11 (math)
An LP-based branch-and-cut library

coinor-cgl @0.60.8 (math)
A library of cutting-plane generators.

coinor-clp @1.17.9 (math)
A solver for linear programs

coinor-coinutils @2.11.10 (math)
Utilities, data structures, and linear algebra methods for COIN-OR projects

coinor-liblemon @1.3.1 (science)
Library of Efficient Models and Optimization in Networks

coinor-osi @0.108.9 (math)
A uniform API for calling embedded linear and mixed-integer programming solvers.

cointop @1.6.10 (finance)
A fast and lightweight interactive terminal based UI application for tracking cryptocurrencies in realtime.

cpuminer @2.5.1 (finance)
Multi-threaded CPU miner for Litecoin and Bitcoin

ipopt @3.14.16 (math)
COIN-OR Interior Point Optimizer IPOPT

litecoin @0.16.3_11 (finance)
Litecoin is a P2P Internet currency that enables instant payments to anyone in the world.

openmortal @0.7_1 (games)
Mortal Szombat is a parody of the coin-up game Mortal Kombat

py-base58 @2.1.1 (python)
Base58 and Base58Check implementation compatible with what is used by the bitcoin network

py-pivy @0.6.2 (python)
Pivy is a Coin binding for Python.

py39-base58 @2.1.1 (python)
Base58 and Base58Check implementation compatible with what is used by the bitcoin network

py310-base58 @2.1.1 (python)
Base58 and Base58Check implementation compatible with what is used by the bitcoin network

py310-pivy @0.6.2 (python)
Pivy is a Coin binding for Python.

py311-base58 @2.1.1 (python)
Base58 and Base58Check implementation compatible with what is used by the bitcoin network

py312-base58 @2.1.1 (python)
Base58 and Base58Check implementation compatible with what is used by the bitcoin network

py313-base58 @2.1.1 (python)
Base58 and Base58Check implementation compatible with what is used by the bitcoin network

Quarter @1.0.0_5 (graphics, devel)
integrates Coin and Qt

R-ARDL @0.2.4_1 (R, science, math)
ARDL, ECM and bounds-test for cointegration

R-bootCT @2.1.0_1 (R, science, math)
Bootstrap ARDL tests for cointegration

R-coin @1.4-3_1 (R, science, math)
Conditional inference procedures in a permutation test framework

R-libcoin @1.0-10_1 (R, science, math)
Linear test statistics for permutation inference

R-nardl @0.1.6_1 (R, science, math)
Non-linear cointegrating autoregressive distributed lag model

R-RcmdrPlugin.coin @1.0-23_1 (R, science)
R Commander R-coin plug-in

R-truelies @0.2.0_1 (R, science, math)
Bayesian methods to estimate the proportion of liars in coin flip experiments

R-urca @1.3-4 (R, science, math, finance)
Unit root and cointegration tests for time series data

SoQt @1.5.0_2 (graphics, devel)
SoQt is a Qt GUI component toolkit library for Coin.

SoXt @1.2.2_2 (x11, graphics, devel)
Xt/Motif glue library for Coin

Found 34 ports.
