aewm @1.3.12 (x11, x11-wm)
aewm is a minimalist window manager for X11.

android-file-transfer-linux @3.9 (aqua, fuse, sysutils)
Reliable MTP client with minimalistic UI

arghandler @1.3.2_1 (devel)
Argh! A minimalist argument handler

as-tree @0.12.0 (sysutils)
Print a list of paths as a tree of paths

awsls @0.11.0 (sysutils)
A list command for AWS resources

beets-noimport @0.1.0b5 (audio)
Beets plugin to add directories to the incremental import 'do not import' list

binplist @0.1.5 (sysutils)
A binary plist parser

cl-assoc-utils @20220921 (lisp, devel)
Utilities for manipulating association lists

cl-nsymbols @0.3.2 (lisp, devel)
A set of convenience functions to list class, variable, function, and other symbols.

cl-trivial-arguments @20230703 (lisp, devel)
Tiny CL library to retrieve the arguments list of a function.

cl-unix-opts @20210107 (lisp, devel)
minimalistic parser of command line arguments

crunch @3.6 (security)
Wordlist generator

devtodo @0.1.20_2 (devel)
Command line application for maintaining lists of tasks.

disvf @0 (tex, print, japanese)
A perl script to convert Japanese Virtual Font files to Virtual Property Lists.

dnuos @1.0.11 (sysutils)
Console program that creates lists of music collections

doneyet @1.1.2 (office)
A NCurses based To-Do list manager!

dualist @0.3 (java, math, textproc)
An interactive machine learning system for building classifiers quickly.

evilwm @1.1.1 (x11, x11-wm)
A minimalist window manager for the X Window System.

fetch-crl @3.0.21 (security, net)
Download tool for Certificate Revocation Lists

fslsfonts @1.0.5 (x11, graphics)
List fonts served by X11 font server

geek-life @0.1.3 (office)
The Todo List / Task Manager for Geeks in command line

giblib @1.2.4_2 (graphics, devel)
Utility library for lists, strings and imlib2.

himalaya @1.1.0 (mail)
Minimalist CLI email client, written in Rust

hiredis @1.3.0 (databases)
Hiredis is a minimalistic C client library for the Redis database.

ii @2.0 (irc)
minimalist FIFO and filesystem-based IRC client

jumpcut @0.84 (aqua)
Jumpcut: Minimalist Clipboard Buffering for OS X

kb @0.1.7 (office, python)
A minimalist knowledge base manager

kitlist @1.1.0_1 (office, pim)
A list manager for managing kit

lc @20200821 (sysutils)
List files in categories (and columns) - from Coherent UNIX

libhsts @0.1.0_1 (www, devel)
Library to easily check a domain against the Chromium HSTS Preload list.

libplist @2.7.0 (textproc, devel)
Library for working with Apple Binary and XML Property Lists

libplist-devel @20250926 (textproc, devel)
Library for working with Apple Binary and XML Property Lists

libproplist @0.10.1_1 (devel)
Property library for GNOME and Window Maker

libpsl @0.21.5-20240306 (net)
A C library and utility to handle the Public Suffix List

libsl @0.3.4 (devel)
yet another generic linked list C-library

libuninameslist @20230916 (devel, textproc)
A Library of Unicode annotation data

libwnck @2.30.7_6 (gnome)
Library used for writing pagers and taskslists.

libwnck3 @3.24.1_1 (gnome)
Library to manage X windows and workspaces (via pagers, tasklists, etc.)

libxspf @1.2.1 (devel, multimedia)
libxspf (formerly called libSpiff) brings XSPF playlist reading and writing support to your C++ application.

libzmf @0.0.2_8 (devel, graphics)
Library for parsing Zoner Callisto/Draw documents.

listat @2.1.1-20170611 (mail, textproc)
generates interesting statistics on mailing list demographics

listres @1.0.4 (x11, graphics)
List resources in X11 widgets

lscpu @1.2.0 (sysutils)
lists available cpus

lurker @2.3 (mail)
Not just another mailing list archiver.

macos-fortress-easylistpac @2020.12.13 (net, security)
EasyList Tracker and Adblocks to Proxy Auto Configuration (PAC) File

macos-fortress-proxy-squid @2025.09.21 (net, security)
Blackhole and Privatizing Proxy using Squid and easylist-pac.

mailman @2.1.29 (mail)
Mailman, the GNU Mailing List Manager

match @0.16 (science)
match, a program for matching star lists

mdtree @0.1.0 (textproc)
Convert markdown lists into ASCII trees

mdtree-cpp @1.0.0 (textproc)
Simple tree cli program, but prints it in Markdown instead, as nested list

milter-greylist @4.6.4 (mail)
milter-greylist standalone greylist milter

miniflux @2.2.15 (net)
Minimalist and opinionated feed reader

minisat @2.2.1 (math, science)
Minimalistic SAT solver

mlmmj @1.4.7 (mail)
A simple and slim mailing list manager

mulle-xcode-to-cmake @0.9.0 (devel)
Tool to convert Xcode projects to cmake CMakeLists.txt

nanogui @20200404-21e5cbc8_1 (graphics)
minimalistic C++/Python GUI library for OpenGL, GLES2/3, Metal, and WebAssembly/WebGL

nanogui-wjakob @20190922-e9ec8a1a_1 (graphics)
minimalistic C++/Python GUI library for OpenGL 3+

ocaml-ppx_enumerate @0.16.0_1 (ocaml)
Generate a list containing all values of a finite type

oroborus @2.0.18_1 (x11, x11-wm)
Oroborus basically is a really minimalistic window manager.

ota @20211019 (archivers)
iOS OTA/PBZX expander/unpacker/lister/searcher

p5-algorithm-diff @1.201.0 (perl)
This is a Perl extension for computing intelligent differences between two files / lists.

p5-b-keywords @1.290.0 (perl)
B::Keywords - Lists of reserved barewords and symbol names

p5-class-accessor-lite @0.80.0 (perl)
Class::Accessor::Lite - a minimalistic variant of Class::Accessor

p5-class-tiny @1.8.0 (perl)
Minimalist class construction

p5-class-tiny-chained @0.4.0 (perl)
Class::Tiny::Chained - Minimalist class construction, with chained attributes

p5-data-optlist @0.114.0 (perl)
parse and validate simple name/value option pairs

p5-data-plist @0.100.0 (perl)
Data::Plist - object representing a property list

p5-dist-zilla-plugin-contributorsfromgit @0.19.0_1 (perl)
Dist::Zilla::Plugin::ContributorsFromGit - Populate your 'CONTRIBUTORS' POD from the list of git authors

p5-extutils-pkgconfig @1.160.0 (perl)
Simplistic interface to pkg-config

p5-file-listing @6.160.0 (perl)
File::Listing - parse directory listing

p5-filter-signatures @0.190.0 (perl)
Very simplistic signatures for Perl < 5.20

p5-function-parameters @2.2.6 (perl)
Function::Parameters - define functions and methods with parameter lists (subroutine signatures)

p5-gtk3-simplelist @0.210.0 (perl)
Gtk3::SimpleList - A simple interface to Gtk3's complex MVC list widget

p5-http-cookiejar @0.14.0 (perl)
HTTP::CookieJar - A minimalist HTTP user agent cookie jar

p5-list-allutils @0.190.0 (perl)
List::AllUtils - mixes List::Utils and List::MoreUtils

p5-list-compare @0.550.0 (perl)
List::Compare - Compare elements of two or more lists

p5-list-keywords @0.110.0 (perl)
List::Keywords - a selection of list utility keywords

p5-list-moreutils @0.430.0 (perl)
Provide the stuff missing in List::Util

p5-list-moreutils-xs @0.430.0 (perl)
List::MoreUtils::XS - Provide compiled List::MoreUtils functions

p5-list-someutils @0.590.0 (perl)
List::SomeUtils - Provide the stuff missing in List::Util

p5-list-someutils-xs @0.580.0 (perl)
List::SomeUtils::XS - XS implementation for List::SomeUtils

p5-list-uniq @0.21.0_1 (perl)
List::Uniq extracts the unique elements of a list

p5-list-utilsby @0.120.0 (perl)
List::UtilsBy - higher-order list utility functions

p5-log-any @1.718.0 (perl)
Log::Any - Bringing loggers and listeners together

p5-mac-propertylist @1.605.0 (perl)
Mac::PropertyList - work with Mac plists at a low level

p5-math-combinatorics @0.90.0_1 (perl)
Math::Combinatorics - Perform combinations and permutations on lists.

p5-module-corelist @5.202.601.190 (perl)
Module::CoreList - what modules shipped with versions of perl

p5-mojo-dom58 @3.2.0 (perl)
Mojo::DOM58 - Minimalistic HTML/XML DOM parser with CSS selectors

p5-moo @2.5.5 (perl)
Moo - Minimalist Object Orientation (with Moose compatibility)

p5-mozilla-publicsuffix @1.0.7 (perl)
Mozilla::PublicSuffix - Get a domain name's public suffix via the Mozilla Public Suffix List

p5-package-constants @0.60.0 (perl)
List all constants declared in a package

p5-pod-elemental-transformer-list @0.102.1 (perl)
Pod::Elemental::Transformer::List - transform :list regions into =over/=back to save typing

p5-pod-weaver-section-contributors @0.9.0 (perl)
Pod::Weaver::Section::Contributors - a section listing contributors

p5-scalar-list-utils @1.700.0 (perl)
Scalar::List::Utils - A distribution of general-utility subroutines

p5-syntax-operator-in @0.100.0 (perl)
Syntax::Operator::In - infix element-of-list meta-operator

p5-sys-filesystem @1.408.0 (perl)
Retrieve list of filesystems and their properties

p5-test-api @0.10.0 (perl)
Test::API - Test a list of subroutines provided by a module

p5-tie-cycle @1.233.0 (perl)
Tie::Cycle - Cycle through a list of values via a scalar.

p5-xml-commonns @0.60.0 (perl)
XML::CommonNS - A list of commonly used namespaces

p5.28-algorithm-diff @1.201.0 (perl)
This is a Perl extension for computing intelligent differences between two files / lists.

p5.28-b-keywords @1.290.0 (perl)
B::Keywords - Lists of reserved barewords and symbol names

p5.28-class-accessor-lite @0.80.0 (perl)
Class::Accessor::Lite - a minimalistic variant of Class::Accessor

p5.28-class-tiny @1.8.0 (perl)
Minimalist class construction

p5.28-class-tiny-chained @0.4.0 (perl)
Class::Tiny::Chained - Minimalist class construction, with chained attributes

p5.28-data-optlist @0.114.0 (perl)
parse and validate simple name/value option pairs

p5.28-data-plist @0.100.0 (perl)
Data::Plist - object representing a property list

p5.28-dist-zilla-plugin-contributorsfromgit @0.19.0_1 (perl)
Dist::Zilla::Plugin::ContributorsFromGit - Populate your 'CONTRIBUTORS' POD from the list of git authors

p5.28-extutils-pkgconfig @1.160.0 (perl)
Simplistic interface to pkg-config

p5.28-file-listing @6.160.0 (perl)
File::Listing - parse directory listing

p5.28-filter-signatures @0.190.0 (perl)
Very simplistic signatures for Perl < 5.20

p5.28-function-parameters @2.2.6 (perl)
Function::Parameters - define functions and methods with parameter lists (subroutine signatures)

p5.28-gtk3-simplelist @0.210.0 (perl)
Gtk3::SimpleList - A simple interface to Gtk3's complex MVC list widget

p5.28-http-cookiejar @0.14.0 (perl)
HTTP::CookieJar - A minimalist HTTP user agent cookie jar

p5.28-list-allutils @0.190.0 (perl)
List::AllUtils - mixes List::Utils and List::MoreUtils

p5.28-list-compare @0.550.0 (perl)
List::Compare - Compare elements of two or more lists

p5.28-list-keywords @0.110.0 (perl)
List::Keywords - a selection of list utility keywords

p5.28-list-moreutils @0.430.0 (perl)
Provide the stuff missing in List::Util

p5.28-list-moreutils-xs @0.430.0 (perl)
List::MoreUtils::XS - Provide compiled List::MoreUtils functions

p5.28-list-someutils @0.590.0 (perl)
List::SomeUtils - Provide the stuff missing in List::Util

p5.28-list-someutils-xs @0.580.0 (perl)
List::SomeUtils::XS - XS implementation for List::SomeUtils

p5.28-list-uniq @0.21.0_1 (perl)
List::Uniq extracts the unique elements of a list

p5.28-list-utilsby @0.120.0 (perl)
List::UtilsBy - higher-order list utility functions

p5.28-log-any @1.718.0 (perl)
Log::Any - Bringing loggers and listeners together

p5.28-mac-propertylist @1.605.0 (perl)
Mac::PropertyList - work with Mac plists at a low level

p5.28-math-combinatorics @0.90.0_1 (perl)
Math::Combinatorics - Perform combinations and permutations on lists.

p5.28-module-corelist @5.202.601.190 (perl)
Module::CoreList - what modules shipped with versions of perl

p5.28-mojo-dom58 @3.2.0 (perl)
Mojo::DOM58 - Minimalistic HTML/XML DOM parser with CSS selectors

p5.28-moo @2.5.5 (perl)
Moo - Minimalist Object Orientation (with Moose compatibility)

p5.28-mozilla-publicsuffix @1.0.7 (perl)
Mozilla::PublicSuffix - Get a domain name's public suffix via the Mozilla Public Suffix List

p5.28-package-constants @0.60.0 (perl)
List all constants declared in a package

p5.28-pod-elemental-transformer-list @0.102.1 (perl)
Pod::Elemental::Transformer::List - transform :list regions into =over/=back to save typing

p5.28-pod-weaver-section-contributors @0.9.0 (perl)
Pod::Weaver::Section::Contributors - a section listing contributors

p5.28-scalar-list-utils @1.700.0 (perl)
Scalar::List::Utils - A distribution of general-utility subroutines

p5.28-syntax-operator-in @0.100.0 (perl)
Syntax::Operator::In - infix element-of-list meta-operator

p5.28-sys-filesystem @1.408.0 (perl)
Retrieve list of filesystems and their properties

p5.28-test-api @0.10.0 (perl)
Test::API - Test a list of subroutines provided by a module

p5.28-tie-cycle @1.233.0 (perl)
Tie::Cycle - Cycle through a list of values via a scalar.

p5.28-xml-commonns @0.60.0 (perl)
XML::CommonNS - A list of commonly used namespaces

p5.30-algorithm-diff @1.201.0 (perl)
This is a Perl extension for computing intelligent differences between two files / lists.

p5.30-b-keywords @1.290.0 (perl)
B::Keywords - Lists of reserved barewords and symbol names

p5.30-class-accessor-lite @0.80.0 (perl)
Class::Accessor::Lite - a minimalistic variant of Class::Accessor

p5.30-class-tiny @1.8.0 (perl)
Minimalist class construction

p5.30-class-tiny-chained @0.4.0 (perl)
Class::Tiny::Chained - Minimalist class construction, with chained attributes

p5.30-data-optlist @0.114.0 (perl)
parse and validate simple name/value option pairs

p5.30-data-plist @0.100.0 (perl)
Data::Plist - object representing a property list

p5.30-dist-zilla-plugin-contributorsfromgit @0.19.0_1 (perl)
Dist::Zilla::Plugin::ContributorsFromGit - Populate your 'CONTRIBUTORS' POD from the list of git authors

p5.30-extutils-pkgconfig @1.160.0 (perl)
Simplistic interface to pkg-config

p5.30-file-listing @6.160.0 (perl)
File::Listing - parse directory listing

p5.30-filter-signatures @0.190.0 (perl)
Very simplistic signatures for Perl < 5.20

p5.30-function-parameters @2.2.6 (perl)
Function::Parameters - define functions and methods with parameter lists (subroutine signatures)

p5.30-gtk3-simplelist @0.210.0 (perl)
Gtk3::SimpleList - A simple interface to Gtk3's complex MVC list widget

p5.30-http-cookiejar @0.14.0 (perl)
HTTP::CookieJar - A minimalist HTTP user agent cookie jar

p5.30-list-allutils @0.190.0 (perl)
List::AllUtils - mixes List::Utils and List::MoreUtils

p5.30-list-compare @0.550.0 (perl)
List::Compare - Compare elements of two or more lists

p5.30-list-keywords @0.110.0 (perl)
List::Keywords - a selection of list utility keywords

p5.30-list-moreutils @0.430.0 (perl)
Provide the stuff missing in List::Util

p5.30-list-moreutils-xs @0.430.0 (perl)
List::MoreUtils::XS - Provide compiled List::MoreUtils functions

p5.30-list-someutils @0.590.0 (perl)
List::SomeUtils - Provide the stuff missing in List::Util

p5.30-list-someutils-xs @0.580.0 (perl)
List::SomeUtils::XS - XS implementation for List::SomeUtils

p5.30-list-uniq @0.21.0_1 (perl)
List::Uniq extracts the unique elements of a list

p5.30-list-utilsby @0.120.0 (perl)
List::UtilsBy - higher-order list utility functions

p5.30-log-any @1.718.0 (perl)
Log::Any - Bringing loggers and listeners together

p5.30-mac-propertylist @1.605.0 (perl)
Mac::PropertyList - work with Mac plists at a low level

p5.30-math-combinatorics @0.90.0_1 (perl)
Math::Combinatorics - Perform combinations and permutations on lists.

p5.30-module-corelist @5.202.601.190 (perl)
Module::CoreList - what modules shipped with versions of perl

p5.30-mojo-dom58 @3.2.0 (perl)
Mojo::DOM58 - Minimalistic HTML/XML DOM parser with CSS selectors

p5.30-moo @2.5.5 (perl)
Moo - Minimalist Object Orientation (with Moose compatibility)

p5.30-mozilla-publicsuffix @1.0.7 (perl)
Mozilla::PublicSuffix - Get a domain name's public suffix via the Mozilla Public Suffix List

p5.30-package-constants @0.60.0 (perl)
List all constants declared in a package

p5.30-pod-elemental-transformer-list @0.102.1 (perl)
Pod::Elemental::Transformer::List - transform :list regions into =over/=back to save typing

p5.30-pod-weaver-section-contributors @0.9.0 (perl)
Pod::Weaver::Section::Contributors - a section listing contributors

p5.30-scalar-list-utils @1.700.0 (perl)
Scalar::List::Utils - A distribution of general-utility subroutines

p5.30-syntax-operator-in @0.100.0 (perl)
Syntax::Operator::In - infix element-of-list meta-operator

p5.30-sys-filesystem @1.408.0 (perl)
Retrieve list of filesystems and their properties

p5.30-test-api @0.10.0 (perl)
Test::API - Test a list of subroutines provided by a module

p5.30-tie-cycle @1.233.0 (perl)
Tie::Cycle - Cycle through a list of values via a scalar.

p5.30-xml-commonns @0.60.0 (perl)
XML::CommonNS - A list of commonly used namespaces

p5.32-algorithm-diff @1.201.0 (perl)
This is a Perl extension for computing intelligent differences between two files / lists.

p5.32-b-keywords @1.290.0 (perl)
B::Keywords - Lists of reserved barewords and symbol names

p5.32-class-accessor-lite @0.80.0 (perl)
Class::Accessor::Lite - a minimalistic variant of Class::Accessor

p5.32-class-tiny @1.8.0 (perl)
Minimalist class construction

p5.32-class-tiny-chained @0.4.0 (perl)
Class::Tiny::Chained - Minimalist class construction, with chained attributes

p5.32-data-optlist @0.114.0 (perl)
parse and validate simple name/value option pairs

p5.32-data-plist @0.100.0 (perl)
Data::Plist - object representing a property list

p5.32-dist-zilla-plugin-contributorsfromgit @0.19.0_1 (perl)
Dist::Zilla::Plugin::ContributorsFromGit - Populate your 'CONTRIBUTORS' POD from the list of git authors

p5.32-extutils-pkgconfig @1.160.0 (perl)
Simplistic interface to pkg-config

p5.32-file-listing @6.160.0 (perl)
File::Listing - parse directory listing

p5.32-filter-signatures @0.190.0 (perl)
Very simplistic signatures for Perl < 5.20

p5.32-function-parameters @2.2.6 (perl)
Function::Parameters - define functions and methods with parameter lists (subroutine signatures)

p5.32-gtk3-simplelist @0.210.0 (perl)
Gtk3::SimpleList - A simple interface to Gtk3's complex MVC list widget

p5.32-http-cookiejar @0.14.0 (perl)
HTTP::CookieJar - A minimalist HTTP user agent cookie jar

p5.32-list-allutils @0.190.0 (perl)
List::AllUtils - mixes List::Utils and List::MoreUtils

p5.32-list-compare @0.550.0 (perl)
List::Compare - Compare elements of two or more lists

p5.32-list-keywords @0.110.0 (perl)
List::Keywords - a selection of list utility keywords

p5.32-list-moreutils @0.430.0 (perl)
Provide the stuff missing in List::Util

p5.32-list-moreutils-xs @0.430.0 (perl)
List::MoreUtils::XS - Provide compiled List::MoreUtils functions

p5.32-list-someutils @0.590.0 (perl)
List::SomeUtils - Provide the stuff missing in List::Util

p5.32-list-someutils-xs @0.580.0 (perl)
List::SomeUtils::XS - XS implementation for List::SomeUtils

p5.32-list-uniq @0.21.0_1 (perl)
List::Uniq extracts the unique elements of a list

p5.32-list-utilsby @0.120.0 (perl)
List::UtilsBy - higher-order list utility functions

p5.32-log-any @1.718.0 (perl)
Log::Any - Bringing loggers and listeners together

p5.32-mac-propertylist @1.605.0 (perl)
Mac::PropertyList - work with Mac plists at a low level

p5.32-math-combinatorics @0.90.0_1 (perl)
Math::Combinatorics - Perform combinations and permutations on lists.

p5.32-module-corelist @5.202.601.190 (perl)
Module::CoreList - what modules shipped with versions of perl

p5.32-mojo-dom58 @3.2.0 (perl)
Mojo::DOM58 - Minimalistic HTML/XML DOM parser with CSS selectors

p5.32-moo @2.5.5 (perl)
Moo - Minimalist Object Orientation (with Moose compatibility)

p5.32-mozilla-publicsuffix @1.0.7 (perl)
Mozilla::PublicSuffix - Get a domain name's public suffix via the Mozilla Public Suffix List

p5.32-package-constants @0.60.0 (perl)
List all constants declared in a package

p5.32-pod-elemental-transformer-list @0.102.1 (perl)
Pod::Elemental::Transformer::List - transform :list regions into =over/=back to save typing

p5.32-pod-weaver-section-contributors @0.9.0 (perl)
Pod::Weaver::Section::Contributors - a section listing contributors

p5.32-scalar-list-utils @1.700.0 (perl)
Scalar::List::Utils - A distribution of general-utility subroutines

p5.32-syntax-operator-in @0.100.0 (perl)
Syntax::Operator::In - infix element-of-list meta-operator

p5.32-sys-filesystem @1.408.0 (perl)
Retrieve list of filesystems and their properties

p5.32-test-api @0.10.0 (perl)
Test::API - Test a list of subroutines provided by a module

p5.32-tie-cycle @1.233.0 (perl)
Tie::Cycle - Cycle through a list of values via a scalar.

p5.32-xml-commonns @0.60.0 (perl)
XML::CommonNS - A list of commonly used namespaces

p5.34-algorithm-diff @1.201.0 (perl)
This is a Perl extension for computing intelligent differences between two files / lists.

p5.34-b-keywords @1.290.0 (perl)
B::Keywords - Lists of reserved barewords and symbol names

p5.34-class-accessor-lite @0.80.0 (perl)
Class::Accessor::Lite - a minimalistic variant of Class::Accessor

p5.34-class-tiny @1.8.0 (perl)
Minimalist class construction

p5.34-class-tiny-chained @0.4.0 (perl)
Class::Tiny::Chained - Minimalist class construction, with chained attributes

p5.34-data-optlist @0.114.0 (perl)
parse and validate simple name/value option pairs

p5.34-data-plist @0.100.0 (perl)
Data::Plist - object representing a property list

p5.34-dist-zilla-plugin-contributorsfromgit @0.19.0_1 (perl)
Dist::Zilla::Plugin::ContributorsFromGit - Populate your 'CONTRIBUTORS' POD from the list of git authors

p5.34-extutils-pkgconfig @1.160.0 (perl)
Simplistic interface to pkg-config

p5.34-file-listing @6.160.0 (perl)
File::Listing - parse directory listing

p5.34-filter-signatures @0.190.0 (perl)
Very simplistic signatures for Perl < 5.20

p5.34-function-parameters @2.2.6 (perl)
Function::Parameters - define functions and methods with parameter lists (subroutine signatures)

p5.34-gtk3-simplelist @0.210.0 (perl)
Gtk3::SimpleList - A simple interface to Gtk3's complex MVC list widget

p5.34-http-cookiejar @0.14.0 (perl)
HTTP::CookieJar - A minimalist HTTP user agent cookie jar

p5.34-list-allutils @0.190.0 (perl)
List::AllUtils - mixes List::Utils and List::MoreUtils

p5.34-list-compare @0.550.0 (perl)
List::Compare - Compare elements of two or more lists

p5.34-list-keywords @0.110.0 (perl)
List::Keywords - a selection of list utility keywords

p5.34-list-moreutils @0.430.0 (perl)
Provide the stuff missing in List::Util

p5.34-list-moreutils-xs @0.430.0 (perl)
List::MoreUtils::XS - Provide compiled List::MoreUtils functions

p5.34-list-someutils @0.590.0 (perl)
List::SomeUtils - Provide the stuff missing in List::Util

p5.34-list-someutils-xs @0.580.0 (perl)
List::SomeUtils::XS - XS implementation for List::SomeUtils

p5.34-list-uniq @0.21.0_1 (perl)
List::Uniq extracts the unique elements of a list

p5.34-list-utilsby @0.120.0 (perl)
List::UtilsBy - higher-order list utility functions

p5.34-log-any @1.718.0 (perl)
Log::Any - Bringing loggers and listeners together

p5.34-mac-propertylist @1.605.0 (perl)
Mac::PropertyList - work with Mac plists at a low level

p5.34-math-combinatorics @0.90.0_1 (perl)
Math::Combinatorics - Perform combinations and permutations on lists.

p5.34-module-corelist @5.202.601.190 (perl)
Module::CoreList - what modules shipped with versions of perl

p5.34-mojo-dom58 @3.2.0 (perl)
Mojo::DOM58 - Minimalistic HTML/XML DOM parser with CSS selectors

p5.34-moo @2.5.5 (perl)
Moo - Minimalist Object Orientation (with Moose compatibility)

p5.34-mozilla-publicsuffix @1.0.7 (perl)
Mozilla::PublicSuffix - Get a domain name's public suffix via the Mozilla Public Suffix List

p5.34-package-constants @0.60.0 (perl)
List all constants declared in a package

p5.34-pod-elemental-transformer-list @0.102.1 (perl)
Pod::Elemental::Transformer::List - transform :list regions into =over/=back to save typing

p5.34-pod-weaver-section-contributors @0.9.0 (perl)
Pod::Weaver::Section::Contributors - a section listing contributors

p5.34-scalar-list-utils @1.700.0 (perl)
Scalar::List::Utils - A distribution of general-utility subroutines

p5.34-syntax-operator-in @0.100.0 (perl)
Syntax::Operator::In - infix element-of-list meta-operator

p5.34-sys-filesystem @1.408.0 (perl)
Retrieve list of filesystems and their properties

p5.34-test-api @0.10.0 (perl)
Test::API - Test a list of subroutines provided by a module

p5.34-tie-cycle @1.233.0 (perl)
Tie::Cycle - Cycle through a list of values via a scalar.

p5.34-xml-commonns @0.60.0 (perl)
XML::CommonNS - A list of commonly used namespaces

pari-nflistdata @20220729 (math)
Needed by nflist to list fields of small discriminant

pbrt2 @20190104_3 (graphics)
a photorealistic rendering system

pbrt3 @20200626_4 (graphics)
a photorealistic rendering system

peco @0.5.10 (sysutils)
Simplistic interactive filtering tool

phantomjs @2.1.1 (www)
PhantomJS is a minimalistic headless WebKit.

phpstylist @1.0 (lang, devel)
PHP indenter

plconv @0.1 (gnustep)
Convert between different property list formats

port-depgraph @0.2_1 (sysutils, macports)
Create a Graphviz graph description of a port's rdeps list

postgrey @1.37 (mail)
Postfix policy server implementing greylisting

protozero @1.8.1 (devel)
A minimalistic protocol buffer decoder and encoder in C++

py-asteval @1.0.8 (python, math)
Safe, minimalistic evaluator of python expression using ast module

py-bleach @6.3.0 (python, www)
An easy safelist-based HTML-sanitizing tool.

py-bpylist2 @4.1.1 (python)
Parse and generate NSKeyedArchiver archives

py-columnize @0.3.11 (python)
Format a simple list into aligned columns

py-frozenlist @1.8.0 (python)
list-like structure which implements collections.abc.MutableSequence

py-looseversion @1.3.0 (python, devel)
Version numbering for anarchists and software realists

py-lxml_html_clean @0.4.3_2 (python)
HTML cleaner is blocklist-based.

py-pacal @1.6.1 (python)
PaCAL - ProbAbilistic CALculator

py-plistservices @2_1 (python, textproc)
reads and writes CoreFoundation XML Property List

py-publicsuffix2 @2.20191221 (python, net)
Get a public suffix for a domain name using the Public Suffix List

py-pymc @5.27.1 (python)
Probabilistic Programming in Python: Bayesian Modeling and Probabilistic Machine Learning with Aesara

py-spdx @2.5.1 (python)
SPDX license list database

py-spdx-lookup @0.3.3 (python)
SPDX license list query tool

py-tensorflow-probability @0.12.1 (python)
Probabilistic modeling and statistical inference in TensorFlow

py-terminaltables @3.1.10 (python)
Generate simple tables in terminals from a nested list of strings

py-toolz @1.1.0 (python, devel)
List processing tools and functional utilities.

py-zxcvbn @4.4.28 (python, security)
Implementation of Dropbox’s realistic password strength estimator

py27-plistservices @2_1 (python, textproc)
reads and writes CoreFoundation XML Property List

py39-bleach @6.3.0 (python, www)
An easy safelist-based HTML-sanitizing tool.

py39-tensorflow-probability @0.12.1 (python)
Probabilistic modeling and statistical inference in TensorFlow

py310-asteval @1.0.8 (python, math)
Safe, minimalistic evaluator of python expression using ast module

py310-bleach @6.3.0 (python, www)
An easy safelist-based HTML-sanitizing tool.

py310-bpylist2 @4.1.1 (python)
Parse and generate NSKeyedArchiver archives

py310-columnize @0.3.11 (python)
Format a simple list into aligned columns

py310-frozenlist @1.8.0 (python)
list-like structure which implements collections.abc.MutableSequence

py310-looseversion @1.3.0 (python, devel)
Version numbering for anarchists and software realists

py310-lxml_html_clean @0.4.3_2 (python)
HTML cleaner is blocklist-based.

py310-pacal @1.6.1 (python)
PaCAL - ProbAbilistic CALculator

py310-publicsuffix2 @2.20191221 (python, net)
Get a public suffix for a domain name using the Public Suffix List

py310-spdx @2.5.1 (python)
SPDX license list database

py310-spdx-lookup @0.3.3 (python)
SPDX license list query tool

py310-terminaltables @3.1.10 (python)
Generate simple tables in terminals from a nested list of strings

py310-toolz @1.1.0 (python, devel)
List processing tools and functional utilities.

py310-zxcvbn @4.4.28 (python, security)
Implementation of Dropbox’s realistic password strength estimator

py311-asteval @1.0.8 (python, math)
Safe, minimalistic evaluator of python expression using ast module

py311-bleach @6.3.0 (python, www)
An easy safelist-based HTML-sanitizing tool.

py311-bpylist2 @4.1.1 (python)
Parse and generate NSKeyedArchiver archives

py311-columnize @0.3.11 (python)
Format a simple list into aligned columns

py311-frozenlist @1.8.0 (python)
list-like structure which implements collections.abc.MutableSequence

py311-looseversion @1.3.0 (python, devel)
Version numbering for anarchists and software realists

py311-lxml_html_clean @0.4.3_2 (python)
HTML cleaner is blocklist-based.

py311-pacal @1.6.1 (python)
PaCAL - ProbAbilistic CALculator

py311-publicsuffix2 @2.20191221 (python, net)
Get a public suffix for a domain name using the Public Suffix List

py311-pymc @5.27.1 (python)
Probabilistic Programming in Python: Bayesian Modeling and Probabilistic Machine Learning with Aesara

py311-spdx @2.5.1 (python)
SPDX license list database

py311-spdx-lookup @0.3.3 (python)
SPDX license list query tool

py311-terminaltables @3.1.10 (python)
Generate simple tables in terminals from a nested list of strings

py311-toolz @1.1.0 (python, devel)
List processing tools and functional utilities.

py311-zxcvbn @4.4.28 (python, security)
Implementation of Dropbox’s realistic password strength estimator

py312-asteval @1.0.8 (python, math)
Safe, minimalistic evaluator of python expression using ast module

py312-bleach @6.3.0 (python, www)
An easy safelist-based HTML-sanitizing tool.

py312-bpylist2 @4.1.1 (python)
Parse and generate NSKeyedArchiver archives

py312-columnize @0.3.11 (python)
Format a simple list into aligned columns

py312-frozenlist @1.8.0 (python)
list-like structure which implements collections.abc.MutableSequence

py312-looseversion @1.3.0 (python, devel)
Version numbering for anarchists and software realists

py312-lxml_html_clean @0.4.3_2 (python)
HTML cleaner is blocklist-based.

py312-pacal @1.6.1 (python)
PaCAL - ProbAbilistic CALculator

py312-publicsuffix2 @2.20191221 (python, net)
Get a public suffix for a domain name using the Public Suffix List

py312-pymc @5.27.1 (python)
Probabilistic Programming in Python: Bayesian Modeling and Probabilistic Machine Learning with Aesara

py312-spdx @2.5.1 (python)
SPDX license list database

py312-spdx-lookup @0.3.3 (python)
SPDX license list query tool

py312-toolz @1.1.0 (python, devel)
List processing tools and functional utilities.

py312-zxcvbn @4.4.28 (python, security)
Implementation of Dropbox’s realistic password strength estimator

py313-asteval @1.0.8 (python, math)
Safe, minimalistic evaluator of python expression using ast module

py313-bleach @6.3.0 (python, www)
An easy safelist-based HTML-sanitizing tool.

py313-bpylist2 @4.1.1 (python)
Parse and generate NSKeyedArchiver archives

py313-columnize @0.3.11 (python)
Format a simple list into aligned columns

py313-frozenlist @1.8.0 (python)
list-like structure which implements collections.abc.MutableSequence

py313-looseversion @1.3.0 (python, devel)
Version numbering for anarchists and software realists

py313-lxml_html_clean @0.4.3_2 (python)
HTML cleaner is blocklist-based.

py313-publicsuffix2 @2.20191221 (python, net)
Get a public suffix for a domain name using the Public Suffix List

py313-pymc @5.27.1 (python)
Probabilistic Programming in Python: Bayesian Modeling and Probabilistic Machine Learning with Aesara

py313-spdx @2.5.1 (python)
SPDX license list database

py313-spdx-lookup @0.3.3 (python)
SPDX license list query tool

py313-toolz @1.1.0 (python, devel)
List processing tools and functional utilities.

py314-asteval @1.0.8 (python, math)
Safe, minimalistic evaluator of python expression using ast module

py314-bleach @6.3.0 (python, www)
An easy safelist-based HTML-sanitizing tool.

py314-columnize @0.3.11 (python)
Format a simple list into aligned columns

py314-frozenlist @1.8.0 (python)
list-like structure which implements collections.abc.MutableSequence

py314-looseversion @1.3.0 (python, devel)
Version numbering for anarchists and software realists

py314-pymc @5.27.1 (python)
Probabilistic Programming in Python: Bayesian Modeling and Probabilistic Machine Learning with Aesara

py314-spdx @2.5.1 (python)
SPDX license list database

py314-spdx-lookup @0.3.3 (python)
SPDX license list query tool

py314-toolz @1.1.0 (python, devel)
List processing tools and functional utilities.

R-AdequacyModel @2.0.0_2 (R, science, math)
Adequacy of probabilistic models and general purpose optimization

R-aggutils @1.0.2_1 (R, science, math)
Utilities for aggregating probabilistic forecasts

R-AUC @0.3.2_1 (R, science, math)
Threshold-independent performance measures for probabilistic classifiers

R-bayesRecon @0.3.2 (R, science, math)
Provides methods for probabilistic reconciliation of hierarchical forecasts of time series

R-convdistr @1.6.2 (R, science, math)
Convolute probabilistic distributions

R-CPP @0.1.0 (R, science, economics)
Composition of Probabilistic Preferences (CPP)

R-glba @0.2.1_2 (R, science, math)
General Linear Ballistic Accumulator models

R-holiglm @1.0.0_1 (R, science, math)
Holistic generalized linear models

R-LambertW @0.6.9-1_1 (R, science, math)
Probabilistic models to analyze and gaussianize heavy-tailed, skewed data

R-listcomp @0.4.1_2 (R, science)
List Comprehensions

R-listenv @0.9.1_1 (R, science, devel)
Environments behaving (almost) as lists

R-listviewer @4.0.0_1 (R, science)
htmlwidget for interactive views of R lists

R-mirai @1.3.1 (R, science, devel)
Minimalist async evaluation framework for R

R-nlist @0.3.3.9000_1 (R, science, math)
Lists of numeric atomic objects

R-pim @2.0.2_1 (R, science, math)
Probabilistic Index Models

R-pks @0.6-1 (R, science, math)
Probabilistic Knowledge Structures

R-PRTree @0.1.2 (R, science, math)
Probabilistic Regression Trees

R-ps @1.8.1 (R, science, sysutils)
R package to query, list and manipulate system processes

R-psica @1.0.2_1 (R, science, math)
Decision tree analysis for probabilistic subgroup identification with multiple treatments

R-qdapDictionaries @1.0.7_2 (R, science)
Collection of text analysis dictionaries and word lists for use with the qdap package

R-repurrrsive @1.1.0_2 (R, science)
Examples of recursive lists and nested or split data frames

R-rlist @0.4.6.2_2 (R, science)
Toolbox for non-tabular data manipulation

R-S4Vectors @0.42.1 (R, science, bioconductor, devel)
Foundation of vector-like and list-like containers

R-stopwords @2.3_2 (R, science, textproc)
Multilingual stopword lists

R-toolbox @0.1.1_1 (R, science, devel)
List, string and meta-programming utility functions

R-turner @0.1.9_1 (R, science, devel)
Turn vectors and lists of vectors into indexed structures

rb-acl @1.0.1_1 (ruby)
Simple Access Control List

rb-lazylist @0.2.1 (ruby)
Implementation of lazy lists for ruby

rb-mindi @0.3 (ruby)
Minimalist dependency injection

rb-mini_portile @0.5.1 (ruby)
Simplistic port-like solution for developers

rb-mini_portile2 @2.8.7 (ruby)
Simplistic port-like solution for developers

rb-plist @3.7.1 (ruby, devel)
Library to manipulate Property List files

rb-sass-listen @4.0.0 (ruby)
This fork of guard/listen provides a stable API for users of the Ruby Sass CLI

rb19-mini_portile @0.5.1 (ruby)
Simplistic port-like solution for developers

rb24-mini_portile2 @2.8.7 (ruby)
Simplistic port-like solution for developers

rb25-mini_portile2 @2.8.7 (ruby)
Simplistic port-like solution for developers

rb26-mini_portile2 @2.8.7 (ruby)
Simplistic port-like solution for developers

rb27-mini_portile2 @2.8.7 (ruby)
Simplistic port-like solution for developers

rb30-mini_portile2 @2.8.7 (ruby)
Simplistic port-like solution for developers

rb30-plist @3.7.1 (ruby, devel)
Library to manipulate Property List files

rb31-mini_portile2 @2.8.7 (ruby)
Simplistic port-like solution for developers

rb31-plist @3.7.1 (ruby, devel)
Library to manipulate Property List files

rb31-sass-listen @4.0.0 (ruby)
This fork of guard/listen provides a stable API for users of the Ruby Sass CLI

rb32-mini_portile2 @2.8.7 (ruby)
Simplistic port-like solution for developers

rb32-plist @3.7.1 (ruby, devel)
Library to manipulate Property List files

rb32-sass-listen @4.0.0 (ruby)
This fork of guard/listen provides a stable API for users of the Ruby Sass CLI

rb33-mini_portile2 @2.8.7 (ruby)
Simplistic port-like solution for developers

rb33-plist @3.7.1 (ruby, devel)
Library to manipulate Property List files

rb33-sass-listen @4.0.0 (ruby)
This fork of guard/listen provides a stable API for users of the Ruby Sass CLI

screenresolution @1.6 (sysutils)
command-line utility to get, list, and set screen resolutions

sloth @1.5 (aqua, sysutils)
Program that displays a list of open files by applications

snac @2.89 (net)
A simple, minimalistic ActivityPub instance

spotify-dl @8.8.2 (multimedia, python)
Downloads songs from any Spotify playlist, album or track.

sqlgrey @1.8.0 (mail)
SQLgrey is a postfix policy service implementing a grey-listing policy

stanford-parser @4.2.0 (textproc, java)
a Java implementation of probabilistic natural language parsers

stree @0.0.21 (net)
List the directory trees of an AWS S3 Bucket

surblhost @0.8.0 (mail)
Surblhost is a small command-line program that looks up hostnames in the Spam URI Realtime Blocklists (SURBL).

sympa @6.2.68 (mail)
Sympa - Mailing List Manager with LDAP support

topydo @0.14 (office)
todo list application using the todo.txt format

totem-pl-parser @3.26.6_1 (gnome)
Gnome Playlist parser

ultralist @1.7.0 (office)
Simple task management for tech folks.

upower @0.99.11_1 (devel)
UPower is an abstraction for enumerating power devices, listening to device events and querying history and statistics.

waitfor @0.5 (sysutils)
waits until a url is available, a port is being listened to, etc.

xlsatoms @1.1.3 (x11)
List interned atoms defined on an X11 server

xlsclients @1.1.5 (x11)
List client applications running on an X11 display

xlsfonts @1.0.6 (x11)
List available fonts on an X11 server

xmltv @1.2.1 (multimedia, textproc)
utilities to download tv listings and format them in xml

xschem @3.4.6 (science, cad)
schematic capture and netlisting EDA tool

youtube-search-python @1.6.6 (net, multimedia, python)
Search for YouTube videos, channels & playlists

zenwriter @0.1 (office)
Minimalistic plain text editor written with Qt4

Found 419 ports.
