airctl @0.7.3 (net)
tool to trigger connection, get status of Airport Base Stations

fast-hg-prompt @0.2 (devel)
Fast way to recursively look for the current bookmark and repo status

ntpstat @0.2 (sysutils, net)
ntpstat shows the network time protocol (ntp) status

p5-b-cow @0.7.0 (perl)
B::COW - additional B helpers to check Copy-On-Write status

p5.28-b-cow @0.7.0 (perl)
B::COW - additional B helpers to check Copy-On-Write status

p5.30-b-cow @0.7.0 (perl)
B::COW - additional B helpers to check Copy-On-Write status

p5.32-b-cow @0.7.0 (perl)
B::COW - additional B helpers to check Copy-On-Write status

p5.34-b-cow @0.7.0 (perl)
B::COW - additional B helpers to check Copy-On-Write status

py-powerline @2.8.4_1 (python, sysutils)
The ultimate statusline/prompt utility

py-powerline-exitstatus-kai @1.2.0_1 (python, sysutils)
A Powerline segment for showing exit status or code

py-powerline-gitstatus @1.3.3 (python, sysutils)
A Powerline segment for showing the status of a Git working copy

py310-powerline @2.8.4_1 (python, sysutils)
The ultimate statusline/prompt utility

py310-powerline-exitstatus-kai @1.2.0_1 (python, sysutils)
A Powerline segment for showing exit status or code

py310-powerline-gitstatus @1.3.3 (python, sysutils)
A Powerline segment for showing the status of a Git working copy

py311-powerline @2.8.4_1 (python, sysutils)
The ultimate statusline/prompt utility

py311-powerline-exitstatus-kai @1.2.0_1 (python, sysutils)
A Powerline segment for showing exit status or code

py311-powerline-gitstatus @1.3.3 (python, sysutils)
A Powerline segment for showing the status of a Git working copy

py312-powerline @2.8.4_1 (python, sysutils)
The ultimate statusline/prompt utility

py312-powerline-exitstatus-kai @1.2.0_1 (python, sysutils)
A Powerline segment for showing exit status or code

py312-powerline-gitstatus @1.3.3 (python, sysutils)
A Powerline segment for showing the status of a Git working copy

py313-powerline @2.8.4_1 (python, sysutils)
The ultimate statusline/prompt utility

py313-powerline-exitstatus-kai @1.2.0_1 (python, sysutils)
A Powerline segment for showing exit status or code

py313-powerline-gitstatus @1.3.3 (python, sysutils)
A Powerline segment for showing the status of a Git working copy

R-csci @0.9.3_1 (R, science, math)
Current Status Confidence Intervals

R-fauxpas @0.5.2_1 (R, science, net)
HTTP status code helper

R-httpcode @0.3.0_2 (R, science)
HTTP status code helper

sketchybar @2.21.0 (sysutils)
Custom macOS statusbar with shell plugin, interaction and graph support

spacebar @1.4.0 (sysutils)
A minimal status bar for macOS.

torrentsniff @0.3.0_8 (net, perl)
torrent status program

Found 29 ports.
