dspdfviewer @1.15.1_1 (office)
dual-screen LaTeX beamer presentation viewer

mspdebug @0.25_3 (devel, cross)
MSPDebug is a free debugger for use with MSP430 MCUs.

py-license-expression @30.4.1 (python)
license-expression is a comprehensive utility library to parse, compare, simplify and normalize license expressions (such as SPDX license expressions) using boolean logic.

py-spdx @2.5.1 (python)
SPDX license list database

py-spdx-lookup @0.3.3 (python)
SPDX license list query tool

py310-license-expression @30.4.1 (python)
license-expression is a comprehensive utility library to parse, compare, simplify and normalize license expressions (such as SPDX license expressions) using boolean logic.

py310-spdx @2.5.1 (python)
SPDX license list database

py310-spdx-lookup @0.3.3 (python)
SPDX license list query tool

py311-license-expression @30.4.1 (python)
license-expression is a comprehensive utility library to parse, compare, simplify and normalize license expressions (such as SPDX license expressions) using boolean logic.

py311-spdx @2.5.1 (python)
SPDX license list database

py311-spdx-lookup @0.3.3 (python)
SPDX license list query tool

py312-license-expression @30.4.1 (python)
license-expression is a comprehensive utility library to parse, compare, simplify and normalize license expressions (such as SPDX license expressions) using boolean logic.

py312-spdx @2.5.1 (python)
SPDX license list database

py312-spdx-lookup @0.3.3 (python)
SPDX license list query tool

py313-license-expression @30.4.1 (python)
license-expression is a comprehensive utility library to parse, compare, simplify and normalize license expressions (such as SPDX license expressions) using boolean logic.

py313-spdx @2.5.1 (python)
SPDX license list database

py313-spdx-lookup @0.3.3 (python)
SPDX license list query tool

py314-spdx @2.5.1 (python)
SPDX license list database

py314-spdx-lookup @0.3.3 (python)
SPDX license list query tool

R-RcppSpdlog @0.0.19 (R, science, devel)
R and C++ interfaces to spdlog C++ header library for logging

R-rSPDE @2.3.3_1 (R, science, math)
Rational approximations of fractional stochastic partial differential equations

R-sdmTMB @0.6.0 (R, science, math)
Spatial and spatio-temporal SPDE-based GLMMs

R-spd @2.0-1_1 (R, science, math)
Semi-Parametric Distribution

R-spData @2.3.3 (R, science)
Datasets for spatial analysis

R-spDataLarge @2.1.1_1 (R, science)
Large datasets for spatial analysis

R-spdep @1.3-7 (R, science, math, gis)
Spatial Dependence: weighting schemes, statistics

R-spdesign @0.0.4 (R, science, economics)
Design stated preference experiments

R-spdl @0.0.5_1 (R, science, devel)
Wrapper for RcppSpdlog functions

spdlog @1.16.0 (devel)
Very fast, header only, C++ logging library.

spdlog-fmt8 @1.16.0 (devel)
Very fast, header only, C++ logging library.

spdlog0 @0.17.0 (devel)
Very fast, header only, C++ logging library.

Found 31 ports.
