p5-semver @0.10.0 (perl)
SemVer - Use semantic version numbers

p5.28-semver @0.10.0 (perl)
SemVer - Use semantic version numbers

p5.30-semver @0.10.0 (perl)
SemVer - Use semantic version numbers

p5.32-semver @0.10.0 (perl)
SemVer - Use semantic version numbers

p5.34-semver @0.10.0 (perl)
SemVer - Use semantic version numbers

py-semantic_version @2.10.0 (python)
A library implementing the 'SemVer' scheme.

py-semver @3.0.4 (python)
Python helper for Semantic Versioning

py39-semantic_version @2.10.0 (python)
A library implementing the 'SemVer' scheme.

py310-semantic_version @2.10.0 (python)
A library implementing the 'SemVer' scheme.

py310-semver @3.0.4 (python)
Python helper for Semantic Versioning

py311-semantic_version @2.10.0 (python)
A library implementing the 'SemVer' scheme.

py311-semver @3.0.4 (python)
Python helper for Semantic Versioning

py312-semantic_version @2.10.0 (python)
A library implementing the 'SemVer' scheme.

py312-semver @3.0.4 (python)
Python helper for Semantic Versioning

py313-semantic_version @2.10.0 (python)
A library implementing the 'SemVer' scheme.

py313-semver @3.0.4 (python)
Python helper for Semantic Versioning

py314-semantic_version @2.10.0 (python)
A library implementing the 'SemVer' scheme.

py314-semver @3.0.4 (python)
Python helper for Semantic Versioning

R-sparseMVN @0.2.2.9001_1 (R, science, math)
Multivariate normal functions for sparse covariance and precision matrices

semver-utils @2.0.0 (devel)
C/C++ semantic version parser

Found 20 ports.
