bluemoon @2.13 (games)
52-card solitaire game

cardpeek @0.8.4_6 (sysutils)
Cardpeek is a tool to read the contents of ISO7816 smart cards.

Cockatrice @2016-05-06-Release_7 (games)
A board for playing trading card games like MTG online

direwolf @1.8.1 (science)
is a software "soundcard" AX.25 packet modem/TNC and APRS encoder/decoder

flash @2.7.1 (sysutils)
Command line script to flash SD card images of any kind

glabels @3.4.1 (gnome)
A label and business card creation program

gnupg-pkcs11-scd @0.10.0 (security)
GnuPG PKCS#11 Smart-Card Daemon

kanatest @0.4.8 (games, education)
Kanatest is a Japanese kana (Hiragana and Katakana) simple flashcard tool.

kmix @4.14.3_5 (kde, kde4)
KMix is an application to allow you to change the volume of your sound card.

kpat @4.14.3_3 (kde, kde4, games)
KPat (aka KPatience) is a relaxing card sorting game.

kwordquiz @4.14.3_3 (kde, kde4)
Flash Card Trainer

mindless @1.6_1 (games)
Play collectable card games against other player

opensc @0.26.1_1 (security)
Tools and libraries for smart cards

p5-chipcard-pcsc @1.4.16 (perl)
Chipcard::PCSC - Communicate with a smart card using PC/SC from a Perl script

p5-io-interface @1.90.0 (perl)
Perl extension for access to network card configuration information

p5-lingua-en-number-isordinal @0.50.0 (perl)
Lingua::EN::Number::IsOrdinal - detect if English number is ordinal or cardinal

p5-pcsc @1.4.14_1 (perl)
Obsolete port, replaced by p5-chipcard-pcsc

p5-text-vfile-asdata @0.80.0_1 (perl)
Reads vFile format files, such as vCard (RFC 2426) and vCalendar (RFC 2445)

p5.28-chipcard-pcsc @1.4.16 (perl)
Chipcard::PCSC - Communicate with a smart card using PC/SC from a Perl script

p5.28-io-interface @1.90.0 (perl)
Perl extension for access to network card configuration information

p5.28-lingua-en-number-isordinal @0.50.0 (perl)
Lingua::EN::Number::IsOrdinal - detect if English number is ordinal or cardinal

p5.28-pcsc @1.4.14_1 (perl)
Obsolete port, replaced by p5.28-chipcard-pcsc

p5.28-text-vfile-asdata @0.80.0_1 (perl)
Reads vFile format files, such as vCard (RFC 2426) and vCalendar (RFC 2445)

p5.30-chipcard-pcsc @1.4.16 (perl)
Chipcard::PCSC - Communicate with a smart card using PC/SC from a Perl script

p5.30-io-interface @1.90.0 (perl)
Perl extension for access to network card configuration information

p5.30-lingua-en-number-isordinal @0.50.0 (perl)
Lingua::EN::Number::IsOrdinal - detect if English number is ordinal or cardinal

p5.30-pcsc @1.4.14_1 (perl)
Obsolete port, replaced by p5.30-chipcard-pcsc

p5.30-text-vfile-asdata @0.80.0_1 (perl)
Reads vFile format files, such as vCard (RFC 2426) and vCalendar (RFC 2445)

p5.32-chipcard-pcsc @1.4.16 (perl)
Chipcard::PCSC - Communicate with a smart card using PC/SC from a Perl script

p5.32-io-interface @1.90.0 (perl)
Perl extension for access to network card configuration information

p5.32-lingua-en-number-isordinal @0.50.0 (perl)
Lingua::EN::Number::IsOrdinal - detect if English number is ordinal or cardinal

p5.32-pcsc @1.4.14_1 (perl)
Obsolete port, replaced by p5.32-chipcard-pcsc

p5.32-text-vfile-asdata @0.80.0_1 (perl)
Reads vFile format files, such as vCard (RFC 2426) and vCalendar (RFC 2445)

p5.34-chipcard-pcsc @1.4.16 (perl)
Chipcard::PCSC - Communicate with a smart card using PC/SC from a Perl script

p5.34-io-interface @1.90.0 (perl)
Perl extension for access to network card configuration information

p5.34-lingua-en-number-isordinal @0.50.0 (perl)
Lingua::EN::Number::IsOrdinal - detect if English number is ordinal or cardinal

p5.34-pcsc @1.4.14_1 (perl)
Obsolete port, replaced by p5.34-chipcard-pcsc

p5.34-text-vfile-asdata @0.80.0_1 (perl)
Reads vFile format files, such as vCard (RFC 2426) and vCalendar (RFC 2445)

pcsc-tools @1.7.1 (sysutils)
Tools for accessing PC/SC driver, card or reader.

py-cidrize @2.1.0 (python, devel)
Cidrize parses IPv4/IPv6 addresses, CIDRs, ranges, and wildcard matches.

py-pyepl @1.0.29_1 (python)
PyEPL (the Python Experiment-Programming Library) is a library for coding psychology experiments in Python. (awcard support disabled)

py-pyscard @2.3.1 (python)
Smartcard module for Python.

py-vobject @0.9.9 (python)
Python package for parsing and generating vCard and vCalendar files.

py-wcmatch @10.1 (python)
Wilcard File Name matching library.

py27-pyepl @1.0.29_1 (python)
PyEPL (the Python Experiment-Programming Library) is a library for coding psychology experiments in Python. (awcard support disabled)

py310-cidrize @2.1.0 (python, devel)
Cidrize parses IPv4/IPv6 addresses, CIDRs, ranges, and wildcard matches.

py310-pyscard @2.3.1 (python)
Smartcard module for Python.

py310-vobject @0.9.9 (python)
Python package for parsing and generating vCard and vCalendar files.

py310-wcmatch @10.1 (python)
Wilcard File Name matching library.

py311-cidrize @2.1.0 (python, devel)
Cidrize parses IPv4/IPv6 addresses, CIDRs, ranges, and wildcard matches.

py311-pyscard @2.3.1 (python)
Smartcard module for Python.

py311-vobject @0.9.9 (python)
Python package for parsing and generating vCard and vCalendar files.

py311-wcmatch @10.1 (python)
Wilcard File Name matching library.

py312-pyscard @2.3.1 (python)
Smartcard module for Python.

py312-vobject @0.9.9 (python)
Python package for parsing and generating vCard and vCalendar files.

py312-wcmatch @10.1 (python)
Wilcard File Name matching library.

py313-pyscard @2.3.1 (python)
Smartcard module for Python.

py313-vobject @0.9.9 (python)
Python package for parsing and generating vCard and vCalendar files.

py313-wcmatch @10.1 (python)
Wilcard File Name matching library.

py314-pyscard @2.3.1 (python)
Smartcard module for Python.

py314-wcmatch @10.1 (python)
Wilcard File Name matching library.

R-carData @3.0-5_2 (R, science)
Companion to Applied Regression Data Sets

R-cards @0.4.0 (R, science)
Analysis Results Data

R-cardx @0.2.1 (R, science)
Extra analysis results data (ARD) utilities

R-jaccard @0.1.0_1 (R, science)
Test similarity between binary data using Jaccard–Tanimoto coefficients

xskat @4.0_2 (games, x11)
X11 graphical skat card game

Found 66 ports.
