catdoc @0.95 (textproc)
Convert MS Word/Excel documents to plain ASCII or TeX.

expense.txt @1.0 (office)
Expense.txt allows you to track and analyze your expenses using plain text files.

grutatxt @2.0.15 (textproc)
plain text to html converter

html2text @2.4.0_1 (textproc)
Utility to convert HTML documents into plain text.

hurl @7.1.0 (www)
Hurl is a command line tool that runs HTTP requests defined in a simple plain text format.

libchamplain @0.12.20 (gnome)
A Clutter based widget to display rich, interactive maps.

multimarkdown @6.7.0 (textproc)
turn minimally marked-up plain text into well formatted documents

odt2txt @0.5 (textproc)
converts OpenOffice.org ODF text documents (.odt files) to plain text files (.txt files)

p5-gtk2-ex-podviewer @0.180.0_1 (perl)
Gtk2::Ex::PodViewer - a Gtk2 widget for displaying Plain old Documentation (POD).

p5-html-formatter @2.160.0 (perl)
Perl modules that format HTML as plaintext, PostScript or RTF.

p5-test2-tools-explain @0.20.0 (perl)
Test2::Tools::Explain -- Explain tools for Perl's Test2 framework

p5-text-unidecode @1.300.0 (perl)
Text::Unidecode -- plain ASCII transliterations of Unicode text

p5.28-gtk2-ex-podviewer @0.180.0_1 (perl)
Gtk2::Ex::PodViewer - a Gtk2 widget for displaying Plain old Documentation (POD).

p5.28-html-formatter @2.160.0 (perl)
Perl modules that format HTML as plaintext, PostScript or RTF.

p5.28-test2-tools-explain @0.20.0 (perl)
Test2::Tools::Explain -- Explain tools for Perl's Test2 framework

p5.28-text-unidecode @1.300.0 (perl)
Text::Unidecode -- plain ASCII transliterations of Unicode text

p5.30-gtk2-ex-podviewer @0.180.0_1 (perl)
Gtk2::Ex::PodViewer - a Gtk2 widget for displaying Plain old Documentation (POD).

p5.30-html-formatter @2.160.0 (perl)
Perl modules that format HTML as plaintext, PostScript or RTF.

p5.30-test2-tools-explain @0.20.0 (perl)
Test2::Tools::Explain -- Explain tools for Perl's Test2 framework

p5.30-text-unidecode @1.300.0 (perl)
Text::Unidecode -- plain ASCII transliterations of Unicode text

p5.32-gtk2-ex-podviewer @0.180.0_1 (perl)
Gtk2::Ex::PodViewer - a Gtk2 widget for displaying Plain old Documentation (POD).

p5.32-html-formatter @2.160.0 (perl)
Perl modules that format HTML as plaintext, PostScript or RTF.

p5.32-test2-tools-explain @0.20.0 (perl)
Test2::Tools::Explain -- Explain tools for Perl's Test2 framework

p5.32-text-unidecode @1.300.0 (perl)
Text::Unidecode -- plain ASCII transliterations of Unicode text

p5.34-gtk2-ex-podviewer @0.180.0_1 (perl)
Gtk2::Ex::PodViewer - a Gtk2 widget for displaying Plain old Documentation (POD).

p5.34-html-formatter @2.160.0 (perl)
Perl modules that format HTML as plaintext, PostScript or RTF.

p5.34-test2-tools-explain @0.20.0 (perl)
Test2::Tools::Explain -- Explain tools for Perl's Test2 framework

p5.34-text-unidecode @1.300.0 (perl)
Text::Unidecode -- plain ASCII transliterations of Unicode text

paramonte @1.5.1_2 (math, science, fortran)
ParaMonte: plain powerful parallel Monte Carlo and MCMC library

pta @0.1 (finance)
the plain text accounting program

py-beancount @3.2.0 (python, finance)
Double-entry plain text accounting system

py-diff-match-patch @20241021 (python)
The Diff Match and Patch libraries offer robust algorithms to perform the operations required for synchronizing plain text.

py-docutils @0.22.4 (python, textproc)
A set of tools for processing plaintext documentation

py-eli5 @0.16.0 (python, math)
A library for debugging/inspecting machine learning classifiers and explaining their predictions

py27-docutils @0.18.1 (python, textproc)
A set of tools for processing plaintext documentation

py38-docutils @0.20.1 (python, textproc)
A set of tools for processing plaintext documentation

py39-docutils @0.22.4 (python, textproc)
A set of tools for processing plaintext documentation

py310-beancount @3.2.0 (python, finance)
Double-entry plain text accounting system

py310-diff-match-patch @20241021 (python)
The Diff Match and Patch libraries offer robust algorithms to perform the operations required for synchronizing plain text.

py310-docutils @0.22.4 (python, textproc)
A set of tools for processing plaintext documentation

py311-beancount @3.2.0 (python, finance)
Double-entry plain text accounting system

py311-diff-match-patch @20241021 (python)
The Diff Match and Patch libraries offer robust algorithms to perform the operations required for synchronizing plain text.

py311-docutils @0.22.4 (python, textproc)
A set of tools for processing plaintext documentation

py312-beancount @3.2.0 (python, finance)
Double-entry plain text accounting system

py312-diff-match-patch @20241021 (python)
The Diff Match and Patch libraries offer robust algorithms to perform the operations required for synchronizing plain text.

py312-docutils @0.22.4 (python, textproc)
A set of tools for processing plaintext documentation

py313-beancount @3.2.0 (python, finance)
Double-entry plain text accounting system

py313-diff-match-patch @20241021 (python)
The Diff Match and Patch libraries offer robust algorithms to perform the operations required for synchronizing plain text.

py313-docutils @0.22.4 (python, textproc)
A set of tools for processing plaintext documentation

py314-diff-match-patch @20241021 (python)
The Diff Match and Patch libraries offer robust algorithms to perform the operations required for synchronizing plain text.

py314-docutils @0.22.4 (python, textproc)
A set of tools for processing plaintext documentation

py314-eli5 @0.16.0 (python, math)
A library for debugging/inspecting machine learning classifiers and explaining their predictions

QLStephen @1.5.1 (sysutils)
A QuickLook plugin that lets you view plain text files without a file extension

R-EIX @1.2.0_1 (R, science, math)
Explain interactions in XGBoost

R-gam.hp @0.0-2 (R, science, math)
Hierarchical partitioning of adjusted R2 and explained deviance for generalized additive models

R-outliertree @1.10.0 (R, science, math)
Explainable outlier detection through decision tree conditioning

R-plot.matrix @1.6.2_1 (R, science, graphics)
Visualize a matrix object plainly as heatmap

R-readtext @0.91_1 (R, science, textproc)
Import and handling for plain and formatted text files

R-striprtf @0.6.0_1 (R, science, textproc)
Extract plain text from RTF files

rb-cucumber @0.3.103 (ruby)
Lets software development teams describe how software should behave in plain text.

recutils @1.9 (databases)
Tools to work with human-editable, plain text data files

sent @1 (office)
sent is a simple plaintext presentation tool.

texlive-plain-generic @74472 (tex)
TeX Live: Plain (La)TeX packages

time.txt @1.0 (office)
Time.txt allows you to track and analyze your time (sheets) using plain text files.

uacme @1.7.6 (security)
ACMEv2 client written in plain C with minimal dependencies

xlsx2csv @1.2_1 (textproc)
Convert MS Word/Excel openspreadsheetML to plain CSV.

xmore @1.0.3 (x11)
Plain text display program for the X11 Window System

zenwriter @0.1 (office)
Minimalistic plain text editor written with Qt4

zk @0.15.2 (office)
A plain text note-taking assistant

Found 69 ports.
