aeson-pretty @0.8.10_1 (devel, haskell)
JSON pretty-printing library and command-line tool.

aesutil @1.0.7_1 (security, sysutils)
command line program to encrypt and decrypt data via AES

augustus-caesar-3 @4.0.0 (games)
An (enhanced) open source re-implementation of Caesar III

EGSimulation @1.2_1 (science)
Simulate the Ellison & Glaeser statistic using randomness alone

julius-caesar-3 @1.8.0 (games)
An open source re-implementation of Caesar III

libaes_siv @1.0.0_2 (security, devel)
A C implementation of AES-SIV

libmysofa @1.3.3 (audio, devel)
reader for AES SOFA files to get better HRTFs

maeparser @1.3.3_1 (science)
maeparser is a parser for Schrodinger Maestro files

maestral @1.9.6 (sysutils, python)
Light-weight and open-source Dropbox client for macOS and Linux

py-aeppl @0.1.5 (python, devel)
PPL tools for Aesara

py-aesara @2.9.4 (python, devel)
Optimizing compiler for evaluating mathematical expressions on CPUs and GPUs.

py-pyaes @1.6.1 (python)
Pure-Python Implementation of the AES block-cipher and common modes of operation

py-pymc @5.27.1 (python)
Probabilistic Programming in Python: Bayesian Modeling and Probabilistic Machine Learning with Aesara

py-sslcrypto @5.3 (python)
Fast and simple library for AES, ECIES and ECDSA for Python

py310-aeppl @0.1.5 (python, devel)
PPL tools for Aesara

py310-aesara @2.9.4 (python, devel)
Optimizing compiler for evaluating mathematical expressions on CPUs and GPUs.

py310-pyaes @1.6.1 (python)
Pure-Python Implementation of the AES block-cipher and common modes of operation

py310-sslcrypto @5.3 (python)
Fast and simple library for AES, ECIES and ECDSA for Python

py311-aeppl @0.1.5 (python, devel)
PPL tools for Aesara

py311-aesara @2.9.4 (python, devel)
Optimizing compiler for evaluating mathematical expressions on CPUs and GPUs.

py311-pyaes @1.6.1 (python)
Pure-Python Implementation of the AES block-cipher and common modes of operation

py311-pymc @5.27.1 (python)
Probabilistic Programming in Python: Bayesian Modeling and Probabilistic Machine Learning with Aesara

py311-sslcrypto @5.3 (python)
Fast and simple library for AES, ECIES and ECDSA for Python

py312-aeppl @0.1.5 (python, devel)
PPL tools for Aesara

py312-aesara @2.9.4 (python, devel)
Optimizing compiler for evaluating mathematical expressions on CPUs and GPUs.

py312-pyaes @1.6.1 (python)
Pure-Python Implementation of the AES block-cipher and common modes of operation

py312-pymc @5.27.1 (python)
Probabilistic Programming in Python: Bayesian Modeling and Probabilistic Machine Learning with Aesara

py312-sslcrypto @5.3 (python)
Fast and simple library for AES, ECIES and ECDSA for Python

py313-pyaes @1.6.1 (python)
Pure-Python Implementation of the AES block-cipher and common modes of operation

py313-pymc @5.27.1 (python)
Probabilistic Programming in Python: Bayesian Modeling and Probabilistic Machine Learning with Aesara

py313-sslcrypto @5.3 (python)
Fast and simple library for AES, ECIES and ECDSA for Python

py314-pymc @5.27.1 (python)
Probabilistic Programming in Python: Bayesian Modeling and Probabilistic Machine Learning with Aesara

R-cmaes @1.0-12_1 (R, science, math)
Covariance Matrix Adapting Evolutionary Strategy

rb-aes @0.5.1 (ruby, crypto, security)
AES encrypt/decrypt gem built ontop of OpenSSL

rb-aes_key_wrap @1.1.0 (ruby, crypto, security)
Ruby implementation of AES Key Wrap, a.k.a RFC 3394

rb-aescrypt @0.1.0_1 (ruby, crypto, security)
An AES encryption algorithm for Ruby, using the AESCrypt library

rb31-aes @0.5.1 (ruby, crypto, security)
AES encrypt/decrypt gem built ontop of OpenSSL

rb31-aes_key_wrap @1.1.0 (ruby, crypto, security)
Ruby implementation of AES Key Wrap, a.k.a RFC 3394

rb31-aescrypt @0.1.0_1 (ruby, crypto, security)
An AES encryption algorithm for Ruby, using the AESCrypt library

rb32-aes @0.5.1 (ruby, crypto, security)
AES encrypt/decrypt gem built ontop of OpenSSL

rb32-aes_key_wrap @1.1.0 (ruby, crypto, security)
Ruby implementation of AES Key Wrap, a.k.a RFC 3394

rb32-aescrypt @0.1.0_1 (ruby, crypto, security)
An AES encryption algorithm for Ruby, using the AESCrypt library

rb33-aes @0.5.1 (ruby, crypto, security)
AES encrypt/decrypt gem built ontop of OpenSSL

rb33-aes_key_wrap @1.1.0 (ruby, crypto, security)
Ruby implementation of AES Key Wrap, a.k.a RFC 3394

rb33-aescrypt @0.1.0_1 (ruby, crypto, security)
An AES encryption algorithm for Ruby, using the AESCrypt library

Found 45 ports.
