fondu @060102_1 (print)
A set of programs to interconvert between Mac font formats and pfb, ttf, otf and bdf files on UNIX.

font-bh-ttf @1.0.3_1 (x11, x11-font, graphics)
X.org Bigelow & Holmes TrueType fonts

freefont-ttf @20120503 (x11, fonts)
Free UCS Outline Fonts

libsdl2_ttf @2.24.0 (devel, graphics)
add on library for libSDL for rendering TrueType fonts

libsdl_ttf @2.0.11-20220526 (devel, graphics)
add on library for libSDL for rendering TrueType fonts

libsdl_ttf-framework @20110120 (devel, graphics)
Framework version of libsdl_ttf

mftrace @1.2.16_1 (graphics)
Trace TeX bitmap font to PFA, PFB, or TTF font

p5-font-ttf @1.60.0 (perl)
TTF font support for Perl

p5.28-font-ttf @1.60.0 (perl)
TTF font support for Perl

p5.30-font-ttf @1.60.0 (perl)
TTF font support for Perl

p5.32-font-ttf @1.60.0 (perl)
TTF font support for Perl

p5.34-font-ttf @1.60.0 (perl)
TTF font support for Perl

py-ttfquery @2.0.0b1 (python, devel, multimedia, graphics)
FontTools-based package for querying system fonts

py310-ttfquery @2.0.0b1 (python, devel, multimedia, graphics)
FontTools-based package for querying system fonts

py311-ttfquery @2.0.0b1 (python, devel, multimedia, graphics)
FontTools-based package for querying system fonts

py312-ttfquery @2.0.0b1 (python, devel, multimedia, graphics)
FontTools-based package for querying system fonts

py313-ttfquery @2.0.0b1 (python, devel, multimedia, graphics)
FontTools-based package for querying system fonts

R-Rttf2pt1 @1.3.12_2 (R, science)
ttf2pt1 program

SDL3_ttf @3.2.2_1 (devel, graphics)
add on library for libSDL for rendering TrueType fonts

ttf-arphic-ukai @0.1.20060928 (x11, fonts)
AR PL ZenKai Uni and AR PL ZenKai Uni MBE Unicode Fonts

ttf-arphic-uming @0.1.20060928 (x11, fonts)
AR PL ShanHeiSun Uni and AR PL ShanHeiSun Uni MBE Unicode Fonts

ttf-nerd-fonts-symbols @3.4.0 (fonts)
High number of extra glyphs from popular 'iconic fonts'

ttf2eot @0.0.3 (print, www)
TrueType font (ttf) to Embeddable OpenType font (eot) converter

ttf2pt1 @3.4.4 (print)
TrueType Font to PostScript Type 1 Converter

ttfautohint @1.8.4 (graphics, fonts)
A library to autohint TrueType fonts

unifont-ttf @15.0.06 (x11, fonts)
GNU Unifont

woff2 @1.0.2 (print, www)
A set of tools for converting ttf fonts to/from woff2

Found 27 ports.
