aegis @4.24.3_2 (devel)
A project change supervisor

apgdiff @2.4 (databases)
PostgreSQL diff tool that is useful for comparison/diffing of database schemas.

b5i2iso @0.2 (sysutils)
BlindWrite image to ISO image file converter

bchunk @1.2.2 (sysutils)
Converts a CD image in a .bin/.cue format to .iso or .cdr

bison @3.8.2_2 (devel)
The Yacc-compatible Parser Generator

bison-runtime @3.8.2 (devel)
Localization support for Bison-generated parsers

bodr @10 (science, chemistry)
A database of chemoinformatics, such as properties of elements, isotopes and atoms.

cardpeek @0.8.4_6 (sysutils)
Cardpeek is a tool to read the contents of ISO7816 smart cards.

ccd2iso @0.3 (sysutils)
CloneCD image to ISO image file converter

cdrtools @3.02-2024-03-21 (sysutils, audio)
ISO 9660 filesystem and CD creation tools

ce @2004-07-06_1 (science)
Combinatorial Extension (CE) Method for 3D protein structure comparison and alignment

cl-language-codes @20230703 (lisp, devel)
A simple library mapping ISO language codes to language names.

conauto @2.03 (math)
Program for graph isomorphism testing & automorphism group computation

diffoscope @306_1 (sysutils, python)
in-depth comparison of files, archives, and directories

EGSimulation @1.2_1 (science)
Simulate the Ellison & Glaeser statistic using randomness alone

faac @1.31.1 (audio)
ISO AAC audio encoder

faad2 @2.11.2 (audio)
Fastest ISO AAC audio decoder.

fhist @1.17 (sysutils, textproc, devel)
FHist: file history, comparison and merging tools

fortran-curl @0.3.0 (fortran, devel, net)
Fortran 2018 ISO_C_BINDING interfaces to Perl-compatible Regular Expressions 2

fortran-pcre2 @0.1.1 (fortran, devel)
Fortran 2018 ISO_C_BINDING interfaces to Perl-compatible Regular Expressions 2

fortran-zlib @0.2.0 (fortran, archivers)
Collection of Fortran 2018 ISO_C_BINDING interfaces to selected zlib functions

gcc7-bootstrap @7.5.0 (lang)
isolated gcc version used for bootstrapping.

gvisor-tap-vsock @0.8.7 (net)
A new network stack based on gVisor

healpix @3.31_2016Aug26 (science)
Hierarchical Equal Area isoLatitude Pixelization of a sphere

hermit @0.38.1 (devel)
Hermit manages isolated, self-bootstrapping sets of tools in software projects.

iso-codes @4.7.0 (devel)
ISO country, language and currency codes and translations

iso8879 @1986_2 (textproc)
Character entity sets from ISO 8879:1986 (SGML)

isort_select @0.1_1 (python)
common files for selecting default isort version

lemon @1.39_2 (lang, devel)
An LALR(1) parser generator like yacc or bison.

libheif @1.20.2 (multimedia)
a ISO/IEC 23008-12:2017 HEIF file format decoder and encoder

libkrun @1.16.0 (emulators)
Dynamic library providing Virtualization-based process isolation capabilities

mdf2iso @0.3.1 (sysutils)
Convert MDF (Alcohol 120% images) to ISO images

moe @1.15 (editors)
GNU moe - console text editor for ISO-8859 and ASCII character encodings.

natsort @1.0.5_1 (sysutils)
Martin Pool's Natural Order String Comparison Sorting Utility

nrg2iso @0.4.1 (sysutils)
Converts Nero Burning ROM images to ISO images

nrg4iso @1.0.1_2 (sysutils)
nrg4iso extracts data from a Nero Burning ROM image file (.nrg).

ocaml-ppx_compare @0.16.0_1 (ocaml)
Generation of fast comparison and equality functions from type expressions and definitions

octave-velas @1.0.6_1 (octave, math, science)
VELAS is a user-friendly open-source toolbox for the visualization and analysis of elastic anisotropy written in GNU Octave that can be used for any crystal symmetry.

ossp-cfg @0.9.11 (devel)
ISO-C library for parsing C/C++-style configuration files.

ossp-ex @1.0.6 (devel)
ISO-C++ style exception handling library for the ISO-C language

ossp-uuid @1.6.2_13 (devel)
ISO-C API and CLI for generating Universally Unique Identifiers

ossp-xds @0.9.3 (devel)
generic encoding and decoding serialization framework for ISO C

p5-datetime-format-iso8601 @0.170.0 (perl)
Parses ISO8601 formats

p5-encode-iso2022 @0.40.0 (perl)
Encode::ISO2022 - ISO/IEC 2022 character encoding scheme

p5-lingua-en-number-isordinal @0.50.0 (perl)
Lingua::EN::Number::IsOrdinal - detect if English number is ordinal or cardinal

p5-number-compare @0.30.0_2 (perl)
numeric comparisons

p5-test-deep @1.205.0 (perl)
Test::Deep - Extremely flexible deep comparison

p5-test-filename @0.30.0 (perl)
Test::Filename - Portable filename comparison

p5-xstring @0.5.0 (perl)
XString - Isolated String helpers from B

p5.28-datetime-format-iso8601 @0.170.0 (perl)
Parses ISO8601 formats

p5.28-encode-iso2022 @0.40.0 (perl)
Encode::ISO2022 - ISO/IEC 2022 character encoding scheme

p5.28-lingua-en-number-isordinal @0.50.0 (perl)
Lingua::EN::Number::IsOrdinal - detect if English number is ordinal or cardinal

p5.28-number-compare @0.30.0_2 (perl)
numeric comparisons

p5.28-test-deep @1.205.0 (perl)
Test::Deep - Extremely flexible deep comparison

p5.28-test-filename @0.30.0 (perl)
Test::Filename - Portable filename comparison

p5.28-xstring @0.5.0 (perl)
XString - Isolated String helpers from B

p5.30-datetime-format-iso8601 @0.170.0 (perl)
Parses ISO8601 formats

p5.30-encode-iso2022 @0.40.0 (perl)
Encode::ISO2022 - ISO/IEC 2022 character encoding scheme

p5.30-lingua-en-number-isordinal @0.50.0 (perl)
Lingua::EN::Number::IsOrdinal - detect if English number is ordinal or cardinal

p5.30-number-compare @0.30.0_2 (perl)
numeric comparisons

p5.30-test-deep @1.205.0 (perl)
Test::Deep - Extremely flexible deep comparison

p5.30-test-filename @0.30.0 (perl)
Test::Filename - Portable filename comparison

p5.30-xstring @0.5.0 (perl)
XString - Isolated String helpers from B

p5.32-datetime-format-iso8601 @0.170.0 (perl)
Parses ISO8601 formats

p5.32-encode-iso2022 @0.40.0 (perl)
Encode::ISO2022 - ISO/IEC 2022 character encoding scheme

p5.32-lingua-en-number-isordinal @0.50.0 (perl)
Lingua::EN::Number::IsOrdinal - detect if English number is ordinal or cardinal

p5.32-number-compare @0.30.0_2 (perl)
numeric comparisons

p5.32-test-deep @1.205.0 (perl)
Test::Deep - Extremely flexible deep comparison

p5.32-test-filename @0.30.0 (perl)
Test::Filename - Portable filename comparison

p5.32-xstring @0.5.0 (perl)
XString - Isolated String helpers from B

p5.34-datetime-format-iso8601 @0.170.0 (perl)
Parses ISO8601 formats

p5.34-encode-iso2022 @0.40.0 (perl)
Encode::ISO2022 - ISO/IEC 2022 character encoding scheme

p5.34-lingua-en-number-isordinal @0.50.0 (perl)
Lingua::EN::Number::IsOrdinal - detect if English number is ordinal or cardinal

p5.34-number-compare @0.30.0_2 (perl)
numeric comparisons

p5.34-test-deep @1.205.0 (perl)
Test::Deep - Extremely flexible deep comparison

p5.34-test-filename @0.30.0 (perl)
Test::Filename - Portable filename comparison

p5.34-xstring @0.5.0 (perl)
XString - Isolated String helpers from B

pascal-p5 @1.4 (lang)
P5, Zuerich type ISO 7185 Pascal compiler

pdi2iso @0.1 (sysutils)
converts instant copy bin image to standard ISO-9660

pipx @1.8.0 (python, sysutils)
Execute binaries from Python packages in isolated environments

prison @1.0_4 (kde, kde4)
KDE bar code library

py-aniso8601 @10.0.1 (python, devel, textproc)
A library for parsing ISO 8601 strings

py-country @24.6.1 (python)
ISO country, subdivision, language, currency and script definitions and their translations

py-iso639 @0.4.5 (python)
ISO 639 library for Python

py-iso3166 @2.1.1 (python)
Self-contained ISO 3166-1 country definitions

py-iso8601 @2.1.0 (python, devel)
Simple module to parse ISO 8601 dates

py-isodate @0.7.2 (python)
An ISO 8601 date/time/duration parser and formatter

py-isoduration @20.11.0 (python, devel)
Operations with ISO 8601 durations

py-isort @7.0.0 (python, devel)
A Python utility / library to sort Python imports.

py-kiwisolver @1.4.9 (python, math)
Kiwi is an efficient C++ implementation of the Cassowary constraint solving algorithm.

py-pytest-forked @1.6.0 (python, devel)
run tests in isolated forked subprocesses

py-stopwordsiso @0.6.1 (python)
Collection of stopwords for multiple languages. Using ISO 639 1 language code.

py-supervisor @4.3.0 (python)
Process manager for UNIX-like OSs

py-zope-keyreference @3.6.4 (python, zope)
Object references that support stable comparison and hashes

py27-kiwisolver @1.1.0 (python, math)
Kiwi is an efficient C++ implementation of the Cassowary constraint solving algorithm.

py27-zope-keyreference @3.6.4 (python, zope)
Object references that support stable comparison and hashes

py39-isoduration @20.11.0 (python, devel)
Operations with ISO 8601 durations

py39-kiwisolver @1.4.9 (python, math)
Kiwi is an efficient C++ implementation of the Cassowary constraint solving algorithm.

py39-pytest-forked @1.6.0 (python, devel)
run tests in isolated forked subprocesses

py310-aniso8601 @10.0.1 (python, devel, textproc)
A library for parsing ISO 8601 strings

py310-country @24.6.1 (python)
ISO country, subdivision, language, currency and script definitions and their translations

py310-iso3166 @2.1.1 (python)
Self-contained ISO 3166-1 country definitions

py310-iso8601 @2.1.0 (python, devel)
Simple module to parse ISO 8601 dates

py310-isodate @0.7.2 (python)
An ISO 8601 date/time/duration parser and formatter

py310-isoduration @20.11.0 (python, devel)
Operations with ISO 8601 durations

py310-isort @7.0.0 (python, devel)
A Python utility / library to sort Python imports.

py310-kiwisolver @1.4.9 (python, math)
Kiwi is an efficient C++ implementation of the Cassowary constraint solving algorithm.

py310-pytest-forked @1.6.0 (python, devel)
run tests in isolated forked subprocesses

py310-stopwordsiso @0.6.1 (python)
Collection of stopwords for multiple languages. Using ISO 639 1 language code.

py311-aniso8601 @10.0.1 (python, devel, textproc)
A library for parsing ISO 8601 strings

py311-country @24.6.1 (python)
ISO country, subdivision, language, currency and script definitions and their translations

py311-iso3166 @2.1.1 (python)
Self-contained ISO 3166-1 country definitions

py311-iso8601 @2.1.0 (python, devel)
Simple module to parse ISO 8601 dates

py311-isodate @0.7.2 (python)
An ISO 8601 date/time/duration parser and formatter

py311-isoduration @20.11.0 (python, devel)
Operations with ISO 8601 durations

py311-isort @7.0.0 (python, devel)
A Python utility / library to sort Python imports.

py311-kiwisolver @1.4.9 (python, math)
Kiwi is an efficient C++ implementation of the Cassowary constraint solving algorithm.

py311-pytest-forked @1.6.0 (python, devel)
run tests in isolated forked subprocesses

py312-aniso8601 @10.0.1 (python, devel, textproc)
A library for parsing ISO 8601 strings

py312-country @24.6.1 (python)
ISO country, subdivision, language, currency and script definitions and their translations

py312-iso639 @0.4.5 (python)
ISO 639 library for Python

py312-iso3166 @2.1.1 (python)
Self-contained ISO 3166-1 country definitions

py312-iso8601 @2.1.0 (python, devel)
Simple module to parse ISO 8601 dates

py312-isodate @0.7.2 (python)
An ISO 8601 date/time/duration parser and formatter

py312-isoduration @20.11.0 (python, devel)
Operations with ISO 8601 durations

py312-isort @7.0.0 (python, devel)
A Python utility / library to sort Python imports.

py312-kiwisolver @1.4.9 (python, math)
Kiwi is an efficient C++ implementation of the Cassowary constraint solving algorithm.

py312-pytest-forked @1.6.0 (python, devel)
run tests in isolated forked subprocesses

py312-supervisor @4.3.0 (python)
Process manager for UNIX-like OSs

py313-aniso8601 @10.0.1 (python, devel, textproc)
A library for parsing ISO 8601 strings

py313-country @24.6.1 (python)
ISO country, subdivision, language, currency and script definitions and their translations

py313-iso8601 @2.1.0 (python, devel)
Simple module to parse ISO 8601 dates

py313-isodate @0.7.2 (python)
An ISO 8601 date/time/duration parser and formatter

py313-isoduration @20.11.0 (python, devel)
Operations with ISO 8601 durations

py313-isort @7.0.0 (python, devel)
A Python utility / library to sort Python imports.

py313-kiwisolver @1.4.9 (python, math)
Kiwi is an efficient C++ implementation of the Cassowary constraint solving algorithm.

py313-pytest-forked @1.6.0 (python, devel)
run tests in isolated forked subprocesses

py313-supervisor @4.3.0 (python)
Process manager for UNIX-like OSs

py314-country @24.6.1 (python)
ISO country, subdivision, language, currency and script definitions and their translations

py314-isodate @0.7.2 (python)
An ISO 8601 date/time/duration parser and formatter

py314-isoduration @20.11.0 (python, devel)
Operations with ISO 8601 durations

py314-isort @7.0.0 (python, devel)
A Python utility / library to sort Python imports.

py314-kiwisolver @1.4.9 (python, math)
Kiwi is an efficient C++ implementation of the Cassowary constraint solving algorithm.

R-aricode @1.0.3_1 (R, science, math)
Efficient computations of standard clustering comparison measures

R-basicMCMCplots @0.2.7 (R, science, math)
Trace plots, density plots and chain comparisons for MCMC samples

R-carrier @0.1.1_1 (R, science, devel)
Isolate functions for remote execution

R-clustComp @1.32.0 (R, science, bioconductor)
Clustering Comparison

R-cocor @1.1-4_2 (R, science, math)
Statistical tests for the comparison between two correlations based on either independent or dependent groups

R-comparison @1.0.8_1 (R, science, math)
Multivariate likelihood ratio calculation and evaluation

R-cppdoubles @0.3.0 (R, science, math)
Fast relative comparisons of floating point numbers in C++

R-dint @2.1.5 (R, science)
Toolkit for year-quarter, year-month and year-isoweek dates

R-disordR @0.9-8-4 (R, science, math)
Non-ordered vectors

R-dunn.test @1.3.6_1 (R, science, math)
Dunn’s test of multiple comparisons using rank sums

R-EDISON @1.1.1_1 (R, science)
Network reconstruction and changepoint detection

R-fic @1.0.0_1 (R, science, math)
Focused information criteria for model comparison

R-Iso @0.0-21_1 (R, science, math)
Functions to perform isotonic regression

R-isoband @0.2.7_2 (R, science)
Generate isolines and isobands from regularly spaced elevation grids.

R-ISOcodes @2024.02.12_1 (R, science)
Select ISO Codes

R-isotone @1.1-1_1 (R, science, math)
Active set and generalized PAVA for isotone optimization

R-isotonic.pen @1.0_1 (R, science, math)
Penalized isotonic regression in one and two dimensions

R-isotree @0.6.1-1_1 (R, science, math)
Isolation-based outlier detection

R-ISOweek @0.6-2_1 (R, science)
Week of the year and weekday according to ISO 8601

R-maic @0.1.4_2 (R, science, math)
Matching-Adjusted Indirect Comparison

R-marginaleffects @0.24.0 (R, science, math)
Predictions, comparisons, slopes, marginal means and hypothesis tests

R-mcr @1.3.3.1 (R, science, math)
Method Comparison Regression

R-misc3d @0.9-1_1 (R, science, graphics)
Collection of miscellaneous 3D plots, including isosurfaces

R-modelfactory @1.0.0_1 (R, science)
Combine statistical models into a tibble for comparison

R-multcompView @0.1-10_1 (R, science)
Visualizations of paired comparisons

R-nparcomp @3.0_1 (R, science, math)
Multiple comparisons and simultaneous confidence intervals

R-optiSolve @1.0_2 (R, science, math)
Linear, quadratic and rational optimization

R-pcFactorStan @1.5.4_2 (R, science, math)
Stan models for the paired comparison factor model

R-PMCMR @4.4_1 (R, science, math)
Calculate pairwise multiple comparisons of mean rank sums

R-PMCMRplus @1.9.12 (R, science, math)
Calculate pairwise multiple comparisons of mean rank sums extended

R-prefmod @0.8-36_1 (R, science, math)
Utilities to fit paired comparison models for preferences

R-ratesci @0.4-0_1 (R, science, math)
Confidence intervals for comparisons of Binomial or Poisson rates

R-rmeta @3.0_1 (R, science)
Functions for simple fixed and random effects meta-analysis for two-sample comparisons and cumulative meta-analyses

R-rpymat @0.1.7_1 (R, science, python)
Easily configure an isolated Python environment

R-SimComp @3.3_1 (R, science, math)
Simultaneous comparisons for multiple endpoints

R-survcomp @1.54.0 (R, science, bioconductor)
Performance assessment and comparison for survival analysis

ratpoison @1.4.5 (x11, x11-wm)
Ratpoison is a simple Window Manager

TinyEXIF @1.0.3_1 (graphics)
tiny ISO-compliant C++ EXIF and XMP parsing library for JPEG

ucpp @1.3.5 (devel)
A C preprocessor compliant to ISO-C99.

uif2iso @0.1.7c_3 (sysutils)
converts UIF images to ISO images

unison @2.52.0 (net)
Unison File Synchronizer

unison-lang @M2g (lang)
A friendly programming language from the future.

ViennaRNA @2.4.17_1 (science)
C Library and programs for the prediction and comparison of RNA secondary structures.

xorriso @1.5.6.pl02 (sysutils)
ISO 9660 Rock Ridge Filesystem Manipulator

Found 187 ports.
