cups-pdf @2.6.1 (print, textproc)
Provides a print-to-PDF feature through CUPS

diff-pdf @0.5.2_1 (graphics)
diff-pdf is a tool for visually comparing two PDFs.

DiffPDF @2.1.3 (graphics)
Compare two PDF files textually or visually

djvu2pdf @0.9.2_8 (graphics)
converts Djvu files to PDF files

dspdfviewer @1.15.1_1 (office)
dual-screen LaTeX beamer presentation viewer

evince @3.36.7_4 (gnome, print)
Evince is a document viewer for multiple document formats like pdf, and many others.

extractpdfmark @1.1.1_1 (textproc)
Extract page mode and named destinations as PDFmark from PDF.

fig2ps @1.5_9 (graphics, tex)
converts xfig files to PostScript or PDF, processing text with LaTeX

gdal-pdf @3.12.1 (gis)
GDAL - PDF driver

ghostscript @10.06.0 (print)
GPL Ghostscript, An interpreter for PostScript and PDF

gscan2pdf @2.13.2_1 (graphics)
A GUI to produce PDFs or DjVus from scanned documents

gv @3.7.4_6 (print)
PostScript and PDF previewer

img2pdf @0.6.3 (graphics, python)
Lossless conversion of raster images to PDF.

itext @1.1 (java, print)
Java library that allows you to generate PDF files on the fly.

libharu @2.3.0_2 (print)
a free, cross platform, open source library for generating PDF files

lua-luahpdf @1.5_2 (lua, devel)
Lua module that lets you programmatically create PDF files

lua51-luahpdf @1.5_2 (lua, devel)
Lua module that lets you programmatically create PDF files

lua52-luahpdf @1.5_2 (lua, devel)
Lua module that lets you programmatically create PDF files

lua53-luahpdf @1.5_2 (lua, devel)
Lua module that lets you programmatically create PDF files

lua54-luahpdf @1.5_2 (lua, devel)
Lua module that lets you programmatically create PDF files

mupdf @1.24.2 (graphics)
Lightweight PDF and XPS viewer and parser/rendering library

ngspice-docs @44.2 (science, cad)
PDF manual for ngspice

ocrmypdf @16.13.0 (textproc)
ocrmypdf adds an OCR text layer to scanned PDF files, allowing them to be searched

p5-cam-pdf @1.600.0 (perl)
Reads and writes any document that conforms to PDF v1.4

p5-pdf-api2 @2.48.0 (perl)
PDF::API2 - Create, modify, and examine PDF files

p5-pdf-api2-xs @1.2.0 (perl)
PDF::API2::XS - Optional PDF::API2 add-on using XS to speed up expensive operations

p5-pdf-builder @3.28.0 (perl)
PDF::Builder - Facilitates the creation and modification of PDF files

p5-pdf-reuse @0.430.0 (perl)
PDF::Reuse - Reuse and mass produce PDF documents

p5-text-pdf @0.310.0 (perl)
Perl module for creating and manipulating PDF files.

p5.28-cam-pdf @1.600.0 (perl)
Reads and writes any document that conforms to PDF v1.4

p5.28-pdf-api2 @2.48.0 (perl)
PDF::API2 - Create, modify, and examine PDF files

p5.28-pdf-api2-xs @1.2.0 (perl)
PDF::API2::XS - Optional PDF::API2 add-on using XS to speed up expensive operations

p5.28-pdf-builder @3.28.0 (perl)
PDF::Builder - Facilitates the creation and modification of PDF files

p5.28-pdf-reuse @0.430.0 (perl)
PDF::Reuse - Reuse and mass produce PDF documents

p5.28-text-pdf @0.310.0 (perl)
Perl module for creating and manipulating PDF files.

p5.30-cam-pdf @1.600.0 (perl)
Reads and writes any document that conforms to PDF v1.4

p5.30-pdf-api2 @2.48.0 (perl)
PDF::API2 - Create, modify, and examine PDF files

p5.30-pdf-api2-xs @1.2.0 (perl)
PDF::API2::XS - Optional PDF::API2 add-on using XS to speed up expensive operations

p5.30-pdf-builder @3.28.0 (perl)
PDF::Builder - Facilitates the creation and modification of PDF files

p5.30-pdf-reuse @0.430.0 (perl)
PDF::Reuse - Reuse and mass produce PDF documents

p5.30-text-pdf @0.310.0 (perl)
Perl module for creating and manipulating PDF files.

p5.32-cam-pdf @1.600.0 (perl)
Reads and writes any document that conforms to PDF v1.4

p5.32-pdf-api2 @2.48.0 (perl)
PDF::API2 - Create, modify, and examine PDF files

p5.32-pdf-api2-xs @1.2.0 (perl)
PDF::API2::XS - Optional PDF::API2 add-on using XS to speed up expensive operations

p5.32-pdf-builder @3.28.0 (perl)
PDF::Builder - Facilitates the creation and modification of PDF files

p5.32-pdf-reuse @0.430.0 (perl)
PDF::Reuse - Reuse and mass produce PDF documents

p5.32-text-pdf @0.310.0 (perl)
Perl module for creating and manipulating PDF files.

p5.34-cam-pdf @1.600.0 (perl)
Reads and writes any document that conforms to PDF v1.4

p5.34-pdf-api2 @2.48.0 (perl)
PDF::API2 - Create, modify, and examine PDF files

p5.34-pdf-api2-xs @1.2.0 (perl)
PDF::API2::XS - Optional PDF::API2 add-on using XS to speed up expensive operations

p5.34-pdf-builder @3.28.0 (perl)
PDF::Builder - Facilitates the creation and modification of PDF files

p5.34-pdf-reuse @0.430.0 (perl)
PDF::Reuse - Reuse and mass produce PDF documents

p5.34-text-pdf @0.310.0 (perl)
Perl module for creating and manipulating PDF files.

paps @0.8.0_1 (print)
Command line program for converting Unicode text encoded in UTF-8 to postscript and pdf by using pango

pdf2djvu @0.9.19_8 (graphics, textproc)
Convert PDF to DjVu

pdf2htmlex @0.11_23 (textproc)
A PDF to HTML converter

pdf2json @0.69 (textproc, pdf)
PDF to JSON conversion utility

pdf2svg @0.2.3_2 (graphics)
pdf to svg converter

pdfbox @0.7.3 (java, print)
PDFBox is a Java PDF Library

pdfcpu @0.11.1 (textproc)
PDF processor written in Go

pdfgrep @2.2.0_1 (textproc)
A tool to search text in PDF files.

pdfid @0.2.10 (security)
Tool to test a PDF file

pdfjam @4.2 (textproc, pdf)
pdfjam is a shell-script front end to the LaTeX 'pdfpages' package

pdfjam-extras @20191118 (textproc, pdf)
Various wrapper scripts that previously were distributed as part of the pdfjam package (prior to pdfjam 3.02)

pdflib @7.0.5p3 (print)
PDFlib Lite (Source Code) is a subset of PDFlib

pdfparser @0.7.6 (security)
parse a PDF document to identify the fundamental elements used

pdfpc @4.7.0 (graphics)
pdfpc is a GTK based presentation viewer application for GNU/Linux which uses Keynote like multi-monitor output to provide meta information to the speaker during the presentation.

pdfposter @0.8.1 (print, python)
scale and tile PDF images/pages to print on multiple pages

pdfresurrect @0.23 (textproc)
tool for analyzing PDF documents

pdfsandwich @0.1.7_3 (textproc, graphics)
a tool to make "sandwich" OCR pdf files

pdftk @2.02_1 (textproc, graphics, pdf)
Obsolete port, replaced by pdftk-java

pdftk-java @3.3.3 (textproc, graphics, pdf, java)
A port of pdftk into java

pdftohtml @0.40a (textproc)
pdf to html converter based on xpdf.

php-pdflib @4.1.4 (php, print, textproc)
PHP bindings for pdflib

php53-pdflib @4.1.4 (php, print, textproc)
PHP bindings for pdflib

php54-pdflib @4.1.4 (php, print, textproc)
PHP bindings for pdflib

php55-pdflib @4.1.4 (php, print, textproc)
PHP bindings for pdflib

php56-pdflib @4.1.4 (php, print, textproc)
PHP bindings for pdflib

php70-pdflib @4.1.4 (php, print, textproc)
PHP bindings for pdflib

php71-pdflib @4.1.4 (php, print, textproc)
PHP bindings for pdflib

php72-pdflib @4.1.4 (php, print, textproc)
PHP bindings for pdflib

php73-pdflib @4.1.4 (php, print, textproc)
PHP bindings for pdflib

php74-pdflib @4.1.4 (php, print, textproc)
PHP bindings for pdflib

pict2pdf @1.1 (graphics)
Vector-to-vector conversion of PICT files to PDF

podofo @0.9.8 (graphics)
PoDoFo is a library to work with the PDF file format.

podofo-0.10 @0.10.5 (graphics)
PoDoFo is a library to work with the PDF file format.

poppler @26.01.0 (graphics)
Poppler is a PDF rendering library based on the xpdf-3.0 code base.

poppler-devel @24.12.0_2 (graphics)
Poppler is a PDF rendering library based on the xpdf-3.0 code base.

poppler-devel-qt5 @24.12.0_2 (graphics)
Poppler is a PDF rendering library based on the xpdf-3.0 code base.

poppler-qt4-mac @0.61.1_3 (graphics)
Poppler is a PDF rendering library. This version is pegged to the last version to support qt4.

poppler-qt5 @26.01.0 (graphics)
Poppler is a PDF rendering library based on the xpdf-3.0 code base.

pstoedit @4.01 (graphics)
Translate PostScript and PDF to other vector formats

py-hanko @0.29.0 (python)
Tools for stamping and signing PDF files

py-img2pdf @0.6.3 (graphics, python)
Lossless conversion of raster images to PDF.

py-mupdf @1.24.2 (python, graphics)
Python bindings for MuPDF, a lightweight PDF, XPS, and E-book viewer, renderer and toolkit

py-pdfminer @20240706 (python)
Python pdf extraction package

py-pdfrw @0.4 (python, graphics)
Pure Python PDF file reader/writer library

py-pikepdf @10.3.0 (python, graphics)
pikepdf is based on QPDF, a powerful PDF manipulation and repair library.

py-pypdf @6.6.2 (python, devel)
A utility to read and write pdfs with Python

py-pyx @0.16 (python, tex)
Python package for the creation of PostScript, PDF, and SVG files

py-reportlab @4.4.6 (python, textproc)
Engine for creating PDF documents

py-rlpycairo @0.4.0 (python)
This is a plugin for the ReportLab PDF Toolkit.

py-sphinxcontrib-svg2pdfconverter @2.0.0 (python, textproc, devel)
sphinx extension that converts svg graphics files

py-xhtml2pdf @0.2.17 (python, textproc)
HTML/CSS to PDF converter based on Python

py27-pyx @0.12.1_1 (python, tex)
Python package for the creation of PostScript, PDF, and SVG files

py310-hanko @0.29.0 (python)
Tools for stamping and signing PDF files

py310-img2pdf @0.6.3 (graphics, python)
Lossless conversion of raster images to PDF.

py310-mupdf @1.24.2 (python, graphics)
Python bindings for MuPDF, a lightweight PDF, XPS, and E-book viewer, renderer and toolkit

py310-pdfminer @20240706 (python)
Python pdf extraction package

py310-pikepdf @10.3.0 (python, graphics)
pikepdf is based on QPDF, a powerful PDF manipulation and repair library.

py310-pypdf @6.6.2 (python, devel)
A utility to read and write pdfs with Python

py310-pyx @0.16 (python, tex)
Python package for the creation of PostScript, PDF, and SVG files

py310-reportlab @4.4.6 (python, textproc)
Engine for creating PDF documents

py310-rlpycairo @0.4.0 (python)
This is a plugin for the ReportLab PDF Toolkit.

py310-sphinxcontrib-svg2pdfconverter @2.0.0 (python, textproc, devel)
sphinx extension that converts svg graphics files

py310-xhtml2pdf @0.2.17 (python, textproc)
HTML/CSS to PDF converter based on Python

py311-hanko @0.29.0 (python)
Tools for stamping and signing PDF files

py311-img2pdf @0.6.3 (graphics, python)
Lossless conversion of raster images to PDF.

py311-mupdf @1.24.2 (python, graphics)
Python bindings for MuPDF, a lightweight PDF, XPS, and E-book viewer, renderer and toolkit

py311-pdfminer @20240706 (python)
Python pdf extraction package

py311-pdfrw @0.4 (python, graphics)
Pure Python PDF file reader/writer library

py311-pikepdf @10.3.0 (python, graphics)
pikepdf is based on QPDF, a powerful PDF manipulation and repair library.

py311-pypdf @6.6.2 (python, devel)
A utility to read and write pdfs with Python

py311-pyx @0.16 (python, tex)
Python package for the creation of PostScript, PDF, and SVG files

py311-reportlab @4.4.6 (python, textproc)
Engine for creating PDF documents

py311-rlpycairo @0.4.0 (python)
This is a plugin for the ReportLab PDF Toolkit.

py311-sphinxcontrib-svg2pdfconverter @2.0.0 (python, textproc, devel)
sphinx extension that converts svg graphics files

py311-xhtml2pdf @0.2.17 (python, textproc)
HTML/CSS to PDF converter based on Python

py312-hanko @0.29.0 (python)
Tools for stamping and signing PDF files

py312-img2pdf @0.6.3 (graphics, python)
Lossless conversion of raster images to PDF.

py312-mupdf @1.24.2 (python, graphics)
Python bindings for MuPDF, a lightweight PDF, XPS, and E-book viewer, renderer and toolkit

py312-pdfminer @20240706 (python)
Python pdf extraction package

py312-pikepdf @10.3.0 (python, graphics)
pikepdf is based on QPDF, a powerful PDF manipulation and repair library.

py312-pypdf @6.6.2 (python, devel)
A utility to read and write pdfs with Python

py312-pyx @0.16 (python, tex)
Python package for the creation of PostScript, PDF, and SVG files

py312-reportlab @4.4.6 (python, textproc)
Engine for creating PDF documents

py312-rlpycairo @0.4.0 (python)
This is a plugin for the ReportLab PDF Toolkit.

py312-sphinxcontrib-svg2pdfconverter @2.0.0 (python, textproc, devel)
sphinx extension that converts svg graphics files

py312-xhtml2pdf @0.2.17 (python, textproc)
HTML/CSS to PDF converter based on Python

py313-hanko @0.29.0 (python)
Tools for stamping and signing PDF files

py313-img2pdf @0.6.3 (graphics, python)
Lossless conversion of raster images to PDF.

py313-pdfminer @20240706 (python)
Python pdf extraction package

py313-pikepdf @10.3.0 (python, graphics)
pikepdf is based on QPDF, a powerful PDF manipulation and repair library.

py313-pypdf @6.6.2 (python, devel)
A utility to read and write pdfs with Python

py313-reportlab @4.4.6 (python, textproc)
Engine for creating PDF documents

py313-rlpycairo @0.4.0 (python)
This is a plugin for the ReportLab PDF Toolkit.

py313-sphinxcontrib-svg2pdfconverter @2.0.0 (python, textproc, devel)
sphinx extension that converts svg graphics files

py314-img2pdf @0.6.3 (graphics, python)
Lossless conversion of raster images to PDF.

py314-pikepdf @10.3.0 (python, graphics)
pikepdf is based on QPDF, a powerful PDF manipulation and repair library.

py314-pypdf @6.6.2 (python, devel)
A utility to read and write pdfs with Python

py314-reportlab @4.4.6 (python, textproc)
Engine for creating PDF documents

py314-sphinxcontrib-svg2pdfconverter @2.0.0 (python, textproc, devel)
sphinx extension that converts svg graphics files

pympress @1.8.5 (graphics, python)
PDF presentation tool

qpdf @12.3.2 (textproc, pdf)
content-preserving PDF transformation system

R-BiocStyle @2.32.1 (R, science, bioconductor)
Provides standard formatting styles for Bioconductor PDF and HTML documents

R-doconv @0.3.2_2 (R, science, graphics)
Document conversion to PDF or PNG

R-Newdistns @2.1_2 (R, science, math)
Computes PDF, CDF, quantile, random numbers and measures of inference for 19 general families of distributions.

R-NovelDistns @0.1.0_2 (R, science, math)
Computes PDF, CDF, quantile, random numbers and measures of inference for 3 general families of distributions.

R-pdfCluster @1.0-4_1 (R, science, math)
Cluster analysis via non-parametric density estimation

R-pdfetch @0.3.1 (R, science, economics, finance, www)
Fetch economic and financial time series data

R-pdftools @3.4.1 (R, science, print)
Text extraction, rendering and converting of PDF documents

R-qpdf @1.3.4 (R, science, print)
Split, combine and compress PDF files

R-Rpoppler @0.1-3 (R, science, graphics)
PDF tools based on Poppler

R-rsvg @2.6.1 (R, science, graphics)
Render SVG images into PDF, PNG, EPS or Bitmap

ripgrep-all @0.10.10 (textproc)
rga: ripgrep, but also search in PDFs, E-Books, Office documents, zip, tar.gz, etc.

rst2pdf @0.104 (textproc, python)
Convert reStructured Text to PDF via ReportLab

sam2p @0.49.4_8 (graphics)
convert raster images to PostScript, PDF etc

wkhtmltopdf @0.12.3.2 (textproc, www)
Convert HTML to PDF using Webkit

xmlroff @0.6.3_5 (textproc)
An XSL formatter producing PDF and PostScript.

xpdf @4.05 (graphics, print)
Xpdf is a viewer for PDF files.

xpdf-arabic @2003-feb-16 (graphics, print)
Xpdf character mapping for Arabic

xpdf-chinese-simplified @2004-jul-27 (graphics, print)
Xpdf character mapping for simplified Chinese

xpdf-chinese-traditional @2004-jul-27 (graphics, print)
Xpdf character mapping for traditional Chinese

xpdf-cyrillic @2003-jun-28 (graphics, print)
Xpdf character mapping for Cyrillic

xpdf-greek @2003-jun-28 (graphics, print)
Xpdf character mapping for Greek

xpdf-hebrew @2003-feb-16 (graphics, print)
Xpdf character mapping for Hebrew

xpdf-japanese @2004-jul-27 (graphics, print)
Xpdf character mapping for Japanese

xpdf-korean @2005-jul-07 (graphics, print)
Xpdf character mapping for Korean

xpdf-latin2 @2002-oct-22 (graphics, print)
Xpdf character mapping for latin2

xpdf-thai @2002-jan-16 (graphics, print)
Xpdf character mapping for Thai

xpdf-tools @3.02 (graphics, print)
Wrapper port for xpdf CLI tools

xpdf-turkish @2002-apr-10 (graphics, print)
Xpdf character mapping for Turkish

yap-app @0.2_1 (gnustep)
Yap.app PostScript/PDF previewer

zathura-plugin-pdf-mupdf @0.3.6_2 (office)
The zathura-pdf-mupdf plugin adds PDF support to zathura.

zathura-plugin-pdf-poppler @0.2.9 (office)
The zathura-pdf-poppler plugin adds PDF support to zathura.

Found 185 ports.
