angle-grinder @0.19.6 (textproc, sysutils)
Slice and dice log files on the command line.

chaakoo @0.0.6 (sysutils)
Slice and dice your TMUX windows and panes

cl-slice @20210514 (lisp, www, devel)
Array slices for Common Lisp

p5-config-mvp-slicer @0.303.0 (perl)
Config::MVP::Slicer - Extract embedded plugin config from parent config

p5-dist-zilla-config-slicer @0.202.0 (perl)
Dist::Zilla::Config::Slicer - Config::MVP::Slicer customized for Dist::Zilla

p5-role-tiny @2.2.4 (perl)
Role::Tiny - Roles. Like a nouvelle cuisine portion size slice of Moose.

p5.28-config-mvp-slicer @0.303.0 (perl)
Config::MVP::Slicer - Extract embedded plugin config from parent config

p5.28-dist-zilla-config-slicer @0.202.0 (perl)
Dist::Zilla::Config::Slicer - Config::MVP::Slicer customized for Dist::Zilla

p5.28-role-tiny @2.2.4 (perl)
Role::Tiny - Roles. Like a nouvelle cuisine portion size slice of Moose.

p5.30-config-mvp-slicer @0.303.0 (perl)
Config::MVP::Slicer - Extract embedded plugin config from parent config

p5.30-dist-zilla-config-slicer @0.202.0 (perl)
Dist::Zilla::Config::Slicer - Config::MVP::Slicer customized for Dist::Zilla

p5.30-role-tiny @2.2.4 (perl)
Role::Tiny - Roles. Like a nouvelle cuisine portion size slice of Moose.

p5.32-config-mvp-slicer @0.303.0 (perl)
Config::MVP::Slicer - Extract embedded plugin config from parent config

p5.32-dist-zilla-config-slicer @0.202.0 (perl)
Dist::Zilla::Config::Slicer - Config::MVP::Slicer customized for Dist::Zilla

p5.32-role-tiny @2.2.4 (perl)
Role::Tiny - Roles. Like a nouvelle cuisine portion size slice of Moose.

p5.34-config-mvp-slicer @0.303.0 (perl)
Config::MVP::Slicer - Extract embedded plugin config from parent config

p5.34-dist-zilla-config-slicer @0.202.0 (perl)
Dist::Zilla::Config::Slicer - Config::MVP::Slicer customized for Dist::Zilla

p5.34-role-tiny @2.2.4 (perl)
Role::Tiny - Roles. Like a nouvelle cuisine portion size slice of Moose.

R-dslice @1.2.2_1 (R, science, math)
Dynamic Slicing

R-gammSlice @2.0-2_1 (R, science, math)
Generalized additive mixed model analysis via slice sampling

vpn-slice @0.16.1 (net)
vpnc-script replacement for split-tunnel setup

Found 21 ports.
