apitrace @13.0 (graphics, devel)
OpenGL API inspector

autotrace @0.31.10_1 (graphics)
Convert bitmaps to vector graphics

chaosreader @0.94 (net, security)
freeware tool to trace TCP/UDP/... sessions and fetch application data from snoop or tcpdump logs

cl-trivial-backtrace @20230111 (lisp, devel)
Portable simple API to work with backtraces in Common Lisp

dineroIV @7 (science)
cache simulator for memory reference traces

dnstracer @1.9 (net, sysutils)
trace a chain of DNS servers to the source

dtrace @370.40.1 (sysutils)
DTrace support tools

flamegraph @2024.10.20 (devel)
Stack trace visualizer

lft @3.93 (net, security)
Layer Four Traceroute - advanced traceroute tool

libbacktrace @20240410-7939218 (devel)
A C library that may be linked into a C/C++ program to produce symbolic backtraces

libpcapnav @0.8 (net, security)
A tcpdump tracefile navigation library

mftrace @1.2.16_1 (graphics)
Trace TeX bitmap font to PFA, PFB, or TTF font

mtr @0.96 (net)
traceroute and ping in a single tool

ocaml-memtrace @0.2.3 (ocaml, devel)
Streaming client for Memprof

p5-carp-always @0.160.0 (perl)
Carp::Always - Warns and dies noisily with stack backtraces

p5-catalyst-plugin-stacktrace @0.120.0 (perl)
Display a stack trace on the debug screen

p5-devel-dumptrace @0.290.0 (perl)
Evaluate and print out each line before it is executed.

p5-devel-stacktrace @2.50.0 (perl)
Stack trace and stack trace frame objects

p5-devel-stacktrace-ashtml @0.150.0 (perl)
Displays stack trace in HTML

p5-devel-stacktrace-extract @1.0.0 (perl)
Devel::StackTrace::Extract - Extract a stack trace from an exception object

p5-devel-trace @0.120.0 (perl)
Devel::Trace - Print out each line before it is executed (like sh -x)

p5-test-leaktrace @0.170.0 (perl)
Test::LeakTrace - Traces memory leaks

p5.28-carp-always @0.160.0 (perl)
Carp::Always - Warns and dies noisily with stack backtraces

p5.28-catalyst-plugin-stacktrace @0.120.0 (perl)
Display a stack trace on the debug screen

p5.28-devel-dumptrace @0.290.0 (perl)
Evaluate and print out each line before it is executed.

p5.28-devel-stacktrace @2.50.0 (perl)
Stack trace and stack trace frame objects

p5.28-devel-stacktrace-ashtml @0.150.0 (perl)
Displays stack trace in HTML

p5.28-devel-stacktrace-extract @1.0.0 (perl)
Devel::StackTrace::Extract - Extract a stack trace from an exception object

p5.28-devel-trace @0.120.0 (perl)
Devel::Trace - Print out each line before it is executed (like sh -x)

p5.28-test-leaktrace @0.170.0 (perl)
Test::LeakTrace - Traces memory leaks

p5.30-carp-always @0.160.0 (perl)
Carp::Always - Warns and dies noisily with stack backtraces

p5.30-catalyst-plugin-stacktrace @0.120.0 (perl)
Display a stack trace on the debug screen

p5.30-devel-dumptrace @0.290.0 (perl)
Evaluate and print out each line before it is executed.

p5.30-devel-stacktrace @2.50.0 (perl)
Stack trace and stack trace frame objects

p5.30-devel-stacktrace-ashtml @0.150.0 (perl)
Displays stack trace in HTML

p5.30-devel-stacktrace-extract @1.0.0 (perl)
Devel::StackTrace::Extract - Extract a stack trace from an exception object

p5.30-devel-trace @0.120.0 (perl)
Devel::Trace - Print out each line before it is executed (like sh -x)

p5.30-test-leaktrace @0.170.0 (perl)
Test::LeakTrace - Traces memory leaks

p5.32-carp-always @0.160.0 (perl)
Carp::Always - Warns and dies noisily with stack backtraces

p5.32-catalyst-plugin-stacktrace @0.120.0 (perl)
Display a stack trace on the debug screen

p5.32-devel-dumptrace @0.290.0 (perl)
Evaluate and print out each line before it is executed.

p5.32-devel-stacktrace @2.50.0 (perl)
Stack trace and stack trace frame objects

p5.32-devel-stacktrace-ashtml @0.150.0 (perl)
Displays stack trace in HTML

p5.32-devel-stacktrace-extract @1.0.0 (perl)
Devel::StackTrace::Extract - Extract a stack trace from an exception object

p5.32-devel-trace @0.120.0 (perl)
Devel::Trace - Print out each line before it is executed (like sh -x)

p5.32-test-leaktrace @0.170.0 (perl)
Test::LeakTrace - Traces memory leaks

p5.34-carp-always @0.160.0 (perl)
Carp::Always - Warns and dies noisily with stack backtraces

p5.34-catalyst-plugin-stacktrace @0.120.0 (perl)
Display a stack trace on the debug screen

p5.34-devel-dumptrace @0.290.0 (perl)
Evaluate and print out each line before it is executed.

p5.34-devel-stacktrace @2.50.0 (perl)
Stack trace and stack trace frame objects

p5.34-devel-stacktrace-ashtml @0.150.0 (perl)
Displays stack trace in HTML

p5.34-devel-stacktrace-extract @1.0.0 (perl)
Devel::StackTrace::Extract - Extract a stack trace from an exception object

p5.34-devel-trace @0.120.0 (perl)
Devel::Trace - Print out each line before it is executed (like sh -x)

p5.34-test-leaktrace @0.170.0 (perl)
Test::LeakTrace - Traces memory leaks

potrace @1.16 (graphics)
Transform bitmaps into vector graphics

povray @3.7.0.8_5 (graphics)
Persistence Of Vision RAYtracer

py-stack_data @0.6.3 (python, devel)
Library that extracts data from stack frames and tracebacks.

py-tblib @3.2.2 (python, devel)
Traceback serialization library.

py-tracer @2.0.0 (python)
A more flexible interface to sys.settrace

py39-stack_data @0.6.3 (python, devel)
Library that extracts data from stack frames and tracebacks.

py310-stack_data @0.6.3 (python, devel)
Library that extracts data from stack frames and tracebacks.

py310-tblib @3.2.2 (python, devel)
Traceback serialization library.

py310-tracer @2.0.0 (python)
A more flexible interface to sys.settrace

py311-stack_data @0.6.3 (python, devel)
Library that extracts data from stack frames and tracebacks.

py311-tblib @3.2.2 (python, devel)
Traceback serialization library.

py311-tracer @2.0.0 (python)
A more flexible interface to sys.settrace

py312-stack_data @0.6.3 (python, devel)
Library that extracts data from stack frames and tracebacks.

py312-tblib @3.2.2 (python, devel)
Traceback serialization library.

py312-tracer @2.0.0 (python)
A more flexible interface to sys.settrace

py313-stack_data @0.6.3 (python, devel)
Library that extracts data from stack frames and tracebacks.

py313-tblib @3.2.2 (python, devel)
Traceback serialization library.

py313-tracer @2.0.0 (python)
A more flexible interface to sys.settrace

py314-stack_data @0.6.3 (python, devel)
Library that extracts data from stack frames and tracebacks.

py314-tblib @3.2.2 (python, devel)
Traceback serialization library.

R-basicMCMCplots @0.2.7 (R, science, math)
Trace plots, density plots and chain comparisons for MCMC samples

R-winch @0.1.1.9000_1 (R, science, devel)
Portable native and joint stack traces

sweeper @4.14.3_3 (kde, kde4)
Clean unwanted traces from your system.

tcptrace @6.6.7_1 (net)
A TCP dump file analysis tool

tcptraceroute @1.5beta7_1 (net)
a traceroute implementation using TCP packets

traceroute @1.4a12 (net)
a traceroute implementation using ICMP packets

xplot @0.90.7.1 (math, science)
xplot was written in the late 1980s to support the analysis of TCP packet traces.

Found 81 ports.
