abgx360 @1.0.6 (games)
Xbox 360 disc checker

actionlint @1.7.10 (devel)
Static checker for GitHub Actions workflow files

amavisd-new @2.11.1_1 (mail)
amavisd-new is a high-performance interface between mailer (MTA) and content checkers: virus scanners, and/or SpamAssassin.

ansible-lint @26.1.1_1 (sysutils)
Best practices checker for Ansible playbooks

aspell @0.60.8.1 (textproc)
Spell checker with better logic than ispell

asused @3.72_1 (net)
Command-line tool to run a check on the usage of the RIPE Whois DB

audacious @4.5.1 (audio)
Meta port for audacious-core and audacious-plugins. Please check the variants on both audacious-core and audacious-plugins.

beets-check @0.15.0 (audio)
beets plugin verifying file integrity with checksums

bibclean @2.17 (tex)
BibTeX bibliography prettyprinter and syntax checker

check @0.15.2 (devel)
C unit testing framework

checkdns @0.5 (net)
A domain name server analysis and reporting tool

checkmake @0.2.2 (devel)
experimental tool for linting and checking Makefiles

checkpassword-pam @0.99_1 (security)
implementation of checkpassword-compatible auth program

checkssl @0.6.0 (sysutils, devel)
checkssl - simple command line tool to check or monitor your https certificate

checkstyle @4.3 (java, lang)
CheckStyle is a Java source code analyzer

chkrootkit @0.55 (sysutils)
chkrootkit is a tool to locally check for signs of a rootkit

cl-checkl @20180316 (lisp, devel)
Why write programs in Common Lisp but tests like Java? Meet CheckL!

cl-enchant @2021.11 (lisp, devel)
Programming interface for Enchant spell-checker library for Common Lisp.

cl-type-i @20230127 (lisp, devel)
Type Inference Utility on unary type-checking predicates

clamsmtp @1.10 (mail, security)
SMTP filter checking for viruses using the ClamAV anti-virus

codespell @2.4.1_1 (python, textproc, devel)
codespell: check code for common misspellings

cppcheck @2.19.1 (devel)
Static analysis of C and C++ code.

ctool @1.2.3_5 (security)
ctool is a checksumming application.

dcc @2.3.169 (mail)
The Distributed Checksum Clearinghouses or DCC is an anti-spam content filter that runs on a variety of operating systems.

depu @1.0.5 (devel)
A tool to check available updates of packages in go.mod

dosfstools @4.2 (sysutils)
dosfstools consists of the programs mkfs.fat, fsck.fat and fatlabel to create, check and label file systems of the FAT family.

editorconfig-checker @3.6.1 (devel)
A tool to verify that your files are in harmony with your .editorconfig

enchant @1.6.0_7 (textproc, devel)
Spellchecker wrapping library

enchant2 @2.8.12 (textproc, devel)
Generic spell checking library

epubcheck @5.3.0 (textproc)
EPUB validator

eqwalizer @0.25.3 (erlang, devel)
A type-checker for Erlang

f77chk @1.2.2f_1 (devel)
Fortran77 source code checker

fping @5.3 (net)
A scriptable ping program to check if multiple hosts are up

fs-check @0.9 (sysutils)
checks filesystem if they are getting too full

fuzz @0.6_2 (devel, security)
Software security checking tool

ghsum @0.1.1_1 (devel, shells, macports)
Helper to checksum GitHub tags

git-annex @10.20250828 (devel, haskell)
git-annex allows managing files with git, without checking the file contents into git

gomodctl @0.5.0 (devel)
Search, Check, and Update Go modules.

gosec @2.22.8 (security)
Golang security checker. Inspects source code for security problems by scanning the Go AST.

govulncheck @1.1.4 (security, devel)
Govulncheck reports known vulnerabilities that affect Go code

gspell @1.12.2_1 (gnome)
gspell - a spell-checking library for GTK+

hunspell @1.7.2 (textproc)
Spell checker and morphological analyzer

icmpmonitor @1.2 (net)
simple network monitor using icmp to check for hosts

ipcheck @0.242_1 (net)
dynamic dns client written in python

ispell @3.4.06 (textproc, spelling)
An interactive spelling checker for multiple languages

jtidy @04aug2000r7 (java, devel, textproc)
Java library for syntax checking and pretty printing HTML

ktoblzcheck @1.59 (devel, finance)
a library to check bank account numbers and bank codes

kube-linter @0.8.2 (devel)
KubeLinter is a static analysis tool that checks Kubernetes YAML files and Helm charts to ensure the applications represented in them adhere to best practices.

libhsts @0.1.0_1 (www, devel)
Library to easily check a domain against the Chromium HSTS Preload list.

libpwquality @1.4.0_2 (devel)
A library for password quality checking and the generation of random passwords that pass the checks.

linkchecker @10.6.0_1 (www, python)
linkchecker for html pages

logsentry @1.1.1 (security)
logfile auditing tool (previously logcheck)

lua-checks @1.0 (lua, devel)
Provides a `checks()` function for Lua

lua-luacheck @1.1.0 (lua, devel)
A tool for linting and static analysis of Lua code

lua-md5 @1.3 (lua, devel)
checksum facilities for Lua

lua51-checks @1.0 (lua, devel)
Provides a `checks()` function for Lua

lua51-luacheck @1.1.0 (lua, devel)
A tool for linting and static analysis of Lua code

lua51-md5 @1.3 (lua, devel)
checksum facilities for Lua

lua52-checks @1.0 (lua, devel)
Provides a `checks()` function for Lua

lua52-luacheck @1.1.0 (lua, devel)
A tool for linting and static analysis of Lua code

lua52-md5 @1.3 (lua, devel)
checksum facilities for Lua

lua53-checks @1.0 (lua, devel)
Provides a `checks()` function for Lua

lua53-luacheck @1.1.0 (lua, devel)
A tool for linting and static analysis of Lua code

lua53-md5 @1.3 (lua, devel)
checksum facilities for Lua

lua54-checks @1.0 (lua, devel)
Provides a `checks()` function for Lua

lua54-luacheck @1.1.0 (lua, devel)
A tool for linting and static analysis of Lua code

lua54-md5 @1.3 (lua, devel)
checksum facilities for Lua

luacheck_select @0.1_1 (lua)
Common files for selecting default luacheck version

lychee @0.21.0 (devel)
A fast, async, stream-based link checker written in Rust.

MacBiff @1.1.16_2 (aqua, net)
IMAP email checker

mp3_check @1.98_1 (audio)
mp3 format validator

mp3val @0.1.8 (audio)
mp3val is a small, high-speed, free software tool for checking MPEG audio files' integrity.

nagelfar @1.3.5 (lang)
A Tcl Syntax checker

newmail @1.0.1_2 (mail)
Utility to check for new mail in multiple mailboxes

nusmv @2.6.0_1 (devel, math)
The NuSMV model checker

nuspell @5.1.7 (textproc)
Fast and safe spellchecking C++ library

nvchecker @2.20 (devel, python)
New version checker for software

ocaml-base_quickcheck @0.16.0_1 (ocaml, devel)
Randomized testing framework

p5-b-cow @0.7.0 (perl)
B::COW - additional B helpers to check Copy-On-Write status

p5-b-hooks-op-check @0.220.0 (perl)
Wrap OP check callbacks

p5-b-hooks-op-check-stashchange @0.60.0_4 (perl)
Invoke callbacks when the stash code is being compiled in changes

p5-canary-stability @2013 (perl)
Canary::Stability - canary to check perl compatibility

p5-catalystx-leakchecker @0.60.0_1 (perl)
CatalystX::LeakChecker - Debug memory leaks in Catalyst applications

p5-check-isa @0.90.0 (perl)
Check::ISA - DWIM, correct checking of an object's class

p5-cpan-meta-check @0.18.0 (perl)
CPAN::Meta::Check - Verify requirements in a CPAN::Meta object

p5-devel-checkbin @0.40.0 (perl)
Devel::CheckBin - check that a command is available

p5-devel-checkcompiler @0.70.0 (perl)
Check the compiler's availability

p5-devel-checklib @1.160.0_1 (perl)
check that a library is available

p5-devel-checkos @2.40.0 (perl)
Devel::CheckOS - check what OS we're running on

p5-dist-checkconflicts @0.110.0_2 (perl)
declare version conflicts for your dist

p5-dist-zilla-plugin-checkextratests @0.29.0 (perl)
Dist::Zilla::Plugin::CheckExtraTests - check xt tests before release

p5-dist-zilla-plugin-checkissues @0.11.0 (perl)
Dist::Zilla::Plugin::CheckIssues - Retrieve count of outstanding RT and github issues for your distribution

p5-dist-zilla-plugin-checkmetaresources @0.1.0 (perl)
Dist::Zilla::Plugin::CheckMetaResources - Ensure META includes resources

p5-dist-zilla-plugin-checkprereqsindexed @0.22.0 (perl)
Dist::Zilla::Plugin::CheckPrereqsIndexed - prevent a release if you have prereqs not found on CPAN

p5-dist-zilla-plugin-checkselfdependency @0.11.0 (perl)
Dist::Zilla::Plugin::CheckSelfDependency - Check if your distribution declares a dependency on itself

p5-dist-zilla-plugin-checkstrictversion @0.1.0 (perl)
Dist::Zilla::Plugin::CheckStrictVersion - BeforeRelease plugin to check for a strict version number

p5-dist-zilla-plugin-git-remote-check @0.1.2 (perl)
Dist::Zilla::Plugin::Git::Remote::Check - Ensure no pending commits on a remote branch before release

p5-dist-zilla-plugin-promptifstale @0.60.0 (perl)
Dist::Zilla::Plugin::PromptIfStale - Check at build/release time if modules are out of date

p5-dist-zilla-plugin-test-compile @2.59.0 (perl)
Dist::Zilla::Plugin::Test::Compile - Common tests to check syntax of your modules

p5-dist-zilla-pluginbundle-git-checkfor @0.14.0 (perl)
Dist::Zilla::PluginBundle::Git::CheckFor - All Git::CheckFor plugins at once

p5-email-valid @1.204.0 (perl)
Check validity of Internet email addresses

p5-extutils-cchecker @0.120.0 (perl)
ExtUtils::CChecker - configure-time utilities for using C headers, libraries, or OS features

p5-extutils-hascompiler @0.25.0 (perl)
ExtUtils::HasCompiler - Check for the presence of a compiler

p5-extutils-manifest @1.750.0 (perl)
ExtUtils::Manifest - Utilities to write and check a MANIFEST file

p5-ffi-checklib @0.310.0 (perl)
FFI::CheckLib - Check that a library is available for FFI

p5-file-modified @0.100.0 (perl)
checks intelligently if files have changed

p5-html-lint @2.320.0 (perl)
a pure-Perl HTML parser and checker for syntactic legitmacy

p5-moosex-types-perl @0.101.344 (perl)
MooseX::Types::Perl - Moose types that check against Perl syntax

p5-moox-typetiny @0.2.3 (perl)
MooX::TypeTiny - Optimized type checks for Moo + Type::Tiny

p5-net-ip-checker @0.30.0 (perl)
Net::IP::Checker - IPv4/IPv6 addresses validator

p5-params-check @0.380.0_1 (perl)
A generic input parsing/checking mechanism

p5-params-util @1.102.0 (perl)
Simple, compact and correct param-checking functions

p5-pod-coverage @0.230.0_2 (perl)
Checks if the documentation of a module is comprehensive

p5-pod-spell @1.270.0 (perl)
Pod::Spell - a formatter for spellchecking Pod

p5-ref-util @0.204.0 (perl)
Ref::Util - Utility functions for checking references

p5-string-crc32 @2.100.0 (perl)
Perl interface for cyclic redundency check generation

p5-test-checkdeps @0.10.0 (perl)
Test::CheckDeps - Check for presence of dependencies

p5-test-cleannamespaces @0.240.0 (perl)
Test::CleanNamespaces - Check for uncleaned imports

p5-test-compile @3.3.3 (perl)
Check whether Perl files compile correctly

p5-test-eol @2.20.0 (perl)
Test::EOL - Check the correct line endings in your project

p5-test-expectandcheck @0.80.0 (perl)
Test::ExpectAndCheck - expect/check-style unit testing with object methods

p5-test-memory-cycle @1.60.0 (perl)
Check for memory leaks and circular memory references

p5-test-mojibake @1.300.0 (perl)
Test::Mojibake - check your source for encoding misbehavior

p5-test-notabs @2.20.0 (perl)
Test::NoTabs - Check the presence of tabs in your project

p5-test-perltidy @20260110 (perl)
Check that all your files are tidy.

p5-test-pod @1.520.0 (perl)
check for POD errors in files

p5-test-pod-coverage @1.100.0_1 (perl)
Check for pod coverage in a distribution

p5-test-portability-files @0.100.0 (perl)
Check file names portability

p5-test-requires @0.110.0 (perl)
Checks to see if the module can be loaded

p5-test-spelling @0.250.0 (perl)
Test::Spelling - Check for spelling errors in POD files

p5-test-strict @0.540.0 (perl)
Test::Strict - Check syntax, presence of 'use strict' and test coverage

p5-test-version @2.90.0 (perl)
Test::Version - Check to see that versions in modules are sane

p5-text-spellchecker @0.140.0 (perl)
OO interface for spell-checking a block of text

p5-unicode-checkutf8 @1.30.0 (perl)
Unicode::CheckUTF8 - checks if scalar is valid UTF-8

p5-xml-checker @0.130.0 (perl)
XML::Checker - A perl module for validating XML

p5-xs-check @0.140.0 (perl)
XS::Check - Check XS for some common problems

p5.28-b-cow @0.7.0 (perl)
B::COW - additional B helpers to check Copy-On-Write status

p5.28-b-hooks-op-check @0.220.0 (perl)
Wrap OP check callbacks

p5.28-b-hooks-op-check-stashchange @0.60.0_4 (perl)
Invoke callbacks when the stash code is being compiled in changes

p5.28-canary-stability @2013 (perl)
Canary::Stability - canary to check perl compatibility

p5.28-catalystx-leakchecker @0.60.0_1 (perl)
CatalystX::LeakChecker - Debug memory leaks in Catalyst applications

p5.28-check-isa @0.90.0 (perl)
Check::ISA - DWIM, correct checking of an object's class

p5.28-cpan-meta-check @0.18.0 (perl)
CPAN::Meta::Check - Verify requirements in a CPAN::Meta object

p5.28-devel-checkbin @0.40.0 (perl)
Devel::CheckBin - check that a command is available

p5.28-devel-checkcompiler @0.70.0 (perl)
Check the compiler's availability

p5.28-devel-checklib @1.160.0_1 (perl)
check that a library is available

p5.28-devel-checkos @2.40.0 (perl)
Devel::CheckOS - check what OS we're running on

p5.28-dist-checkconflicts @0.110.0_2 (perl)
declare version conflicts for your dist

p5.28-dist-zilla-plugin-checkextratests @0.29.0 (perl)
Dist::Zilla::Plugin::CheckExtraTests - check xt tests before release

p5.28-dist-zilla-plugin-checkissues @0.11.0 (perl)
Dist::Zilla::Plugin::CheckIssues - Retrieve count of outstanding RT and github issues for your distribution

p5.28-dist-zilla-plugin-checkmetaresources @0.1.0 (perl)
Dist::Zilla::Plugin::CheckMetaResources - Ensure META includes resources

p5.28-dist-zilla-plugin-checkprereqsindexed @0.22.0 (perl)
Dist::Zilla::Plugin::CheckPrereqsIndexed - prevent a release if you have prereqs not found on CPAN

p5.28-dist-zilla-plugin-checkselfdependency @0.11.0 (perl)
Dist::Zilla::Plugin::CheckSelfDependency - Check if your distribution declares a dependency on itself

p5.28-dist-zilla-plugin-checkstrictversion @0.1.0 (perl)
Dist::Zilla::Plugin::CheckStrictVersion - BeforeRelease plugin to check for a strict version number

p5.28-dist-zilla-plugin-git-remote-check @0.1.2 (perl)
Dist::Zilla::Plugin::Git::Remote::Check - Ensure no pending commits on a remote branch before release

p5.28-dist-zilla-plugin-promptifstale @0.60.0 (perl)
Dist::Zilla::Plugin::PromptIfStale - Check at build/release time if modules are out of date

p5.28-dist-zilla-plugin-test-compile @2.59.0 (perl)
Dist::Zilla::Plugin::Test::Compile - Common tests to check syntax of your modules

p5.28-dist-zilla-pluginbundle-git-checkfor @0.14.0 (perl)
Dist::Zilla::PluginBundle::Git::CheckFor - All Git::CheckFor plugins at once

p5.28-email-valid @1.204.0 (perl)
Check validity of Internet email addresses

p5.28-extutils-cchecker @0.120.0 (perl)
ExtUtils::CChecker - configure-time utilities for using C headers, libraries, or OS features

p5.28-extutils-hascompiler @0.25.0 (perl)
ExtUtils::HasCompiler - Check for the presence of a compiler

p5.28-extutils-manifest @1.750.0 (perl)
ExtUtils::Manifest - Utilities to write and check a MANIFEST file

p5.28-ffi-checklib @0.310.0 (perl)
FFI::CheckLib - Check that a library is available for FFI

p5.28-file-modified @0.100.0 (perl)
checks intelligently if files have changed

p5.28-html-lint @2.320.0 (perl)
a pure-Perl HTML parser and checker for syntactic legitmacy

p5.28-moosex-types-perl @0.101.344 (perl)
MooseX::Types::Perl - Moose types that check against Perl syntax

p5.28-moox-typetiny @0.2.3 (perl)
MooX::TypeTiny - Optimized type checks for Moo + Type::Tiny

p5.28-net-ip-checker @0.30.0 (perl)
Net::IP::Checker - IPv4/IPv6 addresses validator

p5.28-params-check @0.380.0_1 (perl)
A generic input parsing/checking mechanism

p5.28-params-util @1.102.0 (perl)
Simple, compact and correct param-checking functions

p5.28-pod-coverage @0.230.0_2 (perl)
Checks if the documentation of a module is comprehensive

p5.28-pod-spell @1.270.0 (perl)
Pod::Spell - a formatter for spellchecking Pod

p5.28-ref-util @0.204.0 (perl)
Ref::Util - Utility functions for checking references

p5.28-string-crc32 @2.100.0 (perl)
Perl interface for cyclic redundency check generation

p5.28-test-checkdeps @0.10.0 (perl)
Test::CheckDeps - Check for presence of dependencies

p5.28-test-cleannamespaces @0.240.0 (perl)
Test::CleanNamespaces - Check for uncleaned imports

p5.28-test-compile @3.3.3 (perl)
Check whether Perl files compile correctly

p5.28-test-eol @2.20.0 (perl)
Test::EOL - Check the correct line endings in your project

p5.28-test-expectandcheck @0.80.0 (perl)
Test::ExpectAndCheck - expect/check-style unit testing with object methods

p5.28-test-memory-cycle @1.60.0 (perl)
Check for memory leaks and circular memory references

p5.28-test-mojibake @1.300.0 (perl)
Test::Mojibake - check your source for encoding misbehavior

p5.28-test-notabs @2.20.0 (perl)
Test::NoTabs - Check the presence of tabs in your project

p5.28-test-perltidy @20260110 (perl)
Check that all your files are tidy.

p5.28-test-pod @1.520.0 (perl)
check for POD errors in files

p5.28-test-pod-coverage @1.100.0_1 (perl)
Check for pod coverage in a distribution

p5.28-test-portability-files @0.100.0 (perl)
Check file names portability

p5.28-test-requires @0.110.0 (perl)
Checks to see if the module can be loaded

p5.28-test-spelling @0.250.0 (perl)
Test::Spelling - Check for spelling errors in POD files

p5.28-test-strict @0.540.0 (perl)
Test::Strict - Check syntax, presence of 'use strict' and test coverage

p5.28-test-version @2.90.0 (perl)
Test::Version - Check to see that versions in modules are sane

p5.28-text-spellchecker @0.140.0 (perl)
OO interface for spell-checking a block of text

p5.28-unicode-checkutf8 @1.30.0 (perl)
Unicode::CheckUTF8 - checks if scalar is valid UTF-8

p5.28-xml-checker @0.130.0 (perl)
XML::Checker - A perl module for validating XML

p5.28-xs-check @0.140.0 (perl)
XS::Check - Check XS for some common problems

p5.30-b-cow @0.7.0 (perl)
B::COW - additional B helpers to check Copy-On-Write status

p5.30-b-hooks-op-check @0.220.0 (perl)
Wrap OP check callbacks

p5.30-b-hooks-op-check-stashchange @0.60.0_4 (perl)
Invoke callbacks when the stash code is being compiled in changes

p5.30-canary-stability @2013 (perl)
Canary::Stability - canary to check perl compatibility

p5.30-catalystx-leakchecker @0.60.0_1 (perl)
CatalystX::LeakChecker - Debug memory leaks in Catalyst applications

p5.30-check-isa @0.90.0 (perl)
Check::ISA - DWIM, correct checking of an object's class

p5.30-cpan-meta-check @0.18.0 (perl)
CPAN::Meta::Check - Verify requirements in a CPAN::Meta object

p5.30-devel-checkbin @0.40.0 (perl)
Devel::CheckBin - check that a command is available

p5.30-devel-checkcompiler @0.70.0 (perl)
Check the compiler's availability

p5.30-devel-checklib @1.160.0_1 (perl)
check that a library is available

p5.30-devel-checkos @2.40.0 (perl)
Devel::CheckOS - check what OS we're running on

p5.30-dist-checkconflicts @0.110.0_2 (perl)
declare version conflicts for your dist

p5.30-dist-zilla-plugin-checkextratests @0.29.0 (perl)
Dist::Zilla::Plugin::CheckExtraTests - check xt tests before release

p5.30-dist-zilla-plugin-checkissues @0.11.0 (perl)
Dist::Zilla::Plugin::CheckIssues - Retrieve count of outstanding RT and github issues for your distribution

p5.30-dist-zilla-plugin-checkmetaresources @0.1.0 (perl)
Dist::Zilla::Plugin::CheckMetaResources - Ensure META includes resources

p5.30-dist-zilla-plugin-checkprereqsindexed @0.22.0 (perl)
Dist::Zilla::Plugin::CheckPrereqsIndexed - prevent a release if you have prereqs not found on CPAN

p5.30-dist-zilla-plugin-checkselfdependency @0.11.0 (perl)
Dist::Zilla::Plugin::CheckSelfDependency - Check if your distribution declares a dependency on itself

p5.30-dist-zilla-plugin-checkstrictversion @0.1.0 (perl)
Dist::Zilla::Plugin::CheckStrictVersion - BeforeRelease plugin to check for a strict version number

p5.30-dist-zilla-plugin-git-remote-check @0.1.2 (perl)
Dist::Zilla::Plugin::Git::Remote::Check - Ensure no pending commits on a remote branch before release

p5.30-dist-zilla-plugin-promptifstale @0.60.0 (perl)
Dist::Zilla::Plugin::PromptIfStale - Check at build/release time if modules are out of date

p5.30-dist-zilla-plugin-test-compile @2.59.0 (perl)
Dist::Zilla::Plugin::Test::Compile - Common tests to check syntax of your modules

p5.30-dist-zilla-pluginbundle-git-checkfor @0.14.0 (perl)
Dist::Zilla::PluginBundle::Git::CheckFor - All Git::CheckFor plugins at once

p5.30-email-valid @1.204.0 (perl)
Check validity of Internet email addresses

p5.30-extutils-cchecker @0.120.0 (perl)
ExtUtils::CChecker - configure-time utilities for using C headers, libraries, or OS features

p5.30-extutils-hascompiler @0.25.0 (perl)
ExtUtils::HasCompiler - Check for the presence of a compiler

p5.30-extutils-manifest @1.750.0 (perl)
ExtUtils::Manifest - Utilities to write and check a MANIFEST file

p5.30-ffi-checklib @0.310.0 (perl)
FFI::CheckLib - Check that a library is available for FFI

p5.30-file-modified @0.100.0 (perl)
checks intelligently if files have changed

p5.30-html-lint @2.320.0 (perl)
a pure-Perl HTML parser and checker for syntactic legitmacy

p5.30-moosex-types-perl @0.101.344 (perl)
MooseX::Types::Perl - Moose types that check against Perl syntax

p5.30-moox-typetiny @0.2.3 (perl)
MooX::TypeTiny - Optimized type checks for Moo + Type::Tiny

p5.30-net-ip-checker @0.30.0 (perl)
Net::IP::Checker - IPv4/IPv6 addresses validator

p5.30-params-check @0.380.0_1 (perl)
A generic input parsing/checking mechanism

p5.30-params-util @1.102.0 (perl)
Simple, compact and correct param-checking functions

p5.30-pod-coverage @0.230.0_2 (perl)
Checks if the documentation of a module is comprehensive

p5.30-pod-spell @1.270.0 (perl)
Pod::Spell - a formatter for spellchecking Pod

p5.30-ref-util @0.204.0 (perl)
Ref::Util - Utility functions for checking references

p5.30-string-crc32 @2.100.0 (perl)
Perl interface for cyclic redundency check generation

p5.30-test-checkdeps @0.10.0 (perl)
Test::CheckDeps - Check for presence of dependencies

p5.30-test-cleannamespaces @0.240.0 (perl)
Test::CleanNamespaces - Check for uncleaned imports

p5.30-test-compile @3.3.3 (perl)
Check whether Perl files compile correctly

p5.30-test-eol @2.20.0 (perl)
Test::EOL - Check the correct line endings in your project

p5.30-test-expectandcheck @0.80.0 (perl)
Test::ExpectAndCheck - expect/check-style unit testing with object methods

p5.30-test-memory-cycle @1.60.0 (perl)
Check for memory leaks and circular memory references

p5.30-test-mojibake @1.300.0 (perl)
Test::Mojibake - check your source for encoding misbehavior

p5.30-test-notabs @2.20.0 (perl)
Test::NoTabs - Check the presence of tabs in your project

p5.30-test-perltidy @20260110 (perl)
Check that all your files are tidy.

p5.30-test-pod @1.520.0 (perl)
check for POD errors in files

p5.30-test-pod-coverage @1.100.0_1 (perl)
Check for pod coverage in a distribution

p5.30-test-portability-files @0.100.0 (perl)
Check file names portability

p5.30-test-requires @0.110.0 (perl)
Checks to see if the module can be loaded

p5.30-test-spelling @0.250.0 (perl)
Test::Spelling - Check for spelling errors in POD files

p5.30-test-strict @0.540.0 (perl)
Test::Strict - Check syntax, presence of 'use strict' and test coverage

p5.30-test-version @2.90.0 (perl)
Test::Version - Check to see that versions in modules are sane

p5.30-text-spellchecker @0.140.0 (perl)
OO interface for spell-checking a block of text

p5.30-unicode-checkutf8 @1.30.0 (perl)
Unicode::CheckUTF8 - checks if scalar is valid UTF-8

p5.30-xml-checker @0.130.0 (perl)
XML::Checker - A perl module for validating XML

p5.30-xs-check @0.140.0 (perl)
XS::Check - Check XS for some common problems

p5.32-b-cow @0.7.0 (perl)
B::COW - additional B helpers to check Copy-On-Write status

p5.32-b-hooks-op-check @0.220.0 (perl)
Wrap OP check callbacks

p5.32-b-hooks-op-check-stashchange @0.60.0_4 (perl)
Invoke callbacks when the stash code is being compiled in changes

p5.32-canary-stability @2013 (perl)
Canary::Stability - canary to check perl compatibility

p5.32-catalystx-leakchecker @0.60.0_1 (perl)
CatalystX::LeakChecker - Debug memory leaks in Catalyst applications

p5.32-check-isa @0.90.0 (perl)
Check::ISA - DWIM, correct checking of an object's class

p5.32-cpan-meta-check @0.18.0 (perl)
CPAN::Meta::Check - Verify requirements in a CPAN::Meta object

p5.32-devel-checkbin @0.40.0 (perl)
Devel::CheckBin - check that a command is available

p5.32-devel-checkcompiler @0.70.0 (perl)
Check the compiler's availability

p5.32-devel-checklib @1.160.0_1 (perl)
check that a library is available

p5.32-devel-checkos @2.40.0 (perl)
Devel::CheckOS - check what OS we're running on

p5.32-dist-checkconflicts @0.110.0_2 (perl)
declare version conflicts for your dist

p5.32-dist-zilla-plugin-checkextratests @0.29.0 (perl)
Dist::Zilla::Plugin::CheckExtraTests - check xt tests before release

p5.32-dist-zilla-plugin-checkissues @0.11.0 (perl)
Dist::Zilla::Plugin::CheckIssues - Retrieve count of outstanding RT and github issues for your distribution

p5.32-dist-zilla-plugin-checkmetaresources @0.1.0 (perl)
Dist::Zilla::Plugin::CheckMetaResources - Ensure META includes resources

p5.32-dist-zilla-plugin-checkprereqsindexed @0.22.0 (perl)
Dist::Zilla::Plugin::CheckPrereqsIndexed - prevent a release if you have prereqs not found on CPAN

p5.32-dist-zilla-plugin-checkselfdependency @0.11.0 (perl)
Dist::Zilla::Plugin::CheckSelfDependency - Check if your distribution declares a dependency on itself

p5.32-dist-zilla-plugin-checkstrictversion @0.1.0 (perl)
Dist::Zilla::Plugin::CheckStrictVersion - BeforeRelease plugin to check for a strict version number

p5.32-dist-zilla-plugin-git-remote-check @0.1.2 (perl)
Dist::Zilla::Plugin::Git::Remote::Check - Ensure no pending commits on a remote branch before release

p5.32-dist-zilla-plugin-promptifstale @0.60.0 (perl)
Dist::Zilla::Plugin::PromptIfStale - Check at build/release time if modules are out of date

p5.32-dist-zilla-plugin-test-compile @2.59.0 (perl)
Dist::Zilla::Plugin::Test::Compile - Common tests to check syntax of your modules

p5.32-dist-zilla-pluginbundle-git-checkfor @0.14.0 (perl)
Dist::Zilla::PluginBundle::Git::CheckFor - All Git::CheckFor plugins at once

p5.32-email-valid @1.204.0 (perl)
Check validity of Internet email addresses

p5.32-extutils-cchecker @0.120.0 (perl)
ExtUtils::CChecker - configure-time utilities for using C headers, libraries, or OS features

p5.32-extutils-hascompiler @0.25.0 (perl)
ExtUtils::HasCompiler - Check for the presence of a compiler

p5.32-extutils-manifest @1.750.0 (perl)
ExtUtils::Manifest - Utilities to write and check a MANIFEST file

p5.32-ffi-checklib @0.310.0 (perl)
FFI::CheckLib - Check that a library is available for FFI

p5.32-file-modified @0.100.0 (perl)
checks intelligently if files have changed

p5.32-html-lint @2.320.0 (perl)
a pure-Perl HTML parser and checker for syntactic legitmacy

p5.32-moosex-types-perl @0.101.344 (perl)
MooseX::Types::Perl - Moose types that check against Perl syntax

p5.32-moox-typetiny @0.2.3 (perl)
MooX::TypeTiny - Optimized type checks for Moo + Type::Tiny

p5.32-net-ip-checker @0.30.0 (perl)
Net::IP::Checker - IPv4/IPv6 addresses validator

p5.32-params-check @0.380.0_1 (perl)
A generic input parsing/checking mechanism

p5.32-params-util @1.102.0 (perl)
Simple, compact and correct param-checking functions

p5.32-pod-coverage @0.230.0_2 (perl)
Checks if the documentation of a module is comprehensive

p5.32-pod-spell @1.270.0 (perl)
Pod::Spell - a formatter for spellchecking Pod

p5.32-ref-util @0.204.0 (perl)
Ref::Util - Utility functions for checking references

p5.32-string-crc32 @2.100.0 (perl)
Perl interface for cyclic redundency check generation

p5.32-test-checkdeps @0.10.0 (perl)
Test::CheckDeps - Check for presence of dependencies

p5.32-test-cleannamespaces @0.240.0 (perl)
Test::CleanNamespaces - Check for uncleaned imports

p5.32-test-compile @3.3.3 (perl)
Check whether Perl files compile correctly

p5.32-test-eol @2.20.0 (perl)
Test::EOL - Check the correct line endings in your project

p5.32-test-expectandcheck @0.80.0 (perl)
Test::ExpectAndCheck - expect/check-style unit testing with object methods

p5.32-test-memory-cycle @1.60.0 (perl)
Check for memory leaks and circular memory references

p5.32-test-mojibake @1.300.0 (perl)
Test::Mojibake - check your source for encoding misbehavior

p5.32-test-notabs @2.20.0 (perl)
Test::NoTabs - Check the presence of tabs in your project

p5.32-test-perltidy @20260110 (perl)
Check that all your files are tidy.

p5.32-test-pod @1.520.0 (perl)
check for POD errors in files

p5.32-test-pod-coverage @1.100.0_1 (perl)
Check for pod coverage in a distribution

p5.32-test-portability-files @0.100.0 (perl)
Check file names portability

p5.32-test-requires @0.110.0 (perl)
Checks to see if the module can be loaded

p5.32-test-spelling @0.250.0 (perl)
Test::Spelling - Check for spelling errors in POD files

p5.32-test-strict @0.540.0 (perl)
Test::Strict - Check syntax, presence of 'use strict' and test coverage

p5.32-test-version @2.90.0 (perl)
Test::Version - Check to see that versions in modules are sane

p5.32-text-spellchecker @0.140.0 (perl)
OO interface for spell-checking a block of text

p5.32-unicode-checkutf8 @1.30.0 (perl)
Unicode::CheckUTF8 - checks if scalar is valid UTF-8

p5.32-xml-checker @0.130.0 (perl)
XML::Checker - A perl module for validating XML

p5.32-xs-check @0.140.0 (perl)
XS::Check - Check XS for some common problems

p5.34-b-cow @0.7.0 (perl)
B::COW - additional B helpers to check Copy-On-Write status

p5.34-b-hooks-op-check @0.220.0 (perl)
Wrap OP check callbacks

p5.34-b-hooks-op-check-stashchange @0.60.0_4 (perl)
Invoke callbacks when the stash code is being compiled in changes

p5.34-canary-stability @2013 (perl)
Canary::Stability - canary to check perl compatibility

p5.34-catalystx-leakchecker @0.60.0_1 (perl)
CatalystX::LeakChecker - Debug memory leaks in Catalyst applications

p5.34-check-isa @0.90.0 (perl)
Check::ISA - DWIM, correct checking of an object's class

p5.34-cpan-meta-check @0.18.0 (perl)
CPAN::Meta::Check - Verify requirements in a CPAN::Meta object

p5.34-devel-checkbin @0.40.0 (perl)
Devel::CheckBin - check that a command is available

p5.34-devel-checkcompiler @0.70.0 (perl)
Check the compiler's availability

p5.34-devel-checklib @1.160.0_1 (perl)
check that a library is available

p5.34-devel-checkos @2.40.0 (perl)
Devel::CheckOS - check what OS we're running on

p5.34-dist-checkconflicts @0.110.0_2 (perl)
declare version conflicts for your dist

p5.34-dist-zilla-plugin-checkextratests @0.29.0 (perl)
Dist::Zilla::Plugin::CheckExtraTests - check xt tests before release

p5.34-dist-zilla-plugin-checkissues @0.11.0 (perl)
Dist::Zilla::Plugin::CheckIssues - Retrieve count of outstanding RT and github issues for your distribution

p5.34-dist-zilla-plugin-checkmetaresources @0.1.0 (perl)
Dist::Zilla::Plugin::CheckMetaResources - Ensure META includes resources

p5.34-dist-zilla-plugin-checkprereqsindexed @0.22.0 (perl)
Dist::Zilla::Plugin::CheckPrereqsIndexed - prevent a release if you have prereqs not found on CPAN

p5.34-dist-zilla-plugin-checkselfdependency @0.11.0 (perl)
Dist::Zilla::Plugin::CheckSelfDependency - Check if your distribution declares a dependency on itself

p5.34-dist-zilla-plugin-checkstrictversion @0.1.0 (perl)
Dist::Zilla::Plugin::CheckStrictVersion - BeforeRelease plugin to check for a strict version number

p5.34-dist-zilla-plugin-git-remote-check @0.1.2 (perl)
Dist::Zilla::Plugin::Git::Remote::Check - Ensure no pending commits on a remote branch before release

p5.34-dist-zilla-plugin-promptifstale @0.60.0 (perl)
Dist::Zilla::Plugin::PromptIfStale - Check at build/release time if modules are out of date

p5.34-dist-zilla-plugin-test-compile @2.59.0 (perl)
Dist::Zilla::Plugin::Test::Compile - Common tests to check syntax of your modules

p5.34-dist-zilla-pluginbundle-git-checkfor @0.14.0 (perl)
Dist::Zilla::PluginBundle::Git::CheckFor - All Git::CheckFor plugins at once

p5.34-email-valid @1.204.0 (perl)
Check validity of Internet email addresses

p5.34-extutils-cchecker @0.120.0 (perl)
ExtUtils::CChecker - configure-time utilities for using C headers, libraries, or OS features

p5.34-extutils-hascompiler @0.25.0 (perl)
ExtUtils::HasCompiler - Check for the presence of a compiler

p5.34-extutils-manifest @1.750.0 (perl)
ExtUtils::Manifest - Utilities to write and check a MANIFEST file

p5.34-ffi-checklib @0.310.0 (perl)
FFI::CheckLib - Check that a library is available for FFI

p5.34-file-modified @0.100.0 (perl)
checks intelligently if files have changed

p5.34-html-lint @2.320.0 (perl)
a pure-Perl HTML parser and checker for syntactic legitmacy

p5.34-moosex-types-perl @0.101.344 (perl)
MooseX::Types::Perl - Moose types that check against Perl syntax

p5.34-moox-typetiny @0.2.3 (perl)
MooX::TypeTiny - Optimized type checks for Moo + Type::Tiny

p5.34-net-ip-checker @0.30.0 (perl)
Net::IP::Checker - IPv4/IPv6 addresses validator

p5.34-params-check @0.380.0_1 (perl)
A generic input parsing/checking mechanism

p5.34-params-util @1.102.0 (perl)
Simple, compact and correct param-checking functions

p5.34-pod-coverage @0.230.0_2 (perl)
Checks if the documentation of a module is comprehensive

p5.34-pod-spell @1.270.0 (perl)
Pod::Spell - a formatter for spellchecking Pod

p5.34-ref-util @0.204.0 (perl)
Ref::Util - Utility functions for checking references

p5.34-string-crc32 @2.100.0 (perl)
Perl interface for cyclic redundency check generation

p5.34-test-checkdeps @0.10.0 (perl)
Test::CheckDeps - Check for presence of dependencies

p5.34-test-cleannamespaces @0.240.0 (perl)
Test::CleanNamespaces - Check for uncleaned imports

p5.34-test-compile @3.3.3 (perl)
Check whether Perl files compile correctly

p5.34-test-eol @2.20.0 (perl)
Test::EOL - Check the correct line endings in your project

p5.34-test-expectandcheck @0.80.0 (perl)
Test::ExpectAndCheck - expect/check-style unit testing with object methods

p5.34-test-memory-cycle @1.60.0 (perl)
Check for memory leaks and circular memory references

p5.34-test-mojibake @1.300.0 (perl)
Test::Mojibake - check your source for encoding misbehavior

p5.34-test-notabs @2.20.0 (perl)
Test::NoTabs - Check the presence of tabs in your project

p5.34-test-perltidy @20260110 (perl)
Check that all your files are tidy.

p5.34-test-pod @1.520.0 (perl)
check for POD errors in files

p5.34-test-pod-coverage @1.100.0_1 (perl)
Check for pod coverage in a distribution

p5.34-test-portability-files @0.100.0 (perl)
Check file names portability

p5.34-test-requires @0.110.0 (perl)
Checks to see if the module can be loaded

p5.34-test-spelling @0.250.0 (perl)
Test::Spelling - Check for spelling errors in POD files

p5.34-test-strict @0.540.0 (perl)
Test::Strict - Check syntax, presence of 'use strict' and test coverage

p5.34-test-version @2.90.0 (perl)
Test::Version - Check to see that versions in modules are sane

p5.34-text-spellchecker @0.140.0 (perl)
OO interface for spell-checking a block of text

p5.34-unicode-checkutf8 @1.30.0 (perl)
Unicode::CheckUTF8 - checks if scalar is valid UTF-8

p5.34-xml-checker @0.130.0 (perl)
XML::Checker - A perl module for validating XML

p5.34-xs-check @0.140.0 (perl)
XS::Check - Check XS for some common problems

php-crack @0.4_1 (php, mail, devel)
"Good Password" Checking Utility

php52-pspell @5.2.17 (php, textproc)
a PHP interface to the aspell library, which lets you check spelling and offer spelling suggestions

php53-crack @0.4_1 (php, mail, devel)
"Good Password" Checking Utility

php53-pspell @5.3.29 (php, textproc)
a PHP interface to the aspell library, which lets you check spelling and offer spelling suggestions

php54-pspell @5.4.45 (php, textproc)
a PHP interface to the aspell library, which lets you check spelling and offer spelling suggestions

php55-pspell @5.5.38 (php, textproc)
a PHP interface to the aspell library, which lets you check spelling and offer spelling suggestions

php56-pspell @5.6.40 (php, textproc)
a PHP interface to the aspell library, which lets you check spelling and offer spelling suggestions

php70-pspell @7.0.33 (php, textproc)
a PHP interface to the aspell library, which lets you check spelling and offer spelling suggestions

php71-pspell @7.1.33 (php, textproc)
a PHP interface to the aspell library, which lets you check spelling and offer spelling suggestions

php72-pspell @7.2.34 (php, textproc)
a PHP interface to the aspell library, which lets you check spelling and offer spelling suggestions

php73-pspell @7.3.33 (php, textproc)
a PHP interface to the aspell library, which lets you check spelling and offer spelling suggestions

php74-pspell @7.4.33 (php, textproc)
a PHP interface to the aspell library, which lets you check spelling and offer spelling suggestions

php80-pspell @8.0.30 (php, textproc)
a PHP interface to the aspell library, which lets you check spelling and offer spelling suggestions

php81-pspell @8.1.30 (php, textproc)
a PHP interface to the aspell library, which lets you check spelling and offer spelling suggestions

php82-pspell @8.2.24 (php, textproc)
a PHP interface to the aspell library, which lets you check spelling and offer spelling suggestions

php83-pspell @8.3.12 (php, textproc)
a PHP interface to the aspell library, which lets you check spelling and offer spelling suggestions

pngcheck @4.0.1 (graphics)
Validate and inspect PNG, JNG and MNG files

py-base58 @2.1.1 (python)
Base58 and Base58Check implementation compatible with what is used by the bitcoin network

py-beartype @0.18.5 (python)
Unbearably fast O(1) runtime type-checking in pure Python

py-binaryornot @0.4.4 (python, devel)
Ultra-lightweight pure Python package to check if a file is binary or text.

py-cfn-lint @1.43.4 (python)
Checks cloudformation for practices and behaviour that could potentially be improved

py-checkdigit @0.5.0 (python)
An easy-to-use check digit library for data validation

py-codestyle @2.14.0 (python, devel)
Python style guide checker (formally called pep8)

py-crcmod @1.7 (python)
Python module for creating functions computing the Cyclic Redundancy Check (CRC).

py-docstyle @6.3.0 (python, devel)
Python docstring style checker

py-enchant @3.3.0 (python, textproc)
Python bindings for the Enchant spellchecking system

py-flake8 @7.3.0 (python, devel)
The modular source code checker: pep8, pyflakes and Co.

py-flake8-mccabe @0.7.0 (python, devel)
McCabe complexity checker for Python code, flake8 plugin

py-flake8-pep8-naming @0.14.1 (python, devel)
Check PEP-8 naming conventions, plugin for flake8

py-mypy_extensions @1.1.0 (python)
Experimental type system extensions for programs checked with the mypy typechecker

py-pooch @1.9.0 (python)
Pooch manages your Python library's sample data files it automatically downloads and stores them in a local directory with support for versioning and corruption checks.

py-pyflakes @3.4.0 (python, devel)
Passive checker of Python programs.

py-pylint @4.0.4 (python, devel)
Error (and style) checking for python

py-pytest-check @2.4.1 (python)
A pytest plugin that allows multiple failures per test.

py-pytest-mypy @0.10.3_1 (python)
Mypy static type checker plugin for pytest

py-pytest-pylint @0.21.0 (python, devel)
pytest plugin to check source code with pylint

py-rstcheck @6.2.5 (python, devel)
Checks syntax of reStructuredText and code blocks nested within it

py-rstcheck-core @1.2.2 (python, devel)
Checks syntax of reStructuredText and code blocks nested within it

py-sigma-cli @2.0.1 (python)
Sigma Command Line Interface (conversion, check etc.) based on pySigma

py-typeguard @4.4.4 (python)
Run time type checker for Python

py-update_checker @0.18.0_1 (python, devel)
A python module that will check for package updates.

py-zope-proxy @4.6.1 (python, zope)
Proxies are special objects which serve as mostly-transparent wrappers around another object, intervening in the apparent behavior of the wrapped object only when necessary to apply the policy (e.g., access checking, location brokering, etc.) for which the proxy is responsible.

py39-base58 @2.1.1 (python)
Base58 and Base58Check implementation compatible with what is used by the bitcoin network

py39-beartype @0.18.5 (python)
Unbearably fast O(1) runtime type-checking in pure Python

py39-crcmod @1.7 (python)
Python module for creating functions computing the Cyclic Redundancy Check (CRC).

py39-mypy_extensions @1.1.0 (python)
Experimental type system extensions for programs checked with the mypy typechecker

py39-pooch @1.9.0 (python)
Pooch manages your Python library's sample data files it automatically downloads and stores them in a local directory with support for versioning and corruption checks.

py39-pyflakes @3.4.0 (python, devel)
Passive checker of Python programs.

py39-typeguard @4.4.4 (python)
Run time type checker for Python

py310-base58 @2.1.1 (python)
Base58 and Base58Check implementation compatible with what is used by the bitcoin network

py310-beartype @0.18.5 (python)
Unbearably fast O(1) runtime type-checking in pure Python

py310-binaryornot @0.4.4 (python, devel)
Ultra-lightweight pure Python package to check if a file is binary or text.

py310-cfn-lint @1.43.4 (python)
Checks cloudformation for practices and behaviour that could potentially be improved

py310-checkdigit @0.5.0 (python)
An easy-to-use check digit library for data validation

py310-codestyle @2.14.0 (python, devel)
Python style guide checker (formally called pep8)

py310-crcmod @1.7 (python)
Python module for creating functions computing the Cyclic Redundancy Check (CRC).

py310-docstyle @6.3.0 (python, devel)
Python docstring style checker

py310-enchant @3.3.0 (python, textproc)
Python bindings for the Enchant spellchecking system

py310-flake8 @7.3.0 (python, devel)
The modular source code checker: pep8, pyflakes and Co.

py310-flake8-mccabe @0.7.0 (python, devel)
McCabe complexity checker for Python code, flake8 plugin

py310-flake8-pep8-naming @0.14.1 (python, devel)
Check PEP-8 naming conventions, plugin for flake8

py310-mypy_extensions @1.1.0 (python)
Experimental type system extensions for programs checked with the mypy typechecker

py310-pooch @1.9.0 (python)
Pooch manages your Python library's sample data files it automatically downloads and stores them in a local directory with support for versioning and corruption checks.

py310-pyflakes @3.4.0 (python, devel)
Passive checker of Python programs.

py310-pylint @4.0.4 (python, devel)
Error (and style) checking for python

py310-pytest-check @2.4.1 (python)
A pytest plugin that allows multiple failures per test.

py310-pytest-mypy @0.10.3_1 (python)
Mypy static type checker plugin for pytest

py310-pytest-pylint @0.21.0 (python, devel)
pytest plugin to check source code with pylint

py310-rstcheck @6.2.5 (python, devel)
Checks syntax of reStructuredText and code blocks nested within it

py310-rstcheck-core @1.2.2 (python, devel)
Checks syntax of reStructuredText and code blocks nested within it

py310-sigma-cli @2.0.1 (python)
Sigma Command Line Interface (conversion, check etc.) based on pySigma

py310-typeguard @4.4.4 (python)
Run time type checker for Python

py310-update_checker @0.18.0_1 (python, devel)
A python module that will check for package updates.

py310-zope-proxy @4.6.1 (python, zope)
Proxies are special objects which serve as mostly-transparent wrappers around another object, intervening in the apparent behavior of the wrapped object only when necessary to apply the policy (e.g., access checking, location brokering, etc.) for which the proxy is responsible.

py311-base58 @2.1.1 (python)
Base58 and Base58Check implementation compatible with what is used by the bitcoin network

py311-beartype @0.18.5 (python)
Unbearably fast O(1) runtime type-checking in pure Python

py311-binaryornot @0.4.4 (python, devel)
Ultra-lightweight pure Python package to check if a file is binary or text.

py311-cfn-lint @1.43.4 (python)
Checks cloudformation for practices and behaviour that could potentially be improved

py311-checkdigit @0.5.0 (python)
An easy-to-use check digit library for data validation

py311-codestyle @2.14.0 (python, devel)
Python style guide checker (formally called pep8)

py311-crcmod @1.7 (python)
Python module for creating functions computing the Cyclic Redundancy Check (CRC).

py311-docstyle @6.3.0 (python, devel)
Python docstring style checker

py311-enchant @3.3.0 (python, textproc)
Python bindings for the Enchant spellchecking system

py311-flake8 @7.3.0 (python, devel)
The modular source code checker: pep8, pyflakes and Co.

py311-flake8-mccabe @0.7.0 (python, devel)
McCabe complexity checker for Python code, flake8 plugin

py311-flake8-pep8-naming @0.14.1 (python, devel)
Check PEP-8 naming conventions, plugin for flake8

py311-mypy_extensions @1.1.0 (python)
Experimental type system extensions for programs checked with the mypy typechecker

py311-pooch @1.9.0 (python)
Pooch manages your Python library's sample data files it automatically downloads and stores them in a local directory with support for versioning and corruption checks.

py311-pyflakes @3.4.0 (python, devel)
Passive checker of Python programs.

py311-pylint @4.0.4 (python, devel)
Error (and style) checking for python

py311-pytest-check @2.4.1 (python)
A pytest plugin that allows multiple failures per test.

py311-pytest-mypy @0.10.3_1 (python)
Mypy static type checker plugin for pytest

py311-pytest-pylint @0.21.0 (python, devel)
pytest plugin to check source code with pylint

py311-rstcheck @6.2.5 (python, devel)
Checks syntax of reStructuredText and code blocks nested within it

py311-rstcheck-core @1.2.2 (python, devel)
Checks syntax of reStructuredText and code blocks nested within it

py311-sigma-cli @2.0.1 (python)
Sigma Command Line Interface (conversion, check etc.) based on pySigma

py311-typeguard @4.4.4 (python)
Run time type checker for Python

py311-update_checker @0.18.0_1 (python, devel)
A python module that will check for package updates.

py312-base58 @2.1.1 (python)
Base58 and Base58Check implementation compatible with what is used by the bitcoin network

py312-beartype @0.18.5 (python)
Unbearably fast O(1) runtime type-checking in pure Python

py312-binaryornot @0.4.4 (python, devel)
Ultra-lightweight pure Python package to check if a file is binary or text.

py312-cfn-lint @1.43.4 (python)
Checks cloudformation for practices and behaviour that could potentially be improved

py312-codestyle @2.14.0 (python, devel)
Python style guide checker (formally called pep8)

py312-crcmod @1.7 (python)
Python module for creating functions computing the Cyclic Redundancy Check (CRC).

py312-docstyle @6.3.0 (python, devel)
Python docstring style checker

py312-enchant @3.3.0 (python, textproc)
Python bindings for the Enchant spellchecking system

py312-flake8 @7.3.0 (python, devel)
The modular source code checker: pep8, pyflakes and Co.

py312-flake8-mccabe @0.7.0 (python, devel)
McCabe complexity checker for Python code, flake8 plugin

py312-flake8-pep8-naming @0.14.1 (python, devel)
Check PEP-8 naming conventions, plugin for flake8

py312-mypy_extensions @1.1.0 (python)
Experimental type system extensions for programs checked with the mypy typechecker

py312-pooch @1.9.0 (python)
Pooch manages your Python library's sample data files it automatically downloads and stores them in a local directory with support for versioning and corruption checks.

py312-pyflakes @3.4.0 (python, devel)
Passive checker of Python programs.

py312-pylint @4.0.4 (python, devel)
Error (and style) checking for python

py312-pytest-check @2.4.1 (python)
A pytest plugin that allows multiple failures per test.

py312-pytest-mypy @0.10.3_1 (python)
Mypy static type checker plugin for pytest

py312-pytest-pylint @0.21.0 (python, devel)
pytest plugin to check source code with pylint

py312-rstcheck @6.2.5 (python, devel)
Checks syntax of reStructuredText and code blocks nested within it

py312-rstcheck-core @1.2.2 (python, devel)
Checks syntax of reStructuredText and code blocks nested within it

py312-sigma-cli @2.0.1 (python)
Sigma Command Line Interface (conversion, check etc.) based on pySigma

py312-typeguard @4.4.4 (python)
Run time type checker for Python

py312-update_checker @0.18.0_1 (python, devel)
A python module that will check for package updates.

py313-base58 @2.1.1 (python)
Base58 and Base58Check implementation compatible with what is used by the bitcoin network

py313-binaryornot @0.4.4 (python, devel)
Ultra-lightweight pure Python package to check if a file is binary or text.

py313-cfn-lint @1.43.4 (python)
Checks cloudformation for practices and behaviour that could potentially be improved

py313-codestyle @2.14.0 (python, devel)
Python style guide checker (formally called pep8)

py313-crcmod @1.7 (python)
Python module for creating functions computing the Cyclic Redundancy Check (CRC).

py313-docstyle @6.3.0 (python, devel)
Python docstring style checker

py313-enchant @3.3.0 (python, textproc)
Python bindings for the Enchant spellchecking system

py313-flake8 @7.3.0 (python, devel)
The modular source code checker: pep8, pyflakes and Co.

py313-flake8-mccabe @0.7.0 (python, devel)
McCabe complexity checker for Python code, flake8 plugin

py313-flake8-pep8-naming @0.14.1 (python, devel)
Check PEP-8 naming conventions, plugin for flake8

py313-mypy_extensions @1.1.0 (python)
Experimental type system extensions for programs checked with the mypy typechecker

py313-pooch @1.9.0 (python)
Pooch manages your Python library's sample data files it automatically downloads and stores them in a local directory with support for versioning and corruption checks.

py313-pyflakes @3.4.0 (python, devel)
Passive checker of Python programs.

py313-pylint @4.0.4 (python, devel)
Error (and style) checking for python

py313-pytest-check @2.4.1 (python)
A pytest plugin that allows multiple failures per test.

py313-rstcheck @6.2.5 (python, devel)
Checks syntax of reStructuredText and code blocks nested within it

py313-rstcheck-core @1.2.2 (python, devel)
Checks syntax of reStructuredText and code blocks nested within it

py313-sigma-cli @2.0.1 (python)
Sigma Command Line Interface (conversion, check etc.) based on pySigma

py313-typeguard @4.4.4 (python)
Run time type checker for Python

py314-binaryornot @0.4.4 (python, devel)
Ultra-lightweight pure Python package to check if a file is binary or text.

py314-cfn-lint @1.43.4 (python)
Checks cloudformation for practices and behaviour that could potentially be improved

py314-codestyle @2.14.0 (python, devel)
Python style guide checker (formally called pep8)

py314-crcmod @1.7 (python)
Python module for creating functions computing the Cyclic Redundancy Check (CRC).

py314-docstyle @6.3.0 (python, devel)
Python docstring style checker

py314-enchant @3.3.0 (python, textproc)
Python bindings for the Enchant spellchecking system

py314-flake8 @7.3.0 (python, devel)
The modular source code checker: pep8, pyflakes and Co.

py314-flake8-mccabe @0.7.0 (python, devel)
McCabe complexity checker for Python code, flake8 plugin

py314-mypy_extensions @1.1.0 (python)
Experimental type system extensions for programs checked with the mypy typechecker

py314-pooch @1.9.0 (python)
Pooch manages your Python library's sample data files it automatically downloads and stores them in a local directory with support for versioning and corruption checks.

py314-pyflakes @3.4.0 (python, devel)
Passive checker of Python programs.

py314-pylint @4.0.4 (python, devel)
Error (and style) checking for python

py314-rstcheck @6.2.5 (python, devel)
Checks syntax of reStructuredText and code blocks nested within it

py314-rstcheck-core @1.2.2 (python, devel)
Checks syntax of reStructuredText and code blocks nested within it

py314-sigma-cli @2.0.1 (python)
Sigma Command Line Interface (conversion, check etc.) based on pySigma

py314-typeguard @4.4.4 (python)
Run time type checker for Python

pyright @1.1.408 (devel)
Static type checker for Python

R-assertive.code @0.0-4_1 (R, science)
Assertions to check the properties of code

R-assertive.data @0.0-3_1 (R, science)
Assertions to check properties of complex data types

R-assertive.datetimes @0.0-3_1 (R, science)
Assertions to check properties of dates and times

R-assertive.files @0.0-2_1 (R, science)
Assertions to check properties of files and connections

R-assertive.matrices @0.0-2_1 (R, science, math)
Assertions to check properties of matrices

R-assertive.models @0.0-2_1 (R, science)
Assertions to check the properties of models

R-assertive.numbers @0.0-2_1 (R, science, math)
Assertions to check properties of numbers

R-assertive.properties @0.0-5_1 (R, science, devel)
Assertions to check properties of variables

R-assertive.reflection @0.0-5_1 (R, science)
Assertions to check the state and capabilities of R

R-assertive.sets @0.0-3_1 (R, science)
Assertions to check properties of sets

R-assertive.strings @0.0-3_1 (R, science, devel, textproc)
Assertions to check properties of strings

R-assertive.types @0.0-3_1 (R, science, devel)
Assertions to check types of variables

R-BiocCheck @1.40.0 (R, science, bioconductor)
Bioconductor-specific package checks

R-checker @0.1.3_1 (R, science, sysutils)
Check R configuration is set up correctly before class

R-checkmate @2.3.2 (R, science, devel)
Fast and versatile argument checks

R-checkthat @0.1.0_1 (R, science, devel)
Intuitive unit testing tools for data manipulation

R-chk @0.9.2.9000 (R, science)
Check user-supplied function arguments

R-crc32c @0.0.2_1 (R, science)
Cyclic redundancy check with CPU-specific acceleration

R-detectseparation @0.3_1 (R, science, math)
Detect and check for separation and infinite maximum likelihood estimates

R-erify @0.6.0_1 (R, science, devel)
Check arguments and generate readable error messages

R-foghorn @1.6.0 (R, science)
R package to summarize CRAN check results in the Terminal

R-forge @0.2.0_2 (R, science, devel)
Helper functions with a consistent interface to coerce and verify the types and shapes of values for input checking.

R-hunspell @3.0.5 (R, science, sysutils, textproc)
High-performance stemmer, tokenizer and spell-checker

R-mi @1.1_2 (R, science, math)
Missing data imputation and model checking

R-pingr @2.0.4 (R, science, net)
Check if a remote computer is up

R-pkgKitten @0.2.4 (R, science, devel)
Create simple packages which pass R CMD check

R-quickcheck @0.1.3_1 (R, science, devel)
Property-based testing

R-rcmdcheck @1.4.0_2 (R, science, devel)
Run R CMD check from R and capture results

R-Rgbp @1.1.4_2 (R, science, math)
Hierarchical modelling and frequency method checking on overdispersed Gaussian, Poisson and Binomial data

R-rvcheck @0.2.1_2 (R, science)
Check the latest release version of R and R packages, in CRAN, GitHub or Bioconductor

R-spelling @2.3.1 (R, science, sysutils)
Tools for spell-checking in R

R-tester @0.2.0_1 (R, science, devel)
Tests and checks characteristics of R objects

R-TeXCheckR @0.8.1_1 (R, science, tex)
Parse LaTeX documents for errors

R-urlchecker @1.0.1_2 (R, science, net)
Run CRAN URL checks from older R versions

R-validatetools @0.5.2_1 (R, science)
Checking and simplifying validation rule sets

rb-cane @3.0.0 (ruby, devel)
Code quality threshold checking as part of your build

rb19-rails_best_practices @0.3.21 (ruby)
check rails files according to ihower's presentation 'rails best practices'

rb30-cane @3.0.0 (ruby, devel)
Code quality threshold checking as part of your build

rb31-cane @3.0.0 (ruby, devel)
Code quality threshold checking as part of your build

rb32-cane @3.0.0 (ruby, devel)
Code quality threshold checking as part of your build

rb33-cane @3.0.0 (ruby, devel)
Code quality threshold checking as part of your build

rendercheck @1.5_1 (x11)
Test suite for the X11 RENDER extension

shellcheck @0.11.0 (devel, haskell)
ShellCheck, a static analysis tool for shell scripts

SilentKnight @1.21 (sysutils, aqua)
Automatic checking of security systems

spin @6.5.2 (devel)
The Spin model checker

spot @2.11.6 (science, math)
Spot is an object-oriented model checking library written in C++.

sqlcheck @1.3 (databases)
Automatically identify anti-patterns in SQL queries

staticcheck @2025.1.1 (devel)
Staticcheck - The advanced Go linter

whatcheck @8.1_2 (science)
Protein verification tools from WhatIf

yafic @1.2.2_4 (sysutils)
Yet Another File Integrity Checker

Found 575 ports.
