alliance @5.0-20110203_2 (science)
Alliance, CAD and libraries for VLSI design

arborx @1.7 (math)
An open-source library designed to provide performance portable algorithms for geometric search

archimedes @2.0.1 (science)
semiconductor design tool

AssignmentTrackerX @2.0beta3.1 (aqua)
School assignment tracker

avidemux @2.8.1_8 (multimedia)
video editor designed for simple cutting, filtering and encoding tasks

bahamut @2.2.4 (irc)
Bahamut is an Internet Relay Chat Daemon (IRCd) designed for DALnet.

bluefish @2.2.17 (editors, www)
A powerful editor for web designers

certstrap @1.3.0 (security, devel)
Bootstrap CAs, certificate requests, and signed certificates.

chkrootkit @0.55 (sysutils)
chkrootkit is a tool to locally check for signs of a rootkit

cl-lisp-unit @20161227 (lisp, devel)
A Test Framework for Common Lisp in the style of JUnit, designed and implemented with simplicity of use in mind.

codec2 @1.2.0 (audio)
Codec 2 is an open source speech codec designed for communications quality speech between 700 and 3200 bit/s

cosign @3.0.4 (security)
Container Signing

dbt @3.6.0 (sysutils, devel)
A delivery system for running self-updating, signed tools.

detox @3.0.1 (sysutils)
utility designed to clean up filenames

dmenu @4.9 (x11)
dmenu is a dynamic menu for X, originally designed for dwm. It manages large numbers of user-defined menu items efficiently.

drumsxx @0.96 (audio)
language designed for sequencing music through drum machines

dspl @2024.06.05 (science, math)
Opensource cross-platform digital signal processing algorithm library

dssp @4.5.8 (science)
DSSP automates protein secondary structure assignment.

electric @9.07 (graphics, electronics, science)
CAD system for VLSI circuit design

fdm @2.2 (mail)
A program designed to fetch mail.

fyne @2.5.0 (devel)
Cross platform GUI in Go inspired by Material Design

gensig @2.3 (mail)
A random .signature generator

gitsign @0.13.0 (security, devel)
Keyless Git signing using Sigstore

glom @1.32.0_15 (gnome, databases)
Glom is an easy-to-use database designer and user interface.

gnome-online-accounts @3.44.0_1 (gnome)
Single sign-on framework for GNOME

goaccess @1.9.4 (www)
GoAccess was designed to be a fast, terminal-based log analyzer.

gon @0.2.5 (security, devel, sysutils)
Sign, notarize, and package macOS CLI tools and applications written in any language.

goplus @1.3.9 (lang, devel)
Go+: designed for data science

gromacs @2021.3_2 (science, math)
Molecular dynamics package designed for simulations of proteins, lipids, and nucleic acids.

gromacs-plumed @2021.3_2 (science, math)
Molecular dynamics package designed for simulations of proteins, lipids, and nucleic acids.: (THIS PORT INSTALLS A VERSION OF GROMACS PATCHED WITH PLUMED)

hakrawler @2.1 (www, security)
Simple, fast web crawler designed for easy, quick discovery of endpoints and assets within a web application

holoviews @1.22.1 (science, python)
HoloViews is an open-source Python library designed to make data analysis and visualization seamless and simple.

inspectrum @20220326-98b998ff (science, comms)
Provides augmented functionality for GNU Radio: inspectrum realizes signal analysis abilities in typical block-structure

itpp @4.3.1_1 (math, science, comms)
IT++ is a C++ library of mathematical, signal processing and communication classes and functions.

itpp-devel @20180529_1 (math, science, comms)
IT++ is a C++ library of mathematical, signal processing and communication classes and functions.

jigdo @0.7.3 (net)
A tool designed to ease the distribution of very large files

jjui @0.9.10 (devel)
Jujutsu UI (jjui) is a Text User Interface (TUI) designed for interacting with the Jujutsu version control system.

jshon @20180209 (textproc)
Jshon is a JSON parser designed for maximum convenience within the shell

kakoune @2025.06.03 (editors)
Modal editor — Faster as in fewer keystrokes —  Multiple selections — Orthogonal design

keystore-explorer @5.4.4_1 (security)
KeyStore Explorer is a free GUI replacement for the Java command-line utilities keytool and jarsigner

kicad @7.0.11_4 (science)
KiCad is an electronic design automation software suite

latexdiff @1.3.4 (tex)
determine and mark up significant differences between latex files

ldid-procursus @2.1.5-procursus7_2 (devel)
Put real or fake signatures in a Mach-O

leiningen @2.11.2 (devel, java)
A build tool for Clojure designed to not set your hair on fire.

libad9361-iio @20220908-43643ab0 (science, comms)
libad9361-iio is an IIO AD9361 library for filter design and handling, multi-chip sync, and more

libartnet @1.1.2 (multimedia, net)
implementation of the ArtNet protocol designed for POSIX systems

libbdplus @0.2.0 (multimedia)
an open-source library designed implement the BD+ System

libbluray @1.3.4 (multimedia)
an open-source library designed for Blu-Ray Discs playback

libguichan @0.8.2 (graphics, devel)
portable C++ GUI library designed for games using SDL

libofx @0.10.4 (devel)
A parser and an API designed to allow applications to very easily support OFX command responses

libpdel @0.6.1_2 (devel, www)
Packet Design multi-purpose C library for embedded applications.

libsigcxx2 @2.12.1_1 (devel)
C++ signal callback system

libsignal-protocol-c @2.3.3 (devel, security, net)
A ratcheting forward secrecy protocol for synchronous and asynchronous messaging environments.

libtatsu @1.0.5 (devel)
Library handling the communication with Apple's Tatsu Signing Server (TSS).

libtatsu-devel @20250922 (devel)
Library handling the communication with Apple's Tatsu Signing Server (TSS).

libzita-resampler @1.11.2_1 (audio)
Libzita-resampler is a C++ library for resampling audio signals.

liquid-dsp @20221120-c3e0de7e (science, comms)
liquid-dsp is an open-source signal processing library for software-defined radios written in C.

logisim-evolution @3.8.0 (cad, education, java)
Digital logic designer and simulator

memcachedb @1.2.0_3 (sysutils)
A distributed key-value storage system designed for persistent.

micronucleus @2.6 (cross)
Micronucleus is a bootloader designed for AVR ATtiny microcontrollers

minisign @0.12 (security)
a dead simple tool to sign files and verify digital signatures

mod_pkcs12 @0.2.1_1 (www, security)
Redwax apache module to issue signed certificates in PKCS12 format

mod_timestamp @0.2.1_1 (www, security)
Redwax apache module to serve signed timestamps

moor @2.10.2 (textproc)
Moor is a pager. It's designed to just do the right thing without any configuration.

msdfgen @1.9 (graphics, textproc, games, devel, print)
multi-channel signed distance field generator

multimon-ng @1.2.0 (science, comms)
multimon-ng decodes radio digital transmission signals

murex @7.1.4143 (shells)
Bash-like $SHELL designed for greater commandline productivity and safer shell scripts

ntp @4.2.8p18 (sysutils, net)
NTP is a protocol designed to synchronize the clocks of computers over a network.

ocaml-integers @0.7.0 (ocaml, devel)
Various signed and unsigned integer types for OCaml.

octave-control @4.2.1 (octave, math, science)
Computer-Aided Control System Design (CACSD) Tools for GNU Octave, based on the SLICOT Library.

octave-signal @1.4.7 (octave, math, science)
Signal processing tools, including filtering, windowing and display functions.

omake @0.10.3 (devel)
OMake is a build system designed for scalability and portability

openbabel @3.1.1_2 (science, devel, chemistry)
Open Babel is a chemical toolbox designed to speak the many languages of chemical data

openhantek @3.3.2.2 (science)
DSO software for Hantek USB digital signal oscilloscopes

osslsigncode @2.10 (devel, security)
OpenSSL-based signcode utility

osslsigncode-devel @20250922 (devel, security)
OpenSSL-based signcode utility

p5-algorithm-munkres @0.80.0_2 (perl)
This is a Perl extension for Munkres' solution to classical Assignment problem for square and rectangular matrices

p5-aws-signature4 @1.20.0 (perl)
Create a version4 signature for Amazon Web Services

p5-crypt-dsa @1.190.0 (perl)
Crypt::DSA - DSA Signatures and Key Generation

p5-crypt-openssl-dsa @0.200.0 (perl)
Crypt::OpenSSL::DSA - Digital Signature Algorithm using OpenSSL

p5-crypt-openssl-ecdsa @0.100.0 (perl)
Crypt::OpenSSL::ECDSA - Perl extension for OpenSSL ECDSA (Elliptic Curve Digital Signature Algorithm)

p5-crypt-smime @0.310.0 (perl)
Crypt::SMIME - S/MIME message signing, verification, encryption and decryption

p5-filter-signatures @0.190.0 (perl)
Very simplistic signatures for Perl < 5.20

p5-function-parameters @2.2.6 (perl)
Function::Parameters - define functions and methods with parameter lists (subroutine signatures)

p5-mail-dkim @1.202.409.230 (perl, mail)
Mail::DKIM - Signs/verifies Internet mail with DKIM/DomainKey signatures

p5-method-signatures-simple @1.70.0 (perl)
Method::Signatures::Simple - Basic method declarations with signatures, without source filters

p5-module-signature @0.930.0 (perl)
Module::Signature - Module signature file manipulation

p5-net-amazon-signature-v4 @0.220.0 (perl)
Net::Amazon::Signature::V4 - Implements the Amazon Web Services signature version 4, AWS4-HMAC-SHA256

p5-object-signature @1.80.0 (perl)
Generate cryptographic signatures for objects

p5-sys-sigaction @0.240.0 (perl)
Sys::SigAction - Perl extension for Consistent Signal Handling

p5.28-algorithm-munkres @0.80.0_2 (perl)
This is a Perl extension for Munkres' solution to classical Assignment problem for square and rectangular matrices

p5.28-aws-signature4 @1.20.0 (perl)
Create a version4 signature for Amazon Web Services

p5.28-crypt-dsa @1.190.0 (perl)
Crypt::DSA - DSA Signatures and Key Generation

p5.28-crypt-openssl-dsa @0.200.0 (perl)
Crypt::OpenSSL::DSA - Digital Signature Algorithm using OpenSSL

p5.28-crypt-openssl-ecdsa @0.100.0 (perl)
Crypt::OpenSSL::ECDSA - Perl extension for OpenSSL ECDSA (Elliptic Curve Digital Signature Algorithm)

p5.28-crypt-smime @0.310.0 (perl)
Crypt::SMIME - S/MIME message signing, verification, encryption and decryption

p5.28-filter-signatures @0.190.0 (perl)
Very simplistic signatures for Perl < 5.20

p5.28-function-parameters @2.2.6 (perl)
Function::Parameters - define functions and methods with parameter lists (subroutine signatures)

p5.28-mail-dkim @1.202.409.230 (perl, mail)
Mail::DKIM - Signs/verifies Internet mail with DKIM/DomainKey signatures

p5.28-method-signatures-simple @1.70.0 (perl)
Method::Signatures::Simple - Basic method declarations with signatures, without source filters

p5.28-module-signature @0.930.0 (perl)
Module::Signature - Module signature file manipulation

p5.28-net-amazon-signature-v4 @0.220.0 (perl)
Net::Amazon::Signature::V4 - Implements the Amazon Web Services signature version 4, AWS4-HMAC-SHA256

p5.28-object-signature @1.80.0 (perl)
Generate cryptographic signatures for objects

p5.28-sys-sigaction @0.240.0 (perl)
Sys::SigAction - Perl extension for Consistent Signal Handling

p5.30-algorithm-munkres @0.80.0_2 (perl)
This is a Perl extension for Munkres' solution to classical Assignment problem for square and rectangular matrices

p5.30-aws-signature4 @1.20.0 (perl)
Create a version4 signature for Amazon Web Services

p5.30-crypt-dsa @1.190.0 (perl)
Crypt::DSA - DSA Signatures and Key Generation

p5.30-crypt-openssl-dsa @0.200.0 (perl)
Crypt::OpenSSL::DSA - Digital Signature Algorithm using OpenSSL

p5.30-crypt-openssl-ecdsa @0.100.0 (perl)
Crypt::OpenSSL::ECDSA - Perl extension for OpenSSL ECDSA (Elliptic Curve Digital Signature Algorithm)

p5.30-crypt-smime @0.310.0 (perl)
Crypt::SMIME - S/MIME message signing, verification, encryption and decryption

p5.30-filter-signatures @0.190.0 (perl)
Very simplistic signatures for Perl < 5.20

p5.30-function-parameters @2.2.6 (perl)
Function::Parameters - define functions and methods with parameter lists (subroutine signatures)

p5.30-mail-dkim @1.202.409.230 (perl, mail)
Mail::DKIM - Signs/verifies Internet mail with DKIM/DomainKey signatures

p5.30-method-signatures-simple @1.70.0 (perl)
Method::Signatures::Simple - Basic method declarations with signatures, without source filters

p5.30-module-signature @0.930.0 (perl)
Module::Signature - Module signature file manipulation

p5.30-net-amazon-signature-v4 @0.220.0 (perl)
Net::Amazon::Signature::V4 - Implements the Amazon Web Services signature version 4, AWS4-HMAC-SHA256

p5.30-object-signature @1.80.0 (perl)
Generate cryptographic signatures for objects

p5.30-sys-sigaction @0.240.0 (perl)
Sys::SigAction - Perl extension for Consistent Signal Handling

p5.32-algorithm-munkres @0.80.0_2 (perl)
This is a Perl extension for Munkres' solution to classical Assignment problem for square and rectangular matrices

p5.32-aws-signature4 @1.20.0 (perl)
Create a version4 signature for Amazon Web Services

p5.32-crypt-dsa @1.190.0 (perl)
Crypt::DSA - DSA Signatures and Key Generation

p5.32-crypt-openssl-dsa @0.200.0 (perl)
Crypt::OpenSSL::DSA - Digital Signature Algorithm using OpenSSL

p5.32-crypt-openssl-ecdsa @0.100.0 (perl)
Crypt::OpenSSL::ECDSA - Perl extension for OpenSSL ECDSA (Elliptic Curve Digital Signature Algorithm)

p5.32-crypt-smime @0.310.0 (perl)
Crypt::SMIME - S/MIME message signing, verification, encryption and decryption

p5.32-filter-signatures @0.190.0 (perl)
Very simplistic signatures for Perl < 5.20

p5.32-function-parameters @2.2.6 (perl)
Function::Parameters - define functions and methods with parameter lists (subroutine signatures)

p5.32-mail-dkim @1.202.409.230 (perl, mail)
Mail::DKIM - Signs/verifies Internet mail with DKIM/DomainKey signatures

p5.32-method-signatures-simple @1.70.0 (perl)
Method::Signatures::Simple - Basic method declarations with signatures, without source filters

p5.32-module-signature @0.930.0 (perl)
Module::Signature - Module signature file manipulation

p5.32-net-amazon-signature-v4 @0.220.0 (perl)
Net::Amazon::Signature::V4 - Implements the Amazon Web Services signature version 4, AWS4-HMAC-SHA256

p5.32-object-signature @1.80.0 (perl)
Generate cryptographic signatures for objects

p5.32-sys-sigaction @0.240.0 (perl)
Sys::SigAction - Perl extension for Consistent Signal Handling

p5.34-algorithm-munkres @0.80.0_2 (perl)
This is a Perl extension for Munkres' solution to classical Assignment problem for square and rectangular matrices

p5.34-aws-signature4 @1.20.0 (perl)
Create a version4 signature for Amazon Web Services

p5.34-crypt-dsa @1.190.0 (perl)
Crypt::DSA - DSA Signatures and Key Generation

p5.34-crypt-openssl-dsa @0.200.0 (perl)
Crypt::OpenSSL::DSA - Digital Signature Algorithm using OpenSSL

p5.34-crypt-openssl-ecdsa @0.100.0 (perl)
Crypt::OpenSSL::ECDSA - Perl extension for OpenSSL ECDSA (Elliptic Curve Digital Signature Algorithm)

p5.34-crypt-smime @0.310.0 (perl)
Crypt::SMIME - S/MIME message signing, verification, encryption and decryption

p5.34-filter-signatures @0.190.0 (perl)
Very simplistic signatures for Perl < 5.20

p5.34-function-parameters @2.2.6 (perl)
Function::Parameters - define functions and methods with parameter lists (subroutine signatures)

p5.34-mail-dkim @1.202.409.230 (perl, mail)
Mail::DKIM - Signs/verifies Internet mail with DKIM/DomainKey signatures

p5.34-method-signatures-simple @1.70.0 (perl)
Method::Signatures::Simple - Basic method declarations with signatures, without source filters

p5.34-module-signature @0.930.0 (perl)
Module::Signature - Module signature file manipulation

p5.34-net-amazon-signature-v4 @0.220.0 (perl)
Net::Amazon::Signature::V4 - Implements the Amazon Web Services signature version 4, AWS4-HMAC-SHA256

p5.34-object-signature @1.80.0 (perl)
Generate cryptographic signatures for objects

p5.34-sys-sigaction @0.240.0 (perl)
Sys::SigAction - Perl extension for Consistent Signal Handling

perlprimer @1.1.21_4 (science, perl)
Perl-based primer designer

phetch @1.2.0 (net)
A terminal client designed to help you quickly navigate the gophersphere.

php-event @3.1.4 (php, devel)
efficiently schedule I/O, time and signal based events

php52-openssl @5.2.17_3 (php, devel, security)
a PHP interface to OpenSSL signature-generation and -verification and data-encryption and -decryption functions

php52-pcntl @5.2.17 (php, sysutils)
a PHP interface to Unix-style process creation, program execution, signal handling and process termination functions

php53-openssl @5.3.29_3 (php, devel, security)
a PHP interface to OpenSSL signature-generation and -verification and data-encryption and -decryption functions

php53-pcntl @5.3.29 (php, sysutils)
a PHP interface to Unix-style process creation, program execution, signal handling and process termination functions

php54-event @3.1.4 (php, devel)
efficiently schedule I/O, time and signal based events

php54-openssl @5.4.45_3 (php, devel, security)
a PHP interface to OpenSSL signature-generation and -verification and data-encryption and -decryption functions

php54-pcntl @5.4.45 (php, sysutils)
a PHP interface to Unix-style process creation, program execution, signal handling and process termination functions

php55-event @3.1.4 (php, devel)
efficiently schedule I/O, time and signal based events

php55-openssl @5.5.38_3 (php, devel, security)
a PHP interface to OpenSSL signature-generation and -verification and data-encryption and -decryption functions

php55-pcntl @5.5.38 (php, sysutils)
a PHP interface to Unix-style process creation, program execution, signal handling and process termination functions

php56-event @3.1.4 (php, devel)
efficiently schedule I/O, time and signal based events

php56-openssl @5.6.40_3 (php, devel, security)
a PHP interface to OpenSSL signature-generation and -verification and data-encryption and -decryption functions

php56-pcntl @5.6.40 (php, sysutils)
a PHP interface to Unix-style process creation, program execution, signal handling and process termination functions

php70-event @3.1.4 (php, devel)
efficiently schedule I/O, time and signal based events

php70-openssl @7.0.33_2 (php, devel, security)
a PHP interface to OpenSSL signature-generation and -verification and data-encryption and -decryption functions

php70-pcntl @7.0.33 (php, sysutils)
a PHP interface to Unix-style process creation, program execution, signal handling and process termination functions

php71-event @3.1.4 (php, devel)
efficiently schedule I/O, time and signal based events

php71-openssl @7.1.33_1 (php, devel, security)
a PHP interface to OpenSSL signature-generation and -verification and data-encryption and -decryption functions

php71-pcntl @7.1.33 (php, sysutils)
a PHP interface to Unix-style process creation, program execution, signal handling and process termination functions

php72-event @3.1.4 (php, devel)
efficiently schedule I/O, time and signal based events

php72-openssl @7.2.34_1 (php, devel, security)
a PHP interface to OpenSSL signature-generation and -verification and data-encryption and -decryption functions

php72-pcntl @7.2.34 (php, sysutils)
a PHP interface to Unix-style process creation, program execution, signal handling and process termination functions

php73-event @3.1.4 (php, devel)
efficiently schedule I/O, time and signal based events

php73-openssl @7.3.33 (php, devel, security)
a PHP interface to OpenSSL signature-generation and -verification and data-encryption and -decryption functions

php73-pcntl @7.3.33 (php, sysutils)
a PHP interface to Unix-style process creation, program execution, signal handling and process termination functions

php74-event @3.1.4 (php, devel)
efficiently schedule I/O, time and signal based events

php74-openssl @7.4.33 (php, devel, security)
a PHP interface to OpenSSL signature-generation and -verification and data-encryption and -decryption functions

php74-pcntl @7.4.33 (php, sysutils)
a PHP interface to Unix-style process creation, program execution, signal handling and process termination functions

php80-event @3.1.4 (php, devel)
efficiently schedule I/O, time and signal based events

php80-openssl @8.0.30 (php, devel, security)
a PHP interface to OpenSSL signature-generation and -verification and data-encryption and -decryption functions

php80-pcntl @8.0.30 (php, sysutils)
a PHP interface to Unix-style process creation, program execution, signal handling and process termination functions

php81-event @3.1.4 (php, devel)
efficiently schedule I/O, time and signal based events

php81-openssl @8.1.30 (php, devel, security)
a PHP interface to OpenSSL signature-generation and -verification and data-encryption and -decryption functions

php81-pcntl @8.1.30 (php, sysutils)
a PHP interface to Unix-style process creation, program execution, signal handling and process termination functions

php82-event @3.1.4 (php, devel)
efficiently schedule I/O, time and signal based events

php82-openssl @8.2.24 (php, devel, security)
a PHP interface to OpenSSL signature-generation and -verification and data-encryption and -decryption functions

php82-pcntl @8.2.24 (php, sysutils)
a PHP interface to Unix-style process creation, program execution, signal handling and process termination functions

php83-event @3.1.4 (php, devel)
efficiently schedule I/O, time and signal based events

php83-openssl @8.3.12 (php, devel, security)
a PHP interface to OpenSSL signature-generation and -verification and data-encryption and -decryption functions

php83-pcntl @8.3.12 (php, sysutils)
a PHP interface to Unix-style process creation, program execution, signal handling and process termination functions

php84-openssl @8.4.0RC1 (php, devel, security)
a PHP interface to OpenSSL signature-generation and -verification and data-encryption and -decryption functions

php84-pcntl @8.4.0RC1 (php, sysutils)
a PHP interface to Unix-style process creation, program execution, signal handling and process termination functions

pihpsdr @20230516-a5992fe8 (science, comms)
piHPSDR is an HPSDR application designed for low power boards, like Raspberry.

PothosFlow @0.7.1_1 (science)
Pothos Flow is the GUI frontend and designer tool for the Pothos framework.

PothosPlotters @0.4.2 (science)
Pothos Flow is the GUI frontend and designer tool for the Pothos framework.

pure-faust @0.13 (pure, audio, lang)
a module which lets you load and run Faust-generated signal processing modules in Pure

py-aiosignal @1.4.0 (python)
manage callbacks in asyncio projects

py-blinker @1.9.0 (python, devel)
Fast, simple object-to-object and broadcast signaling

py-cryptography @46.0.3 (python, devel)
cryptography is a package designed to expose cryptographic primitives and recipes to Python developers.

py-decorator @5.2.1 (python, devel)
Decorator factory for signature-preserving decorators.

py-dkimpy @1.1.8 (python, devel, mail)
DKIM, ARC, and TLSRPT email signing and verification

py-ecdsa @0.19.1 (python, devel, security)
ECDSA cryptographic signature library

py-funcsigs @1.0.2 (python, devel)
Python function signatures from PEP362 for Python 2.7 and 3.2+

py-hanko @0.29.0 (python)
Tools for stamping and signing PDF files

py-jsonpath-rw @1.4.0 (python)
A robust and significantly extended implementation of JSONPath for Python, with a clear AST for metaprogramming.

py-lap @0.5.12_1 (python)
Linear Assignment Problem solver (LAPJV/LAPMOD).

py-makefun @1.15.2 (python)
Dynamically create python functions with a proper signature

py-npx @0.1.6 (python)
NumPy is a large library used everywhere in scientific computing. That's why breaking backwards-compatibility comes at a significant cost and is almost always avoided, even if the API of some methods is arguably lacking. This package provides drop-in wrappers fixing those.

py-oauthlib @3.3.1 (python, net, security)
A generic, spec-compliant, thorough implementation of the OAuth request-signing logic.

py-oscrypto @1.3.0 (python)
TLS (SSL) sockets, key generation, encryption, decryption, signing, verification and KDFs using the OS crypto libraries. Does not require a compiler, and relies on the OS for patching. Works on Windows, OS X and Linux/BSD.

py-psygnal @0.15.1 (python)
Pure python implementation of Qt-style Signals

py-scikit-dsp-comm @2.0.1 (python)
A collection of functions and classes to support signal processing and communications theory teaching and research

py-scikits-talkbox @0.2.5 (python, science, devel)
Talkbox, a set of python modules for speech/signal processing

py-soupsieve @2.8.3 (python)
Soup Sieve is a CSS selector library designed to be used with Beautiful Soup 4

py-torchaudio @0.12.0 (python, audio)
Data manipulation and transformation for audio signal processing, powered by PyTorch

py-types-decorator @5.2.0.20250324 (python, devel)
Decorator factory for signature-preserving decorators.

py-zarr @3.1.5 (python)
Zarr is a Python package providing an implementation of compressed, chunked, N-dimensional arrays, designed for use in parallel computing.

py27-blinker @1.4 (python, devel)
Fast, simple object-to-object and broadcast signaling

py27-decorator @4.4.2 (python, devel)
Decorator factory for signature-preserving decorators.

py27-funcsigs @1.0.2 (python, devel)
Python function signatures from PEP362 for Python 2.7 and 3.2+

py27-oauthlib @3.3.1 (python, net, security)
A generic, spec-compliant, thorough implementation of the OAuth request-signing logic.

py27-scikits-talkbox @0.2.5 (python, science, devel)
Talkbox, a set of python modules for speech/signal processing

py39-cryptography @46.0.3 (python, devel)
cryptography is a package designed to expose cryptographic primitives and recipes to Python developers.

py39-cryptography_vectors @46.0.3 (python, devel)
cryptography is a package designed to expose cryptographic primitives and recipes to Python developers.

py39-decorator @5.2.1 (python, devel)
Decorator factory for signature-preserving decorators.

py39-soupsieve @2.8.3 (python)
Soup Sieve is a CSS selector library designed to be used with Beautiful Soup 4

py310-aiosignal @1.4.0 (python)
manage callbacks in asyncio projects

py310-blinker @1.9.0 (python, devel)
Fast, simple object-to-object and broadcast signaling

py310-cryptography @46.0.3 (python, devel)
cryptography is a package designed to expose cryptographic primitives and recipes to Python developers.

py310-cryptography_vectors @46.0.3 (python, devel)
cryptography is a package designed to expose cryptographic primitives and recipes to Python developers.

py310-decorator @5.2.1 (python, devel)
Decorator factory for signature-preserving decorators.

py310-dkimpy @1.1.8 (python, devel, mail)
DKIM, ARC, and TLSRPT email signing and verification

py310-ecdsa @0.19.1 (python, devel, security)
ECDSA cryptographic signature library

py310-funcsigs @1.0.2 (python, devel)
Python function signatures from PEP362 for Python 2.7 and 3.2+

py310-hanko @0.29.0 (python)
Tools for stamping and signing PDF files

py310-jsonpath-rw @1.4.0 (python)
A robust and significantly extended implementation of JSONPath for Python, with a clear AST for metaprogramming.

py310-makefun @1.15.2 (python)
Dynamically create python functions with a proper signature

py310-npx @0.1.6 (python)
NumPy is a large library used everywhere in scientific computing. That's why breaking backwards-compatibility comes at a significant cost and is almost always avoided, even if the API of some methods is arguably lacking. This package provides drop-in wrappers fixing those.

py310-oauthlib @3.3.1 (python, net, security)
A generic, spec-compliant, thorough implementation of the OAuth request-signing logic.

py310-oscrypto @1.3.0 (python)
TLS (SSL) sockets, key generation, encryption, decryption, signing, verification and KDFs using the OS crypto libraries. Does not require a compiler, and relies on the OS for patching. Works on Windows, OS X and Linux/BSD.

py310-psygnal @0.15.1 (python)
Pure python implementation of Qt-style Signals

py310-scikit-dsp-comm @2.0.1 (python)
A collection of functions and classes to support signal processing and communications theory teaching and research

py310-soupsieve @2.8.3 (python)
Soup Sieve is a CSS selector library designed to be used with Beautiful Soup 4

py310-torchaudio @0.12.0 (python, audio)
Data manipulation and transformation for audio signal processing, powered by PyTorch

py310-types-decorator @5.2.0.20250324 (python, devel)
Decorator factory for signature-preserving decorators.

py310-zarr @3.1.5 (python)
Zarr is a Python package providing an implementation of compressed, chunked, N-dimensional arrays, designed for use in parallel computing.

py311-aiosignal @1.4.0 (python)
manage callbacks in asyncio projects

py311-blinker @1.9.0 (python, devel)
Fast, simple object-to-object and broadcast signaling

py311-cryptography @46.0.3 (python, devel)
cryptography is a package designed to expose cryptographic primitives and recipes to Python developers.

py311-cryptography_vectors @46.0.3 (python, devel)
cryptography is a package designed to expose cryptographic primitives and recipes to Python developers.

py311-decorator @5.2.1 (python, devel)
Decorator factory for signature-preserving decorators.

py311-dkimpy @1.1.8 (python, devel, mail)
DKIM, ARC, and TLSRPT email signing and verification

py311-ecdsa @0.19.1 (python, devel, security)
ECDSA cryptographic signature library

py311-funcsigs @1.0.2 (python, devel)
Python function signatures from PEP362 for Python 2.7 and 3.2+

py311-hanko @0.29.0 (python)
Tools for stamping and signing PDF files

py311-jsonpath-rw @1.4.0 (python)
A robust and significantly extended implementation of JSONPath for Python, with a clear AST for metaprogramming.

py311-makefun @1.15.2 (python)
Dynamically create python functions with a proper signature

py311-npx @0.1.6 (python)
NumPy is a large library used everywhere in scientific computing. That's why breaking backwards-compatibility comes at a significant cost and is almost always avoided, even if the API of some methods is arguably lacking. This package provides drop-in wrappers fixing those.

py311-oauthlib @3.3.1 (python, net, security)
A generic, spec-compliant, thorough implementation of the OAuth request-signing logic.

py311-oscrypto @1.3.0 (python)
TLS (SSL) sockets, key generation, encryption, decryption, signing, verification and KDFs using the OS crypto libraries. Does not require a compiler, and relies on the OS for patching. Works on Windows, OS X and Linux/BSD.

py311-psygnal @0.15.1 (python)
Pure python implementation of Qt-style Signals

py311-soupsieve @2.8.3 (python)
Soup Sieve is a CSS selector library designed to be used with Beautiful Soup 4

py311-types-decorator @5.2.0.20250324 (python, devel)
Decorator factory for signature-preserving decorators.

py311-zarr @3.1.5 (python)
Zarr is a Python package providing an implementation of compressed, chunked, N-dimensional arrays, designed for use in parallel computing.

py312-aiosignal @1.4.0 (python)
manage callbacks in asyncio projects

py312-blinker @1.9.0 (python, devel)
Fast, simple object-to-object and broadcast signaling

py312-cryptography @46.0.3 (python, devel)
cryptography is a package designed to expose cryptographic primitives and recipes to Python developers.

py312-cryptography_vectors @46.0.3 (python, devel)
cryptography is a package designed to expose cryptographic primitives and recipes to Python developers.

py312-decorator @5.2.1 (python, devel)
Decorator factory for signature-preserving decorators.

py312-dkimpy @1.1.8 (python, devel, mail)
DKIM, ARC, and TLSRPT email signing and verification

py312-ecdsa @0.19.1 (python, devel, security)
ECDSA cryptographic signature library

py312-funcsigs @1.0.2 (python, devel)
Python function signatures from PEP362 for Python 2.7 and 3.2+

py312-hanko @0.29.0 (python)
Tools for stamping and signing PDF files

py312-jsonpath-rw @1.4.0 (python)
A robust and significantly extended implementation of JSONPath for Python, with a clear AST for metaprogramming.

py312-makefun @1.15.2 (python)
Dynamically create python functions with a proper signature

py312-npx @0.1.6 (python)
NumPy is a large library used everywhere in scientific computing. That's why breaking backwards-compatibility comes at a significant cost and is almost always avoided, even if the API of some methods is arguably lacking. This package provides drop-in wrappers fixing those.

py312-oauthlib @3.3.1 (python, net, security)
A generic, spec-compliant, thorough implementation of the OAuth request-signing logic.

py312-oscrypto @1.3.0 (python)
TLS (SSL) sockets, key generation, encryption, decryption, signing, verification and KDFs using the OS crypto libraries. Does not require a compiler, and relies on the OS for patching. Works on Windows, OS X and Linux/BSD.

py312-psygnal @0.15.1 (python)
Pure python implementation of Qt-style Signals

py312-soupsieve @2.8.3 (python)
Soup Sieve is a CSS selector library designed to be used with Beautiful Soup 4

py312-types-decorator @5.2.0.20250324 (python, devel)
Decorator factory for signature-preserving decorators.

py312-zarr @3.1.5 (python)
Zarr is a Python package providing an implementation of compressed, chunked, N-dimensional arrays, designed for use in parallel computing.

py313-aiosignal @1.4.0 (python)
manage callbacks in asyncio projects

py313-blinker @1.9.0 (python, devel)
Fast, simple object-to-object and broadcast signaling

py313-cryptography @46.0.3 (python, devel)
cryptography is a package designed to expose cryptographic primitives and recipes to Python developers.

py313-cryptography_vectors @46.0.3 (python, devel)
cryptography is a package designed to expose cryptographic primitives and recipes to Python developers.

py313-decorator @5.2.1 (python, devel)
Decorator factory for signature-preserving decorators.

py313-dkimpy @1.1.8 (python, devel, mail)
DKIM, ARC, and TLSRPT email signing and verification

py313-ecdsa @0.19.1 (python, devel, security)
ECDSA cryptographic signature library

py313-funcsigs @1.0.2 (python, devel)
Python function signatures from PEP362 for Python 2.7 and 3.2+

py313-hanko @0.29.0 (python)
Tools for stamping and signing PDF files

py313-jsonpath-rw @1.4.0 (python)
A robust and significantly extended implementation of JSONPath for Python, with a clear AST for metaprogramming.

py313-lap @0.5.12_1 (python)
Linear Assignment Problem solver (LAPJV/LAPMOD).

py313-oauthlib @3.3.1 (python, net, security)
A generic, spec-compliant, thorough implementation of the OAuth request-signing logic.

py313-oscrypto @1.3.0 (python)
TLS (SSL) sockets, key generation, encryption, decryption, signing, verification and KDFs using the OS crypto libraries. Does not require a compiler, and relies on the OS for patching. Works on Windows, OS X and Linux/BSD.

py313-psygnal @0.15.1 (python)
Pure python implementation of Qt-style Signals

py313-soupsieve @2.8.3 (python)
Soup Sieve is a CSS selector library designed to be used with Beautiful Soup 4

py313-types-decorator @5.2.0.20250324 (python, devel)
Decorator factory for signature-preserving decorators.

py313-zarr @3.1.5 (python)
Zarr is a Python package providing an implementation of compressed, chunked, N-dimensional arrays, designed for use in parallel computing.

py314-aiosignal @1.4.0 (python)
manage callbacks in asyncio projects

py314-blinker @1.9.0 (python, devel)
Fast, simple object-to-object and broadcast signaling

py314-cryptography @46.0.3 (python, devel)
cryptography is a package designed to expose cryptographic primitives and recipes to Python developers.

py314-cryptography_vectors @46.0.3 (python, devel)
cryptography is a package designed to expose cryptographic primitives and recipes to Python developers.

py314-decorator @5.2.1 (python, devel)
Decorator factory for signature-preserving decorators.

py314-oauthlib @3.3.1 (python, net, security)
A generic, spec-compliant, thorough implementation of the OAuth request-signing logic.

py314-psygnal @0.15.1 (python)
Pure python implementation of Qt-style Signals

py314-soupsieve @2.8.3 (python)
Soup Sieve is a CSS selector library designed to be used with Beautiful Soup 4

qfsm @0.52.0_1 (science)
A graphical tool for designing finite state machines

qscintilla-designer-qt4 @2.11.6_1 (devel)
Qt Designer plugin for Qt4 QScintilla

qscintilla-designer-qt5 @2.13.3 (devel)
Qt Designer plugin for Qt5 QScintilla

qscintilla-designer-qt6 @2.14.1 (devel)
Qt Designer plugin for Qt6 QScintilla

quill @0.5.1 (security, sysutils)
Simple macOS binary signing from any platform

R-acebayes @1.10_2 (R, science, math)
Optimal Bayesian experimental design using the ACE algorithm

R-AlgDesign @1.2.1.1 (R, science)
Algorithmic experimental design

R-aws.signature @0.6.0_1 (R, science, net)
Amazon Web Services request signatures

R-BayesDesign @0.1.1_1 (R, science, math)
Bayesian single-arm design with survival endpoints

R-BayesFactor @0.9.12-4.7_1 (R, science, math)
Computation of Bayes factors for common designs

R-BayesPPD @1.1.2_1 (R, science, math)
Bayesian Power Prior Design

R-BayesPPDSurv @1.0.3_1 (R, science, math)
Bayesian Power Prior Design for Survival data

R-BCHM @1.00_2 (R, science)
Clinical trial calculation based on BCHM design

R-BDEsize @1.6_1 (R, science)
Efficient determination of sample size in balanced design of experiments

R-binGroup @2.2-1 (R, science, math)
Evaluation and experimental design for binomial group testing

R-binseqtest @1.0.4_1 (R, science)
Exact binary sequential designs and analysis

R-boinet @1.1.0 (R, science, math)
Conduct simulation study of Bayesian optimal interval design with BOIN-ET family

R-cbcTools @0.5.0_1 (R, science, math)
Design and evaluate choice-based conjoint survey experiments

R-clinfun @1.1.5_1 (R, science)
Clinical trial design and data analysis functions

R-conf.design @2.0.0_2 (R, science)
Construction of factorial designs

R-ConvergenceConcepts @1.2.3_1 (R, science)
A pedagogical package, designed to help students understanding convergence of random variables

R-DeclareDesign @1.0.10 (R, science, math)
Declare and diagnose research designs

R-DiceDesign @1.10_1 (R, science)
Designs of computer experiments

R-DiffNet @1.0.2_1 (R, science, math)
Identify significant node scores using network diffusion algorithm

R-docopulae @0.4.0_1 (R, science, math)
Optimal designs for copula models

R-DoE.wrapper @0.12_1 (R, science)
Wrapper package for design of experiments functionality

R-estimatr @1.0.4_1 (R, science, math)
Fast estimators for design-based inference

R-ezglm @1.0_1 (R, science, math)
Selects significant non-additive interaction between two variables using fast GLM implementation

R-fastcmh @0.2.7 (R, science, math)
Significant interval discovery with categorical covariates

R-formula.tools @1.7.1_2 (R, science)
Programmatic utilities for manipulating formulas, expressions, calls, assignments and other R objects

R-FrF2 @2.3-3_1 (R, science)
Fractional factorial designs with 2-level factors

R-fxl @1.7.1 (R, science, graphics)
Single case design charting package

R-gasper @1.1.6_1 (R, science, math)
Graph Signal Processing

R-ggsignif @0.6.4_2 (R, science)
Significance brackets for ggplot2

R-glmmrOptim @0.3.5 (R, science, math)
Approximate optimal experimental designs using generalised linear mixed models

R-gsbDesign @1.0-3_1 (R, science)
Group Sequential Bayes Design

R-gsDesign @3.6.4 (R, science)
Group Sequential Design

R-gsDesign2 @1.1.2_1 (R, science)
Group sequential design with non-constant effect

R-gsignal @0.3-7 (R, science)
Signal processing

R-hetGP @1.1.7 (R, science, math)
Heteroskedastic Gaussian process modelling and design under replication

R-idefix @1.0.3_1 (R, science, math)
Efficient designs for discrete choice experiments

R-ivDiag @1.0.6_1 (R, science)
Estimation and diagnostic tools for instrumental variables designs

R-JMdesign @1.5_1 (R, science, math)
Power calculations for joint modelling of longitudinal and survival data

R-jointseg @1.0.2_1 (R, science)
Joint segmentation of multivariate (copy number) signals

R-jose @1.2.1 (R, science, devel)
JavaScript Object Signing and Encryption

R-MedianaDesigner @0.13_1 (R, science)
Power and sample size calculations for clinical trials

R-minMSE @0.5.1_1 (R, science)
Implementation of the minMSE treatment assignment method for one or multiple treatment groups

R-OBsMD @12.0 (R, science, math)
Objective Bayesian model discrimination in follow-up designs

R-odr @1.4.4_1 (R, science)
Optimal design and statistical power for multilevel experiments investigating main, mediation and moderation effects

R-openssl @2.2.2 (R, science, crypto, net, security)
Toolkit for encryption, signatures and certificates based on OpenSSL

R-pRF @1.2 (R, science)
Permutation Significance for Random Forests

R-PVR @0.3_2 (R, science)
Phylogenetic eigenvectors regression and phylogentic signal-representation curve

R-qap @0.1-2_2 (R, science, math)
Heuristics for the Quadratic Assignment Problem (QAP)

R-R6P @0.3.0_1 (R, science, devel)
Design patterns in R

R-randomizr @1.0.0_1 (R, science, math)
Easy-to-use tools for common forms of random assignment and sampling

R-RcmdrPlugin.DoE @0.12-6 (R, science)
R Commander plug-in for (industrial) design of experiments

R-rdmulti @1.1_1 (R, science, math)
Analysis of RD designs with multiple cutoffs or scores

R-rdpower @2.2_2 (R, science, math)
Power calculations for RD designs

R-rdrobust @2.2_1 (R, science, math)
Robust data-driven statistical inference in regression-discontinuity designs

R-rmBayes @0.1.16_2 (R, science, math)
Performing Bayesian inference for repeated-measures designs

R-rsurface @1.1.0_1 (R, science)
Design of rotatable central composite experiments and response surface analysis

R-samr @3.0_1 (R, science)
Significance Analysis of Microarrays

R-scdhlm @0.7.3_1 (R, science, math)
Estimating hierarchical linear models for single-case designs

R-sfd @0.1.0 (R, science)
Space-Filling Design library

R-SharpeR @1.3.0_2 (R, science, math)
Statistical significance of the Sharpe ratio

R-SiER @0.1.0 (R, science)
Signal extraction approach for sparse multivariate response regression

R-sigclust @1.1.0.1_1 (R, science, math)
Statistical significance of clustering

R-signal @1.8-1 (R, science, math)
Signal processing

R-signs @0.1.2_1 (R, science)
Insert proper minus signs

R-SimDesign @2.17.1 (R, science)
Structure for organizing Monte Carlo simulation designs

R-SpatialNP @1.1-5_1 (R, science, math)
Multivariate non-parametric methods based on spatial signs and ranks

R-spdesign @0.0.4 (R, science, economics)
Design stated preference experiments

R-SPIA @2.56.0 (R, science, bioconductor)
Signaling Pathway Impact Analysis (SPIA) using combined evidence of pathway over-representation and unusual signalling perturbations

R-trialr @0.1.6_2 (R, science)
Clinical trial designs in RStan

R-UNPaC @1.1.1_1 (R, science, math)
Non-parametric cluster significance testing with reference to a unimodal null distribution

R-Vdgraph @2.2-7_1 (R, science, math)
Variance dispersion graphs and fraction of design space plots for response surface designs

R-villager @2.0.0 (R, science, economics)
Framework for designing and running agent-based models

R-waveslim @1.8.5 (R, science)
Basic wavelet routines for one-, two- and three-dimensional signal processing

R-zeallot @0.1.0_2 (R, science)
Variable assignment with zeal

rb-forwardable @1.3.3 (ruby, devel)
Provides delegation of specified methods to a designated object

rb-fsevent @0.11.2 (ruby)
FSEvents API with signals catching (without RubyCocoa)

rb-multiton @1.0.2 (ruby)
The Multiton Design Pattern

rb-packable @1.3.18 (ruby)
This library monkeypatches core classes and wa designed for Ruby 1.8 & 1.9

rb19-roodi @2.1.0 (ruby)
Ruby Object Oriented Design Inferometer

rb19-unicorn @1.0.0_1 (ruby, www)
HTTP server for Rack applications designed for Unix

rb30-packable @1.3.18 (ruby)
This library monkeypatches core classes and wa designed for Ruby 1.8 & 1.9

rb31-forwardable @1.3.3 (ruby, devel)
Provides delegation of specified methods to a designated object

rb31-fsevent @0.11.2 (ruby)
FSEvents API with signals catching (without RubyCocoa)

rb31-packable @1.3.18 (ruby)
This library monkeypatches core classes and wa designed for Ruby 1.8 & 1.9

rb32-forwardable @1.3.3 (ruby, devel)
Provides delegation of specified methods to a designated object

rb32-fsevent @0.11.2 (ruby)
FSEvents API with signals catching (without RubyCocoa)

rb32-packable @1.3.18 (ruby)
This library monkeypatches core classes and wa designed for Ruby 1.8 & 1.9

rb33-forwardable @1.3.3 (ruby, devel)
Provides delegation of specified methods to a designated object

rb33-fsevent @0.11.2 (ruby)
FSEvents API with signals catching (without RubyCocoa)

rb33-packable @1.3.18 (ruby)
This library monkeypatches core classes and wa designed for Ruby 1.8 & 1.9

renameutils @0.12.0 (sysutils)
renameutils is a set of programs designed to make renaming files faster and less cumbersome

rr @1.3 (sysutils)
rr is a basic command-line utility designed to retain/recall file and directory paths.

SDRangel @7.13.0 (science)
SDRangel is an Open Source Qt5 / OpenGL 3.0+ SDR and signal analyzer frontend to various hardware.

sign @1.1_3 (security)
sign is a file signing and signature verification utility

signify @1.6 (security)
cryptographically sign and verify files

signing-party @2.11_1 (mail, security)
Various OpenPGP related tools

smimesign @0.2.0 (security, devel)
An S/MIME signing utility for use with Git

sparky @3.115_2 (science, chemistry)
NMR Assignment and Integration Software

sptk @3.11 (audio)
The Speech Signal Processing Toolkit

stk @5.0.1 (audio)
open source audio signal processing and algorithmic synthesis classes

subversion @1.14.3 (devel)
subversion (svn) -- a version control system designed to be a better cvs

tcpxtract @1.0.1_1 (net, security)
tool for extracting files from network traffic based on file signatures

tkregexp @3.0 (x11)
Design and debug regular expressions

ubertooth @2020-12-R1 (devel, net, security)
Software, firmware and hardware designs for Ubertooth.

ubertooth-devel @2022-07-19 (devel, net, security)
Software, firmware and hardware designs for Ubertooth.

unxip @3.3 (archivers, sysutils)
A fast signed archive extractor

usign-devel @20190920 (security)
OpenWrt signature verification utility

wdsp @20230508-4c273de2 (science, comms)
WDSP is a full-featured signal processing library for Software Defined Radio

wordgrinder @0.8 (editors)
WordGrinder, lightweight character-cell word processor designed for the console

wtfutil @0.48.0 (sysutils)
A personal terminal-based dashboard utility, designed for displaying infrequently-needed, but very important, daily data.

xc @0.9.0 (sysutils)
xc is a task runner designed to maximise convenience, and minimise complexity.

xml-security-c @2.0.4_1 (security, xml, textproc, shibboleth)
XML Signing/Encryption for C++

xonclock @0.0.9.4_5 (x11)
X on-screen analog clock displayer with assignable skins

xwordgrinder @0.8 (editors)
WordGrinder, lightweight character-cell word processor designed for the console

Found 425 ports.
