gr-gfdm @20200409-df94a58d_4 (science, comms)
Provides augmented functionality for GNU Radio: Generalized Frequency Division Multiplexing.

gr37-gfdm @20190416-4cc5b5c4_4 (science, comms)
Provides augmented functionality for GNU Radio: Generalized Frequency Division Multiplexing.

octave-ltfat @2.6.0_3 (octave, math, science)
The Large Time-Frequency Analysis Toolbox

py-cipheydists @0.3.35 (python, security)
Distributions for frequency analysis

py39-cipheydists @0.3.35 (python, security)
Distributions for frequency analysis

R-arules @1.7-8 (R, science)
Mining association rules and frequent item sets

R-arulesViz @1.5.3 (R, science)
Visualize association rules and frequent item sets

R-BayesGOF @5.2_2 (R, science, math)
Bayesian modeling via frequentist goodness-of-fit

R-currr @0.1.2_2 (R, science)
Apply mapping functions in frequent saving

R-dtts @0.1.3 (R, science, finance)
High-frequency time series support via nanotime and data.table

R-easy.utils @0.0.5 (R, science)
Frequently used functions for easy R programming

R-fdth @1.3-0_1 (R, science, math)
Frequency distribution tables, histograms and polygons

R-freqdom @2.0.5_1 (R, science)
Implementation of dynamic principal component analysis (DPCA), simulation of VAR and VMA processes and frequency domain tools

R-grangers @0.1.0_1 (R, science, math)
Inference on Granger causality in the frequency domain

R-mfGARCH @0.2.1_2 (R, science, math)
Mixed-Frequency GARCH models

R-netmeta @2.9-0_1 (R, science)
Network meta-analysis using frequentist methods

R-qfa @2.1_1 (R, science, math)
Quantile-Frequency Analysis (QFA) of time series

R-quickcode @1.0.2 (R, science)
Compilation of some frequently used R functions

R-r2d2 @1.0.1_2 (R, science, math)
Bivariate (two-dimensional) confidence region and frequency distribution

R-rfm @0.3.0_1 (R, science, economics)
Recency, frequency and monetary value analysis

R-Rgbp @1.1.4_2 (R, science, math)
Hierarchical modelling and frequency method checking on overdispersed Gaussian, Poisson and Binomial data

R-zipfR @0.6-70_2 (R, science, textproc)
Statistical models for word frequency distributions

sparkey @0.2.99_1 (databases)
Simple constant key/value storage library, for read-heavy systems with infrequent large bulk inserts.

wtfutil @0.48.0 (sysutils)
A personal terminal-based dashboard utility, designed for displaying infrequently-needed, but very important, daily data.

Found 24 ports.
