cl-plus-ssl @20230731_1 (lisp, devel)
A Common Lisp interface to OpenSSL / LibreSSL

danectl @0.8.4 (security)
DNSSEC DANE implementation manager

fbopenssl @0.0.4_6 (devel)
SPNEGO library

gnss-sdr @0.0.19_1 (science)
An Open Source Global Navigation Satellite Systems (GNSS) (for example: GPS, Galileo, Glonass, Beidou, etc) Software Defined Radio (SDR) Receiver

gnss-sdr-devel @20240126-ec180d85_1 (science)
An Open Source Global Navigation Satellite Systems (GNSS) (for example: GPS, Galileo, Glonass, Beidou, etc) Software Defined Radio (SDR) Receiver

jansson @2.14.1 (devel)
C library for encoding, decoding and manipulating JSON data.

kdnssd @4.12.2_3 (kde, kde4)
KdeNetwork utility

libretls @3.8.1 (devel)
libtls for OpenSSL

lua-luasec @1.3.1 (lua, devel)
binding for OpenSSL library to provide TLS/SSL communication over LuaSocket

lua51-luasec @1.3.1 (lua, devel)
binding for OpenSSL library to provide TLS/SSL communication over LuaSocket

lua52-luasec @1.3.1 (lua, devel)
binding for OpenSSL library to provide TLS/SSL communication over LuaSocket

lua53-luasec @1.3.1 (lua, devel)
binding for OpenSSL library to provide TLS/SSL communication over LuaSocket

lua54-luasec @1.3.1 (lua, devel)
binding for OpenSSL library to provide TLS/SSL communication over LuaSocket

lxqt-openssh-askpass @0.15.0 (sysutils)
GUI to query passwords on behalf of SSH agents

mesalink @1.0.0 (devel, security)
A memory-safe and OpenSSL-compatible TLS library

mod_dnssd @0.6_1 (www)
Apache module to add Zeroconf support via DNS-SD using Avahi

nss @3.120 (net)
Network Security Service libraries.

openssh @10.2p1_2 (net)
OpenSSH secure login server

openssl @3_29 (devel, security)
Shim port installing symbolic links in primary prefix pointing to the openssl3 installation.

openssl3 @3.6.1 (devel, security)
OpenSSL SSL/TLS cryptography library

openssl10 @1.0.2u_4 (devel, security)
OpenSSL SSL/TLS cryptography library

openssl11 @1.1.1w_1 (devel, security)
OpenSSL SSL/TLS cryptography library

osslsigncode @2.10 (devel, security)
OpenSSL-based signcode utility

osslsigncode-devel @20250922 (devel, security)
OpenSSL-based signcode utility

p5-crypt-openssl-bignum @0.90.0_2 (perl)
OpenSSL's multiprecision integer arithmetic

p5-crypt-openssl-dsa @0.200.0 (perl)
Crypt::OpenSSL::DSA - Digital Signature Algorithm using OpenSSL

p5-crypt-openssl-ec @1.320.0_1 (perl)
Crypt::OpenSSL::EC - Perl extension for OpenSSL EC (Elliptic Curves) library

p5-crypt-openssl-ecdsa @0.100.0 (perl)
Crypt::OpenSSL::ECDSA - Perl extension for OpenSSL ECDSA (Elliptic Curve Digital Signature Algorithm)

p5-crypt-openssl-guess @0.150.0 (perl)
Crypt::OpenSSL::Guess - Guess OpenSSL include path

p5-crypt-openssl-random @0.170.0 (perl)
Crypt::OpenSSL::Random - OpenSSL/LibreSSL pseudo-random number generator access

p5-crypt-openssl-rsa @0.370.0 (perl, security)
Crypt::OpenSSL::RSA - RSA encoding and decoding, using the openSSL libraries

p5-crypt-openssl-x509 @2.0.1 (perl)
Crypt::OpenSSL::X509 - Perl extension to OpenSSL's X509 API

p5-net-dns-sec @1.270.0 (perl)
Net::DNS::SEC - DNSSEC extensions to Net::DNS

p5-net-openssh @0.840.0 (perl)
Perl SSH client package implemented on top of OpenSSH

p5-net-ssleay @1.940.0_4 (perl)
Perl extension for using OpenSSL

p5.28-crypt-openssl-bignum @0.90.0_2 (perl)
OpenSSL's multiprecision integer arithmetic

p5.28-crypt-openssl-dsa @0.200.0 (perl)
Crypt::OpenSSL::DSA - Digital Signature Algorithm using OpenSSL

p5.28-crypt-openssl-ec @1.320.0_1 (perl)
Crypt::OpenSSL::EC - Perl extension for OpenSSL EC (Elliptic Curves) library

p5.28-crypt-openssl-ecdsa @0.100.0 (perl)
Crypt::OpenSSL::ECDSA - Perl extension for OpenSSL ECDSA (Elliptic Curve Digital Signature Algorithm)

p5.28-crypt-openssl-guess @0.150.0 (perl)
Crypt::OpenSSL::Guess - Guess OpenSSL include path

p5.28-crypt-openssl-random @0.170.0 (perl)
Crypt::OpenSSL::Random - OpenSSL/LibreSSL pseudo-random number generator access

p5.28-crypt-openssl-rsa @0.370.0 (perl, security)
Crypt::OpenSSL::RSA - RSA encoding and decoding, using the openSSL libraries

p5.28-crypt-openssl-x509 @2.0.1 (perl)
Crypt::OpenSSL::X509 - Perl extension to OpenSSL's X509 API

p5.28-net-dns-sec @1.270.0 (perl)
Net::DNS::SEC - DNSSEC extensions to Net::DNS

p5.28-net-openssh @0.840.0 (perl)
Perl SSH client package implemented on top of OpenSSH

p5.28-net-ssleay @1.940.0_4 (perl)
Perl extension for using OpenSSL

p5.30-crypt-openssl-bignum @0.90.0_2 (perl)
OpenSSL's multiprecision integer arithmetic

p5.30-crypt-openssl-dsa @0.200.0 (perl)
Crypt::OpenSSL::DSA - Digital Signature Algorithm using OpenSSL

p5.30-crypt-openssl-ec @1.320.0_1 (perl)
Crypt::OpenSSL::EC - Perl extension for OpenSSL EC (Elliptic Curves) library

p5.30-crypt-openssl-ecdsa @0.100.0 (perl)
Crypt::OpenSSL::ECDSA - Perl extension for OpenSSL ECDSA (Elliptic Curve Digital Signature Algorithm)

p5.30-crypt-openssl-guess @0.150.0 (perl)
Crypt::OpenSSL::Guess - Guess OpenSSL include path

p5.30-crypt-openssl-random @0.170.0 (perl)
Crypt::OpenSSL::Random - OpenSSL/LibreSSL pseudo-random number generator access

p5.30-crypt-openssl-rsa @0.370.0 (perl, security)
Crypt::OpenSSL::RSA - RSA encoding and decoding, using the openSSL libraries

p5.30-crypt-openssl-x509 @2.0.1 (perl)
Crypt::OpenSSL::X509 - Perl extension to OpenSSL's X509 API

p5.30-net-dns-sec @1.270.0 (perl)
Net::DNS::SEC - DNSSEC extensions to Net::DNS

p5.30-net-openssh @0.840.0 (perl)
Perl SSH client package implemented on top of OpenSSH

p5.30-net-ssleay @1.940.0_4 (perl)
Perl extension for using OpenSSL

p5.32-crypt-openssl-bignum @0.90.0_2 (perl)
OpenSSL's multiprecision integer arithmetic

p5.32-crypt-openssl-dsa @0.200.0 (perl)
Crypt::OpenSSL::DSA - Digital Signature Algorithm using OpenSSL

p5.32-crypt-openssl-ec @1.320.0_1 (perl)
Crypt::OpenSSL::EC - Perl extension for OpenSSL EC (Elliptic Curves) library

p5.32-crypt-openssl-ecdsa @0.100.0 (perl)
Crypt::OpenSSL::ECDSA - Perl extension for OpenSSL ECDSA (Elliptic Curve Digital Signature Algorithm)

p5.32-crypt-openssl-guess @0.150.0 (perl)
Crypt::OpenSSL::Guess - Guess OpenSSL include path

p5.32-crypt-openssl-random @0.170.0 (perl)
Crypt::OpenSSL::Random - OpenSSL/LibreSSL pseudo-random number generator access

p5.32-crypt-openssl-rsa @0.370.0 (perl, security)
Crypt::OpenSSL::RSA - RSA encoding and decoding, using the openSSL libraries

p5.32-crypt-openssl-x509 @2.0.1 (perl)
Crypt::OpenSSL::X509 - Perl extension to OpenSSL's X509 API

p5.32-net-dns-sec @1.270.0 (perl)
Net::DNS::SEC - DNSSEC extensions to Net::DNS

p5.32-net-openssh @0.840.0 (perl)
Perl SSH client package implemented on top of OpenSSH

p5.32-net-ssleay @1.940.0_4 (perl)
Perl extension for using OpenSSL

p5.34-crypt-openssl-bignum @0.90.0_2 (perl)
OpenSSL's multiprecision integer arithmetic

p5.34-crypt-openssl-dsa @0.200.0 (perl)
Crypt::OpenSSL::DSA - Digital Signature Algorithm using OpenSSL

p5.34-crypt-openssl-ec @1.320.0_1 (perl)
Crypt::OpenSSL::EC - Perl extension for OpenSSL EC (Elliptic Curves) library

p5.34-crypt-openssl-ecdsa @0.100.0 (perl)
Crypt::OpenSSL::ECDSA - Perl extension for OpenSSL ECDSA (Elliptic Curve Digital Signature Algorithm)

p5.34-crypt-openssl-guess @0.150.0 (perl)
Crypt::OpenSSL::Guess - Guess OpenSSL include path

p5.34-crypt-openssl-random @0.170.0 (perl)
Crypt::OpenSSL::Random - OpenSSL/LibreSSL pseudo-random number generator access

p5.34-crypt-openssl-rsa @0.370.0 (perl, security)
Crypt::OpenSSL::RSA - RSA encoding and decoding, using the openSSL libraries

p5.34-crypt-openssl-x509 @2.0.1 (perl)
Crypt::OpenSSL::X509 - Perl extension to OpenSSL's X509 API

p5.34-net-dns-sec @1.270.0 (perl)
Net::DNS::SEC - DNSSEC extensions to Net::DNS

p5.34-net-openssh @0.840.0 (perl)
Perl SSH client package implemented on top of OpenSSH

p5.34-net-ssleay @1.940.0_4 (perl)
Perl extension for using OpenSSL

php52-openssl @5.2.17_3 (php, devel, security)
a PHP interface to OpenSSL signature-generation and -verification and data-encryption and -decryption functions

php53-openssl @5.3.29_3 (php, devel, security)
a PHP interface to OpenSSL signature-generation and -verification and data-encryption and -decryption functions

php54-openssl @5.4.45_3 (php, devel, security)
a PHP interface to OpenSSL signature-generation and -verification and data-encryption and -decryption functions

php55-openssl @5.5.38_3 (php, devel, security)
a PHP interface to OpenSSL signature-generation and -verification and data-encryption and -decryption functions

php56-openssl @5.6.40_3 (php, devel, security)
a PHP interface to OpenSSL signature-generation and -verification and data-encryption and -decryption functions

php70-openssl @7.0.33_2 (php, devel, security)
a PHP interface to OpenSSL signature-generation and -verification and data-encryption and -decryption functions

php71-openssl @7.1.33_1 (php, devel, security)
a PHP interface to OpenSSL signature-generation and -verification and data-encryption and -decryption functions

php72-openssl @7.2.34_1 (php, devel, security)
a PHP interface to OpenSSL signature-generation and -verification and data-encryption and -decryption functions

php73-openssl @7.3.33 (php, devel, security)
a PHP interface to OpenSSL signature-generation and -verification and data-encryption and -decryption functions

php74-openssl @7.4.33 (php, devel, security)
a PHP interface to OpenSSL signature-generation and -verification and data-encryption and -decryption functions

php80-openssl @8.0.30 (php, devel, security)
a PHP interface to OpenSSL signature-generation and -verification and data-encryption and -decryption functions

php81-openssl @8.1.30 (php, devel, security)
a PHP interface to OpenSSL signature-generation and -verification and data-encryption and -decryption functions

php82-openssl @8.2.24 (php, devel, security)
a PHP interface to OpenSSL signature-generation and -verification and data-encryption and -decryption functions

php83-openssl @8.3.12 (php, devel, security)
a PHP interface to OpenSSL signature-generation and -verification and data-encryption and -decryption functions

php84-openssl @8.4.0RC1 (php, devel, security)
a PHP interface to OpenSSL signature-generation and -verification and data-encryption and -decryption functions

pkcs11-helper @1.29.0 (security)
Library that simplifies the interaction with PKCS#11 providers for end-user applications using a simple API and optional OpenSSL engine

pkcs11-provider @1.1.0 (security, crypto)
A pkcs#11 provider for OpenSSL 3.0+

py-ndg_httpsclient @0.5.1_2 (python, net)
This is a HTTPS client implementation for httplib and urllib2 based on PyOpenSSL.

py-openssl @25.3.0 (python, devel, security)
python wrapper around the OpenSSL library

py-service_identity @24.2.0 (python, devel)
Service Identity Verification for pyOpenSSL

py27-openssl @21.0.0 (python, devel, security)
python wrapper around the OpenSSL library

py27-service_identity @21.1.0 (python, devel)
Service Identity Verification for pyOpenSSL

py39-openssl @25.3.0 (python, devel, security)
python wrapper around the OpenSSL library

py39-service_identity @24.2.0 (python, devel)
Service Identity Verification for pyOpenSSL

py310-ndg_httpsclient @0.5.1_2 (python, net)
This is a HTTPS client implementation for httplib and urllib2 based on PyOpenSSL.

py310-openssl @25.3.0 (python, devel, security)
python wrapper around the OpenSSL library

py310-service_identity @24.2.0 (python, devel)
Service Identity Verification for pyOpenSSL

py311-ndg_httpsclient @0.5.1_2 (python, net)
This is a HTTPS client implementation for httplib and urllib2 based on PyOpenSSL.

py311-openssl @25.3.0 (python, devel, security)
python wrapper around the OpenSSL library

py311-service_identity @24.2.0 (python, devel)
Service Identity Verification for pyOpenSSL

py312-ndg_httpsclient @0.5.1_2 (python, net)
This is a HTTPS client implementation for httplib and urllib2 based on PyOpenSSL.

py312-openssl @25.3.0 (python, devel, security)
python wrapper around the OpenSSL library

py312-service_identity @24.2.0 (python, devel)
Service Identity Verification for pyOpenSSL

py313-ndg_httpsclient @0.5.1_2 (python, net)
This is a HTTPS client implementation for httplib and urllib2 based on PyOpenSSL.

py313-openssl @25.3.0 (python, devel, security)
python wrapper around the OpenSSL library

py313-service_identity @24.2.0 (python, devel)
Service Identity Verification for pyOpenSSL

py314-openssl @25.3.0 (python, devel, security)
python wrapper around the OpenSSL library

py314-service_identity @24.2.0 (python, devel)
Service Identity Verification for pyOpenSSL

R-openssl @2.2.2 (R, science, crypto, net, security)
Toolkit for encryption, signatures and certificates based on OpenSSL

R-RcppCensSpatial @0.3.0_1 (R, science, math)
Spatial estimation and prediction for censored/missing responses

rb-aes @0.5.1 (ruby, crypto, security)
AES encrypt/decrypt gem built ontop of OpenSSL

rb-dnssd @2.0 (ruby)
DNS Service Discovery (aka Bonjour) API for Ruby

rb-easyjour @0.0.4_1 (ruby)
Super simple access to service announcing and discovery using Bonjour aka DNSSD.

rb31-aes @0.5.1 (ruby, crypto, security)
AES encrypt/decrypt gem built ontop of OpenSSL

rb32-aes @0.5.1 (ruby, crypto, security)
AES encrypt/decrypt gem built ontop of OpenSSL

rb33-aes @0.5.1 (ruby, crypto, security)
AES encrypt/decrypt gem built ontop of OpenSSL

scanssh @2.1_3 (net, security)
scanner for finding ssh servers and their software version

tcl-tls @2.0 (devel)
TLS OpenSSL extension to TCL.

transset @1.0.2 (x11)
transset is an utility for setting opacity property on X11 windows

volk-gnss-sdr @0.0.19 (science)
Volk modules for GNSS-SDR

volk-gnss-sdr-devel @20240126-ec180d85 (science)
Volk modules for GNSS-SDR

Found 130 ports.
