a2ps-j @1.45_4 (print, textproc, japanese)
Text file to PostScript converter (with Japanese support)

ack @3.9.0 (devel)
ack - grep-like text finder

ackmate @1.1.2_5 (editors, aqua)
AckMate is a TextMate plugin for running Ack in a Cocoa window.

aee @2.2.21 (editors)
easy to use text editor

amp @0.7.1 (editors)
A complete text editor for your terminal.

antlr4-cpp-runtime @4.13.2_1 (lang, devel)
ANTLR (ANother Tool for Language Recognition) is a powerful parser generator for reading, processing, executing, or translating structured text or binary files.

asciidoc @10.2.1_2 (textproc)
Formatter/translator for text files to numerous formats

asciidoctor @2.0.26 (textproc)
A fast text processor & publishing toolchain for converting AsciiDoc to HTML5, DocBook & more

barcode @0.99_2 (textproc, print)
convert text strings to printed barcodes

bashish @2.2.4 (sysutils)
Bashish is a theming utility for text environments.

bbcolors @1.0.1 (sysutils)
a tool for saving and loading text color preference schemes for BBEdit and TextWrangler

bean @2.4.5 (editors, aqua)
A small, simple rich text editor.

beets-barcode @20210908 (audio)
A plugin for beets that finds releases (on musicbrainz) based on a barcode that is provided via text or decoded from image files

bibledit @4.8_2 (textproc)
A USFM text editor for Bible translators using Linux and Mac OS X.

boxes @1.3 (textproc)
draws boxes around text

browsh @1.8.2 (www)
browsh is a fully-modern text-based browser

bsd-games @3.3_1 (games)
Classic text mode games from UNIX folklore

byobu @6.13 (sysutils)
open source text-based window manager and terminal multiplexer

calcurse @4.8.2 (sysutils)
text-based personal organizer

cedet @1.1 (editors)
Infrastructure for parser based text analysis in Emacs

cgrc @2.0.4 (textproc)
Configurable terminal text formatter

chef @19930426 (textproc, amusements)
trunsletes inpoot text intu sveedeesh

cl-ansi-text @2.0.1 (lisp, devel)
Enables ANSI colors for printing.

cl-cluffer @20231110 (lisp, devel)
Library providing a protocol for text-editor buffers.

cl-contextl @20211216 (lisp, devel)
ContextL is a CLOS extension for Context-oriented Programming (COP)

cl-gettext @20171101 (lisp, www, devel)
A port of gettext runtime to Common Lisp

cl-html-encode @1.2 (lisp, devel)
html-encode is a small library for encoding text in various web-savvy formats

cl-montezuma @20170216 (lisp, devel)
Montezuma is a port of the Lucene text search engine library.

cloudman @0.1.7_1 (sysutils, net)
Textual user interface to manage ec2 instances.

clucene @2.3.3.4_3 (devel)
Clucene is a C++ port of Lucene: the high-performance, full-featured text search engine written in Java.

colorer @take5.be5_2 (textproc, devel)
A library that provides source text syntax highlighting services

commons-text @1.14.0 (java)
Apache Commons Text

coreutils @9.5_1 (sysutils)
GNU File, Shell, and Text utilities

coreutils-devel @9.8 (sysutils)
GNU File, Shell, and Text utilities

coreutils-uutils @0.4.0 (sysutils)
File, shell and text utilities

cpabe @0.11_3 (security)
ciphertext-policy attribute-based encryption toolkit

crswallow @0.2 (sysutils)
filter or rate-limit text lines containing CR

d2 @0.6.8 (graphics)
D2 is a modern diagram scripting language that turns text to diagrams.

dbacl @1.14_2 (textproc)
dbacl is a digramic Bayesian text classifier

dectalk @2023-10-30_2 (audio)
90s/00s DECtalk text-to-speech application

DiffPDF @2.1.3 (graphics)
Compare two PDF files textually or visually

dos2unix @7.5.3 (textproc)
Convert text files with DOS or Mac line breaks to Unix line breaks and vice versa

dosmacux @1.5_1 (textproc)
convert text file line endings between DOS, Mac and UNIX standards

dte @6.12 (editors)
text editor which uses many of the shortcuts used in MSDOS EDIT

ed @1.22.4 (editors)
ed is a line-oriented text editor.

edbrowse @3.8.6 (www)
A combination editor, browser, and mail client that is 100% text based.

ee @1.5.2 (editors)
easy to use text editor

elinks @0.11.7_7 (www)
text mode web browser

elinks-devel @0.12pre6_7 (www)
Full-Featured Text WWW Browser

emacs @30.2_2 (editors)
The GNU Emacs text editor

emacs-app @30.2_2 (editors, aqua)
The GNU Emacs text editor

emacs-app-devel @20250924 (editors, aqua)
The GNU Emacs text editor

emacs-devel @20250924 (editors)
The GNU Emacs text editor

emacs-w3m @20191030.537 (www)
Use the textual w3m web browser from Emacs

expense.txt @1.0 (office)
Expense.txt allows you to track and analyze your expenses using plain text files.

extractopinion @1.2_7 (textproc, japanese)
an opinion extraction tool for Japanese texts

fasttext @0.9.2_1 (textproc)
Library for fast text representation and classification.

fig2ps @1.5_9 (graphics, tex)
converts xfig files to PostScript or PDF, processing text with LaTeX

flip @20050821 (textproc)
convert text file line endings

flite @2.2 (audio, devel)
a small fast run-time text to speech engine

fnc @0.18 (devel)
An interactive text-based user interface for Fossil

frescobaldi @3.3.0 (editors, python)
A LilyPond sheet music text editor

frescobaldi-devel @20230327 (editors, python)
A LilyPond sheet music text editor

frescobaldi2 @2.20.0_1 (editors, python)
A LilyPond sheet music text editor

fsdb @3.400.0 (perl, textproc)
A flat-text database for shell scripting

gettext @0.22.5 (devel)
GNU internationalization (i18n) and localization (l10n) tools

gettext-runtime @0.22.5 (devel)
GNU internationalization (i18n) and localization (l10n) runtime library

gettext-tools-libs @0.22.5 (devel)
GNU internationalization (i18n) and localization (l10n) tools libraries

gimp-resynthesizer @20190428-adfa25ab (graphics)
Resynthesizer is a Gimp plug-in for texture synthesis.

gitty @0.7.0 (devel)
Contextual information about your git projects, right on the command-line

glark @1.8.0 (textproc)
Search text files for complex regular expressions

glimpse @4.18.6_1 (textproc)
text search engine

gocr @0.49_1 (graphics)
Optical Character Recognition, converts images back to text

groonga @13.0.1_1 (databases)
An embeddable fulltext search engine

grutatxt @2.0.15 (textproc)
plain text to html converter

gtkglarea2 @2.1.0 (x11, devel)
GtkGLArea is an OpenGL context provider for GTK+ 2.

gtksourceview @1.8.6-20070930 (gnome)
GtkSourceView is a text widget

gtksourceview2 @2.10.5_10 (gnome)
GtkSourceView is a text widget

gtksourceview3 @3.24.11_1 (gnome)
GtkSourceView-3.0 is a source highlighting text widget for GTK+ 3

gtksourceview4 @4.8.4 (gnome)
GtkSourceView-4.0 is a source highlighting text widget for GTK+ 3

gtksourceview5 @5.10.0 (gnome)
GtkSourceView-5.0 is a source highlighting text widget for GTK+ 4

gvemod-labeler @0.4_1 (science, graphics, x11)
An interactive tool for generating short texts as vector objects inside Geomview

harfbuzz @11.2.1_1 (graphics)
OpenType text shaping engine

harfbuzz-devel @11.2.1_1 (graphics)
OpenType text shaping engine

helix @25.07.1 (editors)
A post-modern text editor.

heyu @2.0beta.7.2 (comms)
HEYU is a text-based console program for remotely controlling lights and appliances in the home or office.

highlight @4.18 (textproc, devel)
converts source code to formatted text with syntax highlighting

hilite @1.5 (sysutils)
highlight stderr text in red

hrsh2csv @1.3_1 (palm)
converts Hours pdb files into CSV text files

html2text @2.4.0_1 (textproc)
Utility to convert HTML documents into plain text.

htop @3.4.1 (sysutils)
an interactive text-mode process viewer for Unix

hurl @7.1.0 (www)
Hurl is a command line tool that runs HTTP requests defined in a simple plain text format.

hyperestraier @1.4.13 (textproc, net)
Hyper Estraier is a full-text search system.

inform @6.33 (devel)
A Z-Code (Infocom Text Adventures) compiler

inkscape-textext @1.10.2 (graphics, tex)
LaTeX typesetting in Inkscape

ircii-classic @2.8.2_3 (irc)
a text-based IRC and ICB client

iselect @1.4.0_2 (sysutils)
OSSP iselect is an interactive line selection tool for textual files, operating via a full-screen Curses-based terminal session.

itext @1.1 (java, print)
Java library that allows you to generate PDF files on the fly.

jive @1.1_1 (textproc)
Convert English text to Jive

jjui @0.9.10 (devel)
Jujutsu UI (jjui) is a Text User Interface (TUI) designed for interacting with the Jujutsu version control system.

JuffEd @20240816 (editors)
JuffEd is a Qt-based text editor

kakasi @2.3.6 (textproc, japanese)
Program that converts Kanji text to other scripts

kibi @0.3.3 (editors)
Text editor in ≤1024 lines of code, written in Rust

kinput2 @3.1_5 (x11, japanese)
Input server of Japanese text

l3afpad @0.8.18.1.11 (editors, gnome)
A simple GTK+ 3 text editor that emphasizes simplicity.

larn @12_3 (games)
Text-based cavern exploring game

ldapvi @1.7_5 (net, sysutils)
using ldapvi you can update LDAP entries with a text editor

le @1.16.8 (editors)
Terminal based text editor

leafpad @0.8.18.1 (editors, gnome)
A simple GTK+ 2 text editor that emphasizes simplicity.

libasprintf @0.22.5 (devel)
autosprintf library, part of gettext

libbswabe @0.9_3 (security)
ciphertext-policy attribute-based encryption toolkit library

libexttextcat @3.4.6 (devel, textproc)
Library implementing N-gram-based text categorization.

libmwaw @0.3.21 (devel, textproc)
Library parsing many pre-OS X MAC text formats.

libnewt @0.52.25 (devel)
text-mode widget-based user interface library

libnumbertext @1.0.11 (devel, textproc)
Number to number name and money text conversion libraries.

libots @0.5.0 (textproc)
Open Text Summarizer

libraqm @0.10.1_1 (devel)
A library for complex text layout

libsphinxclient @2.2.11_1 (textproc, net)
C library to talk to the Sphinx full-text search engine

libt3highlight @0.5.0 (devel)
The libt3highlight library provides functions for syntax-highlighting different types of text files.

libtapi @1300.6.5-20231128 (devel)
libtapi adds ld64 linker support for text-based API libraries.

libtextstyle @0.22.5 (devel)
a text styling library, part of gettext

libxo @1.7.5 (devel)
A Library for Generating Text, XML, JSON, and HTML Output

links1 @1.04 (www)
text WWW browser with tables

lite-xl @2.1.4 (editors, lua)
A lightweight text editor written in Lua

lookat @1.4.4 (sysutils)
A program to view textfiles and man-pages.

lout @3.43.2 (textproc)
A text formatting system similar to TeX, but simpler

luametatex @2.11.07 (tex)
LuaMetaTeX engine for ConTeXt

LucenePlusPlus @3.0.9 (devel)
High-performance, full-featured text search engine for C++

lynx @2.9.2 (www)
The text web browser

makeztxt @1.60 (palm, textproc)
converts text files into Palm zTXT databases

materialx @1.38.2_1 (graphics)
library for describing materials and textures in computer graphics applications

mercurial-rustext @7.0.2_3 (devel, python)
Experimental Rust optimizations for Mercurial

micro @2.0.15 (editors)
A modern and intuitive terminal-based text editor

minimumprofit @3.3.18b_2 (editors)
Programmer Text Editor.

mle @1.7.2_1 (editors)
Small, flexible, terminal-based text editor

moe @1.15 (editors)
GNU moe - console text editor for ISO-8859 and ASCII character encodings.

monafont @2.90_2 (x11, fonts)
Japanese proportional font to show Japanese text arts correctly

morshutalk @0.0.2 (python, games)
Morshu text-to-speech

mousepad @0.6.2 (xfce)
A text editor for Xfce based on Leafpad

mstrans @1.4 (sysutils, textproc)
Text conversion between Unix and MS-DOS line endings.

multimarkdown @6.7.0 (textproc)
turn minimally marked-up plain text into well formatted documents

nedit @5.7_1 (editors)
A multi-purpose text editor for the X Window System.

netrik @1.16.1_4 (www)
netrik is a fast text mode web browser

network-weathermap @0.97c (net)
Weathermap is a network visualisation tool, to take graphs you already have and display an overview of your network as a map. It supports RRD, MRTG (RRD and old log-format), and tab-delimited text files. Other sources are via plugins or external scripts.

newsboat @2.42 (net, www)
a fork of Newsbeuter, an RSS/Atom feed reader for the text console

ocaml-textutils @0.16.0_1 (ocaml, textproc)
Text output utilities

ocaml-textutils_kernel @0.16.0_1 (ocaml, textproc)
The subset of textutils using only core_kernel and working in JavaScript

ocaml-uunf @15.1.0 (ocaml, textproc)
Unicode text normalization for OCaml

ocaml-uuseg @15.1.0 (ocaml, textproc)
Unicode text segmentation for OCaml

ocaml-zed @3.2.3 (ocaml, textproc)
Abstract engine for text edition in OCaml

ocrmypdf @16.13.0 (textproc)
ocrmypdf adds an OCR text layer to scanned PDF files, allowing them to be searched

octave-doc @0.6.9 (octave, math, science)
Create a function reference from Octave help texts (docstrings) from single functions or all functions in a package, which can be installed with pkg.

octave-generate_html @0.3.3 (octave, math, science)
This package provides functions for generating HTML pages that contain the help texts for a set of functions.

odt2txt @0.5 (textproc)
converts OpenOffice.org ODF text documents (.odt files) to plain text files (.txt files)

omniawrite @1.3.2 (editors)
OmniaWrite is a text editor engineered for creative writing.

open_jtalk @1.10 (audio, japanese)
Japanese text-to-speech synthesis system

opendetex @2.8.11 (tex, textproc)
removes TeX constructs from a text file

orbiton @2.70.5 (editors)
Orbiton is a vt100 text editor and a simple IDE

ox @0.7.7 (editors)
An independent Rust text editor that runs in your terminal!

p5-catalyst-component-instancepercontext @0.1.1_3 (perl)
Return a new instance a component on each request

p5-context-preserve @0.30.0 (perl)
Context::Preserve - Run code after a subroutine call, preserving the context the subroutine would have seen if it were the last statement in the caller

p5-dbix-contextualfetch @1.30.0_3 (perl)
Add contextual fetches to DBI

p5-gdtextutil @0.860.0_3 (perl)
Text utilities for use with GD

p5-html-extract @0.250.0_4 (perl)
Perl module for getting text and HTML snippets out of HTML pages

p5-html-formatter @2.160.0 (perl)
Perl modules that format HTML as plaintext, PostScript or RTF.

p5-html-formattext-withlinks @0.150.0 (perl)
HTML::FormatText::WithLinks - HTML to text conversion with links as footnotes

p5-html-strip @2.120.0 (perl)
Perl extension for stripping HTML markup from text.

p5-lingua-en-findnumber @1.320.0 (perl)
Lingua::EN::FindNumber - Locate (written) numbers in English text

p5-lingua-en-words2nums @0.180.0 (perl)
Lingua::EN::Words2Nums - convert English text to numbers

p5-lingua-translit @0.290.0 (perl)
convert text from one writing system to another

p5-locale-gettext @1.70.0_1 (perl)
Perl interface to GNU gettext

p5-locale-maketext-fuzzy @0.110.0 (perl)
Maketext from already interpolated strings

p5-locale-maketext-lexicon @1.0.0 (perl)
Use other catalog formats in Maketext.

p5-locale-maketext-simple @0.210.0_3 (perl)
Simple interface to Locale::Maketext::Lexicon.

p5-net-stomp @0.620.0 (perl)
A Streaming Text Orientated Messaging Protocol Client

p5-podlators @6.0.2 (perl)
podlators contains Pod::Man and Pod::Text modules

p5-postscript @0.60.0_1 (perl)
Perl extension for building an object that may be used to construct a block of text in PostScript

p5-string-tagged-markdown @0.60.0 (perl)
String::Tagged::Markdown - parse and emit text with Markdown inline formatting

p5-termextract @4.110.0 (perl, textproc, japanese)
a Perl module to extract technical terms from texts

p5-test-writevariants @0.14.0 (perl)
Test::WriteVariants - Dynamic generation of tests in nested combinations of contexts

p5-text-aligner @0.160.0 (perl)
A module to align text

p5-text-aspell @0.90.0_2 (perl)
perl interface to GNU aspell.

p5-text-autoformat @1.750.0 (perl)
Automatic text wrapping and reformatting

p5-text-balanced @2.70.0 (perl)
Text::Balanced - Extract delimited text sequences from strings

p5-text-bibtex @0.910.0 (perl)
Text::BibTeX - interface to read and parse BibTeX files

p5-text-chasen @1.40.0_5 (perl, textproc, japanese)
ChaSen library module for Perl5.

p5-text-csv @2.60.0 (perl)
Text::CSV - comma-separated values manipulator (using XS or PurePerl)

p5-text-csv_xs @1.610.0 (perl)
Perl module containing comma-separated values manipulation routines

p5-text-diff @1.450.0 (perl)
This is a Perl extension for performing diffs on files and record sets.

p5-text-flow @0.10.0 (perl)
Text::Flow - Flexible text flowing and word wrapping for not just ASCII output

p5-text-german @0.60.0_3 (perl)
German grundform reduction

p5-text-glob @0.110.0 (perl)
match globbing patterns against text

p5-text-iconv @1.700.0 (perl)
Perl interface to iconv() codeset conversion function

p5-text-kakasi @2.40.0_4 (perl, textproc, japanese)
This module provides interface to kakasi.

p5-text-levenshteinxs @0.30.0_4 (perl)
An XS implementation of the Levenshtein edit distance

p5-text-linenumber @0.20.0 (perl)
Text::LineNumber - Convert between offsets and line numbers

p5-text-markdown @1.0.31_1 (perl, textproc)
Markdown text-to-HTML filter.

p5-text-multimarkdown @1.5.0 (perl)
Text::MultiMarkdown - Convert MultiMarkdown syntax to (X)HTML

p5-text-parsewords @3.310.0 (perl)
parse text into an array of tokens or array of arrays

p5-text-patch @1.800.0 (perl)
Text::Patch - Patches text with given patch

p5-text-pdf @0.310.0 (perl)
Perl module for creating and manipulating PDF files.

p5-text-quoted @2.100.0 (perl)
Extract the structure of a quoted mail message

p5-text-recordparser @1.6.5 (perl)
Read record-oriented files

p5-text-reform @1.200.0_1 (perl)
Manual text wrapping and reformatting

p5-text-roman @3.500.0 (perl)
Allows conversion between Roman and Arabic algarisms

p5-text-simpletable @2.70.0 (perl)
Simple Eyecandy ASCII Tables

p5-text-simpletable-autowidth @0.90.0 (perl)
Text::SimpleTable::AutoWidth - Simple eyecandy ASCII tables with auto-width selection

p5-text-soundex @3.50.0 (perl)
Text::Soundex - Implementation of the soundex algorithm.

p5-text-spellchecker @0.140.0 (perl)
OO interface for spell-checking a block of text

p5-text-table @1.135.0 (perl)
Organize Data in Tables

p5-text-table-manifold @1.30.0 (perl)
Text::Table::Manifold - Render tables in manifold formats

p5-text-tabsxwrap @2024.1.0 (perl)
Line wrapping to form simple paragraphs

p5-text-tabulardisplay @1.380.0_1 (perl)
Display text in formatted table output

p5-text-template @1.610.0 (perl)
Expand template text with embedded Perl

p5-text-template-simple @0.910.0 (perl)
Text::Template::Simple - Simple text template engine

p5-text-trac @0.240.0 (perl)
Perl extension for formatting text with Trac Wiki Style.

p5-text-trim @1.40.0 (perl)
Text::Trim - remove leading and/or trailing whitespace from strings

p5-text-unidecode @1.300.0 (perl)
Text::Unidecode -- plain ASCII transliterations of Unicode text

p5-text-vfile-asdata @0.80.0_1 (perl)
Reads vFile format files, such as vCard (RFC 2426) and vCalendar (RFC 2445)

p5-text-vimcolor @0.290.0 (perl)
syntax color text in HTML or XML using Vim.

p5-text-visualwidth @0.20.0 (perl)
Text::VisualWidth - Perl extension for trimming text by the number of the columns of terminals and mobile phones.

p5-text-wikiformat @0.810.0_2 (perl)
Module for translating Wiki formatted text into other formats

p5-text-wrapi18n @0.60.0_1 (perl)
Line wrapping module with support for multibyte, fullwidth, and combining characters and languages without whitespaces between words

p5-text-wrapper @1.50.0_1 (perl)
Simple word wrapping routine

p5-text-xslate @3.5.9 (perl)
Text::Xslate - Scalable template engine for Perl5

p5-uri-find @20160806 (perl)
URI::Find - Find URIs in arbitrary text

p5-xml-filter-buffertext @1.10.0_4 (perl, textproc)
Simple text filter

p5.28-catalyst-component-instancepercontext @0.1.1_3 (perl)
Return a new instance a component on each request

p5.28-context-preserve @0.30.0 (perl)
Context::Preserve - Run code after a subroutine call, preserving the context the subroutine would have seen if it were the last statement in the caller

p5.28-dbix-contextualfetch @1.30.0_3 (perl)
Add contextual fetches to DBI

p5.28-gdtextutil @0.860.0_3 (perl)
Text utilities for use with GD

p5.28-html-extract @0.250.0_4 (perl)
Perl module for getting text and HTML snippets out of HTML pages

p5.28-html-formatter @2.160.0 (perl)
Perl modules that format HTML as plaintext, PostScript or RTF.

p5.28-html-formattext-withlinks @0.150.0 (perl)
HTML::FormatText::WithLinks - HTML to text conversion with links as footnotes

p5.28-html-strip @2.120.0 (perl)
Perl extension for stripping HTML markup from text.

p5.28-lingua-en-findnumber @1.320.0 (perl)
Lingua::EN::FindNumber - Locate (written) numbers in English text

p5.28-lingua-en-words2nums @0.180.0 (perl)
Lingua::EN::Words2Nums - convert English text to numbers

p5.28-lingua-translit @0.290.0 (perl)
convert text from one writing system to another

p5.28-locale-gettext @1.70.0_1 (perl)
Perl interface to GNU gettext

p5.28-locale-maketext-fuzzy @0.110.0 (perl)
Maketext from already interpolated strings

p5.28-locale-maketext-lexicon @1.0.0 (perl)
Use other catalog formats in Maketext.

p5.28-locale-maketext-simple @0.210.0_3 (perl)
Simple interface to Locale::Maketext::Lexicon.

p5.28-net-stomp @0.620.0 (perl)
A Streaming Text Orientated Messaging Protocol Client

p5.28-podlators @6.0.2 (perl)
podlators contains Pod::Man and Pod::Text modules

p5.28-postscript @0.60.0_1 (perl)
Perl extension for building an object that may be used to construct a block of text in PostScript

p5.28-string-tagged-markdown @0.60.0 (perl)
String::Tagged::Markdown - parse and emit text with Markdown inline formatting

p5.28-termextract @4.110.0 (perl, textproc, japanese)
a Perl module to extract technical terms from texts

p5.28-test-writevariants @0.14.0 (perl)
Test::WriteVariants - Dynamic generation of tests in nested combinations of contexts

p5.28-text-aligner @0.160.0 (perl)
A module to align text

p5.28-text-aspell @0.90.0_2 (perl)
perl interface to GNU aspell.

p5.28-text-autoformat @1.750.0 (perl)
Automatic text wrapping and reformatting

p5.28-text-balanced @2.70.0 (perl)
Text::Balanced - Extract delimited text sequences from strings

p5.28-text-bibtex @0.910.0 (perl)
Text::BibTeX - interface to read and parse BibTeX files

p5.28-text-chasen @1.40.0_5 (perl, textproc, japanese)
ChaSen library module for Perl5.

p5.28-text-csv @2.60.0 (perl)
Text::CSV - comma-separated values manipulator (using XS or PurePerl)

p5.28-text-csv_xs @1.610.0 (perl)
Perl module containing comma-separated values manipulation routines

p5.28-text-diff @1.450.0 (perl)
This is a Perl extension for performing diffs on files and record sets.

p5.28-text-flow @0.10.0 (perl)
Text::Flow - Flexible text flowing and word wrapping for not just ASCII output

p5.28-text-german @0.60.0_3 (perl)
German grundform reduction

p5.28-text-glob @0.110.0 (perl)
match globbing patterns against text

p5.28-text-iconv @1.700.0 (perl)
Perl interface to iconv() codeset conversion function

p5.28-text-kakasi @2.40.0_4 (perl, textproc, japanese)
This module provides interface to kakasi.

p5.28-text-levenshteinxs @0.30.0_4 (perl)
An XS implementation of the Levenshtein edit distance

p5.28-text-linenumber @0.20.0 (perl)
Text::LineNumber - Convert between offsets and line numbers

p5.28-text-markdown @1.0.31_1 (perl, textproc)
Markdown text-to-HTML filter.

p5.28-text-multimarkdown @1.5.0 (perl)
Text::MultiMarkdown - Convert MultiMarkdown syntax to (X)HTML

p5.28-text-parsewords @3.310.0 (perl)
parse text into an array of tokens or array of arrays

p5.28-text-patch @1.800.0 (perl)
Text::Patch - Patches text with given patch

p5.28-text-pdf @0.310.0 (perl)
Perl module for creating and manipulating PDF files.

p5.28-text-quoted @2.100.0 (perl)
Extract the structure of a quoted mail message

p5.28-text-recordparser @1.6.5 (perl)
Read record-oriented files

p5.28-text-reform @1.200.0_1 (perl)
Manual text wrapping and reformatting

p5.28-text-roman @3.500.0 (perl)
Allows conversion between Roman and Arabic algarisms

p5.28-text-simpletable @2.70.0 (perl)
Simple Eyecandy ASCII Tables

p5.28-text-simpletable-autowidth @0.90.0 (perl)
Text::SimpleTable::AutoWidth - Simple eyecandy ASCII tables with auto-width selection

p5.28-text-soundex @3.50.0 (perl)
Text::Soundex - Implementation of the soundex algorithm.

p5.28-text-spellchecker @0.140.0 (perl)
OO interface for spell-checking a block of text

p5.28-text-table @1.135.0 (perl)
Organize Data in Tables

p5.28-text-table-manifold @1.30.0 (perl)
Text::Table::Manifold - Render tables in manifold formats

p5.28-text-tabsxwrap @2024.1.0 (perl)
Line wrapping to form simple paragraphs

p5.28-text-tabulardisplay @1.380.0_1 (perl)
Display text in formatted table output

p5.28-text-template @1.610.0 (perl)
Expand template text with embedded Perl

p5.28-text-template-simple @0.910.0 (perl)
Text::Template::Simple - Simple text template engine

p5.28-text-trac @0.240.0 (perl)
Perl extension for formatting text with Trac Wiki Style.

p5.28-text-trim @1.40.0 (perl)
Text::Trim - remove leading and/or trailing whitespace from strings

p5.28-text-unidecode @1.300.0 (perl)
Text::Unidecode -- plain ASCII transliterations of Unicode text

p5.28-text-vfile-asdata @0.80.0_1 (perl)
Reads vFile format files, such as vCard (RFC 2426) and vCalendar (RFC 2445)

p5.28-text-vimcolor @0.290.0 (perl)
syntax color text in HTML or XML using Vim.

p5.28-text-visualwidth @0.20.0 (perl)
Text::VisualWidth - Perl extension for trimming text by the number of the columns of terminals and mobile phones.

p5.28-text-wikiformat @0.810.0_2 (perl)
Module for translating Wiki formatted text into other formats

p5.28-text-wrapi18n @0.60.0_1 (perl)
Line wrapping module with support for multibyte, fullwidth, and combining characters and languages without whitespaces between words

p5.28-text-wrapper @1.50.0_1 (perl)
Simple word wrapping routine

p5.28-text-xslate @3.5.9 (perl)
Text::Xslate - Scalable template engine for Perl5

p5.28-uri-find @20160806 (perl)
URI::Find - Find URIs in arbitrary text

p5.28-xml-filter-buffertext @1.10.0_4 (perl, textproc)
Simple text filter

p5.30-catalyst-component-instancepercontext @0.1.1_3 (perl)
Return a new instance a component on each request

p5.30-context-preserve @0.30.0 (perl)
Context::Preserve - Run code after a subroutine call, preserving the context the subroutine would have seen if it were the last statement in the caller

p5.30-dbix-contextualfetch @1.30.0_3 (perl)
Add contextual fetches to DBI

p5.30-gdtextutil @0.860.0_3 (perl)
Text utilities for use with GD

p5.30-html-extract @0.250.0_4 (perl)
Perl module for getting text and HTML snippets out of HTML pages

p5.30-html-formatter @2.160.0 (perl)
Perl modules that format HTML as plaintext, PostScript or RTF.

p5.30-html-formattext-withlinks @0.150.0 (perl)
HTML::FormatText::WithLinks - HTML to text conversion with links as footnotes

p5.30-html-strip @2.120.0 (perl)
Perl extension for stripping HTML markup from text.

p5.30-lingua-en-findnumber @1.320.0 (perl)
Lingua::EN::FindNumber - Locate (written) numbers in English text

p5.30-lingua-en-words2nums @0.180.0 (perl)
Lingua::EN::Words2Nums - convert English text to numbers

p5.30-lingua-translit @0.290.0 (perl)
convert text from one writing system to another

p5.30-locale-gettext @1.70.0_1 (perl)
Perl interface to GNU gettext

p5.30-locale-maketext-fuzzy @0.110.0 (perl)
Maketext from already interpolated strings

p5.30-locale-maketext-lexicon @1.0.0 (perl)
Use other catalog formats in Maketext.

p5.30-locale-maketext-simple @0.210.0_3 (perl)
Simple interface to Locale::Maketext::Lexicon.

p5.30-net-stomp @0.620.0 (perl)
A Streaming Text Orientated Messaging Protocol Client

p5.30-podlators @6.0.2 (perl)
podlators contains Pod::Man and Pod::Text modules

p5.30-postscript @0.60.0_1 (perl)
Perl extension for building an object that may be used to construct a block of text in PostScript

p5.30-string-tagged-markdown @0.60.0 (perl)
String::Tagged::Markdown - parse and emit text with Markdown inline formatting

p5.30-termextract @4.110.0 (perl, textproc, japanese)
a Perl module to extract technical terms from texts

p5.30-test-writevariants @0.14.0 (perl)
Test::WriteVariants - Dynamic generation of tests in nested combinations of contexts

p5.30-text-aligner @0.160.0 (perl)
A module to align text

p5.30-text-aspell @0.90.0_2 (perl)
perl interface to GNU aspell.

p5.30-text-autoformat @1.750.0 (perl)
Automatic text wrapping and reformatting

p5.30-text-balanced @2.70.0 (perl)
Text::Balanced - Extract delimited text sequences from strings

p5.30-text-bibtex @0.910.0 (perl)
Text::BibTeX - interface to read and parse BibTeX files

p5.30-text-chasen @1.40.0_5 (perl, textproc, japanese)
ChaSen library module for Perl5.

p5.30-text-csv @2.60.0 (perl)
Text::CSV - comma-separated values manipulator (using XS or PurePerl)

p5.30-text-csv_xs @1.610.0 (perl)
Perl module containing comma-separated values manipulation routines

p5.30-text-diff @1.450.0 (perl)
This is a Perl extension for performing diffs on files and record sets.

p5.30-text-flow @0.10.0 (perl)
Text::Flow - Flexible text flowing and word wrapping for not just ASCII output

p5.30-text-german @0.60.0_3 (perl)
German grundform reduction

p5.30-text-glob @0.110.0 (perl)
match globbing patterns against text

p5.30-text-iconv @1.700.0 (perl)
Perl interface to iconv() codeset conversion function

p5.30-text-kakasi @2.40.0_4 (perl, textproc, japanese)
This module provides interface to kakasi.

p5.30-text-levenshteinxs @0.30.0_4 (perl)
An XS implementation of the Levenshtein edit distance

p5.30-text-linenumber @0.20.0 (perl)
Text::LineNumber - Convert between offsets and line numbers

p5.30-text-markdown @1.0.31_1 (perl, textproc)
Markdown text-to-HTML filter.

p5.30-text-multimarkdown @1.5.0 (perl)
Text::MultiMarkdown - Convert MultiMarkdown syntax to (X)HTML

p5.30-text-parsewords @3.310.0 (perl)
parse text into an array of tokens or array of arrays

p5.30-text-patch @1.800.0 (perl)
Text::Patch - Patches text with given patch

p5.30-text-pdf @0.310.0 (perl)
Perl module for creating and manipulating PDF files.

p5.30-text-quoted @2.100.0 (perl)
Extract the structure of a quoted mail message

p5.30-text-recordparser @1.6.5 (perl)
Read record-oriented files

p5.30-text-reform @1.200.0_1 (perl)
Manual text wrapping and reformatting

p5.30-text-roman @3.500.0 (perl)
Allows conversion between Roman and Arabic algarisms

p5.30-text-simpletable @2.70.0 (perl)
Simple Eyecandy ASCII Tables

p5.30-text-simpletable-autowidth @0.90.0 (perl)
Text::SimpleTable::AutoWidth - Simple eyecandy ASCII tables with auto-width selection

p5.30-text-soundex @3.50.0 (perl)
Text::Soundex - Implementation of the soundex algorithm.

p5.30-text-spellchecker @0.140.0 (perl)
OO interface for spell-checking a block of text

p5.30-text-table @1.135.0 (perl)
Organize Data in Tables

p5.30-text-table-manifold @1.30.0 (perl)
Text::Table::Manifold - Render tables in manifold formats

p5.30-text-tabsxwrap @2024.1.0 (perl)
Line wrapping to form simple paragraphs

p5.30-text-tabulardisplay @1.380.0_1 (perl)
Display text in formatted table output

p5.30-text-template @1.610.0 (perl)
Expand template text with embedded Perl

p5.30-text-template-simple @0.910.0 (perl)
Text::Template::Simple - Simple text template engine

p5.30-text-trac @0.240.0 (perl)
Perl extension for formatting text with Trac Wiki Style.

p5.30-text-trim @1.40.0 (perl)
Text::Trim - remove leading and/or trailing whitespace from strings

p5.30-text-unidecode @1.300.0 (perl)
Text::Unidecode -- plain ASCII transliterations of Unicode text

p5.30-text-vfile-asdata @0.80.0_1 (perl)
Reads vFile format files, such as vCard (RFC 2426) and vCalendar (RFC 2445)

p5.30-text-vimcolor @0.290.0 (perl)
syntax color text in HTML or XML using Vim.

p5.30-text-visualwidth @0.20.0 (perl)
Text::VisualWidth - Perl extension for trimming text by the number of the columns of terminals and mobile phones.

p5.30-text-wikiformat @0.810.0_2 (perl)
Module for translating Wiki formatted text into other formats

p5.30-text-wrapi18n @0.60.0_1 (perl)
Line wrapping module with support for multibyte, fullwidth, and combining characters and languages without whitespaces between words

p5.30-text-wrapper @1.50.0_1 (perl)
Simple word wrapping routine

p5.30-text-xslate @3.5.9 (perl)
Text::Xslate - Scalable template engine for Perl5

p5.30-uri-find @20160806 (perl)
URI::Find - Find URIs in arbitrary text

p5.30-xml-filter-buffertext @1.10.0_4 (perl, textproc)
Simple text filter

p5.32-catalyst-component-instancepercontext @0.1.1_3 (perl)
Return a new instance a component on each request

p5.32-context-preserve @0.30.0 (perl)
Context::Preserve - Run code after a subroutine call, preserving the context the subroutine would have seen if it were the last statement in the caller

p5.32-dbix-contextualfetch @1.30.0_3 (perl)
Add contextual fetches to DBI

p5.32-gdtextutil @0.860.0_3 (perl)
Text utilities for use with GD

p5.32-html-extract @0.250.0_4 (perl)
Perl module for getting text and HTML snippets out of HTML pages

p5.32-html-formatter @2.160.0 (perl)
Perl modules that format HTML as plaintext, PostScript or RTF.

p5.32-html-formattext-withlinks @0.150.0 (perl)
HTML::FormatText::WithLinks - HTML to text conversion with links as footnotes

p5.32-html-strip @2.120.0 (perl)
Perl extension for stripping HTML markup from text.

p5.32-lingua-en-findnumber @1.320.0 (perl)
Lingua::EN::FindNumber - Locate (written) numbers in English text

p5.32-lingua-en-words2nums @0.180.0 (perl)
Lingua::EN::Words2Nums - convert English text to numbers

p5.32-lingua-translit @0.290.0 (perl)
convert text from one writing system to another

p5.32-locale-gettext @1.70.0_1 (perl)
Perl interface to GNU gettext

p5.32-locale-maketext-fuzzy @0.110.0 (perl)
Maketext from already interpolated strings

p5.32-locale-maketext-lexicon @1.0.0 (perl)
Use other catalog formats in Maketext.

p5.32-locale-maketext-simple @0.210.0_3 (perl)
Simple interface to Locale::Maketext::Lexicon.

p5.32-net-stomp @0.620.0 (perl)
A Streaming Text Orientated Messaging Protocol Client

p5.32-podlators @6.0.2 (perl)
podlators contains Pod::Man and Pod::Text modules

p5.32-postscript @0.60.0_1 (perl)
Perl extension for building an object that may be used to construct a block of text in PostScript

p5.32-string-tagged-markdown @0.60.0 (perl)
String::Tagged::Markdown - parse and emit text with Markdown inline formatting

p5.32-termextract @4.110.0 (perl, textproc, japanese)
a Perl module to extract technical terms from texts

p5.32-test-writevariants @0.14.0 (perl)
Test::WriteVariants - Dynamic generation of tests in nested combinations of contexts

p5.32-text-aligner @0.160.0 (perl)
A module to align text

p5.32-text-aspell @0.90.0_2 (perl)
perl interface to GNU aspell.

p5.32-text-autoformat @1.750.0 (perl)
Automatic text wrapping and reformatting

p5.32-text-balanced @2.70.0 (perl)
Text::Balanced - Extract delimited text sequences from strings

p5.32-text-bibtex @0.910.0 (perl)
Text::BibTeX - interface to read and parse BibTeX files

p5.32-text-chasen @1.40.0_5 (perl, textproc, japanese)
ChaSen library module for Perl5.

p5.32-text-csv @2.60.0 (perl)
Text::CSV - comma-separated values manipulator (using XS or PurePerl)

p5.32-text-csv_xs @1.610.0 (perl)
Perl module containing comma-separated values manipulation routines

p5.32-text-diff @1.450.0 (perl)
This is a Perl extension for performing diffs on files and record sets.

p5.32-text-flow @0.10.0 (perl)
Text::Flow - Flexible text flowing and word wrapping for not just ASCII output

p5.32-text-german @0.60.0_3 (perl)
German grundform reduction

p5.32-text-glob @0.110.0 (perl)
match globbing patterns against text

p5.32-text-iconv @1.700.0 (perl)
Perl interface to iconv() codeset conversion function

p5.32-text-kakasi @2.40.0_4 (perl, textproc, japanese)
This module provides interface to kakasi.

p5.32-text-levenshteinxs @0.30.0_4 (perl)
An XS implementation of the Levenshtein edit distance

p5.32-text-linenumber @0.20.0 (perl)
Text::LineNumber - Convert between offsets and line numbers

p5.32-text-markdown @1.0.31_1 (perl, textproc)
Markdown text-to-HTML filter.

p5.32-text-multimarkdown @1.5.0 (perl)
Text::MultiMarkdown - Convert MultiMarkdown syntax to (X)HTML

p5.32-text-parsewords @3.310.0 (perl)
parse text into an array of tokens or array of arrays

p5.32-text-patch @1.800.0 (perl)
Text::Patch - Patches text with given patch

p5.32-text-pdf @0.310.0 (perl)
Perl module for creating and manipulating PDF files.

p5.32-text-quoted @2.100.0 (perl)
Extract the structure of a quoted mail message

p5.32-text-recordparser @1.6.5 (perl)
Read record-oriented files

p5.32-text-reform @1.200.0_1 (perl)
Manual text wrapping and reformatting

p5.32-text-roman @3.500.0 (perl)
Allows conversion between Roman and Arabic algarisms

p5.32-text-simpletable @2.70.0 (perl)
Simple Eyecandy ASCII Tables

p5.32-text-simpletable-autowidth @0.90.0 (perl)
Text::SimpleTable::AutoWidth - Simple eyecandy ASCII tables with auto-width selection

p5.32-text-soundex @3.50.0 (perl)
Text::Soundex - Implementation of the soundex algorithm.

p5.32-text-spellchecker @0.140.0 (perl)
OO interface for spell-checking a block of text

p5.32-text-table @1.135.0 (perl)
Organize Data in Tables

p5.32-text-table-manifold @1.30.0 (perl)
Text::Table::Manifold - Render tables in manifold formats

p5.32-text-tabsxwrap @2024.1.0 (perl)
Line wrapping to form simple paragraphs

p5.32-text-tabulardisplay @1.380.0_1 (perl)
Display text in formatted table output

p5.32-text-template @1.610.0 (perl)
Expand template text with embedded Perl

p5.32-text-template-simple @0.910.0 (perl)
Text::Template::Simple - Simple text template engine

p5.32-text-trac @0.240.0 (perl)
Perl extension for formatting text with Trac Wiki Style.

p5.32-text-trim @1.40.0 (perl)
Text::Trim - remove leading and/or trailing whitespace from strings

p5.32-text-unidecode @1.300.0 (perl)
Text::Unidecode -- plain ASCII transliterations of Unicode text

p5.32-text-vfile-asdata @0.80.0_1 (perl)
Reads vFile format files, such as vCard (RFC 2426) and vCalendar (RFC 2445)

p5.32-text-vimcolor @0.290.0 (perl)
syntax color text in HTML or XML using Vim.

p5.32-text-visualwidth @0.20.0 (perl)
Text::VisualWidth - Perl extension for trimming text by the number of the columns of terminals and mobile phones.

p5.32-text-wikiformat @0.810.0_2 (perl)
Module for translating Wiki formatted text into other formats

p5.32-text-wrapi18n @0.60.0_1 (perl)
Line wrapping module with support for multibyte, fullwidth, and combining characters and languages without whitespaces between words

p5.32-text-wrapper @1.50.0_1 (perl)
Simple word wrapping routine

p5.32-text-xslate @3.5.9 (perl)
Text::Xslate - Scalable template engine for Perl5

p5.32-uri-find @20160806 (perl)
URI::Find - Find URIs in arbitrary text

p5.32-xml-filter-buffertext @1.10.0_4 (perl, textproc)
Simple text filter

p5.34-catalyst-component-instancepercontext @0.1.1_3 (perl)
Return a new instance a component on each request

p5.34-context-preserve @0.30.0 (perl)
Context::Preserve - Run code after a subroutine call, preserving the context the subroutine would have seen if it were the last statement in the caller

p5.34-dbix-contextualfetch @1.30.0_3 (perl)
Add contextual fetches to DBI

p5.34-gdtextutil @0.860.0_3 (perl)
Text utilities for use with GD

p5.34-html-extract @0.250.0_4 (perl)
Perl module for getting text and HTML snippets out of HTML pages

p5.34-html-formatter @2.160.0 (perl)
Perl modules that format HTML as plaintext, PostScript or RTF.

p5.34-html-formattext-withlinks @0.150.0 (perl)
HTML::FormatText::WithLinks - HTML to text conversion with links as footnotes

p5.34-html-strip @2.120.0 (perl)
Perl extension for stripping HTML markup from text.

p5.34-lingua-en-findnumber @1.320.0 (perl)
Lingua::EN::FindNumber - Locate (written) numbers in English text

p5.34-lingua-en-words2nums @0.180.0 (perl)
Lingua::EN::Words2Nums - convert English text to numbers

p5.34-lingua-translit @0.290.0 (perl)
convert text from one writing system to another

p5.34-locale-gettext @1.70.0_1 (perl)
Perl interface to GNU gettext

p5.34-locale-maketext-fuzzy @0.110.0 (perl)
Maketext from already interpolated strings

p5.34-locale-maketext-lexicon @1.0.0 (perl)
Use other catalog formats in Maketext.

p5.34-locale-maketext-simple @0.210.0_3 (perl)
Simple interface to Locale::Maketext::Lexicon.

p5.34-net-stomp @0.620.0 (perl)
A Streaming Text Orientated Messaging Protocol Client

p5.34-podlators @6.0.2 (perl)
podlators contains Pod::Man and Pod::Text modules

p5.34-postscript @0.60.0_1 (perl)
Perl extension for building an object that may be used to construct a block of text in PostScript

p5.34-string-tagged-markdown @0.60.0 (perl)
String::Tagged::Markdown - parse and emit text with Markdown inline formatting

p5.34-termextract @4.110.0 (perl, textproc, japanese)
a Perl module to extract technical terms from texts

p5.34-test-writevariants @0.14.0 (perl)
Test::WriteVariants - Dynamic generation of tests in nested combinations of contexts

p5.34-text-aligner @0.160.0 (perl)
A module to align text

p5.34-text-aspell @0.90.0_2 (perl)
perl interface to GNU aspell.

p5.34-text-autoformat @1.750.0 (perl)
Automatic text wrapping and reformatting

p5.34-text-balanced @2.70.0 (perl)
Text::Balanced - Extract delimited text sequences from strings

p5.34-text-bibtex @0.910.0 (perl)
Text::BibTeX - interface to read and parse BibTeX files

p5.34-text-chasen @1.40.0_5 (perl, textproc, japanese)
ChaSen library module for Perl5.

p5.34-text-csv @2.60.0 (perl)
Text::CSV - comma-separated values manipulator (using XS or PurePerl)

p5.34-text-csv_xs @1.610.0 (perl)
Perl module containing comma-separated values manipulation routines

p5.34-text-diff @1.450.0 (perl)
This is a Perl extension for performing diffs on files and record sets.

p5.34-text-flow @0.10.0 (perl)
Text::Flow - Flexible text flowing and word wrapping for not just ASCII output

p5.34-text-german @0.60.0_3 (perl)
German grundform reduction

p5.34-text-glob @0.110.0 (perl)
match globbing patterns against text

p5.34-text-iconv @1.700.0 (perl)
Perl interface to iconv() codeset conversion function

p5.34-text-kakasi @2.40.0_4 (perl, textproc, japanese)
This module provides interface to kakasi.

p5.34-text-levenshteinxs @0.30.0_4 (perl)
An XS implementation of the Levenshtein edit distance

p5.34-text-linenumber @0.20.0 (perl)
Text::LineNumber - Convert between offsets and line numbers

p5.34-text-markdown @1.0.31_1 (perl, textproc)
Markdown text-to-HTML filter.

p5.34-text-multimarkdown @1.5.0 (perl)
Text::MultiMarkdown - Convert MultiMarkdown syntax to (X)HTML

p5.34-text-parsewords @3.310.0 (perl)
parse text into an array of tokens or array of arrays

p5.34-text-patch @1.800.0 (perl)
Text::Patch - Patches text with given patch

p5.34-text-pdf @0.310.0 (perl)
Perl module for creating and manipulating PDF files.

p5.34-text-quoted @2.100.0 (perl)
Extract the structure of a quoted mail message

p5.34-text-recordparser @1.6.5 (perl)
Read record-oriented files

p5.34-text-reform @1.200.0_1 (perl)
Manual text wrapping and reformatting

p5.34-text-roman @3.500.0 (perl)
Allows conversion between Roman and Arabic algarisms

p5.34-text-simpletable @2.70.0 (perl)
Simple Eyecandy ASCII Tables

p5.34-text-simpletable-autowidth @0.90.0 (perl)
Text::SimpleTable::AutoWidth - Simple eyecandy ASCII tables with auto-width selection

p5.34-text-soundex @3.50.0 (perl)
Text::Soundex - Implementation of the soundex algorithm.

p5.34-text-spellchecker @0.140.0 (perl)
OO interface for spell-checking a block of text

p5.34-text-table @1.135.0 (perl)
Organize Data in Tables

p5.34-text-table-manifold @1.30.0 (perl)
Text::Table::Manifold - Render tables in manifold formats

p5.34-text-tabsxwrap @2024.1.0 (perl)
Line wrapping to form simple paragraphs

p5.34-text-tabulardisplay @1.380.0_1 (perl)
Display text in formatted table output

p5.34-text-template @1.610.0 (perl)
Expand template text with embedded Perl

p5.34-text-template-simple @0.910.0 (perl)
Text::Template::Simple - Simple text template engine

p5.34-text-trac @0.240.0 (perl)
Perl extension for formatting text with Trac Wiki Style.

p5.34-text-trim @1.40.0 (perl)
Text::Trim - remove leading and/or trailing whitespace from strings

p5.34-text-unidecode @1.300.0 (perl)
Text::Unidecode -- plain ASCII transliterations of Unicode text

p5.34-text-vfile-asdata @0.80.0_1 (perl)
Reads vFile format files, such as vCard (RFC 2426) and vCalendar (RFC 2445)

p5.34-text-vimcolor @0.290.0 (perl)
syntax color text in HTML or XML using Vim.

p5.34-text-visualwidth @0.20.0 (perl)
Text::VisualWidth - Perl extension for trimming text by the number of the columns of terminals and mobile phones.

p5.34-text-wikiformat @0.810.0_2 (perl)
Module for translating Wiki formatted text into other formats

p5.34-text-wrapi18n @0.60.0_1 (perl)
Line wrapping module with support for multibyte, fullwidth, and combining characters and languages without whitespaces between words

p5.34-text-wrapper @1.50.0_1 (perl)
Simple word wrapping routine

p5.34-text-xslate @3.5.9 (perl)
Text::Xslate - Scalable template engine for Perl5

p5.34-uri-find @20160806 (perl)
URI::Find - Find URIs in arbitrary text

p5.34-xml-filter-buffertext @1.10.0_4 (perl, textproc)
Simple text filter

p5.36-locale-gettext @1.70.0_1 (perl)
Perl interface to GNU gettext

p5.38-locale-gettext @1.70.0_1 (perl)
Perl interface to GNU gettext

palm-db-tools @0.3.6_1 (palm, databases)
convert between CSV text files and Palm databases

pango @1.55.0 (x11)
Framework for the layout and rendering of i18n text

pango-devel @1.55.0 (x11)
Framework for the layout and rendering of i18n text

paps @0.8.0_1 (print)
Command line program for converting Unicode text encoded in UTF-8 to postscript and pdf by using pango

pbsecret @20200219 (sysutils)
CLI util to write text to pasteboard as `org.nspasteboard.ConcealedType`

pdfgrep @2.2.0_1 (textproc)
A tool to search text in PDF files.

php @8.3 (lang, www)
PHP: Hypertext Preprocessor

php-sphinx @1.3.3 (php, textproc)
PHP bindings for Sphinx full-text search

php-text-template @1.1.4 (php, devel)
simple template engine for PHP

php52 @5.2.17_18 (lang, www)
PHP: Hypertext Preprocessor

php52-gettext @5.2.17 (php, devel)
a PHP interface to the gettext natural language support functions

php53 @5.3.29_9 (lang, www)
PHP: Hypertext Preprocessor

php53-gettext @5.3.29 (php, devel)
a PHP interface to the gettext natural language support functions

php53-sphinx @1.3.3 (php, textproc)
PHP bindings for Sphinx full-text search

php53-text-template @1.1.4 (php, devel)
simple template engine for PHP

php54 @5.4.45_8 (lang, www)
PHP: Hypertext Preprocessor

php54-gettext @5.4.45 (php, devel)
a PHP interface to the gettext natural language support functions

php54-sphinx @1.3.3 (php, textproc)
PHP bindings for Sphinx full-text search

php54-text-template @1.1.4 (php, devel)
simple template engine for PHP

php55 @5.5.38_9 (lang, www)
PHP: Hypertext Preprocessor

php55-gettext @5.5.38 (php, devel)
a PHP interface to the gettext natural language support functions

php55-sphinx @1.3.3 (php, textproc)
PHP bindings for Sphinx full-text search

php55-text-template @1.1.4 (php, devel)
simple template engine for PHP

php56 @5.6.40_7 (lang, www)
PHP: Hypertext Preprocessor

php56-gettext @5.6.40 (php, devel)
a PHP interface to the gettext natural language support functions

php56-sphinx @1.3.3 (php, textproc)
PHP bindings for Sphinx full-text search

php70 @7.0.33_7 (lang, www)
PHP: Hypertext Preprocessor

php70-gettext @7.0.33 (php, devel)
a PHP interface to the gettext natural language support functions

php71 @7.1.33_5 (lang, www)
PHP: Hypertext Preprocessor

php71-gettext @7.1.33 (php, devel)
a PHP interface to the gettext natural language support functions

php72 @7.2.34_6 (lang, www)
PHP: Hypertext Preprocessor

php72-gettext @7.2.34 (php, devel)
a PHP interface to the gettext natural language support functions

php73 @7.3.33_4 (lang, www)
PHP: Hypertext Preprocessor

php73-gettext @7.3.33 (php, devel)
a PHP interface to the gettext natural language support functions

php74 @7.4.33_2 (lang, www)
PHP: Hypertext Preprocessor

php74-gettext @7.4.33 (php, devel)
a PHP interface to the gettext natural language support functions

php80 @8.0.30_1 (lang, www)
PHP: Hypertext Preprocessor

php80-gettext @8.0.30 (php, devel)
a PHP interface to the gettext natural language support functions

php81 @8.1.30_1 (lang, www)
PHP: Hypertext Preprocessor

php81-gettext @8.1.30 (php, devel)
a PHP interface to the gettext natural language support functions

php82 @8.2.24_1 (lang, www)
PHP: Hypertext Preprocessor

php82-gettext @8.2.24 (php, devel)
a PHP interface to the gettext natural language support functions

php83 @8.3.12_1 (lang, www)
PHP: Hypertext Preprocessor

php83-gettext @8.3.12 (php, devel)
a PHP interface to the gettext natural language support functions

php84 @8.4.0RC1_1 (lang, www)
PHP: Hypertext Preprocessor

php84-gettext @8.4.0RC1 (php, devel)
a PHP interface to the gettext natural language support functions

plantuml @1.2025.10 (java, editors)
PlantUML is a tool for generating UML diagrams from textual description.

poedit @3.4.1 (editors)
Gettext translations editor

poedit1 @1.5.7_1 (editors, aqua)
Poedit is a cross-platform gettext catalogs (.po files) editor.

processing @3.5.4 (lang)
Flexible software sketchbook and a language for learning how to code within the context of the visual arts.

pta @0.1 (finance)
the plain text accounting program

ptex @2.4.2 (graphics)
Per-face texture mapping for production rendering

py-acora @2.5 (python, textproc, devel)
Fast multi-keyword search engine for text strings.

py-actdiag @3.0.0 (python, graphics)
actdiag generates activity-diagram image from text

py-asciimatics @1.15.0 (python)
a package to help people create full-screen text UIs

py-async-timeout @4.0.3 (python, devel)
asyncio-compatible timeout context manager.

py-beancount @3.2.0 (python, finance)
Double-entry plain text accounting system

py-binaryornot @0.4.4 (python, devel)
Ultra-lightweight pure Python package to check if a file is binary or text.

py-blockdiag @3.0.0 (python, graphics)
blockdiag generates block-diagram image from text

py-charset-normalizer @3.4.4 (python, devel)
A library that helps you read text from an unknown charset encoding.

py-colorama @0.4.6 (python, devel)
Cross-platform colored terminal text

py-construct @2.10.70 (python, devel)
python module for parsing and building binary or textual data structures

py-contextily @1.7.0 (python, gis)
context geo tiles in Python

py-contextlib2 @21.6.0_1 (python, devel)
Backports and enhancements for the contextlib module

py-contextvars @2.4 (python, devel)
PEP 567 Backport

py-crayons @0.4.0_1 (python)
Text UI colors

py-diff-match-patch @20241021 (python)
The Diff Match and Patch libraries offer robust algorithms to perform the operations required for synchronizing plain text.

py-docutils @0.22.4 (python, textproc)
A set of tools for processing plaintext documentation

py-fortranformat @2.0.3 (python, science, print)
Mimics Fortran textual IO in Python

py-ftfy @6.3.1 (python, textproc)
fixes text for you

py-glcontext @2.3.5 (python)
glcontext is a library providing OpenGL implementation for ModernGL

py-html2text @2025.4.15 (python, textproc)
Script to turn HTML into equivalent Markdown-structured text.

py-html2text_select @0.1_1 (python, devel)
common files for selecting default html2text version

py-humanfriendly @10.0 (python, devel)
Human friendly output for text interfaces using Python

py-hypy @1.0.1 (python, textproc)
Fulltext search interface for Python applications

py-jaraco.context @6.1.0 (python, devel)
Context managers by jaraco

py-jaraco.text @4.0.0 (python, devel)
Module for text manipulation

py-jedi @0.19.2 (python, devel)
An autocompletion tool for Python that can be used for text editors.

py-jupytext @1.16.1 (python, devel)
Jupyter Notebooks as Markdown Documents, Julia, Python or R Scripts

py-luma.core @2.5.2 (python)
Drawing and text rendering for small displays, core module

py-luma.emulator @1.5.0 (python)
Drawing and text rendering for small displays, emulator module

py-m2r @0.2.1 (python, devel)
Converts a markdown file including reStructuredText (rst) markups to a valid rst format

py-nwdiag @3.0.0 (python, graphics)
nwdiag generates network-diagram image from text

py-parsedatetime @2.6 (python)
Parse human-readable date/time text

py-polib @1.2.0 (python, devel)
A library to manipulate gettext files (po and mo files).

py-progressbar @2.5.20251208 (python, devel)
Text progressbar library for python

py-pyttsx @1.1_2 (python, devel, audio)
Cross-platform Python wrapper for text-to-speech synthesis

py-readability-lxml @0.8.1 (python, textproc)
fast html to text parser (article readability tool)

py-rich @14.3.1 (python)
Python library for rich text and beautiful formatting in the terminal

py-rich_rst @1.3.2 (python)
reStructuredText renderer for rich

py-rstcheck @6.2.5 (python, devel)
Checks syntax of reStructuredText and code blocks nested within it

py-rstcheck-core @1.2.2 (python, devel)
Checks syntax of reStructuredText and code blocks nested within it

py-seqdiag @3.0.0 (python, graphics)
seqdiag generates sequence-diagram image from text

py-spark_parser @1.9.0 (python)
An Earley-Algorithm Context-free grammar Parser Toolkit

py-sphinxnotes-strike @2.0 (python)
Sphinx extension for strikethrough text support

py-stopit @1.1.2 (python, devel)
Timeout control decorator and context managers.

py-sumy @0.9.0 (python, textproc)
Module for automatic summarization of text documents and HTML pages

py-tcolorpy @0.1.7 (python, devel)
A Python library to apply true color for terminal text.

py-tempita @0.5.2 (python)
Tempita is a small templating language for text substitution.

py-text-unidecode @1.3 (python, textproc)
The most basic Text::Unidecode port

py-textdistance @4.6.3 (python)
Compute distance between the two texts.

py-textile @3.0.4 (python, textproc)
Textile processing for python

py-texttable @1.7.0 (python, textproc)
python module for creating simple ASCII tables

py-textual @7.3.0 (python, devel)
Textual is a TUI (Text User Interface) framework for Python inspired by modern web development.

py-textx @4.3.0 (python, devel)
Meta-language for DSL implementation inspired by Xtext

py-timelib @0.3.0 (python, textproc)
parse english textual date descriptions

py-torchtext @0.13.1 (python)
PyTorch data loaders and abstractions for text and NLP

py-unidecode @1.4.0 (python, textproc)
ASCII transliterations of Unicode text

py-urwid-readline @0.15.1 (python)
readline text edit for urwid

py-wurlitzer @3.1.1 (python, devel)
Capture C-level output in context managers

py27-colorama @0.4.5_1 (python, devel)
Cross-platform colored terminal text

py27-construct @2.10.54 (python, devel)
python module for parsing and building binary or textual data structures

py27-contextlib2 @0.6.0.post1 (python, devel)
Backports and enhancements for the contextlib module

py27-docutils @0.18.1 (python, textproc)
A set of tools for processing plaintext documentation

py27-m2r @0.2.1 (python, devel)
Converts a markdown file including reStructuredText (rst) markups to a valid rst format

py27-progressbar @2.5.20251208 (python, devel)
Text progressbar library for python

py27-pyttsx @1.1_2 (python, devel, audio)
Cross-platform Python wrapper for text-to-speech synthesis

py27-tempita @0.5.2 (python)
Tempita is a small templating language for text substitution.

py27-textile @3.0.4 (python, textproc)
Textile processing for python

py36-charset-normalizer @2.0.12 (python, devel)
A library that helps you read text from an unknown charset encoding.

py37-charset-normalizer @3.4.0 (python, devel)
A library that helps you read text from an unknown charset encoding.

py38-charset-normalizer @3.4.0 (python, devel)
A library that helps you read text from an unknown charset encoding.

py38-docutils @0.20.1 (python, textproc)
A set of tools for processing plaintext documentation

py39-blockdiag @3.0.0 (python, graphics)
blockdiag generates block-diagram image from text

py39-charset-normalizer @3.4.4 (python, devel)
A library that helps you read text from an unknown charset encoding.

py39-colorama @0.4.6 (python, devel)
Cross-platform colored terminal text

py39-construct @2.10.70 (python, devel)
python module for parsing and building binary or textual data structures

py39-docutils @0.22.4 (python, textproc)
A set of tools for processing plaintext documentation

py39-humanfriendly @10.0 (python, devel)
Human friendly output for text interfaces using Python

py39-jedi @0.19.2 (python, devel)
An autocompletion tool for Python that can be used for text editors.

py39-rich @14.3.1 (python)
Python library for rich text and beautiful formatting in the terminal

py39-texttable @1.7.0 (python, textproc)
python module for creating simple ASCII tables

py39-wurlitzer @3.1.1 (python, devel)
Capture C-level output in context managers

py310-acora @2.5 (python, textproc, devel)
Fast multi-keyword search engine for text strings.

py310-actdiag @3.0.0 (python, graphics)
actdiag generates activity-diagram image from text

py310-asciimatics @1.15.0 (python)
a package to help people create full-screen text UIs

py310-async-timeout @4.0.3 (python, devel)
asyncio-compatible timeout context manager.

py310-beancount @3.2.0 (python, finance)
Double-entry plain text accounting system

py310-binaryornot @0.4.4 (python, devel)
Ultra-lightweight pure Python package to check if a file is binary or text.

py310-blockdiag @3.0.0 (python, graphics)
blockdiag generates block-diagram image from text

py310-charset-normalizer @3.4.4 (python, devel)
A library that helps you read text from an unknown charset encoding.

py310-colorama @0.4.6 (python, devel)
Cross-platform colored terminal text

py310-construct @2.10.70 (python, devel)
python module for parsing and building binary or textual data structures

py310-contextily @1.7.0 (python, gis)
context geo tiles in Python

py310-contextlib2 @21.6.0_1 (python, devel)
Backports and enhancements for the contextlib module

py310-contextvars @2.4 (python, devel)
PEP 567 Backport

py310-crayons @0.4.0_1 (python)
Text UI colors

py310-diff-match-patch @20241021 (python)
The Diff Match and Patch libraries offer robust algorithms to perform the operations required for synchronizing plain text.

py310-docutils @0.22.4 (python, textproc)
A set of tools for processing plaintext documentation

py310-fortranformat @2.0.3 (python, science, print)
Mimics Fortran textual IO in Python

py310-ftfy @6.3.1 (python, textproc)
fixes text for you

py310-glcontext @2.3.5 (python)
glcontext is a library providing OpenGL implementation for ModernGL

py310-html2text @2025.4.15 (python, textproc)
Script to turn HTML into equivalent Markdown-structured text.

py310-humanfriendly @10.0 (python, devel)
Human friendly output for text interfaces using Python

py310-jaraco.context @6.1.0 (python, devel)
Context managers by jaraco

py310-jaraco.text @4.0.0 (python, devel)
Module for text manipulation

py310-jedi @0.19.2 (python, devel)
An autocompletion tool for Python that can be used for text editors.

py310-jupytext @1.16.1 (python, devel)
Jupyter Notebooks as Markdown Documents, Julia, Python or R Scripts

py310-luma.core @2.5.2 (python)
Drawing and text rendering for small displays, core module

py310-luma.emulator @1.5.0 (python)
Drawing and text rendering for small displays, emulator module

py310-m2r @0.2.1 (python, devel)
Converts a markdown file including reStructuredText (rst) markups to a valid rst format

py310-nwdiag @3.0.0 (python, graphics)
nwdiag generates network-diagram image from text

py310-parsedatetime @2.6 (python)
Parse human-readable date/time text

py310-progressbar @2.5.20251208 (python, devel)
Text progressbar library for python

py310-readability-lxml @0.8.1 (python, textproc)
fast html to text parser (article readability tool)

py310-rich @14.3.1 (python)
Python library for rich text and beautiful formatting in the terminal

py310-rich_rst @1.3.2 (python)
reStructuredText renderer for rich

py310-rstcheck @6.2.5 (python, devel)
Checks syntax of reStructuredText and code blocks nested within it

py310-rstcheck-core @1.2.2 (python, devel)
Checks syntax of reStructuredText and code blocks nested within it

py310-seqdiag @3.0.0 (python, graphics)
seqdiag generates sequence-diagram image from text

py310-spark_parser @1.9.0 (python)
An Earley-Algorithm Context-free grammar Parser Toolkit

py310-sphinxnotes-strike @2.0 (python)
Sphinx extension for strikethrough text support

py310-stopit @1.1.2 (python, devel)
Timeout control decorator and context managers.

py310-sumy @0.9.0 (python, textproc)
Module for automatic summarization of text documents and HTML pages

py310-tcolorpy @0.1.7 (python, devel)
A Python library to apply true color for terminal text.

py310-tempita @0.5.2 (python)
Tempita is a small templating language for text substitution.

py310-text-unidecode @1.3 (python, textproc)
The most basic Text::Unidecode port

py310-textdistance @4.6.3 (python)
Compute distance between the two texts.

py310-texttable @1.7.0 (python, textproc)
python module for creating simple ASCII tables

py310-textual @7.3.0 (python, devel)
Textual is a TUI (Text User Interface) framework for Python inspired by modern web development.

py310-textx @4.3.0 (python, devel)
Meta-language for DSL implementation inspired by Xtext

py310-timelib @0.3.0 (python, textproc)
parse english textual date descriptions

py310-torchtext @0.13.1 (python)
PyTorch data loaders and abstractions for text and NLP

py310-unidecode @1.4.0 (python, textproc)
ASCII transliterations of Unicode text

py310-urwid-readline @0.15.1 (python)
readline text edit for urwid

py310-wurlitzer @3.1.1 (python, devel)
Capture C-level output in context managers

py311-acora @2.5 (python, textproc, devel)
Fast multi-keyword search engine for text strings.

py311-asciimatics @1.15.0 (python)
a package to help people create full-screen text UIs

py311-async-timeout @4.0.3 (python, devel)
asyncio-compatible timeout context manager.

py311-beancount @3.2.0 (python, finance)
Double-entry plain text accounting system

py311-binaryornot @0.4.4 (python, devel)
Ultra-lightweight pure Python package to check if a file is binary or text.

py311-blockdiag @3.0.0 (python, graphics)
blockdiag generates block-diagram image from text

py311-charset-normalizer @3.4.4 (python, devel)
A library that helps you read text from an unknown charset encoding.

py311-colorama @0.4.6 (python, devel)
Cross-platform colored terminal text

py311-construct @2.10.70 (python, devel)
python module for parsing and building binary or textual data structures

py311-contextily @1.7.0 (python, gis)
context geo tiles in Python

py311-contextlib2 @21.6.0_1 (python, devel)
Backports and enhancements for the contextlib module

py311-crayons @0.4.0_1 (python)
Text UI colors

py311-diff-match-patch @20241021 (python)
The Diff Match and Patch libraries offer robust algorithms to perform the operations required for synchronizing plain text.

py311-docutils @0.22.4 (python, textproc)
A set of tools for processing plaintext documentation

py311-fortranformat @2.0.3 (python, science, print)
Mimics Fortran textual IO in Python

py311-ftfy @6.3.1 (python, textproc)
fixes text for you

py311-html2text @2025.4.15 (python, textproc)
Script to turn HTML into equivalent Markdown-structured text.

py311-humanfriendly @10.0 (python, devel)
Human friendly output for text interfaces using Python

py311-jaraco.context @6.1.0 (python, devel)
Context managers by jaraco

py311-jaraco.text @4.0.0 (python, devel)
Module for text manipulation

py311-jedi @0.19.2 (python, devel)
An autocompletion tool for Python that can be used for text editors.

py311-jupytext @1.16.1 (python, devel)
Jupyter Notebooks as Markdown Documents, Julia, Python or R Scripts

py311-luma.core @2.5.2 (python)
Drawing and text rendering for small displays, core module

py311-luma.emulator @1.5.0 (python)
Drawing and text rendering for small displays, emulator module

py311-m2r @0.2.1 (python, devel)
Converts a markdown file including reStructuredText (rst) markups to a valid rst format

py311-parsedatetime @2.6 (python)
Parse human-readable date/time text

py311-progressbar @2.5.20251208 (python, devel)
Text progressbar library for python

py311-readability-lxml @0.8.1 (python, textproc)
fast html to text parser (article readability tool)

py311-rich @14.3.1 (python)
Python library for rich text and beautiful formatting in the terminal

py311-rich_rst @1.3.2 (python)
reStructuredText renderer for rich

py311-rstcheck @6.2.5 (python, devel)
Checks syntax of reStructuredText and code blocks nested within it

py311-rstcheck-core @1.2.2 (python, devel)
Checks syntax of reStructuredText and code blocks nested within it

py311-spark_parser @1.9.0 (python)
An Earley-Algorithm Context-free grammar Parser Toolkit

py311-sphinxnotes-strike @2.0 (python)
Sphinx extension for strikethrough text support

py311-stopit @1.1.2 (python, devel)
Timeout control decorator and context managers.

py311-tcolorpy @0.1.7 (python, devel)
A Python library to apply true color for terminal text.

py311-text-unidecode @1.3 (python, textproc)
The most basic Text::Unidecode port

py311-textdistance @4.6.3 (python)
Compute distance between the two texts.

py311-texttable @1.7.0 (python, textproc)
python module for creating simple ASCII tables

py311-textual @7.3.0 (python, devel)
Textual is a TUI (Text User Interface) framework for Python inspired by modern web development.

py311-textx @4.3.0 (python, devel)
Meta-language for DSL implementation inspired by Xtext

py311-timelib @0.3.0 (python, textproc)
parse english textual date descriptions

py311-unidecode @1.4.0 (python, textproc)
ASCII transliterations of Unicode text

py311-urwid-readline @0.15.1 (python)
readline text edit for urwid

py311-wurlitzer @3.1.1 (python, devel)
Capture C-level output in context managers

py312-acora @2.5 (python, textproc, devel)
Fast multi-keyword search engine for text strings.

py312-async-timeout @4.0.3 (python, devel)
asyncio-compatible timeout context manager.

py312-beancount @3.2.0 (python, finance)
Double-entry plain text accounting system

py312-binaryornot @0.4.4 (python, devel)
Ultra-lightweight pure Python package to check if a file is binary or text.

py312-blockdiag @3.0.0 (python, graphics)
blockdiag generates block-diagram image from text

py312-charset-normalizer @3.4.4 (python, devel)
A library that helps you read text from an unknown charset encoding.

py312-colorama @0.4.6 (python, devel)
Cross-platform colored terminal text

py312-construct @2.10.70 (python, devel)
python module for parsing and building binary or textual data structures

py312-contextily @1.7.0 (python, gis)
context geo tiles in Python

py312-contextlib2 @21.6.0_1 (python, devel)
Backports and enhancements for the contextlib module

py312-crayons @0.4.0_1 (python)
Text UI colors

py312-diff-match-patch @20241021 (python)
The Diff Match and Patch libraries offer robust algorithms to perform the operations required for synchronizing plain text.

py312-docutils @0.22.4 (python, textproc)
A set of tools for processing plaintext documentation

py312-fortranformat @2.0.3 (python, science, print)
Mimics Fortran textual IO in Python

py312-ftfy @6.3.1 (python, textproc)
fixes text for you

py312-html2text @2025.4.15 (python, textproc)
Script to turn HTML into equivalent Markdown-structured text.

py312-humanfriendly @10.0 (python, devel)
Human friendly output for text interfaces using Python

py312-hypy @1.0.1 (python, textproc)
Fulltext search interface for Python applications

py312-jaraco.context @6.1.0 (python, devel)
Context managers by jaraco

py312-jaraco.text @4.0.0 (python, devel)
Module for text manipulation

py312-jedi @0.19.2 (python, devel)
An autocompletion tool for Python that can be used for text editors.

py312-jupytext @1.16.1 (python, devel)
Jupyter Notebooks as Markdown Documents, Julia, Python or R Scripts

py312-luma.core @2.5.2 (python)
Drawing and text rendering for small displays, core module

py312-luma.emulator @1.5.0 (python)
Drawing and text rendering for small displays, emulator module

py312-m2r @0.2.1 (python, devel)
Converts a markdown file including reStructuredText (rst) markups to a valid rst format

py312-parsedatetime @2.6 (python)
Parse human-readable date/time text

py312-progressbar @2.5.20251208 (python, devel)
Text progressbar library for python

py312-readability-lxml @0.8.1 (python, textproc)
fast html to text parser (article readability tool)

py312-rich @14.3.1 (python)
Python library for rich text and beautiful formatting in the terminal

py312-rich_rst @1.3.2 (python)
reStructuredText renderer for rich

py312-rstcheck @6.2.5 (python, devel)
Checks syntax of reStructuredText and code blocks nested within it

py312-rstcheck-core @1.2.2 (python, devel)
Checks syntax of reStructuredText and code blocks nested within it

py312-spark_parser @1.9.0 (python)
An Earley-Algorithm Context-free grammar Parser Toolkit

py312-sphinxnotes-strike @2.0 (python)
Sphinx extension for strikethrough text support

py312-stopit @1.1.2 (python, devel)
Timeout control decorator and context managers.

py312-tcolorpy @0.1.7 (python, devel)
A Python library to apply true color for terminal text.

py312-text-unidecode @1.3 (python, textproc)
The most basic Text::Unidecode port

py312-textdistance @4.6.3 (python)
Compute distance between the two texts.

py312-texttable @1.7.0 (python, textproc)
python module for creating simple ASCII tables

py312-textual @7.3.0 (python, devel)
Textual is a TUI (Text User Interface) framework for Python inspired by modern web development.

py312-textx @4.3.0 (python, devel)
Meta-language for DSL implementation inspired by Xtext

py312-timelib @0.3.0 (python, textproc)
parse english textual date descriptions

py312-unidecode @1.4.0 (python, textproc)
ASCII transliterations of Unicode text

py312-urwid-readline @0.15.1 (python)
readline text edit for urwid

py312-wurlitzer @3.1.1 (python, devel)
Capture C-level output in context managers

py313-async-timeout @4.0.3 (python, devel)
asyncio-compatible timeout context manager.

py313-beancount @3.2.0 (python, finance)
Double-entry plain text accounting system

py313-binaryornot @0.4.4 (python, devel)
Ultra-lightweight pure Python package to check if a file is binary or text.

py313-blockdiag @3.0.0 (python, graphics)
blockdiag generates block-diagram image from text

py313-charset-normalizer @3.4.4 (python, devel)
A library that helps you read text from an unknown charset encoding.

py313-colorama @0.4.6 (python, devel)
Cross-platform colored terminal text

py313-construct @2.10.70 (python, devel)
python module for parsing and building binary or textual data structures

py313-contextily @1.7.0 (python, gis)
context geo tiles in Python

py313-contextlib2 @21.6.0_1 (python, devel)
Backports and enhancements for the contextlib module

py313-crayons @0.4.0_1 (python)
Text UI colors

py313-diff-match-patch @20241021 (python)
The Diff Match and Patch libraries offer robust algorithms to perform the operations required for synchronizing plain text.

py313-docutils @0.22.4 (python, textproc)
A set of tools for processing plaintext documentation

py313-fasttext @0.9.2_1 (textproc, python)
Python bindings for fasttext

py313-fortranformat @2.0.3 (python, science, print)
Mimics Fortran textual IO in Python

py313-ftfy @6.3.1 (python, textproc)
fixes text for you

py313-html2text @2025.4.15 (python, textproc)
Script to turn HTML into equivalent Markdown-structured text.

py313-humanfriendly @10.0 (python, devel)
Human friendly output for text interfaces using Python

py313-jaraco.context @6.1.0 (python, devel)
Context managers by jaraco

py313-jaraco.text @4.0.0 (python, devel)
Module for text manipulation

py313-jedi @0.19.2 (python, devel)
An autocompletion tool for Python that can be used for text editors.

py313-luma.core @2.5.2 (python)
Drawing and text rendering for small displays, core module

py313-luma.emulator @1.5.0 (python)
Drawing and text rendering for small displays, emulator module

py313-parsedatetime @2.6 (python)
Parse human-readable date/time text

py313-polib @1.2.0 (python, devel)
A library to manipulate gettext files (po and mo files).

py313-progressbar @2.5.20251208 (python, devel)
Text progressbar library for python

py313-readability-lxml @0.8.1 (python, textproc)
fast html to text parser (article readability tool)

py313-rich @14.3.1 (python)
Python library for rich text and beautiful formatting in the terminal

py313-rich_rst @1.3.2 (python)
reStructuredText renderer for rich

py313-rstcheck @6.2.5 (python, devel)
Checks syntax of reStructuredText and code blocks nested within it

py313-rstcheck-core @1.2.2 (python, devel)
Checks syntax of reStructuredText and code blocks nested within it

py313-spark_parser @1.9.0 (python)
An Earley-Algorithm Context-free grammar Parser Toolkit

py313-sphinxnotes-strike @2.0 (python)
Sphinx extension for strikethrough text support

py313-tcolorpy @0.1.7 (python, devel)
A Python library to apply true color for terminal text.

py313-text-unidecode @1.3 (python, textproc)
The most basic Text::Unidecode port

py313-textdistance @4.6.3 (python)
Compute distance between the two texts.

py313-texttable @1.7.0 (python, textproc)
python module for creating simple ASCII tables

py313-textual @7.3.0 (python, devel)
Textual is a TUI (Text User Interface) framework for Python inspired by modern web development.

py313-textx @4.3.0 (python, devel)
Meta-language for DSL implementation inspired by Xtext

py313-timelib @0.3.0 (python, textproc)
parse english textual date descriptions

py313-unidecode @1.4.0 (python, textproc)
ASCII transliterations of Unicode text

py313-urwid-readline @0.15.1 (python)
readline text edit for urwid

py313-wurlitzer @3.1.1 (python, devel)
Capture C-level output in context managers

py314-binaryornot @0.4.4 (python, devel)
Ultra-lightweight pure Python package to check if a file is binary or text.

py314-blockdiag @3.0.0 (python, graphics)
blockdiag generates block-diagram image from text

py314-charset-normalizer @3.4.4 (python, devel)
A library that helps you read text from an unknown charset encoding.

py314-colorama @0.4.6 (python, devel)
Cross-platform colored terminal text

py314-construct @2.10.70 (python, devel)
python module for parsing and building binary or textual data structures

py314-contextily @1.7.0 (python, gis)
context geo tiles in Python

py314-diff-match-patch @20241021 (python)
The Diff Match and Patch libraries offer robust algorithms to perform the operations required for synchronizing plain text.

py314-docutils @0.22.4 (python, textproc)
A set of tools for processing plaintext documentation

py314-humanfriendly @10.0 (python, devel)
Human friendly output for text interfaces using Python

py314-jaraco.context @6.1.0 (python, devel)
Context managers by jaraco

py314-jaraco.text @4.0.0 (python, devel)
Module for text manipulation

py314-jedi @0.19.2 (python, devel)
An autocompletion tool for Python that can be used for text editors.

py314-luma.core @2.5.2 (python)
Drawing and text rendering for small displays, core module

py314-luma.emulator @1.5.0 (python)
Drawing and text rendering for small displays, emulator module

py314-parsedatetime @2.6 (python)
Parse human-readable date/time text

py314-polib @1.2.0 (python, devel)
A library to manipulate gettext files (po and mo files).

py314-progressbar @2.5.20251208 (python, devel)
Text progressbar library for python

py314-rich @14.3.1 (python)
Python library for rich text and beautiful formatting in the terminal

py314-rich_rst @1.3.2 (python)
reStructuredText renderer for rich

py314-rstcheck @6.2.5 (python, devel)
Checks syntax of reStructuredText and code blocks nested within it

py314-rstcheck-core @1.2.2 (python, devel)
Checks syntax of reStructuredText and code blocks nested within it

py314-sphinxnotes-strike @2.0 (python)
Sphinx extension for strikethrough text support

py314-tcolorpy @0.1.7 (python, devel)
A Python library to apply true color for terminal text.

py314-text-unidecode @1.3 (python, textproc)
The most basic Text::Unidecode port

py314-textdistance @4.6.3 (python)
Compute distance between the two texts.

py314-texttable @1.7.0 (python, textproc)
python module for creating simple ASCII tables

py314-textual @7.3.0 (python, devel)
Textual is a TUI (Text User Interface) framework for Python inspired by modern web development.

py314-unidecode @1.4.0 (python, textproc)
ASCII transliterations of Unicode text

py314-wurlitzer @3.1.1 (python, devel)
Capture C-level output in context managers

q-textasdata @3.1.6 (textproc, python)
q-textasdata - Run SQL directly on CSV or TSV files

QLStephen @1.5.1 (sysutils)
A QuickLook plugin that lets you view plain text files without a file extension

R-antiword @1.3.4 (R, science, office, textproc)
Extract text from Microsoft Word Documents

R-bigreadr @0.2.5_2 (R, science, textproc)
Read large text files by splitting them in smaller files

R-chinese.misc @0.2.3_1 (R, science, textproc, chinese)
Miscellaneous tools for Chinese text mining and more

R-cryptography @1.0.0_1 (R, science, crypto)
Encrypt and decrypts text ciphers

R-CTM @0.2_1 (R, science, textproc, chinese)
Text mining toolkit for Chinese documents

R-exactextractr @0.10.0_1 (R, science, gis)
Fast extraction from Raster datasets using polygons

R-ftExtra @0.6.4 (R, science)
Helper functions for R-flextable package

R-geomtextpath @0.1.4 (R, science)
Create curved text paths in R-ggplot2

R-ggfittext @0.10.2_1 (R, science, graphics)
R-ggplot2 extension to fit text into a box by growing, shrinking or wrapping the text

R-ggrepel @0.9.6 (R, science)
Automatically position non-overlapping text labels

R-ggtext @0.1.2_2 (R, science)
Improved text rendering support for grid graphics

R-GLCMTextures @0.4.2 (R, science)
GLCM Textures of raster layers

R-grafzahl @0.0.11_1 (R, science, math)
Supervised machine learning for textual data using transformers and Quanteda

R-gridtext @0.1.5_2 (R, science)
Improved text rendering support for grid graphics

R-gtExtras @0.5.0_1 (R, science)
Extending R-gt for beautiful HTML tables

R-htm2txt @2.2.2 (R, science, textproc)
Convert HTML into text

R-imputeMissings @0.0.4 (R, science)
Impute missing values in a predictive context

R-jiebaR @0.11_1 (R, science, textproc, chinese)
Chinese text segmentation, keyword extraction and speech tagging

R-jiebaRD @0.1_1 (R, science, textproc, chinese)
Chinese text segmentation data for R-jiebaR package

R-jstor @0.3.11_1 (R, science)
Functions and helpers to import metadata, ngrams and full-texts delivered by Data for Research by JSTOR

R-optextras @2019-12.4_1 (R, science, math)
Tools to support optimization possibly with bounds and masks

R-pdftools @3.4.1 (R, science, print)
Text extraction, rendering and converting of PDF documents

R-qdapDictionaries @1.0.7_2 (R, science)
Collection of text analysis dictionaries and word lists for use with the qdap package

R-quanteda @4.0.2 (R, science, textproc)
Quantitative Analysis of Textual Data

R-quanteda.textmodels @0.9.9 (R, science, textproc)
Scaling models and classifiers for textual data

R-quanteda.textstats @0.97.2 (R, science, textproc)
Textual statistics for the Quantitative Analysis of Textual Data

R-r2rtf @1.1.1_1 (R, science, office)
Easily create production-ready Rich Text Format (RTF) tables and figures

R-RcmdrPlugin.temis @0.7.10_1 (R, science, textproc)
Graphical integrated text mining solution

R-rcorpora @2.0.1 (R, science)
Collection of small text corpora of interesting data

R-readr @2.1.5_1 (R, science, textproc)
Read rectangular text data

R-readtext @0.91_1 (R, science, textproc)
Import and handling for plain and formatted text files

R-RNewsflow @1.2.8_1 (R, science, textproc)
Tools for comparing text messages across time and media

R-rtf @0.4-14.1_1 (R, science, textproc)
Rich Text Format (RTF) output

R-sentometrics @1.0.0_2 (R, science, textproc)
Integrated framework for textual sentiment time series aggregation and prediction

R-sentopics @0.7.4 (R, science, textproc)
Tools for joint sentiment and topic analysis of textual data

R-shadowtext @0.1.4 (R, science)
Shadow text grob and layer

R-showtext @0.9-7_1 (R, science)
Using fonts more easily in R graphs

R-showtextdb @3.0_2 (R, science)
Font files for the showtext package

R-striprtf @0.6.0_1 (R, science, textproc)
Extract plain text from RTF files

R-sylly @0.1-6_1 (R, science, textproc)
Hyphenation and syllable counting for text analysis

R-tau @0.0-25_1 (R, science, textproc)
Text Analysis Utilities

R-text2map @0.2.0_1 (R, science, textproc)
R tools for text matrices, embeddings and networks

R-text2vec @0.6.4_1 (R, science, textproc)
Modern text mining framework for R

R-textcat @1.0-8_1 (R, science, textproc)
N-gram-based text categorization

R-textir @2.0-5_2 (R, science, math, textproc)
Inverse regression for text analysis

R-textmineR @3.0.5_1 (R, science, textproc)
Functions for text mining and topic modelling

R-textrecipes @1.0.6_1 (R, science, textproc)
Extra recipes for text processing

R-textshape @1.7.5_1 (R, science, textproc)
Tools for reshaping text

R-textshaping @0.4.1 (R, science, graphics)
Bindings to the HarfBuzz and Fribidi libraries

R-textutils @0.4-1_1 (R, science)
Utilities for handling strings and text

R-tidytext @0.4.2_1 (R, science, textproc)
Tidy text mining

R-tm @0.7-15 (R, science, textproc)
Text Mining

R-tmcn @0.2-13_1 (R, science, textproc)
Text mining toolkit for Chinese

R-tokenizers @0.3.0_1 (R, science, textproc)
Fast, consistent tokenization of natural language text

R-txtplot @1.0-4_2 (R, science)
Text-based plots

R-unrtf @1.4.7 (R, science, office)
Extract text from Rich Text Format (RTF) documents

R-utf8 @1.2.6 (R, science, textproc)
UTF-8 text processing

rb-cucumber @0.3.103 (ruby)
Lets software development teams describe how software should behave in plain text.

rb-diakonos @0.9.12 (ruby, editors)
Console text editor

rb-gettext @3.5.1 (ruby, devel)
a Localization library and tools which modeled GNU gettext.

rb-hikidoc @0.1.0 (ruby, textproc)
HikiDoc is a text-to-HTML conversion tool for web writers.

rb-progressbar @1.13.0 (ruby, devel)
rb-progressbar is a text progress bar library

rb-redcloth @4.3.4 (ruby, textproc)
Textile for Ruby

rb-text @1.3.1 (ruby)
A collection of text algorithms

rb-text-format @1.0.0_1 (ruby, textproc)
Text::Format for Ruby

rb-treetop @1.4.2_1 (ruby)
Treetop is a Ruby-based DSL for text parsing and interpretation.

rb-twitter-text @3.1.0 (ruby, textproc, www)
A gem that provides text handling for Twitter

rb19-treetop @1.4.9 (ruby, textproc)
A Ruby-based text parsing and interpretation DSL

rb30-gettext @3.5.1 (ruby, devel)
a Localization library and tools which modeled GNU gettext.

rb30-progressbar @1.13.0 (ruby, devel)
rb-progressbar is a text progress bar library

rb30-redcloth @4.3.4 (ruby, textproc)
Textile for Ruby

rb30-text @1.3.1 (ruby)
A collection of text algorithms

rb31-diakonos @0.9.12 (ruby, editors)
Console text editor

rb31-gettext @3.5.1 (ruby, devel)
a Localization library and tools which modeled GNU gettext.

rb31-progressbar @1.13.0 (ruby, devel)
rb-progressbar is a text progress bar library

rb31-redcloth @4.3.4 (ruby, textproc)
Textile for Ruby

rb31-text @1.3.1 (ruby)
A collection of text algorithms

rb31-twitter-text @3.1.0 (ruby, textproc, www)
A gem that provides text handling for Twitter

rb32-diakonos @0.9.12 (ruby, editors)
Console text editor

rb32-gettext @3.5.1 (ruby, devel)
a Localization library and tools which modeled GNU gettext.

rb32-progressbar @1.13.0 (ruby, devel)
rb-progressbar is a text progress bar library

rb32-redcloth @4.3.4 (ruby, textproc)
Textile for Ruby

rb32-text @1.3.1 (ruby)
A collection of text algorithms

rb32-twitter-text @3.1.0 (ruby, textproc, www)
A gem that provides text handling for Twitter

rb33-diakonos @0.9.12 (ruby, editors)
Console text editor

rb33-gettext @3.5.1 (ruby, devel)
a Localization library and tools which modeled GNU gettext.

rb33-progressbar @1.13.0 (ruby, devel)
rb-progressbar is a text progress bar library

rb33-redcloth @4.3.4 (ruby, textproc)
Textile for Ruby

rb33-text @1.3.1 (ruby)
A collection of text algorithms

rb33-twitter-text @3.1.0 (ruby, textproc, www)
A gem that provides text handling for Twitter

recoll @1.31.6 (textproc)
Desktop full text search

recutils @1.9 (databases)
Tools to work with human-editable, plain text data files

retawq @0.2.6c_1 (www)
text-based web browser

rfksay @0.1 (textproc, amusements)
Generates a kitten finding robot with a text bubble

rst2pdf @0.104 (textproc, python)
Convert reStructured Text to PDF via ReportLab

ruplacer @0.10.0 (textproc)
Find and replace text in source files.

scite @4.4.6_1 (editors)
SciTE is a SCIntilla-based text editor

senna @1.1.4 (textproc)
embeddable fulltext search engine

sent @1 (office)
sent is a simple plaintext presentation tool.

sentencepiece @0.2.0 (textproc)
Unsupervised text tokenizer for Neural Network-based text generation.

shsql @1.28 (databases, textproc)
standalone SQL database that stores data in ascii text files

smlr @0.0.6 (sysutils)
Text truncation utility

Smultron @3.6b1 (aqua, editors)
Cocoa text editor with syntax colouring

snownews @1.11 (net, www)
Text mode RSS newsreader

SourceKittenDaemon @0.1.5 (devel)
Swift Auto Completions for any Text Editor

sphinx @2.2.11_1 (textproc, net)
Sphinx is a full-text search engine

srgn @0.14.1 (devel, textproc)
A code surgeon for precise text and code transplantation. A marriage of `tr`/`sed`, `rg` and `tree-sitter`.

step-writer @2024.11.16 (editors)
Lightweight & simple TUI text editor

string_replace @0.1 (textproc, perl)
searches and replaces a text string or regular expression

tcat @0.1.2 (textproc)
Time Cat is a program to add timestamps to text.

tea @63.1.0 (editors)
TEA is the powerful text editor for GNU/Linux and *BSD.

tepl @6.4.0_1 (gnome)
GNOME text editor support

texlive-context @74403 (tex)
TeX Live: ConTeXt and packages

TeXmacs @1.99.2_6 (editors)
GNU TeXmacs: A Scientific Text Editor

tEXT-iNSERTEr @0.5.4 (textproc)
tEXT-iNSERTEr is the tools for the inserting text hierarchically.

textmate2 @2.0.23_4 (editors, aqua)
TextMate brings Apple's approach to operating systems into the world of text editors. By bridging UNIX underpinnings and GUI, TextMate cherry-picks the best of both worlds to the benefit of expert scripters and novice users alike.

tig @2.5.12 (devel)
A text interface to git repositories

tilde @1.1.3 (editors)
Tilde is a text editor for the console/terminal, which provides an intuitive interface for people accustomed to GUI environments such as Gnome, KDE and Windows.

time.txt @1.0 (office)
Time.txt allows you to track and analyze your time (sheets) using plain text files.

tnef2txt @1.4_1 (textproc)
Converts Microsoft TNEF attachments to ASCII text

turbo @2024.10.23 (editors, sysutils)
Experimental text editor based on Scintilla and Turbo Vision

txt2html @3.0 (textproc)
Convert ASCII text to HTML

txt2man @1.7.1 (textproc)
Converts flat ASCII text to man page format

txt2pdbdoc @1.4.4 (textproc)
Text-to-Doc file conversion program.

uchardet @0.0.8 (textproc)
A text encoding detector library and tool

unsort @0.5 (textproc)
randomize the lines from a textfile

vis @0.9 (editors)
a highly efficient text editor

vtm @2026.01.13 (sysutils)
Monotty Desktopio - text-based desktop environment inside your terminal

w3m @0.5.3.20230121 (www)
pager/text based browser

wdiff @1.2.2_1 (textproc)
Display word differences between text files

wiki-tui @0.8.2 (www)
wiki-tui is a simple and easy to use Wikipedia text user interface

wump @4.6.2-RELEASE_1 (games)
Text-based cave exploring and wumpus hunting game

xedit @1.2.2 (x11, editors)
Simple text editor for X11

xemacs @21.4.22_18 (editors, x11)
A highly customizable open-source text editor.

xmore @1.0.3 (x11)
Plain text display program for the X11 Window System

ytt @0.52.2 (textproc)
YAML templating tool that works on YAML structure instead of text

yudit @2.9.6 (editors)
unicode text editor for X

zenwriter @0.1 (office)
Minimalistic plain text editor written with Qt4

zk @0.15.2 (office)
A plain text note-taking assistant

Found 989 ports.
