bluefish @2.2.17 (editors, www)
A powerful editor for web designers

bluemoon @2.13 (games)
52-card solitaire game

blueprint-compiler @0.14.0 (gnome, devel)
Markup language for GTK user interfaces

blueutil @2.10.0 (sysutils)
CLI for Bluetooth on macOS

DiskJockey @2.1 (aqua)
program for creating, analyzing, and converting disk images for emulators and devices like BlueSCSI and RaSCSI

gingerblue @6.2.0_3 (gnome)
GNOME Gingerblue is Free Music Software for GTK+/GNOME.

libbtbb @2020-12-R1 (devel, net, security)
Bluetooth baseband decoding library.

libbtbb-devel @2022-08-26 (devel, net, security)
Bluetooth baseband decoding library.

py-lightblue @0.4_2 (python)
A cross-platform Python Bluetooth API

py27-lightblue @0.4_2 (python)
A cross-platform Python Bluetooth API

R-metaBLUE @1.0.0_1 (R, science)
BLUE for combining location and scale information in a meta-analysis

Found 11 ports.
