libxkbcommon @1.7.0 (devel)
library to handle keyboard descriptions

libxkbcommon-x11 @1.7.0 (devel)
library to handle keyboard descriptions

libxklavier @5.2.1_1 (gnome)
libxklavier - utility library to make XKB stuff easier

setxkbmap @1.3.2 (x11)
Set the keyboard using the X11 keyboard extension

xkbcomp @1.4.5 (x11)
Compile XKB keyboard description

xkbevd @1.1.4 (x11)
XKB event daemon

xkbprint @1.0.5 (x11)
Print an XKB keyboard description

xkbutils @1.0.4_1 (x11)
XKB utilities xkbbell, xkbvleds, and xkbwatch

xkeyboard-config @2.5.1_1 (x11)
X11 XKB keyboard descriptions

xorg-libxkbfile @1.1.3 (x11, devel)
X.org libxbfile

xorg-libxkbui @1.0.2 (x11, devel)
X.org libxbui

Found 11 ports.
