abcde @2.9.3_2 (audio)
A Better CD Encoder

aspell @0.60.8.1 (textproc)
Spell checker with better logic than ispell

bettercap @2.41.5 (net, security)
The Swiss Army knife for 802.11, BLE and Ethernet networks reconnaissance and MITM attacks.

bstring @1.0.3 (textproc, devel)
The Better String Library for C

bzip3 @1.5.3 (archivers)
A better and stronger spiritual successor to BZip2.

cl-trivial-with-current-source-form @20230605 (lisp, devel)
Helps macro writers produce better errors for macro users

codegroup @20080907 (comms)
codegroup encodes and decodes arbitrary binary data in five-letter code groups, just like spies use!

comcast @1.0.1 (net)
Simulating terrible network connections so you can build better systems.

duf @0.9.1 (sysutils)
Disk Usage/Free Utility - a better 'df' alternative

ettercap @0.8.3.1_1 (net, security)
multipurpose sniffer/interceptor/logger for switched LAN

fzy @1.1 (devel)
A better fuzzy finder

gargs @0.3.9 (sysutils)
better(?) xargs in go

kanagram @4.14.3_3 (kde, kde4)
Letter Order Game

libbpg @0.9.8_1 (graphics)
better portable graphics -- a new image format

libmysofa @1.3.3 (audio, devel)
reader for AES SOFA files to get better HRTFs

octave-bim @1.1.8 (octave, math, science)
Package for solving Diffusion Advection Reaction (DAR) Partial Differential Equaltions based on the Finite Volume Scharfetter-Gummel (FVSG) method a.k.a Box Integration Method (BIM).

oilshell @0.37.0 (shells)
Oils is our upgrade path from bash to a better language and runtime.

p5-fey @0.440.0 (perl)
Fey - Better SQL Generation Through Perl

p5-moosex-traitfor-meta-class-betteranonclassnames @0.2.3 (perl)
MooseX::TraitFor::Meta::Class::BetterAnonClassNames - Metaclass trait to *attempt* to demystify generated anonymous class names

p5-test2-harness @1.0.161 (perl)
Test2::Harness - A new and improved test harness with better Test2 integration

p5.28-fey @0.440.0 (perl)
Fey - Better SQL Generation Through Perl

p5.28-moosex-traitfor-meta-class-betteranonclassnames @0.2.3 (perl)
MooseX::TraitFor::Meta::Class::BetterAnonClassNames - Metaclass trait to *attempt* to demystify generated anonymous class names

p5.28-test2-harness @1.0.161 (perl)
Test2::Harness - A new and improved test harness with better Test2 integration

p5.30-fey @0.440.0 (perl)
Fey - Better SQL Generation Through Perl

p5.30-moosex-traitfor-meta-class-betteranonclassnames @0.2.3 (perl)
MooseX::TraitFor::Meta::Class::BetterAnonClassNames - Metaclass trait to *attempt* to demystify generated anonymous class names

p5.30-test2-harness @1.0.161 (perl)
Test2::Harness - A new and improved test harness with better Test2 integration

p5.32-fey @0.440.0 (perl)
Fey - Better SQL Generation Through Perl

p5.32-moosex-traitfor-meta-class-betteranonclassnames @0.2.3 (perl)
MooseX::TraitFor::Meta::Class::BetterAnonClassNames - Metaclass trait to *attempt* to demystify generated anonymous class names

p5.32-test2-harness @1.0.161 (perl)
Test2::Harness - A new and improved test harness with better Test2 integration

p5.34-fey @0.440.0 (perl)
Fey - Better SQL Generation Through Perl

p5.34-moosex-traitfor-meta-class-betteranonclassnames @0.2.3 (perl)
MooseX::TraitFor::Meta::Class::BetterAnonClassNames - Metaclass trait to *attempt* to demystify generated anonymous class names

p5.34-test2-harness @1.0.161 (perl)
Test2::Harness - A new and improved test harness with better Test2 integration

prek @0.2.18 (devel)
Better `pre-commit`, re-engineered in Rust

py-arrow @1.4.0_1 (python)
Better dates and times for Python

py-multiprocess @0.70.18 (python)
better multiprocessing and multithreading in python

py-scandir @1.10.0 (python, devel)
Scandir, a better directory iterator and faster os.walk()

py27-scandir @1.10.0 (python, devel)
Scandir, a better directory iterator and faster os.walk()

py39-arrow @1.4.0_1 (python)
Better dates and times for Python

py310-arrow @1.4.0_1 (python)
Better dates and times for Python

py310-multiprocess @0.70.18 (python)
better multiprocessing and multithreading in python

py311-arrow @1.4.0_1 (python)
Better dates and times for Python

py311-multiprocess @0.70.18 (python)
better multiprocessing and multithreading in python

py312-arrow @1.4.0_1 (python)
Better dates and times for Python

py312-multiprocess @0.70.18 (python)
better multiprocessing and multithreading in python

py313-arrow @1.4.0_1 (python)
Better dates and times for Python

py313-multiprocess @0.70.18 (python)
better multiprocessing and multithreading in python

py314-arrow @1.4.0_1 (python)
Better dates and times for Python

R-bettermc @1.2.1_1 (R, science)
Enhanced fork-based parallelization

R-keep @1.0_1 (R, science)
Arrays with better control over dimension dropping

rb-snaky_hash @2.0.1 (ruby, devel)
Hashie::Mash joint to make snakelife better

rb31-snaky_hash @2.0.1 (ruby, devel)
Hashie::Mash joint to make snakelife better

rb32-snaky_hash @2.0.1 (ruby, devel)
Hashie::Mash joint to make snakelife better

rb33-snaky_hash @2.0.1 (ruby, devel)
Hashie::Mash joint to make snakelife better

subversion @1.14.3 (devel)
subversion (svn) -- a version control system designed to be a better cvs

Found 54 ports.
