4ti2 @1.6.13 (math)
A software package for algebraic, geometric and combinatorial problems on linear spaces.

arborx @1.7 (math)
An open-source library designed to provide performance portable algorithms for geometric search

carlson-elliptic-integrals @1.0.0 (fortran, math)
Carlson symmetric forms of elliptic integrals

cccc @3.1.4_1 (lang)
tool for measurement of source code related metrics

CSXCAD @20251223-0116fc1a (textproc)
CSXCAD is a C++ library to describe geometrical objects and their physical or non-physical properties

ctop @0.7.6_1 (sysutils, devel)
Top-like interface for container metrics

freecad @0.18.5_4 (cad)
FreeCAD is a general purpose feature-based, parametric 3D modeler.

git-sizer @1.5.0 (devel)
Compute various size metrics for a Git repository, flagging those that might cause problems

grafana @12.2.0 (net, sysutils)
The tool for beautiful monitoring and metric analytics & dashboards for Graphite, InfluxDB, Prometheus & More

gretl @2024d (math, economics)
Econometric analysis toolkit

gvemod-crayola @0.4_1 (science, graphics, x11)
An interactive tool for colouring faces of geometric objects within Geomview

influxdb @2.7.10 (sysutils, net)
Scalable datastore for metrics, events, and real-time analytics

node_exporter @1.9.1 (sysutils)
Machine-metric exporter for the Prometheus monitoring system.

octave-econometrics @1.1.2_4 (octave, math, science)
Econometrics functions including MLE and GMM based techniques.

octave-geometry @4.1.0_2 (octave, math, science)
Library for geometric computing extending MatGeom functions. Useful to create, transform, manipulate and display geometric primitives.

octave-image @2.18.1 (octave, math, science)
The Octave-forge Image package provides functions for processing images. The package also provides functions for feature extraction, image statistics, spatial and geometric transformations, morphological operations, linear filtering, and much more.

octave-matgeom @1.2.4 (octave, math, science)
Geometry toolbox for 2D/3D geometric computing

octave-psychrometrics @1.0.0_1 (octave, math, science)
A toolbox for air-water vapor psychrometrics for GNU Octave.

openvdb @11.0.0_1 (graphics)
sparse volumetric data structure and tools

p5-devel-cover @1.510.0 (perl)
Devel::Cover - Code coverage metrics for Perl

p5-font-afm @1.200.0_2 (perl)
Interface to Adobe Font Metrics files.

p5-metrics-any @0.100.0 (perl)
Metrics::Any - abstract collection of monitoring metrics

p5-test-metrics-any @0.10.0 (perl)
Test::Metrics::Any - assert that code produces metrics via Metrics::Any

p5.28-devel-cover @1.510.0 (perl)
Devel::Cover - Code coverage metrics for Perl

p5.28-font-afm @1.200.0_2 (perl)
Interface to Adobe Font Metrics files.

p5.28-metrics-any @0.100.0 (perl)
Metrics::Any - abstract collection of monitoring metrics

p5.28-test-metrics-any @0.10.0 (perl)
Test::Metrics::Any - assert that code produces metrics via Metrics::Any

p5.30-devel-cover @1.510.0 (perl)
Devel::Cover - Code coverage metrics for Perl

p5.30-font-afm @1.200.0_2 (perl)
Interface to Adobe Font Metrics files.

p5.30-metrics-any @0.100.0 (perl)
Metrics::Any - abstract collection of monitoring metrics

p5.30-test-metrics-any @0.10.0 (perl)
Test::Metrics::Any - assert that code produces metrics via Metrics::Any

p5.32-devel-cover @1.510.0 (perl)
Devel::Cover - Code coverage metrics for Perl

p5.32-font-afm @1.200.0_2 (perl)
Interface to Adobe Font Metrics files.

p5.32-metrics-any @0.100.0 (perl)
Metrics::Any - abstract collection of monitoring metrics

p5.32-test-metrics-any @0.10.0 (perl)
Test::Metrics::Any - assert that code produces metrics via Metrics::Any

p5.34-devel-cover @1.510.0 (perl)
Devel::Cover - Code coverage metrics for Perl

p5.34-font-afm @1.200.0_2 (perl)
Interface to Adobe Font Metrics files.

p5.34-metrics-any @0.100.0 (perl)
Metrics::Any - abstract collection of monitoring metrics

p5.34-test-metrics-any @0.10.0 (perl)
Test::Metrics::Any - assert that code produces metrics via Metrics::Any

primme @3.2.3 (math)
PReconditioned Iterative MultiMethod Eigensolver for solving symmetric/Hermitian eigenvalue problems and singular value problems

py-datasets @2.21.0 (python)
Datasets and evaluation metrics for natural language processing and more

py-mir_eval @0.6.20201030 (python, audio)
Common metrics for common audio/music processing tasks.

py-pskc @1.4 (python, security, crypto)
A library to handle Portable Symmetric Key Container (PSKC) files

py-spreg @1.8.5 (python, gis)
PySAL Spatial Econometrics Package (spreg)

py-tobler @0.13.0 (python, gis)
Spatial interpolation, Dasymetric Mapping, & Change of Support (tobler)

py-yt @3.5.1 (python, science)
An analysis and visualization toolkit for volumetric data

py39-mir_eval @0.6.20201030 (python, audio)
Common metrics for common audio/music processing tasks.

py310-datasets @2.21.0 (python)
Datasets and evaluation metrics for natural language processing and more

py310-pskc @1.4 (python, security, crypto)
A library to handle Portable Symmetric Key Container (PSKC) files

py310-spreg @1.8.5 (python, gis)
PySAL Spatial Econometrics Package (spreg)

py310-tobler @0.13.0 (python, gis)
Spatial interpolation, Dasymetric Mapping, & Change of Support (tobler)

py311-datasets @2.21.0 (python)
Datasets and evaluation metrics for natural language processing and more

py311-pskc @1.4 (python, security, crypto)
A library to handle Portable Symmetric Key Container (PSKC) files

py311-spreg @1.8.5 (python, gis)
PySAL Spatial Econometrics Package (spreg)

py311-tobler @0.13.0 (python, gis)
Spatial interpolation, Dasymetric Mapping, & Change of Support (tobler)

py312-datasets @2.21.0 (python)
Datasets and evaluation metrics for natural language processing and more

py312-pskc @1.4 (python, security, crypto)
A library to handle Portable Symmetric Key Container (PSKC) files

py312-spreg @1.8.5 (python, gis)
PySAL Spatial Econometrics Package (spreg)

py312-tobler @0.13.0 (python, gis)
Spatial interpolation, Dasymetric Mapping, & Change of Support (tobler)

py312-yt @3.5.1 (python, science)
An analysis and visualization toolkit for volumetric data

py313-datasets @2.21.0 (python)
Datasets and evaluation metrics for natural language processing and more

py313-pskc @1.4 (python, security, crypto)
A library to handle Portable Symmetric Key Container (PSKC) files

py313-spreg @1.8.5 (python, gis)
PySAL Spatial Econometrics Package (spreg)

py313-tobler @0.13.0 (python, gis)
Spatial interpolation, Dasymetric Mapping, & Change of Support (tobler)

py314-pskc @1.4 (python, security, crypto)
A library to handle Portable Symmetric Key Container (PSKC) files

py314-spreg @1.8.5 (python, gis)
PySAL Spatial Econometrics Package (spreg)

py314-tobler @0.13.0 (python, gis)
Spatial interpolation, Dasymetric Mapping, & Change of Support (tobler)

R-A3 @1.0.0_1 (R, science, math)
Accurate, adaptable and accessible error metrics for predictive models

R-AER @1.2-14 (R, science, economics)
Applied Econometrics with R

R-ald @1.3.1_1 (R, science, math)
Asymmetric Laplace Distribution

R-ALDqr @1.0_1 (R, science, math)
Quantile regression using asymmetric Laplace distribution

R-AllMetrics @0.2.1_1 (R, science, math)
Calculate multiple performance metrics of a prediction model

R-anocva @0.1.1_1 (R, science, math)
Non-parametric statistical test to compare clustering structures

R-autometric @0.1.1 (R, science, sysutils)
Background resource logging

R-BayesESS @0.1.19_2 (R, science, math)
Determines effective sample size of a parametric prior distribution in Bayesian models

R-bayesm @3.1-6_1 (R, science, economics)
Bayesian inference for marketing and micro-econometrics

R-BCSub @0.5_1 (R, science, math)
Bayesian semi-parametric factor analysis model for subtype identification (clustering)

R-bdsmatrix @1.3-7_1 (R, science, math)
Routines for block diagonal symmetric matrices

R-betafunctions @1.9.0_1 (R, science, math)
Functions for working with two- and four-parameter Beta probability distributions and psychometric analysis of classifications

R-bimets @4.0.2 (R, science, economics)
Time series and econometric modelling

R-BivGeo @2.0.1_1 (R, science, math)
Basu-Dhar bivariate geometric distribution

R-bivgeom @1.0_1 (R, science, math)
Roy’s Bivariate Geometric distribution

R-bnmr @0.4.02_1 (R, science, math)
Bayesian Non-parametric Monotone Regression

R-bnpmr @1.2_3 (R, science, math)
Bayesian Monotonic Non-parametric Regression

R-BNSP @2.2.3_2 (R, science, math)
Bayesian non- and semi-parametric model fitting

R-bsplinePsd @0.6.0_1 (R, science, math)
Bayesian non-parametric spectral density estimation using b-spline priors

R-bspmma @0.1-2_1 (R, science, math)
Bayesian Semiparametric Models for Meta-Analysis

R-ClusPred @1.1.0_1 (R, science, math)
Simultaneous semi-parametric estimation of clustering and regression

R-copre @0.2.1 (R, science, math)
Tools for non-parametric martingale posterior sampling

R-CorrBin @1.6.2 (R, science, math)
Nonparametrics with clustered binary and multinomial data

R-cpm @2.3_1 (R, science)
Sequential and batch change detection using parametric and non-parametric methods

R-CptNonPar @0.2.1_1 (R, science, math)
Non-parametric change point detection for multivariate time series

R-cramer @0.9-4_1 (R, science, math)
Multivariate non-parametric Cramer test for the two-sample problem

R-distances @0.1.11 (R, science, math)
Provides tools for constructing, manipulating and using distance metrics

R-distrRmetrics @2.8.2_1 (R, science, math)
Distribution classes for distributions from Rmetrics

R-drtmle @1.1.2_2 (R, science, math)
Doubly-robust nonparametric estimation and inference

R-dtt @0.1-2_1 (R, science, math)
Discrete Trigonometric Transforms

R-Ecdat @0.4-2 (R, science, economics)
Data-sets for econometrics

R-ecp @3.1.6 (R, science, math)
Non-parametric multiple change-point analysis of multivariate data

R-eigenmodel @1.11_2 (R, science, math)
Semi-parametric factor and regression models for symmetric relational data

R-elfDistr @1.0.0_2 (R, science, math)
Kumaraswamy complementary Weibull geometric (Kw-CWG) probability distribution

R-exactci @1.4-4_1 (R, science, math)
Exact p-values and matching confidence intervals for simple discrete parametric cases

R-fANCOVA @0.6-1_1 (R, science, math)
Non-parametric analysis of covariance

R-FastJM @1.4.2_1 (R, science, math)
Semi-parametric joint modeling of longitudinal and survival data

R-fBasics @4041.97 (R, science, finance)
Rmetrics – Markets and Basic Statistics

R-fImport @4041.88 (R, science, economics, finance)
Rmetrics – import economic and financial data

R-fitdistrplus @1.2-1 (R, science, math)
Help to fit of a parametric distribution to non-censored or censored data

R-flexsurvcure @1.3.1_1 (R, science)
Flexible parametric cure models

R-fNonlinear @4041.82 (R, science, finance)
Rmetrics – non-linear and chaotic time series modelling

R-fTrading @3042.79_2 (R, science, finance)
Rmetrics – Trading and Rebalancing Financial Instruments

R-fungible @2.4.4_1 (R, science)
Psychometric functions from the Waller Lab

R-GDAtools @2.1_1 (R, science, math)
Geometric Data Analysis

R-geometries @0.2.4_1 (R, science)
R package for creating and manipulating geometric data structures

R-geozoo @0.5.1_1 (R, science)
Zoo of geometric objects

R-ggstar @1.0.4_1 (R, science, graphics)
Multiple geometric shape point layer for ggplot2

R-ggtreeExtra @1.14.0 (R, science, bioconductor, graphics)
Add geometric layers on circular or other layout tree of ggtree

R-ghypernet @1.1.0_2 (R, science, math)
Fit and simulate generalised hypergeometric ensembles of graphs

R-Gmedian @1.2.7_2 (R, science, math)
Geometric median, k-medians clustering and robust median PCA

R-hmeasure @1.0-2_1 (R, science)
H-measure and other scalar classification performance metrics

R-hmm.discnp @3.0-9_1 (R, science, math)
Hidden Markov models with discrete non-parametric observation distributions

R-hypergeo @1.2-13_2 (R, science, math)
The Gaussian hypergeometric function for complex numbers

R-hypergeo2 @0.2.0 (R, science, math)
Generalized hypergeometric function with tunable high precision

R-HypergeoMat @4.0.3 (R, science, math)
Hypergeometric function of a matrix argument

R-ICSNP @1.1-2_1 (R, science, math)
Tools for multivariate nonparametrics

R-ICsurv @1.0.1_1 (R, science, math)
Semi-parametric regression analysis of interval-censored data

R-ivx @1.1.0_1 (R, science, economics)
Robust econometric inference for predictive regressions

R-JointFPM @1.2.1 (R, science)
Parametric model for estimating the mean number of events

R-kdensity @1.1.0_2 (R, science, math)
Kernel density estimation with parametric starts and asymmetric kernels

R-lmtp @1.4.0 (R, science, economics)
Non-parametric causal effects of feasible interventions based on modified treatment policies

R-lotri @1.0.0 (R, science, math)
Simple way to specify symmetric, block diagonal matrices

R-LPGraph @2.1_1 (R, science, math)
Non-parametric smoothing of Laplacian graph spectra

R-MatchIt @4.6.0 (R, science, math)
Non-parametric preprocessing for parametric causal inference

R-measr @1.0.0_2 (R, science)
Bayesian psychometric measurement using RStan

R-mediation @4.5.0_2 (R, science, math)
Parametric and non-parametric mediation analysis

R-metrica @2.1.0 (R, science, math)
Prediction performance metrics

R-MetricGraph @1.4.0 (R, science, math)
Random fields on metric graphs

R-Metrics @0.1.4_1 (R, science, math)
Evaluation metrics for machine learning

R-MetricsWeighted @1.0.3_1 (R, science)
Weighted metrics, scoring functions and performance measures for machine learning

R-MHD @0.1.2_1 (R, science, math)
Metric Halfspace Depth

R-minerva @1.5.10_2 (R, science, math)
Maximal information-based non-parametric exploration for variable analysis

R-missForest @1.5_1 (R, science, math)
Non-parametric missing value imputation using random forest

R-MixSemiRob @1.1.0_1 (R, science, math)
Mixture models: parametric, semiparametric and robust

R-MLmetrics @1.1.3_1 (R, science)
Machine learning evaluation metrics

R-ModelMetrics @1.2.2.2_2 (R, science, math)
Rapid calculation of model metrics

R-Morpho @2.12_1 (R, science, math)
Calculations and visualisations related to geometric morphometrics

R-MPsychoR @0.10-8_2 (R, science)
Modern Psychometrics with R

R-multcomp @1.4-26 (R, science, math)
Simultaneous inference in general parametric models

R-nftbart @2.1_1 (R, science, math)
Non-parametric failure time Bayesian additive regression trees

R-NNS @10.9.3 (R, science, math, finance)
Non-linear Non-parametric Statistics

R-NormPsy @1.0.8_1 (R, science)
Normalisation of psychometric tests

R-np @0.60-18 (R, science, math)
Nonparametric kernel smoothing methods for mixed data types

R-NPflow @0.13.5_2 (R, science)
Bayesian Non-parametrics for automatic gating of flow-cytometry data

R-npmlreg @0.46-5_2 (R, science, math)
Non-parametric maximum likelihood estimation for random effect models

R-NPRED @1.1.0 (R, science)
Predictor identifier – nonparametric prediction

R-npsf @0.8.0_1 (R, science, economics)
Non-parametric and stochastic efficiency and productivity analysis

R-npsurvSS @1.1.0 (R, science)
Sample size and power calculation for common non-parametric tests in survival analysis

R-orthoDr @0.6.8_1 (R, science, math)
Semi-parametric dimension reduction models using orthogonality-constrained optimization

R-param2moment @0.1.2 (R, science, math)
Raw, central and standardized moments of parametric distributions

R-pbANOVA @0.1.0_1 (R, science, math)
Parametric Bootstrap for ANOVA models

R-pbkrtest @0.5.3 (R, science, math)
Parametric Bootstrap, Kenward–Roger and Satterthwaite based methods for test in mixed models

R-pder @1.0-2_2 (R, science, math)
Panel Data Econometrics with R

R-pdfCluster @1.0-4_1 (R, science, math)
Cluster analysis via non-parametric density estimation

R-PerformanceAnalytics @2.0.4_2 (R, science, finance)
Econometric tools for performance and risk analysis

R-permutations @1.1-5 (R, science, math)
The symmetric group: permutations of a finite set

R-plsmmLasso @1.1.0 (R, science, math)
Variable selection and inference for partial semi-parametric linear mixed-effects model

R-PosteriorBootstrap @0.1.2_2 (R, science, math)
Non-parametric sampling with parallel Monte Carlo

R-PRIMME @3.2-6_1 (R, science, math)
PReconditioned Iterative MultiMethod Eigensolver for solving symmetric/Hermitian eigenvalue problems and singular value problems

R-psych @2.4.6.26 (R, science)
Procedures for psychological, psychometric and personality research

R-psychotools @0.7-4 (R, science)
Psychometric modelling infrastructure

R-psychotree @0.16-1_1 (R, science)
Recursive partitioning based on psychometric models

R-ptw @1.9-16_2 (R, science)
Parametric Time Warping

R-qgraph @1.9.8_2 (R, science, graphics)
Graph plotting methods, psychometric data visualization and graphical model estimation

R-quantreg.nonpar @1.0_1 (R, science, math)
Non-parametric series quantile regression

R-quantregGrowth @1.7-1 (R, science, math)
Non-crossing additive regression quantiles and non-parametric growth charts

R-RANN @2.6.2 (R, science)
Fast nearest neighbour search (wraps ANN library) using L2 metric

R-regtools @1.7.0_1 (R, science, math)
Various tools for linear, nonlinear and non-parametric regression

R-RGeode @0.1.0_1 (R, science, math)
Geometric Density Estimation

R-rrat @1.0.0_1 (R, science, math)
Robust regression with asymmetric heavy-tail noise distributions

R-Rvmmin @2018-4.17.1_1 (R, science, math)
Variable metric non-linear function minimization with bounds constraints

R-scoringRules @1.1.3 (R, science, math)
Scoring rules for parametric and simulated distribution forecasts

R-SeBR @1.0.0_1 (R, science, math)
Semi-parametric Bayesian regression analysis

R-sentometrics @1.0.0_2 (R, science, textproc)
Integrated framework for textual sentiment time series aggregation and prediction

R-Sieve @2.1_1 (R, science, math)
Non-parametric estimation by the method of sieves

R-sleev @1.0.5 (R, science, math)
Semi-parametric likelihood estimation with errors in variables

R-sm @2.2-6.0_1 (R, science, math)
Smoothing methods for non-parametric regression and density estimation

R-smoots @1.1.4_1 (R, science, math)
Non-parametric estimation of the trend and its derivatives in TS

R-snfa @0.0.1_1 (R, science, math)
Smooth Non-Parametric Frontier Analysis

R-SparseChol @0.3.2 (R, science, math)
Sparse Cholesky LDL decomposition of symmetric matrices

R-SpatialNP @1.1-5_1 (R, science, math)
Multivariate non-parametric methods based on spatial signs and ranks

R-spatstat.geom @3.3-4 (R, science, math, geometry)
Geometrical functionality of the R-spatstat family

R-spatstat.model @3.3-3 (R, science, math)
Parametric statistical modelling and inference

R-spd @2.0-1_1 (R, science, math)
Semi-Parametric Distribution

R-spfa @1.0_1 (R, science)
Semi-Parametric Factor Analysis

R-splm @1.6-5_1 (R, science, economics)
Econometric models for spatial panel data

R-stan4bart @0.0-10 (R, science, math)
Uses Stan sampler and math library to semi-parametrically fit linear and multi-level models with additive Bayesian Additive Regression Tree (BART) components

R-SurvMetrics @0.5.0_1 (R, science)
Predictive evaluation metrics in survival analysis

R-targeted @0.5_1 (R, science, math)
Various methods for targeted and semi-parametric inference

R-timeDate @4041.110 (R, science)
Rmetrics – chronological and calendar objects

R-truh @1.0.0_1 (R, science)
Two-sample non-parametric testing under heterogeneity

R-truncSP @1.2.2_1 (R, science, math)
Semi-parametric estimators of truncated regression models

R-tvgeom @1.0.1_1 (R, science, math)
Time-varying (right-truncated) geometric distribution

R-unitquantreg @0.0.6_1 (R, science, math)
Parametric quantile regression models for bounded data

R-UNPaC @1.1.1_1 (R, science, math)
Non-parametric cluster significance testing with reference to a unimodal null distribution

R-VaRES @1.0.2_2 (R, science, math)
Computes value at risk and expected shortfall for over 100 parametric distributions

R-vsp @0.1.1_1 (R, science, math)
Vintage Sparse PCA for semi-parametric factor analysis

R-vstdct @0.2_1 (R, science, math)
Non-parametric estimation of Toeplitz covariance matrices

R-wooldridge @1.4-3_1 (R, science)
115 Data sets from Introductory Econometrics: A Modern Approach (7th ed.)

R-WSGeometry @1.2.1_1 (R, science, math)
Geometric tools based on balanced/unbalanced optimal transport

R-xtranat @0.1.0_2 (R, science, math)
Network metrics based on random walks

radon @6.0.1_1 (devel, python)
Radon is a tool for Python that computes various metrics from the source code.

rb-code_metrics @0.1.3 (ruby, devel)
Extract code statistics from Rails

rb19-metric_fu @1.4.0 (ruby)
Code metrics from Flog, Flay, RCov, Saikuro, Churn, Reek, Roodi, Rails' stats task and Rails Best Practices

rb30-code_metrics @0.1.3 (ruby, devel)
Extract code statistics from Rails

rb31-code_metrics @0.1.3 (ruby, devel)
Extract code statistics from Rails

rb32-code_metrics @0.1.3 (ruby, devel)
Extract code statistics from Rails

rb33-code_metrics @0.1.3 (ruby, devel)
Extract code statistics from Rails

scamp @2.0.4_2 (science)
computes astrometric and photometric solutions from SExtractor catalogs

solid @3.5.7_3 (science, math, devel)
SOLID is a software library for collision detection of geometric objects in 3D space

sympol @0.1.9_1 (math, science)
C++ tool to work with symmetric polyhedra.

sympow @2.023.7 (math)
SYMmetric POWer elliptic curve L-functions

telegraf @1.31.3 (sysutils)
The plugin-driven server agent for collecting & reporting metrics.

Found 221 ports.
