cl-do-urlencode @20181007 (lisp, devel)
Percent Encoding (aka URL Encoding) library

cmdseq @0.2 (sysutils)
cmdseq allows users to execute interleaved sequences of commands.

DepreciateForLedger @1.0 (office)
Depreciation tool for Ledger

gnat-charles @20050913 (devel)
Charles is a container and algorithms library for Ada.

micronaut @4.10.7 (java)
Micronaut is a modern, JVM-based, full-stack framework for building modular, easily testable microservice and serverless applications.

nng @1.9.0 (devel)
Light-weight brokerless messaging

p5-url-encode @0.30.0 (perl)
URL::Encode - Encoding and decoding of application/x-www-form-urlencoded encoding.

p5-www-form-urlencoded @0.260.0 (perl)
WWW::Form::UrlEncoded - parser and builder for application/x-www-form-urlencoded

p5-www-form-urlencoded-xs @0.280.0 (perl)
WWW::Form::UrlEncoded::XS - XS implementation of parser and builder for application/x-www-form-urlencoded

p5.28-url-encode @0.30.0 (perl)
URL::Encode - Encoding and decoding of application/x-www-form-urlencoded encoding.

p5.28-www-form-urlencoded @0.260.0 (perl)
WWW::Form::UrlEncoded - parser and builder for application/x-www-form-urlencoded

p5.28-www-form-urlencoded-xs @0.280.0 (perl)
WWW::Form::UrlEncoded::XS - XS implementation of parser and builder for application/x-www-form-urlencoded

p5.30-url-encode @0.30.0 (perl)
URL::Encode - Encoding and decoding of application/x-www-form-urlencoded encoding.

p5.30-www-form-urlencoded @0.260.0 (perl)
WWW::Form::UrlEncoded - parser and builder for application/x-www-form-urlencoded

p5.30-www-form-urlencoded-xs @0.280.0 (perl)
WWW::Form::UrlEncoded::XS - XS implementation of parser and builder for application/x-www-form-urlencoded

p5.32-url-encode @0.30.0 (perl)
URL::Encode - Encoding and decoding of application/x-www-form-urlencoded encoding.

p5.32-www-form-urlencoded @0.260.0 (perl)
WWW::Form::UrlEncoded - parser and builder for application/x-www-form-urlencoded

p5.32-www-form-urlencoded-xs @0.280.0 (perl)
WWW::Form::UrlEncoded::XS - XS implementation of parser and builder for application/x-www-form-urlencoded

p5.34-url-encode @0.30.0 (perl)
URL::Encode - Encoding and decoding of application/x-www-form-urlencoded encoding.

p5.34-www-form-urlencoded @0.260.0 (perl)
WWW::Form::UrlEncoded - parser and builder for application/x-www-form-urlencoded

p5.34-www-form-urlencoded-xs @0.280.0 (perl)
WWW::Form::UrlEncoded::XS - XS implementation of parser and builder for application/x-www-form-urlencoded

parley @4.14.3_3 (kde, kde4)
Vocabulary Trainer

py-serverlessrepo @0.1.10 (python, devel)
A Python library with convenience helpers for working with the AWS Serverless Application Repository.

py-spark_parser @1.9.0 (python)
An Earley-Algorithm Context-free grammar Parser Toolkit

py-starlette @0.41.2 (python, devel)
The little ASGI library that shines.

py310-serverlessrepo @0.1.10 (python, devel)
A Python library with convenience helpers for working with the AWS Serverless Application Repository.

py310-spark_parser @1.9.0 (python)
An Earley-Algorithm Context-free grammar Parser Toolkit

py310-starlette @0.41.2 (python, devel)
The little ASGI library that shines.

py311-spark_parser @1.9.0 (python)
An Earley-Algorithm Context-free grammar Parser Toolkit

py311-starlette @0.41.2 (python, devel)
The little ASGI library that shines.

py312-spark_parser @1.9.0 (python)
An Earley-Algorithm Context-free grammar Parser Toolkit

py312-starlette @0.41.2 (python, devel)
The little ASGI library that shines.

py313-spark_parser @1.9.0 (python)
An Earley-Algorithm Context-free grammar Parser Toolkit

py313-starlette @0.41.2 (python, devel)
The little ASGI library that shines.

py314-starlette @0.41.2 (python, devel)
The little ASGI library that shines.

R-CUFF @1.9_2 (R, science)
Charles’s Utility Function using Formula

R-mlr3superlearner @0.1.2 (R, science)
Super Learner fitting and prediction

R-rle @0.9.2_2 (R, science, math)
Common functions for run-length encoded vectors

R-rlecuyer @0.3-8_1 (R, science, devel)
R interface to RNG with multiple streams

R-rlemon @0.2.1 (R, science, math)
R Access to LEMON graph algorithms

R-SuperLearner @2.0-29_1 (R, science, math)
Implements the super-learner prediction method and contains a library of prediction algorithms to be used in the super-learner

sword-book-finney @1.1 (textproc)
Sermons on Gospel Themes by Charles G. Finney (1792-1875)

toxcore @0.2.20_1 (net, security, devel)
Tox is a peer to peer (serverless) instant messenger aimed at making security and privacy easy to obtain for regular users. It uses NaCl for its encryption and authentication.

xmlstarlet @1.6.1_4 (textproc)
xml command line utilities

Found 44 ports.
