arabica @2020.04 (devel, textproc)
Arabica, an XML toolkit written in C++

basex @12.2 (databases)
high-performance XML database engine

blahtexml @1.0_1 (tex, textproc)
TeX to MathML converter

bzr-xmloutput @0.8.8_1 (devel, python)
Bazaar plugin to generate XML output for builtin commands

castxml @0.6.13 (lang)
CastXML is a C-family abstract syntax tree XML output tool.

cl-plump @20230825 (lisp, devel)
An XML / XHTML / HTML parser that aims to be as lenient as possible.

cl-s-xml @20080215 (lisp, devel)
S-XML is a simple XML parser implemented in Common Lisp

conglomerate @0.9.1_3 (gnome, textproc)
Conglomerate aims to be an XML editor that everyone can use.

consodoc @1.0.0_2 (textproc)
Consodoc publishing server: XML to beautiful documents

csv2xml @0.6 (textproc)
A simple csv to xml converter.

dasel @3.2.0 (textproc)
Query and update JSON, TOML, YAML and XML from the command line.

dmarc-report-converter @0.6.5 (mail)
Convert dmarc reports from xml to human-readable formats.

docbook-xml @5.0_3 (textproc)
Install all the versioned docbook-xml-* ports.

docbook-xml-4.1.2 @5.0_1 (textproc)
Version 4.1.2 of the DocBook XML DTDs

docbook-xml-4.2 @5.0_1 (textproc)
Version 4.2 of the DocBook XML DTDs

docbook-xml-4.3 @5.0_1 (textproc)
Version 4.3 of the DocBook XML DTDs

docbook-xml-4.4 @5.0_1 (textproc)
Version 4.4 of the DocBook XML DTDs

docbook-xml-4.5 @5.0_1 (textproc)
Version 4.5 of the DocBook XML DTDs

docbook-xml-5.0 @5.0_1 (textproc)
Version 5.0 of the DocBook XML DTDs

dom4j @1.6.1_1 (java)
XML, XPATH, and XSLT support for Java.

erlsom @1.5.1 (erlang, textproc)
An Erlang libary for XML parsing.

expat @2.7.3 (textproc, devel)
XML 1.0 parser written in C

fontconfig @2.15.0 (graphics)
An XML-based font configuration API for X Windows

fortran-xml @2021.03.04 (fortran, devel)
Fortran XML library

gawk-xml @1.1.2 (lang, textproc)
xml extension for gawk

gccxml-devel @20170109 (lang)
generates XML description of C++ code

gnat-xmlada @3.1_1 (devel)
XML/Ada: a full XML suite

graphtage @0.3.1_1 (textproc, python)
A semantic diff utility and library for tree-like files such as JSON, JSON5, XML, HTML, YAML, and CSV.

gsoap @2.8.131 (devel)
offers an XML to C/C++ language binding to ease the development of SOAP/XML Web services in C and C/C++

HaXml @1.25.13 (devel)
XML utilities for haskell

html-xml-utils @8.6 (textproc)
A number of simple utilties for manipulating HTML and XML files.

iksemel @1.4_4 (textproc)
XML parser library for Jabber applications

itstool @2.0.7_4 (textproc)
ITS Tool allows you to translate your XML documents with PO files, using rules from the W3C Internationalization Tag Set.

jdom @1.1.1 (java, devel, textproc)
JDOM is a Java API for manipulating XML the Java way.

KissXML @5.3.3 (devel)
KissXML provides a drop-in replacement for Apple's NSXML class cluster in environments without NSXML (e.g. iOS).

LaTeXML @0.8.8 (tex)
LaTeXML converts TeX to XML/HTML/MathML

libebml @1.4.5 (textproc)
EBML (Extensible Binary Meta Language), sort of binary version of XML.

liblouisxml @2.1.0 (textproc)
Braille transcription services for xml documents

libmetalink @0.1.3 (net, devel)
libmetalink is a library for reading Metalink XML download description files.

libnxml @0.18.3 (textproc, devel)
C library for parsing, writing, and creating XML files

libplist @2.7.0 (textproc, devel)
Library for working with Apple Binary and XML Property Lists

libplist-devel @20250926 (textproc, devel)
Library for working with Apple Binary and XML Property Lists

libxml @1.8.17_1 (textproc)
XML parsing library

libxml2 @2.13.9 (textproc)
GNOME XML C parser and toolkit

libxmlb @0.3.24 (devel)
Library to help create and query binary XML blobs

libxmldiff @0.2.9 (textproc)
libxmldiff aims at providing efficient diff on XML files

libxmlxx2 @2.42.3 (textproc)
libxml++ is a C++ interface for working with XML files

libxmlxx3 @3.2.5 (textproc)
libxml++ is a C++ interface for working with XML files

libxmlxx5 @5.4.0_1 (textproc)
libxml++ is a C++ interface for working with XML files

libxo @1.7.5 (devel)
A Library for Generating Text, XML, JSON, and HTML Output

lua-luaexpat @1.5.1 (lua, devel)
XML Expat parsing

lua51-luaexpat @1.5.1 (lua, devel)
XML Expat parsing

lua52-luaexpat @1.5.1 (lua, devel)
XML Expat parsing

lua53-luaexpat @1.5.1 (lua, devel)
XML Expat parsing

lua54-luaexpat @1.5.1 (lua, devel)
XML Expat parsing

mariadb-lib_mysqludf_xql @1.0.0 (databases, lang)
The lib_mysqludf_xql library provides an array of functions, which can be used to create XML output directly from MySQL using a single SQL query.

metaio @8.5.1 (science)
LIGO Light-Weight XML Library

msv @20081113_1 (java)
Sun Multi-Schema XML Validator (MSV) validates XML files

mxml @4.0.4 (devel, textproc)
a tiny library for reading and writing XML data

mysql5-lib_mysqludf_xql @1.0.0 (databases, lang)
The lib_mysqludf_xql library provides an array of functions, which can be used to create XML output directly from MySQL using a single SQL query.

mysql51-lib_mysqludf_xql @1.0.0 (databases, lang)
The lib_mysqludf_xql library provides an array of functions, which can be used to create XML output directly from MySQL using a single SQL query.

mysql55-lib_mysqludf_xql @1.0.0 (databases, lang)
The lib_mysqludf_xql library provides an array of functions, which can be used to create XML output directly from MySQL using a single SQL query.

nxml-mode @20041004 (editors, lang)
An Emacs mode for editing XML files

ocaml-markup @1.0.3 (ocaml, devel)
Error-recovering functional HTML5 and XML parsers and writers

ocaml-xmlm @1.4.0 (ocaml, devel, textproc)
streaming XML input/output module for OCaml

ocaml-xtmpl @0.6_2 (textproc, devel, ocaml)
Xtmpl is a small XML templating library for OCaml

octave-fileio @1.2.2_1 (octave, math, science)
I/O function for files holding structured data, such as JSON and XML files.

opensp @1.5.2_2 (textproc)
Collection of SGML/XML tools

p5-alien-libxml2 @0.200.0 (perl)
Alien::Libxml2 - Find/install the C libxml2 library on your system

p5-autodia @2.140.0_2 (perl, graphics)
Create XML diagrams

p5-html-encoding @0.610.0_2 (perl)
Determine the encoding of HTML/XML/XHTML documents

p5-html-tiny @1.80.0 (perl)
Lightweight, dependency free HTML/XML generation

p5-libxml-perl @0.80.0_4 (perl)
Collection of Perl modules for working with XML.

p5-mojo-dom58 @3.2.0 (perl)
Mojo::DOM58 - Minimalistic HTML/XML DOM parser with CSS selectors

p5-rpc-xml @0.820.0 (perl, textproc)
A set of classes for core data, message and XML handling.

p5-sgmlspm @1.100.0_1 (perl)
Convert SGML, HTML, or XML documents into new formats.

p5-test-xml @0.80.0 (perl)
Test::XML - Compare XML in perl tests

p5-text-vimcolor @0.290.0 (perl)
syntax color text in HTML or XML using Vim.

p5-xml-atom @0.430.0 (perl, textproc)
Perl5 modules for Atom feed and API implementation.

p5-xml-autowriter @0.400.0_3 (perl)
This is a Perl extension for DOCTYPE driven valid XML output.

p5-xml-bare @0.530.0 (perl)
XML::Bare - Minimal XML parser implemented via a C state engine

p5-xml-checker @0.130.0 (perl)
XML::Checker - A perl module for validating XML

p5-xml-commonns @0.60.0 (perl)
XML::CommonNS - A list of commonly used namespaces

p5-xml-dom @1.460.0 (perl)
A perl module for building DOM Level 1 compliant document structures

p5-xml-dom-xpath @0.140.0_3 (perl)
Adds XPath support to XML::DOM, using XML::XPath engine

p5-xml-doubleencodedentities @1.100.0 (perl)
XML::DoubleEncodedEntities - unbreak XML with doubly-encoded entities

p5-xml-entities @1.0.200 (perl)
Decode strings with XML entities

p5-xml-feed @1.0.0 (perl)
XML::Feed - Syndication feed parser and auto-discovery

p5-xml-filter-buffertext @1.10.0_4 (perl, textproc)
Simple text filter

p5-xml-libxml @2.21.0_1 (perl, textproc)
Perl interface to libxml2

p5-xml-libxml-simple @1.10.0 (perl)
XML::LibXML clone of XML::Simple

p5-xml-libxslt @2.3.0_3 (perl, textproc)
Perl interface to libxslt.

p5-xml-namespace @0.20.0 (perl)
XML::Namespace - Simple support for XML Namespaces

p5-xml-namespacefactory @1.20.0 (perl)
XML::NamespaceFactory - Simple factory objects for SAX namespaced names

p5-xml-namespacesupport @1.120.0 (perl)
Simple generic namespace support class

p5-xml-parser @2.470.0 (perl, textproc)
This is a Perl extension interface to expat.

p5-xml-parser-easytree @0.10.0_4 (perl)
Easier tree style for xml-parser

p5-xml-parser-lite @0.722.0 (perl)
XML::Parser::Lite - Lightweight regexp-based XML parser

p5-xml-parser-lite-tree @0.140.0_1 (perl, textproc)
Lightweight XML tree builder

p5-xml-regexp @0.40.0_1 (perl)
Regular expressions for XML tokens

p5-xml-rss @1.650.0 (perl, textproc)
XML::RSS - creates and updates RSS files

p5-xml-rss-libxml @0.310.500 (perl)
XML::RSS::LibXML - XML::RSS with XML::LibXML

p5-xml-sax @1.20.0 (perl, textproc)
Perl extension for SAX XML parsers.

p5-xml-sax-base @1.90.0 (perl)
Base class SAX Drivers and Filters

p5-xml-sax-expat @0.510.0_1 (perl)
SAX2 Driver for Expat (XML::Parser)

p5-xml-sax-writer @0.570.0 (perl, textproc)
SAX2 XML Writer

p5-xml-semanticdiff @1.0.700 (perl)
XML::SemanticDiff - Perl extension for comparing XML documents.

p5-xml-simple @2.250.0 (perl)
Easy API to read/write XML (esp config files)

p5-xml-tiny @2.70.0 (perl)
XML::Tiny is a simple lightweight parser for a subset of XML

p5-xml-treebuilder @5.400.0 (perl)
Parser that builds a tree of XML::Element objects

p5-xml-treepp @0.430.0 (perl)
Pure Perl implementation for parsing/writing XML documents

p5-xml-twig @3.540.0 (perl)
XML::Twig - A perl module for processing huge XML documents in tree mode.

p5-xml-validator-schema @1.100.0_1 (perl, textproc)
validate XML against a subset of W3C XML Schema

p5-xml-writer @0.900.0 (perl)
Perl extension for writing XML documents.

p5-xml-writer-string @0.100.0_2 (perl)
Module to capture output from XML::Writer

p5-xml-xml2json @0.60.0 (perl)
XML::XML2JSON - Convert XML into JSON (and back again) using XML::LibXML

p5-xml-xpath @1.480.0 (perl, textproc)
set of modules for parsing and evaluating XPath statements

p5-xml-xpathengine @0.140.0 (perl)
a re-usable XPath engine for DOM-like trees

p5-xmlrpc-lite @0.717.0 (perl)
XMLRPC::Lite - client and server implementation of XML-RPC protocol

p5.28-alien-libxml2 @0.200.0 (perl)
Alien::Libxml2 - Find/install the C libxml2 library on your system

p5.28-autodia @2.140.0_2 (perl, graphics)
Create XML diagrams

p5.28-html-encoding @0.610.0_2 (perl)
Determine the encoding of HTML/XML/XHTML documents

p5.28-html-tiny @1.80.0 (perl)
Lightweight, dependency free HTML/XML generation

p5.28-libxml-perl @0.80.0_4 (perl)
Collection of Perl modules for working with XML.

p5.28-mojo-dom58 @3.2.0 (perl)
Mojo::DOM58 - Minimalistic HTML/XML DOM parser with CSS selectors

p5.28-rpc-xml @0.820.0 (perl, textproc)
A set of classes for core data, message and XML handling.

p5.28-sgmlspm @1.100.0_1 (perl)
Convert SGML, HTML, or XML documents into new formats.

p5.28-test-xml @0.80.0 (perl)
Test::XML - Compare XML in perl tests

p5.28-text-vimcolor @0.290.0 (perl)
syntax color text in HTML or XML using Vim.

p5.28-xml-atom @0.430.0 (perl, textproc)
Perl5 modules for Atom feed and API implementation.

p5.28-xml-autowriter @0.400.0_3 (perl)
This is a Perl extension for DOCTYPE driven valid XML output.

p5.28-xml-bare @0.530.0 (perl)
XML::Bare - Minimal XML parser implemented via a C state engine

p5.28-xml-checker @0.130.0 (perl)
XML::Checker - A perl module for validating XML

p5.28-xml-commonns @0.60.0 (perl)
XML::CommonNS - A list of commonly used namespaces

p5.28-xml-dom @1.460.0 (perl)
A perl module for building DOM Level 1 compliant document structures

p5.28-xml-dom-xpath @0.140.0_3 (perl)
Adds XPath support to XML::DOM, using XML::XPath engine

p5.28-xml-doubleencodedentities @1.100.0 (perl)
XML::DoubleEncodedEntities - unbreak XML with doubly-encoded entities

p5.28-xml-entities @1.0.200 (perl)
Decode strings with XML entities

p5.28-xml-feed @1.0.0 (perl)
XML::Feed - Syndication feed parser and auto-discovery

p5.28-xml-filter-buffertext @1.10.0_4 (perl, textproc)
Simple text filter

p5.28-xml-libxml @2.21.0_1 (perl, textproc)
Perl interface to libxml2

p5.28-xml-libxml-simple @1.10.0 (perl)
XML::LibXML clone of XML::Simple

p5.28-xml-libxslt @2.3.0_3 (perl, textproc)
Perl interface to libxslt.

p5.28-xml-namespace @0.20.0 (perl)
XML::Namespace - Simple support for XML Namespaces

p5.28-xml-namespacefactory @1.20.0 (perl)
XML::NamespaceFactory - Simple factory objects for SAX namespaced names

p5.28-xml-namespacesupport @1.120.0 (perl)
Simple generic namespace support class

p5.28-xml-parser @2.470.0 (perl, textproc)
This is a Perl extension interface to expat.

p5.28-xml-parser-easytree @0.10.0_4 (perl)
Easier tree style for xml-parser

p5.28-xml-parser-lite @0.722.0 (perl)
XML::Parser::Lite - Lightweight regexp-based XML parser

p5.28-xml-parser-lite-tree @0.140.0_1 (perl, textproc)
Lightweight XML tree builder

p5.28-xml-regexp @0.40.0_1 (perl)
Regular expressions for XML tokens

p5.28-xml-rss @1.650.0 (perl, textproc)
XML::RSS - creates and updates RSS files

p5.28-xml-rss-libxml @0.310.500 (perl)
XML::RSS::LibXML - XML::RSS with XML::LibXML

p5.28-xml-sax @1.20.0 (perl, textproc)
Perl extension for SAX XML parsers.

p5.28-xml-sax-base @1.90.0 (perl)
Base class SAX Drivers and Filters

p5.28-xml-sax-expat @0.510.0_1 (perl)
SAX2 Driver for Expat (XML::Parser)

p5.28-xml-sax-writer @0.570.0 (perl, textproc)
SAX2 XML Writer

p5.28-xml-semanticdiff @1.0.700 (perl)
XML::SemanticDiff - Perl extension for comparing XML documents.

p5.28-xml-simple @2.250.0 (perl)
Easy API to read/write XML (esp config files)

p5.28-xml-tiny @2.70.0 (perl)
XML::Tiny is a simple lightweight parser for a subset of XML

p5.28-xml-treebuilder @5.400.0 (perl)
Parser that builds a tree of XML::Element objects

p5.28-xml-treepp @0.430.0 (perl)
Pure Perl implementation for parsing/writing XML documents

p5.28-xml-twig @3.540.0 (perl)
XML::Twig - A perl module for processing huge XML documents in tree mode.

p5.28-xml-validator-schema @1.100.0_1 (perl, textproc)
validate XML against a subset of W3C XML Schema

p5.28-xml-writer @0.900.0 (perl)
Perl extension for writing XML documents.

p5.28-xml-writer-string @0.100.0_2 (perl)
Module to capture output from XML::Writer

p5.28-xml-xml2json @0.60.0 (perl)
XML::XML2JSON - Convert XML into JSON (and back again) using XML::LibXML

p5.28-xml-xpath @1.480.0 (perl, textproc)
set of modules for parsing and evaluating XPath statements

p5.28-xml-xpathengine @0.140.0 (perl)
a re-usable XPath engine for DOM-like trees

p5.28-xmlrpc-lite @0.717.0 (perl)
XMLRPC::Lite - client and server implementation of XML-RPC protocol

p5.30-alien-libxml2 @0.200.0 (perl)
Alien::Libxml2 - Find/install the C libxml2 library on your system

p5.30-autodia @2.140.0_2 (perl, graphics)
Create XML diagrams

p5.30-html-encoding @0.610.0_2 (perl)
Determine the encoding of HTML/XML/XHTML documents

p5.30-html-tiny @1.80.0 (perl)
Lightweight, dependency free HTML/XML generation

p5.30-libxml-perl @0.80.0_4 (perl)
Collection of Perl modules for working with XML.

p5.30-mojo-dom58 @3.2.0 (perl)
Mojo::DOM58 - Minimalistic HTML/XML DOM parser with CSS selectors

p5.30-rpc-xml @0.820.0 (perl, textproc)
A set of classes for core data, message and XML handling.

p5.30-sgmlspm @1.100.0_1 (perl)
Convert SGML, HTML, or XML documents into new formats.

p5.30-test-xml @0.80.0 (perl)
Test::XML - Compare XML in perl tests

p5.30-text-vimcolor @0.290.0 (perl)
syntax color text in HTML or XML using Vim.

p5.30-xml-atom @0.430.0 (perl, textproc)
Perl5 modules for Atom feed and API implementation.

p5.30-xml-autowriter @0.400.0_3 (perl)
This is a Perl extension for DOCTYPE driven valid XML output.

p5.30-xml-bare @0.530.0 (perl)
XML::Bare - Minimal XML parser implemented via a C state engine

p5.30-xml-checker @0.130.0 (perl)
XML::Checker - A perl module for validating XML

p5.30-xml-commonns @0.60.0 (perl)
XML::CommonNS - A list of commonly used namespaces

p5.30-xml-dom @1.460.0 (perl)
A perl module for building DOM Level 1 compliant document structures

p5.30-xml-dom-xpath @0.140.0_3 (perl)
Adds XPath support to XML::DOM, using XML::XPath engine

p5.30-xml-doubleencodedentities @1.100.0 (perl)
XML::DoubleEncodedEntities - unbreak XML with doubly-encoded entities

p5.30-xml-entities @1.0.200 (perl)
Decode strings with XML entities

p5.30-xml-feed @1.0.0 (perl)
XML::Feed - Syndication feed parser and auto-discovery

p5.30-xml-filter-buffertext @1.10.0_4 (perl, textproc)
Simple text filter

p5.30-xml-libxml @2.21.0_1 (perl, textproc)
Perl interface to libxml2

p5.30-xml-libxml-simple @1.10.0 (perl)
XML::LibXML clone of XML::Simple

p5.30-xml-libxslt @2.3.0_3 (perl, textproc)
Perl interface to libxslt.

p5.30-xml-namespace @0.20.0 (perl)
XML::Namespace - Simple support for XML Namespaces

p5.30-xml-namespacefactory @1.20.0 (perl)
XML::NamespaceFactory - Simple factory objects for SAX namespaced names

p5.30-xml-namespacesupport @1.120.0 (perl)
Simple generic namespace support class

p5.30-xml-parser @2.470.0 (perl, textproc)
This is a Perl extension interface to expat.

p5.30-xml-parser-easytree @0.10.0_4 (perl)
Easier tree style for xml-parser

p5.30-xml-parser-lite @0.722.0 (perl)
XML::Parser::Lite - Lightweight regexp-based XML parser

p5.30-xml-parser-lite-tree @0.140.0_1 (perl, textproc)
Lightweight XML tree builder

p5.30-xml-regexp @0.40.0_1 (perl)
Regular expressions for XML tokens

p5.30-xml-rss @1.650.0 (perl, textproc)
XML::RSS - creates and updates RSS files

p5.30-xml-rss-libxml @0.310.500 (perl)
XML::RSS::LibXML - XML::RSS with XML::LibXML

p5.30-xml-sax @1.20.0 (perl, textproc)
Perl extension for SAX XML parsers.

p5.30-xml-sax-base @1.90.0 (perl)
Base class SAX Drivers and Filters

p5.30-xml-sax-expat @0.510.0_1 (perl)
SAX2 Driver for Expat (XML::Parser)

p5.30-xml-sax-writer @0.570.0 (perl, textproc)
SAX2 XML Writer

p5.30-xml-semanticdiff @1.0.700 (perl)
XML::SemanticDiff - Perl extension for comparing XML documents.

p5.30-xml-simple @2.250.0 (perl)
Easy API to read/write XML (esp config files)

p5.30-xml-tiny @2.70.0 (perl)
XML::Tiny is a simple lightweight parser for a subset of XML

p5.30-xml-treebuilder @5.400.0 (perl)
Parser that builds a tree of XML::Element objects

p5.30-xml-treepp @0.430.0 (perl)
Pure Perl implementation for parsing/writing XML documents

p5.30-xml-twig @3.540.0 (perl)
XML::Twig - A perl module for processing huge XML documents in tree mode.

p5.30-xml-validator-schema @1.100.0_1 (perl, textproc)
validate XML against a subset of W3C XML Schema

p5.30-xml-writer @0.900.0 (perl)
Perl extension for writing XML documents.

p5.30-xml-writer-string @0.100.0_2 (perl)
Module to capture output from XML::Writer

p5.30-xml-xml2json @0.60.0 (perl)
XML::XML2JSON - Convert XML into JSON (and back again) using XML::LibXML

p5.30-xml-xpath @1.480.0 (perl, textproc)
set of modules for parsing and evaluating XPath statements

p5.30-xml-xpathengine @0.140.0 (perl)
a re-usable XPath engine for DOM-like trees

p5.30-xmlrpc-lite @0.717.0 (perl)
XMLRPC::Lite - client and server implementation of XML-RPC protocol

p5.32-alien-libxml2 @0.200.0 (perl)
Alien::Libxml2 - Find/install the C libxml2 library on your system

p5.32-autodia @2.140.0_2 (perl, graphics)
Create XML diagrams

p5.32-html-encoding @0.610.0_2 (perl)
Determine the encoding of HTML/XML/XHTML documents

p5.32-html-tiny @1.80.0 (perl)
Lightweight, dependency free HTML/XML generation

p5.32-libxml-perl @0.80.0_4 (perl)
Collection of Perl modules for working with XML.

p5.32-mojo-dom58 @3.2.0 (perl)
Mojo::DOM58 - Minimalistic HTML/XML DOM parser with CSS selectors

p5.32-rpc-xml @0.820.0 (perl, textproc)
A set of classes for core data, message and XML handling.

p5.32-sgmlspm @1.100.0_1 (perl)
Convert SGML, HTML, or XML documents into new formats.

p5.32-test-xml @0.80.0 (perl)
Test::XML - Compare XML in perl tests

p5.32-text-vimcolor @0.290.0 (perl)
syntax color text in HTML or XML using Vim.

p5.32-xml-atom @0.430.0 (perl, textproc)
Perl5 modules for Atom feed and API implementation.

p5.32-xml-autowriter @0.400.0_3 (perl)
This is a Perl extension for DOCTYPE driven valid XML output.

p5.32-xml-bare @0.530.0 (perl)
XML::Bare - Minimal XML parser implemented via a C state engine

p5.32-xml-checker @0.130.0 (perl)
XML::Checker - A perl module for validating XML

p5.32-xml-commonns @0.60.0 (perl)
XML::CommonNS - A list of commonly used namespaces

p5.32-xml-dom @1.460.0 (perl)
A perl module for building DOM Level 1 compliant document structures

p5.32-xml-dom-xpath @0.140.0_3 (perl)
Adds XPath support to XML::DOM, using XML::XPath engine

p5.32-xml-doubleencodedentities @1.100.0 (perl)
XML::DoubleEncodedEntities - unbreak XML with doubly-encoded entities

p5.32-xml-entities @1.0.200 (perl)
Decode strings with XML entities

p5.32-xml-feed @1.0.0 (perl)
XML::Feed - Syndication feed parser and auto-discovery

p5.32-xml-filter-buffertext @1.10.0_4 (perl, textproc)
Simple text filter

p5.32-xml-libxml @2.21.0_1 (perl, textproc)
Perl interface to libxml2

p5.32-xml-libxml-simple @1.10.0 (perl)
XML::LibXML clone of XML::Simple

p5.32-xml-libxslt @2.3.0_3 (perl, textproc)
Perl interface to libxslt.

p5.32-xml-namespace @0.20.0 (perl)
XML::Namespace - Simple support for XML Namespaces

p5.32-xml-namespacefactory @1.20.0 (perl)
XML::NamespaceFactory - Simple factory objects for SAX namespaced names

p5.32-xml-namespacesupport @1.120.0 (perl)
Simple generic namespace support class

p5.32-xml-parser @2.470.0 (perl, textproc)
This is a Perl extension interface to expat.

p5.32-xml-parser-easytree @0.10.0_4 (perl)
Easier tree style for xml-parser

p5.32-xml-parser-lite @0.722.0 (perl)
XML::Parser::Lite - Lightweight regexp-based XML parser

p5.32-xml-parser-lite-tree @0.140.0_1 (perl, textproc)
Lightweight XML tree builder

p5.32-xml-regexp @0.40.0_1 (perl)
Regular expressions for XML tokens

p5.32-xml-rss @1.650.0 (perl, textproc)
XML::RSS - creates and updates RSS files

p5.32-xml-rss-libxml @0.310.500 (perl)
XML::RSS::LibXML - XML::RSS with XML::LibXML

p5.32-xml-sax @1.20.0 (perl, textproc)
Perl extension for SAX XML parsers.

p5.32-xml-sax-base @1.90.0 (perl)
Base class SAX Drivers and Filters

p5.32-xml-sax-expat @0.510.0_1 (perl)
SAX2 Driver for Expat (XML::Parser)

p5.32-xml-sax-writer @0.570.0 (perl, textproc)
SAX2 XML Writer

p5.32-xml-semanticdiff @1.0.700 (perl)
XML::SemanticDiff - Perl extension for comparing XML documents.

p5.32-xml-simple @2.250.0 (perl)
Easy API to read/write XML (esp config files)

p5.32-xml-tiny @2.70.0 (perl)
XML::Tiny is a simple lightweight parser for a subset of XML

p5.32-xml-treebuilder @5.400.0 (perl)
Parser that builds a tree of XML::Element objects

p5.32-xml-treepp @0.430.0 (perl)
Pure Perl implementation for parsing/writing XML documents

p5.32-xml-twig @3.540.0 (perl)
XML::Twig - A perl module for processing huge XML documents in tree mode.

p5.32-xml-validator-schema @1.100.0_1 (perl, textproc)
validate XML against a subset of W3C XML Schema

p5.32-xml-writer @0.900.0 (perl)
Perl extension for writing XML documents.

p5.32-xml-writer-string @0.100.0_2 (perl)
Module to capture output from XML::Writer

p5.32-xml-xml2json @0.60.0 (perl)
XML::XML2JSON - Convert XML into JSON (and back again) using XML::LibXML

p5.32-xml-xpath @1.480.0 (perl, textproc)
set of modules for parsing and evaluating XPath statements

p5.32-xml-xpathengine @0.140.0 (perl)
a re-usable XPath engine for DOM-like trees

p5.32-xmlrpc-lite @0.717.0 (perl)
XMLRPC::Lite - client and server implementation of XML-RPC protocol

p5.34-alien-libxml2 @0.200.0 (perl)
Alien::Libxml2 - Find/install the C libxml2 library on your system

p5.34-autodia @2.140.0_2 (perl, graphics)
Create XML diagrams

p5.34-html-encoding @0.610.0_2 (perl)
Determine the encoding of HTML/XML/XHTML documents

p5.34-html-tiny @1.80.0 (perl)
Lightweight, dependency free HTML/XML generation

p5.34-libxml-perl @0.80.0_4 (perl)
Collection of Perl modules for working with XML.

p5.34-mojo-dom58 @3.2.0 (perl)
Mojo::DOM58 - Minimalistic HTML/XML DOM parser with CSS selectors

p5.34-rpc-xml @0.820.0 (perl, textproc)
A set of classes for core data, message and XML handling.

p5.34-sgmlspm @1.100.0_1 (perl)
Convert SGML, HTML, or XML documents into new formats.

p5.34-test-xml @0.80.0 (perl)
Test::XML - Compare XML in perl tests

p5.34-text-vimcolor @0.290.0 (perl)
syntax color text in HTML or XML using Vim.

p5.34-xml-atom @0.430.0 (perl, textproc)
Perl5 modules for Atom feed and API implementation.

p5.34-xml-autowriter @0.400.0_3 (perl)
This is a Perl extension for DOCTYPE driven valid XML output.

p5.34-xml-bare @0.530.0 (perl)
XML::Bare - Minimal XML parser implemented via a C state engine

p5.34-xml-checker @0.130.0 (perl)
XML::Checker - A perl module for validating XML

p5.34-xml-commonns @0.60.0 (perl)
XML::CommonNS - A list of commonly used namespaces

p5.34-xml-dom @1.460.0 (perl)
A perl module for building DOM Level 1 compliant document structures

p5.34-xml-dom-xpath @0.140.0_3 (perl)
Adds XPath support to XML::DOM, using XML::XPath engine

p5.34-xml-doubleencodedentities @1.100.0 (perl)
XML::DoubleEncodedEntities - unbreak XML with doubly-encoded entities

p5.34-xml-entities @1.0.200 (perl)
Decode strings with XML entities

p5.34-xml-feed @1.0.0 (perl)
XML::Feed - Syndication feed parser and auto-discovery

p5.34-xml-filter-buffertext @1.10.0_4 (perl, textproc)
Simple text filter

p5.34-xml-libxml @2.21.0_1 (perl, textproc)
Perl interface to libxml2

p5.34-xml-libxml-simple @1.10.0 (perl)
XML::LibXML clone of XML::Simple

p5.34-xml-libxslt @2.3.0_3 (perl, textproc)
Perl interface to libxslt.

p5.34-xml-namespace @0.20.0 (perl)
XML::Namespace - Simple support for XML Namespaces

p5.34-xml-namespacefactory @1.20.0 (perl)
XML::NamespaceFactory - Simple factory objects for SAX namespaced names

p5.34-xml-namespacesupport @1.120.0 (perl)
Simple generic namespace support class

p5.34-xml-parser @2.470.0 (perl, textproc)
This is a Perl extension interface to expat.

p5.34-xml-parser-easytree @0.10.0_4 (perl)
Easier tree style for xml-parser

p5.34-xml-parser-lite @0.722.0 (perl)
XML::Parser::Lite - Lightweight regexp-based XML parser

p5.34-xml-parser-lite-tree @0.140.0_1 (perl, textproc)
Lightweight XML tree builder

p5.34-xml-regexp @0.40.0_1 (perl)
Regular expressions for XML tokens

p5.34-xml-rss @1.650.0 (perl, textproc)
XML::RSS - creates and updates RSS files

p5.34-xml-rss-libxml @0.310.500 (perl)
XML::RSS::LibXML - XML::RSS with XML::LibXML

p5.34-xml-sax @1.20.0 (perl, textproc)
Perl extension for SAX XML parsers.

p5.34-xml-sax-base @1.90.0 (perl)
Base class SAX Drivers and Filters

p5.34-xml-sax-expat @0.510.0_1 (perl)
SAX2 Driver for Expat (XML::Parser)

p5.34-xml-sax-writer @0.570.0 (perl, textproc)
SAX2 XML Writer

p5.34-xml-semanticdiff @1.0.700 (perl)
XML::SemanticDiff - Perl extension for comparing XML documents.

p5.34-xml-simple @2.250.0 (perl)
Easy API to read/write XML (esp config files)

p5.34-xml-tiny @2.70.0 (perl)
XML::Tiny is a simple lightweight parser for a subset of XML

p5.34-xml-treebuilder @5.400.0 (perl)
Parser that builds a tree of XML::Element objects

p5.34-xml-treepp @0.430.0 (perl)
Pure Perl implementation for parsing/writing XML documents

p5.34-xml-twig @3.540.0 (perl)
XML::Twig - A perl module for processing huge XML documents in tree mode.

p5.34-xml-validator-schema @1.100.0_1 (perl, textproc)
validate XML against a subset of W3C XML Schema

p5.34-xml-writer @0.900.0 (perl)
Perl extension for writing XML documents.

p5.34-xml-writer-string @0.100.0_2 (perl)
Module to capture output from XML::Writer

p5.34-xml-xml2json @0.60.0 (perl)
XML::XML2JSON - Convert XML into JSON (and back again) using XML::LibXML

p5.34-xml-xpath @1.480.0 (perl, textproc)
set of modules for parsing and evaluating XPath statements

p5.34-xml-xpathengine @0.140.0 (perl)
a re-usable XPath engine for DOM-like trees

p5.34-xmlrpc-lite @0.717.0 (perl)
XMLRPC::Lite - client and server implementation of XML-RPC protocol

php-xmlrpc @1.0.0RC3 (php, textproc)
a PHP extension for writing XML-RPC clients and servers

php52-xmlrpc @5.2.17 (php, textproc)
a PHP extension for writing XML-RPC clients and servers

php53-xmlrpc @5.3.29 (php, textproc)
a PHP extension for writing XML-RPC clients and servers

php54-xmlrpc @5.4.45 (php, textproc)
a PHP extension for writing XML-RPC clients and servers

php55-xmlrpc @5.5.38 (php, textproc)
a PHP extension for writing XML-RPC clients and servers

php56-xmlrpc @5.6.40 (php, textproc)
a PHP extension for writing XML-RPC clients and servers

php70-xmlrpc @7.0.33 (php, textproc)
a PHP extension for writing XML-RPC clients and servers

php71-xmlrpc @7.1.33 (php, textproc)
a PHP extension for writing XML-RPC clients and servers

php72-xmlrpc @7.2.34 (php, textproc)
a PHP extension for writing XML-RPC clients and servers

php73-xmlrpc @7.3.33 (php, textproc)
a PHP extension for writing XML-RPC clients and servers

php74-xmlrpc @7.4.33 (php, textproc)
a PHP extension for writing XML-RPC clients and servers

php80-xmlrpc @1.0.0RC3 (php, textproc)
a PHP extension for writing XML-RPC clients and servers

php81-xmlrpc @1.0.0RC3 (php, textproc)
a PHP extension for writing XML-RPC clients and servers

php82-xmlrpc @1.0.0RC3 (php, textproc)
a PHP extension for writing XML-RPC clients and servers

php83-xmlrpc @1.0.0RC3 (php, textproc)
a PHP extension for writing XML-RPC clients and servers

poxml @4.14.3_3 (kde, kde4)
KDE developer utility

psgml @1.3.1 (editors, textproc)
XML/SGML editing mode for emacs

pugixml @1.15 (textproc)
C++ Library for XML processing

pure-xml @0.7 (pure, textproc)
an interface to libxml2 and libxslt for Pure

pxsl-tools @1.0.1_5 (textproc, xml)
A convenient shorthand for writing markup-heavy XML documents.

py-beautifulsoup @3.2.2 (python, textproc)
Python HTML/XML parser

py-beautifulsoup4 @4.14.3 (python, textproc)
Python HTML/XML parser

py-canmatrix @1.0 (python, devel)
Converting Can (Controller Area Network) Database Formats .arxml .dbc .dbf .kcd

py-defusedxml @0.7.1 (python, textproc)
Workarounds and fixes for DoS and other vulnerabilities in Python’s XML libraries.

py-et_xmlfile @2.0.0 (python, devel, textproc)
An implementation of lxml.xmlfile for the standard library

py-fonttools @4.61.1 (python, print)
XML<->TrueType/OpenType Converter

py-gcn @1.1.3 (python, science)
anonymous VOEvent client for receiving GCN/TAN notices in XML format

py-junit-xml @1.9 (python)
Creates JUnit XML test result documents that can be read by tools such as Jenkins

py-libxml2 @2.13.9 (python, textproc)
Python bindings for libxml2

py-ligo-lw @1.6.0_1 (python, science)
Python LIGO Light-Weight XML I/O Library

py-lxml @6.0.2 (python, devel)
Powerful and Pythonic XML processing library

py-lxml_html_clean @0.4.3_2 (python)
HTML cleaner is blocklist-based.

py-markupsafe @3.0.3 (python, textproc)
Implements a XML/HTML/XHTML Markup safe string for Python

py-parsel @1.10.0 (python)
Extract data from HTML and XML using XPath and CSS selectors

py-plistservices @2_1 (python, textproc)
reads and writes CoreFoundation XML Property List

py-pygccxml @3.0.2 (python, devel)
pygccxml is a specialized XML reader that reads the output from CastXML.

py-pyrxp @2.2.0 (python, devel)
Fast validating XML parser for python

py-readability-lxml @0.8.1 (python, textproc)
fast html to text parser (article readability tool)

py-sgmlop @1.1.1-20040207_1 (python, textproc)
Optimized SGML/XML parser

py-simpletal @4.1 (python)
A standalone Python HTML & XML template library

py-unittest-xml-reporting @3.2.0 (python, devel)
Unittest based test runner with Ant/JUnit like XML reporting.

py-xmldiff @2.6.3 (python, textproc)
A library and command line utility for diffing xml

py-xmlsec @1.3.17 (python, security, textproc)
A set of Python bindings for the XML Security Library.

py-xmltodict @1.0.2 (python, devel)
Makes working with XML feel like you are working with JSON

py27-beautifulsoup @3.2.2 (python, textproc)
Python HTML/XML parser

py27-libxml2 @2.13.9 (python, textproc)
Python bindings for libxml2

py27-ligo-lw @1.6.0_1 (python, science)
Python LIGO Light-Weight XML I/O Library

py27-lxml @5.0.2 (python, devel)
Powerful and Pythonic XML processing library

py27-markupsafe @1.1.1 (python, textproc)
Implements a XML/HTML/XHTML Markup safe string for Python

py27-plistservices @2_1 (python, textproc)
reads and writes CoreFoundation XML Property List

py27-pyrxp @2.2.0 (python, devel)
Fast validating XML parser for python

py27-sgmlop @1.1.1-20040207_1 (python, textproc)
Optimized SGML/XML parser

py27-simpletal @4.1 (python)
A standalone Python HTML & XML template library

py37-lxml @5.4.0 (python, devel)
Powerful and Pythonic XML processing library

py38-lxml @5.4.0 (python, devel)
Powerful and Pythonic XML processing library

py38-markupsafe @2.1.5 (python, textproc)
Implements a XML/HTML/XHTML Markup safe string for Python

py39-beautifulsoup4 @4.14.3 (python, textproc)
Python HTML/XML parser

py39-defusedxml @0.7.1 (python, textproc)
Workarounds and fixes for DoS and other vulnerabilities in Python’s XML libraries.

py39-fonttools @4.60.2 (python, print)
XML<->TrueType/OpenType Converter

py39-lxml @6.0.2 (python, devel)
Powerful and Pythonic XML processing library

py39-markupsafe @3.0.3 (python, textproc)
Implements a XML/HTML/XHTML Markup safe string for Python

py39-pyrxp @2.2.0 (python, devel)
Fast validating XML parser for python

py39-xmltodict @1.0.2 (python, devel)
Makes working with XML feel like you are working with JSON

py310-beautifulsoup4 @4.14.3 (python, textproc)
Python HTML/XML parser

py310-defusedxml @0.7.1 (python, textproc)
Workarounds and fixes for DoS and other vulnerabilities in Python’s XML libraries.

py310-et_xmlfile @2.0.0 (python, devel, textproc)
An implementation of lxml.xmlfile for the standard library

py310-fonttools @4.61.1 (python, print)
XML<->TrueType/OpenType Converter

py310-junit-xml @1.9 (python)
Creates JUnit XML test result documents that can be read by tools such as Jenkins

py310-libxml2 @2.13.9 (python, textproc)
Python bindings for libxml2

py310-lxml @6.0.2 (python, devel)
Powerful and Pythonic XML processing library

py310-lxml_html_clean @0.4.3_2 (python)
HTML cleaner is blocklist-based.

py310-markupsafe @3.0.3 (python, textproc)
Implements a XML/HTML/XHTML Markup safe string for Python

py310-parsel @1.10.0 (python)
Extract data from HTML and XML using XPath and CSS selectors

py310-pygccxml @3.0.2 (python, devel)
pygccxml is a specialized XML reader that reads the output from CastXML.

py310-readability-lxml @0.8.1 (python, textproc)
fast html to text parser (article readability tool)

py310-xmldiff @2.6.3 (python, textproc)
A library and command line utility for diffing xml

py310-xmlsec @1.3.17 (python, security, textproc)
A set of Python bindings for the XML Security Library.

py310-xmltodict @1.0.2 (python, devel)
Makes working with XML feel like you are working with JSON

py311-beautifulsoup4 @4.14.3 (python, textproc)
Python HTML/XML parser

py311-canmatrix @1.0 (python, devel)
Converting Can (Controller Area Network) Database Formats .arxml .dbc .dbf .kcd

py311-defusedxml @0.7.1 (python, textproc)
Workarounds and fixes for DoS and other vulnerabilities in Python’s XML libraries.

py311-et_xmlfile @2.0.0 (python, devel, textproc)
An implementation of lxml.xmlfile for the standard library

py311-fonttools @4.61.1 (python, print)
XML<->TrueType/OpenType Converter

py311-junit-xml @1.9 (python)
Creates JUnit XML test result documents that can be read by tools such as Jenkins

py311-libxml2 @2.13.9 (python, textproc)
Python bindings for libxml2

py311-lxml @6.0.2 (python, devel)
Powerful and Pythonic XML processing library

py311-lxml_html_clean @0.4.3_2 (python)
HTML cleaner is blocklist-based.

py311-markupsafe @3.0.3 (python, textproc)
Implements a XML/HTML/XHTML Markup safe string for Python

py311-parsel @1.10.0 (python)
Extract data from HTML and XML using XPath and CSS selectors

py311-pygccxml @3.0.2 (python, devel)
pygccxml is a specialized XML reader that reads the output from CastXML.

py311-readability-lxml @0.8.1 (python, textproc)
fast html to text parser (article readability tool)

py311-xmldiff @2.6.3 (python, textproc)
A library and command line utility for diffing xml

py311-xmlsec @1.3.17 (python, security, textproc)
A set of Python bindings for the XML Security Library.

py311-xmltodict @1.0.2 (python, devel)
Makes working with XML feel like you are working with JSON

py312-beautifulsoup4 @4.14.3 (python, textproc)
Python HTML/XML parser

py312-defusedxml @0.7.1 (python, textproc)
Workarounds and fixes for DoS and other vulnerabilities in Python’s XML libraries.

py312-et_xmlfile @2.0.0 (python, devel, textproc)
An implementation of lxml.xmlfile for the standard library

py312-fonttools @4.61.1 (python, print)
XML<->TrueType/OpenType Converter

py312-gcn @1.1.3 (python, science)
anonymous VOEvent client for receiving GCN/TAN notices in XML format

py312-junit-xml @1.9 (python)
Creates JUnit XML test result documents that can be read by tools such as Jenkins

py312-libxml2 @2.13.9 (python, textproc)
Python bindings for libxml2

py312-lxml @6.0.2 (python, devel)
Powerful and Pythonic XML processing library

py312-lxml_html_clean @0.4.3_2 (python)
HTML cleaner is blocklist-based.

py312-markupsafe @3.0.3 (python, textproc)
Implements a XML/HTML/XHTML Markup safe string for Python

py312-parsel @1.10.0 (python)
Extract data from HTML and XML using XPath and CSS selectors

py312-pygccxml @3.0.2 (python, devel)
pygccxml is a specialized XML reader that reads the output from CastXML.

py312-readability-lxml @0.8.1 (python, textproc)
fast html to text parser (article readability tool)

py312-xmlsec @1.3.17 (python, security, textproc)
A set of Python bindings for the XML Security Library.

py312-xmltodict @1.0.2 (python, devel)
Makes working with XML feel like you are working with JSON

py313-beautifulsoup4 @4.14.3 (python, textproc)
Python HTML/XML parser

py313-defusedxml @0.7.1 (python, textproc)
Workarounds and fixes for DoS and other vulnerabilities in Python’s XML libraries.

py313-et_xmlfile @2.0.0 (python, devel, textproc)
An implementation of lxml.xmlfile for the standard library

py313-fonttools @4.61.1 (python, print)
XML<->TrueType/OpenType Converter

py313-junit-xml @1.9 (python)
Creates JUnit XML test result documents that can be read by tools such as Jenkins

py313-libxml2 @2.13.9 (python, textproc)
Python bindings for libxml2

py313-lxml @6.0.2 (python, devel)
Powerful and Pythonic XML processing library

py313-lxml_html_clean @0.4.3_2 (python)
HTML cleaner is blocklist-based.

py313-markupsafe @3.0.3 (python, textproc)
Implements a XML/HTML/XHTML Markup safe string for Python

py313-pygccxml @3.0.2 (python, devel)
pygccxml is a specialized XML reader that reads the output from CastXML.

py313-readability-lxml @0.8.1 (python, textproc)
fast html to text parser (article readability tool)

py313-unittest-xml-reporting @3.2.0 (python, devel)
Unittest based test runner with Ant/JUnit like XML reporting.

py313-xmlsec @1.3.17 (python, security, textproc)
A set of Python bindings for the XML Security Library.

py313-xmltodict @1.0.2 (python, devel)
Makes working with XML feel like you are working with JSON

py314-beautifulsoup4 @4.14.3 (python, textproc)
Python HTML/XML parser

py314-defusedxml @0.7.1 (python, textproc)
Workarounds and fixes for DoS and other vulnerabilities in Python’s XML libraries.

py314-et_xmlfile @2.0.0 (python, devel, textproc)
An implementation of lxml.xmlfile for the standard library

py314-fonttools @4.61.1 (python, print)
XML<->TrueType/OpenType Converter

py314-junit-xml @1.9 (python)
Creates JUnit XML test result documents that can be read by tools such as Jenkins

py314-libxml2 @2.13.9 (python, textproc)
Python bindings for libxml2

py314-lxml @6.0.2 (python, devel)
Powerful and Pythonic XML processing library

py314-markupsafe @3.0.3 (python, textproc)
Implements a XML/HTML/XHTML Markup safe string for Python

py314-xmlsec @1.3.17 (python, security, textproc)
A set of Python bindings for the XML Security Library.

py314-xmltodict @1.0.2 (python, devel)
Makes working with XML feel like you are working with JSON

qore-python-module @1.2.0 (lang)
xmlsec module for Qore

qore-xml-module @2.0.0 (lang)
xml module for Qore

qore-xmlsec-module @1.0.0 (lang)
xmlsec module for Qore

qt5-qtscxml @5.15.18 (aqua)
Tools and Module(s) for Qt Tool Kit 5

qt5-qtscxml-docs @5.15.18 (aqua)
Documentation for the port qt5-qtscxml

qt5-qtxmlpatterns @5.15.18 (aqua)
Tools and Module(s) for Qt Tool Kit 5

qt5-qtxmlpatterns-docs @5.15.18 (aqua)
Documentation for the port qt5-qtxmlpatterns

qt6-qtscxml @6.10.2 (aqua)
Tools and Module(s) for Qt Tool Kit 6

qt6-qtscxml-docs @6.10.2 (aqua)
Documentation for Qt Tool Kit 6

qt53-qtxmlpatterns @5.3.2 (aqua)
Tools and Module(s) for Qt Tool Kit 5

qt53-qtxmlpatterns-docs @5.3.2 (aqua)
Documentation for the port qt53-qtxmlpatterns

qt55-qtxmlpatterns @5.5.1_1 (aqua)
Tools and Module(s) for Qt Tool Kit 5

qt55-qtxmlpatterns-docs @5.5.1_1 (aqua)
Documentation for the port qt55-qtxmlpatterns

qt56-qtxmlpatterns @5.6.3 (aqua)
Tools and Module(s) for Qt Tool Kit 5

qt56-qtxmlpatterns-docs @5.6.3 (aqua)
Documentation for the port qt56-qtxmlpatterns

qt57-qtscxml @5.7.1 (aqua)
Tools and Module(s) for Qt Tool Kit 5

qt57-qtscxml-docs @5.7.1 (aqua)
Documentation for the port qt57-qtscxml

qt57-qtxmlpatterns @5.7.1 (aqua)
Tools and Module(s) for Qt Tool Kit 5

qt57-qtxmlpatterns-docs @5.7.1 (aqua)
Documentation for the port qt57-qtxmlpatterns

qt58-qtscxml @5.8.0 (aqua)
Tools and Module(s) for Qt Tool Kit 5

qt58-qtscxml-docs @5.8.0 (aqua)
Documentation for the port qt58-qtscxml

qt58-qtxmlpatterns @5.8.0 (aqua)
Tools and Module(s) for Qt Tool Kit 5

qt58-qtxmlpatterns-docs @5.8.0 (aqua)
Documentation for the port qt58-qtxmlpatterns

qt59-qtscxml @5.9.9 (aqua)
Tools and Module(s) for Qt Tool Kit 5

qt59-qtscxml-docs @5.9.9 (aqua)
Documentation for the port qt59-qtscxml

qt59-qtxmlpatterns @5.9.9 (aqua)
Tools and Module(s) for Qt Tool Kit 5

qt59-qtxmlpatterns-docs @5.9.9 (aqua)
Documentation for the port qt59-qtxmlpatterns

qt64-qtscxml @6.4.3 (aqua)
Tools and Module(s) for Qt Tool Kit 6

qt64-qtscxml-docs @6.4.3 (aqua)
Documentation for Qt Tool Kit 6

qt67-qtscxml @6.7.3 (aqua)
Tools and Module(s) for Qt Tool Kit 6

qt67-qtscxml-docs @6.7.3 (aqua)
Documentation for Qt Tool Kit 6

qt68-qtscxml @6.8.3 (aqua)
Tools and Module(s) for Qt Tool Kit 6

qt68-qtscxml-docs @6.8.3 (aqua)
Documentation for Qt Tool Kit 6

qt69-qtscxml @6.9.3 (aqua)
Tools and Module(s) for Qt Tool Kit 6

qt69-qtscxml-docs @6.9.3 (aqua)
Documentation for Qt Tool Kit 6

qt511-qtscxml @5.11.3 (aqua)
Tools and Module(s) for Qt Tool Kit 5

qt511-qtscxml-docs @5.11.3 (aqua)
Documentation for the port qt511-qtscxml

qt511-qtxmlpatterns @5.11.3 (aqua)
Tools and Module(s) for Qt Tool Kit 5

qt511-qtxmlpatterns-docs @5.11.3 (aqua)
Documentation for the port qt511-qtxmlpatterns

qt513-qtscxml @5.13.2 (aqua)
Tools and Module(s) for Qt Tool Kit 5

qt513-qtscxml-docs @5.13.2 (aqua)
Documentation for the port qt513-qtscxml

qt513-qtxmlpatterns @5.13.2 (aqua)
Tools and Module(s) for Qt Tool Kit 5

qt513-qtxmlpatterns-docs @5.13.2 (aqua)
Documentation for the port qt513-qtxmlpatterns

R-readsdmx @0.3.1_1 (R, science)
Read SDMX-XML data

R-tinkr @0.2.0_1 (R, science)
Cast Rmarkdown files to XML and back

R-XML @3.99-0.17_1 (R, science, devel, textproc)
Tools for parsing and generating XML within R and S-Plus

R-xml2 @1.3.6_3 (R, science, devel, textproc)
Bindings to libxml2

R-XML2R @0.0.8 (R, science, textproc)
Easier XML data collection

R-xmlconvert @0.1.2_1 (R, science)
Convert XML documents to R dataframes and dataframes to XML documents

R-xmlparsedata @1.0.5_2 (R, science, devel)
Parse data of R code as an XML tree

R-xmlr @0.2.0.9001_1 (R, science, textproc)
Read, write and work with XML data

raxml @8.2.12 (science, biology)
Estimation of phylogenetic trees

rb-htree @0.7 (ruby)
htree provides a tree data structre which represent HTML and XML data.

rb-libxml2 @2.3.4 (ruby, textproc)
Ruby bindings for libxml2

rb-nokogiri @1.16.7 (ruby)
Nokogiri is an HTML, XML, SAX, and Reader parser.

rb-rexml @3.2.6 (ruby, textproc)
XML processor for the language Ruby

rb-xml-simple @1.1.9 (ruby)
A simple API for XML processing

rb-xml-xpath @0.4.0 (ruby, textproc)
A simple XPath class for Ruby

rb-xmlparser @0.6.8_2 (ruby, textproc)
Ruby extension allowing use of James Clark's XML Parser (expat).

rb19-crack @0.1.7 (ruby)
Really simple JSON and XML parsing, ripped from Merb and Rails.

rb19-nokogiri @1.6.0 (ruby, xml)
HTML, XML, SAX, & Reader parser with XPath/CSS3 selector searching

rb19-trac4r @1.2.3 (ruby)
Ruby wrapper for the Trac XML-RPC API

rb27-nokogiri @1.16.7 (ruby)
Nokogiri is an HTML, XML, SAX, and Reader parser.

rb30-nokogiri @1.16.7 (ruby)
Nokogiri is an HTML, XML, SAX, and Reader parser.

rb30-rexml @3.2.6 (ruby, textproc)
XML processor for the language Ruby

rb30-xml-simple @1.1.9 (ruby)
A simple API for XML processing

rb31-nokogiri @1.16.7 (ruby)
Nokogiri is an HTML, XML, SAX, and Reader parser.

rb31-rexml @3.2.6 (ruby, textproc)
XML processor for the language Ruby

rb31-xml-simple @1.1.9 (ruby)
A simple API for XML processing

rb32-nokogiri @1.16.7 (ruby)
Nokogiri is an HTML, XML, SAX, and Reader parser.

rb32-rexml @3.2.6 (ruby, textproc)
XML processor for the language Ruby

rb32-xml-simple @1.1.9 (ruby)
A simple API for XML processing

rb33-nokogiri @1.16.7 (ruby)
Nokogiri is an HTML, XML, SAX, and Reader parser.

rb33-xml-simple @1.1.9 (ruby)
A simple API for XML processing

relames @20060319_1 (textproc)
Multi-Schema XML Validator to validate XML documents

Renaissance @0.8.0 (gnustep)
create user interfaces via XML files

Renaissance-Framework @0.8.0 (graphics, gnustep, cross, devel)
create user interfaces via XML files

rxp @1.4.8 (textproc)
Validating XML parser written in C.

saxon @9.5.1.1 (textproc, java)
saxon home edition - collection of tools to process XML documents

sgrep @0.99 (textproc)
structured grep is a tool for searching SGML, XML and HTML files

sgrep2 @1.94a_1 (textproc)
structured grep is a tool for searching SGML, XML and HTML files

stardict-xmlittre @2.4.2 (textproc)
XMLittré dictionary for stardict

tclxml @3.2 (lang, tcl)
This package provides XML parsers, DOM scripting and XSL Transformations for Tcl.

tDOM @0.9.1 (textproc, devel)
high performance XML data processing with easy and powerful Tcl scripting functionality

texml @2.0.4 (textproc)
XML syntax for TeX

tinyxml @2.6.2_3 (textproc)
Simple, small, C++ XML parser

tinyxml2 @11.0.0 (textproc)
Simple, small, C++ XML parser

wbxml2 @0.11.8 (textproc, devel)
converts between XML and Wireless Binary XML (WBXML)

xalanc @1.12_1 (textproc)
XSLT processor in C++ for transforming XML

xalanj @2.7.1 (java, textproc)
Apache Xerces 2 Java XML Parser

xcc @0.6.3 (devel, lang)
parser generator for XML

xercesc3 @3.3.0_2 (textproc, xml, shibboleth)
an XML parser

xercesj @2.11.0 (java, textproc)
Apache Xerces 2 Java XML Parser

xhtml1 @2.0_1 (textproc)
A reformulation of HTML 4 in XML 1.0

xml-commons-resolver @1.1 (java, devel)
Java library for XML entity resolution

xml-coreutils @0.8.1_1 (textproc, xml)
Command line tools for XML processing

xml-security-c @2.0.4_1 (security, xml, textproc, shibboleth)
XML Signing/Encryption for C++

xml2 @0.5 (textproc, xml)
Convert between XML/HTML and a shell-friendly format

xml2rfc @3.31.0 (textproc)
RFC formatting utility using XML source

xmlbird @1.2.11 (textproc)
XML parser written in Vala

xmlcatmgr @2.2_1 (textproc)
SGML and XML catalog manager

xmlenc @0.52 (java, textproc)
fast stream-based XML output library for Java

xmlformat @1.04 (textproc, perl, ruby)
formatter for XML documents

xmlgen @1.4 (lang, tcl)
The Tcl package xmlgen allows to write Tcl code which translates itself into XML.

xmlgraphics-commons @1.4 (java, graphics)
XML Graphics Commons

xmlindent @0.2.17_1 (textproc)
xml indentation utility

xmlpatch @0.4.0 (textproc)
an XML patching handler library

xmlpull @1.1.3.4c (java, textproc)
XML pullparser API

xmlresume2x @0.2.1_1 (textproc)
converts XML resume format to various output formats

xmlroff @0.6.3_5 (textproc)
An XSL formatter producing PDF and PostScript.

xmlrpc-c @1.60.05 (devel, www)
Lightweight RPC library based on XML and HTTP

xmlrpcxx @0.7 (devel, www)
XmlRpc++ is a C++ implementation of the XML-RPC protocol.

xmlsec @1.3.9 (security, textproc, devel)
XML Security Library is a C library based on LibXML2.

xmlsec-1.2 @1.2.42 (security, textproc, devel)
XML Security Library is a C library based on LibXML2.

xmlstarlet @1.6.1_4 (textproc)
xml command line utilities

xmlto @0.0.29 (textproc)
Convert an XML document to another format based on XSL or other tools

xmltoman @0.4_1 (textproc)
Small scripts to convert xml to man pages in groff format or html

xmltooling @3.2.4_1 (security, textproc, xml, shibboleth)
XMLTooling library for C++

xmltv @1.2.1 (multimedia, textproc)
utilities to download tv listings and format them in xml

xmlwrapp @0.10.0 (devel)
a modern style C++ library for working with XML data

xom @1.2.10 (java, devel, textproc)
A tree-based API for XML processing

xq @1.3.0 (textproc)
Command-line XML and HTML beautifier and content extractor

Found 578 ports.
