bzr-explorer @1.3.0 (devel, python)
A graphical frontend for using bzr

justpath @0.0.18 (sysutils)
Just a simple utility to explore PATH environment variable

KeyArcher @0.1 (gnustep)
An interactive keyed-archive explorer.

keystore-explorer @5.4.4_1 (security)
KeyStore Explorer is a free GUI replacement for the Java command-line utilities keytool and jarsigner

MachO-Explorer @20200905 (sysutils)
A graphical Mach-O viewer for macOS. Powered by Mach-O Kit.

metabase @0.57.7 (databases, java)
Metabase is an open-source business intelligence platform. You can use Metabase to ask questions about your data, or embed Metabase in your app to let your customers explore their data on their own.

mingw-w64-wine-gecko @2.47.4 (cross)
Wine's built-in replacement for Microsoft's Internet Explorer

mingw-w64-wine-gecko-2.47.2 @2.47.2 (cross)
Wine's built-in replacement for Microsoft's Internet Explorer

mingw-w64-wine-gecko-2.47.3 @2.47.3 (cross)
Wine's built-in replacement for Microsoft's Internet Explorer

mingw-w64-wine-gecko-2.47.4 @2.47.4 (cross)
Wine's built-in replacement for Microsoft's Internet Explorer

opendx @4.4.4_13 (science)
IBM's Open Visualization Data Explorer

opendx-samples @4.4.0_2 (science)
IBM's Open Visualization Data Explorer (Data Samples)

py-hachoir-urwid @1.1 (python)
Binary file explorer using Hachoir and urwid libraries

py-objexplore @1.6.3 (python, devel)
Interactive Python Object Explorer

py27-hachoir-urwid @1.1 (python)
Binary file explorer using Hachoir and urwid libraries

py310-objexplore @1.6.3 (python, devel)
Interactive Python Object Explorer

py311-objexplore @1.6.3 (python, devel)
Interactive Python Object Explorer

py312-objexplore @1.6.3 (python, devel)
Interactive Python Object Explorer

py313-objexplore @1.6.3 (python, devel)
Interactive Python Object Explorer

R-explore @1.3.3 (R, science)
Exploratory data analysis simplified

R-gginnards @0.2.0 (R, science)
Explore the innards of ggplot2 objects

R-spatstat.explore @3.3-3 (R, science, math)
Exploratory data analysis

R-xplorerr @0.2.0 (R, science)
Tools for interactive data exploration

rhit @2.0.4 (sysutils)
A nginx log explorer

xfe @2.1.1 (x11)
X File Explorer (Xfe) is an MS-Explorer like file manager for X.

xplr @1.1.0 (sysutils)
A hackable, minimal, fast TUI file explorer, stealing ideas from nnn & fzf

Found 26 ports.
