aalib @1.4rc5_6 (graphics)
Portable ascii art GFX library

aamath @0.3_6 (math, textproc)
renders ASCII art from mathematical expressions

aewan @1.0.01_2 (editors)
Curses-based program for the creation and editing of ascii art

agg @1.7.0 (graphics)
asciinema gif generator

ascii @3.30 (textproc)
provides conversion between ASCII character tables

ascii-gen @1.1.0-20231120 (graphics)
A CLI tool that converts images to ASCII art.

asciidoc @10.2.1_2 (textproc)
Formatter/translator for text files to numerous formats

asciidoctor @2.0.26 (textproc)
A fast text processor & publishing toolchain for converting AsciiDoc to HTML5, DocBook & more

asciidoctorj @3.0.1 (textproc, java)
AsciidoctorJ is the official library for running Asciidoctor on the JVM.

asciinema @3.0.1 (sysutils)
Record and share your terminal sessions, the right way

bdump @3.5 (sysutils)
view files in hex and ASCII formats side by side

catdoc @0.95 (textproc)
Convert MS Word/Excel documents to plain ASCII or TeX.

chordii @4.5.3 (textproc)
Produce a professional looking PostScript sheet-music from an ASCII file containing lyrics and chords information.

cowsay @3.8.4 (textproc, amusements, games)
Configurable talking characters in ASCII art

cursive @1.0_2 (games, textproc)
Create ASCII character cursive handwriting

ditaa @0.11.0 (java, editors)
Java ASCII art to bitmap graphics conversion utility

figlet @2.2.5 (textproc, amusements)
banner-like program prints strings as ASCII art

goat @20220814 (graphics, textproc)
Render ASCII art as SVG diagrams

irctree @0.10 (irc)
show a tree representing the structure of an IRC network in ASCII

jp2a @1.2.0 (graphics)
converts JPEG images to ASCII

libcaca @0.99.beta20_1 (graphics)
Colour AsCii Art library

libcaca-devel @20211207 (graphics)
Colour AsCii Art library

mdtree @0.1.0 (textproc)
Convert markdown lists into ASCII trees

moe @1.15 (editors)
GNU moe - console text editor for ISO-8859 and ASCII character encodings.

ocaml-unidecode @0.4.0 (ocaml, devel)
Convert unicode strings into its ASCII representation

p5-convert-ascii-armour @1.400.0_3 (perl)
Convert binary octets into ASCII armoured messages.

p5-encode-eucjpascii @0.30.0_1 (perl)
Encode::EUCJPASCII (no description available)

p5-text-flow @0.10.0 (perl)
Text::Flow - Flexible text flowing and word wrapping for not just ASCII output

p5-text-simpletable @2.70.0 (perl)
Simple Eyecandy ASCII Tables

p5-text-simpletable-autowidth @0.90.0 (perl)
Text::SimpleTable::AutoWidth - Simple eyecandy ASCII tables with auto-width selection

p5-text-unidecode @1.300.0 (perl)
Text::Unidecode -- plain ASCII transliterations of Unicode text

p5.28-convert-ascii-armour @1.400.0_3 (perl)
Convert binary octets into ASCII armoured messages.

p5.28-encode-eucjpascii @0.30.0_1 (perl)
Encode::EUCJPASCII (no description available)

p5.28-text-flow @0.10.0 (perl)
Text::Flow - Flexible text flowing and word wrapping for not just ASCII output

p5.28-text-simpletable @2.70.0 (perl)
Simple Eyecandy ASCII Tables

p5.28-text-simpletable-autowidth @0.90.0 (perl)
Text::SimpleTable::AutoWidth - Simple eyecandy ASCII tables with auto-width selection

p5.28-text-unidecode @1.300.0 (perl)
Text::Unidecode -- plain ASCII transliterations of Unicode text

p5.30-convert-ascii-armour @1.400.0_3 (perl)
Convert binary octets into ASCII armoured messages.

p5.30-encode-eucjpascii @0.30.0_1 (perl)
Encode::EUCJPASCII (no description available)

p5.30-text-flow @0.10.0 (perl)
Text::Flow - Flexible text flowing and word wrapping for not just ASCII output

p5.30-text-simpletable @2.70.0 (perl)
Simple Eyecandy ASCII Tables

p5.30-text-simpletable-autowidth @0.90.0 (perl)
Text::SimpleTable::AutoWidth - Simple eyecandy ASCII tables with auto-width selection

p5.30-text-unidecode @1.300.0 (perl)
Text::Unidecode -- plain ASCII transliterations of Unicode text

p5.32-convert-ascii-armour @1.400.0_3 (perl)
Convert binary octets into ASCII armoured messages.

p5.32-encode-eucjpascii @0.30.0_1 (perl)
Encode::EUCJPASCII (no description available)

p5.32-text-flow @0.10.0 (perl)
Text::Flow - Flexible text flowing and word wrapping for not just ASCII output

p5.32-text-simpletable @2.70.0 (perl)
Simple Eyecandy ASCII Tables

p5.32-text-simpletable-autowidth @0.90.0 (perl)
Text::SimpleTable::AutoWidth - Simple eyecandy ASCII tables with auto-width selection

p5.32-text-unidecode @1.300.0 (perl)
Text::Unidecode -- plain ASCII transliterations of Unicode text

p5.34-convert-ascii-armour @1.400.0_3 (perl)
Convert binary octets into ASCII armoured messages.

p5.34-encode-eucjpascii @0.30.0_1 (perl)
Encode::EUCJPASCII (no description available)

p5.34-text-flow @0.10.0 (perl)
Text::Flow - Flexible text flowing and word wrapping for not just ASCII output

p5.34-text-simpletable @2.70.0 (perl)
Simple Eyecandy ASCII Tables

p5.34-text-simpletable-autowidth @0.90.0 (perl)
Text::SimpleTable::AutoWidth - Simple eyecandy ASCII tables with auto-width selection

p5.34-text-unidecode @1.300.0 (perl)
Text::Unidecode -- plain ASCII transliterations of Unicode text

py-asciimatics @1.15.0 (python)
a package to help people create full-screen text UIs

py-prettytable @0.7.2 (python, textproc)
A simple Python library for easily displaying tabular data in a visually appealing ASCII table format.

py-texttable @1.7.0 (python, textproc)
python module for creating simple ASCII tables

py-unidecode @1.4.0 (python, textproc)
ASCII transliterations of Unicode text

py39-texttable @1.7.0 (python, textproc)
python module for creating simple ASCII tables

py310-asciimatics @1.15.0 (python)
a package to help people create full-screen text UIs

py310-prettytable @0.7.2 (python, textproc)
A simple Python library for easily displaying tabular data in a visually appealing ASCII table format.

py310-texttable @1.7.0 (python, textproc)
python module for creating simple ASCII tables

py310-unidecode @1.4.0 (python, textproc)
ASCII transliterations of Unicode text

py311-asciimatics @1.15.0 (python)
a package to help people create full-screen text UIs

py311-prettytable @0.7.2 (python, textproc)
A simple Python library for easily displaying tabular data in a visually appealing ASCII table format.

py311-texttable @1.7.0 (python, textproc)
python module for creating simple ASCII tables

py311-unidecode @1.4.0 (python, textproc)
ASCII transliterations of Unicode text

py312-prettytable @0.7.2 (python, textproc)
A simple Python library for easily displaying tabular data in a visually appealing ASCII table format.

py312-texttable @1.7.0 (python, textproc)
python module for creating simple ASCII tables

py312-unidecode @1.4.0 (python, textproc)
ASCII transliterations of Unicode text

py313-prettytable @0.7.2 (python, textproc)
A simple Python library for easily displaying tabular data in a visually appealing ASCII table format.

py313-texttable @1.7.0 (python, textproc)
python module for creating simple ASCII tables

py313-unidecode @1.4.0 (python, textproc)
ASCII transliterations of Unicode text

py314-prettytable @0.7.2 (python, textproc)
A simple Python library for easily displaying tabular data in a visually appealing ASCII table format.

py314-texttable @1.7.0 (python, textproc)
python module for creating simple ASCII tables

py314-unidecode @1.4.0 (python, textproc)
ASCII transliterations of Unicode text

quickascii @1.0.5_1 (multimedia)
a movie player and picture viewer for the command line

R-ascii @2.6_1 (R, science)
Export R objects to several markup languages

R-formatters @0.5.9 (R, science)
ASCII formatting for values and tables

R-LaF @0.8.6 (R, science)
Fast access to Large ASCII Files

shsql @1.28 (databases, textproc)
standalone SQL database that stores data in ascii text files

ski @6.5_3 (games, python)
ASCII downhill skiing game

tnef2txt @1.4_1 (textproc)
Converts Microsoft TNEF attachments to ASCII text

txt2html @3.0 (textproc)
Convert ASCII text to HTML

txt2man @1.7.1 (textproc)
Converts flat ASCII text to man page format

uni2ascii @4.18_1 (textproc)
converts between UTF-8 Unicode and 7-bit ASCII equivalents

uplog @0.3 (net)
A UDP based ping program that can give an ASCII-graphical log of the packet losses

wpa_passphrase @2.9_1 (net)
Generate a WPA PSK from an ASCII passphrase for a SSID

Found 89 ports.
