apl_select @1.0_1 (sysutils)
Common files for selecting default apl version

daaplib @0.1.1a (devel, net)
small library for reading and writing DAAP streams

gnu-apl @1.9 (lang)
GNU APL is a free interpreter for the programming language APL.

ivy @0.4.0 (math)
ivy is an interpreter for an APL-like language.

py-aplpy @2.2.0 (python, science)
The Astronomical Plotting Library in Python

py-imaplib2 @3.6 (python, mail, devel)
A threaded Python IMAP4 client.

py-soaplib @1.0.0 (python, www)
A simple library for writing soap web services.

py27-soaplib @1.0.0 (python, www)
A simple library for writing soap web services.

py310-imaplib2 @3.6 (python, mail, devel)
A threaded Python IMAP4 client.

py311-imaplib2 @3.6 (python, mail, devel)
A threaded Python IMAP4 client.

py312-imaplib2 @3.6 (python, mail, devel)
A threaded Python IMAP4 client.

py313-aplpy @2.2.0 (python, science)
The Astronomical Plotting Library in Python

R-ald @1.3.1_1 (R, science, math)
Asymmetric Laplace Distribution

R-ALDqr @1.0_1 (R, science, math)
Quantile regression using asymmetric Laplace distribution

R-aplore3 @0.9_1 (R, science)
Datasets from Applied Logistic Regression (3rd Ed., 2013)

R-aplot @0.2.3 (R, science)
Decorate a ggplot with associated information

R-aplpack @1.3.5_1 (R, science, graphics)
Another plot package

R-disclap @1.5.1_2 (R, science, math)
Discrete Laplace exponential family

R-disclapmix @1.7.4_2 (R, science, math)
Discrete Laplace mixture inference using the EM algorithm

R-disclapmix2 @0.6.1_2 (R, science, math)
Mixtures of discrete Laplace distributions using numerical optimisation

R-DiscreteLaplace @1.1.1_2 (R, science, math)
Discrete Laplace distribution

R-dlbayes @0.1.0_1 (R, science, math)
Use Dirichlet Laplace prior to solve linear regression problem and do variable selection

R-fastshap @0.1.1_1 (R, science, math)
Fast approximate Shapley values

R-heatmaply @1.5.0_1 (R, science, graphics)
Interactive cluster heat maps using plotly and ggplot2

R-invLT @0.2.1_1 (R, science, math)
Inversion of Laplace-transformed functions

R-iterLap @1.1-4_1 (R, science, math)
Approximate probability densities via iterated Laplace approximations

R-km.ci @0.5-6_1 (R, science)
Confidence intervals for the Kaplan–Meier estimator

R-kmi @0.5.5_1 (R, science, math)
Kaplan–Meier multiple imputation for the analysis of cumulative incidence functions in the competing risks setting

R-LaplacesDemon @16.1.6_2 (R, science, math)
Complete environment for Bayesian inference

R-LPGraph @2.1_1 (R, science, math)
Non-parametric smoothing of Laplacian graph spectra

R-metaplus @1.0-5 (R, science)
Robust meta-analysis and meta-regression

R-nlmm @1.1.0_1 (R, science, math)
Generalized Laplace Mixed-Effects Models

R-NormalLaplace @0.3-1_1 (R, science, math)
Normal Laplace Distribution

R-ordgam @0.9.1_1 (R, science, math)
Additive model for ordinal data using Laplace p-splines

R-ShapleyValue @0.2.0_1 (R, science, economics)
Shapley value regression for relative importance of attributes

taplo @0.10.0 (devel)
a versatile, feature-rich TOML toolkit.

Found 36 ports.
