blib @1.1.7_1 (graphics, blinkenlights)
Library of useful things to hack the Blinkenlights

cl-trivial-main-thread @20230603 (lisp, devel)
Compatibility library to run things in the main thread.

croc @10.3.1 (net, sysutils)
Easily and securely send things from one computer to another

driftwood @1.0.1 (security)
A tool that can enable you to lookup whether a private key is used for things like TLS or as a GitHub SSH key for a user.

gwhich @2.23 (sysutils)
GNU Which - Everything you never wanted in a which

keep @0.5.1 (sysutils)
tool that deletes everything in a directory but a selection

KoLmafia @14.8 (aqua, java)
Java client for Kingdom of Loathing online game

lazydocker @0.24.3 (devel)
The lazy way to manage everything docker

lemmeknow @0.8.0 (textproc, security)
The fastest way to identify anything

libast @0.8_2 (devel, x11)
LibAST is the Library of Assorted Spiffy Things.

libsexy @0.1.11_3 (x11, devel)
Doing naughty things to good Gtk+ widgets

moor @2.10.2 (textproc)
Moor is a pager. It's designed to just do the right thing without any configuration.

octave-data-smoothing @1.3.0_5 (octave, math, science)
Algorithms for smoothing noisy data.

p5-asa @1.40.0 (perl)
asa - Lets your class/object say it works like something else

p5-cpan-uploader @0.103.18 (perl)
CPAN::Uploader - upload things to the CPAN

p5-dist-zilla-role-filewatcher @0.6.0 (perl)
Dist::Zilla::Role::FileWatcher - Receive notification when something changes a file's contents

p5-file-find-rule-perl @1.160.0 (perl)
File::Find::Rule::Perl - Common rules for searching for Perl things

p5-pod-elemental-perlmunger @0.200.7 (perl)
Pod::Elemental::PerlMunger - a thing that takes a string of Perl and rewrites its documentation

p5-ppix-quotelike @0.23.0 (perl)
PPIx::QuoteLike - Parse Perl string literals and string-literal-like things.

p5-role-basic @0.160.0 (perl)
Role::Basic - Just roles. Nothing else.

p5-role-hasmessage @0.7.0 (perl)
Role::HasMessage - a thing with a message method

p5-role-identifiable @0.9.0 (perl)
Role::Identifiable - a thing you can identify somehow

p5-safe-isa @1.0.10 (perl)
Safe::Isa - Call isa, can, does and DOES safely on things that may not be objects

p5.28-asa @1.40.0 (perl)
asa - Lets your class/object say it works like something else

p5.28-cpan-uploader @0.103.18 (perl)
CPAN::Uploader - upload things to the CPAN

p5.28-dist-zilla-role-filewatcher @0.6.0 (perl)
Dist::Zilla::Role::FileWatcher - Receive notification when something changes a file's contents

p5.28-file-find-rule-perl @1.160.0 (perl)
File::Find::Rule::Perl - Common rules for searching for Perl things

p5.28-pod-elemental-perlmunger @0.200.7 (perl)
Pod::Elemental::PerlMunger - a thing that takes a string of Perl and rewrites its documentation

p5.28-ppix-quotelike @0.23.0 (perl)
PPIx::QuoteLike - Parse Perl string literals and string-literal-like things.

p5.28-role-basic @0.160.0 (perl)
Role::Basic - Just roles. Nothing else.

p5.28-role-hasmessage @0.7.0 (perl)
Role::HasMessage - a thing with a message method

p5.28-role-identifiable @0.9.0 (perl)
Role::Identifiable - a thing you can identify somehow

p5.28-safe-isa @1.0.10 (perl)
Safe::Isa - Call isa, can, does and DOES safely on things that may not be objects

p5.30-asa @1.40.0 (perl)
asa - Lets your class/object say it works like something else

p5.30-cpan-uploader @0.103.18 (perl)
CPAN::Uploader - upload things to the CPAN

p5.30-dist-zilla-role-filewatcher @0.6.0 (perl)
Dist::Zilla::Role::FileWatcher - Receive notification when something changes a file's contents

p5.30-file-find-rule-perl @1.160.0 (perl)
File::Find::Rule::Perl - Common rules for searching for Perl things

p5.30-pod-elemental-perlmunger @0.200.7 (perl)
Pod::Elemental::PerlMunger - a thing that takes a string of Perl and rewrites its documentation

p5.30-ppix-quotelike @0.23.0 (perl)
PPIx::QuoteLike - Parse Perl string literals and string-literal-like things.

p5.30-role-basic @0.160.0 (perl)
Role::Basic - Just roles. Nothing else.

p5.30-role-hasmessage @0.7.0 (perl)
Role::HasMessage - a thing with a message method

p5.30-role-identifiable @0.9.0 (perl)
Role::Identifiable - a thing you can identify somehow

p5.30-safe-isa @1.0.10 (perl)
Safe::Isa - Call isa, can, does and DOES safely on things that may not be objects

p5.32-asa @1.40.0 (perl)
asa - Lets your class/object say it works like something else

p5.32-cpan-uploader @0.103.18 (perl)
CPAN::Uploader - upload things to the CPAN

p5.32-dist-zilla-role-filewatcher @0.6.0 (perl)
Dist::Zilla::Role::FileWatcher - Receive notification when something changes a file's contents

p5.32-file-find-rule-perl @1.160.0 (perl)
File::Find::Rule::Perl - Common rules for searching for Perl things

p5.32-pod-elemental-perlmunger @0.200.7 (perl)
Pod::Elemental::PerlMunger - a thing that takes a string of Perl and rewrites its documentation

p5.32-ppix-quotelike @0.23.0 (perl)
PPIx::QuoteLike - Parse Perl string literals and string-literal-like things.

p5.32-role-basic @0.160.0 (perl)
Role::Basic - Just roles. Nothing else.

p5.32-role-hasmessage @0.7.0 (perl)
Role::HasMessage - a thing with a message method

p5.32-role-identifiable @0.9.0 (perl)
Role::Identifiable - a thing you can identify somehow

p5.32-safe-isa @1.0.10 (perl)
Safe::Isa - Call isa, can, does and DOES safely on things that may not be objects

p5.34-asa @1.40.0 (perl)
asa - Lets your class/object say it works like something else

p5.34-cpan-uploader @0.103.18 (perl)
CPAN::Uploader - upload things to the CPAN

p5.34-dist-zilla-role-filewatcher @0.6.0 (perl)
Dist::Zilla::Role::FileWatcher - Receive notification when something changes a file's contents

p5.34-file-find-rule-perl @1.160.0 (perl)
File::Find::Rule::Perl - Common rules for searching for Perl things

p5.34-pod-elemental-perlmunger @0.200.7 (perl)
Pod::Elemental::PerlMunger - a thing that takes a string of Perl and rewrites its documentation

p5.34-ppix-quotelike @0.23.0 (perl)
PPIx::QuoteLike - Parse Perl string literals and string-literal-like things.

p5.34-role-basic @0.160.0 (perl)
Role::Basic - Just roles. Nothing else.

p5.34-role-hasmessage @0.7.0 (perl)
Role::HasMessage - a thing with a message method

p5.34-role-identifiable @0.9.0 (perl)
Role::Identifiable - a thing you can identify somehow

p5.34-safe-isa @1.0.10 (perl)
Safe::Isa - Call isa, can, does and DOES safely on things that may not be objects

pick @4.0.0 (devel)
Command-line tool to fuzzy select anything

R-anytime @0.3.10 (R, science)
Anything to POSIXct or Date Converter

R-aws @2.5-5_1 (R, science, math)
Adaptive Weights Smoothing

R-bigsplines @1.1-1_1 (R, science, math)
Smoothing splines for large samples

R-cbass @0.1_1 (R, science, math)
Multiclass Classification version of Bayesian Adaptive Smoothing Splines (CBASS)

R-cobs @1.3-8_1 (R, science, math)
Qualitatively constrained (regression) smoothing splines via linear programming and sparse matrices

R-eBsc @4.17_1 (R, science, math)
Empirical Bayes smoothing splines with correlated errors

R-esemifar @2.0.1 (R, science, math)
Smoothing for long-memory time series

R-expsmooth @2.3_1 (R, science)
Data sets from Forecasting with Exponential Smoothing (2008)

R-GoFKernel @2.1-3 (R, science, math)
Tests of goodness-of-fit based on a kernel smoothing of the data

R-gss @2.2-8 (R, science, math)
General Smoothing Splines

R-kdecopula @0.9.2_1 (R, science, math)
Kernel smoothing for bivariate copula densities

R-KernSmooth @2.23-24 (R, science)
Functions for kernel smoothing (and density estimation)

R-ks @1.14.3 (R, science, math)
Kernel Smoothing

R-kzs @1.4_1 (R, science, math)
Kolmogorov–Zurbenko spatial smoothing and applications

R-lokern @1.1-12 (R, science, math)
Kernel regression smoothing with local or global plug-in bandwidth

R-LPGraph @2.1_1 (R, science, math)
Non-parametric smoothing of Laplacian graph spectra

R-matahari @0.1.3_1 (R, science, sysutils)
Conveniently log everything you type into the R console

R-np @0.60-18 (R, science, math)
Nonparametric kernel smoothing methods for mixed data types

R-pspline @1.0-21 (R, science, math)
Penalized Smoothing Splines

R-Rlgt @0.2-2 (R, science, math)
Bayesian exponential smoothing models with trend modifications

R-sm @2.2-6.0_1 (R, science, math)
Smoothing methods for non-parametric regression and density estimation

R-smoother @1.3_1 (R, science, finance)
Functions related to the smoothing of numerical data

R-WH @1.1.2 (R, science, math)
Enhanced implementation of Whittaker–Henderson smoothing

R-xopen @1.0.1 (R, science, devel)
Open system files, URLs, anything

syncthing @2.0.13 (net)
Open Source Continuous File Synchronization

syncthing-macos @2.0.3+1 (net, aqua)
Frugal and native macOS Syncthing application bundle

syncthingtray @0.10.3 (net)
Tray application and Dolphin/Plasma integration for Syncthing.

topgrade @16.7.0 (sysutils)
Upgrade all the things

unp @2.0_2 (archivers)
unpack (almost) everything with one command

zola @0.22.1 (www, devel)
A fast static site generator in a single binary with everything built-in.

Found 94 ports.
