advancescan @1.18 (archivers)
command line rom manager for many emulators

aewm @1.3.12 (x11, x11-wm)
aewm is a minimalist window manager for X11.

AfterStep @2.2.11_2 (x11)
Window Manager based on NeXTStep interface.

alertmanager @0.27.0 (sysutils)
The Alertmanager handles alerts sent by client applications such as the Prometheus server.

antibody @6.1.1_1 (sysutils)
The fastest shell plugin manager

apache-ivy @2.4.0 (devel, java)
Dependency manager for Apache Ant

asdf @0.18.0 (sysutils, devel)
Extendable version manager with support for Ruby, Node.js, Elixir, Erlang & more

awesome @3.5.6_2 (x11, x11-wm)
awesome is a tiling window manager

barman @3.17.0 (databases)
Backup and Recovery Manager for PostgreSQL

beets @2.3.1 (audio)
music library manager and MusicBrainz tagger

beets-devel @20250729 (audio)
music library manager and MusicBrainz tagger

beets-follow @20210908 (audio)
Plugin for the music library manager Beets. Follow artists from your library using muspy.com

beets-mosaic @0.9.1 (audio)
Plugin for the music library manager Beets. The mosaic plugin generates a montage of a mosiac from cover art.

bitwarden-cli @2025.9.0 (security)
Bitwarden password manager CLI

blackbox @0.76 (x11, x11-wm)
blackbox is a fast, light window manager

blt @2.5.3_1 (x11)
BLT is an extension to the Tk toolkit, adding new widgets, geometry managers, and miscellaneous commands.

boilr @0.5.1 (devel)
boilerplate template manager that generates files or directories from template repositories

buku @5.0 (python, www)
A command-line bookmark manager

byobu @6.13 (sysutils)
open source text-based window manager and terminal multiplexer

cargo @0.94.0 (devel)
The Rust package manager

carthage @0.40.0 (devel)
A simple, decentralized dependency manager for Cocoa

ccm @2.8.4 (databases)
Cassandra Cluster Manager

cert-manager-cli @1.6.1 (sysutils)
CLI for cert-manager, which automatically provisions and manages TLS certificates in Kubernetes

cfiles @1.8 (sysutils)
A ncurses file manager written in C with vim like keybindings

cfm @0.6.6 (sysutils)
Cactus File Manager

cl-cookie @20220620 (lisp, devel)
HTTP cookie manager for Common Lisp

cl-quicklisp @2015-01-28 (devel)
Quicklisp is a library manager for Common Lisp

clex @4.7 (sysutils)
file manager with curses interface

clib @2.8.7 (devel)
Package manager for the C programming language.

clifm @1.26.3 (sysutils)
Command Line Interface File Manager

ctpv @1.1 (graphics)
Image previews for lf file manager

cwm @6.7_1 (x11)
OpenBSD's cwm --- calm window manager

danectl @0.8.4 (security)
DNSSEC DANE implementation manager

daytona @0.35.0 (devel)
The Open Source Dev Environment Manager

DesktopManager @0.5.3_1 (aqua)
Virtual Desktops for Mac OS X

dmux @0.6.2 (sysutils)
A tmux workspace manager

doneyet @1.1.2 (office)
A NCurses based To-Do list manager!

DPCIManager @2.0_9 (sysutils, aqua)
Simple app for viewing PCI hardware info

dstask @1.0 (office)
Single binary terminal-based TODO manager with git-based sync + markdown notes per task

dvtm @0.15 (sysutils)
Dynamic Virtual Terminal Manager

e17 @0.16.999.55225 (x11)
Enlightenment windowmanager DR17

enlightenment @1.0.7 (x11, x11-wm)
Enlightenment is a highly configurable windowmanager.

enlightenment-docs @0.16.7 (x11, x11-wm)
Documentation for the Enlightenment windowmanager.

evilwm @1.1.1 (x11, x11-wm)
A minimalist window manager for the X Window System.

felix @2.16.0 (sysutils)
tui file manager with vim-like key mapping

ffmpegthumbnailer @2.2.2_1 (multimedia, gnome, x11)
Lightweight video thumbnailer that can be used by file managers to create thumbnails for video files

file-roller @3.42.0 (gnome)
An archive manager for GNOME

fluxbox @1.3.7_2 (x11, x11-wm)
Lightweight window manager based on Blackbox 0.61.1

fnm @1.38.1 (devel)
Fast and simple Node.js version manager, built in Rust

font-manager @0.9.4 (sysutils, office, print)
Simple font management application for GTK Desktop Environments

fontmatrix @0.9.100_1 (sysutils, print)
Free font collections manager

fpm @0.11.0 (devel, fortran)
Fortran Package Manager

fvwm2 @2.7.0 (x11, x11-wm)
Version 2.x of FVWM, an X11 window manager.

gdbm @1.26 (databases)
The GNU database manager

gdm @3.16.4_1 (gnome)
The Gnome Display Manager is a re-implementation of the well known xdm program.

geek-life @0.1.3 (office)
The Todo List / Task Manager for Geeks in command line

glasskube @0.26.1 (devel)
Missing Package Manager for Kubernetes

gnome-photos @3.24.5_3 (gnome)
Photo manager for GNOME.

gnotime @2.4.1 (gnome)
A GNOME project manager.

gnu-pw-mgr @2.7.4 (security)
password manager to reconstruct difficult passwords

goful @0.2.1 (sysutils)
Goful is a CUI file manager written in Go.

gokey @0.2.0 (security)
A simple vaultless password manager in Go

gopass @1.16.1 (security)
The slightly more awesome Standard Unix Password Manager for Teams

grisbi @3.0.3 (gnome, finance)
easy Personnal Finance Manager

grit @0.3.0 (office)
A multitree-based personal task manager

gwget @1.0.4_4 (gnome, net)
Gwget is a Download Manager for Gnome 2. It uses wget as a backend.

gworkspace @0.8.6 (gnustep)
GNUstep's Workspace Manager.

hatch @1.16.3 (python, devel)
Hatch is a modern, extensible Python project manager.

helm-2.12 @2.12.3 (sysutils)
Kubernetes package manager

helm-2.13 @2.13.1 (sysutils)
Kubernetes package manager

helm-2.14 @2.14.2 (sysutils)
Kubernetes package manager

helm-2.15 @2.15.2 (sysutils)
Kubernetes package manager

helm-2.16 @2.16.12 (sysutils)
Kubernetes package manager

helm-2.17 @2.17.0 (sysutils)
Kubernetes package manager

helm-3.0 @3.0.3 (sysutils)
Kubernetes package manager

helm-3.1 @3.1.1 (sysutils)
Kubernetes package manager

helm-3.2 @3.2.4 (sysutils)
Kubernetes package manager

helm-3.3 @3.3.4 (sysutils)
Kubernetes package manager

helm-3.4 @3.4.2 (sysutils)
Kubernetes package manager

helm-3.5 @3.5.4 (sysutils)
Kubernetes package manager

helm-3.6 @3.6.3_3 (sysutils)
Kubernetes package manager

helm-3.7 @3.7.2_3 (sysutils)
Kubernetes package manager

helm-3.8 @3.8.2 (sysutils)
Kubernetes package manager

helm-3.9 @3.9.4 (sysutils)
Kubernetes package manager

helm-3.10 @3.10.3 (sysutils)
Kubernetes package manager

helm-3.11 @3.11.3 (sysutils)
Kubernetes package manager

helm-3.12 @3.12.3 (sysutils)
Kubernetes package manager

helm-3.13 @3.13.3 (sysutils)
Kubernetes package manager

helm-3.14 @3.14.4 (sysutils)
Kubernetes package manager

helm-3.15 @3.15.4 (sysutils)
Kubernetes package manager

helm-3.16 @3.16.4 (sysutils)
Kubernetes package manager

helm-3.17 @3.17.4 (sysutils)
Kubernetes package manager

helm-3.18 @3.18.6 (sysutils)
Kubernetes package manager

helm-3.19 @3.19.5 (sysutils)
Kubernetes package manager

helm-4.0 @4.0.5 (sysutils)
Kubernetes package manager

helm-4.1 @4.1.0 (sysutils)
Kubernetes package manager

hem @0.3.3 (sysutils)
persistent ssh connection and tunnel manager

herbstluftwm @0.6.2 (x11, x11-wm)
herbstluftwm is a very configurable tiling window manager

hk @1.32.0 (devel)
The fastest git hook manager on the planet.

Hypr @1.1.4 (x11, sysutils)
Hypr is a dynamic tiling window manager for Xorg

i3 @4.18.1 (x11)
improved tiling window manager

icewm @1.2.37 (x11, x11-wm)
Lightweight window manager with a Windows or OS/2 look and feel

joshuto @0.9.9 (sysutils)
ranger-like terminal file manager written in Rust

jpm @20220615 (devel)
Janet Project Manager

jsonnet-bundler @0.6.0 (devel)
A jsonnet package manager

just-fast @2023.12.18 (sysutils)
Just Fast is CLI file manager

kb @0.1.7 (office, python)
A minimalist knowledge base manager

kbs2 @0.7.3 (security)
A secret manager backed by age

KeePassX @2.0.3 (security, aqua)
KeePassX is a password manager compatiable with KeePass

kget @4.14.3_12 (kde, kde4)
KGet is a versatile and user-friendly download manager.

kitlist @1.1.0_1 (office, pim)
A list manager for managing kit

krusader @2.4.0-beta3_2 (kde, kde4)
Advanced twin panel (commander style) file manager for KDE.

lefthook @2.0.4 (devel)
Fast and powerful Git hooks manager for any type of projects.

lf @40 (sysutils)
Terminal file manager

libmamba @1.5.8_1 (devel)
a reimplementation of the conda package manager in C++

libprelude @5.2.0_1 (security)
Secure Connections between all Sensors and the Prelude Manager

lua-luarocks @3.9.2 (lua, devel)
Manager for rocks, lua extensions.

lua51-luarocks @3.9.2 (lua, devel)
Manager for rocks, lua extensions.

lua52-luarocks @3.9.2 (lua, devel)
Manager for rocks, lua extensions.

lua53-luarocks @3.9.2 (lua, devel)
Manager for rocks, lua extensions.

lua54-luarocks @3.9.2 (lua, devel)
Manager for rocks, lua extensions.

mailman @2.1.29 (mail)
Mailman, the GNU Mailing List Manager

metacity @3.52.0 (gnome, x11-wm)
A window manager for the adult in you.

micromamba @1.5.8_1 (devel, sysutils)
a tiny version of the mamba package manager

mint @0.18.0 (devel)
A package manager that installs and runs executable Swift packages

mlmmj @1.4.7 (mail)
A simple and slim mailing list manager

Mousecape @1813 (aqua, sysutils)
Cursor Manager for macOS/OS X

mplayerthumbs @4.14.3_3 (kde, kde4)
MPlayerThumbs is a thumbnail generator for all KDE file managers.

mysql-zrm @3.0_3 (databases, sysutils)
Zmanda Recovery Manager for MySQL

nautilus @3.24.2.1_6 (gnome)
The GNOME filemanager

ndmanager2 @2.0.0_2 (science)
Simple graphical application to help manage experimental recording parameters and process data

nnn @5.1 (sysutils)
tiny, lightning fast, feature-packed file manager

npm3 @3.10.10_3 (devel)
node package manager

npm4 @4.6.1_2 (devel)
node package manager

npm5 @5.10.0_1 (devel)
node package manager

npm6 @6.14.18 (devel)
node package manager

npm7 @7.24.2 (devel)
node package manager

npm8 @8.19.4 (devel)
node package manager

npm9 @9.9.4 (devel)
node package manager

npm10 @10.9.3 (devel)
node package manager

npm11 @11.8.0 (devel)
node package manager

nvm @0.40.3 (devel)
Node version manager

opam @2.5.0 (ocaml, sysutils)
OPAM is a package manager for OCaml

openbox @3.6.1 (x11)
A highly configurable and standards-compliant window manager

oroborus @2.0.18_1 (x11, x11-wm)
Oroborus basically is a really minimalistic window manager.

p5-dbix-admin-dsnmanager @2.20.0 (perl)
DBIx::Admin::DSNManager - Manage a file of DSNs, for both testing and production

p5-dist-zilla-pluginbundle-git-versionmanager @0.7.0 (perl)
Dist::Zilla::PluginBundle::Git::VersionManager - A plugin bundle that manages your version in git

p5-fcgi-procmanager @0.280.0 (perl)
FCGI::ProcManager - functions for managing FastCGI applications.

p5-fey-dbimanager @0.160.0_3 (perl)
Fey::DBIManager - Manage a set of DBI handles

p5-layout-manager @0.350.0 (perl)
Layout::Manager - 2D Layout Management

p5-package-deprecationmanager @0.180.0 (perl)
Manage deprecation warnings for your distribution

p5-parallel-forkmanager @2.40.0 (perl)
Parallel::ForkManager - A simple parallel processing fork manager

p5.28-dbix-admin-dsnmanager @2.20.0 (perl)
DBIx::Admin::DSNManager - Manage a file of DSNs, for both testing and production

p5.28-dist-zilla-pluginbundle-git-versionmanager @0.7.0 (perl)
Dist::Zilla::PluginBundle::Git::VersionManager - A plugin bundle that manages your version in git

p5.28-fcgi-procmanager @0.280.0 (perl)
FCGI::ProcManager - functions for managing FastCGI applications.

p5.28-fey-dbimanager @0.160.0_3 (perl)
Fey::DBIManager - Manage a set of DBI handles

p5.28-layout-manager @0.350.0 (perl)
Layout::Manager - 2D Layout Management

p5.28-package-deprecationmanager @0.180.0 (perl)
Manage deprecation warnings for your distribution

p5.28-parallel-forkmanager @2.40.0 (perl)
Parallel::ForkManager - A simple parallel processing fork manager

p5.30-dbix-admin-dsnmanager @2.20.0 (perl)
DBIx::Admin::DSNManager - Manage a file of DSNs, for both testing and production

p5.30-dist-zilla-pluginbundle-git-versionmanager @0.7.0 (perl)
Dist::Zilla::PluginBundle::Git::VersionManager - A plugin bundle that manages your version in git

p5.30-fcgi-procmanager @0.280.0 (perl)
FCGI::ProcManager - functions for managing FastCGI applications.

p5.30-fey-dbimanager @0.160.0_3 (perl)
Fey::DBIManager - Manage a set of DBI handles

p5.30-layout-manager @0.350.0 (perl)
Layout::Manager - 2D Layout Management

p5.30-package-deprecationmanager @0.180.0 (perl)
Manage deprecation warnings for your distribution

p5.30-parallel-forkmanager @2.40.0 (perl)
Parallel::ForkManager - A simple parallel processing fork manager

p5.32-dbix-admin-dsnmanager @2.20.0 (perl)
DBIx::Admin::DSNManager - Manage a file of DSNs, for both testing and production

p5.32-dist-zilla-pluginbundle-git-versionmanager @0.7.0 (perl)
Dist::Zilla::PluginBundle::Git::VersionManager - A plugin bundle that manages your version in git

p5.32-fcgi-procmanager @0.280.0 (perl)
FCGI::ProcManager - functions for managing FastCGI applications.

p5.32-fey-dbimanager @0.160.0_3 (perl)
Fey::DBIManager - Manage a set of DBI handles

p5.32-layout-manager @0.350.0 (perl)
Layout::Manager - 2D Layout Management

p5.32-package-deprecationmanager @0.180.0 (perl)
Manage deprecation warnings for your distribution

p5.32-parallel-forkmanager @2.40.0 (perl)
Parallel::ForkManager - A simple parallel processing fork manager

p5.34-dbix-admin-dsnmanager @2.20.0 (perl)
DBIx::Admin::DSNManager - Manage a file of DSNs, for both testing and production

p5.34-dist-zilla-pluginbundle-git-versionmanager @0.7.0 (perl)
Dist::Zilla::PluginBundle::Git::VersionManager - A plugin bundle that manages your version in git

p5.34-fcgi-procmanager @0.280.0 (perl)
FCGI::ProcManager - functions for managing FastCGI applications.

p5.34-fey-dbimanager @0.160.0_3 (perl)
Fey::DBIManager - Manage a set of DBI handles

p5.34-layout-manager @0.350.0 (perl)
Layout::Manager - 2D Layout Management

p5.34-package-deprecationmanager @0.180.0 (perl)
Manage deprecation warnings for your distribution

p5.34-parallel-forkmanager @2.40.0 (perl)
Parallel::ForkManager - A simple parallel processing fork manager

pass @1.7.4_3 (security)
pass is the standard unix password manager

pass-import @0.1_1 (security)
A generic importer extension for the standard unix password manager pass.

phoenix @1.2 (aqua)
The lightweight macOS window manager for hackers.

pnpm @10.28.1 (devel)
Fast, disk space efficient package manager

poac @0.6.0_2 (sysutils)
Package Manager for C++

prelude-manager @5.2.0_1 (security)
collects and normalize security events from Prelude sensors

ProjectManager @0.2_1 (gnustep)
Integrated Development Environment (IDE) for GNUstep

py-async-timeout @4.0.3 (python, devel)
asyncio-compatible timeout context manager.

py-jaraco.context @6.1.0 (python, devel)
Context managers by jaraco

py-proglog @0.1.10 (python, devel)
Log and progress bar manager for console, notebooks, web...

py-pythonz @1.11.4 (python)
Python installation manager supporting CPython, Stackless, PyPy and Jython

py-rich-theme-manager @0.11.0 (python, devel)
Manage rich themes for CLI applications

py-s3transfer @0.13.1 (python)
An Amazon S3 Transfer Manager

py-smmap @6.0.0 (python)
Pure python sliding memory map manager

py-sqlobject @3.11.0 (python, databases)
Object-Relational Manager, aka database wrapper

py-stopit @1.1.2 (python, devel)
Timeout control decorator and context managers.

py-supervisor @4.3.0 (python)
Process manager for UNIX-like OSs

py-tmuxp @1.64.0 (python, devel)
tmux session manager.

py-wurlitzer @3.1.1 (python, devel)
Capture C-level output in context managers

py39-pythonz @1.11.4 (python)
Python installation manager supporting CPython, Stackless, PyPy and Jython

py39-wurlitzer @3.1.1 (python, devel)
Capture C-level output in context managers

py310-async-timeout @4.0.3 (python, devel)
asyncio-compatible timeout context manager.

py310-jaraco.context @6.1.0 (python, devel)
Context managers by jaraco

py310-proglog @0.1.10 (python, devel)
Log and progress bar manager for console, notebooks, web...

py310-rich-theme-manager @0.11.0 (python, devel)
Manage rich themes for CLI applications

py310-s3transfer @0.13.1 (python)
An Amazon S3 Transfer Manager

py310-smmap @6.0.0 (python)
Pure python sliding memory map manager

py310-stopit @1.1.2 (python, devel)
Timeout control decorator and context managers.

py310-tmuxp @1.64.0 (python, devel)
tmux session manager.

py310-wurlitzer @3.1.1 (python, devel)
Capture C-level output in context managers

py311-async-timeout @4.0.3 (python, devel)
asyncio-compatible timeout context manager.

py311-jaraco.context @6.1.0 (python, devel)
Context managers by jaraco

py311-rich-theme-manager @0.11.0 (python, devel)
Manage rich themes for CLI applications

py311-s3transfer @0.13.1 (python)
An Amazon S3 Transfer Manager

py311-smmap @6.0.0 (python)
Pure python sliding memory map manager

py311-stopit @1.1.2 (python, devel)
Timeout control decorator and context managers.

py311-tmuxp @1.64.0 (python, devel)
tmux session manager.

py311-wurlitzer @3.1.1 (python, devel)
Capture C-level output in context managers

py312-async-timeout @4.0.3 (python, devel)
asyncio-compatible timeout context manager.

py312-jaraco.context @6.1.0 (python, devel)
Context managers by jaraco

py312-rich-theme-manager @0.11.0 (python, devel)
Manage rich themes for CLI applications

py312-s3transfer @0.13.1 (python)
An Amazon S3 Transfer Manager

py312-smmap @6.0.0 (python)
Pure python sliding memory map manager

py312-sqlobject @3.11.0 (python, databases)
Object-Relational Manager, aka database wrapper

py312-stopit @1.1.2 (python, devel)
Timeout control decorator and context managers.

py312-supervisor @4.3.0 (python)
Process manager for UNIX-like OSs

py312-tmuxp @1.64.0 (python, devel)
tmux session manager.

py312-wurlitzer @3.1.1 (python, devel)
Capture C-level output in context managers

py313-async-timeout @4.0.3 (python, devel)
asyncio-compatible timeout context manager.

py313-jaraco.context @6.1.0 (python, devel)
Context managers by jaraco

py313-rich-theme-manager @0.11.0 (python, devel)
Manage rich themes for CLI applications

py313-s3transfer @0.13.1 (python)
An Amazon S3 Transfer Manager

py313-smmap @6.0.0 (python)
Pure python sliding memory map manager

py313-supervisor @4.3.0 (python)
Process manager for UNIX-like OSs

py313-tmuxp @1.64.0 (python, devel)
tmux session manager.

py313-wurlitzer @3.1.1 (python, devel)
Capture C-level output in context managers

py314-jaraco.context @6.1.0 (python, devel)
Context managers by jaraco

py314-s3transfer @0.13.1 (python)
An Amazon S3 Transfer Manager

py314-smmap @6.0.0 (python)
Pure python sliding memory map manager

py314-tmuxp @1.64.0 (python, devel)
tmux session manager.

py314-wurlitzer @3.1.1 (python, devel)
Capture C-level output in context managers

QtPass @1.4.0 (aqua, security)
QtPass is a multi-platform GUI for pass, the standard unix password manager.

quartz-wm @1.3.2_1 (x11)
Apple's Window Manager for X11

quodlibet @4.7.1 (python, audio, gnome)
audio library manager and player for GTK+

R-adbcdrivermanager @0.14.0 (R, science, databases)
Arrow Database Connectivity (ADBC) driver manager

R-BiocManager @1.30.25 (R, science, bioconductor)
Access the Bioconductor project package repository

R-jetpack @0.5.5_1 (R, science, devel)
Friendly package manager

R-RefManageR @1.4.0_1 (R, science)
Straightforward BibTeX and BibLaTeX bibliography management

R-settings @0.2.7_1 (R, science)
Software option settings manager for R

ranger @1.9.4_2 (sysutils)
ranger is a file manager with VI key bindings.

ratpoison @1.4.5 (x11, x11-wm)
Ratpoison is a simple Window Manager

rb19-foreman @0.63.0 (ruby, www, devel)
Process manager for applications with multiple components

resticprofile @0.32.0 (sysutils)
Configuration profiles manager and scheduler for restic

roswell @22.12.14.113 (devel)
A Lisp implementation manager, launcher, and much more!

rotz @1.2.1 (sysutils)
Fully cross platform dotfile manager and dev environment bootstrapper written in Rust.

rox-filer @2.8 (x11)
fast and powerful file manager

rvm @1.11 (sysutils, net)
archive manager to manage backups of multiple clients

sawfish @1.3_2 (x11)
A lisp-based extensible window manager

screen @5.0.1 (sysutils)
Screen manager with VT100/ANSI terminal emulation

screen4 @4.9.1 (sysutils)
Screen manager with VT100/ANSI terminal emulation

secrets @9.4 (gnome, security, sysutils)
Password manager for GNOME

sfm @0.4_1 (sysutils)
Simple file manager

shards @0.20.0 (devel)
dependency manager for crystal

smlpkg @0.1.5 (devel, ml)
Generic package manager for Standard ML libraries and programs

smproxy @1.0.6 (x11)
X11 Session Manager

smug @0.3.13 (sysutils)
A session manager for tmux written in Go

sqlpkg-cli @0.2.3 (devel, databases)
SQLite Package Manager

ssh-manager @1.75.0 (security)
SSH Key Manager for Bitwarden and 1Password

superfile @1.5.0 (sysutils)
Pretty fancy and modern terminal file manager

sympa @6.2.68 (mail)
Sympa - Mailing List Manager with LDAP support

taglib-extras @1.0.1_5 (audio)
Taglib plugins for various filetypes supported by Amarok, the KDE music manager.

telepathy-idle @0.2.0_4 (comms)
The telepathy-idle IRC connection manager component of Telepathy - a Flexible Communications Framework

telepathy-rakia @0.8.0_1 (comms)
Telepathy-Rakia is a SIP connection manager (protocol plugin) for the Telepathy framework.

tenv @4.9.0 (sysutils)
OpenTofu / Terraform / Terragrunt / Atmos version manager

tfenv @3.0.0 (sysutils)
Terraform version manager

Thunar @4.16.10 (xfce)
Thunar is a modern file manager for the Unix/Linux desktop

timoni @0.25.2 (sysutils)
Timoni is a package manager for Kubernetes, powered by CUE and inspired by Helm.

TkPasMan @2.2b (x11, security)
Manager for usernames and passwords

treeline @3.2.1 (office, pim, python)
Advanced outliner and personal information manager

twm @1.0.10 (x11, x11-wm)
Tab Window Manager for X11

upt @0.12_5 (sysutils, python)
Package software from any package manager to any distribution

uv @0.9.26 (devel, python)
Extremely fast Python package and project manager

vifm @0.14.3 (sysutils)
ncurses based file manager with vi like keybindings

virt-manager @5.1.0_3 (gnome, emulators)
Virtual Machine Manager

vrc-get @1.9.1 (devel, games)
Fast open-source command line client of VRChat Package Manager

windowmaker @0.96.0_1 (x11, x11-wm)
Window Maker is a X11 window manager supporting GNUstep

wmctrl @1.07 (x11)
interact with an EWMH/NetWM compatible X Window Manager

wmii @3.1_1 (x11, x11-wm)
Window Manager Improved is a dynamic window manager for X11

worker @2.17.4 (x11)
highly configurable two-paned file manager for X

xcompmgr @1.1.8 (x11)
sample compositing manager for X11

xdm @1.1.12 (x11)
X11 display manager with support for XDMCP, host chooser

xfce4-session @4.12.1_1 (xfce)
Session manager for the Xfce desktop environment.

xfce4-settings @4.16.2 (xfce)
Settings Manager that replaces the previous xfce-mcs-manager

xfdesktop @4.12.4_1 (xfce)
A desktop manager for the Xfce Desktop Environment

xfe @2.1.1 (x11)
X File Explorer (Xfe) is an MS-Explorer like file manager for X.

xfindproxy @1.0.4_1 (x11)
xfindproxy utilizes the Proxy Management Protocol to communicate with a proxy manager to locate available X11 proxy services.

xfwm4 @4.12.5 (xfce)
The window manager for Xfce

xmlcatmgr @2.2_1 (textproc)
SGML and XML catalog manager

xsm @1.0.4 (x11)
X11 session manager

yabai @7.1.15 (sysutils)
A tiling window manager for macOS based on binary space partitioning

yadm @3.5.0 (sysutils)
Yet Another Dotfiles Manager

yarn @1.22.22 (devel)
JavaScript dependency manager

yazi @26.1.22 (sysutils)
Blazing fast terminal file manager written in Rust, based on async I/O.

ytree @2.10 (sysutils)
Ytree - a (curses-based) file manager similar to DOS Xtree(tm)

yubikey-manager @5.9.0 (security, python)
Tool ("ykman") for managing your YubiKey configuration.

yubikey-manager4 @4.0.9_2 (security, python)
Tool ("ykman") for managing your YubiKey configuration.

zsh-fpm-completions @0.2 (sysutils, shells, fortran)
Command-line completion functions for the Fortran Package Manager

Found 307 ports.
