advancescan @1.18 (archivers)
command line rom manager for many emulators

amavisd-new @2.11.1_1 (mail)
amavisd-new is a high-performance interface between mailer (MTA) and content checkers: virus scanners, and/or SpamAssassin.

arp-scan @1.10.0 (net)
ARP scanning and fingerprinting tool

dalfox @2.12.0 (security)
DalFox is an powerful open source XSS scanning tool & parameter analyzer

ftpmap @0.4_1 (net)
Scans remote FTP servers to see what ftpd is used

gitleaks @8.30.0 (security)
Scan git repos (or files) for secrets using regex and entropy

gosec @2.22.8 (security)
Golang security checker. Inspects source code for security problems by scanning the Go AST.

grype @0.107.1 (security)
A vulnerability scanner for container images and filesystems

gscan2pdf @2.13.2_1 (graphics)
A GUI to produce PDFs or DjVus from scanned documents

hyperscan @5.4.2_1 (textproc)
High-performance regular expression matching library.

ike-scan @1.9.5 (security, net)
ike-scan can discover and identify IPsec VPN systems running IKE.

jflex @1.9.1 (devel)
JFlex - The Fast Scanner Generator for Java

libksane @4.14.3_3 (kde, kde4)
A library for dealing with scannersLibKSane.

masscan @1.3.2 (net, security)
Mass IP port scanner

nbtscan @1.7.2 (security)
Scan networks for NetBIOS name information

nikto @2.5.0 (www, security)
Web server scanner

nmap @7.98 (net)
Port scanning utility for large networks

nuclei @3.6.2 (security)
Fast and customizable vulnerability scanner based on simple YAML based DSL.

ocrmypdf @16.13.0 (textproc)
ocrmypdf adds an OCR text layer to scanned PDF files, allowing them to be searched

p5-image-sane @5_2 (perl)
Image::Sane - Perl extension for the SANE (Scanner Access Now Easy) Project

p5-module-scandeps @1.370.0 (perl)
Module::ScanDeps - Recursively scan Perl code for dependencies

p5-nmap-scanner @1.0.0_5 (perl)
Perform and manipulate nmap scans using perl

p5-perl-prereqscanner @1.100.0 (perl)
Perl::PrereqScanner - a tool to scan your Perl code for its prerequisites

p5-perl-prereqscanner-scanner-distbuild @0.2.0 (perl)
Perl::PrereqScanner::Scanner::DistBuild - scan for Dist::Build dependencies

p5.28-image-sane @5_2 (perl)
Image::Sane - Perl extension for the SANE (Scanner Access Now Easy) Project

p5.28-module-scandeps @1.370.0 (perl)
Module::ScanDeps - Recursively scan Perl code for dependencies

p5.28-nmap-scanner @1.0.0_5 (perl)
Perform and manipulate nmap scans using perl

p5.28-perl-prereqscanner @1.100.0 (perl)
Perl::PrereqScanner - a tool to scan your Perl code for its prerequisites

p5.28-perl-prereqscanner-scanner-distbuild @0.2.0 (perl)
Perl::PrereqScanner::Scanner::DistBuild - scan for Dist::Build dependencies

p5.30-image-sane @5_2 (perl)
Image::Sane - Perl extension for the SANE (Scanner Access Now Easy) Project

p5.30-module-scandeps @1.370.0 (perl)
Module::ScanDeps - Recursively scan Perl code for dependencies

p5.30-nmap-scanner @1.0.0_5 (perl)
Perform and manipulate nmap scans using perl

p5.30-perl-prereqscanner @1.100.0 (perl)
Perl::PrereqScanner - a tool to scan your Perl code for its prerequisites

p5.30-perl-prereqscanner-scanner-distbuild @0.2.0 (perl)
Perl::PrereqScanner::Scanner::DistBuild - scan for Dist::Build dependencies

p5.32-image-sane @5_2 (perl)
Image::Sane - Perl extension for the SANE (Scanner Access Now Easy) Project

p5.32-module-scandeps @1.370.0 (perl)
Module::ScanDeps - Recursively scan Perl code for dependencies

p5.32-nmap-scanner @1.0.0_5 (perl)
Perform and manipulate nmap scans using perl

p5.32-perl-prereqscanner @1.100.0 (perl)
Perl::PrereqScanner - a tool to scan your Perl code for its prerequisites

p5.32-perl-prereqscanner-scanner-distbuild @0.2.0 (perl)
Perl::PrereqScanner::Scanner::DistBuild - scan for Dist::Build dependencies

p5.34-image-sane @5_2 (perl)
Image::Sane - Perl extension for the SANE (Scanner Access Now Easy) Project

p5.34-module-scandeps @1.370.0 (perl)
Module::ScanDeps - Recursively scan Perl code for dependencies

p5.34-nmap-scanner @1.0.0_5 (perl)
Perform and manipulate nmap scans using perl

p5.34-perl-prereqscanner @1.100.0 (perl)
Perl::PrereqScanner - a tool to scan your Perl code for its prerequisites

p5.34-perl-prereqscanner-scanner-distbuild @0.2.0 (perl)
Perl::PrereqScanner::Scanner::DistBuild - scan for Dist::Build dependencies

php-htscanner @1.0.1_1 (php, www)
a PHP extension to enable the use of per-directory htaccess-like PHP configuration files

php53-htscanner @1.0.1_1 (php, www)
a PHP extension to enable the use of per-directory htaccess-like PHP configuration files

php54-htscanner @1.0.1_1 (php, www)
a PHP extension to enable the use of per-directory htaccess-like PHP configuration files

php55-htscanner @1.0.1_1 (php, www)
a PHP extension to enable the use of per-directory htaccess-like PHP configuration files

php56-htscanner @1.0.1_1 (php, www)
a PHP extension to enable the use of per-directory htaccess-like PHP configuration files

portsentry @1.2 (security)
port scan detection and active defense

py-hdbscan @0.8.33 (python, science)
A high performance implementation of HDBSCAN clustering.

py-ruamel-yaml-clib @0.2.15 (python)
the C based reader/scanner and emitter for ruamel.yaml

py-scandir @1.10.0 (python, devel)
Scandir, a better directory iterator and faster os.walk()

py-scanf @1.0_1 (python)
formatted input from standard input similar to scanf from C

py27-scandir @1.10.0 (python, devel)
Scandir, a better directory iterator and faster os.walk()

py27-scanf @1.0_1 (python)
formatted input from standard input similar to scanf from C

py310-hdbscan @0.8.33 (python, science)
A high performance implementation of HDBSCAN clustering.

py310-ruamel-yaml-clib @0.2.15 (python)
the C based reader/scanner and emitter for ruamel.yaml

py311-hdbscan @0.8.33 (python, science)
A high performance implementation of HDBSCAN clustering.

py311-ruamel-yaml-clib @0.2.15 (python)
the C based reader/scanner and emitter for ruamel.yaml

py312-ruamel-yaml-clib @0.2.15 (python)
the C based reader/scanner and emitter for ruamel.yaml

py313-ruamel-yaml-clib @0.2.15 (python)
the C based reader/scanner and emitter for ruamel.yaml

py314-ruamel-yaml-clib @0.2.15 (python)
the C based reader/scanner and emitter for ruamel.yaml

qrcp @0.11.3 (sysutils, net)
Transfer files over wifi from your computer to your mobile device by scanning a QR code without leaving the terminal.

qrscan @1.0.0 (graphics)
Scan a QR code in the terminal using a given PNG image.

R-dbscan @1.2-0 (R, science)
Density-Based Spatial Clustering of Applications with Noise

reflex @2.5.4-20241231 (devel)
a variant of the flex fast lexical scanner

rustscan @2.4.1_1 (net)
The Modern Port Scanner

sane-backends @1.3.1 (graphics)
Backends for scanner access

sane-frontends @1.0.15git (graphics)
Frontends for scanner access

scanssh @2.1_3 (net, security)
scanner for finding ssh servers and their software version

scantailor @0.2.9_2 (graphics, aqua)
A fork of the original scantailor: an interactive post-processing tool for scanned pages.

skipfish @2.10b_6 (security)
web application security scanner

sslscan @2.2.1 (net)
Fast SSL scanner

symlinks @1.4.3 (sysutils)
scan/change symbolic links

terrascan @1.19.9 (sysutils)
Detect compliance and security violations across Infrastructure as Code

tfsec @1.28.14 (security, sysutils)
Security scanner for your Terraform code

trivy @0.68.2 (security, sysutils)
A Simple and Comprehensive Vulnerability Scanner for Containers, Suitable for CI

umit @1.0_1 (net)
A graphical tool to scanner networks

unpaper @7.0.0_1 (graphics)
Post-processing scanned and photocopied book pages

urlscan @1.0.7_1 (mail, python)
extract and browse the URLs in an email

vectorscan @5.4.11 (textproc)
A portable fork of the high-performance regular expression matching library.

WW @2.2_1 (science, education)
A command line tool to disaggregate Scantron or ZipGrade pre- and post-test responses into Walstad and Wagner learning types (Walstad and Wagner 2016) and adjusts them for guessing (Smith and Wagner 2017).

zmap @4.3.4 (net)
ZMap is a fast network scanner

Found 84 ports.
