p5-carp-always @0.160.0 (perl)
Carp::Always - Warns and dies noisily with stack backtraces

p5-carp-assert @0.220.0 (perl)
Carp::Assert - executable comments

p5-carp-assert-more @2.9.0 (perl)
Carp::Assert::More - Convenience assertions for common situations

p5-carp-clan @6.80.0 (perl)
Report errors from perspective of caller of a clan of modules

p5-carp-clan-share @0.13.0 (perl)
Carp::Clan::Share - Share your Carp::Clan settings with your whole Clan

p5.28-carp-always @0.160.0 (perl)
Carp::Always - Warns and dies noisily with stack backtraces

p5.28-carp-assert @0.220.0 (perl)
Carp::Assert - executable comments

p5.28-carp-assert-more @2.9.0 (perl)
Carp::Assert::More - Convenience assertions for common situations

p5.28-carp-clan @6.80.0 (perl)
Report errors from perspective of caller of a clan of modules

p5.28-carp-clan-share @0.13.0 (perl)
Carp::Clan::Share - Share your Carp::Clan settings with your whole Clan

p5.30-carp-always @0.160.0 (perl)
Carp::Always - Warns and dies noisily with stack backtraces

p5.30-carp-assert @0.220.0 (perl)
Carp::Assert - executable comments

p5.30-carp-assert-more @2.9.0 (perl)
Carp::Assert::More - Convenience assertions for common situations

p5.30-carp-clan @6.80.0 (perl)
Report errors from perspective of caller of a clan of modules

p5.30-carp-clan-share @0.13.0 (perl)
Carp::Clan::Share - Share your Carp::Clan settings with your whole Clan

p5.32-carp-always @0.160.0 (perl)
Carp::Always - Warns and dies noisily with stack backtraces

p5.32-carp-assert @0.220.0 (perl)
Carp::Assert - executable comments

p5.32-carp-assert-more @2.9.0 (perl)
Carp::Assert::More - Convenience assertions for common situations

p5.32-carp-clan @6.80.0 (perl)
Report errors from perspective of caller of a clan of modules

p5.32-carp-clan-share @0.13.0 (perl)
Carp::Clan::Share - Share your Carp::Clan settings with your whole Clan

p5.34-carp-always @0.160.0 (perl)
Carp::Always - Warns and dies noisily with stack backtraces

p5.34-carp-assert @0.220.0 (perl)
Carp::Assert - executable comments

p5.34-carp-assert-more @2.9.0 (perl)
Carp::Assert::More - Convenience assertions for common situations

p5.34-carp-clan @6.80.0 (perl)
Report errors from perspective of caller of a clan of modules

p5.34-carp-clan-share @0.13.0 (perl)
Carp::Clan::Share - Share your Carp::Clan settings with your whole Clan

ucarp @1.5.2 (net)
userland implementation of the CARP

Found 26 ports.
