dante @1.4.4 (net)
A circuit-level firewall/proxy

ffsend @0.2.77 (net)
Easily and securely share files from the command line. A fully featured Firefox Send client.

firemime @0.9.4 (textproc)
callback-based interface for parsing MIME-encoded messages

fireworkx @2.2_1 (x11)
pyrotechnic simulation eye-candy for X11

fwknop @1.9.12_8 (net, security)
'FireWall KNock OPerator': a port knocker to Linux servers

fwknop-client @2.6.10_2 (net, security)
'FireWall KNock OPerator': a port knocker to Linux servers

geckodriver @0.30.0 (www)
Gecko (Firefox) driver for Selenium.

leiningen @2.11.2 (devel, java)
A build tool for Clojure designed to not set your hair on fire.

libdc1394 @2.2.6 (devel)
Library for Firewire IIDC Cameras

macos-fortress @2025.09.21 (net, security)
Firewall, Blackhole, and Privatizing Proxy for Trackers, Attackers, Malware, Adware, and Spammers

macos-fortress-dshield @2025.09.21 (net, security)
DShield is a community-based collaborative firewall log correlation system.

macos-fortress-pf @2025.09.21 (net, security)
PF Firewall with dshield, emergingthreats, and adaptive bruteforce blocks

mozplugger @1.14.6_1 (www, x11)
Use popular X11 applications as plugins for firefox

py-fire @0.7.0 (python)
A library for automatically generating command line interfaces.

py-pyhyphen @4.0.3 (python, textproc)
The hyphenation library of LibreOffice and FireFox wrapped for Python

py310-fire @0.7.0 (python)
A library for automatically generating command line interfaces.

py311-fire @0.7.0 (python)
A library for automatically generating command line interfaces.

py312-fire @0.7.0 (python)
A library for automatically generating command line interfaces.

py312-pyhyphen @4.0.3 (python, textproc)
The hyphenation library of LibreOffice and FireFox wrapped for Python

py313-fire @0.7.0 (python)
A library for automatically generating command line interfaces.

shadowfox-updater @2.2.0 (www)
An auto-updater for ShadowFox (a dark theme for Firefox).

tenfourfox @FPR32SPR5 (www)
Clone of Firefox, compatible with macOS 10.4+. This version corresponds to the latest released version of tenfourfox.

tenfourfox-devel @20240505-FPR32 (www)
Clone of Firefox, compatible with macOS 10.4+. Tracks latest commit on GitHub.

uagen @1.0.7_1 (mail)
A Firefox-User-Agent generator for Privoxy and Mozilla browsers

wstunnel @10.5.1 (net)
Tunnel all your traffic over Websocket or HTTP2 - Bypass firewalls/DPI

Found 25 ports.
