android-platform-tools-i386 @23.0.1 (java, devel)
Platform-Tools for Google Android SDK (adb and fastboot): legacy version for 32-bit Intel CPUs

android-platform-tools-no_sse4 @31.0.3 (java, devel)
Platform-Tools for Google Android SDK (adb and fastboot): legacy version for non-SSE4 64-bit Intel CPUs

autotrace @0.31.10_1 (graphics)
Convert bitmaps to vector graphics

bc @1.08.2 (math)
arbitrary precision numeric processing language

bit @1.1.2 (devel)
Bit is a modern Git CLI

bitchx @1.2.1_4 (irc)
BitchX - An IRC Client based on ircII w/ ANSI color and much much more.

bitcoin @28.1 (finance, crypto)
server daemon and client user interface for a peer-to-peer digital currency

bitkeeper @7.3.3_1 (devel)
BitKeeper is a fast, enterprise-ready, distributed SCM that scales up to very large projects and down to tiny ones.

bitlbee @3.6 (irc, net)
An IRC to other chat networks gateway

bitmap @1.0.9 (x11, graphics)
Bitmap editor and converter utilities for X11

bitstream-vera @1.10_2 (graphics)
Bitstream Vera Fonts for use with Freetype/Fontconfig

bittornado @0.3.18_2 (net, python)
bittorrent client and python module with enhancements

bittwist @1.1 (net, security)
Simple yet powerful libpcap-based Ethernet packet generator.

bitwarden-cli @2025.9.0 (security)
Bitwarden password manager CLI

bitwise @0.50 (devel)
Terminal based bit manipulator in ncurses.

bnbt @8.1r3 (net)
C++ BitTorrent tracker

boolector @3.2.4 (math, science)
an SMT solver for the theory of bit-vectors

bpack @3.2.0 (math, science)
ButterflyPACK is a mathematical software for rapidly solving large-scale dense linear systems that exhibit off-diagonal rank-deficiency

btfs @3.1 (fuse, net)
A bittorrent filesystem based on FUSE

btpd @0.16_3 (net)
Utility for sharing files over the BitTorrent network protocol

calc @2.16.1.1 (math)
Arbitrary precision calculator

cgminer @4.10.0 (finance)
ASIC/FPGA miner in c for bitcoin

cl-trivial-custom-debugger @20230814 (lisp, devel)
Allows arbitrary functions to become the standard Lisp debugger

codec2 @1.2.0 (audio)
Codec 2 is an open source speech codec designed for communications quality speech between 700 and 3200 bit/s

codegroup @20080907 (comms)
codegroup encodes and decodes arbitrary binary data in five-letter code groups, just like spies use!

colout @1.1_2 (textproc)
Color Up Arbitrary Command Ouput

cpuminer @2.5.1 (finance)
Multi-threaded CPU miner for Litecoin and Bitcoin

ctorrent @3.3.2_4 (net)
command line BitTorrent client

deluge @2.2.0 (net, gnome, python)
A GNOME BitTorrent client.

dijo @0.2.7_1 (office)
scriptable, curses-based, digital habit tracker

ditaa @0.11.0 (java, editors)
Java ASCII art to bitmap graphics conversion utility

dvi2bitmap @1.0 (graphics)
Utility to convert TeX DVI files directly to bitmaps

efont-unicode @0.4.2_1 (x11, fonts)
efont Unicode Bitmap Fonts

entr @5.7 (sysutils)
a utility for running arbitrary commands when files change.

epstool @3.08_13 (print)
create or extract preview images in EPS files, fix bounding boxes and convert to bitmaps

fend @1.5.7 (math)
Arbitrary-precision unit-aware calculator

fluent-bit @3.1.9 (sysutils)
Fast and Lightweight Log processor and forwarder

font-bitstream-75dpi @1.0.3_1 (x11, x11-font, graphics)
X.org Bitstream 75 DPI font

font-bitstream-100dpi @1.0.3_1 (x11, x11-font, graphics)
X.org Bitstream 100 DPI font

font-bitstream-speedo @1.0.2_1 (x11, x11-font, graphics)
X.org Bitstream Speedo fonts

font-bitstream-type1 @1.0.3_1 (x11, x11-font, graphics)
X.org Bitstream Type1 fonts

font-spleen @1.9.1 (x11, x11-font, graphics, fonts)
monospaced bitmapped font

fontforge @20230101_1 (graphics, fonts)
Outline and bitmap font editor/converter for many formats

fonttosfnt @1.2.2 (x11, graphics)
Wrap a bitmap font in a sfnt (TrueType) wrapper

gambit-c @4.9.3 (lang)
Gambit-C is a fast Scheme implementation.

git-credential-oauth @0.17.2 (security, devel)
A Git credential helper that securely authenticates to GitHub, GitLab and BitBucket using OAuth.

gr37-mapper @20181023-2ea1eb68_1 (science, comms)
Provides augmented functionality for GNU Radio: Symbol to Bit Mapping and Demapping Blocks

histo @0.0.2 (textproc)
Plot histograms in the terminal with arbitrary streaming or non-streaming data.

i686-w64-mingw32-crt @13.0.0 (cross, devel)
GCC cross-compiler for Windows 64 & 32 bits

i686-w64-mingw32-headers @13.0.0 (cross, devel)
GCC cross-compiler for Windows 64 & 32 bits

i686-w64-mingw32-widl @13.0.0 (cross, devel)
GCC cross-compiler for Windows 64 & 32 bits

i686-w64-mingw32-winpthreads @13.0.0 (cross, devel)
GCC cross-compiler for Windows 64 & 32 bits

jump @0.67.0 (sysutils)
Jump helps you navigate faster by learning your habits.

kalc @1.5.1 (math)
a complex numbers, 2d/3d graphing, arbitrary precision, vector, matrix, tui calculator with real-time output

keystone @0.9.2 (devel)
Keystone is a multi-arch, multi-platform assembler framework for Arm, Arm64 (AArch64/Armv8), MIPS, Sparc, PowerPC, x86 (16/32/64-bit), SystemZ, Hexagon and more.

kspaceduel @4.14.3_3 (kde, kde4, games)
In KSpaceduel each of two possible players controls a satellite spaceship orbiting the sun.

ktorrent4 @4.3.1_6 (kde, kde4)
KDE4 bittorrent client, version 4.

libatomicbitvector @2020.05.19 (devel)
Atomic bitset/bitvector with size determined at runtime.

libktorrent @1.3.1_8 (kde, kde4)
KDE4 bittorrent client library.

libogg @1.3.6 (multimedia)
Ogg Bitstream Library

libtorrent @0.13.8_1 (net)
BitTorrent library

libtorrent-devel @20241204 (net)
BitTorrent library (unstable release)

libtorrent-rasterbar @2.0.11_2 (net)
A C++ bittorrent library (not the same as port libtorrent)

lua-bit32 @5.3.5.1 (lua, devel)
Lua 5.2 bit manipulation library

lua-luabitop @1.0.2_2 (lua, devel)
C extension module for bitwise operators

lua51-bit32 @5.3.5.1 (lua, devel)
Lua 5.2 bit manipulation library

lua51-luabitop @1.0.2_2 (lua, devel)
C extension module for bitwise operators

lua52-bit32 @5.3.5.1 (lua, devel)
Lua 5.2 bit manipulation library

lua52-luabitop @1.0.2_2 (lua, devel)
C extension module for bitwise operators

lua53-bit32 @5.3.5.1 (lua, devel)
Lua 5.2 bit manipulation library

lua53-luabitop @1.0.2_2 (lua, devel)
C extension module for bitwise operators

lua54-bit32 @5.3.5.1 (lua, devel)
Lua 5.2 bit manipulation library

lua54-luabitop @1.0.2_2 (lua, devel)
C extension module for bitwise operators

mapm @4.9.5_1 (math, science)
A Portable Arbitrary Precision Math Library in C.

mftrace @1.2.16_1 (graphics)
Trace TeX bitmap font to PFA, PFB, or TTF font

mingw-w64 @13.0.0 (cross, devel)
GCC cross-compiler toolchain for Windows 64 & 32 bits (meta port)

minidjvu @0.8_4 (graphics)
A bitonal DjVu encoder/decoder

mktorrent @1.1 (net)
mktorrent is a simple command line utility to create BitTorrent metainfo files.

mpdecimal @4.0.1 (math)
mpdecimal is a package for correctly-rounded arbitrary precision decimal floating point arithmetic.

mpfrcx @0.6.3 (math)
Arbitrary precision library for arithmetic of univariate polynomials

mplus-fonts @2.2.4_2 (x11, fonts)
simple and highly readable bitmap Japanese fonts

ocaml-num @1.5 (ocaml, devel)
Legacy OCaml arbitrary-precision integer library

ocaml-zarith @1.14 (ocaml, devel)
Arbitrary-precision integers for OCaml

octave-divand @1.1.2_5 (octave, math, science)
divand performs an n-dimensional variational analysis (interpolation) of arbitrarily located observations.

octave-optiminterp @0.3.7_3 (octave, math, science)
An optimal interpolation toolbox for octave. This package provides functions to perform a n-dimensional optimal interpolations of arbitrarily distributed data points.

orbit2 @2.14.19_3 (devel, gnome)
Code for an ORB written in C will spontaneously evolve here.

orbiton @2.70.5 (editors)
Orbiton is a vt100 text editor and a simple IDE

oxenc @1.5.0 (net, crypto)
Base 16/32/64 and bittorrent encoding/decoding header-only library

p5-astro-spacetrack @0.180.0 (perl)
Astro::SpaceTrack - Retrieve orbital data from www.space-track.org

p5-bit-vector @7.400.0 (perl)
Efficient bit vector, set of integers and big int math library

p5-data-hexify @1.0.0_4 (perl)
Perl extension for hexdumping arbitrary data

p5-digest-jhash @0.100.0 (perl)
Digest::JHash - Perl extension for 32 bit Jenkins Hashing Algorithm

p5-digest-whirlpool @2.40.0 (perl)
Digest::Whirlpool - A 512-bit, collision-resistant, one-way hash function

p5-dist-zilla-plugin-metamergefile @0.5.0 (perl)
Dist::Zilla::Plugin::MetaMergeFile - Add arbitrary metadata using a mergefile

p5-enum @1.120.0 (perl)
C style enumerated types and bitmask flags in Perl

p5-hash-merge @0.302.0 (perl)
Merges arbitrarily deep hashes into a single hash

p5-imager @1.29.0 (perl)
Imager - Perl extension for Generating 24 bit Images

p5-lexical-persistence @1.23.0 (perl)
Lexical::Persistence - Persistent lexical variable values for arbitrary calls.

p5-math-anynum @0.410.0 (perl)
Math::AnyNum - Arbitrary size precision for integers, rationals, floating-points and complex numbers.

p5-math-bigint @2.5.3 (perl, math)
Math::BigInt - arbitrary size integer math package

p5-math-gmp @2.250.0 (perl)
high speed arbitrary size integer math

p5-math-int64 @0.570.0 (perl)
Math::Int64 - Manipulate 64-bit integers in Perl

p5-string-format @1.180.0 (perl)
String::Format - sprintf-like string formatting capabilities with arbitrary format definitions

p5-template-plugin-class @0.140.0_3 (perl)
allow calling of class methods on arbitrary classes

p5-uri-find @20160806 (perl)
URI::Find - Find URIs in arbitrary text

p5.28-astro-spacetrack @0.180.0 (perl)
Astro::SpaceTrack - Retrieve orbital data from www.space-track.org

p5.28-bit-vector @7.400.0 (perl)
Efficient bit vector, set of integers and big int math library

p5.28-data-hexify @1.0.0_4 (perl)
Perl extension for hexdumping arbitrary data

p5.28-digest-jhash @0.100.0 (perl)
Digest::JHash - Perl extension for 32 bit Jenkins Hashing Algorithm

p5.28-digest-whirlpool @2.40.0 (perl)
Digest::Whirlpool - A 512-bit, collision-resistant, one-way hash function

p5.28-dist-zilla-plugin-metamergefile @0.5.0 (perl)
Dist::Zilla::Plugin::MetaMergeFile - Add arbitrary metadata using a mergefile

p5.28-enum @1.120.0 (perl)
C style enumerated types and bitmask flags in Perl

p5.28-hash-merge @0.302.0 (perl)
Merges arbitrarily deep hashes into a single hash

p5.28-imager @1.29.0 (perl)
Imager - Perl extension for Generating 24 bit Images

p5.28-lexical-persistence @1.23.0 (perl)
Lexical::Persistence - Persistent lexical variable values for arbitrary calls.

p5.28-math-anynum @0.410.0 (perl)
Math::AnyNum - Arbitrary size precision for integers, rationals, floating-points and complex numbers.

p5.28-math-bigint @2.5.3 (perl, math)
Math::BigInt - arbitrary size integer math package

p5.28-math-gmp @2.250.0 (perl)
high speed arbitrary size integer math

p5.28-math-int64 @0.570.0 (perl)
Math::Int64 - Manipulate 64-bit integers in Perl

p5.28-string-format @1.180.0 (perl)
String::Format - sprintf-like string formatting capabilities with arbitrary format definitions

p5.28-template-plugin-class @0.140.0_3 (perl)
allow calling of class methods on arbitrary classes

p5.28-uri-find @20160806 (perl)
URI::Find - Find URIs in arbitrary text

p5.30-astro-spacetrack @0.180.0 (perl)
Astro::SpaceTrack - Retrieve orbital data from www.space-track.org

p5.30-bit-vector @7.400.0 (perl)
Efficient bit vector, set of integers and big int math library

p5.30-data-hexify @1.0.0_4 (perl)
Perl extension for hexdumping arbitrary data

p5.30-digest-jhash @0.100.0 (perl)
Digest::JHash - Perl extension for 32 bit Jenkins Hashing Algorithm

p5.30-digest-whirlpool @2.40.0 (perl)
Digest::Whirlpool - A 512-bit, collision-resistant, one-way hash function

p5.30-dist-zilla-plugin-metamergefile @0.5.0 (perl)
Dist::Zilla::Plugin::MetaMergeFile - Add arbitrary metadata using a mergefile

p5.30-enum @1.120.0 (perl)
C style enumerated types and bitmask flags in Perl

p5.30-hash-merge @0.302.0 (perl)
Merges arbitrarily deep hashes into a single hash

p5.30-imager @1.29.0 (perl)
Imager - Perl extension for Generating 24 bit Images

p5.30-lexical-persistence @1.23.0 (perl)
Lexical::Persistence - Persistent lexical variable values for arbitrary calls.

p5.30-math-anynum @0.410.0 (perl)
Math::AnyNum - Arbitrary size precision for integers, rationals, floating-points and complex numbers.

p5.30-math-bigint @2.5.3 (perl, math)
Math::BigInt - arbitrary size integer math package

p5.30-math-gmp @2.250.0 (perl)
high speed arbitrary size integer math

p5.30-math-int64 @0.570.0 (perl)
Math::Int64 - Manipulate 64-bit integers in Perl

p5.30-string-format @1.180.0 (perl)
String::Format - sprintf-like string formatting capabilities with arbitrary format definitions

p5.30-template-plugin-class @0.140.0_3 (perl)
allow calling of class methods on arbitrary classes

p5.30-uri-find @20160806 (perl)
URI::Find - Find URIs in arbitrary text

p5.32-astro-spacetrack @0.180.0 (perl)
Astro::SpaceTrack - Retrieve orbital data from www.space-track.org

p5.32-bit-vector @7.400.0 (perl)
Efficient bit vector, set of integers and big int math library

p5.32-data-hexify @1.0.0_4 (perl)
Perl extension for hexdumping arbitrary data

p5.32-digest-jhash @0.100.0 (perl)
Digest::JHash - Perl extension for 32 bit Jenkins Hashing Algorithm

p5.32-digest-whirlpool @2.40.0 (perl)
Digest::Whirlpool - A 512-bit, collision-resistant, one-way hash function

p5.32-dist-zilla-plugin-metamergefile @0.5.0 (perl)
Dist::Zilla::Plugin::MetaMergeFile - Add arbitrary metadata using a mergefile

p5.32-enum @1.120.0 (perl)
C style enumerated types and bitmask flags in Perl

p5.32-hash-merge @0.302.0 (perl)
Merges arbitrarily deep hashes into a single hash

p5.32-imager @1.29.0 (perl)
Imager - Perl extension for Generating 24 bit Images

p5.32-lexical-persistence @1.23.0 (perl)
Lexical::Persistence - Persistent lexical variable values for arbitrary calls.

p5.32-math-anynum @0.410.0 (perl)
Math::AnyNum - Arbitrary size precision for integers, rationals, floating-points and complex numbers.

p5.32-math-bigint @2.5.3 (perl, math)
Math::BigInt - arbitrary size integer math package

p5.32-math-gmp @2.250.0 (perl)
high speed arbitrary size integer math

p5.32-math-int64 @0.570.0 (perl)
Math::Int64 - Manipulate 64-bit integers in Perl

p5.32-string-format @1.180.0 (perl)
String::Format - sprintf-like string formatting capabilities with arbitrary format definitions

p5.32-template-plugin-class @0.140.0_3 (perl)
allow calling of class methods on arbitrary classes

p5.32-uri-find @20160806 (perl)
URI::Find - Find URIs in arbitrary text

p5.34-astro-spacetrack @0.180.0 (perl)
Astro::SpaceTrack - Retrieve orbital data from www.space-track.org

p5.34-bit-vector @7.400.0 (perl)
Efficient bit vector, set of integers and big int math library

p5.34-data-hexify @1.0.0_4 (perl)
Perl extension for hexdumping arbitrary data

p5.34-digest-jhash @0.100.0 (perl)
Digest::JHash - Perl extension for 32 bit Jenkins Hashing Algorithm

p5.34-digest-whirlpool @2.40.0 (perl)
Digest::Whirlpool - A 512-bit, collision-resistant, one-way hash function

p5.34-dist-zilla-plugin-metamergefile @0.5.0 (perl)
Dist::Zilla::Plugin::MetaMergeFile - Add arbitrary metadata using a mergefile

p5.34-enum @1.120.0 (perl)
C style enumerated types and bitmask flags in Perl

p5.34-hash-merge @0.302.0 (perl)
Merges arbitrarily deep hashes into a single hash

p5.34-imager @1.29.0 (perl)
Imager - Perl extension for Generating 24 bit Images

p5.34-lexical-persistence @1.23.0 (perl)
Lexical::Persistence - Persistent lexical variable values for arbitrary calls.

p5.34-math-anynum @0.410.0 (perl)
Math::AnyNum - Arbitrary size precision for integers, rationals, floating-points and complex numbers.

p5.34-math-bigint @2.5.3 (perl, math)
Math::BigInt - arbitrary size integer math package

p5.34-math-gmp @2.250.0 (perl)
high speed arbitrary size integer math

p5.34-math-int64 @0.570.0 (perl)
Math::Int64 - Manipulate 64-bit integers in Perl

p5.34-string-format @1.180.0 (perl)
String::Format - sprintf-like string formatting capabilities with arbitrary format definitions

p5.34-template-plugin-class @0.140.0_3 (perl)
allow calling of class methods on arbitrary classes

p5.34-uri-find @20160806 (perl)
URI::Find - Find URIs in arbitrary text

pari-seadata-small @20090618 (math)
The second one is a much smaller version that should be suitable for fields up to 350 bits.

php52-gmp @5.2.17 (php, devel, math)
a PHP interface to GMP, the GNU multiprocessing library through which you can work with arbitrary-length integers

php53-gmp @5.3.29 (php, devel, math)
a PHP interface to GMP, the GNU multiprocessing library through which you can work with arbitrary-length integers

php54-gmp @5.4.45 (php, devel, math)
a PHP interface to GMP, the GNU multiprocessing library through which you can work with arbitrary-length integers

php55-gmp @5.5.38 (php, devel, math)
a PHP interface to GMP, the GNU multiprocessing library through which you can work with arbitrary-length integers

php56-gmp @5.6.40 (php, devel, math)
a PHP interface to GMP, the GNU multiprocessing library through which you can work with arbitrary-length integers

php70-gmp @7.0.33 (php, devel, math)
a PHP interface to GMP, the GNU multiprocessing library through which you can work with arbitrary-length integers

php71-gmp @7.1.33 (php, devel, math)
a PHP interface to GMP, the GNU multiprocessing library through which you can work with arbitrary-length integers

php72-gmp @7.2.34 (php, devel, math)
a PHP interface to GMP, the GNU multiprocessing library through which you can work with arbitrary-length integers

php73-gmp @7.3.33 (php, devel, math)
a PHP interface to GMP, the GNU multiprocessing library through which you can work with arbitrary-length integers

php74-gmp @7.4.33 (php, devel, math)
a PHP interface to GMP, the GNU multiprocessing library through which you can work with arbitrary-length integers

php80-gmp @8.0.30 (php, devel, math)
a PHP interface to GMP, the GNU multiprocessing library through which you can work with arbitrary-length integers

php81-gmp @8.1.30 (php, devel, math)
a PHP interface to GMP, the GNU multiprocessing library through which you can work with arbitrary-length integers

php82-gmp @8.2.24 (php, devel, math)
a PHP interface to GMP, the GNU multiprocessing library through which you can work with arbitrary-length integers

php83-gmp @8.3.12 (php, devel, math)
a PHP interface to GMP, the GNU multiprocessing library through which you can work with arbitrary-length integers

php84-gmp @8.4.0RC1 (php, devel, math)
a PHP interface to GMP, the GNU multiprocessing library through which you can work with arbitrary-length integers

plumber @2.9.0 (net, devel)
A swiss army knife CLI tool for interacting with Kafka, RabbitMQ and other messaging systems.

posix-macos-addons @20211014 (devel)
Some missing bits of POSIX for macOS.

potrace @1.16 (graphics)
Transform bitmaps into vector graphics

py-base58 @2.1.1 (python)
Base58 and Base58Check implementation compatible with what is used by the bitcoin network

py-bigfloat @0.4.0 (python, math)
Arbitrary-precision correctly-rounded floating-point arithmetic, via MPFR.

py-bitarray @3.8.0 (python, math)
A efficient implementation of arrays of booleans

py-BitArray2D @2.1 (python, math)
A memory-efficient packed representation for 2D bit arrays

py-bitmath @1.3.3.1 (python)
Pythonic module for representing and manipulating file sizes with different prefix notations (file size unit conversion)

py-bitstring @4.2.3 (python, devel)
Module to simplify handling of binary data

py-bitstruct @8.19.0 (python, devel)
This module performs conversions between Python values and C bit field structs represented as Python byte strings.

py-BitVector @3.5.0 (python, math)
A memory-efficient packed representation for bit arrays

py-cipheycore @0.3.2_3 (python, security)
Some cryptanalysis tidbits written in a proper language

py-codecov @2.1.13 (python, devel)
Hosted coverage reports for Github, Bitbucket and Gitlab

py-jsonpickle @4.1.1 (python, textproc)
Python library for serializing any arbitrary object graph into JSON.

py-librabbitmq @1.6.1 (python, devel)
AMQP Client using the rabbitmq-c library.

py-mitmproxy_rs @0.11.2 (python)
Rust bits for Mitmproxy

py-mpmath @1.3.0 (python, math)
Arbitrary-precision floating-point library for Python

py-orbit @2.24.0_1 (python, gnome)
Python binding for the ORBit2 CORBA ORB - Default branch.

py-reedsolo @1.7.0 (python)
A pythonic universal errors-and-erasures Reed-Solomon Codec to protect your data from errors and bitrot.

py27-librabbitmq @1.6.1 (python, devel)
AMQP Client using the rabbitmq-c library.

py27-orbit @2.24.0_1 (python, gnome)
Python binding for the ORBit2 CORBA ORB - Default branch.

py39-base58 @2.1.1 (python)
Base58 and Base58Check implementation compatible with what is used by the bitcoin network

py39-cipheycore @0.3.2_3 (python, security)
Some cryptanalysis tidbits written in a proper language

py39-mpmath @1.3.0 (python, math)
Arbitrary-precision floating-point library for Python

py310-base58 @2.1.1 (python)
Base58 and Base58Check implementation compatible with what is used by the bitcoin network

py310-bigfloat @0.4.0 (python, math)
Arbitrary-precision correctly-rounded floating-point arithmetic, via MPFR.

py310-bitarray @3.8.0 (python, math)
A efficient implementation of arrays of booleans

py310-bitmath @1.3.3.1 (python)
Pythonic module for representing and manipulating file sizes with different prefix notations (file size unit conversion)

py310-bitstring @4.2.3 (python, devel)
Module to simplify handling of binary data

py310-codecov @2.1.13 (python, devel)
Hosted coverage reports for Github, Bitbucket and Gitlab

py310-jsonpickle @4.1.1 (python, textproc)
Python library for serializing any arbitrary object graph into JSON.

py310-mitmproxy_rs @0.11.2 (python)
Rust bits for Mitmproxy

py310-mpmath @1.3.0 (python, math)
Arbitrary-precision floating-point library for Python

py310-reedsolo @1.7.0 (python)
A pythonic universal errors-and-erasures Reed-Solomon Codec to protect your data from errors and bitrot.

py311-base58 @2.1.1 (python)
Base58 and Base58Check implementation compatible with what is used by the bitcoin network

py311-bigfloat @0.4.0 (python, math)
Arbitrary-precision correctly-rounded floating-point arithmetic, via MPFR.

py311-bitarray @3.8.0 (python, math)
A efficient implementation of arrays of booleans

py311-bitmath @1.3.3.1 (python)
Pythonic module for representing and manipulating file sizes with different prefix notations (file size unit conversion)

py311-bitstring @4.2.3 (python, devel)
Module to simplify handling of binary data

py311-codecov @2.1.13 (python, devel)
Hosted coverage reports for Github, Bitbucket and Gitlab

py311-jsonpickle @4.1.1 (python, textproc)
Python library for serializing any arbitrary object graph into JSON.

py311-mitmproxy_rs @0.11.2 (python)
Rust bits for Mitmproxy

py311-mpmath @1.3.0 (python, math)
Arbitrary-precision floating-point library for Python

py311-reedsolo @1.7.0 (python)
A pythonic universal errors-and-erasures Reed-Solomon Codec to protect your data from errors and bitrot.

py312-base58 @2.1.1 (python)
Base58 and Base58Check implementation compatible with what is used by the bitcoin network

py312-bigfloat @0.4.0 (python, math)
Arbitrary-precision correctly-rounded floating-point arithmetic, via MPFR.

py312-bitarray @3.8.0 (python, math)
A efficient implementation of arrays of booleans

py312-BitArray2D @2.1 (python, math)
A memory-efficient packed representation for 2D bit arrays

py312-bitmath @1.3.3.1 (python)
Pythonic module for representing and manipulating file sizes with different prefix notations (file size unit conversion)

py312-bitstring @4.2.3 (python, devel)
Module to simplify handling of binary data

py312-bitstruct @8.19.0 (python, devel)
This module performs conversions between Python values and C bit field structs represented as Python byte strings.

py312-BitVector @3.5.0 (python, math)
A memory-efficient packed representation for bit arrays

py312-codecov @2.1.13 (python, devel)
Hosted coverage reports for Github, Bitbucket and Gitlab

py312-jsonpickle @4.1.1 (python, textproc)
Python library for serializing any arbitrary object graph into JSON.

py312-mitmproxy_rs @0.11.2 (python)
Rust bits for Mitmproxy

py312-mpmath @1.3.0 (python, math)
Arbitrary-precision floating-point library for Python

py312-reedsolo @1.7.0 (python)
A pythonic universal errors-and-erasures Reed-Solomon Codec to protect your data from errors and bitrot.

py313-base58 @2.1.1 (python)
Base58 and Base58Check implementation compatible with what is used by the bitcoin network

py313-bigfloat @0.4.0 (python, math)
Arbitrary-precision correctly-rounded floating-point arithmetic, via MPFR.

py313-bitarray @3.8.0 (python, math)
A efficient implementation of arrays of booleans

py313-bitmath @1.3.3.1 (python)
Pythonic module for representing and manipulating file sizes with different prefix notations (file size unit conversion)

py313-bitstring @4.2.3 (python, devel)
Module to simplify handling of binary data

py313-codecov @2.1.13 (python, devel)
Hosted coverage reports for Github, Bitbucket and Gitlab

py313-jsonpickle @4.1.1 (python, textproc)
Python library for serializing any arbitrary object graph into JSON.

py313-mitmproxy_rs @0.11.2 (python)
Rust bits for Mitmproxy

py313-mpmath @1.3.0 (python, math)
Arbitrary-precision floating-point library for Python

py314-bigfloat @0.4.0 (python, math)
Arbitrary-precision correctly-rounded floating-point arithmetic, via MPFR.

py314-bitarray @3.8.0 (python, math)
A efficient implementation of arrays of booleans

py314-jsonpickle @4.1.1 (python, textproc)
Python library for serializing any arbitrary object graph into JSON.

py314-mpmath @1.3.0 (python, math)
Arbitrary-precision floating-point library for Python

qBittorrent @5.1.4 (net)
The qBittorrent project aims to provide an open-source software alternative to µTorrent.

qBittorrent-qt5 @4.6.7_1 (net)
The qBittorrent project aims to provide an open-source software alternative to µTorrent.

R-bigBits @1.3 (R, science, math)
Perform Boolean operations on large numbers

R-bignum @0.3.2_1 (R, science, math)
Arbitrary-precision arithmetic for R

R-bit @4.5.0 (R, science, devel)
Classes and methods for fast memory-efficient boolean selections

R-bit64 @4.5.2 (R, science, devel)
S3 class for vectors of 64-bit integers

R-bitops @1.0-9 (R, science)
Functions for bitwise operations on integer vectors

R-bmp @0.3_2 (R, science, graphics)
Read Windows Bitmap (BMP) images

R-censReg @0.5-38 (R, science, math)
Censored regression (Tobit) models

R-clifford @1.0-8_2 (R, science, math)
Arbitrary-dimensional Clifford algebras

R-cprobit @1.0.2_1 (R, science, math)
Conditional probit model for analysing continuous outcomes

R-cxhull @0.7.4_1 (R, science, math)
Compute the convex hull in arbitrary dimension

R-DBItest @1.8.2.9000 (R, science, databases, devel)
Testing for DBI backends

R-dblog @0.0.0.9013_1 (R, science, databases, devel)
Logging for arbitrary DBI backends

R-ebTobit @1.0.2_1 (R, science, math)
Empirical Bayesian tobit matrix estimation

R-epmrob @0.1_1 (R, science, math)
Robust estimation of probit models with endogeneity

R-fontBitstreamVera @0.1.1_2 (R, science)
Bitstream Vera Fonts

R-hopit @0.11.6_1 (R, science, math)
Hierarchical ordered probit models with application to reporting heterogeneity

R-ivprobit @1.1_2 (R, science, math)
Instrumental variables probit model

R-mhurdle @1.3-1 (R, science, math)
Multiple Hurdle Tobit models

R-MNP @3.1-5 (R, science, math)
Fitting the Multinomial Probit Model

R-mvmesh @1.6_2 (R, science, math)
Multivariate meshes and histograms in arbitrary dimensions

R-mvProbit @0.1-10_2 (R, science, math)
Multivariate probit models

R-oaqc @2.0.0 (R, science)
Computation of the Orbit-Aware Quad Census

R-Oarray @1.4-9_1 (R, science, devel)
Arrays with arbitrary offsets

R-pixmap @0.4-13 (R, science, graphics)
Functions for import, export, plotting and other manipulations of bitmapped images

R-PLordprob @1.1_1 (R, science, math)
Multivariate ordered probit model via pairwise likelihood

R-princurve @2.1.6_1 (R, science, math)
Fit a principal curve in arbitrary dimension

R-ptf @0.0.1_2 (R, science, math)
Probit Tensor Factorization

R-quitte @0.3128.4_1 (R, science)
Bits and pieces of code to use with quitte-style data frames

R-readbitmap @0.1.5_2 (R, science, graphics)
Simple unified interface to read bitmap images (BMP, JPEG, PNG, TIFF)

R-RprobitB @1.1.4_1 (R, science, economics)
Bayesian Probit choice modelling

R-rsvg @2.6.1 (R, science, graphics)
Render SVG images into PDF, PNG, EPS or Bitmap

R-spam64 @2.10-0_1 (R, science, math)
64-bit extension of the SPArse Matrix R package spam

R-spatialprobit @1.0.4_1 (R, science, economics)
Bayesian estimation of spatial Probit and Tobit models

R-varImp @0.4_1 (R, science, math)
RF variable importance for arbitrary measures

R-vectorbitops @1.1.2_1 (R, science)
Vector Bit-wise Operations

R-VeryLargeIntegers @0.2.1_1 (R, science, math)
Store and operate with arbitrarily large integers

rabbitmq-c @0.15.0 (net, devel)
a C-language AMQP client library for use with RabbitMQ

rabbitmq-server @3.11.15 (net)
The RabbitMQ AMQP Server

rb-bigdecimal @3.1.8 (ruby, math)
Arbitrary-precision decimal floating-point number library

rb-bitset @0.6.2_1 (ruby, math)
BitSet Library for boolean operation

rb-buftok @0.3.0 (ruby, devel)
BufferedTokenizer extracts token-delimited entities from a sequence of arbitrary inputs

rb30-bigdecimal @3.1.8 (ruby, math)
Arbitrary-precision decimal floating-point number library

rb31-bigdecimal @3.1.8 (ruby, math)
Arbitrary-precision decimal floating-point number library

rb31-buftok @0.3.0 (ruby, devel)
BufferedTokenizer extracts token-delimited entities from a sequence of arbitrary inputs

rb32-bigdecimal @3.1.8 (ruby, math)
Arbitrary-precision decimal floating-point number library

rb32-buftok @0.3.0 (ruby, devel)
BufferedTokenizer extracts token-delimited entities from a sequence of arbitrary inputs

rb33-bigdecimal @3.1.8 (ruby, math)
Arbitrary-precision decimal floating-point number library

rb33-buftok @0.3.0 (ruby, devel)
BufferedTokenizer extracts token-delimited entities from a sequence of arbitrary inputs

rtorrent @0.9.8_1 (net)
console-based BitTorrent client

rtorrent-devel @20241205 (net)
console-based BitTorrent client (unstable release)

scale2x @4.0 (graphics)
utility to increase the size of small bitmaps

ssh-manager @1.75.0 (security)
SSH Key Manager for Bitwarden and 1Password

tcpreplay @4.3.1 (net, security)
Replay pcap files at arbitrary speeds onto the network

torrent @1.48.0 (sysutils)
Full-featured BitTorrent client package and utilities

transmission @4.1.0 (net, aqua)
Lightweight BitTorrent client

transmission-qt @2.94_1 (net, p2p)
Lightweight BitTorrent client

transmission-x11 @4.0.6_1 (net, x11, p2p)
Lightweight BitTorrent client

uni2ascii @4.18_1 (textproc)
converts between UTF-8 Unicode and 7-bit ASCII equivalents

vowpal_wabbit @8.3.1_3 (math)
a fast online learning tool

x86_64-w64-mingw32-crt @13.0.0 (cross, devel)
GCC cross-compiler for Windows 64 & 32 bits

x86_64-w64-mingw32-headers @13.0.0 (cross, devel)
GCC cross-compiler for Windows 64 & 32 bits

x86_64-w64-mingw32-widl @13.0.0 (cross, devel)
GCC cross-compiler for Windows 64 & 32 bits

x86_64-w64-mingw32-winpthreads @13.0.0 (cross, devel)
GCC cross-compiler for Windows 64 & 32 bits

xbitmaps @1.1.2 (x11, graphics)
Bitmaps that are shared between X applications

Found 325 ports.
