chasen-ipadic-utf8 @2.7.0 (textproc, japanese)
IPA dictionary of UTF-8 encoding for ChaSen

chasen-naist-jdic-utf8 @0.4.3 (textproc, japanese)
NAIST Japanese dictionary of UTF-8 encoding for ChaSen

cl-trivial-utf-8 @20220828 (lisp, devel)
Trivial UTF-8 provides more efficient ways of reading and writing UTF-8

eb @4.5-20220808 (textproc, japanese)
C library for accessing CD-ROM books of EB, EBG, EBXA and EPWING formats, with UTF-8 support

libutf8proc @2.11.3 (textproc)
library for processing UTF-8 encoded Unicode strings

luit @2.0.20250912 (x11)
filter that converts legacy encodings to/from UTF-8

mecab-ipadic-utf8 @2.7.0-20070801 (textproc, japanese)
ipadic of utf8 encoding for MeCab

mecab-jumandic-utf8 @7.0-20130310 (textproc, japanese)
jumandic of utf8 encoding for MeCab

mecab-naist-jdic-utf8 @0.6.3b-20111013 (textproc, japanese)
naist-jdic of eucjp encoding for MeCab

mecab-utf8 @0.996 (textproc, japanese)
yet another part-of-speech and morphological analyzer

ocaml-uutf @1.0.3 (ocaml, devel)
Non-blocking streaming Unicode codec for OCaml

p5-encode-imaputf7 @1.70.0 (perl)
Encode::IMAPUTF7 - modification of UTF-7 encoding for IMAP

p5-encoding-fixlatin @1.40.0 (perl)
Encoding::FixLatin - takes mixed encoding input and produces UTF-8 output.

p5-perlio-utf8_strict @0.10.0 (perl)
PerlIO::utf8_strict - Fast and correct UTF-8 IO

p5-test-more-utf8 @0.50.0 (perl)
Test::More::UTF8 - Enhancing Test::More for UTF8-based projects

p5-test-utf8 @1.30.0 (perl)
Test::utf8 - handy utf8 tests

p5-tex-encode @2.10.0 (perl)
Encode/decode Perl utf-8 strings into TeX

p5-unicode-checkutf8 @1.30.0 (perl)
Unicode::CheckUTF8 - checks if scalar is valid UTF-8

p5-unicode-string @2.100.0 (perl)
String of Unicode characters (UCS2/UTF16)

p5-unicode-utf8 @0.630.0 (perl)
Unicode::UTF8 - Encoding and decoding of UTF-8 encoding form

p5-utf8-all @0.26.0 (perl)
utf8::all - turn on Unicode - all of it

p5.28-encode-imaputf7 @1.70.0 (perl)
Encode::IMAPUTF7 - modification of UTF-7 encoding for IMAP

p5.28-encoding-fixlatin @1.40.0 (perl)
Encoding::FixLatin - takes mixed encoding input and produces UTF-8 output.

p5.28-perlio-utf8_strict @0.10.0 (perl)
PerlIO::utf8_strict - Fast and correct UTF-8 IO

p5.28-test-more-utf8 @0.50.0 (perl)
Test::More::UTF8 - Enhancing Test::More for UTF8-based projects

p5.28-test-utf8 @1.30.0 (perl)
Test::utf8 - handy utf8 tests

p5.28-tex-encode @2.10.0 (perl)
Encode/decode Perl utf-8 strings into TeX

p5.28-unicode-checkutf8 @1.30.0 (perl)
Unicode::CheckUTF8 - checks if scalar is valid UTF-8

p5.28-unicode-string @2.100.0 (perl)
String of Unicode characters (UCS2/UTF16)

p5.28-unicode-utf8 @0.630.0 (perl)
Unicode::UTF8 - Encoding and decoding of UTF-8 encoding form

p5.28-utf8-all @0.26.0 (perl)
utf8::all - turn on Unicode - all of it

p5.30-encode-imaputf7 @1.70.0 (perl)
Encode::IMAPUTF7 - modification of UTF-7 encoding for IMAP

p5.30-encoding-fixlatin @1.40.0 (perl)
Encoding::FixLatin - takes mixed encoding input and produces UTF-8 output.

p5.30-perlio-utf8_strict @0.10.0 (perl)
PerlIO::utf8_strict - Fast and correct UTF-8 IO

p5.30-test-more-utf8 @0.50.0 (perl)
Test::More::UTF8 - Enhancing Test::More for UTF8-based projects

p5.30-test-utf8 @1.30.0 (perl)
Test::utf8 - handy utf8 tests

p5.30-tex-encode @2.10.0 (perl)
Encode/decode Perl utf-8 strings into TeX

p5.30-unicode-checkutf8 @1.30.0 (perl)
Unicode::CheckUTF8 - checks if scalar is valid UTF-8

p5.30-unicode-string @2.100.0 (perl)
String of Unicode characters (UCS2/UTF16)

p5.30-unicode-utf8 @0.630.0 (perl)
Unicode::UTF8 - Encoding and decoding of UTF-8 encoding form

p5.30-utf8-all @0.26.0 (perl)
utf8::all - turn on Unicode - all of it

p5.32-encode-imaputf7 @1.70.0 (perl)
Encode::IMAPUTF7 - modification of UTF-7 encoding for IMAP

p5.32-encoding-fixlatin @1.40.0 (perl)
Encoding::FixLatin - takes mixed encoding input and produces UTF-8 output.

p5.32-perlio-utf8_strict @0.10.0 (perl)
PerlIO::utf8_strict - Fast and correct UTF-8 IO

p5.32-test-more-utf8 @0.50.0 (perl)
Test::More::UTF8 - Enhancing Test::More for UTF8-based projects

p5.32-test-utf8 @1.30.0 (perl)
Test::utf8 - handy utf8 tests

p5.32-tex-encode @2.10.0 (perl)
Encode/decode Perl utf-8 strings into TeX

p5.32-unicode-checkutf8 @1.30.0 (perl)
Unicode::CheckUTF8 - checks if scalar is valid UTF-8

p5.32-unicode-string @2.100.0 (perl)
String of Unicode characters (UCS2/UTF16)

p5.32-unicode-utf8 @0.630.0 (perl)
Unicode::UTF8 - Encoding and decoding of UTF-8 encoding form

p5.32-utf8-all @0.26.0 (perl)
utf8::all - turn on Unicode - all of it

p5.34-encode-imaputf7 @1.70.0 (perl)
Encode::IMAPUTF7 - modification of UTF-7 encoding for IMAP

p5.34-encoding-fixlatin @1.40.0 (perl)
Encoding::FixLatin - takes mixed encoding input and produces UTF-8 output.

p5.34-perlio-utf8_strict @0.10.0 (perl)
PerlIO::utf8_strict - Fast and correct UTF-8 IO

p5.34-test-more-utf8 @0.50.0 (perl)
Test::More::UTF8 - Enhancing Test::More for UTF8-based projects

p5.34-test-utf8 @1.30.0 (perl)
Test::utf8 - handy utf8 tests

p5.34-tex-encode @2.10.0 (perl)
Encode/decode Perl utf-8 strings into TeX

p5.34-unicode-checkutf8 @1.30.0 (perl)
Unicode::CheckUTF8 - checks if scalar is valid UTF-8

p5.34-unicode-string @2.100.0 (perl)
String of Unicode characters (UCS2/UTF16)

p5.34-unicode-utf8 @0.630.0 (perl)
Unicode::UTF8 - Encoding and decoding of UTF-8 encoding form

p5.34-utf8-all @0.26.0 (perl)
utf8::all - turn on Unicode - all of it

paps @0.8.0_1 (print)
Command line program for converting Unicode text encoded in UTF-8 to postscript and pdf by using pango

paracode @3.2 (textproc)
converts UTF-8 input to use different codepoints

R-json64 @0.1.3_1 (R, science, devel)
Base64 encode/decode package with support for JSON output/input and UTF-8

R-SnowballC @0.7.1_1 (R, science)
Snowball stemmers based on libstemmer utf-8 library

R-utf8 @1.2.6 (R, science, textproc)
UTF-8 text processing

uni2ascii @4.18_1 (textproc)
converts between UTF-8 Unicode and 7-bit ASCII equivalents

unicodeconverter-java @2.0 (java, textproc)
Convert various encodings to UTF-8

utfcpp @4.0.8 (textproc)
UTF-8 with C++ in a Portable Way

Found 69 ports.
