ADMS @2.3.7 (science)
ADMS is a code generator for the Verilog-AMS language

aidadoc @1.4.2 (textproc)
Command line tool to process files written with Aida Markup Language

alan @0.1.23 (lang)
The Alan Programming Language

amber-lang @0.3.1-alpha (lang)
Amber the programming language compiled to bash

antlr @2.7.7_4 (lang, java)
antlr is ANother Tool for Language Recognition

antlr3 @3.5.3_1 (lang, java)
antlr is ANother Tool for Language Recognition

antlr4-cpp-runtime @4.13.2_1 (lang, devel)
ANTLR (ANother Tool for Language Recognition) is a powerful parser generator for reading, processing, executing, or translating structured text or binary files.

argh @0.2.3 (lang)
an interpreter for the GOTO languages Argh! and Aargh!

arturo @0.10.0 (lang)
Simple, expressive & portable programming language for efficient scripting

asdf @0.18.0 (sysutils, devel)
Extendable version manager with support for Ruby, Node.js, Elixir, Erlang & more

asl @20240106 (math)
ASL is A Modeling Language for Mathematical Programming (AMPL) Solver Library

aspectj @1.6.2 (java, lang, devel)
seamless aspect-oriented extension to the Java language

astyle @3.6.13 (devel)
source code beautifier for the C, C++, C# and Java programming languages

asymptote @3.06 (graphics)
A vector graphics language

atomvm @0.6.5 (erlang, devel)
Tiny Erlang VM

azmq @1.0.3 (devel)
C++ language binding library integrating ZeroMQ with Boost Asio

bash-language-server @5.6.0 (devel)
A language server for Bash

bc @1.08.2 (math)
arbitrary precision numeric processing language

beanshell @2.1.1 (java)
BeanShell Scripting Language, JSR-274, Java source interpreter

Bear @3.1.6_2 (devel)
Bear is a tool to generate compilation database for clang tooling.

berry @1.1.0 (lang, devel)
An ultra-lightweight embedded scripting language optimized for microcontrollers.

blueprint-compiler @0.14.0 (gnome, devel)
Markup language for GTK user interfaces

boo @0.9.1.3287 (lang, mono)
object oriented statically typed programming language for CLI

c_count @7.25 (devel)
counts C-language source statements

cableswig @4.0 (devel)
Create wrappers to interpreted languages

ccls @0.20241108 (devel)
C/C++/ObjC language server supporting cross references, hierarchies, completion and semantic highlighting (meta port)

ccls-clang-10 @0.20241108 (devel)
C/C++/ObjC language server supporting cross references, hierarchies, completion and semantic highlighting

ccls-clang-11 @0.20241108 (devel)
C/C++/ObjC language server supporting cross references, hierarchies, completion and semantic highlighting

ccls-clang-12 @0.20241108 (devel)
C/C++/ObjC language server supporting cross references, hierarchies, completion and semantic highlighting

ccls-clang-13 @0.20241108 (devel)
C/C++/ObjC language server supporting cross references, hierarchies, completion and semantic highlighting

ccls-clang-14 @0.20241108 (devel)
C/C++/ObjC language server supporting cross references, hierarchies, completion and semantic highlighting

ccls_select @0.20241108 (devel)
C/C++/ObjC language server supporting cross references, hierarchies, completion and semantic highlighting

cg-toolkit @3.1.2012.04_1 (graphics)
NVIDIA's Cg high-level shading language

chapel @1.20.0 (lang, parallel, science)
parallel programming language

chicken @5.4.0 (lang, scheme)
Compiler for the Scheme programming language

chronos-go @0.1.0 (devel)
Chronos is a static race detector for the Go language

chuck @1.5.1.0 (audio)
Chuck is a strongly-timed, concurrent, and on-the-fly music programming language.

cl-calispel @0.1 (lisp, devel)
Calispel is a Common Lisp library for thread-safe message-passing channels, in the style of the occam programming language.

cl-djula @20240711 (lisp, www, devel)
Common Lisp port of the Django templating language

cl-djula-demo @20240711 (lisp, www, devel)
Common Lisp port of the Django templating language

cl-drakma @2.0.10 (lisp, www, devel)
Yet another Lisp markup language

cl-drakma-test @2.0.10 (lisp, www, devel)
Yet another Lisp markup language

cl-language-codes @20230703 (lisp, devel)
A simple library mapping ISO language codes to language names.

cl-lml2 @1.6.6 (lisp, devel)
LML2 provides a markup language for generation XHTML web pages.

cl-multilang-documentation @20230703 (lisp, devel)
A drop-in replacement for cl:documentation with support for multiple languages.

cl-system-locale @20231223 (lisp, devel)
System locale and language discovery

cl-who @1.1.5 (lisp, www, devel)
Yet another Lisp markup language

clang-3.3 @3.3_15 (lang)
C, C++, Objective C and Objective C++ compiler

clang-3.4 @3.4.2_18 (lang)
C, C++, Objective C and Objective C++ compiler

clang-3.7 @3.7.1_10 (lang)
C, C++, Objective C and Objective C++ compiler

clang-5.0 @5.0.2_7 (lang)
C, C++, Objective C and Objective C++ compiler

clang-6.0 @6.0.1_6 (lang)
C, C++, Objective C and Objective C++ compiler

clang-7.0 @7.1.0_4 (lang)
C, C++, Objective C and Objective C++ compiler

clang-8.0 @8.0.1_5 (lang)
C, C++, Objective C and Objective C++ compiler

clang-9.0 @9.0.1_8 (lang)
C, C++, Objective C and Objective C++ compiler

clang-10 @10.0.1_9 (lang)
C, C++, Objective C and Objective C++ compiler

clang-11 @11.1.0_8 (lang)
C, C++, Objective C and Objective C++ compiler

clang-11-bootstrap @11.1.0_6 (lang)
clang-11 with minimal MacPorts patches pegged at version 11.1.0.

clang-12 @12.0.1_5 (lang)
C, C++, Objective C and Objective C++ compiler

clang-13 @13.0.1_5 (lang)
C, C++, Objective C and Objective C++ compiler

clang-14 @14.0.6_4 (lang)
C, C++, Objective C and Objective C++ compiler

clang-15 @15.0.7_5 (lang)
C, C++, Objective C and Objective C++ compiler

clang-16 @16.0.6_8 (lang)
C, C++, Objective C and Objective C++ compiler

clang-17 @17.0.6_6 (lang)
C, C++, Objective C and Objective C++ compiler

clang-18 @18.1.8_6 (lang)
C, C++, Objective C and Objective C++ compiler

clang-19 @19.1.7_2 (lang)
C, C++, Objective C and Objective C++ compiler

clang-20 @20.1.8_2 (lang)
C, C++, Objective C and Objective C++ compiler

clang-21 @21.1.8 (lang)
C, C++, Objective C and Objective C++ compiler

clang-devel @20250908-408a2e7c_1 (lang)
C, C++, Objective C and Objective C++ compiler

clang-uml @0.6.2 (devel)
Customizable automatic UML diagram generator for C++ based on Clang

clang_select @2.5 (sysutils)
common files for selecting default clang version

clang_select-3.3 @2.5 (sysutils)
common files for selecting default clang version

clang_select-3.4 @2.5 (sysutils)
common files for selecting default clang version

clang_select-3.7 @2.5 (sysutils)
common files for selecting default clang version

clang_select-5.0 @2.5 (sysutils)
common files for selecting default clang version

clang_select-6.0 @2.5 (sysutils)
common files for selecting default clang version

clang_select-7.0 @2.5 (sysutils)
common files for selecting default clang version

clang_select-8.0 @2.5 (sysutils)
common files for selecting default clang version

clang_select-9.0 @2.5 (sysutils)
common files for selecting default clang version

clang_select-10 @2.5 (sysutils)
common files for selecting default clang version

clang_select-11 @2.5 (sysutils)
common files for selecting default clang version

clang_select-12 @2.5 (sysutils)
common files for selecting default clang version

clang_select-13 @2.5 (sysutils)
common files for selecting default clang version

clang_select-14 @2.5 (sysutils)
common files for selecting default clang version

clang_select-15 @2.5 (sysutils)
common files for selecting default clang version

clang_select-16 @2.5 (sysutils)
common files for selecting default clang version

clang_select-17 @2.5 (sysutils)
common files for selecting default clang version

clang_select-18 @2.5 (sysutils)
common files for selecting default clang version

clang_select-19 @2.5 (sysutils)
common files for selecting default clang version

clang_select-20 @2.5 (sysutils)
common files for selecting default clang version

clang_select-21 @2.5 (sysutils)
common files for selecting default clang version

clang_select-devel @2.5 (sysutils)
common files for selecting default clang version

clearsilver @0.10.5_7 (www, python, perl)
Language-neutral template system.

clib @2.8.7 (devel)
Package manager for the C programming language.

clojure @1.12.4.1602 (lang, java)
The Clojure programming language

clojure-contrib @1.2.0 (lang, java)
The Clojure programming language - Contrib

clojure-contrib-devel @git-20100220 (lang, java)
The Clojure programming language (development) - Contrib

clojure-lsp @2023.02.27-13.12.12 (devel)
Clojure & ClojureScript Language Server (LSP) implementation

cmake-language-server @0.1.11 (devel, python)
CMake LSP Implementation

cmuclmtk @3alpha (audio)
CMU-Cambridge Language Modeling Toolkit

colm @0.14.7_1 (lang, devel)
Programming language for analysis and transformation.

commons-lang @2.4 (java)
Jakarta Commons-Lang

commons-lang3 @3.18.0 (java)
Apache Commons Lang

crystal @1.19.1 (lang)
Crystal programming language

csound @6.18.1_4 (audio)
A language that is used to describe sound synthesizers.

csvtk @0.33.0 (textproc)
A cross-platform, efficient and practical CSV/TSV toolkit in Golang

ctlang @1.5.3 (graphics, lang)
Programming language for digital color management

cue @0.15.4 (devel, lang)
Open-source data constraint language which aims to simplify tasks involving defining and using data.

d-completion-daemon @0.8.0 (devel)
The D Completion Daemon (DCD) is an auto-complete program for the D programming language

d-mode.el @2.0.4 (lang, editors)
D Programming Language mode for (X)Emacs

d2 @0.6.8 (graphics)
D2 is a modern diagram scripting language that turns text to diagrams.

delve @1.26.0 (devel)
Delve is a debugger for the Go programming language.

discount @3.0.1.2 (textproc)
C implementation of the Markdown markup language

dmd-doc @2.088.0_1 (lang)
HTML files for dman of the D programming language compiler

dmd-tools @2.088.0 (lang)
Ancilliary tools for the D programming language compiler

dotenv @20240428 (sysutils)
Standalone, language agnostic dotenv

doxygen @1.14.0 (textproc, devel)
Documentation system for several programming languages

doxygen-devel @1.14.0 (textproc, devel)
Documentation system for several programming languages

drumsxx @0.96 (audio)
language designed for sequencing music through drum machines

druntime @2.088.0 (lang)
Low level runtime library for the D programming language

efm-langserver @0.0.54 (devel)
General purpose Language Server

elixir @1.19.2 (lang)
The Elixir Programming language

elk @3.99.8 (lang)
Scheme Extension Language Kit

elp @2024-11-07 (erlang, devel)
Erlang Language Platform

elvish @0.21.0 (shells)
Elvish = Expressive Programming Language + Versatile Interactive Shell

embryo @1.7.10 (devel, lang)
A C like scripting language

eperl @2.2.14_6 (perl, www)
Embedded Perl Language

eqwalizer @0.25.3 (erlang, devel)
A type-checker for Erlang

erlang @28.1.1 (lang, erlang)
The Erlang Programming Language

erlsom @1.5.1 (erlang, textproc)
An Erlang libary for XML parsing.

esdl @1.2_1 (graphics, devel, erlang)
Erlang OpenGL/SDL API and Utilities

execline @2.9.8.0 (lang)
non-interactive scripting language

factor @0.97 (lang, devel)
A practical stack language

falcon @0.9.6.8_3 (lang)
simple, fast and powerful programming language, easy to learn and to feel comfortable with, and a scripting engine ready to empower mission-critical multithreaded applications.

fantom @1.0.61 (java, lang, devel)
The Language Formerly Known as Fan.

faust @2.5.23_2 (audio, lang)
functional programming language for realtime audio

faust-devel @2.11-20181109_2 (audio, lang)
functional programming language for realtime audio

ferite @1.1.17_1 (lang)
embeddable scripting language

ficl @4.1.0 (lang)
Ficl is an acronym for Forth Inspired Command Language

fig2dev @3.2.9a (print, graphics)
Translates Fig code to various graphics languages

flang-11 @11.1.0_1 (lang)
LLVM Fortran compiler

flang-13 @13.0.1_1 (lang)
LLVM Fortran compiler

flang-14 @14.0.6_1 (lang)
LLVM Fortran compiler

flang-15 @15.0.7_2 (lang)
LLVM Fortran compiler

flang-16 @16.0.6_2 (lang)
LLVM Fortran compiler

flang-17 @17.0.6_2 (lang)
LLVM Fortran compiler

flang-18 @18.1.8_1 (lang)
LLVM Fortran compiler

flang-19 @19.1.7 (lang)
LLVM Fortran compiler

flang-20 @20.1.8 (lang)
LLVM Fortran compiler

flang-21 @21.1.8 (lang)
LLVM Fortran compiler

flang-devel @20250908-408a2e7c (lang)
LLVM Fortran compiler

fortio @1.60.2 (net, www)
Fortio is a load testing library, command line tool, advanced echo server and web UI in go (golang).

freeling @3.1_4 (textproc, devel)
An open-source suite of language analyzers

fsharp @10.2.3 (lang, devel)
F# is a typed functional programming language.

fstar @2022.06.08 (lang, devel)
General-purpose functional language aimed at program verification

g-wrap @1.9.15_1 (lang)
A tool for autogenerating scheme bindings for C language functions, structures & enums.

gawk-nl_langinfo @1.1.0 (lang, textproc)
nl_langinfo extension for gawk

gforth @0.7.3_3 (lang)
fast and portable implementation of the ANS Forth language

gindent @2.2.12_1 (devel)
C language source code formatting program

gleam @1.14.0 (lang)
A type safe language for the Erlang VM

glide @0.13.3 (devel)
Package Management for Golang.

glslang @1.4.335.0 (graphics, devel)
OpenGL shader compiler libraries & tools

gnat-gprbuild @1.2.0_1 (devel)
GPRbuild automates the construction of multi-language systems

gnu-apl @1.9 (lang)
GNU APL is a free interpreter for the programming language APL.

gnudatalanguage @1.1.3 (math, science)
a free IDL combatible incremental compiler

go @1.25.6 (lang)
compiled, garbage-collected, concurrent programming language developed by Google Inc.

go-1.4 @1.4.3_1 (lang)
compiled, garbage-collected, concurrent programming language developed by Google Inc.

go-devel @1.26rc2 (lang)
compiled, garbage-collected, concurrent programming language developed by Google Inc.

go-mockgen @1.6.0 (devel)
GoMock is a mocking framework for the Go programming language.

go-tools @0.40.0 (devel)
Various packages and tools that support the Go programming language.

golangci-lint @2.7.2 (devel)
Fast linters runner for Go.

golines @0.13.0 (devel)
A golang formatter that fixes long lines

gon @0.2.5 (security, devel, sysutils)
Sign, notarize, and package macOS CLI tools and applications written in any language.

google-ctemplate @0.95 (devel)
A simple but powerful template language for C++

gopls @0.18.1 (devel)
gopls is the official language server for the Go language

gosec @2.22.8 (security)
Golang security checker. Inspects source code for security problems by scanning the Go AST.

gost @2.12.0 (net)
GO Simple Tunnel - a simple tunnel written in golang.

gql @0.42.0 (devel, databases)
Git Query language is an SQL-like language to perform queries on .git files

gradle @9.3.1 (devel, java, groovy)
An open-source build system that is based on the Groovy language

gradle8 @8.14.3 (devel, java, groovy)
An open-source build system that is based on the Groovy language (version 8 for compatibility with older projects)

graphite2 @1.3.14 (graphics)
a “smart font” system for lesser-known languages

gravity @0.8.5 (lang)
Gravity Programming Language

gri @2.12.23_11 (science, graphics)
A scientific graphics programming language

groovy @5.0.4 (lang, java)
Groovy -- a Java-based scripting language

gsoap @2.8.131 (devel)
offers an XML to C/C++ language binding to ease the development of SOAP/XML Web services in C and C/C++

gtree @1.13.2 (sysutils)
Generate directory trees and the directories using Markdown or Programmatically. Provide CLI, Golang library and Web (using WebAssembly).

guile-1.8 @1.8.8_8 (lang)
GNU's Ubiquitous Intelligent Language for Extension (guile)

guile-2.2 @2.2.7_4 (lang)
GNU's Ubiquitous Intelligent Language for Extension (guile)

guile-3.0 @3.0.10_1 (lang)
GNU's Ubiquitous Intelligent Language for Extension (guile)

haskell-language-server @2.13.0.0 (devel, haskell)
Official haskell ide support via language server (LSP).

healpix-c @3.30.0_1 (science)
C language implementation of HEALPix

healpix-cxx @3.82.0 (science)
C++ language implementation of HEALPix

healpix-java @3.31_2016Aug26 (science)
Java language implementation of HEALPix

HORTON @2.0.1_1 (science, python)
HORTON is a quantum chemistry program written primarily in Python language.

hugo @0.155.2 (www)
A Fast and Flexible Static Site Generator built with love in GoLang

hyprlang @0.6.0 (devel)
The hypr configuration language is an extremely efficient, yet easy to work with, configuration language for applications.

ici @4.1.1 (lang)
C-like, high level language

icon @9.5.25a (lang)
The Icon Programming Language

idris2 @0.8.0 (lang)
Purely functional programming language with dependent types

include-what-you-use @0.25 (devel)
A tool for use with clang to analyze #includes in C and C++ source files

Io @2017.09.06_8 (lang)
Io is small prototype-based programming language

irstlm @6.00.05 (textproc, math)
The IRST Language Modeling Toolkit

iso-codes @4.7.0 (devel)
ISO country, language and currency codes and translations

ispc-clang @14.0.6 (lang, parallel)
Clang build specifically for ispc compiler.

ispell @3.4.06 (textproc, spelling)
An interactive spelling checker for multiple languages

ivy @0.4.0 (math)
ivy is an interpreter for an APL-like language.

janet @1.40.1 (lang)
A dynamic language and bytecode vm

jimtcl @0.83 (lang, devel)
Jim is a small footprint implementation of the Tcl programming language written from scratch.

jql @8.0.10 (textproc)
A JSON Query Language CLI tool

jruby @10.0.2.0 (lang, ruby, java)
JRuby is an implementation of the Ruby language using the JVM.

jsonnet @0.21.0 (devel)
The data templating language

jsonnet-language-server @0.16.0 (devel)
A Language Server Protocol (LSP) server for Jsonnet

julia @1.12.4_1 (lang, math, science)
The Julia Language: A fresh approach to technical computing.

kde-l10n-ar @4.14.3 (kde, kde4)
KDE arabic language files.

kde-l10n-bg @4.14.3 (kde, kde4)
KDE bulgarian language files.

kde-l10n-bs @4.14.3 (kde, kde4)
KDE bosnian language files.

kde-l10n-ca @4.14.3 (kde, kde4)
KDE catalan language files.

kde-l10n-ca-valencia @4.14.3 (kde, kde4)
KDE Valencian language files.

kde-l10n-cs @4.14.3 (kde, kde4)
KDE czech language files.

kde-l10n-da @4.14.3 (kde, kde4)
KDE danish language files.

kde-l10n-de @4.14.3 (kde, kde4)
KDE german language files.

kde-l10n-el @4.14.3 (kde, kde4)
KDE greek language files.

kde-l10n-en_GB @4.14.3 (kde, kde4)
KDE uk-english language files.

kde-l10n-es @4.14.3 (kde, kde4)
KDE spanish language files.

kde-l10n-et @4.14.3 (kde, kde4)
KDE estonian language files.

kde-l10n-eu @4.14.3 (kde, kde4)
KDE basque language files.

kde-l10n-fa @4.11.5 (kde, kde4)
KDE persian language files.

kde-l10n-fi @4.14.3 (kde, kde4)
KDE finnish language files.

kde-l10n-fr @4.14.3 (kde, kde4)
KDE french language files.

kde-l10n-ga @4.14.3 (kde, kde4)
KDE irish-gaelic language files.

kde-l10n-gl @4.14.3 (kde, kde4)
KDE galician language files.

kde-l10n-he @4.14.3 (kde, kde4)
KDE hebrew language files.

kde-l10n-hi @4.14.3 (kde, kde4)
KDE hindi language files.

kde-l10n-hr @4.14.3 (kde, kde4)
KDE croatian language files.

kde-l10n-hu @4.14.3 (kde, kde4)
KDE hungarian language files.

kde-l10n-ia @4.14.3 (kde, kde4)
KDE Interlingua language files.

kde-l10n-id @4.8.5 (kde, kde4)
KDE Indonesian language files.

kde-l10n-is @4.14.3 (kde, kde4)
KDE icelandic language files.

kde-l10n-it @4.14.3 (kde, kde4)
KDE italian language files.

kde-l10n-ja @4.14.3 (kde, kde4)
KDE japanese language files.

kde-l10n-kk @4.14.3 (kde, kde4)
KDE kazakh language files.

kde-l10n-km @4.14.3 (kde, kde4)
KDE khmer language files.

kde-l10n-ko @4.14.3 (kde, kde4)
KDE korean language files.

kde-l10n-lt @4.14.3 (kde, kde4)
KDE lithuanian language files.

kde-l10n-lv @4.14.3 (kde, kde4)
KDE latvian language files.

kde-l10n-mr @4.10.5 (kde, kde4)
KDE marathi language files.

kde-l10n-nb @4.14.3 (kde, kde4)
KDE Norwegian Bokmål language files.

kde-l10n-nds @4.14.3 (kde, kde4)
KDE Low Saxon language files.

kde-l10n-nl @4.14.3 (kde, kde4)
KDE Dutch language files.

kde-l10n-nn @4.14.3 (kde, kde4)
KDE Norwegian Nynorsk language files.

kde-l10n-pa @4.14.3 (kde, kde4)
KDE Punjabi language files.

kde-l10n-pl @4.14.3 (kde, kde4)
KDE Polish language files.

kde-l10n-pt @4.14.3 (kde, kde4)
KDE Portuguese language files.

kde-l10n-pt_BR @4.14.3 (kde, kde4)
KDE Brazil Portuguese language files.

kde-l10n-ro @4.14.3 (kde, kde4)
KDE Romanian language files.

kde-l10n-ru @4.14.3 (kde, kde4)
KDE Russian language files.

kde-l10n-si @4.10.5 (kde, kde4)
KDE sinhala language files.

kde-l10n-sk @4.14.3 (kde, kde4)
KDE Slovak language files.

kde-l10n-sl @4.14.3 (kde, kde4)
KDE Slovenian language files.

kde-l10n-sr @4.14.3 (kde, kde4)
KDE Serbian language files.

kde-l10n-sv @4.14.3 (kde, kde4)
KDE Swedish language files.

kde-l10n-tg @4.11.5 (kde, kde4)
KDE tajik language files.

kde-l10n-th @4.10.5 (kde, kde4)
KDE Thai language files.

kde-l10n-tr @4.14.3 (kde, kde4)
KDE Turkish language files.

kde-l10n-ug @4.14.3 (kde, kde4)
KDE Uyghur language files.

kde-l10n-uk @4.14.3 (kde, kde4)
KDE Ukrainian language files.

kde-l10n-vi @4.13.3 (kde, kde4)
KDE vietnamese language files.

kde-l10n-wa @4.14.3 (kde, kde4)
KDE Walloon language files.

kde-l10n-zh_CN @4.14.3 (kde, kde4)
KDE Simplified Chinese language files.

kde-l10n-zh_TW @4.14.3 (kde, kde4)
KDE Traditional Chinese language files.

ki-shell @0.5.2_1 (java)
Kotlin Language Interactive Shell (ki)

kotlin @2.3.0 (lang, java)
Statically typed programming language for the JVM, Android and the browser

kotlin-language-server @1.3.13 (devel, java)
Kotlin code completion, linting and more for any editor/IDE using the Language Server Protocol

ksh @2020.0.0_1 (shells)
the KornShell UNIX shell and programming language (stable version)

ksh-devel @20200125-g43d1853 (shells)
the KornShell UNIX shell and programming language (development version)

LanguageTool @6.6 (aqua, textproc, java)
Proofreading tool for numerous languages

libbert @20131017_3 (devel)
LibBERT is a BERT (Binary ERlang Term) library for C++ and C.

libblocksruntime @0.4.1 (devel)
compiler-rt Blocks runtime library for Clang

libebml @1.4.5 (textproc)
EBML (Extensible Binary Meta Language), sort of binary version of XML.

libKriging @0.8.3_3 (math)
Kriging library for performance and wide language support

liblangtag @0.6.7 (textproc, devel)
an interface library to access tags for identifying languages

libmpdclient @2.22 (audio)
libmpdclient is a stable, documented, asynchronous API library for interfacing MPD in the C, C++ & Objective C languages.

libsbml @5.19.0 (science)
The Systems Biology Markup Language library

libstdcxx_clang_fix @0.0.1_2 (devel)
Install alternate math.h header file for use when using Clang and libstdc++.

libthai @0.1.18 (textproc)
Thai language support library.

libtranslate @0.99_1 (textproc)
A natural language translation library

lightning @1.2_1 (devel)
Generates assembly language code at run-time

log4erl @0.8.6 (erlang, devel)
A logger for erlang.

logtalk @3.97.1 (lang)
Logtalk - Open source object-oriented logic programming language

LORENE @0.0.0~cvs20160908_6 (science)
Langage Objet pour la RElativité NumériquE

ltex-ls @16.0.0 (devel)
LTeX Language Server: LSP language server for LanguageTool with support for LaTeX, Markdown, and others

lua @5.3.6_3 (lang)
powerful, lightweight programming language

lua-language-server @3.17.1 (lua, devel)
A language server that offers Lua language support

lua-lua-gd @1.0 (lua, devel)
an image manipulation library for the Lua Programming Language, based on Thomas Boutell's GD library

lua-luasocket @3.1.0_1 (lua, devel)
Network support for the Lua language

lua50 @5.0.3_2 (lang)
powerful, light-weight programming language

lua51 @5.1.5_9 (lang)
powerful, lightweight programming language

lua51-lua-gd @1.0 (lua, devel)
an image manipulation library for the Lua Programming Language, based on Thomas Boutell's GD library

lua51-luasocket @3.1.0_1 (lua, devel)
Network support for the Lua language

lua52 @5.2.4_7 (lang)
powerful, lightweight programming language

lua52-luasocket @3.1.0_1 (lua, devel)
Network support for the Lua language

lua53 @5.3.6_3 (lang)
powerful, lightweight programming language

lua53-luasocket @3.1.0_1 (lua, devel)
Network support for the Lua language

lua54 @5.4.7 (lang)
powerful, lightweight programming language

lua54-luasocket @3.1.0_1 (lua, devel)
Network support for the Lua language

mactop @2.0.8 (sysutils)
Apple Silicon Monitor Top written in Golang

mallet @2.0.8_1 (math, java)
MAchine Learning for LanguagE Toolkit (MALLET)

Maude @2.7.1 (lang)
high-performance reflective language and system supporting both equational and rewriting logic specification and programming

mawk @1.3.4-20260129 (lang)
mawk is an interpreter for the AWK Programming Language

mercury @22.01.8 (lang)
The Mercury Programming Language

mercury-extras @0.13.1 (lang)
Extra packages for the Mercury Programming Language

minizinc @2.9.4 (devel)
MiniZinc is a free and open-source constraint modeling language.

mksh @R59c (shells)
A free implementation of the Korn Shell programming language

mochiweb @3.2.2 (erlang, www)
MochiWeb is an Erlang library for building lightweight HTTP servers.

modus @0.1.15 (sysutils)
A language for building Docker/OCI container images

mongrel2 @1.12.2 (www)
The Language Agnostic Web Server

mozart @1.4.0_3 (lang)
Mozart-Oz multiparadigms programming language.

mpich-clang @4.3.2 (science, parallel, net)
Message Passing Interface (MPI) Library

mpich-clang10 @4.3.2 (science, parallel, net)
Message Passing Interface (MPI) Library

mpich-clang11 @4.3.2 (science, parallel, net)
Message Passing Interface (MPI) Library

mpich-clang12 @4.3.2 (science, parallel, net)
Message Passing Interface (MPI) Library

mpich-clang13 @4.3.2 (science, parallel, net)
Message Passing Interface (MPI) Library

mpich-clang14 @4.3.2 (science, parallel, net)
Message Passing Interface (MPI) Library

mpich-clang15 @4.3.2 (science, parallel, net)
Message Passing Interface (MPI) Library

mpich-clang16 @4.3.2 (science, parallel, net)
Message Passing Interface (MPI) Library

mpich-clang17 @4.3.2 (science, parallel, net)
Message Passing Interface (MPI) Library

mpich-clang18 @4.3.2 (science, parallel, net)
Message Passing Interface (MPI) Library

mpich-clang19 @4.3.2 (science, parallel, net)
Message Passing Interface (MPI) Library

mpich-clang20 @4.3.2 (science, parallel, net)
Message Passing Interface (MPI) Library

mpich-clang90 @4.3.2 (science, parallel, net)
Message Passing Interface (MPI) Library

naturaldocs @1.52_5 (textproc, devel)
Documentation system for several programming languages

ncarg @6.6.2_35 (science)
language for scientific data processing and visualization

neko @2.3.0 (lang)
high-level dynamically-typed embeddable language

nesc @1.3.4 (lang)
Compiler for the nesC language.

newlisp @10.7.5 (lang)
newLISP is a LISP-like scripting language

nickle @2.97 (math, lang)
Desk calculator language

nim @2.2.6 (lang)
Nim programming language

nqp @2025.05 (lang, devel)
A lightweight Perl 6-like language for virtual machines

nu @0.4.0_3 (devel)
Nu is an interpreted object-oriented lisp-like language written in Objective-C.

nu2 @2.1.2_2 (devel)
Nu is an interpreted object-oriented lisp-like language written in Objective-C.

numbat @1.19.0 (math, lang)
A statically typed programming language for scientific computations with first class support for physical dimensions and units.

nuweb @1.62 (devel, tex, textproc, print)
a literate programming system compatible with any language

ocaml @4.14.1_1 (lang, ocaml)
Compiler and libraries for the OCaml programming language

ocaml-coq-menhirlib @20231231 (ocaml, devel)
Menhir is a LR(1) parser generator for the Objective Caml programming language.

ocaml-dypgen @20120619-1_4 (lang, devel, ocaml)
Self-extensible parsers and lexers for the Objective Caml programming language.

ocaml-menhir @20231231 (ocaml, devel)
Menhir is a LR(1) parser generator for the Objective Caml programming language.

ocaml-menhirLib @20231231 (ocaml, devel)
Menhir is a LR(1) parser generator for the Objective Caml programming language.

ocaml-menhirSdk @20231231 (ocaml, devel)
Menhir is a LR(1) parser generator for the Objective Caml programming language.

octave @10.3.0 (math, science)
a high-level language for numerical computations

odin @0.2026.01 (lang)
Odin programming language

oilshell @0.37.0 (shells)
Oils is our upgrade path from bash to a better language and runtime.

Omega @1.4.2_3 (lang)
An interpreted, functional language with an expressive type system

oorexx @4.0.1_2 (lang)
Open Object Rexx is an interpreter for the Rexx language

openbabel @3.1.1_2 (science, devel, chemistry)
Open Babel is a chemical toolbox designed to speak the many languages of chemical data

openmpi-clang @5.0.7 (science, parallel, net)
Message Passing Interface (MPI) Library

openmpi-clang10 @5.0.7 (science, parallel, net)
Message Passing Interface (MPI) Library

openmpi-clang11 @5.0.7 (science, parallel, net)
Message Passing Interface (MPI) Library

openmpi-clang12 @5.0.7 (science, parallel, net)
Message Passing Interface (MPI) Library

openmpi-clang13 @5.0.7 (science, parallel, net)
Message Passing Interface (MPI) Library

openmpi-clang14 @5.0.7 (science, parallel, net)
Message Passing Interface (MPI) Library

openmpi-clang15 @5.0.7 (science, parallel, net)
Message Passing Interface (MPI) Library

openmpi-clang16 @5.0.7 (science, parallel, net)
Message Passing Interface (MPI) Library

openmpi-clang17 @5.0.7 (science, parallel, net)
Message Passing Interface (MPI) Library

openmpi-clang18 @5.0.7 (science, parallel, net)
Message Passing Interface (MPI) Library

openmpi-clang19 @5.0.7 (science, parallel, net)
Message Passing Interface (MPI) Library

openmpi-clang20 @5.0.7 (science, parallel, net)
Message Passing Interface (MPI) Library

openmpi-clang90 @5.0.7 (science, parallel, net)
Message Passing Interface (MPI) Library

orca @20250416 (audio, lang)
C implementation of the ORCΛ language and terminal livecoding environment.

orz @1.6.2 (archivers)
a high performance, general purpose data compressor written in the crab-lang

osl @1.12.7.0_1 (graphics)
advanced shading language for computer graphics rendering

osmocore @1.3.0_1 (science, comms)
osmocore provides a set of C-language libraries that form the core infrastructure of many Osmocom Open Source Mobile Communications projects.

osmocore-devel @20200121-89c04288_1 (science, comms)
osmocore provides a set of C-language libraries that form the core infrastructure of many Osmocom Open Source Mobile Communications projects.

ossp-ex @1.0.6 (devel)
ISO-C++ style exception handling library for the ISO-C language

ott @0.25_1 (devel)
tool for writing definitions of programming languages

p5-datetime-format-natural @1.240.0 (perl)
DateTime::Format::Natural - Parse informal natural language date/time strings

p5-ffi-platypus-lang-rust @0.170.0 (perl)
FFI::Platypus::Lang::Rust - Documentation and tools for using Platypus with the Rust programming language

p5-glib-object-introspection @0.52.0 (perl)
Glib::Object::Introspection - Dynamically create Perl language bindings

p5-inline @0.870.0 (perl)
Inline - Write Perl Subroutines in Other Programming Languages

p5-lingua-en-tagger @0.310.0 (perl)
Part-of-speech tagger for English natural language processing

p5-lingua-preferred @0.2.4 (perl)
Perl extension to choose a language

p5-lingua-pt-stemmer @0.20.0 (perl)
Portuguese language stemming

p5-pdl @2.100.0 (perl)
Perl Data Language - scientific computing capability for perl

p5-pdl-stats @0.855.0 (perl)
PDL::Stats - a collection of statistics modules in Perl Data Language, with a quick-start guide for non-PDL people.

p5-perl-languageserver @2.6.2 (perl)
Perl::LanguageServer - Language Server and Debug Protocol Adapter for Perl

p5-text-wrapi18n @0.60.0_1 (perl)
Line wrapping module with support for multibyte, fullwidth, and combining characters and languages without whitespaces between words

p5.28-datetime-format-natural @1.240.0 (perl)
DateTime::Format::Natural - Parse informal natural language date/time strings

p5.28-ffi-platypus-lang-rust @0.170.0 (perl)
FFI::Platypus::Lang::Rust - Documentation and tools for using Platypus with the Rust programming language

p5.28-glib-object-introspection @0.52.0 (perl)
Glib::Object::Introspection - Dynamically create Perl language bindings

p5.28-inline @0.870.0 (perl)
Inline - Write Perl Subroutines in Other Programming Languages

p5.28-lingua-en-tagger @0.310.0 (perl)
Part-of-speech tagger for English natural language processing

p5.28-lingua-preferred @0.2.4 (perl)
Perl extension to choose a language

p5.28-lingua-pt-stemmer @0.20.0 (perl)
Portuguese language stemming

p5.28-pdl @2.100.0 (perl)
Perl Data Language - scientific computing capability for perl

p5.28-pdl-stats @0.855.0 (perl)
PDL::Stats - a collection of statistics modules in Perl Data Language, with a quick-start guide for non-PDL people.

p5.28-perl-languageserver @2.6.2 (perl)
Perl::LanguageServer - Language Server and Debug Protocol Adapter for Perl

p5.28-text-wrapi18n @0.60.0_1 (perl)
Line wrapping module with support for multibyte, fullwidth, and combining characters and languages without whitespaces between words

p5.30-datetime-format-natural @1.240.0 (perl)
DateTime::Format::Natural - Parse informal natural language date/time strings

p5.30-ffi-platypus-lang-rust @0.170.0 (perl)
FFI::Platypus::Lang::Rust - Documentation and tools for using Platypus with the Rust programming language

p5.30-glib-object-introspection @0.52.0 (perl)
Glib::Object::Introspection - Dynamically create Perl language bindings

p5.30-inline @0.870.0 (perl)
Inline - Write Perl Subroutines in Other Programming Languages

p5.30-lingua-en-tagger @0.310.0 (perl)
Part-of-speech tagger for English natural language processing

p5.30-lingua-preferred @0.2.4 (perl)
Perl extension to choose a language

p5.30-lingua-pt-stemmer @0.20.0 (perl)
Portuguese language stemming

p5.30-pdl @2.100.0 (perl)
Perl Data Language - scientific computing capability for perl

p5.30-pdl-stats @0.855.0 (perl)
PDL::Stats - a collection of statistics modules in Perl Data Language, with a quick-start guide for non-PDL people.

p5.30-perl-languageserver @2.6.2 (perl)
Perl::LanguageServer - Language Server and Debug Protocol Adapter for Perl

p5.30-text-wrapi18n @0.60.0_1 (perl)
Line wrapping module with support for multibyte, fullwidth, and combining characters and languages without whitespaces between words

p5.32-datetime-format-natural @1.240.0 (perl)
DateTime::Format::Natural - Parse informal natural language date/time strings

p5.32-ffi-platypus-lang-rust @0.170.0 (perl)
FFI::Platypus::Lang::Rust - Documentation and tools for using Platypus with the Rust programming language

p5.32-glib-object-introspection @0.52.0 (perl)
Glib::Object::Introspection - Dynamically create Perl language bindings

p5.32-inline @0.870.0 (perl)
Inline - Write Perl Subroutines in Other Programming Languages

p5.32-lingua-en-tagger @0.310.0 (perl)
Part-of-speech tagger for English natural language processing

p5.32-lingua-preferred @0.2.4 (perl)
Perl extension to choose a language

p5.32-lingua-pt-stemmer @0.20.0 (perl)
Portuguese language stemming

p5.32-pdl @2.100.0 (perl)
Perl Data Language - scientific computing capability for perl

p5.32-pdl-stats @0.855.0 (perl)
PDL::Stats - a collection of statistics modules in Perl Data Language, with a quick-start guide for non-PDL people.

p5.32-perl-languageserver @2.6.2 (perl)
Perl::LanguageServer - Language Server and Debug Protocol Adapter for Perl

p5.32-text-wrapi18n @0.60.0_1 (perl)
Line wrapping module with support for multibyte, fullwidth, and combining characters and languages without whitespaces between words

p5.34-datetime-format-natural @1.240.0 (perl)
DateTime::Format::Natural - Parse informal natural language date/time strings

p5.34-ffi-platypus-lang-rust @0.170.0 (perl)
FFI::Platypus::Lang::Rust - Documentation and tools for using Platypus with the Rust programming language

p5.34-glib-object-introspection @0.52.0 (perl)
Glib::Object::Introspection - Dynamically create Perl language bindings

p5.34-inline @0.870.0 (perl)
Inline - Write Perl Subroutines in Other Programming Languages

p5.34-lingua-en-tagger @0.310.0 (perl)
Part-of-speech tagger for English natural language processing

p5.34-lingua-preferred @0.2.4 (perl)
Perl extension to choose a language

p5.34-lingua-pt-stemmer @0.20.0 (perl)
Portuguese language stemming

p5.34-pdl @2.100.0 (perl)
Perl Data Language - scientific computing capability for perl

p5.34-pdl-stats @0.855.0 (perl)
PDL::Stats - a collection of statistics modules in Perl Data Language, with a quick-start guide for non-PDL people.

p5.34-perl-languageserver @2.6.2 (perl)
Perl::LanguageServer - Language Server and Debug Protocol Adapter for Perl

p5.34-text-wrapi18n @0.60.0_1 (perl)
Line wrapping module with support for multibyte, fullwidth, and combining characters and languages without whitespaces between words

palmkit @1.0.32_3 (audio, textproc, japanese)
Publicly Available Language Modeling toolKIT

Pashua @0.11 (devel)
native macOS dialogs for scripting languages

pdl-cli @2.100.0 (perl)
Command line interface scripts for the Perl Data Language (PDL)

perl5.16 @5.16.3_12 (lang)
Perl 5.16.3 - Practical Extraction and Report Language

perl5.18 @5.18.4_11 (lang)
Perl 5.18.4 - Practical Extraction and Report Language

perl5.20 @5.20.3_10 (lang)
Perl 5.20.3 - Practical Extraction and Report Language

perl5.22 @5.22.4_8 (lang)
Perl 5.22.4 - Practical Extraction and Report Language

perl5.24 @5.24.4_7 (lang)
Perl 5.24.4 - Practical Extraction and Report Language

perl5.26 @5.26.3_7 (lang)
Perl 5.26.3 - Practical Extraction and Report Language

perl5.28 @5.28.3_5 (lang)
Perl 5.28.3 - Practical Extraction and Report Language

perl5.30 @5.30.3_4 (lang)
Perl 5.30.3 - Practical Extraction and Report Language

perl5.32 @5.32.1_3 (lang)
Perl 5.32.1 - Practical Extraction and Report Language

perl5.34 @5.34.3_1 (lang)
Perl 5.34.3 - Practical Extraction and Report Language

perl5.36 @5.36.3_1 (lang)
Perl 5.36.3 - Practical Extraction and Report Language

perl5.38 @5.38.5 (lang)
Perl 5.38.5 - Practical Extraction and Report Language

perl5.40 @5.40.3 (lang)
Perl 5.40.3 - Practical Extraction and Report Language

phobos @2.088.0 (lang)
Runtime library for the D programming language

php-peb @0.20b_1 (php, devel)
PHP-Erlang Bridge

php52-gettext @5.2.17 (php, devel)
a PHP interface to the gettext natural language support functions

php53-gettext @5.3.29 (php, devel)
a PHP interface to the gettext natural language support functions

php53-peb @0.20b_1 (php, devel)
PHP-Erlang Bridge

php54-gettext @5.4.45 (php, devel)
a PHP interface to the gettext natural language support functions

php54-peb @0.20b_1 (php, devel)
PHP-Erlang Bridge

php55-gettext @5.5.38 (php, devel)
a PHP interface to the gettext natural language support functions

php55-peb @0.20b_1 (php, devel)
PHP-Erlang Bridge

php56-gettext @5.6.40 (php, devel)
a PHP interface to the gettext natural language support functions

php56-peb @0.20b_1 (php, devel)
PHP-Erlang Bridge

php70-gettext @7.0.33 (php, devel)
a PHP interface to the gettext natural language support functions

php71-gettext @7.1.33 (php, devel)
a PHP interface to the gettext natural language support functions

php72-gettext @7.2.34 (php, devel)
a PHP interface to the gettext natural language support functions

php73-gettext @7.3.33 (php, devel)
a PHP interface to the gettext natural language support functions

php74-gettext @7.4.33 (php, devel)
a PHP interface to the gettext natural language support functions

php80-gettext @8.0.30 (php, devel)
a PHP interface to the gettext natural language support functions

php81-gettext @8.1.30 (php, devel)
a PHP interface to the gettext natural language support functions

php82-gettext @8.2.24 (php, devel)
a PHP interface to the gettext natural language support functions

php83-gettext @8.3.12 (php, devel)
a PHP interface to the gettext natural language support functions

php84-gettext @8.4.0RC1 (php, devel)
a PHP interface to the gettext natural language support functions

pike @7.6.112_10 (lang)
dynamic programming language

pkl @0.30.0 (lang)
A configuration as code language with rich validation and tooling

please @15.12.0 (devel)
High-performance extensible build system for reproducible multi-language builds

pre-commit @4.5.1 (python, devel)
A framework for managing and maintaining multi-language pre-commit hooks.

processing @3.5.4 (lang)
Flexible software sketchbook and a language for learning how to code within the context of the visual arts.

pulumi @3.216.0 (sysutils, net)
Pulumi - Modern Infrastructure as Code. Any cloud, any language.

pure @0.68_4 (lang)
functional programming language based on term rewriting

pure-audio @0.6 (pure, audio)
a digital audio interface for the Pure programming language

pure-docs @0.68 (pure, lang)
documentation for the Pure programming language

pure-glpk @0.6 (pure, math, lang)
an interface to the GNU Linear Programming Kit (GLPK) for the Pure programming language

pure-midi @0.6 (pure, audio)
a MIDI interface for the Pure programming language

pure-odbc @0.10 (pure, databases)
a simple ODBC interface for the Pure programming language

pure-sql3 @0.5 (pure, databases)
an SQLite interface for the Pure programming language

py-bpemb @0.3.5 (python)
Byte pair embeddings in 275 languages

py-chevron @0.14.0 (python, textproc)
A Python implementation of the mustache templating language

py-cipheycore @0.3.2_3 (python, security)
Some cryptanalysis tidbits written in a proper language

py-clang @14 (python)
Python bindings for clang

py-country @24.6.1 (python)
ISO country, subdivision, language, currency and script definitions and their translations

py-cython @3.2.4 (python, devel)
A language for writing C extension modules for Python.

py-datasets @2.21.0 (python)
Datasets and evaluation metrics for natural language processing and more

py-glad2 @2.0.8 (python, devel)
Multi-Language Vulkan/GL/GLES/EGL/GLX/WGL Loader-Generator based on the official specs

py-graphviz @0.20.3 (python, graphics, devel)
Facilitates the creation and rendering of graph descriptions in the DOT language of the Graphviz graph drawing software from Python

py-healpy @1.16.1 (python, science)
Python language interface for HEALPix

py-hyrule @1.0.1 (python, devel)
A utility library for the Hy programming language

py-jupyter-lsp @2.2.4 (python, devel)
Multi-Language Server WebSocket proxy for Jupyter Notebook/Lab server.

py-kraken @4.2.0 (python)
OCR/HTR engine for all the languages

py-langcodes @3.5.0 (python)
Tools for labeling human languages with IETF language tags

py-langdetect @1.0.9 (python)
Port of Google's language-detection library to Python

py-langid @0.3.0 (python, textproc)
Stand-alone language identification system

py-lsprotocol @2025.0.0 (python)
Python implementation of the Language Server Protocol.

py-mako @1.3.10 (python, www)
A super-fast templating language that borrows the best ideas from the existing templating languages.

py-nltk @3.8.1 (python, textproc)
Natural Language Toolkit

py-nuitka @2.8.9 (python, devel)
Python compiler with full language support and CPython compatibility.

py-numeric @24.2_3 (python, devel, math)
fast numerical array language for python

py-pycparser @2.23 (python, devel)
pycparser is a complete parser of the C language.

py-pyftdi @0.57.1 (python)
PyFtdi aims at providing a user-space driver for popular FTDI devices, implemented in pure Python language.

py-pygls @2.0.1 (python)
Pythonic generic implementation of the Language Server Protocol

py-pygraph-dot @1.8.0 (python)
DOT language support for python-graph

py-pyls-spyder @0.4.0 (python, devel)
Spyder extensions for the python-language-server

py-pyrex @0.9.9 (python, devel)
A language for writing Python extension modules.

py-python-lsp-server @1.14.0 (python, devel)
A Python implementation of the Language Server Protocol

py-selenium @4.38.0 (python)
Python language bindings for Selenium WebDriver

py-simpy @4.1.1_1 (python)
python based simulation language

py-snowballstemmer @3.0.1 (python)
This package provides 23 stemmer algorithms for 22 languages generated from Snowball algorithms.

py-spaCy @3.5.0 (python)
Industrial-strength Natural Language Processing (NLP) with Python and Cython

py-spaCy-models @2.3.2 (python)
Models for the spaCy Natural Language Processing (NLP) library

py-spark @0.6.1_1 (python)
spark is the little language compiler framework for python

py-stone @3.3.9 (python, devel)
The Official Api Spec Language for Dropbox

py-stopwordsiso @0.6.1 (python)
Collection of stopwords for multiple languages. Using ISO 639 1 language code.

py-tempita @0.5.2 (python)
Tempita is a small templating language for text substitution.

py-textx @4.3.0 (python, devel)
Meta-language for DSL implementation inspired by Xtext

py-toml @0.10.2 (python)
Python Library for Tom's Obvious, Minimal Language

py-transformers @4.21.2 (python, textproc)
State-of-the-art Natural Language Processing for TensorFlow 2.0 and PyTorch

py-ufl @2019.1.0 (python, math, science)
Unified Form Language

py-zope-configuration @4.4.0 (python, zope)
Zope Configuration Markup Language (ZCML)

py26-numeric @24.2_3 (python, devel, math)
fast numerical array language for python

py27-cython @3.0.12 (python, devel)
A language for writing C extension modules for Python.

py27-mako @1.1.6 (python, www)
A super-fast templating language that borrows the best ideas from the existing templating languages.

py27-numeric @24.2_3 (python, devel, math)
fast numerical array language for python

py27-pycparser @2.21 (python, devel)
pycparser is a complete parser of the C language.

py27-pygraph-dot @1.8.0 (python)
DOT language support for python-graph

py27-pyrex @0.9.9 (python, devel)
A language for writing Python extension modules.

py27-snowballstemmer @3.0.1 (python)
This package provides 23 stemmer algorithms for 22 languages generated from Snowball algorithms.

py27-spark @0.6.1_1 (python)
spark is the little language compiler framework for python

py27-tempita @0.5.2 (python)
Tempita is a small templating language for text substitution.

py27-toml @0.10.2 (python)
Python Library for Tom's Obvious, Minimal Language

py35-cython @3.0.12 (python, devel)
A language for writing C extension modules for Python.

py35-pycparser @2.21 (python, devel)
pycparser is a complete parser of the C language.

py36-cython @3.0.12 (python, devel)
A language for writing C extension modules for Python.

py36-pycparser @2.21 (python, devel)
pycparser is a complete parser of the C language.

py37-cython @3.0.12 (python, devel)
A language for writing C extension modules for Python.

py38-cython @3.0.12 (python, devel)
A language for writing C extension modules for Python.

py38-snowballstemmer @3.0.1 (python)
This package provides 23 stemmer algorithms for 22 languages generated from Snowball algorithms.

py39-cipheycore @0.3.2_3 (python, security)
Some cryptanalysis tidbits written in a proper language

py39-cython @3.2.4 (python, devel)
A language for writing C extension modules for Python.

py39-graphviz @0.20.3 (python, graphics, devel)
Facilitates the creation and rendering of graph descriptions in the DOT language of the Graphviz graph drawing software from Python

py39-jupyter-lsp @2.2.4 (python, devel)
Multi-Language Server WebSocket proxy for Jupyter Notebook/Lab server.

py39-mako @1.3.10 (python, www)
A super-fast templating language that borrows the best ideas from the existing templating languages.

py39-pycparser @2.23 (python, devel)
pycparser is a complete parser of the C language.

py39-snowballstemmer @3.0.1 (python)
This package provides 23 stemmer algorithms for 22 languages generated from Snowball algorithms.

py39-toml @0.10.2 (python)
Python Library for Tom's Obvious, Minimal Language

py310-bpemb @0.3.5 (python)
Byte pair embeddings in 275 languages

py310-chevron @0.14.0 (python, textproc)
A Python implementation of the mustache templating language

py310-clang @14 (python)
Python bindings for clang

py310-country @24.6.1 (python)
ISO country, subdivision, language, currency and script definitions and their translations

py310-cython @3.2.4 (python, devel)
A language for writing C extension modules for Python.

py310-datasets @2.21.0 (python)
Datasets and evaluation metrics for natural language processing and more

py310-glad2 @2.0.8 (python, devel)
Multi-Language Vulkan/GL/GLES/EGL/GLX/WGL Loader-Generator based on the official specs

py310-graphviz @0.20.3 (python, graphics, devel)
Facilitates the creation and rendering of graph descriptions in the DOT language of the Graphviz graph drawing software from Python

py310-healpy @1.16.1 (python, science)
Python language interface for HEALPix

py310-hyrule @1.0.1 (python, devel)
A utility library for the Hy programming language

py310-jsonnet @0.21.0 (devel, python)
The data templating language

py310-jupyter-lsp @2.2.4 (python, devel)
Multi-Language Server WebSocket proxy for Jupyter Notebook/Lab server.

py310-kraken @4.2.0 (python)
OCR/HTR engine for all the languages

py310-langcodes @3.5.0 (python)
Tools for labeling human languages with IETF language tags

py310-langdetect @1.0.9 (python)
Port of Google's language-detection library to Python

py310-lsprotocol @2025.0.0 (python)
Python implementation of the Language Server Protocol.

py310-mako @1.3.10 (python, www)
A super-fast templating language that borrows the best ideas from the existing templating languages.

py310-nltk @3.8.1 (python, textproc)
Natural Language Toolkit

py310-nuitka @2.8.9 (python, devel)
Python compiler with full language support and CPython compatibility.

py310-pycparser @2.23 (python, devel)
pycparser is a complete parser of the C language.

py310-pyftdi @0.57.1 (python)
PyFtdi aims at providing a user-space driver for popular FTDI devices, implemented in pure Python language.

py310-pygls @2.0.1 (python)
Pythonic generic implementation of the Language Server Protocol

py310-pyls-spyder @0.4.0 (python, devel)
Spyder extensions for the python-language-server

py310-python-lsp-server @1.14.0 (python, devel)
A Python implementation of the Language Server Protocol

py310-selenium @4.38.0 (python)
Python language bindings for Selenium WebDriver

py310-simpy @4.1.1 (python)
python based simulation language

py310-simpy-docs @4.1.1 (python)
python based simulation language

py310-snowballstemmer @3.0.1 (python)
This package provides 23 stemmer algorithms for 22 languages generated from Snowball algorithms.

py310-spaCy @3.5.0 (python)
Industrial-strength Natural Language Processing (NLP) with Python and Cython

py310-spaCy-models @2.3.2 (python)
Models for the spaCy Natural Language Processing (NLP) library

py310-stone @3.3.9 (python, devel)
The Official Api Spec Language for Dropbox

py310-stopwordsiso @0.6.1 (python)
Collection of stopwords for multiple languages. Using ISO 639 1 language code.

py310-tempita @0.5.2 (python)
Tempita is a small templating language for text substitution.

py310-textx @4.3.0 (python, devel)
Meta-language for DSL implementation inspired by Xtext

py310-toml @0.10.2 (python)
Python Library for Tom's Obvious, Minimal Language

py310-transformers @4.21.2 (python, textproc)
State-of-the-art Natural Language Processing for TensorFlow 2.0 and PyTorch

py310-ufl @2019.1.0 (python, math, science)
Unified Form Language

py310-zope-configuration @4.4.0 (python, zope)
Zope Configuration Markup Language (ZCML)

py311-bpemb @0.3.5 (python)
Byte pair embeddings in 275 languages

py311-clang @14 (python)
Python bindings for clang

py311-country @24.6.1 (python)
ISO country, subdivision, language, currency and script definitions and their translations

py311-cython @3.2.4 (python, devel)
A language for writing C extension modules for Python.

py311-datasets @2.21.0 (python)
Datasets and evaluation metrics for natural language processing and more

py311-glad2 @2.0.8 (python, devel)
Multi-Language Vulkan/GL/GLES/EGL/GLX/WGL Loader-Generator based on the official specs

py311-graphviz @0.20.3 (python, graphics, devel)
Facilitates the creation and rendering of graph descriptions in the DOT language of the Graphviz graph drawing software from Python

py311-hyrule @1.0.1 (python, devel)
A utility library for the Hy programming language

py311-jsonnet @0.21.0 (devel, python)
The data templating language

py311-jupyter-lsp @2.2.4 (python, devel)
Multi-Language Server WebSocket proxy for Jupyter Notebook/Lab server.

py311-langcodes @3.5.0 (python)
Tools for labeling human languages with IETF language tags

py311-langdetect @1.0.9 (python)
Port of Google's language-detection library to Python

py311-lsprotocol @2025.0.0 (python)
Python implementation of the Language Server Protocol.

py311-mako @1.3.10 (python, www)
A super-fast templating language that borrows the best ideas from the existing templating languages.

py311-nltk @3.8.1 (python, textproc)
Natural Language Toolkit

py311-nuitka @2.8.9 (python, devel)
Python compiler with full language support and CPython compatibility.

py311-pycparser @2.23 (python, devel)
pycparser is a complete parser of the C language.

py311-pyftdi @0.57.1 (python)
PyFtdi aims at providing a user-space driver for popular FTDI devices, implemented in pure Python language.

py311-pygls @2.0.1 (python)
Pythonic generic implementation of the Language Server Protocol

py311-pyls-spyder @0.4.0 (python, devel)
Spyder extensions for the python-language-server

py311-python-lsp-server @1.14.0 (python, devel)
A Python implementation of the Language Server Protocol

py311-selenium @4.38.0 (python)
Python language bindings for Selenium WebDriver

py311-simpy @4.1.1 (python)
python based simulation language

py311-simpy-docs @4.1.1 (python)
python based simulation language

py311-snowballstemmer @3.0.1 (python)
This package provides 23 stemmer algorithms for 22 languages generated from Snowball algorithms.

py311-stone @3.3.9 (python, devel)
The Official Api Spec Language for Dropbox

py311-textx @4.3.0 (python, devel)
Meta-language for DSL implementation inspired by Xtext

py311-toml @0.10.2 (python)
Python Library for Tom's Obvious, Minimal Language

py311-ufl @2019.1.0 (python, math, science)
Unified Form Language

py312-bpemb @0.3.5 (python)
Byte pair embeddings in 275 languages

py312-clang @14 (python)
Python bindings for clang

py312-country @24.6.1 (python)
ISO country, subdivision, language, currency and script definitions and their translations

py312-cython @3.2.4 (python, devel)
A language for writing C extension modules for Python.

py312-datasets @2.21.0 (python)
Datasets and evaluation metrics for natural language processing and more

py312-glad2 @2.0.8 (python, devel)
Multi-Language Vulkan/GL/GLES/EGL/GLX/WGL Loader-Generator based on the official specs

py312-graphviz @0.20.3 (python, graphics, devel)
Facilitates the creation and rendering of graph descriptions in the DOT language of the Graphviz graph drawing software from Python

py312-healpy @1.16.1 (python, science)
Python language interface for HEALPix

py312-hyrule @1.0.1 (python, devel)
A utility library for the Hy programming language

py312-jsonnet @0.21.0 (devel, python)
The data templating language

py312-jupyter-lsp @2.2.4 (python, devel)
Multi-Language Server WebSocket proxy for Jupyter Notebook/Lab server.

py312-langcodes @3.5.0 (python)
Tools for labeling human languages with IETF language tags

py312-langdetect @1.0.9 (python)
Port of Google's language-detection library to Python

py312-lsprotocol @2025.0.0 (python)
Python implementation of the Language Server Protocol.

py312-mako @1.3.10 (python, www)
A super-fast templating language that borrows the best ideas from the existing templating languages.

py312-nltk @3.8.1 (python, textproc)
Natural Language Toolkit

py312-nuitka @2.8.9 (python, devel)
Python compiler with full language support and CPython compatibility.

py312-pycparser @2.23 (python, devel)
pycparser is a complete parser of the C language.

py312-pyftdi @0.57.1 (python)
PyFtdi aims at providing a user-space driver for popular FTDI devices, implemented in pure Python language.

py312-pygls @2.0.1 (python)
Pythonic generic implementation of the Language Server Protocol

py312-pyls-spyder @0.4.0 (python, devel)
Spyder extensions for the python-language-server

py312-python-lsp-server @1.14.0 (python, devel)
A Python implementation of the Language Server Protocol

py312-selenium @4.38.0 (python)
Python language bindings for Selenium WebDriver

py312-simpy @4.1.1 (python)
python based simulation language

py312-simpy-docs @4.1.1 (python)
python based simulation language

py312-snowballstemmer @3.0.1 (python)
This package provides 23 stemmer algorithms for 22 languages generated from Snowball algorithms.

py312-stone @3.3.9 (python, devel)
The Official Api Spec Language for Dropbox

py312-textx @4.3.0 (python, devel)
Meta-language for DSL implementation inspired by Xtext

py312-toml @0.10.2 (python)
Python Library for Tom's Obvious, Minimal Language

py312-ufl @2019.1.0 (python, math, science)
Unified Form Language

py313-clang @14 (python)
Python bindings for clang

py313-country @24.6.1 (python)
ISO country, subdivision, language, currency and script definitions and their translations

py313-cython @3.2.4 (python, devel)
A language for writing C extension modules for Python.

py313-datasets @2.21.0 (python)
Datasets and evaluation metrics for natural language processing and more

py313-glad2 @2.0.8 (python, devel)
Multi-Language Vulkan/GL/GLES/EGL/GLX/WGL Loader-Generator based on the official specs

py313-graphviz @0.20.3 (python, graphics, devel)
Facilitates the creation and rendering of graph descriptions in the DOT language of the Graphviz graph drawing software from Python

py313-hyrule @1.0.1 (python, devel)
A utility library for the Hy programming language

py313-jsonnet @0.21.0 (devel, python)
The data templating language

py313-jupyter-lsp @2.2.4 (python, devel)
Multi-Language Server WebSocket proxy for Jupyter Notebook/Lab server.

py313-langcodes @3.5.0 (python)
Tools for labeling human languages with IETF language tags

py313-langdetect @1.0.9 (python)
Port of Google's language-detection library to Python

py313-langid @0.3.0 (python, textproc)
Stand-alone language identification system

py313-lsprotocol @2025.0.0 (python)
Python implementation of the Language Server Protocol.

py313-mako @1.3.10 (python, www)
A super-fast templating language that borrows the best ideas from the existing templating languages.

py313-nltk @3.8.1 (python, textproc)
Natural Language Toolkit

py313-nuitka @2.8.9 (python, devel)
Python compiler with full language support and CPython compatibility.

py313-pycparser @2.23 (python, devel)
pycparser is a complete parser of the C language.

py313-pyftdi @0.57.1 (python)
PyFtdi aims at providing a user-space driver for popular FTDI devices, implemented in pure Python language.

py313-pygls @2.0.1 (python)
Pythonic generic implementation of the Language Server Protocol

py313-pyls-spyder @0.4.0 (python, devel)
Spyder extensions for the python-language-server

py313-python-lsp-server @1.14.0 (python, devel)
A Python implementation of the Language Server Protocol

py313-selenium @4.38.0 (python)
Python language bindings for Selenium WebDriver

py313-snowballstemmer @3.0.1 (python)
This package provides 23 stemmer algorithms for 22 languages generated from Snowball algorithms.

py313-stone @3.3.9 (python, devel)
The Official Api Spec Language for Dropbox

py313-textx @4.3.0 (python, devel)
Meta-language for DSL implementation inspired by Xtext

py313-toml @0.10.2 (python)
Python Library for Tom's Obvious, Minimal Language

py314-clang @14 (python)
Python bindings for clang

py314-country @24.6.1 (python)
ISO country, subdivision, language, currency and script definitions and their translations

py314-cython @3.2.4 (python, devel)
A language for writing C extension modules for Python.

py314-graphviz @0.20.3 (python, graphics, devel)
Facilitates the creation and rendering of graph descriptions in the DOT language of the Graphviz graph drawing software from Python

py314-hyrule @1.0.1 (python, devel)
A utility library for the Hy programming language

py314-jupyter-lsp @2.2.4 (python, devel)
Multi-Language Server WebSocket proxy for Jupyter Notebook/Lab server.

py314-lsprotocol @2025.0.0 (python)
Python implementation of the Language Server Protocol.

py314-mako @1.3.10 (python, www)
A super-fast templating language that borrows the best ideas from the existing templating languages.

py314-pycparser @2.23 (python, devel)
pycparser is a complete parser of the C language.

py314-pyftdi @0.57.1 (python)
PyFtdi aims at providing a user-space driver for popular FTDI devices, implemented in pure Python language.

py314-pygls @2.0.1 (python)
Pythonic generic implementation of the Language Server Protocol

py314-pyls-spyder @0.4.0 (python, devel)
Spyder extensions for the python-language-server

py314-python-lsp-server @1.14.0 (python, devel)
A Python implementation of the Language Server Protocol

py314-selenium @4.38.0 (python)
Python language bindings for Selenium WebDriver

py314-snowballstemmer @3.0.1 (python)
This package provides 23 stemmer algorithms for 22 languages generated from Snowball algorithms.

py314-stone @3.3.9 (python, devel)
The Official Api Spec Language for Dropbox

py314-toml @0.10.2 (python)
Python Library for Tom's Obvious, Minimal Language

python-language-server_select @0.1_1 (python)
common files for selecting default pyls version

python26 @2.6.9_7 (lang)
An interpreted, object-oriented programming language

python27 @2.7.18_10 (lang)
An interpreted, object-oriented programming language

python27-bootstrap @2.7.18_10 (lang)
An interpreted, object-oriented programming language

python32 @3.2.6_8 (lang)
An interpreted, object-oriented programming language

python33 @3.3.7_3 (lang)
An interpreted, object-oriented programming language

python34 @3.4.10_10 (lang)
An interpreted, object-oriented programming language

python35 @3.5.10_6 (lang)
An interpreted, object-oriented programming language

python36 @3.6.15_3 (lang)
An interpreted, object-oriented programming language

python37 @3.7.17 (lang)
An interpreted, object-oriented programming language

python38 @3.8.20 (lang)
An interpreted, object-oriented programming language

python39 @3.9.25 (lang)
An interpreted, object-oriented programming language

python310 @3.10.19 (lang)
An interpreted, object-oriented programming language

python311 @3.11.14 (lang)
An interpreted, object-oriented programming language

python312 @3.12.12 (lang)
An interpreted, object-oriented programming language

python313 @3.13.11 (lang)
An interpreted, object-oriented programming language

python313-freethreading @3.13.11 (lang)
An interpreted, object-oriented programming language (free threading)

python314 @3.14.2 (lang)
An interpreted, object-oriented programming language

python314-freethreading @3.14.2 (lang)
An interpreted, object-oriented programming language (free threading)

python315-devel @3.15.0a5 (lang)
An interpreted, object-oriented programming language

python315-freethreading-devel @3.15.0a5 (lang)
An interpreted, object-oriented programming language (free threading)

q @7.11_5 (lang)
extensible scripting language

QiII @1.07_1 (lang)
Qi is a functional programming language developed by Dr Mark Tarver

qore @2.2.0 (lang)
multi-threaded embeddable scripting language

qt6-qtlanguageserver @6.10.2 (aqua)
Tools and Module(s) for Qt Tool Kit 6

qt64-qtlanguageserver @6.4.3 (aqua)
Tools and Module(s) for Qt Tool Kit 6

qt67-qtlanguageserver @6.7.3 (aqua)
Tools and Module(s) for Qt Tool Kit 6

qt68-qtlanguageserver @6.8.3 (aqua)
Tools and Module(s) for Qt Tool Kit 6

qt69-qtlanguageserver @6.9.3 (aqua)
Tools and Module(s) for Qt Tool Kit 6

R @4.5.2 (math, science)
R is GNU S - an interpreted language for statistical computing

R-ascii @2.6_1 (R, science)
Export R objects to several markup languages

R-cld2 @1.2.5 (R, science, devel)
Google Compact Language Detector 2

R-cld3 @1.6.1 (R, science, devel)
Google Compact Language Detector 3

R-CVXR @1.0-15 (R, science, math)
R modelling language for convex optimization problems

R-DALEX @2.4.3_1 (R, science, math)
moDel-Agnostic Language for Exploration and eXplanation

R-deepRstudio @0.0.9_1 (R, science, textproc)
Seamless language translation in RStudio using DeepL API and Rstudioapi

R-docopt @0.7.1_1 (R, science, devel)
Command-line interface specification language

R-gptstudio @0.4.0 (R, science, www)
Use large language models directly in your development environment

R-gtranslate @0.0.1_1 (R, science, textproc)
Translate between different languages

R-kgrams @0.2.1 (R, science, textproc)
Classical k-gram language models

R-languageR @1.5.0_2 (R, science, textproc)
Analyzing Linguistic Data: A Practical Introduction to Statistics

R-NLP @0.3-2 (R, science, textproc)
Natural Language Processing infrastructure

R-rlang @1.1.4 (R, science, devel)
Low-level API for programming with R

R-sylly.de @0.1-2_1 (R, science, textproc)
Language support for R-sylly: German

R-sylly.en @0.1-3_1 (R, science, textproc)
Language support for R-sylly: English

R-sylly.es @0.1-2_1 (R, science, textproc)
Language support for R-sylly: Spanish

R-sylly.fr @0.1-2_1 (R, science, textproc)
Language support for R-sylly: French

R-sylly.ru @0.1-2_1 (R, science, textproc)
Language support for R-sylly: Russian

R-tokenizers @0.3.0_1 (R, science, textproc)
Fast, consistent tokenization of natural language text

R-xslt @1.4.6 (R, science)
Extensible style-sheet language transformations

rabbitmq-c @0.15.0 (net, devel)
a C-language AMQP client library for use with RabbitMQ

rb-chronic @0.10.2 (ruby)
Natural language date/time parser written in pure Ruby

rb-coderay @0.9.8 (ruby)
Fast and easy syntax highlighting for selected languages.

rb-gpgme @2.0.24_2 (ruby, devel, crypto)
Ruby language binding of GPGME

rb-haml @3.0.25_1 (ruby, www)
Haml and Sass: markup languages for HTML and CSS

rb-haml-edge @2.3.251_1 (ruby, www)
Haml and Sass: markup languages for HTML and CSS (bleeding edge)

rb-http-accept @2.2.1 (ruby, www, devel)
Parse Accept and Accept-Language HTTP headers

rb-kwartz @3.2.0 (ruby, textproc)
A fast, clean, multi-language template system

rb-polyglot @0.2.9 (ruby)
Allows custom language loaders for file extensions to be hooked into require

rb-rexml @3.2.6 (ruby, textproc)
XML processor for the language Ruby

rb-rubyinline @3.14.1 (ruby)
Multi-language extension coding within Ruby

rb19-chronic @0.2.3 (ruby)
Natural language date/time parser written in pure Ruby

rb19-haml @4.0.6 (ruby, www)
Haml and Sass: markup languages for HTML and CSS

rb30-rexml @3.2.6 (ruby, textproc)
XML processor for the language Ruby

rb31-chronic @0.10.2 (ruby)
Natural language date/time parser written in pure Ruby

rb31-gpgme @2.0.24_2 (ruby, devel, crypto)
Ruby language binding of GPGME

rb31-http-accept @2.2.1 (ruby, www, devel)
Parse Accept and Accept-Language HTTP headers

rb31-rexml @3.2.6 (ruby, textproc)
XML processor for the language Ruby

rb31-rubyinline @3.14.1 (ruby)
Multi-language extension coding within Ruby

rb32-chronic @0.10.2 (ruby)
Natural language date/time parser written in pure Ruby

rb32-gpgme @2.0.24_2 (ruby, devel, crypto)
Ruby language binding of GPGME

rb32-http-accept @2.2.1 (ruby, www, devel)
Parse Accept and Accept-Language HTTP headers

rb32-rexml @3.2.6 (ruby, textproc)
XML processor for the language Ruby

rb32-rubyinline @3.14.1 (ruby)
Multi-language extension coding within Ruby

rb33-chronic @0.10.2 (ruby)
Natural language date/time parser written in pure Ruby

rb33-gpgme @2.0.24_2 (ruby, devel, crypto)
Ruby language binding of GPGME

rb33-http-accept @2.2.1 (ruby, www, devel)
Parse Accept and Accept-Language HTTP headers

rb33-rubyinline @3.14.1 (ruby)
Multi-language extension coding within Ruby

rebar @2.6.4 (erlang, devel)
Rebar is an Erlang build tool that makes it easy to compile and test Erlang applications, port drivers and releases.

rebar3 @3.24.0 (erlang, devel)
Rebar3 is an Erlang tool that makes it easy to create, develop, and release Erlang libraries, applications, and systems in a repeatable manner.

redland-bindings @1.0.17.1 (www)
Redland RDF Language Bindings

rexx @3.9.6 (lang)
Regina Rexx is an interpreter for the Rexx language

rkward @0.6.5_2 (kde, kde4, math, science)
KDE frontend to the R statistics language

rnnlm @0.4b (textproc)
Recurrent Neural Network Language Modeling Toolkit

rtags @2.38_3 (devel)
A client/server indexer for c/c++/objc[++] with integration for Emacs based on clang

ruby @1.8.7-p374_15 (lang, ruby)
Powerful and clean object-oriented scripting language

ruby-devel @2024.11.16 (lang, ruby)
Powerful and clean object-oriented scripting language

ruby19 @1.9.3-p551_17 (lang, ruby)
Powerful and clean object-oriented scripting language

ruby20 @2.0.0-p648_14 (lang, ruby)
Powerful and clean object-oriented scripting language

ruby21 @2.1.9_15 (lang, ruby)
Powerful and clean object-oriented scripting language

ruby22 @2.2.10_13 (lang, ruby)
Powerful and clean object-oriented scripting language

ruby23 @2.3.8_11 (lang, ruby)
Powerful and clean object-oriented scripting language

ruby24 @2.4.10_9 (lang, ruby)
Powerful and clean object-oriented scripting language

ruby25 @2.5.9_4 (lang, ruby)
Powerful and clean object-oriented scripting language

ruby26 @2.6.10_1 (lang, ruby)
Powerful and clean object-oriented scripting language

ruby27 @2.7.8 (lang, ruby)
Powerful and clean object-oriented scripting language

ruby30 @3.0.7_2 (lang, ruby)
Powerful and clean object-oriented scripting language

ruby31 @3.1.7 (lang, ruby)
Powerful and clean object-oriented scripting language

ruby32 @3.2.10 (lang, ruby)
Powerful and clean object-oriented scripting language

ruby33 @3.3.10 (lang, ruby)
Powerful and clean object-oriented scripting language

ruby34 @3.4.8 (lang, ruby)
Powerful and clean object-oriented scripting language

ruby40 @4.0.1 (lang, ruby)
Powerful and clean object-oriented scripting language

ruby186 @1.8.6-p420_7 (lang, ruby)
Powerful and clean object-oriented scripting language

run @0.3.0 (devel)
Universal multi-language runner and smart REPL written in Rust.

rune @0.13.4 (lang)
An embeddable dynamic programming language for Rust.

rust @1.93.0 (lang, devel)
A safe, concurrent, practical language

rust-bootstrap @1.77.0 (lang, devel)
A safe, concurrent, practical language

rust-bootstrap-10.5 @1.77.0 (lang, devel)
A safe, concurrent, practical language

rust-bootstrap-10.6 @1.77.0 (lang, devel)
A safe, concurrent, practical language

rust-bootstrap-10.7 @1.77.0 (lang, devel)
A safe, concurrent, practical language

rust-bootstrap-transition @1.77.0 (lang, devel)
A safe, concurrent, practical language

rust-src @1.93.0 (lang, devel)
Rust source code for the Rust programming language

scala @3.4 (lang, java)
The Scala Programming Language

scala2.7 @2.7.7_2 (lang, java)
The Scala Programming Language

scala2.8 @2.8.2_2 (lang, java)
The Scala Programming Language

scala2.9 @2.9.3_2 (lang, java)
The Scala Programming Language

scala2.10 @2.10.7_2 (lang, java)
The Scala Programming Language

scala2.11 @2.11.12_2 (lang, java)
The Scala Programming Language

scala2.12 @2.12.20 (lang, java)
The Scala Programming Language

scala2.13 @2.13.16 (lang, java)
The Scala Programming Language

scala3.0 @3.0.2_1 (lang, java)
The Scala Programming Language

scala3.1 @3.1.3_1 (lang, java)
The Scala Programming Language

scala3.2 @3.2.2 (lang, java)
The Scala Programming Language

scala3.3 @3.3.3 (lang, java)
The Scala Programming Language

scala3.4 @3.4.1 (lang, java)
The Scala Programming Language

scald @0.0.4 (devel)
Markup language for generating source code

semgrep @0.14.0 (devel)
Fast and syntax-aware semantic code pattern search for many languages: like grep but for code.

shakespeare @1.2.1 (lang)
Shakespeare programming language

shisho @0.5.2 (devel)
Lightweight static analyzer for several programming languages

SilverCity @0.9.7_2 (devel, python)
SilverCity is a lexing package for over 20 programming and markup langauges.

slang @1.4.9 (lang)
library that includes a powerful scripting language with a C-like syntax

slang2 @2.3.3 (lang, devel)
multi-platform programmer's library

sloccount @2.26 (textproc, devel)
program for counting lines of code in a large number of languages

sniprun @1.3.20 (devel)
A neovim plugin to run lines/blocs of code (independently of the rest of the file), supporting multiples languages

snobol4 @2.3.1 (lang)
SNOBOL4 programming language

solidity @0.8.28 (lang)
Solidity, the Smart Contract Programming Language

spim @9.1.22 (emulators, devel, lang, x11)
an assembly language MIPS R2000/R3000 simulator

spirv-cross @0.48.0 (graphics)
tool for parsing and converting SPIR-V to and from other shader languages

sqlc @1.30.0 (devel, databases)
Generate type-safe Golang code from SQL

squirrel @3.2 (lang)
The Squirrel programming language

stanford-parser @4.2.0 (textproc, java)
a Java implementation of probabilistic natural language parsers

stfl @0.24_2 (devel)
Structured Terminal Forms Language/Library

stklos @1.70 (lang)
free Scheme system supporting most R7RS language features

stklos-devel @1.70-20230307-3bc8d1f9 (lang)
free Scheme system supporting most R7RS language features

strategoxt @0.17 (lang)
Stratego language with the XT bundle.

swig @4.4.1 (devel)
Tool to wrap C/C++ libraries in high-level languages.

swig3 @3.0.12_5 (devel)
Tool to wrap C/C++ libraries in high-level languages.

tcl @8.6.17 (lang)
Tool Command Language

terraform-ls @0.38.3 (devel)
A Terraform language server

tesseract-afr @4.1.0 (textproc, graphics, pdf)
Afrikaans language data for the Tesseract OCR engine

tesseract-amh @4.1.0 (textproc, graphics, pdf)
Amharic language data for the Tesseract OCR engine

tesseract-ara @4.1.0 (textproc, graphics, pdf)
Arabic language data for the Tesseract OCR engine

tesseract-asm @4.1.0 (textproc, graphics, pdf)
Assamese language data for the Tesseract OCR engine

tesseract-aze @4.1.0 (textproc, graphics, pdf)
Azerbaijani language data for the Tesseract OCR engine

tesseract-aze-cyrl @4.1.0 (textproc, graphics, pdf)
Azerbaijani-cyrillic language data for the Tesseract OCR engine

tesseract-bel @4.1.0 (textproc, graphics, pdf)
Belarusian language data for the Tesseract OCR engine

tesseract-ben @4.1.0 (textproc, graphics, pdf)
Bengali language data for the Tesseract OCR engine

tesseract-bod @4.1.0 (textproc, graphics, pdf)
Tibetan language data for the Tesseract OCR engine

tesseract-bos @4.1.0 (textproc, graphics, pdf)
Bosnian language data for the Tesseract OCR engine

tesseract-bul @4.1.0 (textproc, graphics, pdf)
Bulgarian language data for the Tesseract OCR engine

tesseract-cat @4.1.0 (textproc, graphics, pdf)
Catalan language data for the Tesseract OCR engine

tesseract-ceb @4.1.0 (textproc, graphics, pdf)
Cebuano language data for the Tesseract OCR engine

tesseract-ces @4.1.0 (textproc, graphics, pdf)
Czech language data for the Tesseract OCR engine

tesseract-chi-sim @4.1.0 (textproc, graphics, pdf)
Chinese-simple language data for the Tesseract OCR engine

tesseract-chi-tra @4.1.0 (textproc, graphics, pdf)
Chinese-traditional language data for the Tesseract OCR engine

tesseract-chr @4.1.0 (textproc, graphics, pdf)
Cherokee language data for the Tesseract OCR engine

tesseract-cym @4.1.0 (textproc, graphics, pdf)
Welsh language data for the Tesseract OCR engine

tesseract-dan @4.1.0 (textproc, graphics, pdf)
Danish language data for the Tesseract OCR engine

tesseract-deu @4.1.0 (textproc, graphics, pdf)
German language data for the Tesseract OCR engine

tesseract-dzo @4.1.0 (textproc, graphics, pdf)
Dzongkha language data for the Tesseract OCR engine

tesseract-ell @4.1.0 (textproc, graphics, pdf)
Modern language data for the Tesseract OCR engine

tesseract-eng @4.1.0 (textproc, graphics, pdf)
English language data for the Tesseract OCR engine

tesseract-enm @4.1.0 (textproc, graphics, pdf)
Middle language data for the Tesseract OCR engine

tesseract-epo @4.1.0 (textproc, graphics, pdf)
Esperanto language data for the Tesseract OCR engine

tesseract-est @4.1.0 (textproc, graphics, pdf)
Estonian language data for the Tesseract OCR engine

tesseract-eus @4.1.0 (textproc, graphics, pdf)
Basque language data for the Tesseract OCR engine

tesseract-fas @4.1.0 (textproc, graphics, pdf)
Persian language data for the Tesseract OCR engine

tesseract-fin @4.1.0 (textproc, graphics, pdf)
Finnish language data for the Tesseract OCR engine

tesseract-fra @4.1.0 (textproc, graphics, pdf)
French language data for the Tesseract OCR engine

tesseract-frm @4.1.0 (textproc, graphics, pdf)
Middle language data for the Tesseract OCR engine

tesseract-gle @4.1.0 (textproc, graphics, pdf)
Irish language data for the Tesseract OCR engine

tesseract-glg @4.1.0 (textproc, graphics, pdf)
Galician language data for the Tesseract OCR engine

tesseract-grc @4.1.0 (textproc, graphics, pdf)
Ancient language data for the Tesseract OCR engine

tesseract-guj @4.1.0 (textproc, graphics, pdf)
Gujarati language data for the Tesseract OCR engine

tesseract-hat @4.1.0 (textproc, graphics, pdf)
Haitian language data for the Tesseract OCR engine

tesseract-heb @4.1.0 (textproc, graphics, pdf)
Hebrew language data for the Tesseract OCR engine

tesseract-hin @4.1.0 (textproc, graphics, pdf)
Hindi language data for the Tesseract OCR engine

tesseract-hrv @4.1.0 (textproc, graphics, pdf)
Croatian language data for the Tesseract OCR engine

tesseract-hun @4.1.0 (textproc, graphics, pdf)
Hungarian language data for the Tesseract OCR engine

tesseract-iku @4.1.0 (textproc, graphics, pdf)
Inuktitut language data for the Tesseract OCR engine

tesseract-ind @4.1.0 (textproc, graphics, pdf)
Indonesian language data for the Tesseract OCR engine

tesseract-isl @4.1.0 (textproc, graphics, pdf)
Icelandic language data for the Tesseract OCR engine

tesseract-ita @4.1.0 (textproc, graphics, pdf)
Italian language data for the Tesseract OCR engine

tesseract-jav @4.1.0 (textproc, graphics, pdf)
Javanese language data for the Tesseract OCR engine

tesseract-jpn @4.1.0 (textproc, graphics, pdf)
Japanese language data for the Tesseract OCR engine

tesseract-kan @4.1.0 (textproc, graphics, pdf)
Kannada language data for the Tesseract OCR engine

tesseract-kat @4.1.0 (textproc, graphics, pdf)
Georgian language data for the Tesseract OCR engine

tesseract-kaz @4.1.0 (textproc, graphics, pdf)
Kazakh language data for the Tesseract OCR engine

tesseract-khm @4.1.0 (textproc, graphics, pdf)
Central language data for the Tesseract OCR engine

tesseract-kir @4.1.0 (textproc, graphics, pdf)
Kirghiz language data for the Tesseract OCR engine

tesseract-kmr @4.1.0 (textproc, graphics, pdf)
Kurdish language data for the Tesseract OCR engine

tesseract-kor @4.1.0 (textproc, graphics, pdf)
Korean language data for the Tesseract OCR engine

tesseract-kur @4.1.0 (textproc, graphics, pdf)
Kurdish language data for the Tesseract OCR engine

tesseract-lao @4.1.0 (textproc, graphics, pdf)
Lao language data for the Tesseract OCR engine

tesseract-lat @4.1.0 (textproc, graphics, pdf)
Latin language data for the Tesseract OCR engine

tesseract-lav @4.1.0 (textproc, graphics, pdf)
Latvian language data for the Tesseract OCR engine

tesseract-lit @4.1.0 (textproc, graphics, pdf)
Lithuanian language data for the Tesseract OCR engine

tesseract-mal @4.1.0 (textproc, graphics, pdf)
Malayalam language data for the Tesseract OCR engine

tesseract-mar @4.1.0 (textproc, graphics, pdf)
Marathi language data for the Tesseract OCR engine

tesseract-mkd @4.1.0 (textproc, graphics, pdf)
Macedonian language data for the Tesseract OCR engine

tesseract-mlt @4.1.0 (textproc, graphics, pdf)
Maltese language data for the Tesseract OCR engine

tesseract-msa @4.1.0 (textproc, graphics, pdf)
Malay language data for the Tesseract OCR engine

tesseract-mya @4.1.0 (textproc, graphics, pdf)
Burmese language data for the Tesseract OCR engine

tesseract-nep @4.1.0 (textproc, graphics, pdf)
Nepali language data for the Tesseract OCR engine

tesseract-nld @4.1.0 (textproc, graphics, pdf)
Dutch language data for the Tesseract OCR engine

tesseract-nor @4.1.0 (textproc, graphics, pdf)
Norwegian language data for the Tesseract OCR engine

tesseract-ori @4.1.0 (textproc, graphics, pdf)
Odiya language data for the Tesseract OCR engine

tesseract-osd @4.1.0 (textproc, graphics, pdf)
OSD language data for the Tesseract OCR engine

tesseract-pan @4.1.0 (textproc, graphics, pdf)
Panjabi language data for the Tesseract OCR engine

tesseract-pol @4.1.0 (textproc, graphics, pdf)
Polish language data for the Tesseract OCR engine

tesseract-por @4.1.0 (textproc, graphics, pdf)
Portuguese language data for the Tesseract OCR engine

tesseract-pus @4.1.0 (textproc, graphics, pdf)
Pushto language data for the Tesseract OCR engine

tesseract-ron @4.1.0 (textproc, graphics, pdf)
Romanian language data for the Tesseract OCR engine

tesseract-rus @4.1.0 (textproc, graphics, pdf)
Russian language data for the Tesseract OCR engine

tesseract-san @4.1.0 (textproc, graphics, pdf)
Sanskrit language data for the Tesseract OCR engine

tesseract-sin @4.1.0 (textproc, graphics, pdf)
Sinhala language data for the Tesseract OCR engine

tesseract-slk @4.1.0 (textproc, graphics, pdf)
Slovak language data for the Tesseract OCR engine

tesseract-slv @4.1.0 (textproc, graphics, pdf)
Slovenian language data for the Tesseract OCR engine

tesseract-spa @4.1.0 (textproc, graphics, pdf)
Spanish language data for the Tesseract OCR engine

tesseract-sqi @4.1.0 (textproc, graphics, pdf)
Albanian language data for the Tesseract OCR engine

tesseract-srp @4.1.0 (textproc, graphics, pdf)
Serbian language data for the Tesseract OCR engine

tesseract-srp-latn @4.1.0 (textproc, graphics, pdf)
Serbian-latin language data for the Tesseract OCR engine

tesseract-swa @4.1.0 (textproc, graphics, pdf)
Swahili language data for the Tesseract OCR engine

tesseract-swe @4.1.0 (textproc, graphics, pdf)
Swedish language data for the Tesseract OCR engine

tesseract-syr @4.1.0 (textproc, graphics, pdf)
Syriac language data for the Tesseract OCR engine

tesseract-tam @4.1.0 (textproc, graphics, pdf)
Tamil language data for the Tesseract OCR engine

tesseract-tel @4.1.0 (textproc, graphics, pdf)
Telugu language data for the Tesseract OCR engine

tesseract-tgk @4.1.0 (textproc, graphics, pdf)
Tajik language data for the Tesseract OCR engine

tesseract-tgl @4.1.0 (textproc, graphics, pdf)
Tagalog language data for the Tesseract OCR engine

tesseract-tha @4.1.0 (textproc, graphics, pdf)
Thai language data for the Tesseract OCR engine

tesseract-tir @4.1.0 (textproc, graphics, pdf)
Tigrinya language data for the Tesseract OCR engine

tesseract-tur @4.1.0 (textproc, graphics, pdf)
Turkish language data for the Tesseract OCR engine

tesseract-uig @4.1.0 (textproc, graphics, pdf)
Uighur language data for the Tesseract OCR engine

tesseract-ukr @4.1.0 (textproc, graphics, pdf)
Ukrainian language data for the Tesseract OCR engine

tesseract-urd @4.1.0 (textproc, graphics, pdf)
Urdu language data for the Tesseract OCR engine

tesseract-uzb @4.1.0 (textproc, graphics, pdf)
Uzbek language data for the Tesseract OCR engine

tesseract-uzb-cyrl @4.1.0 (textproc, graphics, pdf)
Uzbek-cyrillic language data for the Tesseract OCR engine

tesseract-vie @4.1.0 (textproc, graphics, pdf)
Vietnamese language data for the Tesseract OCR engine

tesseract-yid @4.1.0 (textproc, graphics, pdf)
Yiddish language data for the Tesseract OCR engine

texlab @4.2.1 (tex)
An implementation of the Language Server Protocol for LaTeX

texlive-lang-arabic @74115 (tex)
TeX Live: Arabic

texlive-lang-chinese @74374 (tex)
TeX Live: Chinese

texlive-lang-cjk @73806 (tex)
TeX Live: Chinese/Japanese/Korean (base)

texlive-lang-cyrillic @74203 (tex)
TeX Live: Cyrillic

texlive-lang-czechslovak @73908 (tex)
TeX Live: Czech/Slovak

texlive-lang-english @74022 (tex)
TeX Live: US and UK English

texlive-lang-european @74115 (tex)
TeX Live: Other European languages

texlive-lang-french @74301 (tex)
TeX Live: French

texlive-lang-german @74226 (tex)
TeX Live: German

texlive-lang-greek @74203 (tex)
TeX Live: Greek

texlive-lang-italian @73410 (tex)
TeX Live: Italian

texlive-lang-japanese @74394 (tex)
TeX Live: Japanese

texlive-lang-korean @73884 (tex)
TeX Live: Korean

texlive-lang-other @74032 (tex)
TeX Live: Other languages

texlive-lang-polish @73410 (tex)
TeX Live: Polish

texlive-lang-portuguese @74203 (tex)
TeX Live: Portuguese

texlive-lang-spanish @73410 (tex)
TeX Live: Spanish

thrift @0.20.0 (devel)
framework for scalable cross-language services development

tree-sitter-erlang @0.1.0 (devel)
A tree-sitter parser for Erlang

tree-sitter-go @0.25.0 (devel)
A tree-sitter parser for Golang

tu @0.4.0 (sysutils)
CLI tool to convert a natural language date/time string to UTC

typescript-language-server @4.3.3_1 (devel)
TypeScript & JavaScript Language Server

umbrello @4.14.3_7 (kde, kde4)
Unified Modelling Language (UML) modelling tool and code generator

unison-lang @M2g (lang)
A friendly programming language from the future.

veryl @0.17.1 (lang)
Veryl: A Modern Hardware Description Language

vint @0.3.21_1 (devel, python)
Lint tool for Vim script language

vlang @0.4.3 (lang)
Simple, fast, safe, compiled language for developing maintainable software

wings @0.99.04a (graphics, erlang)
Erlang 3D Modeler

wml @2.0.11_14 (www, lang)
Website META Language

wordnet @3.0_3 (textproc)
Lexical database for the English language

wren @0.4.0 (lang)
Wren is a small, fast, class-based concurrent scripting language.

wren-cli @0.4.0 (lang)
A command line tool for the Wren programming language

xonsh @0.22.3 (shells)
Xonsh is a Python-ish, BASHwards-looking shell language and command prompt.

xotcl @1.6.7_2 (lang)
Extended Object Tool Command Language

yabasic @2.86.7_1 (lang)
yet another basic language

yaws @2.0.6 (www)
Webserver for dynamic content written in Erlang

yodl @3.05.01 (textproc)
Your Own Document Language

yorick @2.2.04_1 (science, yorick)
Interpreted language and scientific graphics

yorick-gl @1.1.0.git20120925 (science, yorick)
OpenGL 3D graphics support for the Yorick language

yorick-imutil @0.5.7 (science, yorick)
Fast image manipulation routines for the Yorick language

yorick-optimpack @1.3.2 (science, yorick)
Optimization of large scale problems for the Yorick language

yorick-soy @1.4.0 (science, yorick)
Sparse matrix operations for the Yorick language

yorick-yutils @1.5.2 (science, yorick)
Various utilities for the Yorick language

yorick-z @1.2.0.git20110402_4 (science, yorick)
zlib, jpeg and png support for the Yorick language

zig @0.15.1_1 (lang)
Zig programming language

zoem @21-341 (lang)
a macro/programming language with stacks

Found 983 ports.
