aquafox @1.0.0 (www)
TenFourFox fork with extra optimizations.

dalfox @2.12.0 (security)
DalFox is an powerful open source XSS scanning tool & parameter analyzer

ffsend @0.2.77 (net)
Easily and securely share files from the command line. A fully featured Firefox Send client.

fox @1.6.59 (x11)
The FOX GUI toolkit

fxscintilla @1.78.0 (x11)
FOX wrapper for the Scintilla source code library

geckodriver @0.30.0 (www)
Gecko (Firefox) driver for Selenium.

mozplugger @1.14.6_1 (www, x11)
Use popular X11 applications as plugins for firefox

py-pyhyphen @4.0.3 (python, textproc)
The hyphenation library of LibreOffice and FireFox wrapped for Python

py312-pyhyphen @4.0.3 (python, textproc)
The hyphenation library of LibreOffice and FireFox wrapped for Python

rb-fxruby @1.6.24 (ruby, x11)
Ruby bindings for the FOX GUI Toolkit.

shadowfox-updater @2.2.0 (www)
An auto-updater for ShadowFox (a dark theme for Firefox).

tenfourfox @FPR32SPR5 (www)
Clone of Firefox, compatible with macOS 10.4+. This version corresponds to the latest released version of tenfourfox.

tenfourfox-devel @20240505-FPR32 (www)
Clone of Firefox, compatible with macOS 10.4+. Tracks latest commit on GitHub.

uagen @1.0.7_1 (mail)
A Firefox-User-Agent generator for Privoxy and Mozilla browsers

Found 14 ports.
