
/dev/rdisk2s1: fsck_hfs started at Tue Apr  8 01:13:27 2025
/dev/rdisk2s1: /dev/rdisk2s1: ** /dev/rdisk2s1 (NO WRITE)
/dev/rdisk2s1:    Executing fsck_hfs (version hfs-583.100.10.700.1).
QUICKCHECK ONLY; FILESYSTEM CLEAN
/dev/rdisk2s1: fsck_hfs completed at Tue Apr  8 01:13:27 2025


/dev/rdisk2s1: fsck_hfs started at Fri Jun 13 14:17:19 2025
/dev/rdisk2s1: /dev/rdisk2s1: ** /dev/rdisk2s1 (NO WRITE)
/dev/rdisk2s1:    Executing fsck_hfs (version hfs-583.100.10.700.1).
QUICKCHECK ONLY; FILESYSTEM CLEAN
/dev/rdisk2s1: fsck_hfs completed at Fri Jun 13 14:17:19 2025


/dev/rdisk3s2: fsck_hfs started at Fri Jun 13 14:19:59 2025
/dev/rdisk3s2: /dev/rdisk3s2: ** /dev/rdisk3s2 (NO WRITE)
/dev/rdisk3s2:    Executing fsck_hfs (version hfs-583.100.10.700.1).
QUICKCHECK ONLY; FILESYSTEM CLEAN
/dev/rdisk3s2: fsck_hfs completed at Fri Jun 13 14:19:59 2025


/dev/rdisk2s1: fsck_hfs started at Fri Jun 13 14:53:35 2025
/dev/rdisk2s1: /dev/rdisk2s1: ** /dev/rdisk2s1 (NO WRITE)
/dev/rdisk2s1:    Executing fsck_hfs (version hfs-583.100.10.700.1).
QUICKCHECK ONLY; FILESYSTEM CLEAN
/dev/rdisk2s1: fsck_hfs completed at Fri Jun 13 14:53:35 2025


/dev/rdisk2s1: fsck_hfs started at Fri Jun 13 14:53:35 2025
/dev/rdisk2s1: /dev/rdisk2s1: ** /dev/rdisk2s1 (NO WRITE)
/dev/rdisk2s1:    Executing fsck_hfs (version hfs-583.100.10.700.1).
QUICKCHECK ONLY; FILESYSTEM CLEAN
/dev/rdisk2s1: fsck_hfs completed at Fri Jun 13 14:53:35 2025


/dev/rdisk2s2: fsck_hfs started at Tue Jul 22 13:26:17 2025
/dev/rdisk2s2: /dev/rdisk2s2: ** /dev/rdisk2s2 (NO WRITE)
/dev/rdisk2s2:    Executing fsck_hfs (version hfs-583.100.10.700.1).
QUICKCHECK ONLY; FILESYSTEM CLEAN
/dev/rdisk2s2: fsck_hfs completed at Tue Jul 22 13:26:18 2025


/dev/rdisk2s3: fsck_hfs started at Wed Aug  6 12:11:18 2025
/dev/rdisk2s3: /dev/rdisk2s3: ** /dev/rdisk2s3 (NO WRITE)
/dev/rdisk2s3:    Executing fsck_hfs (version hfs-583.100.10.700.1).
QUICKCHECK ONLY; FILESYSTEM CLEAN
/dev/rdisk2s3: fsck_hfs completed at Wed Aug  6 12:11:18 2025


/dev/rdisk2s2: fsck_hfs started at Mon Nov 17 13:53:02 2025
/dev/rdisk2s2: /dev/rdisk2s2: ** /dev/rdisk2s2 (NO WRITE)
/dev/rdisk2s2:    Executing fsck_hfs (version hfs-583.100.10.700.1).
QUICKCHECK ONLY; FILESYSTEM CLEAN
/dev/rdisk2s2: fsck_hfs completed at Mon Nov 17 13:53:02 2025


/dev/rdisk2s1: fsck_hfs started at Mon Nov 17 15:04:53 2025
/dev/rdisk2s1: /dev/rdisk2s1: ** /dev/rdisk2s1 (NO WRITE)
/dev/rdisk2s1:    Executing fsck_hfs (version hfs-583.100.10.700.1).
QUICKCHECK ONLY; FILESYSTEM CLEAN
/dev/rdisk2s1: fsck_hfs completed at Mon Nov 17 15:04:53 2025


/dev/rdisk2s1: fsck_hfs started at Mon Nov 17 15:04:53 2025
/dev/rdisk2s1: /dev/rdisk2s1: ** /dev/rdisk2s1 (NO WRITE)
/dev/rdisk2s1:    Executing fsck_hfs (version hfs-583.100.10.700.1).
QUICKCHECK ONLY; FILESYSTEM CLEAN
/dev/rdisk2s1: fsck_hfs completed at Mon Nov 17 15:04:53 2025


/dev/rdisk2s1: fsck_hfs started at Wed Nov 19 11:18:05 2025
/dev/rdisk2s1: /dev/rdisk2s1: ** /dev/rdisk2s1 (NO WRITE)
/dev/rdisk2s1:    Executing fsck_hfs (version hfs-583.100.10.700.1).
QUICKCHECK ONLY; FILESYSTEM CLEAN
/dev/rdisk2s1: fsck_hfs completed at Wed Nov 19 11:18:05 2025


/dev/rdisk2s1: fsck_hfs started at Mon Dec  8 12:36:54 2025
/dev/rdisk2s1: /dev/rdisk2s1: ** /dev/rdisk2s1 (NO WRITE)
/dev/rdisk2s1:    Executing fsck_hfs (version hfs-583.100.10.700.1).
QUICKCHECK ONLY; FILESYSTEM CLEAN
/dev/rdisk2s1: fsck_hfs completed at Mon Dec  8 12:36:54 2025


/dev/rdisk2s1: fsck_hfs started at Mon Dec  8 12:36:54 2025
/dev/rdisk2s1: /dev/rdisk2s1: ** /dev/rdisk2s1 (NO WRITE)
/dev/rdisk2s1:    Executing fsck_hfs (version hfs-583.100.10.700.1).
QUICKCHECK ONLY; FILESYSTEM CLEAN
/dev/rdisk2s1: fsck_hfs completed at Mon Dec  8 12:36:54 2025


/dev/rdisk2s1: fsck_hfs started at Thu Jan 29 16:19:41 2026
/dev/rdisk2s1: /dev/rdisk2s1: ** /dev/rdisk2s1 (NO WRITE)
/dev/rdisk2s1:    Executing fsck_hfs (version hfs-583.100.10.700.1).
QUICKCHECK ONLY; FILESYSTEM CLEAN
/dev/rdisk2s1: fsck_hfs completed at Thu Jan 29 16:19:41 2026


/dev/rdisk3s1: fsck_hfs started at Thu Jan 29 16:20:49 2026
/dev/rdisk3s1: /dev/rdisk3s1: ** /dev/rdisk3s1 (NO WRITE)
/dev/rdisk3s1:    Executing fsck_hfs (version hfs-583.100.10.700.1).
QUICKCHECK ONLY; FILESYSTEM CLEAN
/dev/rdisk3s1: fsck_hfs completed at Thu Jan 29 16:20:49 2026


/dev/rdisk2s2: fsck_hfs started at Thu Jan 29 17:46:57 2026
/dev/rdisk2s2: /dev/rdisk2s2: ** /dev/rdisk2s2 (NO WRITE)
/dev/rdisk2s2:    Executing fsck_hfs (version hfs-583.100.10.700.1).
QUICKCHECK ONLY; FILESYSTEM CLEAN
/dev/rdisk2s2: fsck_hfs completed at Thu Jan 29 17:46:57 2026


/dev/rdisk2s2: fsck_hfs started at Thu Jan 29 17:53:08 2026
/dev/rdisk2s2: /dev/rdisk2s2: ** /dev/rdisk2s2 (NO WRITE)
/dev/rdisk2s2:    Executing fsck_hfs (version hfs-583.100.10.700.1).
QUICKCHECK ONLY; FILESYSTEM CLEAN
/dev/rdisk2s2: fsck_hfs completed at Thu Jan 29 17:53:08 2026


/dev/rdisk2s2: fsck_hfs started at Tue Feb 10 15:24:36 2026
/dev/rdisk2s2: /dev/rdisk2s2: ** /dev/rdisk2s2 (NO WRITE)
/dev/rdisk2s2:    Executing fsck_hfs (version hfs-583.100.10.700.1).
QUICKCHECK ONLY; FILESYSTEM CLEAN
/dev/rdisk2s2: fsck_hfs completed at Tue Feb 10 15:24:36 2026


/dev/rdisk2s2: fsck_hfs started at Sat Feb 14 10:52:09 2026
/dev/rdisk2s2: /dev/rdisk2s2: ** /dev/rdisk2s2 (NO WRITE)
/dev/rdisk2s2:    Executing fsck_hfs (version hfs-583.100.10.700.1).
QUICKCHECK ONLY; FILESYSTEM CLEAN
/dev/rdisk2s2: fsck_hfs completed at Sat Feb 14 10:52:09 2026


/dev/rdisk2s2: fsck_hfs started at Sat Feb 14 10:52:14 2026
/dev/rdisk2s2: /dev/rdisk2s2: ** /dev/rdisk2s2 (NO WRITE)
/dev/rdisk2s2:    Executing fsck_hfs (version hfs-583.100.10.700.1).
QUICKCHECK ONLY; FILESYSTEM CLEAN
/dev/rdisk2s2: fsck_hfs completed at Sat Feb 14 10:52:14 2026


/dev/rdisk2s1: fsck_hfs started at Wed Mar  4 22:44:52 2026
/dev/rdisk2s1: /dev/rdisk2s1: ** /dev/rdisk2s1 (NO WRITE)
/dev/rdisk2s1:    Executing fsck_hfs (version hfs-583.100.10.700.1).
QUICKCHECK ONLY; FILESYSTEM CLEAN
/dev/rdisk2s1: fsck_hfs completed at Wed Mar  4 22:44:52 2026


/dev/rdisk2s1: fsck_hfs started at Wed Mar  4 22:44:52 2026
/dev/rdisk2s1: /dev/rdisk2s1: ** /dev/rdisk2s1 (NO WRITE)
/dev/rdisk2s1:    Executing fsck_hfs (version hfs-583.100.10.700.1).
QUICKCHECK ONLY; FILESYSTEM CLEAN
/dev/rdisk2s1: fsck_hfs completed at Wed Mar  4 22:44:52 2026


/dev/rdisk2s1: fsck_hfs started at Thu Mar 26 13:49:13 2026
/dev/rdisk2s1: /dev/rdisk2s1: ** /dev/rdisk2s1 (NO WRITE)
/dev/rdisk2s1:    Executing fsck_hfs (version hfs-583.100.10.700.1).
QUICKCHECK ONLY; FILESYSTEM CLEAN
/dev/rdisk2s1: fsck_hfs completed at Thu Mar 26 13:49:13 2026


/dev/rdisk2s1: fsck_hfs started at Thu Mar 26 13:49:13 2026
/dev/rdisk2s1: /dev/rdisk2s1: ** /dev/rdisk2s1 (NO WRITE)
/dev/rdisk2s1:    Executing fsck_hfs (version hfs-583.100.10.700.1).
QUICKCHECK ONLY; FILESYSTEM CLEAN
/dev/rdisk2s1: fsck_hfs completed at Thu Mar 26 13:49:13 2026


/dev/rdisk2s2: fsck_hfs started at Thu Apr 23 11:14:35 2026
/dev/rdisk2s2: /dev/rdisk2s2: ** /dev/rdisk2s2 (NO WRITE)
/dev/rdisk2s2:    Executing fsck_hfs (version hfs-583.100.10.700.1).
QUICKCHECK ONLY; FILESYSTEM CLEAN
/dev/rdisk2s2: fsck_hfs completed at Thu Apr 23 11:14:35 2026


/dev/rdisk2s2: fsck_hfs started at Thu Apr 23 11:14:35 2026
/dev/rdisk2s2: /dev/rdisk2s2: ** /dev/rdisk2s2 (NO WRITE)
/dev/rdisk2s2:    Executing fsck_hfs (version hfs-583.100.10.700.1).
QUICKCHECK ONLY; FILESYSTEM CLEAN
/dev/rdisk2s2: fsck_hfs completed at Thu Apr 23 11:14:35 2026


/dev/rdisk2s2: fsck_hfs started at Sat Apr 25 00:24:20 2026
/dev/rdisk2s2: /dev/rdisk2s2: ** /dev/rdisk2s2 (NO WRITE)
/dev/rdisk2s2:    Executing fsck_hfs (version hfs-583.100.10.700.1).
QUICKCHECK ONLY; FILESYSTEM CLEAN
/dev/rdisk2s2: fsck_hfs completed at Sat Apr 25 00:24:20 2026


/dev/rdisk2s1: fsck_hfs started at Wed May  6 17:04:33 2026
/dev/rdisk2s1: /dev/rdisk2s1: ** /dev/rdisk2s1 (NO WRITE)
/dev/rdisk2s1:    Executing fsck_hfs (version hfs-583.100.10.700.1).
QUICKCHECK ONLY; FILESYSTEM CLEAN
/dev/rdisk2s1: fsck_hfs completed at Wed May  6 17:04:33 2026


/dev/rdisk2s1: fsck_hfs started at Wed May  6 17:04:33 2026
/dev/rdisk2s1: /dev/rdisk2s1: ** /dev/rdisk2s1 (NO WRITE)
/dev/rdisk2s1:    Executing fsck_hfs (version hfs-583.100.10.700.1).
QUICKCHECK ONLY; FILESYSTEM CLEAN
/dev/rdisk2s1: fsck_hfs completed at Wed May  6 17:04:33 2026

