TERM_PROGRAM=Apple_Terminal
TERM=xterm-256color
SHELL=/bin/bash
TMPDIR=/var/folders/wp/f6srgbb54x16r_d6bddv90mr0000gn/T/
CONDA_SHLVL=1
LIBRARY_PATH=:/opt/local/lib
CONDA_PROMPT_MODIFIER=(base) 
TERM_PROGRAM_VERSION=445.1
TERM_SESSION_ID=CE1C486B-B64C-429B-955B-1949EA4F11B9
_CONDA_EXE=/Users/maxieds/miniconda3/bin/conda
USER=maxieds
CONDA_EXE=/Users/maxieds/miniconda3/bin/conda
SSH_AUTH_SOCK=/private/tmp/com.apple.launchd.JjR1qO8KO6/Listeners
_CE_CONDA=
PATH=/Users/maxieds/miniconda3/bin:/Users/maxieds/miniconda3/condabin:/opt/local/lib:/opt/local/bin:/usr/local/bin:/usr/bin:/bin:/usr/sbin:/sbin:/Library/Apple/usr/bin
LaunchInstanceID=9729D518-6D1D-46C0-9EFF-6324F7CDE5B3
CONDA_PREFIX=/Users/maxieds/miniconda3
__CFBundleIdentifier=com.apple.Terminal
PWD=/Users/maxieds/psycho-boy-nonfiction-book
LANG=en_US.UTF-8
XPC_FLAGS=0x0
_CONDA_ROOT=/Users/maxieds/miniconda3
_CE_M=
XPC_SERVICE_NAME=0
HOME=/Users/maxieds
SHLVL=1
CONDA_PYTHON_EXE=/Users/maxieds/miniconda3/bin/python
LOGNAME=maxieds
CONDA_DEFAULT_ENV=base
SECURITYSESSIONID=186a5
_=/usr/bin/env
